02-13 13:19:31.179446   669   669 I VoLTE REG: *Reg[3] = unknown --> Disconnect , cause = 7, owner = 0 (module/volte//volte_stack/src/reg/reg.c:1697) (module/volte//volte_stack/src/reg/reg.c:1283)
02-13 13:19:31.179466   669   669 I VoLTE_Auto_Testing: [0][reg] state/3/0/5/7
02-13 13:19:31.179519   669   669 I VoLTE REG: Init the Reg[4] (module/volte//volte_stack/src/reg/reg.c:2030)
02-13 13:19:31.179570   669   669 I VoLTE REG: *Reg[4] = unknown --> Disconnect , cause = 7, owner = 0 (module/volte//volte_stack/src/reg/reg.c:1697) (module/volte//volte_stack/src/reg/reg.c:1283)
02-13 13:19:31.179587   669   669 I VoLTE_Auto_Testing: [0][reg] state/4/0/5/7
02-13 13:19:31.179674   669   669 I VoLTE REG: Init the Reg[5] (module/volte//volte_stack/src/reg/reg.c:2030)
02-13 13:19:31.179759   669   669 I VoLTE REG: *Reg[5] = unknown --> Disconnect , cause = 7, owner = 0 (module/volte//volte_stack/src/reg/reg.c:1697) (module/volte//volte_stack/src/reg/reg.c:1283)
02-13 13:19:31.179779   669   669 I VoLTE_Auto_Testing: [0][reg] state/5/0/5/7
02-13 13:19:31.182315   673   721 I VoLTE IF_CH: Max connection is 1, name = volte_ua (module/volte//volte_core/src/os/api_channel.c:438)
02-13 13:19:31.214257   496   496 D HWUIExtension: 3 Program id 12, key 0x0002000000000001, offset 33563, binaryLength 11565 within 72530ns
02-13 13:19:31.218161   677   677 I VoLTE IF_CH: client open stream socket , name = volte_ua, retry -200 times (module/volte//volte_core/src/os/api_channel.c:221)
02-13 13:19:31.218550   673   721 I VoLTE IF_CH: Connection from 0.0.0.0:0 [name:volte_ua, fd:11, idx:0] (module/volte//volte_core/src/os/api_channel.c:529)
02-13 13:19:31.222934   496   496 D HWUIExtension: 4 Program id 15, key 0x0002000000000003, offset 45128, binaryLength 11283 within 8535ns
02-13 13:19:31.233036   677   677 I VoLTE IF_CH: ** channel create (0xf2298da0) (14) (module/volte//volte_core/src/os/api_channel.c:306)
02-13 13:19:31.233139   677   677 I VoLTE IMCB-CM: Send the init event to UA, max_acct=6 #54
02-13 13:19:31.233214   677   677 I VoLTE IMCB-CM: Connect to the UA, wait reg event (type 1) #217
02-13 13:19:31.233387   673   721 E VoLTE IF_SERVICE: volte_service_server_read, data = 0xefa11890, channel = 0xf03445c0, type = 0, callback is NULL (module/volte//volte_core/src/interface/volte_service.c:188)
02-13 13:19:31.233582   673   721 I VoLTE Service: UA account num = 6 (module/volte//volte_ua/src/service/service.c:108)
02-13 13:19:31.233627   677   677 I VoLTE IMCB-CM: socket opened, fd = 17!! #122
02-13 13:19:31.233635   673   721 E VoLTE UA: Stack channel is created (module/volte//volte_ua/src/service/message.c:609)
02-13 13:19:31.233720   673   721 I VoLTE Service: VoLTE Service is ready (module/volte//volte_ua/src/service/service.c:124)
02-13 13:19:31.234310   669   709 I VoLTE REG: Reg[0] owner = 00000001 (module/volte//volte_stack/src/reg/reg.c:9243)
02-13 13:19:31.234400   669   709 I VoLTE REG: Reg[1] owner = 00000001 (module/volte//volte_stack/src/reg/reg.c:9243)
02-13 13:19:31.234418   669   709 I VoLTE REG: Reg[2] owner = 00000001 (module/volte//volte_stack/src/reg/reg.c:9243)
02-13 13:19:31.234434   669   709 I VoLTE REG: Reg[3] owner = 00000001 (module/volte//volte_stack/src/reg/reg.c:9243)
02-13 13:19:31.234452   669   709 I VoLTE REG: Reg[4] owner = 00000001 (module/volte//volte_stack/src/reg/reg.c:9243)
02-13 13:19:31.234467   669   709 I VoLTE REG: Reg[5] owner = 00000001 (module/volte//volte_stack/src/reg/reg.c:9243)
02-13 13:19:31.236865   677   677 I VoLTE IMCB-1: {{{{imcb main start ... (NDK build 20161209)/2018/12/18 17:25:49 GMT +08:00/MOLY.LR12A.R2.MP.V60 main()@0#481
02-13 13:19:31.236865   677   677 I VoLTE IMCB-1: [process_msg] msg_id=101602(0x00018CE2), dst=IMSA1[5], IMCB_IMC_HEADER_FILE_VERNO=6c, MSG_ID_IMC_IN_BEGIN=100000, IMC_FEATURE_BITMAP=0x3 process_msg()@0#187
02-13 13:19:31.236865   677   677 I VoLTE IMCB-1: connection status change for module 5 as error_num 0 imcb_imcb_comm_error_handler()@0#797
02-13 13:19:31.236865   677   677 I VoLTE IMCB-1: ENTER imcb_send_multiple_imc_va_connect_req()@0#3073
02-13 13:19:31.236865   677   677 I VoLTE IMCB-1: ENTER imcb_send_imc_va_connect_req()@0#3056
02-13 13:19:31.236865   677   677 I VoLTE IMCB-1: Pure Mesage Send dest=IMCB[2], msg_id=100003(0x000186A3), len=3456, IMCB_IMC_HEADER_FILE_VERNO=6c, MSG_ID_IMC_IN_BEGIN=100000, IMC_FEATURE_BITMAP=0x3 imcb_send_to_COMM()@0#248
02-13 13:19:31.236865   677   677 I VoLTE IMCB-1: ENTER imcb_send_imc_va_connect_req()@1#3056}}}}
02-13 13:19:31.237433   677   677 I VoLTE IMCB-1: {{{{Pure Mesage Send dest=IMCB[2], msg_id=100003(0x000186A3), len=3456, IMCB_IMC_HEADER_FILE_VERNO=6c, MSG_ID_IMC_IN_BEGIN=100000, IMC_FEATURE_BITMAP=0x3 imcb_send_to_COMM()@1#248
02-13 13:19:31.237433   677   677 I VoLTE IMCB-1: ENTER imcb_send_imc_va_connect_req()@2#3056
02-13 13:19:31.237433   677   677 I VoLTE IMCB-1: Pure Mesage Send dest=IMCB[2], msg_id=100003(0x000186A3), len=3456, IMCB_IMC_HEADER_FILE_VERNO=6c, MSG_ID_IMC_IN_BEGIN=100000, IMC_FEATURE_BITMAP=0x3 imcb_send_to_COMM()@2#248
02-13 13:19:31.237433   677   677 I VoLTE IMCB-1: ENTER imcb_send_multiple_imc_imsa_connect_req()@0#3041
02-13 13:19:31.237433   677   677 I VoLTE IMCB-1: ENTER imcb_send_imc_imsa_connect_req()@0#3025
02-13 13:19:31.237433   677   677 I VoLTE IMCB-1: imcb_verno:0x6c imcb_set_imsa_connect_req_to_imc_para()@0#871
02-13 13:19:31.237433   677   677 I VoLTE IMCB-1: Pure Mesage Send dest=IMCB[2], msg_id=100003(0x000186A3), len=3456, IMCB_IMC_HEADER_FILE_VERNO=6c, MSG_ID_IMC_IN_BEGIN=100000, IMC_FEATURE_BITMAP=0x3 imcb_send_to_COMM()@0#248
02-13 13:19:31.237433   677   677 I VoLTE IMCB-1: ENTER imcb_send_imc_imsa_connect_req()@1#3025}}}}
02-13 13:19:31.237772   677   677 I VoLTE IMCB-0: {{{{imcb_verno:0x6c imcb_set_imsa_connect_req_to_imc_para()@1#871
02-13 13:19:31.237772   677   677 I VoLTE IMCB-0: Pure Mesage Send dest=IMCB[2], msg_id=100003(0x000186A3), len=3456, IMCB_IMC_HEADER_FILE_VERNO=6c, MSG_ID_IMC_IN_BEGIN=100000, IMC_FEATURE_BITMAP=0x3 imcb_send_to_COMM()@1#248
02-13 13:19:31.237772   677   677 I VoLTE IMCB-0: ENTER imcb_send_imc_imsa_connect_req()@2#3025
02-13 13:19:31.237772   677   677 I VoLTE IMCB-0: imcb_verno:0x6c imcb_set_imsa_connect_req_to_imc_para()@2#871
02-13 13:19:31.237772   677   677 I VoLTE IMCB-0: Pure Mesage Send dest=IMCB[2], msg_id=100003(0x000186A3), len=3456, IMCB_IMC_HEADER_FILE_VERNO=6c, MSG_ID_IMC_IN_BEGIN=100000, IMC_FEATURE_BITMAP=0x3 imcb_send_to_COMM()@2#248
02-13 13:19:31.237772   677   677 I VoLTE IMCB-0: ENTER imcb_send_multiple_imc_va_connect_req()@0#3073
02-13 13:19:31.237772   677   677 I VoLTE IMCB-0: ENTER imcb_send_imc_va_connect_req()@0#3056}}}}
02-13 13:19:31.238138   677   677 I VoLTE IMCB: {{{{Pure Mesage Send dest=IMCB[2], msg_id=100003(0x000186A3), len=3456, IMCB_IMC_HEADER_FILE_VERNO=6c, MSG_ID_IMC_IN_BEGIN=100000, IMC_FEATURE_BITMAP=0x3 imcb_send_to_COMM()@0#248
02-13 13:19:31.238138   677   677 I VoLTE IMCB: ENTER imcb_send_imc_va_connect_req()@1#3056
02-13 13:19:31.238138   677   677 I VoLTE IMCB: Pure Mesage Send dest=IMCB[2], msg_id=100003(0x000186A3), len=3456, IMCB_IMC_HEADER_FILE_VERNO=6c, MSG_ID_IMC_IN_BEGIN=100000, IMC_FEATURE_BITMAP=0x3 imcb_send_to_COMM()@1#248
02-13 13:19:31.238138   677   677 I VoLTE IMCB: ENTER imcb_send_imc_va_connect_req()@2#3056
02-13 13:19:31.238138   677   677 I VoLTE IMCB: Pure Mesage Send dest=IMCB[2], msg_id=100003(0x000186A3), len=3456, IMCB_IMC_HEADER_FILE_VERNO=6c, MSG_ID_IMC_IN_BEGIN=100000, IMC_FEATURE_BITMAP=0x3 imcb_send_to_COMM()@2#248
02-13 13:19:31.238138   677   677 I VoLTE IMCB: EndofMessage process_msg()@0#236}}}}
02-13 13:19:31.238326   677   677 I VoLTE IMCB: {{{{[process_msg] msg_id=101602(0x00018CE2), dst=IMCB[2], IMCB_IMC_HEADER_FILE_VERNO=6c, MSG_ID_IMC_IN_BEGIN=100000, IMC_FEATURE_BITMAP=0x3 @0#187
02-13 13:19:31.238326   677   677 I VoLTE IMCB: connection status change for module 2 as error_num 0 imcb_imcb_comm_error_handler()@0#797
02-13 13:19:31.238326   677   677 I VoLTE IMCB: connection status for modudle 2 @0#820
02-13 13:19:31.238326   677   677 I VoLTE IMCB: EndofMessage process_msg()@0#236}}}}
02-13 13:19:31.239864   496   496 D HWUIExtension: 5 Program id 18, key 0x0002000000500041, offset 56411, binaryLength 11883 within 16793ns
02-13 13:19:31.245453   677   722 I VoLTE IMCB-CM: Receive VOLTE_IND_REG_STATE, id = 5, and cause is VoLTE_Event_Reg_Cause_Channel_Bind #94
02-13 13:19:31.245541   677   677 I VoLTE IMCB: {{{{[process_msg] msg_id=20002(0x00004E22), dst=UA[3], IMCB_IMC_HEADER_FILE_VERNO=6c, MSG_ID_IMC_IN_BEGIN=100000, IMC_FEATURE_BITMAP=0x3 @0#187
02-13 13:19:31.245541   677   677 I VoLTE IMCB: EndofMessage @0#236}}}}
02-13 13:19:31.247081   496   496 D HWUIExtension: 6 Program id 21, key 0x0000001000000000, offset 68294, binaryLength 11105 within 7087ns
02-13 13:19:31.248146   677   723 I VoLTE IMCB-CM: receive the nessage from IMC #72
02-13 13:19:31.250470   677   677 I VoLTE IMCB-0: {{{{[process_msg] msg_id=100008(0x000186A8), dst=IMCB[2], IMCB_IMC_HEADER_FILE_VERNO=6c, MSG_ID_IMC_IN_BEGIN=100000, IMC_FEATURE_BITMAP=0x3 @0#187
02-13 13:19:31.250470   677   677 I VoLTE IMCB-0: ENTER imcb_imc_ims_init_ind_handler()@0#3890
02-13 13:19:31.250470   677   677 I VoLTE IMCB-0: ENTER imcb_initial_sim()@0#770
02-13 13:19:31.250470   677   677 I VoLTE IMCB-0: ENTER imcb_send_imc_ims_reg_state_req()@0#2392
02-13 13:19:31.250470   677   677 I VoLTE IMCB-0: error ua rat type = 0 imcb_rat_conv_to_imc()@0#85
02-13 13:19:31.250470   677   677 I VoLTE IMCB-0: acct_id:0, reg_state:0, cause:0, sip_cause:0, retry_after:0 imcb_set_ims_reg_state_req_to_imc_para()@0#203
02-13 13:19:31.250470   677   677 I VoLTE IMCB-0: Pure Mesage Send dest=IMCB[2], msg_id=100003(0x000186A3), len=3456, IMCB_IMC_HEADER_FILE_VERNO=6c, MSG_ID_IMC_IN_BEGIN=100000, IMC_FEATURE_BITMAP=0x3 imcb_send_to_COMM()@0#248
02-13 13:19:31.250470   677   677 I VoLTE IMCB-0: ENTER imcb_send_imc_ims_reg_state_req()@0#2392
02-13 13:19:31.250470   677   677 I VoLTE IMCB-0: error ua rat type = 0 imcb_rat_conv_to_imc()@0#85}}}}
02-13 13:19:31.250771   677   677 I VoLTE IMCB: {{{{acct_id:1, reg_state:0, cause:0, sip_cause:0, retry_after:0 imcb_set_ims_reg_state_req_to_imc_para()@0#203
02-13 13:19:31.250771   677   677 I VoLTE IMCB: Pure Mesage Send dest=IMCB[2], msg_id=100003(0x000186A3), len=3456, IMCB_IMC_HEADER_FILE_VERNO=6c, MSG_ID_IMC_IN_BEGIN=100000, IMC_FEATURE_BITMAP=0x3 imcb_send_to_COMM()@0#248
02-13 13:19:31.250771   677   677 I VoLTE IMCB: sim:0 initiated ! imcb_initial_sim()@0#779
02-13 13:19:31.250771   677   677 I VoLTE IMCB: EndofMessage process_msg()@0#236}}}}
02-13 13:19:31.251032   677   723 I VoLTE IMCB-CM: receive the nessage from IMC #72
02-13 13:19:31.252728   677   677 I VoLTE IMCB: {{{{[process_msg] msg_id=100014(0x000186AE), dst=IMCB[2], IMCB_IMC_HEADER_FILE_VERNO=6c, MSG_ID_IMC_IN_BEGIN=100000, IMC_FEATURE_BITMAP=0x3 @0#187
02-13 13:19:31.252728   677   677 I VoLTE IMCB: ENTER imcb_imc_sim_query_ind_handler()@0#5241
02-13 13:19:31.252728   677   677 I VoLTE IMCB: Pure Mesage Send dest=IMSA1[5], msg_id=100508(0x0001889C), len=4, IMCB_IMC_HEADER_FILE_VERNO=6c, MSG_ID_IMC_IN_BEGIN=100000, IMC_FEATURE_BITMAP=0x3 imcb_send_to_COMM()@0#248
02-13 13:19:31.252728   677   677 I VoLTE IMCB: EndofMessage process_msg()@0#236}}}}
02-13 13:19:31.252780   668   711 I VoLTE IMSMx: IMCB -> IMSM : [0] SIM_QUERY_IND
02-13 13:19:31.253098   668   683 D VoLTE IMSM: ===> event queue = 0xeed1a000, sim_id = 0, request_id = 100508 (module/mdagent/volte_imsm_93/src/imsm_handler.c:5177)
02-13 13:19:31.253217   668   683 D VoLTE IMSM: Receive IMCB sim_id=0 request_id=100508 (module/mdagent/volte_imsm_93/src/imsm_handler.c:2386)
02-13 13:19:31.253245   668   683 D VoLTE IMSM: receive MSG_ID_WRAP_IMSA_IMCB_SIM_QUERY_IND, transaction_id = 1 (module/mdagent/volte_imsm_93/src/imsm_handler.c:2886)
02-13 13:19:31.253276   668   683 D VoLTE IMSM: send MSG_ID_WRAP_IMSA_IMCB_SIM_QUERY_RSP, transaction_id = 1, sim_usim_type = 0, isim_type = 3, session_id = 0 (module/mdagent/volte_imsm_93/src/imsm_handler.c:2907)
02-13 13:19:31.253293   668   683 I VoLTE IMSMx: IMSM -> IMCB : [0] SIM_QUERY_RSP
02-13 13:19:31.254057   677   677 I VoLTE IMCB: {{{{[process_msg] msg_id=100509(0x0001889D), dst=IMSA1[5], IMCB_IMC_HEADER_FILE_VERNO=6c, MSG_ID_IMC_IN_BEGIN=100000, IMC_FEATURE_BITMAP=0x3 @0#187
02-13 13:19:31.254057   677   677 I VoLTE IMCB: ENTER imsa_imcb_sim_query_rsp_handler()@0#1081
02-13 13:19:31.254057   677   677 I VoLTE IMCB: transaction_id:1, sim_usim_type:0, isim_type:3, session_id:0 @0#1084
02-13 13:19:31.254057   677   677 I VoLTE IMCB: Pure Mesage Send dest=IMCB[2], msg_id=100003(0x000186A3), len=3456, IMCB_IMC_HEADER_FILE_VERNO=6c, MSG_ID_IMC_IN_BEGIN=100000, IMC_FEATURE_BITMAP=0x3 imcb_send_to_COMM()@0#248
02-13 13:19:31.254057   677   677 I VoLTE IMCB: EndofMessage process_msg()@0#236}}}}
02-13 13:19:31.253753   677   723 I VoLTE IMCB-CM: receive the nessage from IMC #72
02-13 13:19:31.258503   677   677 I VoLTE IMCB-1: {{{{[process_msg] msg_id=100008(0x000186A8), dst=IMCB[2], IMCB_IMC_HEADER_FILE_VERNO=6c, MSG_ID_IMC_IN_BEGIN=100000, IMC_FEATURE_BITMAP=0x3 @1#187
02-13 13:19:31.258503   677   677 I VoLTE IMCB-1: ENTER imcb_imc_ims_init_ind_handler()@1#3890
02-13 13:19:31.258503   677   677 I VoLTE IMCB-1: ENTER imcb_initial_sim()@1#770
02-13 13:19:31.258503   677   677 I VoLTE IMCB-1: ENTER imcb_send_imc_ims_reg_state_req()@1#2392
02-13 13:19:31.258503   677   677 I VoLTE IMCB-1: error ua rat type = 0 imcb_rat_conv_to_imc()@1#85
02-13 13:19:31.258503   677   677 I VoLTE IMCB-1: acct_id:2, reg_state:0, cause:0, sip_cause:0, retry_after:0 imcb_set_ims_reg_state_req_to_imc_para()@1#203
02-13 13:19:31.258503   677   677 I VoLTE IMCB-1: Pure Mesage Send dest=IMCB[2], msg_id=100003(0x000186A3), len=3456, IMCB_IMC_HEADER_FILE_VERNO=6c, MSG_ID_IMC_IN_BEGIN=100000, IMC_FEATURE_BITMAP=0x3 imcb_send_to_COMM()@1#248
02-13 13:19:31.258503   677   677 I VoLTE IMCB-1: ENTER imcb_send_imc_ims_reg_state_req()@1#2392
02-13 13:19:31.258503   677   677 I VoLTE IMCB-1: error ua rat type = 0 imcb_rat_conv_to_imc()@1#85}}}}
02-13 13:19:31.258975   677   677 I VoLTE IMCB: {{{{acct_id:3, reg_state:0, cause:0, sip_cause:0, retry_after:0 imcb_set_ims_reg_state_req_to_imc_para()@1#203
02-13 13:19:31.258975   677   677 I VoLTE IMCB: Pure Mesage Send dest=IMCB[2], msg_id=100003(0x000186A3), len=3456, IMCB_IMC_HEADER_FILE_VERNO=6c, MSG_ID_IMC_IN_BEGIN=100000, IMC_FEATURE_BITMAP=0x3 imcb_send_to_COMM()@1#248
02-13 13:19:31.258975   677   677 I VoLTE IMCB: sim:1 initiated ! imcb_initial_sim()@1#779
02-13 13:19:31.258975   677   677 I VoLTE IMCB: EndofMessage process_msg()@0#236}}}}
02-13 13:19:31.260194   677   723 I VoLTE IMCB-CM: receive the nessage from IMC #72
02-13 13:19:31.262436   496   496 D HWUIExtension: 7 Program id 24, key 0x0002000800000003, offset 79399, binaryLength 11483 within 15228ns
02-13 13:19:31.263354   668   711 I VoLTE IMSMx: IMCB -> IMSM : [1] SIM_QUERY_IND
02-13 13:19:31.263335   677   677 I VoLTE IMCB: {{{{[process_msg] msg_id=100014(0x000186AE), dst=IMCB[2], IMCB_IMC_HEADER_FILE_VERNO=6c, MSG_ID_IMC_IN_BEGIN=100000, IMC_FEATURE_BITMAP=0x3 @1#187
02-13 13:19:31.263335   677   677 I VoLTE IMCB: ENTER imcb_imc_sim_query_ind_handler()@1#5241
02-13 13:19:31.263335   677   677 I VoLTE IMCB: Pure Mesage Send dest=IMSA1[5], msg_id=16877724(0x0101889C), len=4, IMCB_IMC_HEADER_FILE_VERNO=6c, MSG_ID_IMC_IN_BEGIN=100000, IMC_FEATURE_BITMAP=0x3 imcb_send_to_COMM()@1#248
02-13 13:19:31.263335   677   677 I VoLTE IMCB: EndofMessage process_msg()@0#236}}}}
02-13 13:19:31.263638   668   687 D VoLTE IMSM: ===> event queue = 0xeed1a578, sim_id = 1, request_id = 16877724 (module/mdagent/volte_imsm_93/src/imsm_handler.c:5177)
02-13 13:19:31.263761   668   687 D VoLTE IMSM: Receive IMCB sim_id=1 request_id=100508 (module/mdagent/volte_imsm_93/src/imsm_handler.c:2386)
02-13 13:19:31.263792   668   687 D VoLTE IMSM: receive MSG_ID_WRAP_IMSA_IMCB_SIM_QUERY_IND, transaction_id = 2 (module/mdagent/volte_imsm_93/src/imsm_handler.c:2886)
02-13 13:19:31.263822   668   687 D VoLTE IMSM: send MSG_ID_WRAP_IMSA_IMCB_SIM_QUERY_RSP, transaction_id = 2, sim_usim_type = 0, isim_type = 3, session_id = 0 (module/mdagent/volte_imsm_93/src/imsm_handler.c:2907)
02-13 13:19:31.263838   668   687 I VoLTE IMSMx: IMSM -> IMCB : [1] SIM_QUERY_RSP
02-13 13:19:31.265446   677   677 I VoLTE IMCB: {{{{[process_msg] msg_id=100509(0x0001889D), dst=IMSA1[5], IMCB_IMC_HEADER_FILE_VERNO=6c, MSG_ID_IMC_IN_BEGIN=100000, IMC_FEATURE_BITMAP=0x3 @1#187
02-13 13:19:31.265446   677   677 I VoLTE IMCB: ENTER imsa_imcb_sim_query_rsp_handler()@1#1081
02-13 13:19:31.265446   677   677 I VoLTE IMCB: transaction_id:2, sim_usim_type:0, isim_type:3, session_id:0 @1#1084
02-13 13:19:31.265446   677   677 I VoLTE IMCB: Pure Mesage Send dest=IMCB[2], msg_id=100003(0x000186A3), len=3456, IMCB_IMC_HEADER_FILE_VERNO=6c, MSG_ID_IMC_IN_BEGIN=100000, IMC_FEATURE_BITMAP=0x3 imcb_send_to_COMM()@1#248
02-13 13:19:31.265446   677   677 I VoLTE IMCB: EndofMessage process_msg()@0#236}}}}
02-13 13:19:31.261893   677   723 I VoLTE IMCB-CM: receive the nessage from IMC #72
02-13 13:19:31.266190   677   723 I VoLTE IMCB-CM: receive the nessage from IMC #72
02-13 13:19:31.269233   673   718 I VoLTE SMS: SMS[0] update is_vops = (0) (module/volte//volte_ua/src/sms/sms.c:2935)
02-13 13:19:31.269081   677   677 I VoLTE IMCB: {{{{[process_msg] msg_id=100035(0x000186C3), dst=IMCB[2], IMCB_IMC_HEADER_FILE_VERNO=6c, MSG_ID_IMC_IN_BEGIN=100000, IMC_FEATURE_BITMAP=0x3 @0#187
02-13 13:19:31.269081   677   677 I VoLTE IMCB: ENTER imcb_imc_imsvops_notification_ind_handler()@0#5379
02-13 13:19:31.269081   677   677 I VoLTE IMCB: Pure Mesage Send dest=UA[3], msg_id=12045(0x00002F0D), len=8, IMCB_IMC_HEADER_FILE_VERNO=6c, MSG_ID_IMC_IN_BEGIN=100000, IMC_FEATURE_BITMAP=0x3 imcb_send_to_COMM()@0#248
02-13 13:19:31.269081   677   677 I VoLTE IMCB: EndofMessage process_msg()@0#236}}}}
02-13 13:19:31.271105   677   723 I VoLTE IMCB-CM: receive the nessage from IMC #72
02-13 13:19:31.275021   677   723 I VoLTE IMCB-CM: receive the nessage from IMC #72
02-13 13:19:31.275616   677   677 I VoLTE IMCB: {{{{[process_msg] msg_id=100116(0x00018714), dst=IMCB[2], IMCB_IMC_HEADER_FILE_VERNO=6c, MSG_ID_IMC_IN_BEGIN=100000, IMC_FEATURE_BITMAP=0x3 @0#187
02-13 13:19:31.275616   677   677 I VoLTE IMCB: ENTER imcb_imc_tlv_para_setting_ind_handler()@0#5493
02-13 13:19:31.275616   677   677 I VoLTE IMCB: Pure Mesage Send dest=UA[3], msg_id=10021(0x00002725), len=32, IMCB_IMC_HEADER_FILE_VERNO=6c, MSG_ID_IMC_IN_BEGIN=100000, IMC_FEATURE_BITMAP=0x3 imcb_send_to_COMM()@0#248
02-13 13:19:31.275616   677   677 I VoLTE IMCB: send REQ_UPDATE_RT_SETTING from tlv_para IMC to UA imcb_imc_tlv_para_setting_ind_handler()@0#5518
02-13 13:19:31.275616   677   677 I VoLTE IMCB: EndofMessage process_msg()@0#236}}}}
02-13 13:19:31.276794   669   709 I VoLTE REG: rcs_feature = 0 (module/volte//volte_stack/src/reg/reg.c:3243)
02-13 13:19:31.276796   673   718 I VoLTE SMS: SMS psismsc_from_user = 0, force_psi_scheme_to_tel = 0, add_user_phone = 1, update_call_id_with_host = 0 (module/volte//volte_ua/src/sms/sms.c:301)
02-13 13:19:31.276871   669   709 I VoLTE REG: rcs_state = 0 (module/volte//volte_stack/src/reg/reg.c:3246)
02-13 13:19:31.276877   673   718 I VoLTE SMS: SMS add_no_fork = 0, nsn_specific = 0, mo_retry_after_504 = 0, send_timerF_expiry = 0 (module/volte//volte_ua/src/sms/sms.c:308)
02-13 13:19:31.276918   673   718 I VoLTE SMS: SMS imsi_reged_disable_sms = 0, retry_count = 0, retry_duration = 0, wfc_with_plani = 0, in_reply_to_support = 1, check_reason_phase = 0, pani_country = 0, restore_in_3gpp_abnormal = 1, sms_force_sip_uri = 0 (module/volte//volte_ua/src/sms/sms.c:320)
02-13 13:19:31.279683   677   723 I VoLTE IMCB-CM: receive the nessage from IMC #72
02-13 13:19:31.279882   677   723 I VoLTE IMCB-CM: receive the nessage from IMC #72
02-13 13:19:31.286163   673   718 E VoLTE SMS: Error message type in SMS service message queue, type = 1000001, len = 40 (module/volte//volte_ua/src/sms/sms.c:2942)
02-13 13:19:31.286868   673   718 E VoLTE SMS: Error message type in SMS service message queue, type = 1000001, len = 40 (module/volte//volte_ua/src/sms/sms.c:2942)
02-13 13:19:31.286882   479   586 D agps    : [agps] WARNING: [CP] cp2_fd_1_req_sim_num_timeout
02-13 13:19:31.287065   479   519 D agps    : [agps][n][CP] [MD_1] write  sim_info_req  gsm_disabled=[0] umts_disabled=[0] lte_disabled=[0] lppe_enable=[1] lppe_network_location_disable=[0] reject_non911_nilr_enable=[0] battery_percentage=[100]
02-13 13:19:31.286720   677   677 I VoLTE IMCB: {{{{[process_msg] msg_id=100118(0x00018716), dst=IMCB[2], IMCB_IMC_HEADER_FILE_VERNO=6c, MSG_ID_IMC_IN_BEGIN=100000, IMC_FEATURE_BITMAP=0x3 @0#187
02-13 13:19:31.286720   677   677 I VoLTE IMCB: Pure Mesage Send dest=UA[3], msg_id=1000001(0x000F4241), len=40, IMCB_IMC_HEADER_FILE_VERNO=6c, MSG_ID_IMC_IN_BEGIN=100000, IMC_FEATURE_BITMAP=0x3 imcb_send_to_COMM()@0#248
02-13 13:19:31.286720   677   677 I VoLTE IMCB: Pure Mesage Send dest=UA[3], msg_id=1000001(0x000F4241), len=40, IMCB_IMC_HEADER_FILE_VERNO=6c, MSG_ID_IMC_IN_BEGIN=100000, IMC_FEATURE_BITMAP=0x3 @0#248
02-13 13:19:31.286720   677   677 I VoLTE IMCB: EndofMessage process_msg()@0#236}}}}
02-13 13:19:31.288675   479   519 D agps    : [agps][n][CP] [MD_1] read  sim_info_rsp  sim_number=2 md_type=0 (0=fdd, 1=tdd) ecid=1 otdoa=0 band_num=0
02-13 13:19:31.288751   479   519 E agps    : [agps] ERR: [CP] band_num is not ready  retry=0
02-13 13:19:31.292340   677   677 I VoLTE IMCB: {{{{[process_msg] msg_id=100035(0x000186C3), dst=IMCB[2], IMCB_IMC_HEADER_FILE_VERNO=6c, MSG_ID_IMC_IN_BEGIN=100000, IMC_FEATURE_BITMAP=0x3 @1#187
02-13 13:19:31.292340   677   677 I VoLTE IMCB: ENTER imcb_imc_imsvops_notification_ind_handler()@1#5379
02-13 13:19:31.292340   677   677 I VoLTE IMCB: Pure Mesage Send dest=UA[3], msg_id=12045(0x00002F0D), len=8, IMCB_IMC_HEADER_FILE_VERNO=6c, MSG_ID_IMC_IN_BEGIN=100000, IMC_FEATURE_BITMAP=0x3 imcb_send_to_COMM()@1#248
02-13 13:19:31.292340   677   677 I VoLTE IMCB: EndofMessage process_msg()@0#236}}}}
02-13 13:19:31.292886   673   718 I VoLTE SMS: SMS[2] update is_vops = (0) (module/volte//volte_ua/src/sms/sms.c:2935)
02-13 13:19:31.296898   677   677 I VoLTE IMCB: {{{{[process_msg] msg_id=100116(0x00018714), dst=IMCB[2], IMCB_IMC_HEADER_FILE_VERNO=6c, MSG_ID_IMC_IN_BEGIN=100000, IMC_FEATURE_BITMAP=0x3 @1#187
02-13 13:19:31.296898   677   677 I VoLTE IMCB: ENTER imcb_imc_tlv_para_setting_ind_handler()@1#5493
02-13 13:19:31.296898   677   677 I VoLTE IMCB: Pure Mesage Send dest=UA[3], msg_id=10021(0x00002725), len=32, IMCB_IMC_HEADER_FILE_VERNO=6c, MSG_ID_IMC_IN_BEGIN=100000, IMC_FEATURE_BITMAP=0x3 imcb_send_to_COMM()@1#248
02-13 13:19:31.296898   677   677 I VoLTE IMCB: send REQ_UPDATE_RT_SETTING from tlv_para IMC to UA imcb_imc_tlv_para_setting_ind_handler()@1#5518
02-13 13:19:31.296898   677   677 I VoLTE IMCB: EndofMessage process_msg()@0#236}}}}
02-13 13:19:31.297167   673   718 I VoLTE SMS: SMS psismsc_from_user = 0, force_psi_scheme_to_tel = 0, add_user_phone = 1, update_call_id_with_host = 0 (module/volte//volte_ua/src/sms/sms.c:301)
02-13 13:19:31.297215   673   718 I VoLTE SMS: SMS add_no_fork = 0, nsn_specific = 0, mo_retry_after_504 = 0, send_timerF_expiry = 0 (module/volte//volte_ua/src/sms/sms.c:308)
02-13 13:19:31.297255   673   718 I VoLTE SMS: SMS imsi_reged_disable_sms = 0, retry_count = 0, retry_duration = 0, wfc_with_plani = 0, in_reply_to_support = 1, check_reason_phase = 0, pani_country = 0, restore_in_3gpp_abnormal = 1, sms_force_sip_uri = 0 (module/volte//volte_ua/src/sms/sms.c:320)
02-13 13:19:31.297423   669   709 E VoLTE REG: invalid rcs information (module/volte//volte_stack/src/reg/reg.c:3234)
02-13 13:19:31.299705   673   718 E VoLTE SMS: Error message type in SMS service message queue, type = 1000001, len = 40 (module/volte//volte_ua/src/sms/sms.c:2942)
02-13 13:19:31.299793   673   718 E VoLTE SMS: Error message type in SMS service message queue, type = 1000001, len = 40 (module/volte//volte_ua/src/sms/sms.c:2942)
02-13 13:19:31.300226   677   677 I VoLTE IMCB: {{{{[process_msg] msg_id=100118(0x00018716), dst=IMCB[2], IMCB_IMC_HEADER_FILE_VERNO=6c, MSG_ID_IMC_IN_BEGIN=100000, IMC_FEATURE_BITMAP=0x3 @1#187
02-13 13:19:31.300226   677   677 I VoLTE IMCB: Pure Mesage Send dest=UA[3], msg_id=1000001(0x000F4241), len=40, IMCB_IMC_HEADER_FILE_VERNO=6c, MSG_ID_IMC_IN_BEGIN=100000, IMC_FEATURE_BITMAP=0x3 imcb_send_to_COMM()@1#248
02-13 13:19:31.300226   677   677 I VoLTE IMCB: Pure Mesage Send dest=UA[3], msg_id=1000001(0x000F4241), len=40, IMCB_IMC_HEADER_FILE_VERNO=6c, MSG_ID_IMC_IN_BEGIN=100000, IMC_FEATURE_BITMAP=0x3 @1#248
02-13 13:19:31.300226   677   677 I VoLTE IMCB: EndofMessage process_msg()@0#236}}}}
02-13 13:19:31.360980   490   490 I iptables-wrapper-1.0: iptables: No chain/target/match by that name.
02-13 13:19:31.361925   490   490 I iptables-wrapper-1.0: iptables-wrapper-1.0 terminated by exit(1)
02-13 13:19:31.362173   490   490 E NetdagentIptables: exec() res=0, status=256 for /system/bin/iptables-wrapper-1.0 -w -t filter -X oem_mobile 
02-13 13:19:31.367911   496   496 D HWUIExtension: 8 Program id 27, key 0x0000010000000008, offset 90882, binaryLength 13254 within 104969ns
02-13 13:19:31.382732   496   496 D HWUIExtension: 9 Program id 30, key 0x0002000800000001, offset 104136, binaryLength 11771 within 14533ns
02-13 13:19:31.384104   496   496 D HWUIExtension: 10 Program id 33, key 0x0000001800000000, offset 115907, binaryLength 11105 within 1168ns
02-13 13:19:31.433579   357   357 W ccci_fsd(1): O: X://NA77_006, flag 0x700, ret 1
02-13 13:19:31.444860   357   357 W ccci_fsd(1): O: Y://NA77_006, flag 0x700, ret 1
02-13 13:19:31.485085   496   496 D HWUIExtension: 11 Program id 36, key 0x0002001800500044, offset 127012, binaryLength 12972 within 100145ns
02-13 13:19:31.495866   490   490 I ip6tables-wrapper-1.0: ip6tables: No chain/target/match by that name.
02-13 13:19:31.496777   490   490 I ip6tables-wrapper-1.0: ip6tables-wrapper-1.0 terminated by exit(1)
02-13 13:19:31.497022   490   490 E NetdagentIptables: exec() res=0, status=256 for /system/bin/ip6tables-wrapper-1.0 -w -t filter -X oem_mobile 
02-13 13:19:31.499972   468   595 I ServiceManager: Waiting for service package_native...
02-13 13:19:31.561026   472   472 E mtkcam-devicemgr: [loadDeviceFactory] dlopen: libmtkcam_device3.so error=dlopen failed: library "libmtkcam_device3.so" not found (operator()){#179:vendor/mediatek/proprietary/hardware/mtkcam/legacy/main/hal/devicemgr/CameraDeviceManagerBase.cpp}
02-13 13:19:31.561270   472   472 I mtkcam-devicemgr: [initialize] +
02-13 13:19:31.561355   472   472 D MtkCam/Metadata: [clear] pid:472 tid:472
02-13 13:19:31.561576   472   472 D SeninfDrvImp: [SeninfDrvImp][SeninfDrvImp] 
02-13 13:19:31.561685   472   472 D SeninfDrvImp: [init][init]: Entry count 0 
02-13 13:19:31.562664   472   472 D SeninfDrvImp: [init]Efuse Data:0x11c00180= 0x0, 0x11c00184= 0x0
02-13 13:19:31.562773   472   472 D SeninfDrvImp: [init][init]: Exit count 1 
02-13 13:19:31.562855   472   472 D SeninfDrvImp: [setMclk1IODrivingCurrent]DrivingIdx(3), Reg(0x00000003)
02-13 13:19:31.562887   472   472 D SeninfDrvImp: [setMclk2IODrivingCurrent]DrivingIdx(3), Reg(0x00c00000)
02-13 13:19:31.562940   472   472 D SeninfDrvImp: [setMclk1][setMclk1]pcEn(1), clkPol(0), mMclk1User(1), TimestampClk(0), SENINF_TG1_PH_CNT(0x80000001), mclkSel 24
02-13 13:19:31.572756   472   472 D SeninfDrvImp: [setMclk2][setMclk2]pcEn(1), clkPol(0), mMclk2User(1), TimestampClk(0), SENINF_TG2_PH_CNT(0x80000001), mclkSel 24l
02-13 13:19:31.573175   472   472 D ImgSensorDrv: [init][init] imgsensor_drv 1
02-13 13:19:31.573295   472   472 D ImgSensorDrv: [searchSensor]SENSOR search start 
02-13 13:19:31.631159   496   496 D HWUIExtension: 12 Program id 39, key 0x0000001000000008, offset 139984, binaryLength 13492 within 145942ns
02-13 13:19:31.663060   496   496 D HWUIExtension: 13 Program id 42, key 0x0002000000900041, offset 153476, binaryLength 11950 within 31791ns
02-13 13:19:31.683181   358   358 I ccci_mdinit: (1):wait_for_property:success(init.svc.gsm0710muxd=running), loop:600
02-13 13:19:31.683290   358   358 D ccci_mdinit: (1):modem boot ready and deamon begin to run!
02-13 13:19:31.683358   358   358 D ccci_mdinit: (1):MD is release version
02-13 13:19:31.706100   649   649 D AEE_AED : $===AEE===AEE===AEE===$
02-13 13:19:31.706203   649   649 D AEE_AED : p 0 poll events 1 revents 1
02-13 13:19:31.706324   649   649 D AEE_AED : requesting from: pid=661 cmd=0
02-13 13:19:31.706382   649   649 E AEE_AED : switch AEE mode fail because of customer non-eng build
02-13 13:19:31.706819   661   661 E AEE_AED : Rtt command read 64_socket fail: Not a data message
02-13 13:19:31.706991   661   661 D AEE_AED : switch AEE mode fail
02-13 13:19:31.715182   472   472 D ImgSensorDrv: [searchSensor]set sensor driver id =1
02-13 13:19:31.715370   472   472 D ImgSensorDrv: [searchSensor]sensorIdx 0 found <0x487b/s5k4h7_mipi_raw/SENSOR_DRVNAME_S5K4H7_MIPI_RAW>
02-13 13:19:31.715629   472   472 D ImgSensorDrv: [getInfo2]prv w=0x660,h=0x4c8
02-13 13:19:31.715682   472   472 D ImgSensorDrv: [getInfo2]cap w=0xcc0,h=0x990
02-13 13:19:31.715699   472   472 D ImgSensorDrv: [getInfo2]vd  w=0xcc0,h=0x72c
02-13 13:19:31.715714   472   472 D ImgSensorDrv: [getInfo2]pre GrapX=0x0,GrapY=0x0
02-13 13:19:31.718293   472   472 W MtkCam/HalSensorList: [impConstructStaticMetadata_by_SymbolName] constructCustStaticMetadata_DEVICE_LENS_SENSOR_DRVNAME_S5K4H7_MIPI_RAW not found
02-13 13:19:31.720477   472   472 W MtkCam/HalSensorList: [impConstructStaticMetadata_by_SymbolName] constructCustStaticMetadata_DEVICE_LENS_COMMON not found
02-13 13:19:31.721926   472   472 W MtkCam/HalSensorList: [impConstructStaticMetadata_by_SymbolName] constructCustStaticMetadata_DEVICE_SENSOR_SENSOR_DRVNAME_S5K4H7_MIPI_RAW not found
02-13 13:19:31.722912   472   472 W MtkCam/HalSensorList: [impConstructStaticMetadata_by_SymbolName] constructCustStaticMetadata_DEVICE_SENSOR_COMMON not found
02-13 13:19:31.723899   651   651 D AEE_AEDV: $===AEE===AEE===AEE===$
02-13 13:19:31.725003   472   472 W MtkCam/HalSensorList: [impConstructStaticMetadata_by_SymbolName] constructCustStaticMetadata_DEVICE_TUNING_3A_SENSOR_DRVNAME_S5K4H7_MIPI_RAW not found
02-13 13:19:31.727349   472   472 W MtkCam/HalSensorList: [impConstructStaticMetadata_by_SymbolName] constructCustStaticMetadata_DEVICE_TUNING_3A_COMMON not found
02-13 13:19:31.729209   472   472 W MtkCam/HalSensorList: [impConstructStaticMetadata_by_SymbolName] constructCustStaticMetadata_DEVICE_FLASHLIGHT_SENSOR_DRVNAME_S5K4H7_MIPI_RAW not found
02-13 13:19:31.731325   472   472 W MtkCam/HalSensorList: [impConstructStaticMetadata_by_SymbolName] constructCustStaticMetadata_DEVICE_FLASHLIGHT_COMMON not found
02-13 13:19:31.733079   472   472 W MtkCam/HalSensorList: [impConstructStaticMetadata_by_SymbolName] constructCustStaticMetadata_DEVICE_SCALER_SENSOR_DRVNAME_S5K4H7_MIPI_RAW not found
02-13 13:19:31.734696   472   472 W MtkCam/HalSensorList: [impConstructStaticMetadata_by_SymbolName] constructCustStaticMetadata_DEVICE_SCALER_COMMON not found
02-13 13:19:31.735934   472   472 W MtkCam/HalSensorList: [impConstructStaticMetadata_by_SymbolName] constructCustStaticMetadata_DEVICE_FEATURE_SENSOR_DRVNAME_S5K4H7_MIPI_RAW not found
02-13 13:19:31.737596   472   472 W MtkCam/HalSensorList: [impConstructStaticMetadata_by_SymbolName] constructCustStaticMetadata_DEVICE_FEATURE_COMMON not found
02-13 13:19:31.738928   472   472 W MtkCam/HalSensorList: [impConstructStaticMetadata_by_SymbolName] constructCustStaticMetadata_DEVICE_CAMERA_SENSOR_DRVNAME_S5K4H7_MIPI_RAW not found
02-13 13:19:31.740355   472   472 W MtkCam/HalSensorList: [impConstructStaticMetadata_by_SymbolName] constructCustStaticMetadata_DEVICE_CAMERA_COMMON not found
02-13 13:19:31.741587   472   472 W MtkCam/HalSensorList: [impConstructStaticMetadata_by_SymbolName] constructCustStaticMetadata_DEVICE_REQUEST_SENSOR_DRVNAME_S5K4H7_MIPI_RAW not found
02-13 13:19:31.743055   472   472 W MtkCam/HalSensorList: [impConstructStaticMetadata_by_SymbolName] constructCustStaticMetadata_DEVICE_REQUEST_COMMON not found
02-13 13:19:31.745039   472   472 W MtkCam/HalSensorList: [impConstructStaticMetadata_by_SymbolName] constructCustStaticMetadata_PROJECT_LENS_SENSOR_DRVNAME_S5K4H7_MIPI_RAW not found
02-13 13:19:31.746584   472   472 W MtkCam/HalSensorList: [impConstructStaticMetadata_by_SymbolName] constructCustStaticMetadata_PROJECT_LENS_COMMON not found
02-13 13:19:31.748569   472   472 W MtkCam/HalSensorList: [impConstructStaticMetadata_by_SymbolName] constructCustStaticMetadata_PROJECT_SENSOR_SENSOR_DRVNAME_S5K4H7_MIPI_RAW not found
02-13 13:19:31.751371   472   472 W MtkCam/HalSensorList: [impConstructStaticMetadata_by_SymbolName] constructCustStaticMetadata_PROJECT_SENSOR_COMMON not found
02-13 13:19:31.756894   496   496 D HWUIExtension: 14 Program id 45, key 0x0000081000000000, offset 165426, binaryLength 13007 within 93656ns
02-13 13:19:31.758318   472   472 W MtkCam/HalSensorList: [impConstructStaticMetadata_by_SymbolName] constructCustStaticMetadata_PROJECT_TUNING_3A_SENSOR_DRVNAME_S5K4H7_MIPI_RAW not found
02-13 13:19:31.760532   472   472 W MtkCam/HalSensorList: [impConstructStaticMetadata_by_SymbolName] constructCustStaticMetadata_PROJECT_TUNING_3A_COMMON not found
02-13 13:19:31.762491   472   472 W MtkCam/HalSensorList: [impConstructStaticMetadata_by_SymbolName] constructCustStaticMetadata_PROJECT_FLASHLIGHT_SENSOR_DRVNAME_S5K4H7_MIPI_RAW not found
02-13 13:19:31.785315   472   472 W MtkCam/HalSensorList: [impConstructStaticMetadata_by_SymbolName] constructCustStaticMetadata_PROJECT_FLASHLIGHT_COMMON not found
02-13 13:19:31.791797   671   671 D ccci_lib: read info:[modem num]:1
02-13 13:19:31.791797   671   671 D ccci_lib: [modem en]:1-0-0-0-0
02-13 13:19:31.791797   671   671 D ccci_lib: [MTK_ECCCI_C2K]:1
02-13 13:19:31.791797   671   671 D ccci_lib: [ccci_drv_ver]:V2
02-13 13:19:31.791797   671   671 D ccci_lib: total:71
02-13 13:19:31.791894   671   671 D ccci_lib: parse_info name:modem num
02-13 13:19:31.791932   671   671 D EMDLOGGER1: initUSBPortMappingFile get current port is 1
02-13 13:19:31.801267   337   617 D SpeechMessengerNormal: formatShareMemory(), mShareMemory: 0xf2e01000, ap_flag: 0x1, md_flag: 0x1, struct_checksum: 124
02-13 13:19:31.801463   337   617 D SpeechMessengerNormal: formatShareMemory(), [sph_param] offset: 128, size: 12288, [ap_data] offset: 12416, size: 8192, [md_data] offset: 20608, size: 32608
02-13 13:19:31.801717   337   617 D SpeechEnhancementController: mSpeechEnhancementMask: main_func = 0xffbf, sub_func = 0xffffff9e
02-13 13:19:31.801805   337   617 D SpeechEnhancementController: GetBtHeadsetNrecOn(), mBtHeadsetNrecOn = 1
02-13 13:19:31.802530   337   617 W SpeechDriverFactory: Create SpeechDriverDummy for MODEM_2
02-13 13:19:31.802628   337   617 D         : CleanGainValueAndMuteStatus(), mUplinkMuteOn 0
02-13 13:19:31.802647   337   617 W SpeechDriverDummy: SpeechDriverDummy(), modem_index = 1
02-13 13:19:31.802687   337   617 W SpeechDriverFactory: Create SpeechDriverDummy for MODEM_EXTERNAL
02-13 13:19:31.802721   337   617 D         : CleanGainValueAndMuteStatus(), mUplinkMuteOn 0
02-13 13:19:31.802735   337   617 W SpeechDriverDummy: SpeechDriverDummy(), modem_index = 2
02-13 13:19:31.802771   337   617 D SpeechDriverFactory: -SpeechDriverFactory(), mActiveModemIndex = 0
02-13 13:19:31.802942   337   617 D AudioALSAFMController: AudioALSAFMController()
02-13 13:19:31.803482   472   472 W MtkCam/HalSensorList: [impConstructStaticMetadata_by_SymbolName] constructCustStaticMetadata_PROJECT_SCALER_SENSOR_DRVNAME_S5K4H7_MIPI_RAW not found
02-13 13:19:31.804863   337   617 D         : AudioALSAVoiceWakeUpController()
02-13 13:19:31.805101   337   617 D         : AudioALSAVoiceWakeUpController() , stream_attribute_target->BesRecord_Info.besrecord_enable 0
02-13 13:19:31.805540   337   617 D NVRAM   : NVM_GetFileDesc: Open /vendor/nvdata/media/Voice_Recognize_Param,LID:15
02-13 13:19:31.805938   472   472 W MtkCam/HalSensorList: [impConstructStaticMetadata_by_SymbolName] constructCustStaticMetadata_PROJECT_SCALER_COMMON not found
02-13 13:19:31.806354   337   617 D NVRAM   : NVM_CmpFileVerNo 15  
02-13 13:19:31.806749   337   617 D NVRAM   : Load File Version: 000, NvRam File Version: 000
02-13 13:19:31.806939   337   617 D NVRAM   : NVM_ProtectDataFile : 15 ++
02-13 13:19:31.806920   472   472 W MtkCam/HalSensorList: [impConstructStaticMetadata_by_SymbolName] constructCustStaticMetadata_PROJECT_FEATURE_SENSOR_DRVNAME_S5K4H7_MIPI_RAW not found
02-13 13:19:31.807082   337   617 D NVRAM   : iCustomBeginLID = 51
02-13 13:19:31.807220   337   617 D NVRAM   : NVM_CheckFileSize:stat_size:1548,size in table:1546
02-13 13:19:31.808168   472   472 W MtkCam/HalSensorList: [impConstructStaticMetadata_by_SymbolName] constructCustStaticMetadata_PROJECT_FEATURE_COMMON not found
02-13 13:19:31.808887   337   731 D SpeechDriverNormal: processModemControlMessage(), MD Alive, id: 0xafa0, param16: 0x0, param32: 0x0
02-13 13:19:31.810180   472   472 W MtkCam/HalSensorList: [impConstructStaticMetadata_by_SymbolName] constructCustStaticMetadata_PROJECT_CAMERA_SENSOR_DRVNAME_S5K4H7_MIPI_RAW not found
02-13 13:19:31.812285   671   671 I EMDLOGGER1: Auto Run com.mediatek.log.modem.enabled = false.
02-13 13:19:31.812969   671   671 D EMDLOGGER1: Get auto start mode: 0
02-13 13:19:31.813094   671   671 D EMDLOGGER1: getSavedLoggingMode(): mode = 0
02-13 13:19:31.813793   472   472 W MtkCam/HalSensorList: [impConstructStaticMetadata_by_SymbolName] constructCustStaticMetadata_PROJECT_CAMERA_COMMON not found
02-13 13:19:31.814523   449   449 E ActivityRecognitionHardware: activity_recognition HAL is deprecated. class_init is effectively a no-op
02-13 13:19:31.815561   472   472 W MtkCam/HalSensorList: [impConstructStaticMetadata_by_SymbolName] constructCustStaticMetadata_PROJECT_REQUEST_SENSOR_DRVNAME_S5K4H7_MIPI_RAW not found
02-13 13:19:31.817013   472   472 W MtkCam/HalSensorList: [impConstructStaticMetadata_by_SymbolName] constructCustStaticMetadata_PROJECT_REQUEST_COMMON not found
02-13 13:19:31.817379   337   617 D NVRAM   : NVM_CheckFile: File is correct!
02-13 13:19:31.817515   472   472 D ImgSensorDrv: [searchSensor]SENSOR search start 
02-13 13:19:31.818711   337   617 D NVRAM   : NVM_ProtectUserData:Check Success
02-13 13:19:31.818796   337   617 D NVRAM   : NVM_GetFileDesc ProtectDataFile Check Success!!
02-13 13:19:31.818880   337   617 D NVRAM   : GetVoiceRecogCustParamFromNV rec_size = 1546 rec_num = 1
02-13 13:19:31.820305   337   617 D NVRAM   : NVM_CloseFileDesc: Open by Readonly, no need to check when close
02-13 13:19:31.820441   337   617 D         : updateParamToKernel(), mVOW_CFG4 load = 0xffffffea
02-13 13:19:31.820520   337   617 D         : updateParamToKernel(), mVOW_CFG4 set = 0xffef, mVOW_CFG2=0x2323, mVOW_CFG3=0xa768
02-13 13:19:31.820563   337   617 E         : Error: Audio VOWCFG2 Data invalid value
02-13 13:19:31.820646   337   617 E         : Error: Audio VOWCFG3 Data invalid value
02-13 13:19:31.820689   337   617 E         : Error: Audio VOWCFG4 Data invalid value
02-13 13:19:31.820714   337   617 E         : Error: Audio VOW Periodic On Off Data invalid value
02-13 13:19:31.820732   337   617 D AudioALSAStreamManager: AudioALSAStreamManager()
02-13 13:19:31.821013   337   617 D NVRAM   : NVM_GetFileDesc: Open /vendor/nvdata/media/Audio_AudEnh_Control_Opt,LID:16
02-13 13:19:31.821027   337   731 D SpeechDriverNormal: sendSpeechMessageToModem(), send msg done, id: 0x2fa0, param16: 0x0, param32: 0x0
02-13 13:19:31.821078   337   731 W SpeechDriverNormal: processModemMessage(), msg 0xafa0 process time 12 ms is too long
02-13 13:19:31.821338   337   617 D NVRAM   : NVM_CmpFileVerNo 16  
02-13 13:19:31.821475   337   617 D NVRAM   : Load File Version: 000, NvRam File Version: 000
02-13 13:19:31.821515   337   617 D NVRAM   : NVM_ProtectDataFile : 16 ++
02-13 13:19:31.821531   337   617 D NVRAM   : iCustomBeginLID = 51
02-13 13:19:31.821574   337   617 D NVRAM   : NVM_CheckFileSize:stat_size:6,size in table:4
02-13 13:19:31.824472   337   617 D NVRAM   : NVM_CheckFile: File is correct!
02-13 13:19:31.824563   337   617 D NVRAM   : NVM_ProtectUserData:Check Success
02-13 13:19:31.824650   337   617 D NVRAM   : NVM_GetFileDesc ProtectDataFile Check Success!!
02-13 13:19:31.824754   337   617 D NVRAM   : GetBesLoudnessControlOptionParamFromNV rec_size = 4 rec_num = 1
02-13 13:19:31.825803   496   496 D HWUIExtension: 15 Program id 48, key 0x0002080800000001, offset 178433, binaryLength 13673 within 68561ns
02-13 13:19:31.827818   337   617 D NVRAM   : NVM_CloseFileDesc: Open by Readonly, no need to check when close
02-13 13:19:31.827948   337   617 D AudioALSAStreamManager: AudioALSAStreamManager(), mBesLoudnessStatus [1] (From NvRam) 
02-13 13:19:31.828006   337   617 D         : appOpsGetInstance(), init AppOps struct, lib is libaudio_param_parser-vnd.so
02-13 13:19:31.828649   337   617 D AudioALSAStreamManager: AudioALSAStreamManager() appHandleGetInstance
02-13 13:19:31.828720   337   617 D AudioALSAStreamManager: AudioALSAStreamManager() appHandleRegXmlChangedCb
02-13 13:19:31.828793   337   617 D AudioUtility: getPowerHal(), get PowerHal Service
02-13 13:19:31.835490   337   617 D AudioUtility: getPowerHal(), Link to death notification successfully
02-13 13:19:31.835976   337   617 D AudioALSAParamTuner: getInstance(), create AudioALSAParamTuner instance --
02-13 13:19:31.837461   337   617 D AudioALSAParamTuner: +AudioALSAParamTuner()
02-13 13:19:31.838704   337   617 D NVRAM   : GetVolumeVer1ParamFromNV 
02-13 13:19:31.839275   337   617 D NVRAM   : NVM_GetFileDesc: Open /vendor/nvdata/media/Audio_ver1_Vol_custom,LID:64
02-13 13:19:31.841143   337   617 D NVRAM   : NVM_CmpFileVerNo 64  
02-13 13:19:31.843133   337   617 D NVRAM   : Load File Version: 001, NvRam File Version: 001
02-13 13:19:31.843579   496   496 D HWUIExtension: 16 Program id 51, key 0x0002080000d00041, offset 192106, binaryLength 13791 within 17607ns
02-13 13:19:31.844794   337   617 D NVRAM   : NVM_ProtectDataFile : 64 ++
02-13 13:19:31.845087   671   671 D EMDLOGGER1: MAL_Init
02-13 13:19:31.845504   671   671 D ccci_lib: mmap on /dev/ccci_ccb_dhl(5) for addr=0x76000000, len=2097152
02-13 13:19:31.845709   671   671 D ccci_lib: ccb_info_len=20
02-13 13:19:31.845801   671   671 D ccci_lib: new ccb_ctrl mmap on /dev/ccci_ccb_ctrl(6) for addr=0x72018000, len=4096
02-13 13:19:31.845869   671   671 D ccci_lib: register user57 md0: base=0x78fa200000, len=2097152, ctrl_base=0x78fae89000, ctrl_offset=0
02-13 13:19:31.845900   671   671 D ccci_lib: register user57 md0 DL0, pattern=ddbbccaa, dl_page=0x78fa200000
02-13 13:19:31.845916   671   671 D ccci_lib: register user57 md0 UL0, pattern=ddbbccaa, ul_page=0x78fa208000
02-13 13:19:31.845930   671   671 D ccci_lib: register user57 md0 DL1, pattern=ddbbccaa, dl_page=0x78fa210000
02-13 13:19:31.845943   671   671 D ccci_lib: register user57 md0 UL1, pattern=ddbbccaa, ul_page=0x78fa22e000
02-13 13:19:31.845955   671   671 D ccci_lib: register user57 md0 DL2, pattern=ddbbccaa, dl_page=0x78fa22e080
02-13 13:19:31.845968   671   671 D ccci_lib: register user57 md0 UL2, pattern=ddbbccaa, ul_page=0x78fa237080
02-13 13:19:31.845981   671   671 D ccci_lib: register user57 md0 DL3, pattern=ddbbccaa, dl_page=0x78fa23f080
02-13 13:19:31.845993   671   671 D ccci_lib: register user57 md0 UL3, pattern=ddbbccaa, ul_page=0x78fa247080
02-13 13:19:31.846006   671   671 D ccci_lib: register user57 md0 DL4, pattern=ddbbccaa, dl_page=0x78fa247100
02-13 13:19:31.846018   671   671 D ccci_lib: register user57 md0 UL4, pattern=ddbbccaa, ul_page=0x78fa24f100
02-13 13:19:31.846030   671   671 D ccci_lib: register user57 md0 DL5, pattern=ddbbccaa, dl_page=0x78fa24f180
02-13 13:19:31.846042   671   671 D ccci_lib: register user57 md0 UL5, pattern=ddbbccaa, ul_page=0x78fa26f180
02-13 13:19:31.846055   671   671 D ccci_lib: register user57 md0 DL6, pattern=ddbbccaa, dl_page=0x78fa26f200
02-13 13:19:31.846067   671   671 D ccci_lib: register user57 md0 UL6, pattern=ddbbccaa, ul_page=0x78fa26f280
02-13 13:19:31.846080   671   671 D ccci_lib: register user57 md0 DL7, pattern=ddbbccaa, dl_page=0x78fa26f300
02-13 13:19:31.846093   671   671 D ccci_lib: register user57 md0 UL7, pattern=ddbbccaa, ul_page=0x78fa26f380
02-13 13:19:31.846105   671   671 D ccci_lib: register user57 md0 DL8, pattern=ddbbccaa, dl_page=0x78fa26f400
02-13 13:19:31.846117   671   671 D ccci_lib: register user57 md0 UL8, pattern=ddbbccaa, ul_page=0x78fa26f480
02-13 13:19:31.846132   671   671 D ccci_lib: register user57 md0 DL9, pattern=ddbbccaa, dl_page=0x78fa26f500
02-13 13:19:31.846145   671   671 D ccci_lib: register user57 md0 UL9, pattern=ddbbccaa, ul_page=0x78fa26f580
02-13 13:19:31.846157   671   671 D ccci_lib: register user57 md0 DL10, pattern=ddbbccaa, dl_page=0x78fa26f600
02-13 13:19:31.846170   671   671 D ccci_lib: register user57 md0 UL10, pattern=ddbbccaa, ul_page=0x78fa26f680
02-13 13:19:31.846182   671   671 D ccci_lib: register user57 md0 DL11, pattern=ddbbccaa, dl_page=0x78fa26f700
02-13 13:19:31.846195   671   671 D ccci_lib: register user57 md0 UL11, pattern=ddbbccaa, ul_page=0x78fa26f780
02-13 13:19:31.846208   671   671 D ccci_lib: register user57 md0 DL12, pattern=ddbbccaa, dl_page=0x78fa26f800
02-13 13:19:31.846220   671   671 D ccci_lib: register user57 md0 UL12, pattern=ddbbccaa, ul_page=0x78fa26f880
02-13 13:19:31.846232   671   671 D ccci_lib: register user57 md0 DL13, pattern=ddbbccaa, dl_page=0x78fa26f900
02-13 13:19:31.846244   671   671 D ccci_lib: register user57 md0 UL13, pattern=ddbbccaa, ul_page=0x78fa26f980
02-13 13:19:31.846257   671   671 D ccci_lib: register user57 md0 DL14, pattern=ddbbccaa, dl_page=0x78fa26fa00
02-13 13:19:31.846269   671   671 D ccci_lib: register user57 md0 UL14, pattern=ddbbccaa, ul_page=0x78fa26fa80
02-13 13:19:31.846282   671   671 D ccci_lib: register user57 md0 DL15, pattern=ddbbccaa, dl_page=0x78fa26fb00
02-13 13:19:31.846295   671   671 D ccci_lib: register user57 md0 UL15, pattern=ddbbccaa, ul_page=0x78fa26fb80
02-13 13:19:31.846307   671   671 D ccci_lib: register user57 md0 DL16, pattern=ddbbccaa, dl_page=0x78fa26fc00
02-13 13:19:31.846320   671   671 D ccci_lib: register user57 md0 UL16, pattern=ddbbccaa, ul_page=0x78fa26fc80
02-13 13:19:31.846333   671   671 D ccci_lib: register user57 md0 DL17, pattern=ddbbccaa, dl_page=0x78fa26fd00
02-13 13:19:31.846346   671   671 D ccci_lib: register user57 md0 UL17, pattern=ddbbccaa, ul_page=0x78fa26ff80
02-13 13:19:31.846372   671   671 I EMDLOGGER1: MAL_ccb_Init: CCB is ready
02-13 13:19:31.846611   671   671 D ccci_lib: mmap on /dev/ccci_raw_dhl(7) for addr=0x76200000, len=10485760
02-13 13:19:31.851929   337   617 D NVRAM   : iCustomBeginLID = 51
02-13 13:19:31.853458   337   617 D NVRAM   : NVM_CheckFileSize:stat_size:583,size in table:581
02-13 13:19:31.855793   337   617 D NVRAM   : NVM_CheckFile: File is correct!
02-13 13:19:31.857191   671   732 I EMDLOGGER1: mdlog_ccb_ctrl_reader_thread started
02-13 13:19:31.857502   671   671 D ccci_lib: write done of user57 buffer0: OK, i=1 write=1, alloc=1, free=0, len=16
02-13 13:19:31.860757   671   671 D ccci_lib: write done of user57 buffer0: OK, i=2 write=2, alloc=2, free=1, len=12
02-13 13:19:31.861389   337   617 D NVRAM   : NVM_ProtectUserData:Check Success
02-13 13:19:31.862078   496   496 D HWUIExtension: 17 Program id 54, key 0x0002080000900041, offset 205897, binaryLength 13820 within 18329ns
02-13 13:19:31.862619   337   617 D NVRAM   : NVM_GetFileDesc ProtectDataFile Check Success!!
02-13 13:19:31.863238   337   617 D NVRAM   : GetVolumeVer1ParamFromNV rec_size = 581 rec_num = 1
02-13 13:19:31.864814   671   671 D ccci_lib: write done of user57 buffer0: OK, i=3 write=3, alloc=3, free=2, len=16
02-13 13:19:31.872990   449   449 W Zygote  : Class not found for preloading: android.icu.impl.number.Parse
02-13 13:19:31.874041   671   671 D EMDLOGGER1: Main: getSavedGPSLocation support_gps_location: 1
02-13 13:19:31.874135   671   671 D EMDLOGGER1: MAL_ccb_Deinit
02-13 13:19:31.874147   671   671 D EMDLOGGER1: MAL_ccb_Deinit: killing CTRL reader thread
02-13 13:19:31.874225   671   671 D EMDLOGGER1: Thread thread (78f97ff4f0) is alive.
02-13 13:19:31.874235   671   732 W EMDLOGGER1: mdlog_ccb_ctrl_reader_thread: ccci_ccb_poll error, ret = -1
02-13 13:19:31.876338   337   617 D NVRAM   : NVM_CloseFileDesc: Open by Readonly, no need to check when close
02-13 13:19:31.876554   337   617 D AudioMTKGainController: getMicGainDecimal(), micMode 1, gainDevice 0, micGainDecimal 164
02-13 13:19:31.876809   337   617 D AudioMTKGainController: getMicGainDecimal(), micMode 1, gainDevice 2, micGainDecimal 180
02-13 13:19:31.878007   671   671 D EMDLOGGER1: Thread thread (78f97ff4f0) is alive.
02-13 13:19:31.878331   337   617 D AudioALSAParamTuner: AudioALSAParamTuner(), AudioALSAParamTuner: default mic gain-mormal:180;handsfree:0, receiver gain:144, headset Gain:88
02-13 13:19:31.879653   337   617 D AudioALSAParamTuner: getInstance(), create AudioALSAParamTuner instance ++
02-13 13:19:31.879916   337   617 D AudioALSAHardware: AudioALSAHardware()
02-13 13:19:31.880203   337   617 D aurisys_controller: init_aurisys_controller(+)
02-13 13:19:31.881914   671   671 D EMDLOGGER1: Thread thread (78f97ff4f0) is alive.
02-13 13:19:31.883269   496   496 D HWUIExtension: 18 Program id 57, key 0x0002080800000003, offset 219717, binaryLength 13385 within 21011ns
02-13 13:19:31.885188   671   671 D EMDLOGGER1: Thread thread (78f97ff4f0) is alive.
02-13 13:19:31.888354   671   671 D EMDLOGGER1: Thread thread (78f97ff4f0) is alive.
