02-13 13:19:32.147999   472   472 D vndksupport: Loading /vendor/lib/hw/vendor.mediatek.hardware.camera.lomoeffect@1.0-impl.so from current namespace instead of sphal namespace.
02-13 13:19:32.157095   472   472 I camerahalserver: Registration complete for vendor.mediatek.hardware.camera.lomoeffect@1.0::ILomoEffect/internal/0.
02-13 13:19:32.158407   472   472 D vndksupport: Loading /vendor/lib/hw/vendor.mediatek.hardware.camera.ccap@1.0-impl.so from current namespace instead of sphal namespace.
02-13 13:19:32.166812   472   472 I camerahalserver: Registration complete for vendor.mediatek.hardware.camera.ccap@1.0::ICCAPControl/internal/0.
02-13 13:19:32.168293   453   532 I CameraProviderManager: Connecting to new camera provider: internal/0, isRemote? 1
02-13 13:19:32.170884   453   532 I CameraProviderManager: Enumerating new camera device: device@1.0/internal/0
02-13 13:19:32.173568   472   472 I mtkcam-dev1: [createSpecificCameraDevice1] dlopen libmtkcam_device1.so +
02-13 13:19:32.174764   472   472 I mtkcam-dev1: [createSpecificCameraDevice1] dlopen libmtkcam_device1.so -
02-13 13:19:32.185399   449   449 I Zygote  : ...preloaded 4715 classes in 1188ms.
02-13 13:19:32.185590   449   449 I zygote64: VMRuntime.preloadDexCaches starting
02-13 13:19:32.189346   354   374 I powerd  : [powerd_req] POWER_MSG_SCN_REG: pid:472, uid:1047
02-13 13:19:32.190446   354   375 I vendor.mediatek.hardware.power@1.1-impl: scnReg hdl:39
02-13 13:19:32.191488   472   472 I mtkcam-dev1: [createSpecificCameraDevice1] - 0xe30b3000
02-13 13:19:32.191627   472   472 I mtkcam-dev1: 0[CameraDevice1Base::open] +
02-13 13:19:32.191990   472   472 I mtkcam-devicemgr: [attachOpenDeviceLocked] device: device@1.0/internal/0 openTimestamp:02-13 13:19:32.191
02-13 13:19:32.192912   354   375 I vendor.mediatek.hardware.power@1.1-impl: scnEnable hdl:39, timeout:1000
02-13 13:19:32.193582   354   374 I powerd  : [powerd_req] POWER_MSG_SCN_ENABLE: hdl:39, timeout:1000
02-13 13:19:32.193695   354   374 I libPerfService: perfUserScnEnable - handle:39
02-13 13:19:32.195812   354   374 I libPerfService: 39: legacy set freq: 1495000 -1
02-13 13:19:32.201349   359   359 E ccci_fsd(3): fail to open /dev/ccci3_fs: 2
02-13 13:19:32.229637   472   770 D SeninfDrvImp: [init][init]: Entry count 0 
02-13 13:19:32.231764   472   770 D SeninfDrvImp: [init]Efuse Data:0x11c00180= 0x0, 0x11c00184= 0x0
02-13 13:19:32.231885   472   770 D SeninfDrvImp: [init][init]: Exit count 1 
02-13 13:19:32.232015   472   770 D ImgSensorDrv: [init][init] imgsensor_drv 1
02-13 13:19:32.232360   472   770 D SeninfDrvImp: [configMclk][configMclk] Tg0clk: 24 pcEn = 1
02-13 13:19:32.232542   472   770 D SeninfDrvImp: [configMclk]mclk0: 24, clkCnt1: 0 pclkInv 0
02-13 13:19:32.232774   472   770 D SeninfDrvImp: [setMclk1][setMclk1]pcEn(1), clkPol(0), mMclk1User(1), TimestampClk(11), SENINF_TG1_PH_CNT(0x80000005), mclkSel 24
02-13 13:19:32.233855   472   770 D SeninfDrvImp: [setMclk1IODrivingCurrent]DrivingIdx(3), Reg(0x00000003)
02-13 13:19:32.249977   451   451 I BufferProvider: found effect "Multichannel Downmix To Stereo" from The Android Open Source Project
02-13 13:19:32.251556   451   451 I AudioFlinger: Using module 10 as the primary audio interface
02-13 13:19:32.251857   337   337 W AudioALSAStreamManager: setMode(), mAudioMode: 0 == 0, return
02-13 13:19:32.252281   337   337 D AudioALSAHardware: +getParameters(), key = GetBesLoudnessStatus
02-13 13:19:32.252484   337   337 D AudioALSAHardware: -getParameters(), return "GetBesLoudnessStatus=1"
02-13 13:19:32.253120   337   337 D AudioALSAHardware: +getParameters(), key = GetGainTableSceneCount
02-13 13:19:32.253265   337   337 D AudioALSAHardware: getParameters(), GetGainTableSceneCount, sceneCount = 1
02-13 13:19:32.253333   337   337 D AudioALSAHardware: -getParameters(), return "GetGainTableSceneCount=1"
02-13 13:19:32.253827   337   337 D AudioALSAHardware: +getParameters(), key = GetGainTableSceneTable
02-13 13:19:32.254020   337   337 D AudioALSAHardware: GetAudioData(), par1 = 0x103, len = 14240
02-13 13:19:32.254060   337   337 D AudioALSAHardware: GetAudioCommonData(), par1=0x103, len=14240
02-13 13:19:32.254100   337   337 D AudioALSAHardware: GetAudioEncodedBuffer(), before encode (), sz_in(14244), sz_out(18992)
02-13 13:19:32.254257   337   337 D AudioALSAHardware: GetAudioEncodedBuffer(), after encode (AAAAAP8SAAAAEBIAAAAEEgAAAAAQAAAAAA0AAAAACgAAAAAHAAAAAAQAAAAAAAAAAAAAAAAAAAAAAAAAAAAAAAAAAAAAAAAAAAAAAAAAAAAAAAAA/wAGAABsAAYAAGAABgAAVAAGAABIAAYAADwABgAAMAAGAAAkAAYAAAAAAAAAAAAAAAAAAAAAAAAAAAAAAAAAAAAAAAAAAAAAAAAAAAAAAAD/AAAACVgAAAAJTAAAAAlAAAAACTQAAAAJKAAAAAkcAAAACRAAAAAJAAAAAAAAAAAAAAAAAAAAAAAAAAAAAAAAAAAAAAAAAAAAAAAAAAAAAP8ABgAAbAAGAABgAAYAAFQABgAASAAGAAA8AAYAADAABgAAJAAGAAAAAAAAAAAAAAAAAAAAAAAAAAAAAAAAAAAAAAAAAAAAAAAAAAAAAAAAAAAAAAAAAAAAAAAAAAAAAAAAAAAAAAAAAAAAAAAAAAAAAAAAAAAAAAAAAAAAAAAAAAAAAAAAAAAAAAAAAAAAAAAAAAAAAAAAAAAAAAAAAAD/AAYAAGwABgAAYAAGAABUAAYAAEgABgAAPAAGAAAwAAYAACQABgAAAAAAAAAAAAAAAAAAAAAAAAAAAAAAAAAAAAAAAAAAAAAAAAAAAAAAAP8ABgAAbAAGAABgAAYAAFQABgAASAAGAAA8AAYAADAABgAAJAAGAAAAAAAAAAAAAAAAAAAAAAAAAAAAAAAAAAAAAAAAAAAAAAAAAAAAAAAA/xIAAAAQEgAAAAQSAAAAABAAAAAADQAAAAAKAAAAAAcAAAAABAAAAAAAAAAAAAAAAAAAAAAAAAAAAAAAAAAAAAAAAAAAAAAAAAAAAAAAAAAAAAAAAAAAAAAAAAAAAAAAAAAAAAAAAAAAAAAAAAAAAAAAAAAAAAAAAAAAAAAAAAAAAAAAAAAAAAAAAAAAAAAAAAAAAAAAAAAAAAAAAAAAAAAAAAAAAAAAAAAAAAAA
02-13 13:19:32.254414   337   337 D AudioALSAHardware: -getParameters(), return "GetGainTableSceneTable=AAAAAP8SAAAAEBIAAAAEEgAAAAAQAAAAAA0AAAAACgAAAAAHAAAAAAQAAAAAAAAAAAAAAAAAAAAAAAAAAAAAAAAAAAAAAAAAAAAAAAAAAAAAAAAA/wAGAABsAAYAAGAABgAAVAAGAABIAAYAADwABgAAMAAGAAAkAAYAAAAAAAAAAAAAAAAAAAAAAAAAAAAAAAAAAAAAAAAAAAAAAAAAAAAAAAD/AAAACVgAAAAJTAAAAAlAAAAACTQAAAAJKAAAAAkcAAAACRAAAAAJAAAAAAAAAAAAAAAAAAAAAAAAAAAAAAAAAAAAAAAAAAAAAAAAAAAAAP8ABgAAbAAGAABgAAYAAFQABgAASAAGAAA8AAYAADAABgAAJAAGAAAAAAAAAAAAAAAAAAAAAAAAAAAAAAAAAAAAAAAAAAAAAAAAAAAAAAAAAAAAAAAAAAAAAAAAAAAAAAAAAAAAAAAAAAAAAAAAAAAAAAAAAAAAAAAAAAAAAAAAAAAAAAAAAAAAAAAAAAAAAAAAAAAAAAAAAAAAAAAAAAD/AAYAAGwABgAAYAAGAABUAAYAAEgABgAAPAAGAAAwAAYAACQABgAAAAAAAAAAAAAAAAAAAAAAAAAAAAAAAAAAAAAAAAAAAAAAAAAAAAAAAP8ABgAAbAAGAABgAAYAAFQABgAASAAGAAA8AAYAADAABgAAJAAGAAAAAAAAAAAAAAAAAAAAAAAAAAAAAAAAAAAAAAAAAAAAAAAAAAAAAAAA/xIAAAAQEgAAAAQSAAAAABAAAAAADQAAAAAKAAAAAAcAAAAABAAAAAAAAAAAAAAAAAAAAAAAAAAAAAAAAAAAAAAAAAAAAAAAAAAAAAAAAAAAAAAAAAAAAAAAAAAAAAAAAAAAAAAAAAAAAAAAAAAAAAAAAAAAAAAAAAAAAAAAAAAAAAAAAAAAAAAAAAAAAAAAAAAAAAAAAAAAAAAAAAAAAAAAAAAAAA
02-13 13:19:32.255446   337   337 D AudioALSAHardware: +getParameters(), key = GetGainTableNonSceneTable
02-13 13:19:32.255644   337   337 D AudioALSAHardware: GetAudioData(), par1 = 0x104, len = 12064
02-13 13:19:32.255692   337   337 D AudioALSAHardware: GetAudioCommonData(), par1=0x104, len=12064
02-13 13:19:32.255727   337   337 D AudioALSAHardware: GetAudioEncodedBuffer(), before encode (), sz_in(12068), sz_out(16092)
02-13 13:19:32.255944   337   337 D AudioALSAHardware: GetAudioEncodedBuffer(), after encode (AAAAAP8SAAAAEBIAAAAEEgAAAAAQAAAAAA0AAAAADAAAAAAIAAAAAAUAAAAAAAAAAAAAAAAAAAAAAAAAAAAAAAAAAAAAAAAAAAAAAAAAAAAAAAAA/wAGAABsAAYAAGAABgAAVAAGAABIAAYAADwABgAAMAAGAAAkAAYAAAAAAAAAAAAAAAAAAAAAAAAAAAAAAAAAAAAAAAAAAAAAAAAAAAAAAAD/AAAACVgAAAAJTAAAAAlAAAAACTQAAAAJKAAAAAkcAAAACRAAAAAJAAAAAAAAAAAAAAAAAAAAAAAAAAAAAAAAAAAAAAAAAAAAAAAAAAAAAP8ABgAAbAAGAABgAAYAAFQABgAASAAGAAA8AAYAADAABgAAJAAGAAAAAAAAAAAAAAAAAAAAAAAAAAAAAAAAAAAAAAAAAAAAAAAAAAAAAAAAAAAAAAAAAAAAAAAAAAAAAAAAAAAAAAAAAAAAAAAAAAAAAAAAAAAAAAAAAAAAAAAAAAAAAAAAAAAAAAAAAAAAAAAAAAAAAAAAAAAAAAAAAAD/AAYAAGwABgAAYAAGAABUAAYAAEgABgAAPAAGAAAwAAYAACQABgAAAAAAAAAAAAAAAAAAAAAAAAAAAAAAAAAAAAAAAAAAAAAAAAAAAAAAAP8ABgAAbAAGAABgAAYAAFQABgAASAAGAAA8AAYAADAABgAAJAAGAAAAAAAAAAAAAAAAAAAAAAAAAAAAAAAAAAAAAAAAAAAAAAAAAAAAAAAA/xIAAAAQEgAAAAQSAAAAABAAAAAADQAAAAAMAAAAAAgAAAAABQAAAAAAAAAAAAAAAAAAAAAAAAAAAAAAAAAAAAAAAAAAAAAAAAAAAAAAAAAAAAAAAAAAAAAAAAAAAAAAAAAAAAAAAAAAAAAAAAAAAAAAAAAAAAAAAAAAAAAAAAAAAAAAAAAAAAAAAAAAAAAAAAAAAAAAAAAAAAAAAAAAAP8ABgAAWAAGAABMAAYA
02-13 13:19:32.256094   337   337 D AudioALSAHardware: -getParameters(), return "GetGainTableNonSceneTable=AAAAAP8SAAAAEBIAAAAEEgAAAAAQAAAAAA0AAAAADAAAAAAIAAAAAAUAAAAAAAAAAAAAAAAAAAAAAAAAAAAAAAAAAAAAAAAAAAAAAAAAAAAAAAAA/wAGAABsAAYAAGAABgAAVAAGAABIAAYAADwABgAAMAAGAAAkAAYAAAAAAAAAAAAAAAAAAAAAAAAAAAAAAAAAAAAAAAAAAAAAAAAAAAAAAAD/AAAACVgAAAAJTAAAAAlAAAAACTQAAAAJKAAAAAkcAAAACRAAAAAJAAAAAAAAAAAAAAAAAAAAAAAAAAAAAAAAAAAAAAAAAAAAAAAAAAAAAP8ABgAAbAAGAABgAAYAAFQABgAASAAGAAA8AAYAADAABgAAJAAGAAAAAAAAAAAAAAAAAAAAAAAAAAAAAAAAAAAAAAAAAAAAAAAAAAAAAAAAAAAAAAAAAAAAAAAAAAAAAAAAAAAAAAAAAAAAAAAAAAAAAAAAAAAAAAAAAAAAAAAAAAAAAAAAAAAAAAAAAAAAAAAAAAAAAAAAAAAAAAAAAAD/AAYAAGwABgAAYAAGAABUAAYAAEgABgAAPAAGAAAwAAYAACQABgAAAAAAAAAAAAAAAAAAAAAAAAAAAAAAAAAAAAAAAAAAAAAAAAAAAAAAAP8ABgAAbAAGAABgAAYAAFQABgAASAAGAAA8AAYAADAABgAAJAAGAAAAAAAAAAAAAAAAAAAAAAAAAAAAAAAAAAAAAAAAAAAAAAAAAAAAAAAA/xIAAAAQEgAAAAQSAAAAABAAAAAADQAAAAAMAAAAAAgAAAAABQAAAAAAAAAAAAAAAAAAAAAAAAAAAAAAAAAAAAAAAAAAAAAAAAAAAAAAAAAAAAAAAAAAAAAAAAAAAAAAAAAAAAAAAAAAAAAAAAAAAAAAAAAAAAAAAAAAAAAAAAAAAAAAAAAAAAAAAAAAAAAAAAAAAAAAAAAAAAAAAAAAAP8ABgA
02-13 13:19:32.256931   451   451 D AudioPolicyManagerCustomImpl: getGainTable, mGainTableSceneCount 1
02-13 13:19:32.257631   337   337 D AudioALSAHardware: +getParameters(), key = GetGainTableCurrentSceneIndex
02-13 13:19:32.257787   337   337 D AudioMTKGainController: getCurrentSceneIndex(), mSceneIndex = 0
02-13 13:19:32.257893   337   337 D AudioALSAHardware: getParameters(), GetGainTableCurrentSceneIndex, currentSceneIndex = 0
02-13 13:19:32.258019   337   337 D AudioALSAHardware: -getParameters(), return "GetGainTableCurrentSceneIndex=0"
02-13 13:19:32.258387   451   451 D AudioPolicyManagerCustomImpl: Using scene [0]/[1]
02-13 13:19:32.258588   451   622 D AudioSystem: +setParameters(): mono_output=0 
02-13 13:19:32.259933   451   451 W AudioFlinger: moveEffects() bad srcOutput 0
02-13 13:19:32.265132   451   776 I AudioFlinger_Threads: AudioFlinger's thread 0xead835c0 tid=776 ready to run
02-13 13:19:32.265422   451   776 W AudioFlinger_Threads: no wake lock to update, system not ready yet
02-13 13:19:32.265512   451   776 D AudioFlinger_Threads: threadLoop, MtkAudioLoud::initParser()+
02-13 13:19:32.265537   451   776 D NVRAM   : audioComFltCustParamInit + 
02-13 13:19:32.265610   451   776 D NVRAM   : appOpsGetInstance(), init AppOps struct, lib is libaudio_param_parser-sys.so
02-13 13:19:32.289300   490   490 I ip6tables-wrapper-1.0: ip6tables: No chain/target/match by that name.
02-13 13:19:32.292809   451   776 D AudioParamParser-sys: getDebugLevel(), debug level = -1
02-13 13:19:32.292807   472   472 D nvbuf_util.cpp: nvbuf_util.cpp init Mem, nvramId(0), dev(1), size(640000)
02-13 13:19:32.293991   472   472 D nvbuf_util.cpp: nvbuf_util.cpp init Mem, nvramId(0), dev(2), size(640000)
02-13 13:19:32.295108   472   472 D nvbuf_util.cpp: nvbuf_util.cpp init Mem, nvramId(0), dev(4), size(640000)
02-13 13:19:32.296328   472   472 D nvbuf_util.cpp: nvbuf_util.cpp init Mem, nvramId(1), dev(1), size(96504)
02-13 13:19:32.297224   472   472 D nvbuf_util.cpp: nvbuf_util.cpp init Mem, nvramId(1), dev(2), size(96504)
02-13 13:19:32.297811   472   472 D nvbuf_util.cpp: nvbuf_util.cpp init Mem, nvramId(1), dev(4), size(96504)
02-13 13:19:32.298613   472   472 D nvbuf_util.cpp: nvbuf_util.cpp init Mem, nvramId(2), dev(1), size(1050652)
02-13 13:19:32.301986   472   472 D nvbuf_util.cpp: nvbuf_util.cpp init Mem, nvramId(2), dev(2), size(1050652)
02-13 13:19:32.303272   472   472 D nvbuf_util.cpp: nvbuf_util.cpp init Mem, nvramId(2), dev(4), size(1050652)
02-13 13:19:32.304741   472   472 D nvbuf_util.cpp: nvbuf_util.cpp init Mem, nvramId(3), dev(1), size(118784)
02-13 13:19:32.305320   472   472 D nvbuf_util.cpp: nvbuf_util.cpp init Mem, nvramId(3), dev(2), size(118784)
02-13 13:19:32.305981   472   472 D nvbuf_util.cpp: nvbuf_util.cpp init Mem, nvramId(3), dev(4), size(118784)
02-13 13:19:32.307724   472   472 D nvbuf_util.cpp: nvbuf_util.cpp init Mem, nvramId(4), dev(1), size(332672)
02-13 13:19:32.310179   472   472 D nvbuf_util.cpp: nvbuf_util.cpp init Mem, nvramId(4), dev(2), size(332672)
02-13 13:19:32.311398   472   472 D nvbuf_util.cpp: nvbuf_util.cpp init Mem, nvramId(4), dev(4), size(332672)
02-13 13:19:32.312141   472   472 D nvbuf_util.cpp: nvbuf_util.cpp init Mem, nvramId(5), dev(1), size(5120)
02-13 13:19:32.312743   472   472 D nvbuf_util.cpp: nvbuf_util.cpp init Mem, nvramId(5), dev(2), size(5120)
02-13 13:19:32.313304   472   472 D nvbuf_util.cpp: nvbuf_util.cpp init Mem, nvramId(5), dev(4), size(5120)
02-13 13:19:32.315782   472   472 D nvbuf_util.cpp: nvbuf_util.cpp init Mem, nvramId(6), dev(1), size(70520)
02-13 13:19:32.318009   472   472 D nvbuf_util.cpp: nvbuf_util.cpp init Mem, nvramId(6), dev(2), size(70520)
02-13 13:19:32.318478   472   472 D nvbuf_util.cpp: nvbuf_util.cpp init Mem, nvramId(6), dev(4), size(70520)
02-13 13:19:32.318925   472   472 D nvbuf_util.cpp: nvbuf_util.cpp init Mem, nvramId(7), dev(1), size(40)
02-13 13:19:32.319316   472   472 D nvbuf_util.cpp: nvbuf_util.cpp init Mem, nvramId(7), dev(2), size(40)
02-13 13:19:32.319615   472   472 D nvbuf_util.cpp: nvbuf_util.cpp init Mem, nvramId(7), dev(4), size(40)
02-13 13:19:32.319981   472   472 D nvbuf_util.cpp: nvbuf_util.cpp init Mem, nvramId(8), dev(1), size(54000)
02-13 13:19:32.320379   472   472 D nvbuf_util.cpp: nvbuf_util.cpp init Mem, nvramId(8), dev(2), size(54000)
02-13 13:19:32.320936   472   472 D nvbuf_util.cpp: nvbuf_util.cpp init Mem, nvramId(8), dev(4), size(54000)
02-13 13:19:32.321541   472   472 D nvbuf_util.cpp: nvbuf_util.cpp init Mem, nvramId(9), dev(1), size(5344)
02-13 13:19:32.321978   472   472 D nvbuf_util.cpp: nvbuf_util.cpp init Mem, nvramId(9), dev(2), size(5344)
02-13 13:19:32.323409   472   472 D nvbuf_util.cpp: nvbuf_util.cpp init Mem, nvramId(9), dev(4), size(5344)
02-13 13:19:32.323852   472   472 D nvbuf_util.cpp: nvbuf_util.cpp init Mem, nvramId(10), dev(1), size(4096)
02-13 13:19:32.324238   472   472 D nvbuf_util.cpp: nvbuf_util.cpp init Mem, nvramId(10), dev(2), size(4096)
02-13 13:19:32.324733   472   472 D nvbuf_util.cpp: nvbuf_util.cpp init Mem, nvramId(10), dev(4), size(4096)
02-13 13:19:32.325346   472   472 D nvbuf_util.cpp: nvbuf_util.cpp getBufAndReadNoLock+ ln=695 ramId=0 sensorDev=1
02-13 13:19:32.325761   472   472 D NvramDrv: NvramDrv [readNoDefault] id=1 dev=11
02-13 13:19:32.326183   472   472 D NvramDrv: NvramDrv [readNvramData]+ a_eSensorType=1 a_eNvramDataType=11
02-13 13:19:32.326542   472   472 D CAM_CUS_MSDK: CAM_CUS_MSDK [LensCustomInit] DEV 1: (0) 0xffff, 0xffff
02-13 13:19:32.326953   472   472 D CAM_CUS_MSDK: CAM_CUS_MSDK [LensCustomInit] DEV 1: (1) 0x487b, 0x9714
02-13 13:19:32.327302   472   472 D CAM_CUS_MSDK: CAM_CUS_MSDK [LensCustomInit] DEV 1: (2) 0x135, 0x9714
02-13 13:19:32.327590   472   472 D CAM_CUS_MSDK: CAM_CUS_MSDK [LensCustomInit] DEV 1: (3) 0x0, 0x0
02-13 13:19:32.327862   472   472 D CAM_CUS_MSDK: CAM_CUS_MSDK [LensCustomInit] DEV 1: (4) 0x0, 0x0
02-13 13:19:32.328155   472   472 D CAM_CUS_MSDK: CAM_CUS_MSDK [LensCustomInit] DEV 1: (5) 0x0, 0x0
02-13 13:19:32.328443   472   472 D CAM_CUS_MSDK: CAM_CUS_MSDK [LensCustomInit] DEV 1: (6) 0x0, 0x0
02-13 13:19:32.329055   472   472 D CAM_CUS_MSDK: CAM_CUS_MSDK [LensCustomInit] DEV 1: (7) 0x0, 0x0
02-13 13:19:32.329412   472   472 D CAM_CUS_MSDK: CAM_CUS_MSDK [LensCustomInit] DEV 1: (8) 0x0, 0x0
02-13 13:19:32.330374   472   472 D CAM_CUS_MSDK: CAM_CUS_MSDK [LensCustomInit] DEV 1: (9) 0x0, 0x0
02-13 13:19:32.330733   472   472 D CAM_CUS_MSDK: CAM_CUS_MSDK [LensCustomInit] DEV 1: (10) 0x0, 0x0
02-13 13:19:32.331030   472   472 D CAM_CUS_MSDK: CAM_CUS_MSDK [LensCustomInit] DEV 1: (11) 0x0, 0x0
02-13 13:19:32.331330   472   472 D CAM_CUS_MSDK: CAM_CUS_MSDK [LensCustomInit] DEV 1: (12) 0x0, 0x0
02-13 13:19:32.331620   472   472 D CAM_CUS_MSDK: CAM_CUS_MSDK [LensCustomInit] DEV 1: (13) 0x0, 0x0
02-13 13:19:32.331906   472   472 D CAM_CUS_MSDK: CAM_CUS_MSDK [LensCustomInit] DEV 1: (14) 0x0, 0x0
02-13 13:19:32.332340   472   472 D CAM_CUS_MSDK: CAM_CUS_MSDK [LensCustomInit] DEV 1: (15) 0x0, 0x0
02-13 13:19:32.332924   472   472 D NvramDrv: NvramDrv check nvram demon
02-13 13:19:32.334812   472   472 D NVRAM   : length of g_NVRAM_BACKUP_DEVICE=44
02-13 13:19:32.335322   472   472 D NVRAM   : failed to get entry for /nvdata 
02-13 13:19:32.335672   472   472 D NVRAM   : failed to get nvdata path /nvdata 
02-13 13:19:32.336099   472   472 D NVRAM   : nvram_layout_callback will run!!!
02-13 13:19:32.336437   472   472 D NVRAM   : nvram_platform_log_block: 2
02-13 13:19:32.336954   472   472 D NVRAM   : nvram_platform_resv_block: 2
02-13 13:19:32.337323   472   472 D NVRAM   : nvram_platform_DM_block: 1
02-13 13:19:32.338315   472   472 D NVRAM   : nvram_platform_layout_version: 0
02-13 13:19:32.339149   472   472 D NVRAM   : nvram_platform_header_offset: 0
02-13 13:19:32.339499   472   472 D NVRAM   : g_i4CFG_File_Count: 51
02-13 13:19:32.339994   472   472 D NVRAM   : NVM_Init Max Lid: 77
02-13 13:19:32.340834   472   472 D NVRAM   : [NVRAM]: info nvram_gpt_flag =1
02-13 13:19:32.341582   472   472 D NVRAM   : [NVRAM]: info NVRAM Init Completed!
02-13 13:19:32.342356   472   472 D NVRAM   : NVM_GetFileDesc: Open /vendor/nvdata/media/CAMERA_VERSION,LID:22
02-13 13:19:32.343380   472   472 D NVRAM   : NVM_CmpFileVerNo 22  
02-13 13:19:32.343720   449   449 I zygote64: VMRuntime.preloadDexCaches strings total=355895 before=12981 after=12981
02-13 13:19:32.343828   449   449 I zygote64: VMRuntime.preloadDexCaches types total=30023 before=6399 after=6413
02-13 13:19:32.343856   449   449 I zygote64: VMRuntime.preloadDexCaches fields total=140118 before=5827 after=5885
02-13 13:19:32.343877   449   449 I zygote64: VMRuntime.preloadDexCaches methods total=265514 before=12101 after=12166
02-13 13:19:32.343895   449   449 I zygote64: VMRuntime.preloadDexCaches finished
02-13 13:19:32.344927   472   472 D NVRAM   : Load File Version: 000, NvRam File Version: 000
02-13 13:19:32.349660   472   472 D NVRAM   : NVM_ProtectDataFile : 22 ++
02-13 13:19:32.350026   472   472 D NVRAM   : iCustomBeginLID = 51
02-13 13:19:32.350989   472   472 D NVRAM   : NVM_CheckFileSize:stat_size:82,size in table:80
02-13 13:19:32.383823   490   490 I ip6tables-wrapper-1.0: ip6tables-wrapper-1.0 terminated by exit(1)
02-13 13:19:32.384063   490   490 E NetdagentIptables: exec() res=0, status=256 for /system/bin/ip6tables-wrapper-1.0 -w -t filter -F oem_wifi 
02-13 13:19:32.413694   451   776 E AudioParamParser-sys: audioTypeLoadParamUnitHash(), No paramUnit element found!
02-13 13:19:32.424729   472   472 D NVRAM   : NVM_CheckFile: File is correct!
02-13 13:19:32.424796   472   472 D NVRAM   : NVM_ProtectUserData:Check Success
02-13 13:19:32.424816   472   472 D NVRAM   : NVM_GetFileDesc ProtectDataFile Check Success!!
02-13 13:19:32.427507   472   472 D NVRAM   : NVM_CloseFileDesc: Open by Readonly, no need to check when close
02-13 13:19:32.427595   472   472 D NvramDrv: NvramDrv [readNvramData]- 0 0 0 0 0 0 0 0 0 0
02-13 13:19:32.427674   472   472 D nvbuf_util.cpp: nvbuf_util.cpp readRamVersion nvRamId=0 ver : isp=0,3a=0,sh=0,lens=0,pl=0,stb=0,tsf=0,geo=0,feature=0
02-13 13:19:32.427985   472   472 D nvbuf_util.cpp: nvbuf_util.cpp readRamVersion ln=717 ver=0 err=0
02-13 13:19:32.430230   472   472 D nvbuf_util.cpp: nvbuf_util.cpp ln=430 1
02-13 13:19:32.430301   472   472 D nvbuf_util.cpp: nvbuf_util.cpp ln=448 18555
02-13 13:19:32.430326   472   472 D NvramDrv: NvramDrv [readNvrameEx] sensor type = 1; NVRAM data type = 0
02-13 13:19:32.430797   472   472 D NvramDrv: NvramDrv checkDataVersionNew
02-13 13:19:32.430990   472   472 D NvramDrv: NvramDrv checkDataVersionNew v=0 vTar=1
02-13 13:19:32.431188   472   472 D NvramDrv: NvramDrv [readDefaultData] sensor ID = 18555; NVRAM data type = 0
02-13 13:19:32.449281   337   763 D vndksupport: Loading /vendor/lib/hw/audio.primary.mt6739.so from current namespace instead of sphal namespace.
02-13 13:19:32.450179   337   763 D mtk_audio_hw_hal: gAudioHALRefCountByClient + 2
02-13 13:19:32.452709   337   763 D AudioALSAHardware: setAudioParameterChangedCallback(), add callback = 0x0xf202d199, cookie = 0x0xf23a4500, callback size = 0->1
02-13 13:19:32.454638   451   776 D NVRAM   : audioComFltCustParamInit - callbackAudioCompFltCustParamXmlChanged
02-13 13:19:32.454761   451   776 D AudioFlinger_Threads: threadLoop, MtkAudioLoud::initParser()-
02-13 13:19:32.455219   337   337 D AudioALSAHardware: +routing createAudioPatch Mixer->2
02-13 13:19:32.455317   337   337 D AudioALSAStreamManager: +setParameters(), IOport = 13, keyValuePairs = routing=2
02-13 13:19:32.455454   337   337 D         : -updateDeviceInfoForVoiceWakeUp(), mIsUseHeadsetMic = 0, bIsUseHeadsetMic = 0
02-13 13:19:32.455484   337   337 W AudioALSAStreamManager: routingOutputDevice(), flag: 6, mPhoneCallSpeechOpen = 0, output_devices == current_output_devices(0x2), return
02-13 13:19:32.456317   337   337 D AudioALSAStreamOut: standby(), flag 6
02-13 13:19:32.456486   337   337 D AudioALSAStreamOut: standbyStreamOut(), flag 6
02-13 13:19:32.456712   472   472 D nvbuf_util.cpp: nvbuf_util.cpp getBufAndRead- ln=738
02-13 13:19:32.457749   472   472 D nvbuf_util.cpp: nvbuf_util.cpp getBufAndReadNoLock+ ln=695 ramId=2 sensorDev=1
02-13 13:19:32.457847   472   472 D nvbuf_util.cpp: nvbuf_util.cpp readRamVersion nvRamId=2 ver : isp=0,3a=0,sh=0,lens=0,pl=0,stb=0,tsf=0,geo=0,feature=0
02-13 13:19:32.457871   472   472 D nvbuf_util.cpp: nvbuf_util.cpp readRamVersion ln=717 ver=0 err=0
02-13 13:19:32.457892   472   472 D nvbuf_util.cpp: nvbuf_util.cpp ln=430 1
02-13 13:19:32.457910   472   472 D nvbuf_util.cpp: nvbuf_util.cpp ln=448 18555
02-13 13:19:32.457933   472   472 D NvramDrv: NvramDrv [readNvrameEx] sensor type = 1; NVRAM data type = 2
02-13 13:19:32.457989   472   472 D NvramDrv: NvramDrv checkDataVersionNew
02-13 13:19:32.458006   472   472 D NvramDrv: NvramDrv checkDataVersionNew v=0 vTar=1
02-13 13:19:32.458027   472   472 D NvramDrv: NvramDrv [readDefaultData] sensor ID = 18555; NVRAM data type = 2
02-13 13:19:32.459135   451   776 W AudioFlinger_Threads: no wake lock to update, system not ready yet
02-13 13:19:32.461022   337   337 D AudioALSAHardware: +getParameters(), key = GetSpeakerProtection
02-13 13:19:32.461249   337   337 D AudioALSAHardware: -getParameters(), return "GetSpeakerProtection=0"
02-13 13:19:32.462713   451   451 D AudioPolicyManagerCustomImpl: Not support GetSpeakerProtection
02-13 13:19:32.462888   451   451 I AudioFlinger: openOutput() this 0xeb7be000, module 10 Device 2, SamplingRate 48000, Format 0x000003, Channels 3, flags 8
02-13 13:19:32.463357   337   337 D AudioALSAStreamManager: +openOutputStream()
02-13 13:19:32.463484   337   337 D AudioALSAStreamManager: openOutputStream(), devices = 0x2, format = 0x3, channels = 0x3, sampleRate = 48000, status = 0x15
02-13 13:19:32.463514   337   337 D AudioALSAStreamOut: AudioALSAStreamOut()
02-13 13:19:32.463566   337   337 D AudioALSAStreamOut: set(), devices = 0x2, format = 0x3, channels = 0x3, sampleRate = 48000, flags = 0x8
02-13 13:19:32.463597   337   337 D AudioALSASampleRateController: +setPrimaryStreamOutSampleRate(), mPrimaryStreamOutSampleRate: 48000 => 48000
02-13 13:19:32.463635   337   337 W AudioALSASampleRateController: -setPrimaryStreamOutSampleRate(), sample_rate == mPrimaryStreamOutSampleRate, return
02-13 13:19:32.463672   337   337 D AudioALSAStreamOut: reduce hal buffer size 24576 -> 16384
02-13 13:19:32.463716   337   337 D AudioALSAStreamOut: set(), mStreamAttributeSource.latency 85, mStreamAttributeSource.buffer_size =16384, channels 2.
02-13 13:19:32.463758   337   337 D NVRAM   : getPlaybackPostProcessParameterFromXML Type/Name [0]/[PlaybackACF]
02-13 13:19:32.463833   337   337 D NVRAM   : bes_loudness_L_hpf_fc = 300
02-13 13:19:32.463851   337   337 D NVRAM   : bes_loudness_L_hpf_order = 2
02-13 13:19:32.463868   337   337 D NVRAM   : bes_loudness_L_lpf_fc = 8000
02-13 13:19:32.463882   337   337 D NVRAM   : bes_loudness_L_lpf_order = 1
02-13 13:19:32.463901   337   337 D NVRAM   : bes_loudness_R_hpf_fc = 0
02-13 13:19:32.463917   337   337 D NVRAM   : bes_loudness_R_hpf_order = 0
02-13 13:19:32.463932   337   337 D NVRAM   : bes_loudness_R_lpf_fc = 0
02-13 13:19:32.463946   337   337 D NVRAM   : bes_loudness_R_lpf_order = 0
02-13 13:19:32.463963   337   337 D NVRAM   : bes_loudness_Sep_LR_Filter = 0
02-13 13:19:32.463978   337   337 D NVRAM   : bes_loudness_WS_Gain_Max = 0
02-13 13:19:32.463994   337   337 D NVRAM   : bes_loudness_WS_Gain_Min = 0
02-13 13:19:32.464009   337   337 D NVRAM   : bes_loudness_Filter_First = 0
02-13 13:19:32.464023   337   337 D NVRAM   : bes_loudness_Num_Bands = 0
02-13 13:19:32.464038   337   337 D NVRAM   : bes_loudness_Flt_Bank_Order = 0
02-13 13:19:32.464054   337   337 D NVRAM   : DRC_Delay = 0
02-13 13:19:32.464069   337   337 D NVRAM   : Lim_Th = 0
02-13 13:19:32.464082   337   337 D NVRAM   : Lim_Gn = 0
02-13 13:19:32.464094   337   337 D NVRAM   : Lim_Const = 0
02-13 13:19:32.464107   337   337 D NVRAM   : Lim_Delay = 0
02-13 13:19:32.464119   337   337 D NVRAM   : SWIPRev = 0x520
02-13 13:19:32.464136   337   337 D NVRAM   : getPlaybackPostProcessParameterFromXML Parameter 0 returnValue 0
02-13 13:19:32.464170   337   337 D MtkAudioLoud: mIsZeroCoeff 0 mFilterType 0
02-13 13:19:32.464229   337   337 D AudioMTKFilterManager: +Init AudioMTKFilter_VibSpkAddTone
02-13 13:19:32.464271   337   337 D AudioMTKFilterManager: sampleRate [48000] channel [2] format [0x3] bufferSize [16384]
02-13 13:19:32.464287   337   337 D AudioMTKFilterManager: -Init AudioMTKFilter_VibSpkAddTone
02-13 13:19:32.464300   337   337 D AudioVIBSPKControl: getInstance()
02-13 13:19:32.464335   337   337 D AudioFtm: GetVibSpkCalibrationStatus()
02-13 13:19:32.464505   337   337 D NVRAM   : NVM_GetFileDesc: Open /vendor/nvdata/media/VibSpk_CompFlt,LID:68
02-13 13:19:32.464679   337   337 D NVRAM   : NVM_CmpFileVerNo 68  
02-13 13:19:32.464807   337   337 D NVRAM   : Load File Version: 001, NvRam File Version: 001
02-13 13:19:32.464842   337   337 D NVRAM   : NVM_ProtectDataFile : 68 ++
02-13 13:19:32.464856   337   337 D NVRAM   : iCustomBeginLID = 51
02-13 13:19:32.464902   337   337 D NVRAM   : NVM_CheckFileSize:stat_size:1262,size in table:1260
02-13 13:19:32.468511   337   337 D NVRAM   : NVM_CheckFile: File is correct!
02-13 13:19:32.471660   337   337 D NVRAM   : NVM_ProtectUserData:Check Success
02-13 13:19:32.473109   337   337 D NVRAM   : NVM_GetFileDesc ProtectDataFile Check Success!!
02-13 13:19:32.482168   490   490 I iptables-wrapper-1.0: iptables: No chain/target/match by that name.
02-13 13:19:32.483329   490   490 I iptables-wrapper-1.0: iptables-wrapper-1.0 terminated by exit(1)
02-13 13:19:32.483620   490   490 E NetdagentIptables: exec() res=0, status=256 for /system/bin/iptables-wrapper-1.0 -w -t filter -X oem_wifi 
02-13 13:19:32.485860   337   337 D NVRAM   : NVM_CloseFileDesc: Open by Readonly, no need to check when close
02-13 13:19:32.485939   337   337 D AudioMTKFilterManager: VibSpkReadFrequency:9c
02-13 13:19:32.486005   337   337 D AudioVIBSPKControl: setParameters:bb80 9c f 5
02-13 13:19:32.486058   337   337 D MtkAudioBitConverter: +open(), format 0, CH 2, SR 48000
02-13 13:19:32.486251   337   337 D NVRAM   : NVM_GetFileDesc: Open /vendor/nvdata/media/VibSpk_CompFlt,LID:68
02-13 13:19:32.486347   337   337 D NVRAM   : NVM_CmpFileVerNo 68  
02-13 13:19:32.486413   337   337 D NVRAM   : Load File Version: 001, NvRam File Version: 001
02-13 13:19:32.486433   337   337 D NVRAM   : NVM_ProtectDataFile : 68 ++
02-13 13:19:32.486447   337   337 D NVRAM   : iCustomBeginLID = 51
02-13 13:19:32.486481   337   337 D NVRAM   : NVM_CheckFileSize:stat_size:1262,size in table:1260
02-13 13:19:32.488038   337   337 D NVRAM   : NVM_CheckFile: File is correct!
02-13 13:19:32.488083   337   337 D NVRAM   : NVM_ProtectUserData:Check Success
02-13 13:19:32.488106   337   337 D NVRAM   : NVM_GetFileDesc ProtectDataFile Check Success!!
02-13 13:19:32.493359   472   472 D nvbuf_util.cpp: nvbuf_util.cpp getBufAndRead- ln=738
02-13 13:19:32.493485   472   472 D nvbuf_util.cpp: nvbuf_util.cpp getBufAndReadNoLock+ ln=695 ramId=1 sensorDev=1
02-13 13:19:32.493516   472   472 D nvbuf_util.cpp: nvbuf_util.cpp readRamVersion nvRamId=1 ver : isp=0,3a=0,sh=0,lens=0,pl=0,stb=0,tsf=0,geo=0,feature=0
02-13 13:19:32.493534   472   472 D nvbuf_util.cpp: nvbuf_util.cpp readRamVersion ln=717 ver=0 err=0
02-13 13:19:32.493551   472   472 D nvbuf_util.cpp: nvbuf_util.cpp ln=430 1
02-13 13:19:32.493568   472   472 D nvbuf_util.cpp: nvbuf_util.cpp ln=448 18555
02-13 13:19:32.493590   472   472 D NvramDrv: NvramDrv [readNvrameEx] sensor type = 1; NVRAM data type = 1
02-13 13:19:32.493628   472   472 D NvramDrv: NvramDrv checkDataVersionNew
02-13 13:19:32.493644   472   472 D NvramDrv: NvramDrv checkDataVersionNew v=0 vTar=1
02-13 13:19:32.493664   472   472 D NvramDrv: NvramDrv [readDefaultData] sensor ID = 18555; NVRAM data type = 1
02-13 13:19:32.493790   472   472 D nvbuf_util.cpp: nvbuf_util.cpp getBufAndRead- ln=738
02-13 13:19:32.493874   472   472 D nvbuf_util.cpp: nvbuf_util.cpp getBufAndReadNoLock+ ln=695 ramId=6 sensorDev=1
02-13 13:19:32.493905   472   472 D nvbuf_util.cpp: nvbuf_util.cpp readRamVersion nvRamId=6 ver : isp=0,3a=0,sh=0,lens=0,pl=0,stb=0,tsf=0,geo=0,feature=0
02-13 13:19:32.493923   472   472 D nvbuf_util.cpp: nvbuf_util.cpp readRamVersion ln=717 ver=0 err=0
02-13 13:19:32.493939   472   472 D nvbuf_util.cpp: nvbuf_util.cpp ln=430 1
02-13 13:19:32.493956   472   472 D nvbuf_util.cpp: nvbuf_util.cpp ln=448 18555
02-13 13:19:32.493977   472   472 D NvramDrv: NvramDrv [readNvrameEx] sensor type = 1; NVRAM data type = 6
02-13 13:19:32.494018   472   472 D NvramDrv: NvramDrv [readDefaultData] sensor ID = 18555; NVRAM data type = 6
02-13 13:19:32.494085   472   472 D nvbuf_util.cpp: nvbuf_util.cpp getBufAndRead- ln=738
02-13 13:19:32.494285   472   472 D CAM_CUS_MSDK: CAM_CUS_MSDK GetCameraCalData(MainSensorIdx=487b) Enter
02-13 13:19:32.494348   472   472 I CamCalCamCal: ver3900~ pCamCalData->sensorID=487b
02-13 13:19:32.494382   472   472 I CamCalCamCal: ver3900~ pCamCalData->deviceID=1
02-13 13:19:32.494397   472   472 I CamCalCamCal: ver3900~ gIsInitedCamCal=2
02-13 13:19:32.494413   472   472 I CamCalCamCal: ver3900~ pCamCalData->Command = 0x2 
02-13 13:19:32.494426   472   472 I CamCalCamCal: ver3900~ lsCommand = 0x2 
02-13 13:19:32.494440   472   472 I CamCalCamCal: ver3900~ gIsInitedCamCal=2
02-13 13:19:32.494454   472   472 I CamCalCamCal: ver3900~ gIsInitedCamCal=2
02-13 13:19:32.494473   472   472 I CamCalCamCal: ver3900~ g_lastSensorID=0  pCamCalData->sensorID=487b
02-13 13:19:32.495704   456   456 D PQ      : [PQ_PROT] [PQCust] libpq_cust_base.so OK, libpq_cust.so absent
02-13 13:19:32.497786   472   472 I CamCalCamCal: ver3900~ lCamcamFID= 0xd5
02-13 13:19:32.497865   472   472 I CamCalCamCal: ver3900~ u4Offset=1 u4Length=4 sensorID=487b
02-13 13:19:32.497959   472   472 I CamCalCamCal: ver3900~ Table[0] ID= 0x10b00ff, CID = 0x10b00ff
02-13 13:19:32.497990   472   472 I CamCalCamCal: ver3900~ CID Matched! DevID=1, DataVer=2
02-13 13:19:32.498004   472   472 I CamCalCamCal: ver3900~ LayoutType= 0x0
02-13 13:19:32.498016   472   472 I CamCalCamCal: ver3900~ result= 0x0
02-13 13:19:32.498050   472   472 I CamCalCamCal: ver3900~ DoCamCalLayoutCheck result= 0
02-13 13:19:32.498066   472   472 I CamCalCamCal: ver3900~ gIsInitedCamCal=0
02-13 13:19:32.500166   472   472 E CamCalCamCal: ver3900~Err:   282: Return ERROR ERR_NO_SHADING
02-13 13:19:32.500230   472   472 I CamCalCamCal: ver3900~ result = 0x100
02-13 13:19:32.500458   472   472 D gma_core: [GmaCore] constructor, sensor dev:1
02-13 13:19:32.501358   468   595 I ServiceManager: Waiting for service package_native...
02-13 13:19:32.508924   337   337 D NVRAM   : NVM_CloseFileDesc: Open by Readonly, no need to check when close
02-13 13:19:32.509049   337   337 D MtkAudioLoud: mIsZeroCoeff 0 mFilterType 3
02-13 13:19:32.509154   337   337 D AudioMTKFilterManager: mFixedParam 0
02-13 13:19:32.509211   337   337 D AudioALSAStreamManager: -openOutputStream(), out = 0xf23f2400, status = 0x0, mStreamOutVector.size() = 2
02-13 13:19:32.510988   451   451 I AudioFlinger_Threads: HAL output buffer size 2048 frames, normal sink buffer size 2048 frames
02-13 13:19:32.513053   451   622 D AudioSystem: +setParameters(): mono_output=0 
02-13 13:19:32.514026   451   783 I AudioFlinger_Threads: AudioFlinger's thread 0xea783a40 tid=783 ready to run
02-13 13:19:32.514224   451   783 W AudioFlinger_Threads: no wake lock to update, system not ready yet
02-13 13:19:32.514297   451   783 D AudioFlinger_Threads: threadLoop, MtkAudioLoud::initParser()+
02-13 13:19:32.514332   451   783 D AudioFlinger_Threads: threadLoop, MtkAudioLoud::initParser()-
02-13 13:19:32.515123   337   337 D AudioALSAHardware: +routing createAudioPatch Mixer->2
02-13 13:19:32.515303   337   337 D AudioALSAStreamManager: +setParameters(), IOport = 21, keyValuePairs = routing=2
02-13 13:19:32.515445   337   337 D         : -updateDeviceInfoForVoiceWakeUp(), mIsUseHeadsetMic = 0, bIsUseHeadsetMic = 0
02-13 13:19:32.515497   337   337 W AudioALSAStreamManager: routingOutputDevice(), flag: 8, mPhoneCallSpeechOpen = 0, output_devices == current_output_devices(0x2), return
02-13 13:19:32.517379   337   337 D AudioALSAStreamOut: standby(), flag 8
02-13 13:19:32.517495   337   337 D AudioALSAStreamOut: standbyStreamOut(), flag 8
02-13 13:19:32.518843   451   783 W AudioFlinger_Threads: no wake lock to update, system not ready yet
02-13 13:19:32.524245   337   763 D AudioALSAStreamManager: openInputStream(), devices = 0x80000004, format = 0x1, channels = 0xc, sampleRate = 48000, status = 14, acoustics = 0x0
02-13 13:19:32.524418   337   763 D AudioALSAStreamIn: AudioALSAStreamIn()
02-13 13:19:32.524492   337   763 D AudioALSAStreamIn: set(), devices = 0x80000004, format = 0x1, channels = 0xc, sampleRate = 48000, acoustics = 0x0, flags = 0
02-13 13:19:32.524532   337   763 D AudioALSAStreamIn: CheckBesRecordInfo()
02-13 13:19:32.524550   337   763 D AudioSpeechEnhanceInfo: GetBesRecScene() -1
02-13 13:19:32.524662   337   763 D AudioSpeechEnhanceInfo: IsBesRecTuningEnable()- 0
02-13 13:19:32.524703   337   763 D NVRAM   : getNumMicSupport(), dualMicFlag 0, numMicString 2
02-13 13:19:32.524751   337   763 D NVRAM   : QueryFeatureSupportInfo(), feature support bit 0x1a090055 
02-13 13:19:32.524780   337   763 D NVRAM   : getNumMicSupport(), dualMicFlag 0, numMicString 2
02-13 13:19:32.524803   337   763 D NVRAM   : QueryFeatureSupportInfo(), feature support bit 0x1a090055 
02-13 13:19:32.524821   337   763 D AudioSpeechEnhanceInfo: GetForceMagiASRState(), feature_support=1a090055, 0, mForceMagiASR=0
02-13 13:19:32.524856   337   763 D AudioSpeechEnhanceInfo: GetForceAECRecState(), mForceAECRec=0
02-13 13:19:32.524892   337   763 D AudioALSAStreamIn: set() done, sampleRate = 48000, num_channels = 2, buffer_size=3840, tempDebugflag = 0
02-13 13:19:32.524939   337   763 D AudioALSAStreamManager: -openInputStream(), in = 0xf23f3400, status = 0x0, mStreamInVector.size() = 1
02-13 13:19:32.524981   337   763 D AudioALSAStreamIn: +setParameters(): input_source=1
02-13 13:19:32.525065   337   763 D AudioALSAStreamIn: -setParameters(): input_source=1 
02-13 13:19:32.530299   456   456 D PQ      : [PQ_PROT] [PQCust] libpq_cust_base_mtk.so absent, libpq_cust_mtk.so absent
02-13 13:19:32.531164   456   456 D AVStageFactory: createInstance(32bit): createVendorAVFactory success!
02-13 13:19:32.532026   456   456 D AVStageUtils: createInstance(32bit): createVendorAVUtils success!
02-13 13:19:32.532277   456   456 D AVStageFactory: createInstance(32bit): createVendorAVFactory success!
02-13 13:19:32.533490   456   456 D AVStageUtils: createInstance(32bit): createVendorAVUtils success!
02-13 13:19:32.538225   490   490 I ip6tables-wrapper-1.0: ip6tables: No chain/target/match by that name.
02-13 13:19:32.539379   456   456 I         : [VT][SRV]ServiceManager: 0xe479f880
02-13 13:19:32.539461   456   456 I         : [VT][SRV]before VTService_instantiate
02-13 13:19:32.539479   456   456 E VT      : [VTS] before addService
02-13 13:19:32.540354   451   784 I AudioFlinger_Threads: AudioFlinger's thread 0xea603740 tid=784 ready to run
02-13 13:19:32.541994   490   490 I ip6tables-wrapper-1.0: ip6tables-wrapper-1.0 terminated by exit(1)
02-13 13:19:32.542330   490   490 E NetdagentIptables: exec() res=0, status=256 for /system/bin/ip6tables-wrapper-1.0 -w -t filter -X oem_wifi 
02-13 13:19:32.542888   337   763 D AudioALSAStreamManager: +closeInputStream(), in = 0xf23f3400, size() = 1
02-13 13:19:32.543021   337   763 D AudioALSAStreamIn: ~AudioALSAStreamIn()
02-13 13:19:32.543072   337   763 D AudioALSAStreamManager: -closeInputStream(), mStreamInVector.size() = 0
02-13 13:19:32.589270   451   451 I bt_a2dp_hw: adev_open:  adev_open in A2dp_hw module
02-13 13:19:32.589455   451   451 I AudioFlinger: loadHwModule() Loaded a2dp audio interface, handle 18
02-13 13:19:32.590208   337   763 D vndksupport: Loading /vendor/lib/hw/audio.usb.default.so from current namespace instead of sphal namespace.
02-13 13:19:32.602657   451   451 I AudioFlinger: loadHwModule() Loaded usb audio interface, handle 26
02-13 13:19:32.603149   337   763 D vndksupport: Loading /vendor/lib/hw/audio.r_submix.mt6739.so from current namespace instead of sphal namespace.
02-13 13:19:32.612498   337   763 I r_submix: adev_open(name=audio_hw_if)
02-13 13:19:32.614365   337   763 I r_submix: adev_init_check()
02-13 13:19:32.615685   337   763 W DeviceHAL: Device set_master_mute: Function not implemented
02-13 13:19:32.616208   451   451 I AudioFlinger: loadHwModule() Loaded r_submix audio interface, handle 34
02-13 13:19:32.616749   337   763 D r_submix: adev_open_input_stream(addr=0)
02-13 13:19:32.616969   337   763 D r_submix: submix_audio_device_create_pipe_l(addr=0, idx=9)
02-13 13:19:32.617198   337   763 D r_submix:   now using address 0 for route 9
02-13 13:19:32.622486   451   789 I AudioFlinger_Threads: AudioFlinger's thread 0xea6031c0 tid=789 ready to run
02-13 13:19:32.622945   451   451 E EffectsConfig: Failed to parse /vendor/etc/audio_effects.xml: Tinyxml2 error (3): /vendor/etc/audio_effects.xml (null)
02-13 13:19:32.623040   451   451 W AudioPolicyEffects: Failed to load XML effect configuration, fallback to .conf
02-13 13:19:32.625043   451   451 D audioserver: AudioPolicyService init done
02-13 13:19:32.626221   312   312 W /system/bin/hwservicemanager: getTransport: Cannot find entry android.hardware.soundtrigger@2.0::ISoundTriggerHw/default in either framework or device manifest.
02-13 13:19:32.627786   451   451 E SoundTriggerHwService: could not read implementation properties
02-13 13:19:32.629357   451   451 D audioserver: SoundTriggerHwService init done
02-13 13:19:32.632146   337   763 D r_submix: adev_close_input_stream()
02-13 13:19:32.632228   337   763 D r_submix: submix_audio_device_release_pipe_l(idx=9) addr=0
02-13 13:19:32.632264   337   763 D r_submix: submix_audio_device_destroy_pipe_l(): pipe destroyed
02-13 13:19:32.694100   472   472 D AppTsf  : [AppTsf] constructor
02-13 13:19:32.694673   472   472 D tsf_core: [TsfCore] constructor
02-13 13:19:32.700349   472   472 D FlashAlgM: FlashAlgM 0
02-13 13:19:32.700737   368   368 I wmt_launcher: (persist.mtk.wcn.fwlog.status) is not supported
02-13 13:19:32.701154   472   472 D nvbuf_util.cpp: nvbuf_util.cpp getBufAndReadNoLock+ ln=695 ramId=1 sensorDev=1
02-13 13:19:32.704352   472   472 D LaserDrv: LaserDrv()
02-13 13:19:32.704558   472   472 D LaserDrv: Device error opening : No such file or directory
02-13 13:19:32.705264   472   472 I MtkCam/ParamsManager: [Feature::queryCustomFeature] s8Symbol=queryCustCamfeature_SENSOR_DRVNAME_S5K4H7_MIPI_RAW
02-13 13:19:32.710355   472   472 I MtkCam/ParamsManager: [Feature::queryCustomFeature] s8Symbol=queryCustCamfeature_CUSTOM_FLASHLIGHT
02-13 13:19:32.714332   472   472 I MtkCam/ParamsManager: [Feature::queryCustomFeature] s8Symbol=queryCustCamfeature_CUSTOM_AFLAMP
02-13 13:19:32.718872   472   472 I MtkCam/ParamsManager: [Feature::queryCustomFeature] s8Symbol=queryCustCamfeature_CUSTOM_CAMERASHOT
02-13 13:19:32.720083   472   472 I MtkCam/ParamsManager: [Feature::queryCustomFeature] s8Symbol=queryCustCamfeature_CUSTOM_SENINDEPFEATURE
02-13 13:19:32.723781   472   472 I MtkCam/ParamsManager: [Feature::initFeatures_NoWarningCorrection] (fgIsLowMem, memory_total_in_byte, getpagesize)=(0, 1992495104, 4096)
02-13 13:19:32.725788   472   472 D MtkCam/ParamsManager: [getDisplayRotationSupported] Ignore read lock
02-13 13:19:32.725951   472   472 I MtkCam/ParamsManager: [updateDefaultParams2_ByQuery] cap(3264,2448),fov(65,51)
02-13 13:19:32.726044   472   472 D LensMCU : LensMCU[isSupportLens][CurrSensorDev]0x0001 [CurrSensorId]0x487b
02-13 13:19:32.726127   472   472 D CAM_CUS_MSDK: CAM_CUS_MSDK [LensCustomInit] DEV 1: (0) 0xffff, 0xffff
02-13 13:19:32.726173   472   472 D CAM_CUS_MSDK: CAM_CUS_MSDK [LensCustomInit] DEV 1: (1) 0x487b, 0x9714
02-13 13:19:32.726191   472   472 D CAM_CUS_MSDK: CAM_CUS_MSDK [LensCustomInit] DEV 1: (2) 0x135, 0x9714
02-13 13:19:32.726209   472   472 D CAM_CUS_MSDK: CAM_CUS_MSDK [LensCustomInit] DEV 1: (3) 0x0, 0x0
02-13 13:19:32.726228   472   472 D CAM_CUS_MSDK: CAM_CUS_MSDK [LensCustomInit] DEV 1: (4) 0x0, 0x0
02-13 13:19:32.726246   472   472 D CAM_CUS_MSDK: CAM_CUS_MSDK [LensCustomInit] DEV 1: (5) 0x0, 0x0
02-13 13:19:32.726264   472   472 D CAM_CUS_MSDK: CAM_CUS_MSDK [LensCustomInit] DEV 1: (6) 0x0, 0x0
02-13 13:19:32.726282   472   472 D CAM_CUS_MSDK: CAM_CUS_MSDK [LensCustomInit] DEV 1: (7) 0x0, 0x0
02-13 13:19:32.726299   472   472 D CAM_CUS_MSDK: CAM_CUS_MSDK [LensCustomInit] DEV 1: (8) 0x0, 0x0
02-13 13:19:32.726319   472   472 D CAM_CUS_MSDK: CAM_CUS_MSDK [LensCustomInit] DEV 1: (9) 0x0, 0x0
02-13 13:19:32.726337   472   472 D CAM_CUS_MSDK: CAM_CUS_MSDK [LensCustomInit] DEV 1: (10) 0x0, 0x0
02-13 13:19:32.726355   472   472 D CAM_CUS_MSDK: CAM_CUS_MSDK [LensCustomInit] DEV 1: (11) 0x0, 0x0
02-13 13:19:32.726381   472   472 D CAM_CUS_MSDK: CAM_CUS_MSDK [LensCustomInit] DEV 1: (12) 0x0, 0x0
02-13 13:19:32.726399   472   472 D CAM_CUS_MSDK: CAM_CUS_MSDK [LensCustomInit] DEV 1: (13) 0x0, 0x0
02-13 13:19:32.726417   472   472 D CAM_CUS_MSDK: CAM_CUS_MSDK [LensCustomInit] DEV 1: (14) 0x0, 0x0
02-13 13:19:32.726434   472   472 D CAM_CUS_MSDK: CAM_CUS_MSDK [LensCustomInit] DEV 1: (15) 0x0, 0x0
02-13 13:19:32.726561   472   472 D nvbuf_util.cpp: nvbuf_util.cpp getBufAndReadNoLock+ ln=695 ramId=1 sensorDev=1
02-13 13:19:32.726678   472   472 D nvbuf_util.cpp: nvbuf_util.cpp getBufAndReadNoLock+ ln=695 ramId=4 sensorDev=1
02-13 13:19:32.726710   472   472 D nvbuf_util.cpp: nvbuf_util.cpp readRamVersion nvRamId=4 ver : isp=0,3a=0,sh=0,lens=0,pl=0,stb=0,tsf=0,geo=0,feature=0
02-13 13:19:32.726728   472   472 D nvbuf_util.cpp: nvbuf_util.cpp readRamVersion ln=717 ver=0 err=0
02-13 13:19:32.726745   472   472 D nvbuf_util.cpp: nvbuf_util.cpp ln=430 1
02-13 13:19:32.726762   472   472 D nvbuf_util.cpp: nvbuf_util.cpp ln=448 18555
02-13 13:19:32.726784   472   472 D NvramDrv: NvramDrv [readNvrameEx] sensor type = 1; NVRAM data type = 4
02-13 13:19:32.726827   472   472 D NvramDrv: NvramDrv checkDataVersionNew
02-13 13:19:32.726843   472   472 D NvramDrv: NvramDrv checkDataVersionNew v=0 vTar=1
02-13 13:19:32.726863   472   472 D NvramDrv: NvramDrv [readDefaultData] sensor ID = 18555; NVRAM data type = 4
02-13 13:19:32.727176   472   472 D nvbuf_util.cpp: nvbuf_util.cpp getBufAndRead- ln=738
02-13 13:19:32.727408   449   449 I Zygote  : Preloading resources...
02-13 13:19:32.728875   472   472 D PipHal  : [getInstance]sensorIdx(0)
02-13 13:19:32.729791   472   472 D PipHal  : [Init]mSensorIdx(0) init
02-13 13:19:32.729885   472   472 D PipHal  : [Init]-
02-13 13:19:32.729927   472   472 D PipHal  : [GetSensorMaxFrameRate]Zsd/NonZsd Sensor Max FrmRate(30, 30), Sensor InDev/CurrDev/Idx: (1 <Main1Sub2>, 1, 0)
02-13 13:19:32.729955   472   472 D PipHal  : [GetSensorMaxFrameRate]Zsd/NonZsd Sensor Max FrmRate(0, 0), Sensor InDev/CurrDev/Idx: (2 <Main1Sub2>, 1, 0)
02-13 13:19:32.729992   472   472 D PipHal  : [GetHwMaxFrameRate]Zsd/NonZsd HW Max FrmRate(30, 30), Sensor Typ/InDev/CurrDev/Idx: (1 <RAW1YUV2>, 1 <Main1Sub2>, 1, 0), PV W/H: (1632, 1224), Full W/H: (3264, 2448)
02-13 13:19:32.730029   472   472 D PipHal  : [GetHwMaxFrameRate]Zsd/NonZsd HW Max FrmRate(15, 30), Sensor Typ/InDev/CurrDev/Idx: (2 <RAW1YUV2>, 2 <Main1Sub2>, 1, 0), PV W/H: (416, 640), Full W/H: (416, 640)
02-13 13:19:32.730050   472   472 D PipHal  : [GetMaxFrameRate]Max Zsd/NonZsd FrmRate(30, 30). CurrSensorDev(1 <Main1Sub2>)
02-13 13:19:32.730085   472   472 D PipHal  : [destroyInstance]paramsManagerImp
02-13 13:19:32.730102   472   472 D PipHal  : [Uninit]mSensorIdx(0) uninit
02-13 13:19:32.731637   472   472 D MtkCam/ParamsManager: [evaluateHalAppMode] Ignore read lock
02-13 13:19:32.733574   453   532 W CameraProviderManager: Camera provider internal/0 says an unknown camera device@1.0/internal/0 now has torch status 0. Curious.
02-13 13:19:32.734071   472   472 I mtkcam-camprovider: [onTorchModeStatusChange] device@1.0/internal/0 TorchModeStatus:0
02-13 13:19:32.734266   472   472 I mtkcam-dev1: 0[CameraDevice1Base::open] Add new cameraId 0 - 0xe30b3000
02-13 13:19:32.734504   472   472 I mtkcam-dev1: 0[CameraDevice1Base::open] -
02-13 13:19:32.738922   472   768 I mtkcam-dev1: 0[CameraDevice1Base::close] +
02-13 13:19:32.739150   472   768 I MtkCam/CamClient: (768)[uninit] + getStrongCount(1)
02-13 13:19:32.751864   472   768 I MtkCam/CamClient: (768)[uninit] - getStrongCount(1)
02-13 13:19:32.752990   472   793 E aaa_hal : [AFThreadFunc()] Err:  1530:, m_TgInfo = 255, AFThreadFunc err (AFThreadFunc){#1530:vendor/mediatek/proprietary/hardware/mtkcam/legacy/platform/mt6739/core/featureio/pipe/aaa/aaa_hal.cpp}
02-13 13:19:32.755697   472   768 D AppTsf  : [TsfExit] TsfExit
02-13 13:19:32.756051   472   768 D AppTsf  : [~AppTsf] destructor
02-13 13:19:32.756102   472   768 D tsf_core: [~TsfCore] destructor
02-13 13:19:32.763481   449   449 W Resources: Preloaded drawable resource #0x1080264 (android:drawable/dialog_background_material) that varies with configuration!!
02-13 13:19:32.763631   472   768 W Drv/HWsync: Drv/HWsync[uninit] WARNING: wtginf, sindex(0x0),tg(0x0)
02-13 13:19:32.809330   449   449 I Zygote  : ...preloaded 64 resources in 82ms.
02-13 13:19:32.819084   449   449 W Resources: Preloaded color resource #0x1060053 (android:color/btn_default_material_dark) that varies with configuration!!
02-13 13:19:32.821955   449   449 I Zygote  : ...preloaded 41 resources in 12ms.
02-13 13:19:32.831160   472   768 D SeninfDrvImp: [configMclk][configMclk] Tg0clk: 24 pcEn = 0
02-13 13:19:32.831329   472   768 D SeninfDrvImp: [configMclk]mclk0: 24, clkCnt1: 0 pclkInv 0
02-13 13:19:32.831716   472   768 D SeninfDrvImp: [setMclk1][setMclk1]pcEn(0), clkPol(0), mMclk1User(0), TimestampClk(11), SENINF_TG1_PH_CNT(0x5), mclkSel 24
02-13 13:19:32.833820   472   768 D ImgSensorDrv: [uninit][uninit] imgsensor_drv 0
02-13 13:19:32.834470   472   768 D SeninfDrvImp: [uninit][uninit]: 1 
02-13 13:19:32.835089   472   768 D SeninfDrvImp: [uninit][uninit]: 0, mfd(23) 
02-13 13:19:32.835410   472   768 I mtkcam-devicemgr: [detachOpenDeviceLocked] device: device@1.0/internal/0 openTimestamp:02-13 13:19:32.191
02-13 13:19:32.835733   453   532 W CameraProviderManager: Camera provider internal/0 says an unknown camera device@1.0/internal/0 now has torch status 1. Curious.
02-13 13:19:32.835932   472   768 I mtkcam-camprovider: [onTorchModeStatusChange] device@1.0/internal/0 TorchModeStatus:1
02-13 13:19:32.836110   472   768 I mtkcam-dev1: 0[CameraDevice1Base::close] Del cameraId 0 - 0xe30b3000, this - 0xe30b3000
02-13 13:19:32.836183   472   768 I mtkcam-dev1: 0[CameraDevice1Base::close] -
02-13 13:19:32.836558   354   375 I vendor.mediatek.hardware.power@1.1-impl: scnDisable hdl:39
02-13 13:19:32.836859   453   532 I CameraProviderManager: Enumerating new camera device: device@1.0/internal/1
02-13 13:19:32.837607   354   374 I libPerfService: 39: legacy set freq: -1 -1
02-13 13:19:32.837829   472   472 I mtkcam-dev1: [createSpecificCameraDevice1] dlopen libmtkcam_device1.so +
02-13 13:19:32.838685   354   375 I vendor.mediatek.hardware.power@1.1-impl: scnUnreg hdl:39
02-13 13:19:32.838961   472   472 I mtkcam-dev1: [createSpecificCameraDevice1] dlopen libmtkcam_device1.so -
02-13 13:19:32.839226   354   374 I powerd  : [powerd_req] POWER_MSG_SCN_UNREG: hdl:39
02-13 13:19:32.839326   354   374 I libPerfService: perfUserUnregScn - handle:39
02-13 13:19:32.841045   354   375 I vendor.mediatek.hardware.power@1.1-impl: scnDisable hdl:39
02-13 13:19:32.845327   354   374 I powerd  : [powerd_req] POWER_MSG_SCN_REG: pid:472, uid:1047
02-13 13:19:32.845895   354   375 I vendor.mediatek.hardware.power@1.1-impl: scnReg hdl:39
02-13 13:19:32.846500   472   472 I mtkcam-dev1: [createSpecificCameraDevice1] - 0xe30b3480
02-13 13:19:32.846601   472   472 I mtkcam-dev1: 1[CameraDevice1Base::open] +
02-13 13:19:32.846770   472   472 I mtkcam-devicemgr: [attachOpenDeviceLocked] device: device@1.0/internal/1 openTimestamp:02-13 13:19:32.846
02-13 13:19:32.849016   354   375 I vendor.mediatek.hardware.power@1.1-impl: scnEnable hdl:39, timeout:1000
02-13 13:19:32.849357   354   374 I powerd  : [powerd_req] POWER_MSG_SCN_ENABLE: hdl:39, timeout:1000
02-13 13:19:32.849438   354   374 I libPerfService: perfUserScnEnable - handle:39
02-13 13:19:32.849748   354   374 I libPerfService: 39: legacy set freq: 1495000 -1
02-13 13:19:32.849730   449   449 D libEGL  : loaded /vendor/lib64/egl/libEGL_mtk.so
02-13 13:19:32.856922   472   802 D SeninfDrvImp: [init][init]: Entry count 0 
