02-13 13:19:34.997204   729   729 I [epdg_wo]: [WOA] wo_msg_sensitive_print: [woemset:0,"",-1](15)
02-13 13:19:34.997507   729   729 I [epdg_wo]: [WOA] wo_msg_sensitive_print: [wosbp=1,0,"",""](15)
02-13 13:19:34.997595   729   729 I [epdg_wo]: [CFG] Reset settings[1] to default
02-13 13:19:34.997658   729   729 I [epdg_wo]: [WOA] wo_msg_sensitive_print: [wosbp:1,0](9)
02-13 13:19:34.997957   729   729 I [epdg_wo]: [WOA] wo_msg_sensitive_print: [woemset=***](15)
02-13 13:19:34.998085   729   729 I [epdg_wo]: [CFG] cfg1: epdg_fqdn=[***],ikev2if=[wlan0],select_info=[***],epdg_identifier=[***],retry_vector=[],
02-13 13:19:34.998123   729   729 I [epdg_wo]: [CFG] cfg1: ike_algo=[],
02-13 13:19:34.998144   729   729 I [epdg_wo]: [CFG] cfg1: esp_algo=[],
02-13 13:19:34.998658   729   729 I [epdg_wo]: [CFG] cfg1: ike_rekey_timer=[81000],esp_rekey_timer=[81000],rekey_margin=[32400],dpd_timer=[120],keep_timer=[20],esp_setup_time=[15],pdn_setup_time=[295],cert_used=[1],urlcert=[0],ocsp=[0],nocert=[1],skip_check_cert=[0],noid=[1],force_tsi_64=[1],force_tsi_full=[1],use_cfg_vip=[0],reauth_addr=[0],dpd_no_reply=[0],pre_post_ping=[0],log_level=[1],wdrv_keep_alive=[1],fragment=[0],mobike=[0],oos=[7],retrans_to=[2],retrans_tries=[4],retrans_base=[1],mtu=[1280],mss4_off=[68],mss6_off=[88],cust_pcscf_4=[20],cust_pcscf_6=[21],cust_imei_cp=[0],port=[10500],port_natt=[14500],cpa_nm=[0],cpa_dns4=[1],cpa_dns6=[1],no_ic=[0],no_eap=[0],ike_dscp=[0],IDi=[0],IDr=[0],leftauth=[0],eap=[0],fastreauth=[0],dns_timer=[0],dns_type=[3],dns_max_count=[254],dns_cache=[1],redirect=[0],max_redirects=[5],redirect_loop_detect=[300],detach_soft_timer=[3],detach_hard_timer=[300],
02-13 13:19:34.998790   729   729 I [epdg_wo]: [CFG] cfg1: fdpd_retrans_to=[1],fdpd_retrans_tries=[2],fdpd_retrans_base=[1],certreq_critical=[0],pcscf_restore=[0],liveness_check=[0],device_identity=[0],abort_mode=[0],ho_ip_disc=[0],emerg_epdg=[0],try_epdg_policy=[0],imei_format=[0],leave_standby_dpd=[0],
02-13 13:19:34.998875   729   729 I [epdg_wo]: [WOA] wo_msg_sensitive_print: [woemset:1,"",-1](15)
02-13 13:19:34.999151   729   729 I [epdg_wo]: [WOA] wo_msg_sensitive_print: [wosim=***](19)
02-13 13:19:34.999253   729   729 I [epdg_wo]: [WOA] wo_msg_sensitive_print: [wosim:0,0](9)
02-13 13:19:34.999437   729   729 I [epdg_wo]: [WOA] wo_msg_sensitive_print: [wosim=***](19)
02-13 13:19:34.999510   729   729 I [epdg_wo]: [WOA] wo_msg_sensitive_print: [wosim:1,0](9)
02-13 13:19:35.050849   364   388 I BufferQueueProducer: [BootAnimation#0](this:0x758f938000,id:1,api:1,p:427,c:364) queueBuffer: fps=23.87 dur=1005.56 max=45.27 min=38.37
02-13 13:19:35.101809   364   364 I DisplayDevice: [Built-in Screen (type:0)] fps:24.131523,dur:1035.99,max:59.06,min:38.72
02-13 13:19:35.130872   457   930 D installd: Detected label change from u:object_r:app_data_file:s0 to u:object_r:app_data_file:s0:c512,c768 at /data/data/com.android.dialer/cache; running recursive restorecon
02-13 13:19:35.133114   457   930 D installd: Detected label change from u:object_r:app_data_file:s0 to u:object_r:app_data_file:s0:c512,c768 at /data/data/com.android.dialer/code_cache; running recursive restorecon
02-13 13:19:35.138612   457   930 D installd: Detected label change from u:object_r:app_data_file:s0 to u:object_r:app_data_file:s0:c512,c768 at /data/user_de/0/com.android.dialer/cache; running recursive restorecon
02-13 13:19:35.142024   457   930 D installd: Detected label change from u:object_r:app_data_file:s0 to u:object_r:app_data_file:s0:c512,c768 at /data/user_de/0/com.android.dialer/code_cache; running recursive restorecon
02-13 13:19:35.197573   457   925 D installd: Detected label change from u:object_r:app_data_file:s0 to u:object_r:app_data_file:s0:c512,c768 at /data/data/com.android.inputmethod.latin/cache; running recursive restorecon
02-13 13:19:35.199564   457   925 D installd: Detected label change from u:object_r:app_data_file:s0 to u:object_r:app_data_file:s0:c512,c768 at /data/data/com.android.inputmethod.latin/code_cache; running recursive restorecon
02-13 13:19:35.204685   457   925 D installd: Detected label change from u:object_r:app_data_file:s0 to u:object_r:app_data_file:s0:c512,c768 at /data/user_de/0/com.android.inputmethod.latin/cache; running recursive restorecon
02-13 13:19:35.206630   457   925 D installd: Detected label change from u:object_r:app_data_file:s0 to u:object_r:app_data_file:s0:c512,c768 at /data/user_de/0/com.android.inputmethod.latin/code_cache; running recursive restorecon
02-13 13:19:35.370536   457   504 W installd: Ignoring /data/data/com.intermec.datacollectionservice/lib with unexpected GID 0 instead of 10048
02-13 13:19:35.422103   457   504 W installd: Ignoring /data/data/com.android.webview/lib with unexpected GID 0 instead of 10094
02-13 13:19:35.454425   457   504 W installd: Ignoring /data/data/com.svox.pico/lib with unexpected GID 0 instead of 10078
02-13 13:19:35.467007   457   504 W installd: Ignoring /data/data/com.mediatek.webview/lib with unexpected GID 0 instead of 10074
02-13 13:19:35.474440   824   824 E PackageManager: There should probably be a verifier, but, none were found
02-13 13:19:35.583619   824   824 I zygote64: Explicit concurrent copying GC freed 17267(805KB) AllocSpace objects, 7(268KB) LOS objects, 42% free, 5MB/8MB, paused 167us total 77.488ms
02-13 13:19:35.587347   824   824 D FallbackCategoryProvider: Found 1 fallback categories
02-13 13:19:35.633930   363   363 I lowmemorykiller: ActivityManager connected
02-13 13:19:35.655021   824   935 D SensorService: nuSensorService starting...
02-13 13:19:35.660486   457   504 D installd: Detected label change from u:object_r:app_data_file:s0 to u:object_r:app_data_file:s0:c512,c768 at /data/data/com.mediatek.camera/cache; running recursive restorecon
02-13 13:19:35.663239   457   504 D installd: Detected label change from u:object_r:app_data_file:s0 to u:object_r:app_data_file:s0:c512,c768 at /data/data/com.mediatek.camera/code_cache; running recursive restorecon
02-13 13:19:35.664083   471   936 I Accelerometer: enable: handle:0, en:0
02-13 13:19:35.664486   471   936 E Accelerometer: no enable control attr
02-13 13:19:35.664572   471   936 I Light   : enable: handle:4, en:0 
02-13 13:19:35.665512   471   936 I Proximity: enable: handle:7, en:0 
02-13 13:19:35.666261   824   935 E SensorService: Reported power 0.000000 not deemed sane, clamping to 0.001000
02-13 13:19:35.667950   824   935 E SensorService: Reported power 0.000000 not deemed sane, clamping to 0.001000
02-13 13:19:35.668573   457   504 D installd: Detected label change from u:object_r:app_data_file:s0 to u:object_r:app_data_file:s0:c512,c768 at /data/user_de/0/com.mediatek.camera/cache; running recursive restorecon
02-13 13:19:35.669333   824   935 E SensorService: Reported power 0.000000 not deemed sane, clamping to 0.001000
02-13 13:19:35.671025   457   504 D installd: Detected label change from u:object_r:app_data_file:s0 to u:object_r:app_data_file:s0:c512,c768 at /data/user_de/0/com.mediatek.camera/code_cache; running recursive restorecon
02-13 13:19:35.675217   824   937 D SensorService: new thread SensorEventAckReceiver
02-13 13:19:35.675710   824   938 D SensorService: nuSensorService thread starting...
02-13 13:19:35.775625   824   886 E BluetoothAdapter: Bluetooth binder is null
02-13 13:19:35.808658   824   913 I zygote64: The ClassLoaderContext is a special shared library.
02-13 13:19:35.849455   824   881 I Zygote  : Process: zygote socket zygote opened, supported ABIS: arm64-v8a
02-13 13:19:35.860981   824   881 I Zygote  : Process: zygote socket zygote_secondary opened, supported ABIS: armeabi-v7a,armeabi
02-13 13:19:35.861742   450   450 I Zygote  : Lazily preloading resources.
02-13 13:19:35.861934   450   450 D Zygote  : begin preload
02-13 13:19:35.861975   450   450 I Zygote  : Installing ICU cache reference pinning...
02-13 13:19:35.861992   450   450 I Zygote  : Preloading ICU data...
02-13 13:19:35.873873   347   347 D lights  : set_led_state colorRGB=00000000, onMS=0, offMS=0
02-13 13:19:35.874048   347   347 D lights  : set_led_state colorRGB=00000000, onMS=0, offMS=0
02-13 13:19:35.939971   450   450 I Zygote  : Preloading classes...
02-13 13:19:35.972557   450   450 I SystemServiceRegistry: regMtkService start
02-13 13:19:35.973373   450   450 I SystemServiceRegistry: setMtkSystemServiceName start
02-13 13:19:35.976988   450   450 I MtkSystemServiceRegistry: setMtkSystemServiceName start names{class android.media.midi.MidiManager=midi, class android.hardware.radio.RadioManager=broadcastradio, class android.hardware.location.ContextHubManager=contexthub, class android.app.KeyguardManager=keyguard, class android.media.projection.MediaProjectionManager=media_projection, class android.nfc.NfcManager=nfc, class android.view.textservice.TextServicesManager=textservices, class android.os.IncidentManager=incident, class android.hardware.usb.UsbManager=usb, class android.media.tv.TvInputManager=tv_input, class android.service.persistentdata.PersistentDataBlockManager=persistent_data_block, class android.os.storage.StorageManager=storage, class android.os.Vibrator=vibrator, class android.view.textclassifier.TextClassificationManager=textclassification, class android.hardware.hdmi.HdmiControlManager=hdmi_control, class android.view.autofill.AutofillManager=autofill, class android.net.wifi.RttManager=rttmanager, class android.app.UiModeManager=uimode, class android.print.PrintManager=print, class android.bluetooth.BluetoothManager=bluetooth, class android.os.DropBoxManager=dropbox, class android.hardware.ConsumerIrManager=consumer_ir, class android.content.ClipboardManager=clipboard, class android.media.soundtrigger.SoundTriggerManager=soundtrigger, class android.hardware.display.DisplayManager=display, class android.os.RecoverySystem=recovery, class android.net.wifi.WifiScanner=wifiscanner, class android.media.AudioManager=audio, class android.app.admin.DevicePolicyManager=device_policy, class android.app.SearchManager=search, class android.app.ActivityManager=activity, class android.os.UserManager=user, class android.hardware.camera2.CameraManager=camera, class android.appwidget.AppWidgetManager=appwidget, class android.app.AppOpsManager=appops, class android.service.oemlock.OemLockManager=oem_lock, class android.os.HardwarePropertiesManager=hardware_properties, class android.app.usage.NetworkStatsManager=netstats, class android.app.DownloadManager=download, class android.app.WallpaperManager=wallpaper, class android.net.wifi.p2p.WifiP2pManager=wifip2p, class android.app.AlarmManager=alarm, class android.os.PowerManager=power, class android.net.IpSecManager=ipsec, class android.app.usage.UsageStatsManager=usagestats, class android.media.MediaRouter=media_router, class android.net.ConnectivityManager=connectivity, class android.telecom.TelecomManager=telecom, class android.app.StatusBarManager=statusbar, class android.hardware.SensorManager=sensor, class android.telephony.euicc.EuiccManager=euicc_service, class android.view.accessibility.CaptioningManager=captioning, class android.app.job.JobScheduler=jobscheduler, class android.net.NetworkScoreManager=network_score, class android.os.health.SystemHealthManager=systemhealth, class android.view.inputmethod.InputMethodManager=input_method, class android.companion.CompanionDeviceManager=companiondevice, class android.net.lowpan.LowpanManager=lowpan, class android.content.RestrictionsManager=restrictions, class android.content.pm.ShortcutManager=shortcut, class android.telephony.CarrierConfigManager=carrier_config, class android.hardware.fingerprint.FingerprintManager=fingerprint, class android.media.session.MediaSessionManager=media_session, interface android.view.WindowManager=window, class android.location.CountryDetector=country_detector, class android.text.ClipboardManager=clipboard, class android.location.LocationManager=location, class android.net.wifi.aware.WifiAwareManager=wifiaware, class android.app.timezone.RulesManager=timezone, class android.net.wifi.WifiManager=wifi, class android.net.EthernetManager=ethernet, class android.view.accessibility.AccessibilityManager=accessibility, class android.net.NetworkPolicyManager=netpolicy, class android.os.BatteryManager=batterymanager, class android.app.NotificationManager=notification, class android.net.nsd.NsdManager=servicediscovery, class android.accounts.AccountManager=account, class android.hardware.SerialManager=serial, class 
02-13 13:19:35.977188   450   450 I SystemServiceRegistry: registerAllMtkService start
02-13 13:19:35.977384   450   450 I MtkSystemServiceRegistry: registerAllService start
02-13 13:19:35.977658   311   311 E ServiceManager: add_service('settings',39) uid=1000 - ALREADY REGISTERED, OVERRIDE
02-13 13:19:35.977784   311   311 I ServiceManager: service 'settings' died
02-13 13:19:36.009023   312   312 W /system/bin/hwservicemanager: getTransport: Cannot find entry android.hardware.ir@1.0::IConsumerIr/default in either framework or device manifest.
02-13 13:19:36.031964   824   824 D AlarmManagerService: Kernel timezone updated to -480 minutes west of GMT
02-13 13:19:36.032315   358   554 D ccci_mdinit: (1):save_timezone++
02-13 13:19:36.041534   457   925 D installd: Detected label change from u:object_r:app_data_file:s0 to u:object_r:app_data_file:s0:c512,c768 at /data/data/com.android.quicksearchbox/code_cache; running recursive restorecon
02-13 13:19:36.045465   457   925 D installd: Detected label change from u:object_r:app_data_file:s0 to u:object_r:app_data_file:s0:c512,c768 at /data/user_de/0/com.android.quicksearchbox/cache; running recursive restorecon
02-13 13:19:36.048156   824   824 D AES     : AEEIOCTL_RT_MON_Kick IOCTL,cmd= 2147774474, lParam=0. 
02-13 13:19:36.057488   364   794 I BufferQueueProducer: [BootAnimation#0](this:0x758f938000,id:1,api:1,p:427,c:364) queueBuffer: fps=23.84 dur=1006.67 max=43.68 min=40.15
02-13 13:19:36.118375   364   364 I DisplayDevice: [Built-in Screen (type:0)] fps:23.608932,dur:1016.56,max:59.27,min:38.60
02-13 13:19:36.135344   364   794 I SurfaceFlinger: [SF client] NEW(0x758f8365c0) for (824:system_server)
02-13 13:19:36.139378   457   930 D installd: Detected label change from u:object_r:app_data_file:s0 to u:object_r:app_data_file:s0:c512,c768 at /data/data/com.android.browser/code_cache; running recursive restorecon
02-13 13:19:36.146190   457   930 D installd: Detected label change from u:object_r:app_data_file:s0 to u:object_r:app_data_file:s0:c512,c768 at /data/user_de/0/com.android.browser/cache; running recursive restorecon
02-13 13:19:36.173676   364   794 I SurfaceFlinger: EventThread Client Pid (824) created
02-13 13:19:36.174810   364   794 I SurfaceFlinger: EventThread Client Pid (824) created
02-13 13:19:36.182554   364   941 I SurfaceFlinger: EventThread Client Pid (824) created
02-13 13:19:36.183763   364   941 I SurfaceFlinger: EventThread Client Pid (824) created
02-13 13:19:36.233549   312   312 W /system/bin/hwservicemanager: getTransport: Cannot find entry android.hardware.vr@1.0::IVr/default in either framework or device manifest.
02-13 13:19:36.233853   824   824 W VrManagerService: init_native: Could not open IVr interface
02-13 13:19:36.253005   824   951 D EventHub: No input device configuration file found for device 'mtk-kpd'.
02-13 13:19:36.261202   824   951 W EventHub: Unable to disable kernel key repeat for /dev/input/event2: Function not implemented
02-13 13:19:36.261945   824   951 I EventHub: wakeMechanism=EPOLLWAKEUP, usingClockIoctl=true
02-13 13:19:36.262489   824   951 I EventHub: New device: id=1, fd=113, path='/dev/input/event2', name='mtk-kpd', classes=0x1, configuration='', keyLayout='/system/usr/keylayout/mtk-kpd.kl', keyCharacterMap='/system/usr/keychars/Generic.kcm', builtinKeyboard=false, 
02-13 13:19:36.263508   824   951 D EventHub: No input device configuration file found for device 'tp-kpd'.
02-13 13:19:36.271142   824   824 I DeviceConfigServiceManager:  DeviceConfigServiceManager
02-13 13:19:36.273073   824   824 I DeviceConfigServiceManager:  onStart ! Thread[main,5,main]
02-13 13:19:36.279407   824   951 W EventHub: Unable to disable kernel key repeat for /dev/input/event5: Function not implemented
02-13 13:19:36.279564   824   951 I EventHub: wakeMechanism=EPOLLWAKEUP, usingClockIoctl=true
02-13 13:19:36.279609   824   951 I EventHub: New device: id=2, fd=114, path='/dev/input/event5', name='tp-kpd', classes=0x1, configuration='', keyLayout='/system/usr/keylayout/Generic.kl', keyCharacterMap='/system/usr/keychars/Generic.kcm', builtinKeyboard=false, 
02-13 13:19:36.279951   824   951 D EventHub: No input device configuration file found for device 'AW9523'.
02-13 13:19:36.286842   824   951 W EventHub: Unable to disable kernel key repeat for /dev/input/event3: Function not implemented
02-13 13:19:36.286971   824   951 I EventHub: wakeMechanism=EPOLLWAKEUP, usingClockIoctl=true
02-13 13:19:36.287003   824   951 I EventHub: New device: id=3, fd=115, path='/dev/input/event3', name='AW9523', classes=0x1, configuration='', keyLayout='/system/usr/keylayout/AW9523.kl', keyCharacterMap='/system/usr/keychars/AW9523.kcm', builtinKeyboard=false, 
02-13 13:19:36.287276   824   951 D EventHub: No input device configuration file found for device 'ACCDET'.
02-13 13:19:36.294904   824   951 W EventHub: Unable to disable kernel key repeat for /dev/input/event0: Function not implemented
02-13 13:19:36.295070   824   951 I EventHub: wakeMechanism=EPOLLWAKEUP, usingClockIoctl=true
02-13 13:19:36.295117   824   951 I EventHub: New device: id=4, fd=116, path='/dev/input/event0', name='ACCDET', classes=0x81, configuration='', keyLayout='/system/usr/keylayout/ACCDET.kl', keyCharacterMap='/system/usr/keychars/Generic.kcm', builtinKeyboard=false, 
02-13 13:19:36.295943   824   951 D EventHub: No input device configuration file found for device 'mtk-tpd'.
02-13 13:19:36.295951   457   504 D installd: Detected label change from u:object_r:app_data_file:s0 to u:object_r:app_data_file:s0:c512,c768 at /data/data/com.honeywell.tools.wifiinfo/cache; running recursive restorecon
02-13 13:19:36.296301   824   951 E filemap : mmap(0,4096) failed: No such device
02-13 13:19:36.299248   457   504 D installd: Detected label change from u:object_r:app_data_file:s0 to u:object_r:app_data_file:s0:c512,c768 at /data/data/com.honeywell.tools.wifiinfo/code_cache; running recursive restorecon
02-13 13:19:36.301020   824   951 W EventHub: Unable to disable kernel key repeat for /dev/input/event4: Function not implemented
02-13 13:19:36.301184   824   951 I EventHub: wakeMechanism=EPOLLWAKEUP, usingClockIoctl=true
02-13 13:19:36.301224   824   951 I EventHub: New device: id=5, fd=117, path='/dev/input/event4', name='mtk-tpd', classes=0x15, configuration='', keyLayout='/system/usr/keylayout/Generic.kl', keyCharacterMap='/system/usr/keychars/Generic.kcm', builtinKeyboard=false, 
02-13 13:19:36.301511   824   951 D EventHub: No input device configuration file found for device 'scan-keys'.
02-13 13:19:36.305092   457   504 D installd: Detected label change from u:object_r:app_data_file:s0 to u:object_r:app_data_file:s0:c512,c768 at /data/user_de/0/com.honeywell.tools.wifiinfo/cache; running recursive restorecon
02-13 13:19:36.305549   824   951 W EventHub: Unable to disable kernel key repeat for /dev/input/event1: Function not implemented
02-13 13:19:36.305619   824   951 I EventHub: wakeMechanism=EPOLLWAKEUP, usingClockIoctl=true
02-13 13:19:36.305648   824   951 I EventHub: New device: id=6, fd=118, path='/dev/input/event1', name='scan-keys', classes=0x1, configuration='', keyLayout='/system/usr/keylayout/scan-keys.kl', keyCharacterMap='/system/usr/keychars/Generic.kcm', builtinKeyboard=false, 
02-13 13:19:36.308951   457   504 D installd: Detected label change from u:object_r:app_data_file:s0 to u:object_r:app_data_file:s0:c512,c768 at /data/user_de/0/com.honeywell.tools.wifiinfo/code_cache; running recursive restorecon
02-13 13:19:36.310992   824   951 I InputReader: Device added: id=-1, name='Virtual', sources=0x00000301
02-13 13:19:36.311410   824   951 I InputReader: Device added: id=6, name='scan-keys', sources=0x00000101
02-13 13:19:36.313159   824   951 I InputReader:   Touch device 'mtk-tpd' could not query the properties of its associated display.  The device will be inoperable until the display size becomes available.
02-13 13:19:36.313376   824   951 I InputReader: Device added: id=5, name='mtk-tpd', sources=0x00001103
02-13 13:19:36.313582   824   951 I InputReader: Device added: id=4, name='ACCDET', sources=0x80000101
02-13 13:19:36.313791   824   951 I InputReader: Device added: id=3, name='AW9523', sources=0x00000101
02-13 13:19:36.313885   824   951 I InputReader: Device added: id=2, name='tp-kpd', sources=0x00000101
02-13 13:19:36.313988   824   951 I InputReader: Device added: id=1, name='mtk-kpd', sources=0x00000101
02-13 13:19:36.362584   824   951 I InputReader: Reconfiguring input devices.  changes=0x00000004
02-13 13:19:36.362767   824   951 I InputReader: Device reconfigured: id=5, name='mtk-tpd', size 480x800, orientation 0, mode 1, display id 0
02-13 13:19:36.363893   824   951 I InputReader: Reconfiguring input devices.  changes=0x00000004
02-13 13:19:36.375214   824   951 I InputReader: Reconfiguring input devices.  changes=0x00000004
02-13 13:19:36.403173   457   930 D installd: Found quota mount /dev/block/dm-2 at /data
02-13 13:19:36.403400   457   930 E installd: Failed to enable USRQUOTA on /dev/block/dm-2: File exists
02-13 13:19:36.403466   457   930 E installd: Failed to enable GRPQUOTA on /dev/block/dm-2: File exists
02-13 13:19:36.404780   457   930 D installd: Found quota mount /dev/block/dm-2 at /data
02-13 13:19:36.404976   457   930 E installd: Failed to enable USRQUOTA on /dev/block/dm-2: File exists
02-13 13:19:36.405046   457   930 E installd: Failed to enable GRPQUOTA on /dev/block/dm-2: File exists
02-13 13:19:36.461352   824   824 I zygote64: Looking for service android.hardware.oemlock@1.0::IOemLock/default
02-13 13:19:36.463493   312   312 W /system/bin/hwservicemanager: getTransport: Cannot find entry android.hardware.oemlock@1.0::IOemLock/default in either framework or device manifest.
02-13 13:19:36.464035   824   824 E zygote64: service android.hardware.oemlock@1.0::IOemLock declares transport method EMPTY but framework expects hwbinder.
02-13 13:19:36.465027   824   824 I zygote64: Looking for service android.hardware.oemlock@1.0::IOemLock/default
02-13 13:19:36.466589   312   312 W /system/bin/hwservicemanager: getTransport: Cannot find entry android.hardware.oemlock@1.0::IOemLock/default in either framework or device manifest.
02-13 13:19:36.466917   824   824 E zygote64: service android.hardware.oemlock@1.0::IOemLock declares transport method EMPTY but framework expects hwbinder.
02-13 13:19:36.513731   450   450 E ActivityRecognitionHardware: activity_recognition HAL is deprecated. class_init is effectively a no-op
02-13 13:19:36.530099   824   952 I PackageManager: No secure containers found
02-13 13:19:36.563645   450   450 W Zygote  : Class not found for preloading: android.icu.impl.number.Parse
02-13 13:19:36.591227   450   450 I zygote  : Thread[1,tid=450,Native,Thread*=0xe5eda000,peer=0x12dc0228,"main"] recursive attempt to load library "/system/lib/libmedia_jni.so"
02-13 13:19:36.592091   450   450 D MtpDeviceJNI: register_android_mtp_MtpDevice
02-13 13:19:36.593187   450   450 I zygote  : Thread[1,tid=450,Native,Thread*=0xe5eda000,peer=0x12dc0228,"main"] recursive attempt to load library "/system/lib/libmedia_jni.so"
02-13 13:19:36.594125   450   450 I zygote  : Thread[1,tid=450,Native,Thread*=0xe5eda000,peer=0x12dc0228,"main"] recursive attempt to load library "/system/lib/libmedia_jni.so"
02-13 13:19:36.654475   450   450 D MtkSettingsProviderExt: Global moveToSecure
02-13 13:19:36.657042   450   450 D MtkSettingsProviderExt: Secure moveToGlobal
02-13 13:19:36.659062   450   450 D MtkSettingsProviderExt: System moveToSecure
02-13 13:19:36.659493   450   450 D MtkSettingsProviderExt: System moveToGlobal
02-13 13:19:36.661643   450   450 D MtkSettingsProviderExt: putInPublicSettings
02-13 13:19:36.699749   824   952 W StorageManagerService: No primary storage defined yet; hacking together a stub
02-13 13:19:36.701435   824   952 W StorageManagerService: No primary storage defined yet; hacking together a stub
02-13 13:19:36.737124   824   824 I zygote64: The ClassLoaderContext is a special shared library.
02-13 13:19:36.742903   824   824 D MtkFakeNtpTrustedTime: creating MtkFakeNtpTrustedTime using null
02-13 13:19:36.745392   824   833 I zygote64: Background concurrent copying GC freed 40213(2MB) AllocSpace objects, 21(500KB) LOS objects, 42% free, 6MB/10MB, paused 123us total 105.389ms
02-13 13:19:36.749000   824   824 I zygote64: The ClassLoaderContext is a special shared library.
02-13 13:19:36.795665   824   824 I zygote64: The ClassLoaderContext is a special shared library.
02-13 13:19:36.797248   824   824 D MtkFakeNtpTrustedTime: creating MtkFakeNtpTrustedTime using null
02-13 13:19:36.806443   457   925 D installd: Detected label change from u:object_r:app_data_file:s0 to u:object_r:app_data_file:s0:c512,c768 at /data/data/com.android.calendar/code_cache; running recursive restorecon
02-13 13:19:36.812260   457   925 D installd: Detected label change from u:object_r:app_data_file:s0 to u:object_r:app_data_file:s0:c512,c768 at /data/user_de/0/com.android.calendar/cache; running recursive restorecon
02-13 13:19:36.871871   450   450 I Zygote  : ...preloaded 4715 classes in 932ms.
02-13 13:19:36.872140   450   450 I zygote  : VMRuntime.preloadDexCaches starting
02-13 13:19:36.937854   824   824 D WifiApConfigStore: 2G band allowed channels are:0
02-13 13:19:37.014011   457   457 D installd: Detected label change from u:object_r:app_data_file:s0 to u:object_r:app_data_file:s0:c512,c768 at /data/data/com.honeywell.tools.ezconfig/code_cache; running recursive restorecon
02-13 13:19:37.020146   457   457 D installd: Detected label change from u:object_r:app_data_file:s0 to u:object_r:app_data_file:s0:c512,c768 at /data/user_de/0/com.honeywell.tools.ezconfig/cache; running recursive restorecon
02-13 13:19:37.033881   450   450 I zygote  : VMRuntime.preloadDexCaches strings total=355895 before=12981 after=12981
02-13 13:19:37.034028   450   450 I zygote  : VMRuntime.preloadDexCaches types total=30023 before=6400 after=6414
02-13 13:19:37.034082   450   450 I zygote  : VMRuntime.preloadDexCaches fields total=140118 before=5827 after=5885
02-13 13:19:37.034119   450   450 I zygote  : VMRuntime.preloadDexCaches methods total=265514 before=12101 after=12166
02-13 13:19:37.034172   450   450 I zygote  : VMRuntime.preloadDexCaches finished
02-13 13:19:37.056352   824   824 I zygote64: The ClassLoaderContext is a special shared library.
02-13 13:19:37.061539   824   824 D MtkIpRunningState: Initialize MtkIpRunningState
02-13 13:19:37.064243   824   824 I zygote64: The ClassLoaderContext is a special shared library.
02-13 13:19:37.066020   824   824 D MtkIpStoppedState: Initialize MtkIpStoppedState
02-13 13:19:37.066560   824   964 D MtkIpStoppedState: enter
02-13 13:19:37.069377   824   824 D WifiStateMachine: Initialize MtkL2ConnectedState
02-13 13:19:37.071256   364   388 I BufferQueueProducer: [BootAnimation#0](this:0x758f938000,id:1,api:1,p:427,c:364) queueBuffer: fps=23.67 dur=1013.73 max=44.66 min=40.06
02-13 13:19:37.073165   824   964 E IpManager.wlan0: ERROR Failed to disable IPv6: java.lang.IllegalStateException: command '1 interface ipv6 wlan0 disable' failed with '400 1 Failed to change IPv6 state (No such file or directory)'
02-13 13:19:37.073408   824   962 E HalDeviceManager: isSupported: called but mServiceManager is null!?
02-13 13:19:37.073570   824   962 I WifiNative-wlan0: Vendor HAL not supported, Ignore stop...
02-13 13:19:37.073839   824   962 D WificondControl: tearing down interfaces in wificond
02-13 13:19:37.077432   465   613 D CommandListener: Clearing all IP addresses on wlan0
02-13 13:19:37.088124   824   824 D WifiController: isAirplaneModeOn = false, isWifiEnabled = true, isScanningAvailable = false
02-13 13:19:37.096170   824   824 I WifiService: getVerboseLoggingLevel uid=1000
02-13 13:19:37.096804   824   824 E SupplicantStaIfaceHal: Can't call setDebugParams, ISupplicant is null
02-13 13:19:37.097117   824   824 W WifiDiags: Failed to start packet fate monitoring
02-13 13:19:37.097854   824   824 I WifiService: Registering wifi
02-13 13:19:37.103911   824   824 I WifiScanningService: Creating wifiscanner
02-13 13:19:37.107159   824   824 I WifiScanningService: Publishing wifiscanner
02-13 13:19:37.112348   824   824 I RttService: Creating rttmanager
02-13 13:19:37.117514   824   824 I RttService: Starting rttmanager
02-13 13:19:37.126951   457   457 D installd: Detected label change from u:object_r:app_data_file:s0 to u:object_r:app_data_file:s0:c512,c768 at /data/data/com.honeywell.tools.autorun/cache; running recursive restorecon
02-13 13:19:37.129203   457   457 D installd: Detected label change from u:object_r:app_data_file:s0 to u:object_r:app_data_file:s0:c512,c768 at /data/data/com.honeywell.tools.autorun/code_cache; running recursive restorecon
02-13 13:19:37.133391   457   457 D installd: Detected label change from u:object_r:app_data_file:s0 to u:object_r:app_data_file:s0:c512,c768 at /data/user_de/0/com.honeywell.tools.autorun/cache; running recursive restorecon
02-13 13:19:37.134558   364   364 I DisplayDevice: [Built-in Screen (type:0)] fps:26.570028,dur:1016.18,max:58.68,min:19.07
02-13 13:19:37.136705   457   457 D installd: Detected label change from u:object_r:app_data_file:s0 to u:object_r:app_data_file:s0:c512,c768 at /data/user_de/0/com.honeywell.tools.autorun/code_cache; running recursive restorecon
02-13 13:19:37.138740   824   824 I WifiP2pService: Registering wifip2p
02-13 13:19:37.142754   824   824 I EthernetServiceImpl: Creating EthernetConfigStore
02-13 13:19:37.145000   824   824 E IpConfigStore: Error opening configuration file: java.io.FileNotFoundException: /data/misc/ethernet/ipconfig.txt (No such file or directory)
02-13 13:19:37.145238   824   824 W EthernetConfigStore: No Ethernet configuration found. Using default.
02-13 13:19:37.145420   824   824 I EthernetServiceImpl: Read stored IP configuration: IP assignment: DHCP
02-13 13:19:37.145420   824   824 I EthernetServiceImpl: Proxy settings: NONE
02-13 13:19:37.153836   824   824 I EthernetService: Registering service ethernet
02-13 13:19:37.158945   824   824 I zygote64: The ClassLoaderContext is a special shared library.
02-13 13:19:37.179887   450   450 I Zygote  : Preloading resources...
02-13 13:19:37.214180   450   450 W Resources: Preloaded drawable resource #0x1080264 (android:drawable/dialog_background_material) that varies with configuration!!
02-13 13:19:37.262395   824   824 I zygote64: The ClassLoaderContext is a special shared library.
02-13 13:19:37.267963   824   824 D MtkIPv6TetheringCoordinator: MtkIPv6TetheringCoordinator
02-13 13:19:37.268205   824   824 D Tethering: MtkIPv6TetheringCoordinator is loaded
02-13 13:19:37.276759   824   824 D Tethering: getMtkTethering is loaded
02-13 13:19:37.282142   450   450 I Zygote  : ...preloaded 64 resources in 102ms.
02-13 13:19:37.293913   457   457 D installd: Detected label change from u:object_r:app_data_file:s0 to u:object_r:app_data_file:s0:c512,c768 at /data/data/com.honeywell.tools.battmon/cache; running recursive restorecon
02-13 13:19:37.296266   457   457 D installd: Detected label change from u:object_r:app_data_file:s0 to u:object_r:app_data_file:s0:c512,c768 at /data/data/com.honeywell.tools.battmon/code_cache; running recursive restorecon
02-13 13:19:37.296381   450   450 W Resources: Preloaded color resource #0x1060053 (android:color/btn_default_material_dark) that varies with configuration!!
02-13 13:19:37.299899   450   450 I Zygote  : ...preloaded 41 resources in 17ms.
02-13 13:19:37.300906   457   457 D installd: Detected label change from u:object_r:app_data_file:s0 to u:object_r:app_data_file:s0:c512,c768 at /data/user_de/0/com.honeywell.tools.battmon/cache; running recursive restorecon
02-13 13:19:37.303272   457   457 D installd: Detected label change from u:object_r:app_data_file:s0 to u:object_r:app_data_file:s0:c512,c768 at /data/user_de/0/com.honeywell.tools.battmon/code_cache; running recursive restorecon
02-13 13:19:37.355010   450   450 D libEGL  : loaded /vendor/lib/egl/libEGL_mtk.so
02-13 13:19:37.395768   450   450 D PQ      : [PQ_PROT] [PQCust] libpq_cust_base.so OK, libpq_cust.so absent
02-13 13:19:37.419191   457   925 D installd: Detected label change from u:object_r:app_data_file:s0 to u:object_r:app_data_file:s0:c512,c768 at /data/data/com.honeywell.demos.scandemo/cache; running recursive restorecon
02-13 13:19:37.421547   457   925 D installd: Detected label change from u:object_r:app_data_file:s0 to u:object_r:app_data_file:s0:c512,c768 at /data/data/com.honeywell.demos.scandemo/code_cache; running recursive restorecon
02-13 13:19:37.423904   450   450 D libEGL  : loaded /vendor/lib/egl/libGLESv1_CM_mtk.so
02-13 13:19:37.426363   457   925 D installd: Detected label change from u:object_r:app_data_file:s0 to u:object_r:app_data_file:s0:c512,c768 at /data/user_de/0/com.honeywell.demos.scandemo/cache; running recursive restorecon
02-13 13:19:37.428890   457   925 D installd: Detected label change from u:object_r:app_data_file:s0 to u:object_r:app_data_file:s0:c512,c768 at /data/user_de/0/com.honeywell.demos.scandemo/code_cache; running recursive restorecon
02-13 13:19:37.483510   451   451 D PermissionCache: checking android.permission.MODIFY_AUDIO_SETTINGS for uid=1000 => granted (1814 us)
02-13 13:19:37.483703   451   451 D APM_AudioPolicyManager: setForceUse() usage 4, config 0, mPhoneState 0
02-13 13:19:37.483993   824   824 W TelecomManager: Telecom Service not found.
02-13 13:19:37.486710   451   451 D APM_AudioPolicyManager: setForceUse() usage 3, config 8, mPhoneState 0
02-13 13:19:37.487789   451   633 D APM_AudioPolicyManager: setForceUse() usage 6, config 0, mPhoneState 0
02-13 13:19:37.490063   451   783 W AudioFlinger_Threads: no wake lock to update, system not ready yet
02-13 13:19:37.490064   451   776 W AudioFlinger_Threads: no wake lock to update, system not ready yet
02-13 13:19:37.492475   337   763 D AudioALSAStreamManager: setMicMute(), mMicMute: 0 => 0
02-13 13:19:37.495673   337   763 D AudioALSAStreamManager: +SetInputMute(), 0
02-13 13:19:37.496082   337   337 W DeviceHAL: Device set_mic_mute: Function not implemented
02-13 13:19:37.496521   337   337 W DeviceHAL: Device set_mic_mute: Function not implemented
02-13 13:19:37.520847   824   824 D AudioService: applyDeviceVolumemStreamType:3,device:2
02-13 13:19:37.521477   824   824 D AudioService: applyDeviceVolumemStreamType:3,device:67108864
02-13 13:19:37.521936   824   824 D AudioService: applyDeviceVolumemStreamType:3,device:1073741824
02-13 13:19:37.522448   824   824 D AudioService: applyDeviceVolumemStreamType:9,device:2
02-13 13:19:37.522948   824   824 D AudioService: applyDeviceVolumemStreamType:9,device:67108864
02-13 13:19:37.523422   824   824 D AudioService: applyDeviceVolumemStreamType:9,device:1073741824
02-13 13:19:37.523873   824   824 D AudioService: applyDeviceVolumemStreamType:10,device:2
02-13 13:19:37.524343   824   824 D AudioService: applyDeviceVolumemStreamType:10,device:67108864
02-13 13:19:37.524875   824   824 D AudioService: applyDeviceVolumemStreamType:10,device:1073741824
02-13 13:19:37.594822   450   450 D libEGL  : loaded /vendor/lib/egl/libGLESv2_mtk.so
02-13 13:19:37.595257   824   824 I zygote64: Looking for service android.hidl.manager@1.0::IServiceManager/default
02-13 13:19:37.597954   824   824 I zygote64: Starting thread pool.
02-13 13:19:37.602061   824   824 I zygote64: Looking for service android.hardware.usb@1.0::IUsb/default
02-13 13:19:37.603151   312   312 W /system/bin/hwservicemanager: getTransport: Cannot find entry android.hardware.usb@1.0::IUsb/default in either framework or device manifest.
02-13 13:19:37.603510   824   824 E zygote64: service android.hardware.usb@1.0::IUsb declares transport method EMPTY but framework expects hwbinder.
02-13 13:19:37.625119   824   824 D HardwarePropertiesManagerService-JNI: Link to death notification successful
02-13 13:19:37.709727   479   518 D agps    : [agps][n][RPC] GPS_RPC_REQUEST_AGPS_INIT
02-13 13:19:37.710496   457   457 D installd: Detected label change from u:object_r:app_data_file:s0 to u:object_r:app_data_file:s0:c512,c768 at /data/data/com.android.calculator2/code_cache; running recursive restorecon
02-13 13:19:37.715184   450   450 I Zygote  : Preloading shared libraries...
02-13 13:19:37.715499   457   457 D installd: Detected label change from u:object_r:app_data_file:s0 to u:object_r:app_data_file:s0:c512,c768 at /data/user_de/0/com.android.calculator2/cache; running recursive restorecon
02-13 13:19:37.716829   312   312 W /system/bin/hwservicemanager: getTransport: Cannot find entry android.hardware.contexthub@1.0::IContexthub/default in either framework or device manifest.
02-13 13:19:37.718892   824   934 E ContextHubService: Could not load context hub hal
02-13 13:19:37.719019   824   934 W ContextHubService: No Context Hub Module present
02-13 13:19:37.720079   824   824 D NtpTrustedTime: getServer:[time.android.com]
02-13 13:19:37.760657   450   450 I Zygote  : Uninstalled ICU cache reference pinning...
02-13 13:19:37.765669   450   450 I Zygote  : Installed AndroidKeyStoreProvider in 5ms.
02-13 13:19:37.785412   450   450 I Zygote  : Warmed up JCA providers in 19ms.
02-13 13:19:37.785539   450   450 D Zygote  : end preload
02-13 13:19:37.789458   824   824 W BackgroundDexOptService: SysProp pm.dexopt.downgrade_after_inactive_days not set
02-13 13:19:37.815125   824   824 V MediaRouter: Adding route: RouteInfo{ name=, description=null, status=null, category=RouteCategory{ name= types=ROUTE_TYPE_LIVE_AUDIO ROUTE_TYPE_LIVE_VIDEO  groupable=false }, supportedTypes=ROUTE_TYPE_LIVE_AUDIO ROUTE_TYPE_LIVE_VIDEO , presentationDisplay=null }
02-13 13:19:37.819473   824   824 V MediaRouter: Selecting route: RouteInfo{ name=, description=null, status=null, category=RouteCategory{ name= types=ROUTE_TYPE_LIVE_AUDIO ROUTE_TYPE_LIVE_VIDEO  groupable=false }, supportedTypes=ROUTE_TYPE_LIVE_AUDIO ROUTE_TYPE_LIVE_VIDEO , presentationDisplay=null }
02-13 13:19:37.831914   824   824 D HoneywellSystemManagerService: HoneywellSystemManagerServicemSkuNumber mSkuNumber = 3A6210CC
02-13 13:19:37.834206   824   824 I WindowManager: SAFE MODE not enabled
02-13 13:19:37.843591   457   930 D installd: Detected label change from u:object_r:app_data_file:s0 to u:object_r:app_data_file:s0:c512,c768 at /data/data/com.android.email/cache; running recursive restorecon
02-13 13:19:37.845733   457   930 D installd: Detected label change from u:object_r:app_data_file:s0 to u:object_r:app_data_file:s0:c512,c768 at /data/data/com.android.email/code_cache; running recursive restorecon
02-13 13:19:37.849765   457   930 D installd: Detected label change from u:object_r:app_data_file:s0 to u:object_r:app_data_file:s0:c512,c768 at /data/user_de/0/com.android.email/cache; running recursive restorecon
02-13 13:19:37.851866   457   930 D installd: Detected label change from u:object_r:app_data_file:s0 to u:object_r:app_data_file:s0:c512,c768 at /data/user_de/0/com.android.email/code_cache; running recursive restorecon
02-13 13:19:37.857159   824   824 D OmadmService: OmadmService() ... constructor
02-13 13:19:37.858460   824   824 I debug   : [getDefaultDmManager]The binder is null
02-13 13:19:37.858703   824   824 D @M_OmadmService: IOmadm.getService
02-13 13:19:37.859239   824   824 I zygote64: Looking for service vendor.mediatek.hardware.omadm@1.0::IOmadm/omadm
02-13 13:19:37.860945   312   312 W /system/bin/hwservicemanager: getTransport: Cannot find entry vendor.mediatek.hardware.omadm@1.0::IOmadm/omadm in either framework or device manifest.
02-13 13:19:37.861271   824   824 E zygote64: service vendor.mediatek.hardware.omadm@1.0::IOmadm declares transport method EMPTY but framework expects hwbinder.
02-13 13:19:37.861748   824   824 D @M_OmadmService: mOmadmProxy getService/setResponseFunctions: java.util.NoSuchElementException
02-13 13:19:37.864302   457   930 D installd: Detected label change from u:object_r:app_data_file:s0 to u:object_r:app_data_file:s0:c512,c768 at /data/data/com.android.music/cache; running recursive restorecon
02-13 13:19:37.866893   457   930 D installd: Detected label change from u:object_r:app_data_file:s0 to u:object_r:app_data_file:s0:c512,c768 at /data/data/com.android.music/code_cache; running recursive restorecon
02-13 13:19:37.871406   457   930 D installd: Detected label change from u:object_r:app_data_file:s0 to u:object_r:app_data_file:s0:c512,c768 at /data/user_de/0/com.android.music/cache; running recursive restorecon
02-13 13:19:37.872956   824   824 I zygote64: Looking for service vendor.mediatek.hardware.power@1.1::IPower/default
02-13 13:19:37.873677   457   930 D installd: Detected label change from u:object_r:app_data_file:s0 to u:object_r:app_data_file:s0:c512,c768 at /data/user_de/0/com.android.music/code_cache; running recursive restorecon
02-13 13:19:37.875436   824   824 I zygote64: Starting thread pool.
02-13 13:19:37.922015   824   824 I zygote64: Looking for service android.hardware.weaver@1.0::IWeaver/default
02-13 13:19:37.923852   312   312 W /system/bin/hwservicemanager: getTransport: Cannot find entry android.hardware.weaver@1.0::IWeaver/default in either framework or device manifest.
02-13 13:19:37.924207   824   824 E zygote64: service android.hardware.weaver@1.0::IWeaver declares transport method EMPTY but framework expects hwbinder.
02-13 13:19:37.931116   824   824 I DeviceConfigServiceManager:  onBootPhase phase= 480
02-13 13:19:37.975071   824   824 I DeviceConfigServiceManager:  onBootPhase phase= 500
02-13 13:19:37.982727   824   824 I zygote64: The ClassLoaderContext is a special shared library.
02-13 13:19:37.984909   824   824 D MtkIpConnectivityMetrics: MtkIpConnectivityMetrics is created:true
02-13 13:19:38.004524   824   962 I zygote64: Looking for service android.hidl.manager@1.0::IServiceManager/default
02-13 13:19:38.006769   824   962 I zygote64: Starting thread pool.
02-13 13:19:38.009855   824   949 D HalDeviceManager: IWifi registration notification: fqName=android.hardware.wifi@1.0::IWifi, name=default, preexisting=true
02-13 13:19:38.012309   824   949 I zygote64: Looking for service android.hardware.wifi@1.0::IWifi/default
02-13 13:19:38.015009   824   949 I zygote64: Starting thread pool.
02-13 13:19:38.024129   824   824 D MtkOpExtManager: initialize: android.app.ContextImpl@d418df7
02-13 13:19:38.025686   824   824 D OperatorCustomizationFactoryLoader: Slot -1's OperatorInfo is__
02-13 13:19:38.025875   824   824 D OperatorCustomizationFactoryLoader: It's OM load or parse failed, because operator is null
02-13 13:19:38.026290   824   824 E OperatorCustomizationFactoryLoader: can not find operatorFactoryInfo by slot id -1 from 
02-13 13:19:38.026290   824   824 E OperatorCustomizationFactoryLoader: 0: OperatorFactoryInfo(OP01_null_null:Op01WifiService.apk:com.mediatek.op.wifi.Op01WifiOperatorFactory:com.mediatek.server.wifi.op01)
02-13 13:19:38.026290   824   824 E OperatorCustomizationFactoryLoader: 1: OperatorFactoryInfo(OP09_null_null:Op09WifiService.apk:com.mediatek.op.wifi.Op09WifiOperatorFactory:com.mediatek.server.wifi.op09)
02-13 13:19:38.029165   824   824 E MtkOpExtManager: Failed to modify PERIODIC_SCAN_INTERVAL_MS
02-13 13:19:38.030915   824   824 D MtkOpExtManager: initialize done
02-13 13:19:38.031701   824   961 D WifiController: Enter ApStaDisabledState mScreenOff=false
02-13 13:19:38.032444   824   824 I WifiService: setWifiEnabled package=android uid=1000 enable=true
02-13 13:19:38.034379   824   824 I WifiScanningService: Starting wifiscanner
02-13 13:19:38.035683   824   961 D WifiController: ApStaDisabledState CMD_WIFI_TOGGLED{ when=0 what=155656 target=com.android.internal.util.StateMachine$SmHandler }
02-13 13:19:38.036204   824   961 D WifiController: WifiController msg { when=-2ms what=155656 target=com.android.internal.util.StateMachine$SmHandler } deferred for 496ms
02-13 13:19:38.044241   824   824 I RttService: Registering rttmanager
02-13 13:19:38.047129   824   833 I zygote64: Background concurrent copying GC freed 40845(2MB) AllocSpace objects, 19(616KB) LOS objects, 42% free, 7MB/13MB, paused 193us total 103.884ms
02-13 13:19:38.048105   824   824 I EthernetServiceImpl: Starting Ethernet service
02-13 13:19:38.052527   824   824 D Ethernet: Registering NetworkFactory
02-13 13:19:38.073001   824   990 D Ethernet: got request NetworkRequest [ TRACK_DEFAULT id=3, [ Capabilities: INTERNET&NOT_RESTRICTED&TRUSTED&NOT_VPN] ] with score 0
02-13 13:19:38.074015   824   990 D Ethernet: got request NetworkRequest [ REQUEST id=1, [ Capabilities: INTERNET&NOT_RESTRICTED&TRUSTED&NOT_VPN] ] with score 0
02-13 13:19:38.076401   364   388 I BufferQueueProducer: [BootAnimation#0](this:0x758f938000,id:1,api:1,p:427,c:364) queueBuffer: fps=23.88 dur=1005.15 max=43.85 min=38.49
02-13 13:19:38.077945   451   633 D PermissionCache: checking android.permission.CAPTURE_AUDIO_HOTWORD for uid=1000 => granted (797 us)
02-13 13:19:38.080367   824   824 D ContextHubSystemService: onBootPhase: PHASE_SYSTEM_SERVICES_READY
02-13 13:19:38.093503   824   824 I zygote64: Looking for service android.hardware.configstore@1.0::ISurfaceFlingerConfigs/default
02-13 13:19:38.096373   824   824 I zygote64: Starting thread pool.
02-13 13:19:38.097929   824   991 I WifiService: getWifiApEnabledState uid=1000
02-13 13:19:38.098196   824   991 I WifiService: getWifiApEnabledState uid=1000
02-13 13:19:38.114785   347   347 D lights  : write_int open fd=7
02-13 13:19:38.116912   364   912 I SurfaceFlinger: EventThread Client Pid (824) created
02-13 13:19:38.118110   364   941 I SurfaceFlinger: EventThread Client Pid (824) created
02-13 13:19:38.126917   471   471 I Light   : batch: handle:4, flag:0,samplingPeriodNs:200000000 maxBatchReportLatencyNs:0
02-13 13:19:38.127692   471   471 I Light   : enable: handle:4, en:1 
02-13 13:19:38.148033   824   824 I PackageManager: readStressTestFile path: sys/devices/platform/proinfo_data/stress_test_enable
02-13 13:19:38.149245   824   824 I PackageManager: readStressTestFile read finish : 0
02-13 13:19:38.149471   824   824 I yucaiyun: stressTestEnable value: 0
02-13 13:19:38.149616   824   824 I yucaiyun: disable stressapp, user:0
02-13 13:19:38.150000   824   824 I yucaiyun: disabled stressapp finished.
02-13 13:19:38.169250   824   890 D WifiP2pService: getMessenger: uid=1000, binder=android.os.Binder@616bece, messenger=android.os.Messenger@72631ef
02-13 13:19:38.170357   364   364 I DisplayDevice: [Built-in Screen (type:0)] fps:24.137262,dur:1035.74,max:58.54,min:38.78
02-13 13:19:38.171595   824   890 E HalDeviceManager: Should have at least 1 chip!
02-13 13:19:38.171926   824   890 E HalDeviceManager: createIface: no chip info found
02-13 13:19:38.213498   824   890 W AlarmManager: Unrecognized alarm listener com.mediatek.server.display.MtkWifiDisplayController$1@c137539
02-13 13:19:38.241869   824   824 I DeviceConfigServiceManager:  onBootPhase phase= 550
02-13 13:19:38.303671   824   824 E PowerHalManagerImpl: <checkWetherSupport> sHasChecked: false
02-13 13:19:38.304168   824   824 I PowerHalManagerImpl: <checkWetherSupport> clazz: class com.mediatek.powerhalwrapper.PowerHalWrapper
02-13 13:19:38.304655   824   824 I PowerHalManagerImpl: <checkWetherSupport> methodSetRotationBoost: public void com.mediatek.powerhalwrapper.PowerHalWrapper.setRotationBoost(int)
02-13 13:19:38.304874   824   824 I PowerHalManagerImpl: <checkWetherSupport> methodSetFpsGo: public void com.mediatek.powerhalwrapper.PowerHalWrapper.setFpsGo(boolean)
02-13 13:19:38.305219   824   824 I PowerHalManagerImpl: <checkWetherSupport> methodSetInstallationBoost: public void com.mediatek.powerhalwrapper.PowerHalWrapper.setInstallationBoost(boolean)
02-13 13:19:38.305469   824   824 I PowerHalManagerImpl: <checkWetherSupport> methodAmsBoostResume: public void com.mediatek.powerhalwrapper.PowerHalWrapper.amsBoostResume(java.lang.String,java.lang.String)
02-13 13:19:38.305663   824   824 I PowerHalManagerImpl: <checkWetherSupport> methodAmsBoostNotify: public void com.mediatek.powerhalwrapper.PowerHalWrapper.amsBoostNotify(int,java.lang.String,java.lang.String)
02-13 13:19:38.305835   824   824 I PowerHalManagerImpl: <checkWetherSupport> methodAmsBoostProcessCreate: public void com.mediatek.powerhalwrapper.PowerHalWrapper.amsBoostProcessCreate(java.lang.String,java.lang.String)
02-13 13:19:38.306037   824   824 I PowerHalManagerImpl: <checkWetherSupport> methodAmsBoostStop: public void com.mediatek.powerhalwrapper.PowerHalWrapper.amsBoostStop()
02-13 13:19:38.306230   824   824 I PowerHalManagerImpl: <checkWetherSupport> methodSetSpeedDownload: public void com.mediatek.powerhalwrapper.PowerHalWrapper.setSpeedDownload(int)
02-13 13:19:38.306332   824   824 D PowerHalManagerImpl: <checkWetherSupport> sIsMtkPowerHalExist: true
02-13 13:19:38.306539   824   824 E PowerHalWrapper: PowerHalWrapper
02-13 13:19:38.306702   824   824 I zygote64: Looking for service vendor.mediatek.hardware.power@1.1::IPower/default
02-13 13:19:38.309676   824   824 I zygote64: Starting thread pool.
02-13 13:19:38.310848   824   824 E PowerHalWrapper: DeathRecipient
02-13 13:19:38.312433   824   824 E PowerHalWrapper: pextpeak_period: 0
02-13 13:19:38.319736   824   883 W AES     : Exception Log handling...
02-13 13:19:38.321312   824   883 D AES     : ExceptionLog: notify aed (process:system_server pid:824 cause:system_server_wtf )
