02-13 13:19:31.889390   496   496 D HWUIExtension: 19 Program id 60, key 0x0000000800500040, offset 233102, binaryLength 10984 within 5949ns
02-13 13:19:31.890151   496   496 D HWUIExtension: 20 Program id 63, key 0x0000000000000001, offset 244086, binaryLength 11565 within 627ns
02-13 13:19:31.890761   496   496 D HWUIExtension: 21 Program id 66, key 0x0000000800000000, offset 255651, binaryLength 10736 within 519ns
02-13 13:19:31.891556   496   496 D HWUIExtension: 22 Program id 69, key 0x0000000000500040, offset 266387, binaryLength 10984 within 700ns
02-13 13:19:31.891627   671   671 D EMDLOGGER1: Thread thread (78f97ff4f0) is alive.
02-13 13:19:31.898168   671   671 I chatty  : uid=2000(shell) /system/bin/emdlogger1 identical 2 lines
02-13 13:19:31.901409   671   671 D EMDLOGGER1: Thread thread (78f97ff4f0) is alive.
02-13 13:19:31.902333   496   496 D HWUIExtension: 23 Program id 72, key 0x0002000000d00041, offset 277371, binaryLength 11889 within 10618ns
02-13 13:19:31.904780   671   671 D EMDLOGGER1: Thread thread (78f97ff4f0) is alive.
02-13 13:19:31.905229   449   449 I zygote64: Thread[1,tid=449,Native,Thread*=0x70d18c3a00,peer=0x12c01e08,"main"] recursive attempt to load library "/system/lib64/libmedia_jni.so"
02-13 13:19:31.905707   449   449 D MtpDeviceJNI: register_android_mtp_MtpDevice
02-13 13:19:31.906553   449   449 I zygote64: Thread[1,tid=449,Native,Thread*=0x70d18c3a00,peer=0x12c01e08,"main"] recursive attempt to load library "/system/lib64/libmedia_jni.so"
02-13 13:19:31.907345   449   449 I zygote64: Thread[1,tid=449,Native,Thread*=0x70d18c3a00,peer=0x12c01e08,"main"] recursive attempt to load library "/system/lib64/libmedia_jni.so"
02-13 13:19:31.908001   671   671 D EMDLOGGER1: Thread thread (78f97ff4f0) is alive.
02-13 13:19:31.924325   671   671 I chatty  : uid=2000(shell) /system/bin/emdlogger1 identical 5 lines
02-13 13:19:31.927522   671   671 D EMDLOGGER1: Thread thread (78f97ff4f0) is alive.
02-13 13:19:31.930000   337   617 D aurisys_config_parser: dump_scene_lib_table
02-13 13:19:31.930049   337   617 D aurisys_config_parser: aurisys_scenario 0
02-13 13:19:31.930066   337   617 D aurisys_config_parser: downlink_library_name_list name mtk_bessound
02-13 13:19:31.930080   337   617 D aurisys_config_parser: => DL apply gain to 
02-13 13:19:31.930093   337   617 D aurisys_config_parser: aurisys_scenario 1
02-13 13:19:31.930107   337   617 D aurisys_config_parser: downlink_library_name_list name mtk_bessound
02-13 13:19:31.930120   337   617 D aurisys_config_parser: => DL apply gain to 
02-13 13:19:31.930133   337   617 D aurisys_config_parser: aurisys_scenario 2
02-13 13:19:31.930150   337   617 D aurisys_config_parser: uplink_library_name_list name mtk_speech_enh
02-13 13:19:31.930163   337   617 D aurisys_config_parser: => UL apply gain to mtk_speech_enh
02-13 13:19:31.930180   337   617 D aurisys_config_parser: aurisys_scenario 3
02-13 13:19:31.930194   337   617 D aurisys_config_parser: uplink_library_name_list name mtk_speech_enh
02-13 13:19:31.930207   337   617 D aurisys_config_parser: => UL apply gain to mtk_speech_enh
02-13 13:19:31.930219   337   617 D aurisys_config_parser: aurisys_scenario 4
02-13 13:19:31.930233   337   617 D aurisys_config_parser: uplink_library_name_list name mtk_speech_enh
02-13 13:19:31.930246   337   617 D aurisys_config_parser: => UL apply gain to mtk_speech_enh
02-13 13:19:31.930258   337   617 D aurisys_config_parser: aurisys_scenario 5
02-13 13:19:31.930272   337   617 D aurisys_config_parser: uplink_library_name_list name mtk_speech_enh
02-13 13:19:31.930287   337   617 D aurisys_config_parser: => UL apply gain to mtk_speech_enh
02-13 13:19:31.930301   337   617 D aurisys_config_parser: downlink_library_name_list name mtk_speech_enh
02-13 13:19:31.930313   337   617 D aurisys_config_parser: => DL apply gain to mtk_speech_enh
02-13 13:19:31.930325   337   617 D aurisys_config_parser: aurisys_scenario 6
02-13 13:19:31.930339   337   617 D aurisys_config_parser: uplink_library_name_list name mtk_speech_enh
02-13 13:19:31.930351   337   617 D aurisys_config_parser: => UL apply gain to mtk_speech_enh
02-13 13:19:31.930366   337   617 D aurisys_config_parser: downlink_library_name_list name mtk_speech_enh
02-13 13:19:31.930378   337   617 D aurisys_config_parser: => DL apply gain to mtk_speech_enh
02-13 13:19:31.931120   671   671 D EMDLOGGER1: Thread thread (78f97ff4f0) is alive.
02-13 13:19:31.950405   671   671 I chatty  : uid=2000(shell) /system/bin/emdlogger1 identical 6 lines
02-13 13:19:31.953652   671   671 D EMDLOGGER1: Thread thread (78f97ff4f0) is alive.
02-13 13:19:31.955279   449   449 D MtkSettingsProviderExt: Global moveToSecure
02-13 13:19:31.956849   671   671 D EMDLOGGER1: Thread thread (78f97ff4f0) is alive.
02-13 13:19:31.958655   449   449 D MtkSettingsProviderExt: Secure moveToGlobal
02-13 13:19:31.960070   671   671 D EMDLOGGER1: Thread thread (78f97ff4f0) is alive.
02-13 13:19:31.960754   449   449 D MtkSettingsProviderExt: System moveToSecure
02-13 13:19:31.961098   449   449 D MtkSettingsProviderExt: System moveToGlobal
02-13 13:19:31.963455   449   449 D MtkSettingsProviderExt: putInPublicSettings
02-13 13:19:31.965599   671   671 D EMDLOGGER1: Thread thread (78f97ff4f0) is alive.
02-13 13:19:31.965929   729   729 I [epdg_wo]: [DMN] starting WI-FI OFFLOAD DAEMON
02-13 13:19:31.966766   337   617 D NVRAM   : audioComFltCustParamInit + 
02-13 13:19:31.966909   337   617 D NVRAM   : appOpsGetInstance(), init AppOps struct, lib is libaudio_param_parser-vnd.so
02-13 13:19:31.967579   337   617 D NVRAM   : audioComFltCustParamInit - callbackAudioCompFltCustParamXmlChanged
02-13 13:19:31.968807   671   671 D EMDLOGGER1: Thread thread (78f97ff4f0) is alive.
02-13 13:19:31.969444   729   729 I [epdg_wo]: [IKE] IKEv2 Daemon stopped
02-13 13:19:31.969563   729   729 I [epdg_wo]: [NID] create post_routing chain
02-13 13:19:31.969670   729   729 I [epdg_wo]: [NID] netutils supported
02-13 13:19:31.972141   671   671 D EMDLOGGER1: Thread thread (78f97ff4f0) is alive.
02-13 13:19:31.974423   671   732 I EMDLOGGER1: Exit ccb MD CTRL reader thread
02-13 13:19:31.975402   671   671 D EMDLOGGER1: MAL_OnLoggingStop: wait for mdlog_ctrl_reader_thread_id thread quit. retry:70
02-13 13:19:31.975440   671   671 I EMDLOGGER1: MAL_ccb_Deinit: CTRL reader thread terminated
02-13 13:19:31.975463   671   671 D ccci_lib: munmap on (7) for addr=0x78f9800000, len=10485760
02-13 13:19:31.975761   671   671 D ccci_lib: munmap on (5) for addr=0x78fa200000, len=2097152
02-13 13:19:31.975947   671   671 D ccci_lib: munmap on (6) for addr=0x78fae89000, len=4096
02-13 13:19:31.976077   671   671 I EMDLOGGER1: MAL_ccb_Deinit: 2017 done
02-13 13:19:31.976179   671   671 D EMDLOGGER1: Not set property: persist.mtklog.mdlog.mdsilrbt
02-13 13:19:31.976206   671   671 D EMDLOGGER1: custom_switch is 0, not start logger
02-13 13:19:31.978563   671   671 D EMDLOGGER1: Success to setup socket local server
02-13 13:19:31.978637   671   671 D EMDLOGGER1: Normal boot 1
02-13 13:19:31.978986   671   671 D EMDLOGGER1: Open servFifoFd FIFO -1
02-13 13:19:31.984856   496   496 D HWUIExtension: 24 Program id 75, key 0x000201080000000b, offset 289260, binaryLength 14179 within 82357ns
02-13 13:19:31.985733   496   496 D HWUIExtension: 25 Program id 78, key 0x0000001800500040, offset 303439, binaryLength 11377 within 782ns
02-13 13:19:31.995260   337   617 D aurisys_config_parser: dump_library_config
02-13 13:19:31.995395   337   617 D aurisys_config_parser: library name mtk_bessound
02-13 13:19:31.995431   337   617 D aurisys_config_parser: lib_version: "1399"
02-13 13:19:31.995447   337   617 D aurisys_config_parser: aurisys_scenario 0
02-13 13:19:31.995460   337   617 D aurisys_config_parser: aurisys_scenario 1
02-13 13:19:31.995472   337   617 D aurisys_config_parser: library name mtk_iir
02-13 13:19:31.995490   337   617 D aurisys_config_parser: lib_version: "iir Soft. Version 1.0.28, 2017-06-09"
02-13 13:19:31.995504   337   617 D aurisys_config_parser: aurisys_scenario 2
02-13 13:19:31.995519   337   617 D aurisys_config_parser: aurisys_scenario 3
02-13 13:19:31.995531   337   617 D aurisys_config_parser: aurisys_scenario 4
02-13 13:19:31.995543   337   617 D aurisys_config_parser: aurisys_scenario 5
02-13 13:19:31.995555   337   617 D aurisys_config_parser: aurisys_scenario 6
02-13 13:19:31.995567   337   617 D aurisys_config_parser: library name mtk_speech_enh
02-13 13:19:31.995583   337   617 D aurisys_config_parser: lib_version: "MTK_SP1 Soft. Version 1.1.09, 2018-04-13"
02-13 13:19:31.995597   337   617 D aurisys_config_parser: aurisys_scenario 2
02-13 13:19:31.995610   337   617 D aurisys_config_parser: aurisys_scenario 3
02-13 13:19:31.995623   337   617 D aurisys_config_parser: aurisys_scenario 4
02-13 13:19:31.995635   337   617 D aurisys_config_parser: aurisys_scenario 5
02-13 13:19:31.995647   337   617 D aurisys_config_parser: aurisys_scenario 6
02-13 13:19:31.995848   496   496 I ProgramBinary/Builder: ProgramEntry # 0: key 0x0000000000000000, offset      0, binaryLength 10736, format 37168 --> 0x38 0xb4 0xfa 0x10 0x28 0xa8 0xf4 0x55 0x00 0x02
02-13 13:19:31.995932   496   496 I ProgramBinary/Builder: ProgramEntry # 1: key 0x0000001000500040, offset  10736, binaryLength 11377, format 37168 --> 0x38 0xb4 0xfa 0x10 0xcc 0x0b 0x9d 0xa6 0x00 0x02
02-13 13:19:31.995955   496   496 I ProgramBinary/Builder: ProgramEntry # 2: key 0x0000003800000000, offset  22113, binaryLength 11450, format 37168 --> 0x38 0xb4 0xfa 0x10 0x42 0x33 0x74 0x68 0x00 0x02
02-13 13:19:31.995975   496   496 I ProgramBinary/Builder: ProgramEntry # 3: key 0x0002000000000001, offset  33563, binaryLength 11565, format 37168 --> 0x38 0xb4 0xfa 0x10 0x5d 0x22 0x8b 0x4b 0x00 0x02
02-13 13:19:31.995945   472   472 D ImgSensorDrv: [searchSensor]set sensor driver id =2
02-13 13:19:31.995994   496   496 I ProgramBinary/Builder: ProgramEntry # 4: key 0x0002000000000003, offset  45128, binaryLength 11283, format 37168 --> 0x38 0xb4 0xfa 0x10 0xc6 0xf4 0x2e 0x84 0x00 0x02
02-13 13:19:31.996001   472   472 D ImgSensorDrv: [searchSensor]sensorIdx 1 found <0x701/n5600_yuv/SENSOR_DRVNAME_N5600_YUV>
02-13 13:19:31.996014   496   496 I ProgramBinary/Builder: ProgramEntry # 5: key 0x0002000000500041, offset  56411, binaryLength 11883, format 37168 --> 0x38 0xb4 0xfa 0x10 0x2d 0x02 0x88 0x88 0x00 0x02
02-13 13:19:31.996033   496   496 I ProgramBinary/Builder: ProgramEntry # 6: key 0x0000001000000000, offset  68294, binaryLength 11105, format 37168 --> 0x38 0xb4 0xfa 0x10 0x08 0x2a 0xeb 0x2b 0x00 0x02
02-13 13:19:31.996052   496   496 I ProgramBinary/Builder: ProgramEntry # 7: key 0x0002000800000003, offset  79399, binaryLength 11483, format 37168 --> 0x38 0xb4 0xfa 0x10 0x00 0x0e 0x09 0x0d 0x00 0x02
02-13 13:19:31.996072   496   496 I ProgramBinary/Builder: ProgramEntry # 8: key 0x0000010000000008, offset  90882, binaryLength 13254, format 37168 --> 0x38 0xb4 0xfa 0x10 0xb3 0xf3 0xd3 0x09 0x00 0x02
02-13 13:19:31.996091   496   496 I ProgramBinary/Builder: ProgramEntry # 9: key 0x0002000800000001, offset 104136, binaryLength 11771, format 37168 --> 0x38 0xb4 0xfa 0x10 0xb4 0x2e 0xaf 0xcb 0x00 0x02
02-13 13:19:31.996120   496   496 I ProgramBinary/Builder: ProgramEntry #10: key 0x0000001800000000, offset 115907, binaryLength 11105, format 37168 --> 0x38 0xb4 0xfa 0x10 0x08 0x2a 0xeb 0x2b 0x00 0x02
02-13 13:19:31.996139   496   496 I ProgramBinary/Builder: ProgramEntry #11: key 0x0002001800500044, offset 127012, binaryLength 12972, format 37168 --> 0x38 0xb4 0xfa 0x10 0x51 0x64 0x5e 0xb9 0x00 0x02
02-13 13:19:31.996158   496   496 I ProgramBinary/Builder: ProgramEntry #12: key 0x0000001000000008, offset 139984, binaryLength 13492, format 37168 --> 0x38 0xb4 0xfa 0x10 0xfe 0x08 0x03 0xfa 0x00 0x02
02-13 13:19:31.996176   496   496 I ProgramBinary/Builder: ProgramEntry #13: key 0x0002000000900041, offset 153476, binaryLength 11950, format 37168 --> 0x38 0xb4 0xfa 0x10 0x67 0x52 0xbd 0xe6 0x00 0x02
02-13 13:19:31.996196   496   496 I ProgramBinary/Builder: ProgramEntry #14: key 0x0000081000000000, offset 165426, binaryLength 13007, format 37168 --> 0x38 0xb4 0xfa 0x10 0xa1 0x4c 0xd1 0x73 0x00 0x02
02-13 13:19:31.996210   472   472 D ImgSensorDrv: [getInfo2]prv w=0x1a0,h=0x280
02-13 13:19:31.996215   496   496 I ProgramBinary/Builder: ProgramEntry #15: key 0x0002080800000001, offset 178433, binaryLength 13673, format 37168 --> 0x38 0xb4 0xfa 0x10 0x9f 0x3c 0xd6 0x07 0x00 0x02
02-13 13:19:31.996227   472   472 D ImgSensorDrv: [getInfo2]cap w=0x1a0,h=0x280
02-13 13:19:31.996234   496   496 I ProgramBinary/Builder: ProgramEntry #16: key 0x0002080000d00041, offset 192106, binaryLength 13791, format 37168 --> 0x38 0xb4 0xfa 0x10 0x2f 0x26 0xa3 0xd2 0x00 0x02
02-13 13:19:31.996244   472   472 D ImgSensorDrv: [getInfo2]vd  w=0x1a0,h=0x280
02-13 13:19:31.996252   496   496 I ProgramBinary/Builder: ProgramEntry #17: key 0x0002080000900041, offset 205897, binaryLength 13820, format 37168 --> 0x38 0xb4 0xfa 0x10 0x2d 0x6a 0x67 0x6e 0x00 0x02
02-13 13:19:31.996259   472   472 D ImgSensorDrv: [getInfo2]pre GrapX=0x0,GrapY=0x0
02-13 13:19:31.996273   496   496 I ProgramBinary/Builder: ProgramEntry #18: key 0x0002080800000003, offset 219717, binaryLength 13385, format 37168 --> 0x38 0xb4 0xfa 0x10 0x56 0xca 0x45 0xf0 0x00 0x02
02-13 13:19:31.996292   496   496 I ProgramBinary/Builder: ProgramEntry #19: key 0x0000000800500040, offset 233102, binaryLength 10984, format 37168 --> 0x38 0xb4 0xfa 0x10 0x1e 0x6e 0x56 0xd6 0x00 0x02
02-13 13:19:31.996311   496   496 I ProgramBinary/Builder: ProgramEntry #20: key 0x0000000000000001, offset 244086, binaryLength 11565, format 37168 --> 0x38 0xb4 0xfa 0x10 0x5d 0x22 0x8b 0x4b 0x00 0x02
02-13 13:19:31.996329   496   496 I ProgramBinary/Builder: ProgramEntry #21: key 0x0000000800000000, offset 255651, binaryLength 10736, format 37168 --> 0x38 0xb4 0xfa 0x10 0x28 0xa8 0xf4 0x55 0x00 0x02
02-13 13:19:31.996349   496   496 I ProgramBinary/Builder: ProgramEntry #22: key 0x0000000000500040, offset 266387, binaryLength 10984, format 37168 --> 0x38 0xb4 0xfa 0x10 0x1e 0x6e 0x56 0xd6 0x00 0x02
02-13 13:19:31.996367   496   496 I ProgramBinary/Builder: ProgramEntry #23: key 0x0002000000d00041, offset 277371, binaryLength 11889, format 37168 --> 0x38 0xb4 0xfa 0x10 0x85 0x9f 0xc6 0xa3 0x00 0x02
02-13 13:19:31.996385   496   496 I ProgramBinary/Builder: ProgramEntry #24: key 0x000201080000000b, offset 289260, binaryLength 14179, format 37168 --> 0x38 0xb4 0xfa 0x10 0x9b 0x60 0x33 0xdf 0x00 0x02
02-13 13:19:31.996404   496   496 I ProgramBinary/Builder: ProgramEntry #25: key 0x0000001800500040, offset 303439, binaryLength 11377, format 37168 --> 0x38 0xb4 0xfa 0x10 0xcc 0x0b 0x9d 0xa6 0x00 0x02
02-13 13:19:31.996427   337   617 D aurisys_controller: init_aurisys_controller(-)
02-13 13:19:31.996475   496   496 I ProgramBinary/Builder: Build program succeeded.
02-13 13:19:31.996495   337   617 D         : appOpsGetInstance(), init AppOps struct, lib is libaudio_param_parser-vnd.so
02-13 13:19:31.997243   337   617 D AudioALSAHardware: AudioALSAHardware(), mAudioHalBtscoWB = 0
02-13 13:19:31.997340   337   617 D WCNChipController: WCNChipController()
02-13 13:19:31.997391   337   617 D WCNChipController: SetBTCurrentSamplingRateNumber(), mBTCurrentSamplingRateNumber: 8000 => 8000
02-13 13:19:31.997428   337   617 D AudioBTCVSDControl: +AudioBTCVSDControl
02-13 13:19:31.997469   337   617 D AudioBTCVSDControl: AudioBTCVSDControl constructor
02-13 13:19:31.998252   472   472 W MtkCam/HalSensorList: [impConstructStaticMetadata_by_SymbolName] constructCustStaticMetadata_DEVICE_LENS_SENSOR_DRVNAME_N5600_YUV not found
02-13 13:19:31.999149   472   472 W MtkCam/HalSensorList: [impConstructStaticMetadata_by_SymbolName] constructCustStaticMetadata_DEVICE_LENS_COMMON not found
02-13 13:19:32.000091   472   472 W MtkCam/HalSensorList: [impConstructStaticMetadata_by_SymbolName] constructCustStaticMetadata_DEVICE_SENSOR_SENSOR_DRVNAME_N5600_YUV not found
02-13 13:19:32.001512   472   472 W MtkCam/HalSensorList: [impConstructStaticMetadata_by_SymbolName] constructCustStaticMetadata_DEVICE_SENSOR_COMMON not found
02-13 13:19:32.006211   496   496 I ProgramBinary/Builder: Build program result is sending to server...
02-13 13:19:32.006436   496   496 I ProgramBinary/Service: ProgramBinaryService client side disable debugging.
02-13 13:19:32.006528   496   496 I ProgramBinary/Service: ProgramBinaryService client side disable binary content debugging.
02-13 13:19:32.006552   496   496 D ProgramBinary/Service: BpProgramBinaryService.setProgramBinaryData
02-13 13:19:32.006891   487   494 D ProgramBinary/Service: zhiyin- ontransact 1 code 4
02-13 13:19:32.007277   472   472 W MtkCam/HalSensorList: [impConstructStaticMetadata_by_SymbolName] constructCustStaticMetadata_DEVICE_TUNING_3A_SENSOR_DRVNAME_N5600_YUV not found
02-13 13:19:32.007773   496   496 D ProgramBinary/Service: BpProgramBuilderService.setReady
02-13 13:19:32.007966   487   494 D ProgramBinary/Service: zhiyin- ontransact 1 code 2
02-13 13:19:32.008144   496   496 I ProgramBinary/Builder: Build program result: Build is Successful & Send is Successful.
02-13 13:19:32.008256   496   496 I ProgramBinary/Builder: Program binary builder ended!
02-13 13:19:32.008275   496   496 I ProgramBinary/Builder: Build program desctruct.
02-13 13:19:32.009779   472   472 W MtkCam/HalSensorList: [impConstructStaticMetadata_by_SymbolName] constructCustStaticMetadata_DEVICE_TUNING_3A_COMMON not found
02-13 13:19:32.014564   337   617 D AudioBTCVSDControl: BT_SCO_SET_TXState state=0x0
02-13 13:19:32.014605   337   617 D AudioBTCVSDControl: BT_SCO_SET_RXState state=0x10
02-13 13:19:32.014623   337   617 D AudioBTCVSDControl: BT_SCO_CVSD_Init() allocate mBTSCOCVSDContext
02-13 13:19:32.014636   337   617 D AudioBTCVSDControl: -AudioBTCVSDControl
02-13 13:19:32.014650   337   617 D AudioBTCVSDControl: AudioBTCVSDControl getInstance()
02-13 13:19:32.014666   337   617 D AudioBTCVSDControl: BT_SCO_SetMode, mode=0, BTmode=0
02-13 13:19:32.014682   337   617 D AudioALSASpeechPhoneCallController: setBTMode(), mBTMode: 0 => 0
02-13 13:19:32.014747   337   617 D AudioALSAHardware: -mAudioALSAHardware
02-13 13:19:32.014780   337   617 D mtk_audio_hw_hal: gAudioHALRefCountByClient + 1
02-13 13:19:32.016300   337   337 D AudioALSAHardware: initCheck()
02-13 13:19:32.016308   364   387 I BufferQueueProducer: [BootAnimation#0](this:0x758f938000,id:1,api:1,p:427,c:364) queueBuffer: fps=10.05 dur=1094.92 max=220.44 min=46.71
02-13 13:19:32.019255   337   337 D AudioALSAStreamManager: setMasterVolume(), volume = 1.000000
02-13 13:19:32.019412   337   337 D AudioMTKGainController: setNormalVolume(), mSceneIndex = 0, stream -1, devices 0x0, index -1, mode 0x0
02-13 13:19:32.019547   337   337 D SpeechParamParser: SpeechParamParser()
02-13 13:19:32.019615   337   337 D SpeechParamParser: Init()
02-13 13:19:32.019627   337   337 D SpeechParamParser: +InitAppParser()
02-13 13:19:32.019641   337   337 D SpeechParamParser: InitAppParser() appHandleGetInstance
02-13 13:19:32.019657   337   337 D SpeechParamParser: appOpsGetInstance(), init AppOps struct, lib is libaudio_param_parser-vnd.so
02-13 13:19:32.020229   337   337 D SpeechParamParser: InitAppParser() appHandleRegXmlChangedCb
02-13 13:19:32.020453   337   337 D SpeechParamParser: InitSpeechNetwork(), i=0, sizeByteFromApp=2, supportBit=0xfff
02-13 13:19:32.020486   337   337 D SpeechParamParser: -InitSpeechNetwork(), total size byte=2
02-13 13:19:32.020505   337   337 D SpeechParamParser: InitSpeechNetwork(), mNameForEachSpeechNetwork[0].name = GSM
02-13 13:19:32.020545   337   337 D SpeechParamParser: InitSpeechNetwork(), mNameForEachSpeechNetwork[1].name = GSM
02-13 13:19:32.020563   337   337 D SpeechParamParser: InitSpeechNetwork(), mNameForEachSpeechNetwork[2].name = GSM
02-13 13:19:32.020675   337   337 D SpeechParamParser: InitSpeechNetwork(), mNameForEachSpeechNetwork[3].name = GSM
02-13 13:19:32.020766   337   337 D SpeechParamParser: InitSpeechNetwork(), mNameForEachSpeechNetwork[4].name = GSM
02-13 13:19:32.020828   337   337 D SpeechParamParser: InitSpeechNetwork(), mNameForEachSpeechNetwork[5].name = GSM
02-13 13:19:32.020895   337   337 D SpeechParamParser: InitSpeechNetwork(), mNameForEachSpeechNetwork[6].name = GSM
02-13 13:19:32.021002   337   337 D SpeechParamParser: InitSpeechNetwork(), mNameForEachSpeechNetwork[7].name = GSM
02-13 13:19:32.021139   337   337 D SpeechParamParser: InitSpeechNetwork(), mNameForEachSpeechNetwork[8].name = GSM
02-13 13:19:32.021293   337   337 D SpeechParamParser: InitSpeechNetwork(), mNameForEachSpeechNetwork[9].name = GSM
02-13 13:19:32.021462   337   337 D SpeechParamParser: InitSpeechNetwork(), mNameForEachSpeechNetwork[10].name = GSM
02-13 13:19:32.021631   337   337 D SpeechParamParser: InitSpeechNetwork(), mNameForEachSpeechNetwork[11].name = GSM
02-13 13:19:32.021831   337   337 E AudioMTKGainController: getGainDevice(), error, devices (0) not support, return GAIN_DEVICE_SPEAKER
02-13 13:19:32.022072   337   337 W AudioMTKGainController: error, stream -1 is invalid, use 3 instead
02-13 13:19:32.022230   337   337 W AudioMTKGainController: error, index -1 is invalid, use max 15 instead
02-13 13:19:32.022340   337   337 D AudioMTKGainController: setSpeakerGain(), gain = 12, spkAnaType = 3, spkLMixerName = Lineout_PGAL_GAIN, spkRMixerName = Lineout_PGAR_GAIN
02-13 13:19:32.022923   451   451 I AudioFlinger: loadHwModule() Loaded primary audio interface, handle 10
02-13 13:19:32.023132   451   451 I AudioFlinger: openOutput() this 0xeb7be000, module 10 Device 2, SamplingRate 48000, Format 0x000003, Channels 3, flags 6
02-13 13:19:32.023484   337   337 D AudioALSAStreamManager: +openOutputStream()
02-13 13:19:32.023892   337   337 D AudioALSAStreamManager: openOutputStream(), devices = 0x2, format = 0x3, channels = 0x3, sampleRate = 48000, status = 0xd
02-13 13:19:32.024850   472   472 W MtkCam/HalSensorList: [impConstructStaticMetadata_by_SymbolName] constructCustStaticMetadata_DEVICE_FLASHLIGHT_SENSOR_DRVNAME_N5600_YUV not found
02-13 13:19:32.026392   472   472 W MtkCam/HalSensorList: [impConstructStaticMetadata_by_SymbolName] constructCustStaticMetadata_DEVICE_FLASHLIGHT_COMMON not found
02-13 13:19:32.028011   472   472 W MtkCam/HalSensorList: [impConstructStaticMetadata_by_SymbolName] constructCustStaticMetadata_DEVICE_SCALER_SENSOR_DRVNAME_N5600_YUV not found
02-13 13:19:32.028835   337   337 D AudioALSAStreamOut: AudioALSAStreamOut()
02-13 13:19:32.029073   337   337 D AudioALSAStreamOut: set(), devices = 0x2, format = 0x3, channels = 0x3, sampleRate = 48000, flags = 0x6
02-13 13:19:32.029073   472   472 W MtkCam/HalSensorList: [impConstructStaticMetadata_by_SymbolName] constructCustStaticMetadata_DEVICE_SCALER_COMMON not found
02-13 13:19:32.029310   337   337 D AudioALSASampleRateController: AudioALSASampleRateController()
02-13 13:19:32.029624   337   337 D AudioALSASampleRateController: +setPrimaryStreamOutSampleRate(), mPrimaryStreamOutSampleRate: 44100 => 48000
02-13 13:19:32.029807   337   337 D AudioALSASampleRateController: -setPrimaryStreamOutSampleRate(), mPrimaryStreamOutSampleRate: 48000
02-13 13:19:32.029913   472   472 W MtkCam/HalSensorList: [impConstructStaticMetadata_by_SymbolName] constructCustStaticMetadata_DEVICE_FEATURE_SENSOR_DRVNAME_N5600_YUV not found
02-13 13:19:32.030065   337   337 D AudioALSAStreamOut: set(), mStreamAttributeSource.latency 10, mStreamAttributeSource.buffer_size =2048, channels 2.
02-13 13:19:32.031178   472   472 W MtkCam/HalSensorList: [impConstructStaticMetadata_by_SymbolName] constructCustStaticMetadata_DEVICE_FEATURE_COMMON not found
02-13 13:19:32.033655   364   364 I DisplayDevice: [Built-in Screen (type:0)] fps:10.050456,dur:1094.48,max:234.11,min:57.68
02-13 13:19:32.033927   472   472 W MtkCam/HalSensorList: [impConstructStaticMetadata_by_SymbolName] constructCustStaticMetadata_DEVICE_CAMERA_SENSOR_DRVNAME_N5600_YUV not found
02-13 13:19:32.035006   472   472 W MtkCam/HalSensorList: [impConstructStaticMetadata_by_SymbolName] constructCustStaticMetadata_DEVICE_CAMERA_COMMON not found
02-13 13:19:32.035923   472   472 W MtkCam/HalSensorList: [impConstructStaticMetadata_by_SymbolName] constructCustStaticMetadata_DEVICE_REQUEST_SENSOR_DRVNAME_N5600_YUV not found
02-13 13:19:32.036967   472   472 W MtkCam/HalSensorList: [impConstructStaticMetadata_by_SymbolName] constructCustStaticMetadata_DEVICE_REQUEST_COMMON not found
02-13 13:19:32.038099   472   472 W MtkCam/HalSensorList: [impConstructStaticMetadata_by_SymbolName] constructCustStaticMetadata_PROJECT_LENS_SENSOR_DRVNAME_N5600_YUV not found
02-13 13:19:32.039035   472   472 W MtkCam/HalSensorList: [impConstructStaticMetadata_by_SymbolName] constructCustStaticMetadata_PROJECT_LENS_COMMON not found
02-13 13:19:32.040037   472   472 W MtkCam/HalSensorList: [impConstructStaticMetadata_by_SymbolName] constructCustStaticMetadata_PROJECT_SENSOR_SENSOR_DRVNAME_N5600_YUV not found
02-13 13:19:32.040783   671   752 D EMDLOGGER1: runListener
02-13 13:19:32.041657   472   472 W MtkCam/HalSensorList: [impConstructStaticMetadata_by_SymbolName] constructCustStaticMetadata_PROJECT_SENSOR_COMMON not found
02-13 13:19:32.042530   472   472 W MtkCam/HalSensorList: [impConstructStaticMetadata_by_SymbolName] constructCustStaticMetadata_PROJECT_TUNING_3A_SENSOR_DRVNAME_N5600_YUV not found
02-13 13:19:32.043608   472   472 W MtkCam/HalSensorList: [impConstructStaticMetadata_by_SymbolName] constructCustStaticMetadata_PROJECT_TUNING_3A_COMMON not found
02-13 13:19:32.044508   472   472 W MtkCam/HalSensorList: [impConstructStaticMetadata_by_SymbolName] constructCustStaticMetadata_PROJECT_FLASHLIGHT_SENSOR_DRVNAME_N5600_YUV not found
02-13 13:19:32.045547   472   472 W MtkCam/HalSensorList: [impConstructStaticMetadata_by_SymbolName] constructCustStaticMetadata_PROJECT_FLASHLIGHT_COMMON not found
02-13 13:19:32.045351   337   337 D NVRAM   : audioComFltCustParamInit Do nothing
02-13 13:19:32.045887   337   337 D NVRAM   : getPlaybackPostProcessParameterFromXML Type/Name [0]/[PlaybackACF]
02-13 13:19:32.046039   337   337 D NVRAM   : appOpsGetInstance(), init AppOps struct, lib is libaudio_param_parser-vnd.so
02-13 13:19:32.046652   472   472 W MtkCam/HalSensorList: [impConstructStaticMetadata_by_SymbolName] constructCustStaticMetadata_PROJECT_SCALER_SENSOR_DRVNAME_N5600_YUV not found
02-13 13:19:32.046902   337   337 D NVRAM   : bes_loudness_L_hpf_fc = 300
02-13 13:19:32.047035   337   337 D NVRAM   : bes_loudness_L_hpf_order = 2
02-13 13:19:32.047134   337   337 D NVRAM   : bes_loudness_L_lpf_fc = 8000
02-13 13:19:32.047226   337   337 D NVRAM   : bes_loudness_L_lpf_order = 1
02-13 13:19:32.047319   337   337 D NVRAM   : bes_loudness_R_hpf_fc = 0
02-13 13:19:32.047448   337   337 D NVRAM   : bes_loudness_R_hpf_order = 0
02-13 13:19:32.047541   337   337 D NVRAM   : bes_loudness_R_lpf_fc = 0
02-13 13:19:32.047622   337   337 D NVRAM   : bes_loudness_R_lpf_order = 0
02-13 13:19:32.047699   337   337 D NVRAM   : bes_loudness_Sep_LR_Filter = 0
02-13 13:19:32.047925   337   337 D NVRAM   : bes_loudness_WS_Gain_Max = 0
02-13 13:19:32.048042   337   337 D NVRAM   : bes_loudness_WS_Gain_Min = 0
02-13 13:19:32.048076   472   472 W MtkCam/HalSensorList: [impConstructStaticMetadata_by_SymbolName] constructCustStaticMetadata_PROJECT_SCALER_COMMON not found
02-13 13:19:32.048179   337   337 D NVRAM   : bes_loudness_Filter_First = 0
02-13 13:19:32.048302   337   337 D NVRAM   : bes_loudness_Num_Bands = 0
02-13 13:19:32.048415   337   337 D NVRAM   : bes_loudness_Flt_Bank_Order = 0
02-13 13:19:32.048987   472   472 W MtkCam/HalSensorList: [impConstructStaticMetadata_by_SymbolName] constructCustStaticMetadata_PROJECT_FEATURE_SENSOR_DRVNAME_N5600_YUV not found
02-13 13:19:32.050447   472   472 W MtkCam/HalSensorList: [impConstructStaticMetadata_by_SymbolName] constructCustStaticMetadata_PROJECT_FEATURE_COMMON not found
02-13 13:19:32.052803   472   472 W MtkCam/HalSensorList: [impConstructStaticMetadata_by_SymbolName] constructCustStaticMetadata_PROJECT_CAMERA_SENSOR_DRVNAME_N5600_YUV not found
02-13 13:19:32.053220   337   337 D NVRAM   : DRC_Delay = 0
02-13 13:19:32.053387   337   337 D NVRAM   : Lim_Th = 0
02-13 13:19:32.053471   337   337 D NVRAM   : Lim_Gn = 0
02-13 13:19:32.054140   472   472 W MtkCam/HalSensorList: [impConstructStaticMetadata_by_SymbolName] constructCustStaticMetadata_PROJECT_CAMERA_COMMON not found
02-13 13:19:32.054474   337   337 D NVRAM   : Lim_Const = 0
02-13 13:19:32.054626   337   337 D NVRAM   : Lim_Delay = 0
02-13 13:19:32.054706   337   337 D NVRAM   : SWIPRev = 0x520
02-13 13:19:32.054775   337   337 D NVRAM   : getPlaybackPostProcessParameterFromXML Parameter 0 returnValue 0
02-13 13:19:32.054877   337   337 D MtkAudioLoud: mIsZeroCoeff 0 mFilterType 0
02-13 13:19:32.055050   472   472 W MtkCam/HalSensorList: [impConstructStaticMetadata_by_SymbolName] constructCustStaticMetadata_PROJECT_REQUEST_SENSOR_DRVNAME_N5600_YUV not found
02-13 13:19:32.055486   337   337 D AudioMTKFilterManager: +Init AudioMTKFilter_VibSpkAddTone
02-13 13:19:32.055855   337   337 D AudioMTKFilterManager: sampleRate [48000] channel [2] format [0x3] bufferSize [2048]
02-13 13:19:32.055868   472   472 W MtkCam/HalSensorList: [impConstructStaticMetadata_by_SymbolName] constructCustStaticMetadata_PROJECT_REQUEST_COMMON not found
02-13 13:19:32.056041   337   337 D AudioMTKFilterManager: -Init AudioMTKFilter_VibSpkAddTone
02-13 13:19:32.056156   337   337 D AudioVIBSPKControl: +UniqueAudioVIBSPKControl
02-13 13:19:32.056295   472   472 D SeninfDrvImp: [setMclk1][setMclk1]pcEn(0), clkPol(0), mMclk1User(0), TimestampClk(0), SENINF_TG1_PH_CNT(0x1), mclkSel 24
02-13 13:19:32.056884   472   472 D SeninfDrvImp: [setMclk2][setMclk2]pcEn(0), clkPol(0), mMclk2User(0), TimestampClk(0), SENINF_TG2_PH_CNT(0x1), mclkSel 24l
02-13 13:19:32.057194   472   472 D SeninfDrvImp: [uninit][uninit]: 1 
02-13 13:19:32.057330   472   472 D SeninfDrvImp: [uninit][uninit]: 0, mfd(8) 
02-13 13:19:32.057566   472   472 D ImgSensorDrv: [uninit][uninit] imgsensor_drv 0
02-13 13:19:32.057871   472   472 I mtkcam-devicemgr: pHalSensorList:0xeb4f633c searchSensors:2 queryNumberOfSensors:2
02-13 13:19:32.059407   472   472 D MtkCam/MetadataProvider.constructStatic: [constructStaticMetadata] construct static metadata
02-13 13:19:32.060201   472   472 W MtkCam/MetadataProvider.constructStatic: [impConstructStaticMetadata_by_SymbolName] constructCustStaticMetadata_DEVICE_LENS_SENSOR_DRVNAME_S5K4H7_MIPI_RAW not found
02-13 13:19:32.060972   472   472 W MtkCam/MetadataProvider.constructStatic: [impConstructStaticMetadata_by_SymbolName] constructCustStaticMetadata_DEVICE_LENS_COMMON not found
02-13 13:19:32.061939   337   337 D AudioVIBSPKControl: +UniqueAudioVIBSPKVsgGen
02-13 13:19:32.062134   472   472 W MtkCam/MetadataProvider.constructStatic: [impConstructStaticMetadata_by_SymbolName] constructCustStaticMetadata_DEVICE_SENSOR_SENSOR_DRVNAME_S5K4H7_MIPI_RAW not found
02-13 13:19:32.062548   337   337 D AudioVIBSPKControl: -UniqueAudioVIBSPKVsgGen
02-13 13:19:32.062654   337   337 D AudioVIBSPKControl: VsgGen getInstance()
02-13 13:19:32.062720   337   337 D AudioVIBSPKControl: constructor
02-13 13:19:32.062734   472   472 W MtkCam/MetadataProvider.constructStatic: [impConstructStaticMetadata_by_SymbolName] constructCustStaticMetadata_DEVICE_SENSOR_COMMON not found
02-13 13:19:32.062806   337   337 D AudioVIBSPKControl: -UniqueAudioVIBSPKControl
02-13 13:19:32.062874   337   337 D AudioVIBSPKControl: getInstance()
02-13 13:19:32.063296   472   472 W MtkCam/MetadataProvider.constructStatic: [impConstructStaticMetadata_by_SymbolName] constructCustStaticMetadata_DEVICE_TUNING_3A_SENSOR_DRVNAME_S5K4H7_MIPI_RAW not found
02-13 13:19:32.063963   472   472 W MtkCam/MetadataProvider.constructStatic: [impConstructStaticMetadata_by_SymbolName] constructCustStaticMetadata_DEVICE_TUNING_3A_COMMON not found
02-13 13:19:32.064572   472   472 W MtkCam/MetadataProvider.constructStatic: [impConstructStaticMetadata_by_SymbolName] constructCustStaticMetadata_DEVICE_FLASHLIGHT_SENSOR_DRVNAME_S5K4H7_MIPI_RAW not found
02-13 13:19:32.065445   472   472 W MtkCam/MetadataProvider.constructStatic: [impConstructStaticMetadata_by_SymbolName] constructCustStaticMetadata_DEVICE_FLASHLIGHT_COMMON not found
02-13 13:19:32.066015   472   472 W MtkCam/MetadataProvider.constructStatic: [impConstructStaticMetadata_by_SymbolName] constructCustStaticMetadata_DEVICE_SCALER_SENSOR_DRVNAME_S5K4H7_MIPI_RAW not found
02-13 13:19:32.066606   472   472 W MtkCam/MetadataProvider.constructStatic: [impConstructStaticMetadata_by_SymbolName] constructCustStaticMetadata_DEVICE_SCALER_COMMON not found
02-13 13:19:32.067189   472   472 W MtkCam/MetadataProvider.constructStatic: [impConstructStaticMetadata_by_SymbolName] constructCustStaticMetadata_DEVICE_FEATURE_SENSOR_DRVNAME_S5K4H7_MIPI_RAW not found
02-13 13:19:32.067773   472   472 W MtkCam/MetadataProvider.constructStatic: [impConstructStaticMetadata_by_SymbolName] constructCustStaticMetadata_DEVICE_FEATURE_COMMON not found
02-13 13:19:32.068388   472   472 W MtkCam/MetadataProvider.constructStatic: [impConstructStaticMetadata_by_SymbolName] constructCustStaticMetadata_DEVICE_CAMERA_SENSOR_DRVNAME_S5K4H7_MIPI_RAW not found
02-13 13:19:32.069440   472   472 W MtkCam/MetadataProvider.constructStatic: [impConstructStaticMetadata_by_SymbolName] constructCustStaticMetadata_DEVICE_REQUEST_SENSOR_DRVNAME_S5K4H7_MIPI_RAW not found
02-13 13:19:32.070062   472   472 W MtkCam/MetadataProvider.constructStatic: [impConstructStaticMetadata_by_SymbolName] constructCustStaticMetadata_DEVICE_REQUEST_COMMON not found
02-13 13:19:32.070705   472   472 W MtkCam/MetadataProvider.constructStatic: [impConstructStaticMetadata_by_SymbolName] constructCustStaticMetadata_PROJECT_LENS_SENSOR_DRVNAME_S5K4H7_MIPI_RAW not found
02-13 13:19:32.071519   472   472 W MtkCam/MetadataProvider.constructStatic: [impConstructStaticMetadata_by_SymbolName] constructCustStaticMetadata_PROJECT_LENS_COMMON not found
02-13 13:19:32.072138   472   472 W MtkCam/MetadataProvider.constructStatic: [impConstructStaticMetadata_by_SymbolName] constructCustStaticMetadata_PROJECT_SENSOR_SENSOR_DRVNAME_S5K4H7_MIPI_RAW not found
02-13 13:19:32.072940   472   472 W MtkCam/MetadataProvider.constructStatic: [impConstructStaticMetadata_by_SymbolName] constructCustStaticMetadata_PROJECT_SENSOR_COMMON not found
02-13 13:19:32.072899   337   337 D AudioFtmBase: AudioFtmBase()
02-13 13:19:32.073645   337   337 D LoopbackManager: LoopbackManager(), isMD1Supported = 12
02-13 13:19:32.073736   472   472 W MtkCam/MetadataProvider.constructStatic: [impConstructStaticMetadata_by_SymbolName] constructCustStaticMetadata_PROJECT_TUNING_3A_SENSOR_DRVNAME_S5K4H7_MIPI_RAW not found
02-13 13:19:32.073926   337   337 D LoopbackManager: LoopbackManager(), mWorkingModemIndex = 0
02-13 13:19:32.074052   337   337 D AudioFtm: AudioFtm()
02-13 13:19:32.074216   337   337 D AudioFtm: mMixer = 0xf18dd000
02-13 13:19:32.074287   472   472 W MtkCam/MetadataProvider.constructStatic: [impConstructStaticMetadata_by_SymbolName] constructCustStaticMetadata_PROJECT_TUNING_3A_COMMON not found
02-13 13:19:32.074308   337   337 D AudioFtm: GetVibSpkCalibrationStatus()
02-13 13:19:32.074861   472   472 W MtkCam/MetadataProvider.constructStatic: [impConstructStaticMetadata_by_SymbolName] constructCustStaticMetadata_PROJECT_FLASHLIGHT_SENSOR_DRVNAME_S5K4H7_MIPI_RAW not found
02-13 13:19:32.075375   337   337 D NVRAM   : NVM_GetFileDesc: Open /vendor/nvdata/media/VibSpk_CompFlt,LID:68
02-13 13:19:32.075474   472   472 W MtkCam/MetadataProvider.constructStatic: [impConstructStaticMetadata_by_SymbolName] constructCustStaticMetadata_PROJECT_FLASHLIGHT_COMMON not found
02-13 13:19:32.075993   337   337 D NVRAM   : NVM_CmpFileVerNo 68  
02-13 13:19:32.076159   472   472 W MtkCam/MetadataProvider.constructStatic: [impConstructStaticMetadata_by_SymbolName] constructCustStaticMetadata_PROJECT_SCALER_SENSOR_DRVNAME_S5K4H7_MIPI_RAW not found
02-13 13:19:32.076830   337   337 D NVRAM   : Load File Version: 001, NvRam File Version: 001
02-13 13:19:32.076998   337   337 D NVRAM   : NVM_ProtectDataFile : 68 ++
02-13 13:19:32.077057   472   472 W MtkCam/MetadataProvider.constructStatic: [impConstructStaticMetadata_by_SymbolName] constructCustStaticMetadata_PROJECT_SCALER_COMMON not found
02-13 13:19:32.077133   337   337 D NVRAM   : iCustomBeginLID = 51
02-13 13:19:32.077256   337   337 D NVRAM   : NVM_CheckFileSize:stat_size:1262,size in table:1260
02-13 13:19:32.077928   472   472 W MtkCam/MetadataProvider.constructStatic: [impConstructStaticMetadata_by_SymbolName] constructCustStaticMetadata_PROJECT_FEATURE_SENSOR_DRVNAME_S5K4H7_MIPI_RAW not found
02-13 13:19:32.078721   472   472 W MtkCam/MetadataProvider.constructStatic: [impConstructStaticMetadata_by_SymbolName] constructCustStaticMetadata_PROJECT_FEATURE_COMMON not found
02-13 13:19:32.079624   472   472 W MtkCam/MetadataProvider.constructStatic: [impConstructStaticMetadata_by_SymbolName] constructCustStaticMetadata_PROJECT_CAMERA_SENSOR_DRVNAME_S5K4H7_MIPI_RAW not found
02-13 13:19:32.080387   472   472 W MtkCam/MetadataProvider.constructStatic: [impConstructStaticMetadata_by_SymbolName] constructCustStaticMetadata_PROJECT_CAMERA_COMMON not found
02-13 13:19:32.081084   472   472 W MtkCam/MetadataProvider.constructStatic: [impConstructStaticMetadata_by_SymbolName] constructCustStaticMetadata_PROJECT_REQUEST_SENSOR_DRVNAME_S5K4H7_MIPI_RAW not found
02-13 13:19:32.081706   472   472 W MtkCam/MetadataProvider.constructStatic: [impConstructStaticMetadata_by_SymbolName] constructCustStaticMetadata_PROJECT_REQUEST_COMMON not found
02-13 13:19:32.081818   472   472 D MtkCam/MetadataProvider.constructStatic: [constructStaticMetadata] Allocating 7 entries from customization
02-13 13:19:32.081883   472   472 D MtkCam/MetadataProvider.constructStatic: [constructStaticMetadata] Allocating 6 entries from sensor HAL
02-13 13:19:32.082255   472   472 D MtkCam/MetadataProvider.constructStatic: [constructStaticMetadata] Allocating 11 entries from customization + sensor HAL + Dng Info
02-13 13:19:32.083744   472   472 D MtkCam/Metadata: [add] [0] deviceId:0 -> 0xebf20440
02-13 13:19:32.086394   472   472 D MtkCam/MetadataProvider.constructStatic: [constructStaticMetadata] construct static metadata
02-13 13:19:32.086799   337   337 D NVRAM   : NVM_CheckFile: File is correct!
02-13 13:19:32.086974   337   337 D NVRAM   : NVM_ProtectUserData:Check Success
02-13 13:19:32.087074   337   337 D NVRAM   : NVM_GetFileDesc ProtectDataFile Check Success!!
02-13 13:19:32.087496   472   472 W MtkCam/MetadataProvider.constructStatic: [impConstructStaticMetadata_by_SymbolName] constructCustStaticMetadata_DEVICE_LENS_SENSOR_DRVNAME_N5600_YUV not found
02-13 13:19:32.088483   472   472 W MtkCam/MetadataProvider.constructStatic: [impConstructStaticMetadata_by_SymbolName] constructCustStaticMetadata_DEVICE_LENS_COMMON not found
02-13 13:19:32.089335   337   337 D NVRAM   : NVM_CloseFileDesc: Open by Readonly, no need to check when close
02-13 13:19:32.089610   472   472 W MtkCam/MetadataProvider.constructStatic: [impConstructStaticMetadata_by_SymbolName] constructCustStaticMetadata_DEVICE_SENSOR_SENSOR_DRVNAME_N5600_YUV not found
02-13 13:19:32.090426   472   472 W MtkCam/MetadataProvider.constructStatic: [impConstructStaticMetadata_by_SymbolName] constructCustStaticMetadata_DEVICE_SENSOR_COMMON not found
02-13 13:19:32.091337   472   472 W MtkCam/MetadataProvider.constructStatic: [impConstructStaticMetadata_by_SymbolName] constructCustStaticMetadata_DEVICE_TUNING_3A_SENSOR_DRVNAME_N5600_YUV not found
02-13 13:19:32.089808   337   337 D AudioMTKFilterManager: VibSpkReadFrequency:9c
02-13 13:19:32.091817   337   337 D AudioVIBSPKControl: setParameters:bb80 9c f 5
02-13 13:19:32.092535   337   337 D AudioVIBSPKControl: VsgGenInit
02-13 13:19:32.092470   472   472 W MtkCam/MetadataProvider.constructStatic: [impConstructStaticMetadata_by_SymbolName] constructCustStaticMetadata_DEVICE_TUNING_3A_COMMON not found
02-13 13:19:32.092817   337   337 D MtkAudioBitConverter: +open(), format 0, CH 2, SR 48000
02-13 13:19:32.093188   337   337 D NVRAM   : NVM_GetFileDesc: Open /vendor/nvdata/media/VibSpk_CompFlt,LID:68
02-13 13:19:32.093354   472   472 W MtkCam/MetadataProvider.constructStatic: [impConstructStaticMetadata_by_SymbolName] constructCustStaticMetadata_DEVICE_FLASHLIGHT_SENSOR_DRVNAME_N5600_YUV not found
02-13 13:19:32.093454   337   337 D NVRAM   : NVM_CmpFileVerNo 68  
02-13 13:19:32.093726   337   337 D NVRAM   : Load File Version: 001, NvRam File Version: 001
02-13 13:19:32.093939   337   337 D NVRAM   : NVM_ProtectDataFile : 68 ++
02-13 13:19:32.094028   337   337 D NVRAM   : iCustomBeginLID = 51
02-13 13:19:32.094292   337   337 D NVRAM   : NVM_CheckFileSize:stat_size:1262,size in table:1260
02-13 13:19:32.094586   472   472 W MtkCam/MetadataProvider.constructStatic: [impConstructStaticMetadata_by_SymbolName] constructCustStaticMetadata_DEVICE_FLASHLIGHT_COMMON not found
02-13 13:19:32.095352   472   472 W MtkCam/MetadataProvider.constructStatic: [impConstructStaticMetadata_by_SymbolName] constructCustStaticMetadata_DEVICE_SCALER_SENSOR_DRVNAME_N5600_YUV not found
02-13 13:19:32.096104   472   472 W MtkCam/MetadataProvider.constructStatic: [impConstructStaticMetadata_by_SymbolName] constructCustStaticMetadata_DEVICE_SCALER_COMMON not found
02-13 13:19:32.097111   472   472 W MtkCam/MetadataProvider.constructStatic: [impConstructStaticMetadata_by_SymbolName] constructCustStaticMetadata_DEVICE_FEATURE_SENSOR_DRVNAME_N5600_YUV not found
02-13 13:19:32.098093   472   472 W MtkCam/MetadataProvider.constructStatic: [impConstructStaticMetadata_by_SymbolName] constructCustStaticMetadata_DEVICE_FEATURE_COMMON not found
02-13 13:19:32.098900   472   472 W MtkCam/MetadataProvider.constructStatic: [impConstructStaticMetadata_by_SymbolName] constructCustStaticMetadata_DEVICE_CAMERA_SENSOR_DRVNAME_N5600_YUV not found
02-13 13:19:32.100334   472   472 W MtkCam/MetadataProvider.constructStatic: [impConstructStaticMetadata_by_SymbolName] constructCustStaticMetadata_DEVICE_REQUEST_SENSOR_DRVNAME_N5600_YUV not found
02-13 13:19:32.101322   472   472 W MtkCam/MetadataProvider.constructStatic: [impConstructStaticMetadata_by_SymbolName] constructCustStaticMetadata_DEVICE_REQUEST_COMMON not found
02-13 13:19:32.102221   472   472 W MtkCam/MetadataProvider.constructStatic: [impConstructStaticMetadata_by_SymbolName] constructCustStaticMetadata_PROJECT_LENS_SENSOR_DRVNAME_N5600_YUV not found
02-13 13:19:32.102990   472   472 W MtkCam/MetadataProvider.constructStatic: [impConstructStaticMetadata_by_SymbolName] constructCustStaticMetadata_PROJECT_LENS_COMMON not found
02-13 13:19:32.103727   472   472 W MtkCam/MetadataProvider.constructStatic: [impConstructStaticMetadata_by_SymbolName] constructCustStaticMetadata_PROJECT_SENSOR_SENSOR_DRVNAME_N5600_YUV not found
02-13 13:19:32.104449   472   472 W MtkCam/MetadataProvider.constructStatic: [impConstructStaticMetadata_by_SymbolName] constructCustStaticMetadata_PROJECT_SENSOR_COMMON not found
02-13 13:19:32.105281   472   472 W MtkCam/MetadataProvider.constructStatic: [impConstructStaticMetadata_by_SymbolName] constructCustStaticMetadata_PROJECT_TUNING_3A_SENSOR_DRVNAME_N5600_YUV not found
02-13 13:19:32.106262   472   472 W MtkCam/MetadataProvider.constructStatic: [impConstructStaticMetadata_by_SymbolName] constructCustStaticMetadata_PROJECT_TUNING_3A_COMMON not found
02-13 13:19:32.107259   472   472 W MtkCam/MetadataProvider.constructStatic: [impConstructStaticMetadata_by_SymbolName] constructCustStaticMetadata_PROJECT_FLASHLIGHT_SENSOR_DRVNAME_N5600_YUV not found
02-13 13:19:32.108033   337   337 D NVRAM   : NVM_CheckFile: File is correct!
02-13 13:19:32.108088   472   472 W MtkCam/MetadataProvider.constructStatic: [impConstructStaticMetadata_by_SymbolName] constructCustStaticMetadata_PROJECT_FLASHLIGHT_COMMON not found
02-13 13:19:32.108297   337   337 D NVRAM   : NVM_ProtectUserData:Check Success
02-13 13:19:32.108421   337   337 D NVRAM   : NVM_GetFileDesc ProtectDataFile Check Success!!
02-13 13:19:32.109014   472   472 W MtkCam/MetadataProvider.constructStatic: [impConstructStaticMetadata_by_SymbolName] constructCustStaticMetadata_PROJECT_SCALER_SENSOR_DRVNAME_N5600_YUV not found
02-13 13:19:32.109779   472   472 W MtkCam/MetadataProvider.constructStatic: [impConstructStaticMetadata_by_SymbolName] constructCustStaticMetadata_PROJECT_SCALER_COMMON not found
02-13 13:19:32.109876   337   337 D NVRAM   : NVM_CloseFileDesc: Open by Readonly, no need to check when close
02-13 13:19:32.110136   337   337 D MtkAudioLoud: mIsZeroCoeff 0 mFilterType 3
02-13 13:19:32.110506   337   337 D AudioMTKFilterManager: mFixedParam 0
02-13 13:19:32.110732   337   337 D AudioALSAStreamManager: -openOutputStream(), out = 0xf23f2000, status = 0x0, mStreamOutVector.size() = 1
02-13 13:19:32.110953   472   472 W MtkCam/MetadataProvider.constructStatic: [impConstructStaticMetadata_by_SymbolName] constructCustStaticMetadata_PROJECT_FEATURE_SENSOR_DRVNAME_N5600_YUV not found
02-13 13:19:32.111664   472   472 W MtkCam/MetadataProvider.constructStatic: [impConstructStaticMetadata_by_SymbolName] constructCustStaticMetadata_PROJECT_FEATURE_COMMON not found
02-13 13:19:32.112913   472   472 W MtkCam/MetadataProvider.constructStatic: [impConstructStaticMetadata_by_SymbolName] constructCustStaticMetadata_PROJECT_CAMERA_SENSOR_DRVNAME_N5600_YUV not found
02-13 13:19:32.113952   472   472 W MtkCam/MetadataProvider.constructStatic: [impConstructStaticMetadata_by_SymbolName] constructCustStaticMetadata_PROJECT_CAMERA_COMMON not found
02-13 13:19:32.115136   472   472 W MtkCam/MetadataProvider.constructStatic: [impConstructStaticMetadata_by_SymbolName] constructCustStaticMetadata_PROJECT_REQUEST_SENSOR_DRVNAME_N5600_YUV not found
02-13 13:19:32.117042   472   472 W MtkCam/MetadataProvider.constructStatic: [impConstructStaticMetadata_by_SymbolName] constructCustStaticMetadata_PROJECT_REQUEST_COMMON not found
02-13 13:19:32.117152   472   472 D MtkCam/MetadataProvider.constructStatic: [constructStaticMetadata] Allocating 7 entries from customization
02-13 13:19:32.117214   472   472 D MtkCam/MetadataProvider.constructStatic: [constructStaticMetadata] Allocating 6 entries from sensor HAL
02-13 13:19:32.117546   472   472 D MtkCam/MetadataProvider.constructStatic: [constructStaticMetadata] Allocating 11 entries from customization + sensor HAL + Dng Info
02-13 13:19:32.119054   472   472 D MtkCam/Metadata: [add] [1] deviceId:1 -> 0xebf208c0
02-13 13:19:32.119562   472   472 I mtkcam-devicemgr: [logLocked] Physical Devices: # 2
02-13 13:19:32.119637   472   472 I mtkcam-devicemgr: [logLocked] --
02-13 13:19:32.119655   472   472 I mtkcam-devicemgr: [logLocked]   [00] -> orientation(wanted/setup)=( 90/90 ) BACK  hasFlashUnit:1 SENSOR_DRVNAME_S5K4H7_MIPI_RAW [PhysEnumDevice:0xebf203e0]
02-13 13:19:32.119667   472   472 I mtkcam-devicemgr: [logLocked] --
02-13 13:19:32.119679   472   472 I mtkcam-devicemgr: [logLocked]   [01] -> orientation(wanted/setup)=(270/270) FRONT hasFlashUnit:0 SENSOR_DRVNAME_N5600_YUV [PhysEnumDevice:0xebf208f0]
02-13 13:19:32.119690   472   472 I mtkcam-devicemgr: [logLocked] --
02-13 13:19:32.119702   472   472 I mtkcam-devicemgr: [logLocked] Virtual Devices: # 2
02-13 13:19:32.119712   472   472 I mtkcam-devicemgr: [logLocked] --
02-13 13:19:32.119724   472   472 I mtkcam-devicemgr: [logLocked]   [device@1.0/internal/0] -> 00 torchModeStatus:AVAILABLE_OFF hasFlashUnit:1 [VirtEnumDevice:0xebf7ce18 IVirtualDevice:0xebf20920]
02-13 13:19:32.119735   472   472 I mtkcam-devicemgr: [logLocked] --
02-13 13:19:32.119747   472   472 I mtkcam-devicemgr: [logLocked]   [device@1.0/internal/1] -> 01 torchModeStatus:NOT_AVAILABLE hasFlashUnit:0 [VirtEnumDevice:0xebf7cd88 IVirtualDevice:0xebf20a10]
02-13 13:19:32.119758   472   472 I mtkcam-devicemgr: [logLocked] --
02-13 13:19:32.119769   472   472 I mtkcam-devicemgr: [logLocked] Open Devices: # 0 (multi-opened maximum: # 1)
02-13 13:19:32.119782   472   472 I mtkcam-devicemgr: [logLocked] --
02-13 13:19:32.119799   472   472 I mtkcam-devicemgr: [initialize] -
02-13 13:19:32.119819   472   472 I mtkcam-camprovider: [createICameraProvider_V2_4] + internal/0
02-13 13:19:32.119862   472   472 I mtkcam-camprovider: [initialize] +
02-13 13:19:32.120278   472   472 I mtkcam-camprovider: [initialize] -
02-13 13:19:32.120337   472   472 I mtkcam-camprovider: [createICameraProvider_V2_4] - internal/0 provider:0xebf2b7c0 manager:0xe501e004
02-13 13:19:32.128719   451   451 D AudioFlinger_Threads: readOutputParameters_l, mNormalFrameCount 1024
02-13 13:19:32.128826   451   451 I AudioFlinger_Threads: HAL output buffer size 256 frames, normal sink buffer size 1024 frames
02-13 13:19:32.137094   490   490 I iptables-wrapper-1.0: iptables: No chain/target/match by that name.
02-13 13:19:32.137348   490   490 I iptables-wrapper-1.0: iptables-wrapper-1.0 terminated by exit(1)
02-13 13:19:32.137791   490   490 E NetdagentIptables: exec() res=0, status=256 for /system/bin/iptables-wrapper-1.0 -w -t filter -F oem_wifi 
02-13 13:19:32.142717   472   472 I camerahalserver: Registration complete for android.hardware.camera.provider@2.4::ICameraProvider/internal/0.
02-13 13:19:32.144382   337   763 E EffectsConfig: Failed to parse /vendor/etc/audio_effects.xml: Tinyxml2 error (3): /vendor/etc/audio_effects.xml (null)
02-13 13:19:32.144539   337   763 E EffectsFactoryConfigLoader: Failed to parse XML configuration file
02-13 13:19:32.144676   337   763 W EffectsFactory: Failed to load XML effect configuration, fallback to .conf
