01-10 16:57:15.061386   389   389 I hwcomposer: [DPY] Height      : 1280  
01-10 16:57:15.061426   389   389 I hwcomposer: [DPY] xdpi        : 294967.750000  
01-10 16:57:15.061455   389   389 I hwcomposer: [DPY] ydpi        : 295563.625000  
01-10 16:57:15.061481   389   389 I hwcomposer: [DPY] vsync       : 1  
01-10 16:57:15.061507   389   389 I hwcomposer: [DPY] refresh     : 18828845  
01-10 16:57:15.061533   389   389 I hwcomposer: [DPY] connected   : 1  
01-10 16:57:15.061560   389   389 I hwcomposer: [DPY] hwrotation  : 0  
01-10 16:57:15.061586   389   389 I hwcomposer: [DPY] subtype     : 0  
01-10 16:57:15.061625   389   389 I hwcomposer: [DPY] aspect      : 0.562, 1.778  
01-10 16:57:15.061657   389   389 I hwcomposer: [DPY] protrait    : [   0,   0, 720,1280]  
01-10 16:57:15.061685   389   389 I hwcomposer: [DPY] landscape   : [   0,   0, 720,1280]  
01-10 16:57:15.061710   389   389 I hwcomposer: [DPY] trigger_by_vsync: 0  
01-10 16:57:15.061736   389   389 I hwcomposer: [DPY] supportS3D  : 0  
01-10 16:57:15.061762   389   389 I hwcomposer: [DPY] density     : 320  
01-10 16:57:15.061800   389   389 I hwcomposer: [DPY] ro.sf.lcd_density : 320  
01-10 16:57:15.062799   401   401 I BufferQueue: [unnamed-401-0](this:0x7406bfd000,id:0,api:0,p:-1,c:-1) BufferQueue core=(401:/system/bin/surfaceflinger)
01-10 16:57:15.070242   401   401 W GuiExt  : Cannot find GuiExtService
01-10 16:57:15.070532   401   401 E GED     : ged_gpu_timestamp: GED_ERROR_FAIL eErr = 0, 7
01-10 16:57:15.072421   401   401 I BufferQueueConsumer: [unnamed-401-0](this:0x7406bfd000,id:0,api:0,p:-1,c:401) connect(C): consumer=(401:/system/bin/surfaceflinger) controlledByApp=false
01-10 16:57:15.072595   401   401 I BufferQueueConsumer: [unnamed-401-0](this:0x7406bfd000,id:0,api:0,p:-1,c:401) setConsumerName: unnamed-401-0
01-10 16:57:15.072630   401   401 I BufferQueueConsumer: [FrameBufferSurface_0](this:0x7406bfd000,id:0,api:0,p:-1,c:401) setConsumerName: FrameBufferSurface_0
01-10 16:57:15.072873   401   401 I BufferQueueConsumer: [FrameBufferSurface_0](this:0x7406bfd000,id:0,api:0,p:-1,c:401) setDefaultBufferSize: width=720 height=1280
01-10 16:57:15.073364   401   401 I BufferQueueProducer: [FrameBufferSurface_0](this:0x7406bfd000,id:0,api:1,p:401,c:401) connect(P): api=1 producer=(401:/system/bin/surfaceflinger) producerControlledByApp=false
01-10 16:57:15.114518   388   388 W gralloc : Failed to find GPU block configuration in libGLES_mali.so. Using static build configuration.
01-10 16:57:15.258878   411   411 I wmt_launcher: get property(service.wcn.driver.ready) is no
01-10 16:57:15.495500   410   410 I wmt_loader: external combo chip detected
01-10 16:57:15.497625   410   410 I wmt_loader: chipid (0x6630) detected
01-10 16:57:15.502896   410   410 I wmt_loader: set property(persist.mtk.wcn.combo.chipid) to 0x6630 succeed.
01-10 16:57:15.505536   410   410 I wmt_loader: do SDIO3.0 autok succeed
01-10 16:57:15.512282   389   389 I hwcomposer: [HWC] Display(0) SetPowerMode(2)  
01-10 16:57:15.514702   401   478 I SurfaceFlinger: [checkEnableBootAnim] boot reason = ''
01-10 16:57:15.515022   401   478 I boot    : mBootAnimationEnabled = 1
01-10 16:57:15.519963   401   478 I boot    : BOOTPROF:BootAnimation:Start:7036
01-10 16:57:15.526464   410   410 I wmt_loader: external combo chip power off succeed
01-10 16:57:15.544963   410   410 I wmt_loader: do kernel module init succeed: 0
01-10 16:57:15.546776   410   410 I wmt_loader: set property(service.wcn.driver.ready) to yes succeed
01-10 16:57:15.547600   389   389 W hwcomposer: [JOB] (0) SET/bypass/no_visible_layers  
01-10 16:57:15.559279   411   411 I wmt_launcher: get property(service.wcn.driver.ready) is yes
01-10 16:57:15.559525   411   411 I wmt_launcher: open device node succeed.(Node:/dev/stpwmt, fd:5) 
01-10 16:57:15.559565   411   411 I wmt_launcher: key:(persist.mtk.wcn.combo.chipid)-value:(0x6630),chip_id:0x6630
01-10 16:57:15.559577   411   411 I wmt_launcher: chip_id:0x6630
01-10 16:57:15.559599   411   411 I wmt_launcher: patch path:/vendor/firmware/
01-10 16:57:15.559628   411   411 I wmt_launcher: set chip_id(0x6630) to driver
01-10 16:57:15.562817   401   485 E GED     : SF restart
01-10 16:57:15.564599   411   411 I wmt_launcher: Info:key:mt6620.defAnt value:mt6620_ant_m3.cfg
01-10 16:57:15.564672   411   411 I wmt_launcher: Info:key:mt6628.defAnt value:mt6628_ant_m1.cfg
01-10 16:57:15.564686   411   411 I wmt_launcher: Info:key:mt6630.defAnt value:mt6630_ant_m1.cfg
01-10 16:57:15.564698   411   411 I wmt_launcher: Info:key:mt6632.defAnt value:mt6632_ant_m1.cfg
01-10 16:57:15.564712   411   411 I wmt_launcher: NULL is returned, eighter EOF or error maybe found
01-10 16:57:15.564743   411   411 I wmt_launcher: close /system/vendor/firmware/WMT.cfg succeed
01-10 16:57:15.564757   411   411 I wmt_launcher: index:2, chip_id:0x6630
01-10 16:57:15.564776   411   411 I wmt_launcher: chip_id(0x6630), default Mode(4), strlen(g_wmt_cfg_name)(17), g_wmt_cfg_name(mt6630_ant_m1.cfg)
01-10 16:57:15.572309   411   411 I wmt_launcher: create pwr on thread ok
01-10 16:57:15.572320   411   486 I wmt_launcher: enter power on connsys flow
01-10 16:57:15.572452   411   411 I wmt_launcher: get property(service.wcn.formeta.ready) failed iRet:0 or property is 
01-10 16:57:15.668397   411   411 I wmt_launcher: set property(service.wcn.formeta.ready) to yes succeed
01-10 16:57:16.334045   401   421 I SurfaceFlinger: [SF client] NEW(0x740b228000) for (481:/system/bin/bootanimation)
01-10 16:57:16.338378   401   401 I BufferQueue: [unnamed-401-1](this:0x740443d000,id:1,api:0,p:-1,c:-1) BufferQueue core=(401:/system/bin/surfaceflinger)
01-10 16:57:16.338689   401   401 W GuiExt  : Cannot find GuiExtService
01-10 16:57:16.338834   401   401 I BufferQueueConsumer: [unnamed-401-1](this:0x740443d000,id:1,api:0,p:-1,c:401) connect(C): consumer=(401:/system/bin/surfaceflinger) controlledByApp=false
01-10 16:57:16.338877   401   401 I BufferQueueConsumer: [unnamed-401-1](this:0x740443d000,id:1,api:0,p:-1,c:401) setConsumerName: unnamed-401-1
01-10 16:57:16.338967   401   401 I BufferQueueConsumer: [BootAnimation#0](this:0x740443d000,id:1,api:0,p:-1,c:401) setConsumerName: BootAnimation#0
01-10 16:57:16.339020   401   401 I BufferQueueConsumer: [BootAnimation#0](this:0x740443d000,id:1,api:0,p:-1,c:401) setDefaultBufferSize: width=720 height=1280
01-10 16:57:16.344482   389   389 W hwcomposer: [JOB] (0) SET/bypass/no_visible_layers  
01-10 16:57:16.434751   481   497 I /system/bin/bootanimation: android::hardware::configstore::V1_0::ISurfaceFlingerConfigs::hasWideColorDisplay retrieved: 0
01-10 16:57:16.435565   401   421 I BufferQueueProducer: [BootAnimation#0](this:0x740443d000,id:1,api:1,p:481,c:401) connect(P): api=1 producer=(481:/system/bin/bootanimation) producerControlledByApp=false
01-10 16:57:16.640496   401   401 I DisplayDevice: [Built-in Screen (type:0)] fps:1.829482,dur:1093.21,max:796.96,min:296.24
01-10 16:57:17.139996   516   516 I /system/bin/tzdatacheck: timezone distro dir /data/misc/zoneinfo/current does not exist. No action required.
01-10 16:57:17.256290   517   517 I bootstat: Service started: /system/bin/bootstat -r post_decrypt_time_elapsed 
01-10 16:57:17.680138   401   420 I BufferQueueProducer: [BootAnimation#0](this:0x740443d000,id:1,api:1,p:481,c:401) queueBuffer: fps=23.86 dur=1047.91 max=55.54 min=32.21
01-10 16:57:17.694792   401   401 I DisplayDevice: [Built-in Screen (type:0)] fps:23.714132,dur:1054.22,max:57.24,min:36.54
01-10 16:57:17.785207   529   529 I thermald: START+++++++++ 529
01-10 16:57:17.785348   529   529 I thermald: Success to write 529 to /proc/driver/thermal/clsd_pid
01-10 16:57:17.785384   529   529 I thermald: Success to write 529 to /proc/driver/thermal/clmutt_tmd_pid
01-10 16:57:17.785406   529   529 I thermald: Enter infinite loop
01-10 16:57:17.794000   544   544 W storaged: type=1400 audit(0.0:30): avc: denied { read } for path="/sys/kernel/debug/mmc0/mmc0:0001/ext_csd" dev="debugfs" ino=97 scontext=u:r:storaged:s0 tcontext=u:object_r:debugfs_mmc:s0 tclass=file permissive=0
01-10 16:57:17.803272   523   549 E AALCust : Invalid LCM index -1, LCM count 1
01-10 16:57:17.803436   523   549 I AALCust : LCM index: 0/1
01-10 16:57:17.813334   542   542 I Netdiag : network_dignose_daemon doing
01-10 16:57:17.827129   542   561 I Netdiag : commandlistening threadStart doing
01-10 16:57:17.846871   551   551 I thermal_repeater: START+++++++++ 551
01-10 16:57:17.846873   553   553 I thermal_mgr: main argc 1.
01-10 16:57:17.847130   553   553 I thermal_mgr: argv[0] /vendor/bin/thermal_manager.
01-10 16:57:17.851127   551   551 I thermal_repeater: Success to write 551 to /proc/driver/thermal/clwmt_pid
01-10 16:57:17.851340   551   551 I thermal_repeater: Success to write 551 to /proc/driver/thermal/clmutt_tm_pid
01-10 16:57:17.851390   551   551 I thermal_repeater: RilRPC_init 
01-10 16:57:17.851701   551   551 I thermal_repeater: RilRPC_init dlopen fail: dlopen failed: library "librpcril.so" not found 
01-10 16:57:17.855326   554   554 I thermal_src: ta_main
01-10 16:57:17.857122   539   539 I MobileLogD: =====MOBILELOG START=======
01-10 16:57:17.894212   547   547 E android.hardware.sensors@1.0-service-mediatek: sensor hidl defaultPassthroughServiceImplementation start.
01-10 16:57:17.909919   553   553 I thermal_mgr: loadmtc thermal.conf
01-10 16:57:17.910100   553   553 I libMtcLoader: loadmtc
01-10 16:57:17.910564   553   553 I libMtcLoader: spa socket send fail!
01-10 16:57:17.924612   554   554 I thermal_src1: libthermal_algo_setup
01-10 16:57:17.925086   554   554 I thermal_src1: ta_daemon_init
01-10 16:57:17.925228   554   554 I thermal_src1: spa_init
01-10 16:57:17.940590   538   538 I         : [MET_LOG_D: drop_privs 2394]prctl success
01-10 16:57:17.940743   538   538 I         : [MET_LOG_D: drop_privs 2400]setgroups success
01-10 16:57:17.940766   538   538 I         : [MET_LOG_D: drop_privs 2406]setgid 2000 success
01-10 16:57:17.940789   538   538 I         : [MET_LOG_D: drop_privs 2412]setuid 2000 success
01-10 16:57:17.940844   553   553 I libMtcLoader: .tp.settings is opened.
01-10 16:57:17.965362   544   568 I ServiceManager: Waiting for service package_native...
01-10 16:57:17.974670   562   562 E         : [SYSENV]get_env_info():321 , env_buffer[0] : ed5aa600
01-10 16:57:17.982694   553   553 I libMtcLoader: readPolicy_formatV2
01-10 16:57:17.983549   553   553 E libMtcLoader: failed to write "" to /proc/mtkcooler/mtktscpu-sysrst!
01-10 16:57:17.983875   553   553 E libMtcLoader: failed to write "" to /proc/mtkcooler/mtktspmic-sysrst!
01-10 16:57:17.983980   553   553 E libMtcLoader: failed to write "" to /proc/mtkcooler/mtktsbattery-sysrst!
01-10 16:57:17.984052   553   553 E libMtcLoader: failed to write "" to /proc/mtkcooler/mtk-cl-shutdown01!
01-10 16:57:17.984120   553   553 E libMtcLoader: failed to write "" to /proc/mtkcooler/mtktscharger-sysrst!
01-10 16:57:17.984190   553   553 E libMtcLoader: failed to write "" to /proc/mtkcooler/mtktswmt-sysrst!
01-10 16:57:17.984261   553   553 E libMtcLoader: failed to write "" to /proc/mtkcooler/mtktsAP-sysrst!
01-10 16:57:17.984336   553   553 E libMtcLoader: failed to write "" to /proc/mtkcooler/mtk-cl-shutdown00!
01-10 16:57:17.984597   553   553 E libMtcLoader: failed to write "" to /proc/mtkcooler/mtk-cl-shutdown02!
01-10 16:57:17.984797   553   553 E libMtcLoader: failed to write "" to /proc/mtkcooler/mtk-cl-kshutdown00!
01-10 16:57:17.984873   553   553 E libMtcLoader: failed to write "" to /proc/mtkcooler/mtk-cl-kshutdown01!
01-10 16:57:17.984944   553   553 E libMtcLoader: failed to write "" to /proc/mtkcooler/mtk-cl-kshutdown02!
01-10 16:57:17.985013   553   553 E libMtcLoader: failed to write "" to /proc/mtkcooler/mtk-cl-kshutdown03!
01-10 16:57:17.985090   553   553 E libMtcLoader: failed to write "" to /proc/mtkcooler/mtk-cl-kshutdown04!
01-10 16:57:17.986133   554   554 I thermal_src: ta_catm_init_flow
01-10 16:57:17.986259   554   554 I thermal_src: u_CATM_ON == -1, get catm init val
01-10 16:57:17.986354   554   554 I thermal_src: TTJ_D 13500,TT_H 500,TT_L 500,TT 4000,MAX_TT 800000,MIN_TT -800000,MIN_TTJ 65000,CATM_ON 2,TTJ 59000,MAX_TARGET_TJ 85000,TRIP_TPCB 43000,STEADY_TARGET_TPCB 46000
01-10 16:57:17.986376   554   554 I thermal_src: update param 4608,59000,71500,27648,-25600
01-10 16:57:18.011495   541   541 I Netd    : Netd 1.0 starting
01-10 16:57:18.019977   557   557 E agps    : [agps] ERR: [MAIN] mtk_agpsd is running ver=4.309.0
01-10 16:57:18.020188   557   557 E agps    : [agps] ERR: [MAIN] mtk_agpsd is for Android
01-10 16:57:18.030068   564   564 W libutils.threads: Thread (this=0x79bba6ce48): getTid() is undefined before run()
01-10 16:57:18.038391   543   543 I PPL/PPLAgent: PPLAgent created start
01-10 16:57:18.040454   543   543 E PPL/PPLAgent: failed to get entry for /ppl
01-10 16:57:18.040613   543   543 I PPL/PPLAgent: PPLAgent created end
01-10 16:57:18.043900   564   564 I ServiceManagement: Removing namespace from process name vendor.mediatek.hardware.pq@2.0-service to pq@2.0-service.
01-10 16:57:18.051145   543   543 I PPL/PPLAgent: Registered to Service Manager. writeOnProtect=1, rawDataPart=0
01-10 16:57:18.051553   543   543 I PPL/PPLAgent: PPLAgent Service is now ready
01-10 16:57:18.059725   574   574 I /system/bin/tombstoned: tombstoned successfully initialized
01-10 16:57:18.071490   548   548 I camerahalserver: Camera HAL Server is starting..., ADV_CAM_SUPPORT(1)
01-10 16:57:18.072230   564   564 I vendor.mediatek.hardware.pq@2.0-service: Registration complete for vendor.mediatek.hardware.pq@2.0::IPictureQuality/default.
01-10 16:57:18.076766   378   378 W /system/bin/hw/android.hidl.allocator@1.0-service: ashmem_create_region(149504) returning hidl_memory(0x75dd42b5f0, 149504)
01-10 16:57:18.113360   557   585 I MtkAgpsNative: Enter mtk_agps_up_init
01-10 16:57:18.113736   557   585 I MtkAgpsNative: [????] kal_create_mutex: name(tls_global) 
01-10 16:57:18.141387   569   569 I gatekeeperd: Starting gatekeeperd...
01-10 16:57:18.159598   557   585 E agps    : [agps] ERR: [Default] mtk_expat_xml_load() failed reason=[fopen() failed reason=[No such file or directory]]
01-10 16:57:18.159752   557   585 E agps    : [agps] ERR: [Default] mtk_expat_xml_load() failed reason=[fopen() failed reason=[No such file or directory]]
01-10 16:57:18.166409   557   585 E agps    : [agps] ERR: [MNL] sendto dest=[/data/agps_supl/agps_to_mnl] len=8 reason=[Connection refused]
01-10 16:57:18.166580   557   585 E agps    : [agps] ERR: [MNL] sendto dest=[/data/agps_supl/agps_to_mnl] len=48 reason=[Connection refused]
01-10 16:57:18.169086   534   534 I mediaserver: ServiceManager: 0xeb018f20
01-10 16:57:18.173961   557   585 E MtkAgpsNative: safe_write reason=[No such device]19
01-10 16:57:18.174468   557   585 E agps    : [agps] ERR: [CP] get_ccci_uart  open failed node=[/dev/ccci2_tty2] reason=[No such file or directory]
01-10 16:57:18.174657   557   585 E agps    : [agps] ERR: [CP] ccci_uart_2  open failed
01-10 16:57:18.184326   557   585 E mtk_socket: ERR: mtk_socket_connect_local() connect() failed reason=[Connection refused]111 for path=[mtk_lppe_socket_wlan]
01-10 16:57:18.184467   557   585 E mtk_socket: ERR: LPPeWlan_requestCapabilities() mtk_socket_client_connect() failed
01-10 16:57:18.184519   557   585 E mtk_socket: ERR: mtk_socket_connect_local() connect() failed reason=[Connection refused]111 for path=[mtk_lppe_socket_bt]
01-10 16:57:18.184545   557   585 E mtk_socket: ERR: LPPeBluetooth_requestCapabilities() mtk_socket_client_connect() failed
01-10 16:57:18.184595   557   585 E mtk_socket: ERR: mtk_socket_connect_local() connect() failed reason=[Connection refused]111 for path=[mtk_lppe_socket_sensor]
01-10 16:57:18.184625   557   585 E mtk_socket: ERR: LPPeSensor_requestCapabilities() mtk_socket_client_connect() failed
01-10 16:57:18.184669   557   585 E mtk_socket: ERR: mtk_socket_connect_local() connect() failed reason=[Connection refused]111 for path=[mtk_lppe_socket_network]
01-10 16:57:18.184693   557   585 E mtk_socket: ERR: LPPeNetwork_requestCapabilities() mtk_socket_client_connect() failed
01-10 16:57:18.184734   557   585 E mtk_socket: ERR: mtk_socket_connect_local() connect() failed reason=[Connection refused]111 for path=[mtk_lppe_socket_ipaddr]
01-10 16:57:18.184766   557   585 E mtk_socket: ERR: LPPeIpAddress_requestCapabilities() mtk_socket_client_connect() failed
01-10 16:57:18.184805   557   585 E mtk_socket: ERR: mtk_socket_connect_local() connect() failed reason=[Connection refused]111 for path=[mtk_lppe_socket_lbs]
01-10 16:57:18.184828   557   585 E mtk_socket: ERR: LPPeLbs_requestCapabilities() mtk_socket_client_connect() failed
01-10 16:57:18.184881   557   585 E mtk_socket: ERR: mtk_socket_connect_local() connect() failed reason=[Connection refused]111 for path=[mtk_lppe_socket_wlan]
01-10 16:57:18.184909   557   585 E mtk_socket: ERR: LPPeWlan_stopMeasurement() mtk_socket_client_connect() failed
01-10 16:57:18.184950   557   585 E mtk_socket: ERR: mtk_socket_connect_local() connect() failed reason=[Connection refused]111 for path=[mtk_lppe_socket_bt]
01-10 16:57:18.184972   557   585 E mtk_socket: ERR: LPPeBluetooth_stopMeasurement() mtk_socket_client_connect() failed
01-10 16:57:18.185018   557   585 E mtk_socket: ERR: mtk_socket_connect_local() connect() failed reason=[Connection refused]111 for path=[mtk_lppe_socket_sensor]
01-10 16:57:18.185047   557   585 E mtk_socket: ERR: LPPeSensor_stopMeasurement() mtk_socket_client_connect() failed
01-10 16:57:18.185087   557   585 E mtk_socket: ERR: mtk_socket_connect_local() connect() failed reason=[Connection refused]111 for path=[mtk_lppe_socket_network]
01-10 16:57:18.185115   557   585 E mtk_socket: ERR: LPPeNetwork_stopMeasurement() mtk_socket_client_connect() failed
01-10 16:57:18.187283   547   547 I Accelerometer: read div buf(/sys/class/sensor/m_acc_misc/accactive), mdiv 1000
01-10 16:57:18.189035   558   558 I NVRAM   : Registration complete for vendor.mediatek.hardware.nvram@1.0::INvram/default.
01-10 16:57:18.199058   547   547 E         : settings file open failed: -2 (No such file or directory)
01-10 16:57:18.202117   547   547 E Accelerometer: read bias: [0.000000, 0.000000, 0.000000]
01-10 16:57:18.202222   547   547 E         : settings file open failed: -2 (No such file or directory)
01-10 16:57:18.202431   547   547 E Accelerometer: read cali: [0, 0, 0]
01-10 16:57:18.203414   520   520 E mnl_linux: mnl_utl_load_property: Config is not set yet, ignore
01-10 16:57:18.204666   547   547 I Magnetic: misc path =/sys/class/sensor/m_mag_misc/
01-10 16:57:18.204881   547   547 I Magnetic: read div buf(/sys/class/sensor/m_mag_misc/magactive), mdiv_M 1024000
01-10 16:57:18.204980   547   547 E         : settings file open failed: -2 (No such file or directory)
01-10 16:57:18.205046   547   547 I Magnetic: read bias: [0.000000, 0.000000, 0.000000]
01-10 16:57:18.210135   547   547 I Proximity: misc path =/sys/class/sensor/m_ps_misc/
01-10 16:57:18.210287   547   547 I Proximity: read div buf(/sys/class/sensor/m_ps_misc/psactive), mdiv 100
01-10 16:57:18.210373   547   547 I Light   : misc path =/sys/class/sensor/m_als_misc/
01-10 16:57:18.210455   547   547 I Light   : read div buf(/sys/class/sensor/m_als_misc/alsactive),mdiv 100
01-10 16:57:18.210506   547   547 I Gyroscope: misc path =/sys/class/sensor/m_gyro_misc/
01-10 16:57:18.210567   547   547 I Gyroscope: read div buf(/sys/class/sensor/m_gyro_misc/gyroactive), mdiv 7506
01-10 16:57:18.210627   547   547 E         : settings file open failed: -2 (No such file or directory)
01-10 16:57:18.210680   547   547 I Gyroscope: read bias: [0.000000, 0.000000, 0.000000]
01-10 16:57:18.210710   547   547 E         : settings file open failed: -2 (No such file or directory)
01-10 16:57:18.210732   547   547 I Gyroscope: read cali: [0, 0, 0]
01-10 16:57:18.210750   547   547 E         : settings file open failed: -2 (No such file or directory)
01-10 16:57:18.210762   547   547 I Gyroscope: read temp: [0, 0, 0, 0, 0, 0]
01-10 16:57:18.212734   541   541 I Netd    : Creating child chains: 21.0ms
01-10 16:57:18.213003   541   541 I Netd    : Setting up OEM hooks: 0.3ms
01-10 16:57:18.219359   547   547 E Pressure: couldn't find sensor device , 0.1
01-10 16:57:18.219546   547   547 E Pressure: couldn't find input device ,0.1
01-10 16:57:18.219596   547   547 E HUMIDITY: couldn't find sensor device
01-10 16:57:18.219631   547   547 E HUMIDITY: couldn't find input device 
01-10 16:57:18.219655   547   547 E StepRecognize: couldn't find input device
01-10 16:57:18.219680   547   547 I StepRecognize: misc path =
01-10 16:57:18.233636   541   541 I Netd    : Setting up FirewallController hooks: 20.6ms
01-10 16:57:18.233672   547   547 E StepRecognize: open misc path /sys/class/sensor/m_step_c_misc/step_cactive fail 
01-10 16:57:18.233794   547   547 E Pedometer: couldn't find input device
01-10 16:57:18.233907   547   547 I Pedometer: misc path =
01-10 16:57:18.233941   547   547 E Pedometer: open misc path /sys/class/sensor/m_pedo_misc/pedoactive fail
01-10 16:57:18.234003   547   547 E Activity: couldn't find input device
01-10 16:57:18.234034   547   547 E Activity: couldn't find input device 
01-10 16:57:18.234065   547   547 E Situation: couldn't find input device
01-10 16:57:18.234090   547   547 I Situation: misc path =
01-10 16:57:18.234121   547   547 E Fusion  : open fusion misc path /sys/class/sensor/m_fusion_misc/fusionactive fail 
01-10 16:57:18.234171   547   547 I android.hardware.sensors@1.0-service-mediatek: sensor hidl load sensor module success.
01-10 16:57:18.235642   547   547 I ServiceManagement: Removing namespace from process name android.hardware.sensors@1.0-service-mediatek to sensors@1.0-ser.
01-10 16:57:18.237206   547   547 I android.hardware.sensors@1.0-service-mediatek: Registration complete for android.hardware.sensors@1.0::ISensors/default.
01-10 16:57:18.251290   563   563 E         : safe_sendto: safe_sendto() sendto() failed path=[mtk_hal2mnl] ret=-1 reason=[Connection refused]111
01-10 16:57:18.252848   541   541 I Netd    : Setting up NatController hooks: 19.2ms
01-10 16:57:18.261715   541   541 I Netd    : Setting up BandwidthController hooks: 8.9ms
01-10 16:57:18.261802   541   541 I Netd    : Setting up IdletimerController hooks: 0.1ms
01-10 16:57:18.264359   563   563 I ServiceManagement: Removing namespace from process name vendor.mediatek.hardware.gnss@1.1-service to gnss@1.1-servic.
01-10 16:57:18.277507   541   541 I Netd    : Disabling bandwidth control: 15.6ms
01-10 16:57:18.279442   541   541 E Netd    : cannot find interface dummy0
01-10 16:57:18.280100   541   541 I Netd    : Initializing RouteController: 2.6ms
01-10 16:57:18.320165   536   536 I mediametrics: ServiceManager: 0x70e88316c0
01-10 16:57:18.329153   548   548 I mtkcam-devicemgr: [CameraDeviceManagerBase] "internal" this:0xe6e1a004 persist.mtkcam.aosp_hal_version: persist.mtkcam.aosp_hal_legacy:1 persist.mtkcam.aosp_hal_legacy:0
01-10 16:57:18.330854   563   563 I vendor.mediatek.hardware.gnss@1.1-service: Registration complete for vendor.mediatek.hardware.gnss@1.1::IMtkGnss/default.
01-10 16:57:18.331821   571   571 I ProgramBinary/Server: Get disable program binary service property (0)
01-10 16:57:18.331977   571   571 I ProgramBinary/Server: Program binary server is starting...
01-10 16:57:18.332508   571   571 I ProgramBinary/Service: ProgramBinaryService created.
01-10 16:57:18.332629   571   571 I ProgramBinary/Service: ProgramBinaryService init...
01-10 16:57:18.332652   571   571 I ProgramBinary/Service: ProgramBinaryService disable debugging.
01-10 16:57:18.332666   571   571 I ProgramBinary/Service: ProgramBinaryService disable binary content debugging.
01-10 16:57:18.344967   541   541 I Netd    : Registering NetdNativeService: 63.2ms
01-10 16:57:18.345427   541   541 I Netd    : Starting CommandListener: 0.5ms
01-10 16:57:18.347777   540   540 I advcamserver: ServiceManager: 0xea518ec0
01-10 16:57:18.347914   540   540 I advcam/AdvCamService: AdvCamService started (pid=540)
01-10 16:57:18.348104   571   571 I ProgramBinary/Server: Program binary service is added to service manager.
01-10 16:57:18.348203   571   571 I ProgramBinary/Server: Execute program_binary_builder.
01-10 16:57:18.348829   571   571 I ProgramBinary/Server: Parent process for handling binder: Pid of child is 649.
01-10 16:57:18.355901   541   541 I Netd    : Registering NetdHwService: 10.4ms
01-10 16:57:18.356033   541   541 I Netd    : Netd started in 381ms
01-10 16:57:18.356917   649   649 I ProgramBinary/Server: Child process for building program: Pid is 649.
01-10 16:57:18.359213   540   540 I mmsdk/MMSdkService: MMSdkService started (pid=540)
01-10 16:57:18.416327   643   643 I recovery: Recovery image already installed
01-10 16:57:18.451282   546   546 I /vendor/bin/hw/android.hardware.media.omx@1.0-service: mediacodecservice starting
01-10 16:57:18.466419   546   546 W /vendor/bin/hw/android.hardware.media.omx@1.0-service: libminijail[546]: allowing syscall: clock_gettime
01-10 16:57:18.466642   546   546 W /vendor/bin/hw/android.hardware.media.omx@1.0-service: libminijail[546]: allowing syscall: connect
01-10 16:57:18.466724   546   546 W /vendor/bin/hw/android.hardware.media.omx@1.0-service: libminijail[546]: allowing syscall: fcntl64
01-10 16:57:18.466783   546   546 W /vendor/bin/hw/android.hardware.media.omx@1.0-service: libminijail[546]: allowing syscall: socket
01-10 16:57:18.466839   546   546 W /vendor/bin/hw/android.hardware.media.omx@1.0-service: libminijail[546]: allowing syscall: writev
01-10 16:57:18.467897   546   546 W /vendor/bin/hw/android.hardware.media.omx@1.0-service: libminijail[546]: logging seccomp filter failures
01-10 16:57:18.497945   546   546 W MediaCodecsXmlParser: unable to open media codecs configuration xml file: /data/misc/media/media_codecs_profiling_results.xml
01-10 16:57:18.498091   546   546 W MediaCodecsXmlParser: parseTopLevelXMLFile(/data/misc/media/media_codecs_profiling_results.xml) failed
01-10 16:57:18.498274   546   546 E MediaCodecsXmlParser: Cannot find the role for a decoder of type audio/x-ms-wma
01-10 16:57:18.500094   546   546 I ServiceManagement: Removing namespace from process name android.hardware.media.omx@1.0-service to omx@1.0-service.
01-10 16:57:18.512074   539   539 I MobileLogD: boot mode is 0
01-10 16:57:18.528286   521   521 I zygote64: option[0]=-Xzygote
01-10 16:57:18.528440   521   521 I zygote64: option[1]=-Xusetombstonedtraces
01-10 16:57:18.528468   521   521 I zygote64: option[2]=exit
01-10 16:57:18.528479   521   521 I zygote64: option[3]=vfprintf
01-10 16:57:18.528490   521   521 I zygote64: option[4]=sensitiveThread
01-10 16:57:18.528501   521   521 I zygote64: option[5]=-verbose:gc
01-10 16:57:18.528512   521   521 I zygote64: option[6]=-Xms4m
01-10 16:57:18.528522   521   521 I zygote64: option[7]=-Xmx256m
01-10 16:57:18.528534   521   521 I zygote64: option[8]=-XX:HeapGrowthLimit=128m
01-10 16:57:18.528546   521   521 I zygote64: option[9]=-Xusejit:true
01-10 16:57:18.528557   521   521 I zygote64: option[10]=-Xjitsaveprofilinginfo
01-10 16:57:18.528571   521   521 I zygote64: option[11]=-agentlib:jdwp=transport=dt_android_adb,suspend=n,server=y
01-10 16:57:18.528585   521   521 I zygote64: option[12]=-Ximage-compiler-option
01-10 16:57:18.528597   521   521 I zygote64: option[13]=--runtime-arg
01-10 16:57:18.528624   521   521 I zygote64: option[14]=-Ximage-compiler-option
01-10 16:57:18.528635   521   521 I zygote64: option[15]=-Xms64m
01-10 16:57:18.528647   521   521 I zygote64: option[16]=-Ximage-compiler-option
01-10 16:57:18.528658   521   521 I zygote64: option[17]=--runtime-arg
01-10 16:57:18.528669   521   521 I zygote64: option[18]=-Ximage-compiler-option
01-10 16:57:18.528679   521   521 I zygote64: option[19]=-Xmx64m
01-10 16:57:18.528691   521   521 I zygote64: option[20]=-Ximage-compiler-option
01-10 16:57:18.528703   521   521 I zygote64: option[21]=--image-classes=/system/etc/preloaded-classes
01-10 16:57:18.528714   521   521 I zygote64: option[22]=-Ximage-compiler-option
01-10 16:57:18.528727   521   521 I zygote64: option[23]=--compiled-classes=/system/etc/compiled-classes
01-10 16:57:18.528738   521   521 I zygote64: option[24]=-Ximage-compiler-option
01-10 16:57:18.528750   521   521 I zygote64: option[25]=--dirty-image-objects=/system/etc/dirty-image-objects
01-10 16:57:18.528762   521   521 I zygote64: option[26]=-Xcompiler-option
01-10 16:57:18.528776   521   521 I zygote64: option[27]=--runtime-arg
01-10 16:57:18.528789   521   521 I zygote64: option[28]=-Xcompiler-option
01-10 16:57:18.528800   521   521 I zygote64: option[29]=-Xms64m
01-10 16:57:18.528811   521   521 I zygote64: option[30]=-Xcompiler-option
01-10 16:57:18.528822   521   521 I zygote64: option[31]=--runtime-arg
01-10 16:57:18.528875   521   521 I zygote64: option[32]=-Xcompiler-option
01-10 16:57:18.528885   521   521 I zygote64: option[33]=-Xmx512m
01-10 16:57:18.528898   521   521 I zygote64: option[34]=-Ximage-compiler-option
01-10 16:57:18.528909   521   521 I zygote64: option[35]=--instruction-set-variant=cortex-a53
01-10 16:57:18.528920   521   521 I zygote64: option[36]=-Xcompiler-option
01-10 16:57:18.528932   521   521 I zygote64: option[37]=--instruction-set-variant=cortex-a53
01-10 16:57:18.528943   521   521 I zygote64: option[38]=-Ximage-compiler-option
01-10 16:57:18.528954   521   521 I zygote64: option[39]=--instruction-set-features=default
01-10 16:57:18.528985   521   521 I zygote64: option[40]=-Xcompiler-option
01-10 16:57:18.528998   521   521 I zygote64: option[41]=--instruction-set-features=default
01-10 16:57:18.529009   521   521 I zygote64: option[42]=-Duser.locale=zh-Hans-CN
01-10 16:57:18.529020   521   521 I zygote64: option[43]=--cpu-abilist=arm64-v8a
01-10 16:57:18.529035   521   521 I zygote64: option[44]=-Xfingerprint:Datalogic/dl35cn/dl35:8.1.0/1.07.15.20191227/1577435794:user/release-keys
01-10 16:57:18.534901   535   535 W /system/bin/mediaextractor: libminijail[535]: allowing syscall: connect
01-10 16:57:18.535184   535   535 W /system/bin/mediaextractor: libminijail[535]: allowing syscall: fcntl
01-10 16:57:18.535270   535   535 W /system/bin/mediaextractor: libminijail[535]: allowing syscall: sendto
01-10 16:57:18.535317   535   535 W /system/bin/mediaextractor: libminijail[535]: allowing syscall: socket
01-10 16:57:18.535366   535   535 W /system/bin/mediaextractor: libminijail[535]: allowing syscall: writev
01-10 16:57:18.535780   535   535 W /system/bin/mediaextractor: libminijail[535]: logging seccomp filter failures
01-10 16:57:18.539253   546   546 W MediaCodecsXmlParser: unable to open media codecs configuration xml file: /data/misc/media/media_codecs_profiling_results.xml
01-10 16:57:18.539425   546   546 W MediaCodecsXmlParser: parseTopLevelXMLFile(/data/misc/media/media_codecs_profiling_results.xml) failed
01-10 16:57:18.539722   546   546 I ServiceManagement: Removing namespace from process name android.hardware.media.omx@1.0-service to omx@1.0-service.
01-10 16:57:18.548168   546   546 I /vendor/bin/hw/android.hardware.media.omx@1.0-service: Treble OMX service created.
01-10 16:57:18.565739   539   539 I MobileLogD: set cur path: /data/log_temp/boot/
01-10 16:57:18.566524   539   539 I MobileLogD: ld_p type: 0, id: 0, log_name: main_log, rotate_size: 15728640
01-10 16:57:18.566744   539   539 I MobileLogD: ld_p type: 0, id: 1, log_name: radio_log, rotate_size: 5242880
01-10 16:57:18.567003   539   539 I MobileLogD: ld_p type: 0, id: 2, log_name: events_log, rotate_size: 5242880
01-10 16:57:18.567134   539   539 I MobileLogD: ld_p type: 0, id: 3, log_name: sys_log, rotate_size: 5242880
01-10 16:57:18.567233   539   539 I MobileLogD: ld_p type: 0, id: 4, log_name: crash_log, rotate_size: 3145728
01-10 16:57:18.567308   539   539 I MobileLogD: Read kernel log from kmsg
01-10 16:57:18.567395   539   539 I MobileLogD: ld_p type: 1, id: 6, log_name: kernel_log, rotate_size: 10485760
01-10 16:57:18.567544   539   539 I MobileLogD: ld_p type: 1, id: 7, log_name: atf_log, rotate_size: 10485760
01-10 16:57:18.567734   539   539 I MobileLogD: ld_p type: 1, id: 8, log_name: gz_log, rotate_size: 3145728
01-10 16:57:18.567825   539   539 E MobileLogD: open /proc/gz_log fail(No such file or directory)
01-10 16:57:18.568362   559   663 E HWMLIB  : gsensor_set_cali: set_cali err: -1
01-10 16:57:18.569405   559   664 E HWMLIB  : gyroscope_set_cali: set_cali err: -1
01-10 16:57:18.570298   559   665 E HWMLIB  : alsps_set_cali: set_cali err: -1
01-10 16:57:18.580381   527   527 I cameraserver: ServiceManager: 0xf3618f40
01-10 16:57:18.580550   527   527 I CameraService: CameraService started (pid=527)
01-10 16:57:18.601850   539   539 I MobileLogD: ld_p type: 1, id: 9, log_name: bsp_log, rotate_size: 5242880
01-10 16:57:18.655947   672   672 I MobileLogD: bsp ftrace buffer initializing...
01-10 16:57:18.683775   539   539 I MobileLogD: ld_p type: 1, id: 11, log_name: scp_log, rotate_size: 3145728
01-10 16:57:18.684806   539   539 E MobileLogD: open /dev/scp fail(No such file or directory)
01-10 16:57:18.689728   537   537 I mediaserver: ServiceManager: 0xef5d8740
01-10 16:57:18.691093   537   537 W BatteryNotifier: batterystats service unavailable!
01-10 16:57:18.707539   520   520 E mnld_uti: read_NVRAM: not 3332 UART port
01-10 16:57:18.707859   520   520 E gps_controlller: hasAlmanac: open file(/nvcfg/almanac.dat) fail
01-10 16:57:18.718777   401   580 I BufferQueueProducer: [BootAnimation#0](this:0x740443d000,id:1,api:1,p:481,c:401) queueBuffer: fps=15.40 dur=1038.78 max=100.09 min=35.94
01-10 16:57:18.720699   520   520 E mtk_lbs_utility: safe_sendto: safe_sendto() sendto() failed path=[mtk_mnl2hal] ret=-1 reason=[Connection refused]111
01-10 16:57:18.732065   401   401 I DisplayDevice: [Built-in Screen (type:0)] fps:15.425001,dur:1037.28,max:114.26,min:19.85
01-10 16:57:18.733700   557   585 E MtkAgpsNative: safe_write reason=[No such device]19
01-10 16:57:18.765322   524   524 I FastMixerState: sMaxFastTracks = 8
01-10 16:57:18.773034   539   539 I MobileLogD: ld_p type: 1, id: 12, log_name: scp_b_log, rotate_size: 3145728
01-10 16:57:18.773342   539   539 E MobileLogD: open /dev/scp_B fail(No such file or directory)
01-10 16:57:18.783638   524   524 W BatteryNotifier: batterystats service unavailable!
01-10 16:57:18.793815   524   524 I AudioFlinger: Using default 3000 mSec as standby time.
01-10 16:57:18.815643   524   524 E APM::Serializer: deserialize: Could not parse /odm/etc/audio_policy_configuration.xml document.
01-10 16:57:18.826541   406   406 I ccci_mdinit: (1):Gotten ret=0,nvram_init=Ready!
01-10 16:57:18.829200   406   406 I ccci_mdinit: (1):md_img_exist 0 0 0 0
01-10 16:57:18.846636   539   539 I MobileLogD: ld_p type: 1, id: 13, log_name: sspm_log, rotate_size: 3145728
01-10 16:57:18.852830   539   539 E MobileLogD: open tagmap done
01-10 16:57:18.853139   539   539 I MobileLogD: current folder size limited is 300 MB, factor is 1
01-10 16:57:18.853253   539   539 I MobileLogD: main_log, rotation size 15728640
01-10 16:57:18.853350   539   539 I MobileLogD: radio_log, rotation size 5242880
01-10 16:57:18.853438   539   539 I MobileLogD: events_log, rotation size 5242880
01-10 16:57:18.853527   539   539 I MobileLogD: sys_log, rotation size 5242880
01-10 16:57:18.853624   539   539 I MobileLogD: crash_log, rotation size 3145728
01-10 16:57:18.853725   539   539 I MobileLogD: kernel_log, rotation size 10485760
01-10 16:57:18.853864   539   539 I MobileLogD: atf_log, rotation size 10485760
01-10 16:57:18.853957   539   539 I MobileLogD: bsp_log, rotation size 5242880
01-10 16:57:18.854044   539   539 I MobileLogD: sspm_log, rotation size 3145728
01-10 16:57:18.854073   539   539 I MobileLogD: create dir /data/log_temp/boot/
01-10 16:57:18.858308   406   707 I ccci_mdinit: (1):Update time to md by ipc port fail(25)
01-10 16:57:18.887947   672   672 I MobileLogD: bsp ftrace buffer initialize done
01-10 16:57:18.908053   406   406 I ccci_mdinit: (1):Gotten ret=0,nvram_init=Ready!
01-10 16:57:18.913489   406   406 I ccci_mdinit: (1):USP_SBP:persist.mtk_usp_md_sbp_code not exist
01-10 16:57:18.913785   406   406 I ccci_mdinit: (1):get_cip_sbp_setting, file /custom/etc/firmware/CIP_MD_SBP NOT exists!
01-10 16:57:18.913900   406   406 I ccci_mdinit: (1):PRJ_SBP_ID:ro.mtk_md_sbp_custom_value not exist, using default value
01-10 16:57:18.916676   649   649 I ProgramBinary/Builder: Program binary builder is starting...
01-10 16:57:18.916885   649   649 I ProgramBinary/Builder: Build program consctruct.
01-10 16:57:18.916896   649   649 I ProgramBinary/Builder: Build program is running...
01-10 16:57:18.923968   404   404 E ccci_fsd(1): FS_OTP_init:otp_open failed, errno=2!
01-10 16:57:18.924103   404   404 E ccci_fsd(1): can't catch SIGKILL
01-10 16:57:18.946634   406   406 I ccci_mdinit: (1):SBP_SUB_ID:persist.operator.subid not exist
01-10 16:57:18.946716   406   406 I ccci_mdinit: (1):set md boot data:mdl=2 sbp=0 dbg_dump=-1 sbp_sub=0
01-10 16:57:18.946780   406   406 I ccci_mdinit: (1):start_service init.svc.ccci_fsd, current state:running, returned:7
01-10 16:57:18.949863   406   406 I ccci_mdinit: (1):wait_for_property:success(init.svc.ccci_fsd=running), loop:600
01-10 16:57:18.974847   544   568 I ServiceManager: Waiting for service package_native...
01-10 16:57:18.986860   575   575 I iptables-wrapper-1.0: iptables: No chain/target/match by that name.
01-10 16:57:18.987234   527   527 I CameraService: CameraService process starting
01-10 16:57:18.987898   575   575 I iptables-wrapper-1.0: iptables-wrapper-1.0 terminated by exit(1)
01-10 16:57:18.988053   575   575 E NetdagentIptables: exec() res=0, status=256 for /system/bin/iptables-wrapper-1.0 -w -t filter -F oem_mobile 
01-10 16:57:18.988738   527   527 W BatteryNotifier: batterystats service unavailable!
01-10 16:57:18.993354   527   527 W BatteryNotifier: batterystats service unavailable!
01-10 16:57:18.998770   351   351 W /system/bin/hwservicemanager: getTransport: Cannot find entry android.hardware.camera.provider@2.4::ICameraProvider/legacy/0 in either framework or device manifest.
01-10 16:57:19.009737   522   522 I zygote  : option[0]=-Xzygote
01-10 16:57:19.009830   522   522 I zygote  : option[1]=-Xusetombstonedtraces
01-10 16:57:19.009853   522   522 I zygote  : option[2]=exit
01-10 16:57:19.009873   522   522 I zygote  : option[3]=vfprintf
01-10 16:57:19.009892   522   522 I zygote  : option[4]=sensitiveThread
01-10 16:57:19.009910   522   522 I zygote  : option[5]=-verbose:gc
01-10 16:57:19.009929   522   522 I zygote  : option[6]=-Xms4m
01-10 16:57:19.009948   522   522 I zygote  : option[7]=-Xmx256m
01-10 16:57:19.009968   522   522 I zygote  : option[8]=-XX:HeapGrowthLimit=128m
01-10 16:57:19.009987   522   522 I zygote  : option[9]=-Xusejit:true
01-10 16:57:19.010008   522   522 I zygote  : option[10]=-Xjitsaveprofilinginfo
01-10 16:57:19.010031   522   522 I zygote  : option[11]=-agentlib:jdwp=transport=dt_android_adb,suspend=n,server=y
01-10 16:57:19.010052   522   522 I zygote  : option[12]=-Ximage-compiler-option
01-10 16:57:19.010071   522   522 I zygote  : option[13]=--runtime-arg
01-10 16:57:19.010091   522   522 I zygote  : option[14]=-Ximage-compiler-option
01-10 16:57:19.010110   522   522 I zygote  : option[15]=-Xms64m
01-10 16:57:19.010130   522   522 I zygote  : option[16]=-Ximage-compiler-option
01-10 16:57:19.010150   522   522 I zygote  : option[17]=--runtime-arg
01-10 16:57:19.010176   522   522 I zygote  : option[18]=-Ximage-compiler-option
01-10 16:57:19.010194   522   522 I zygote  : option[19]=-Xmx64m
01-10 16:57:19.010214   522   522 I zygote  : option[20]=-Ximage-compiler-option
01-10 16:57:19.010237   522   522 I zygote  : option[21]=--image-classes=/system/etc/preloaded-classes
01-10 16:57:19.010258   522   522 I zygote  : option[22]=-Ximage-compiler-option
01-10 16:57:19.010277   522   522 I zygote  : option[23]=--compiled-classes=/system/etc/compiled-classes
01-10 16:57:19.010297   522   522 I zygote  : option[24]=-Ximage-compiler-option
01-10 16:57:19.010318   522   522 I zygote  : option[25]=--dirty-image-objects=/system/etc/dirty-image-objects
01-10 16:57:19.010339   522   522 I zygote  : option[26]=-Xcompiler-option
01-10 16:57:19.010359   522   522 I zygote  : option[27]=--runtime-arg
01-10 16:57:19.010378   522   522 I zygote  : option[28]=-Xcompiler-option
01-10 16:57:19.010397   522   522 I zygote  : option[29]=-Xms64m
01-10 16:57:19.010415   522   522 I zygote  : option[30]=-Xcompiler-option
01-10 16:57:19.010433   522   522 I zygote  : option[31]=--runtime-arg
01-10 16:57:19.010452   522   522 I zygote  : option[32]=-Xcompiler-option
01-10 16:57:19.010470   522   522 I zygote  : option[33]=-Xmx512m
01-10 16:57:19.010492   522   522 I zygote  : option[34]=-Ximage-compiler-option
01-10 16:57:19.010514   522   522 I zygote  : option[35]=--instruction-set-variant=cortex-a53
01-10 16:57:19.010533   522   522 I zygote  : option[36]=-Xcompiler-option
01-10 16:57:19.010553   522   522 I zygote  : option[37]=--instruction-set-variant=cortex-a53
01-10 16:57:19.010573   522   522 I zygote  : option[38]=-Ximage-compiler-option
01-10 16:57:19.010592   522   522 I zygote  : option[39]=--instruction-set-features=default
01-10 16:57:19.010611   522   522 I zygote  : option[40]=-Xcompiler-option
01-10 16:57:19.010631   522   522 I zygote  : option[41]=--instruction-set-features=default
01-10 16:57:19.010653   522   522 I zygote  : option[42]=-Duser.locale=zh-Hans-CN
01-10 16:57:19.010673   522   522 I zygote  : option[43]=--cpu-abilist=armeabi-v7a,armeabi
01-10 16:57:19.010695   522   522 I zygote  : option[44]=-Xfingerprint:Datalogic/dl35cn/dl35:8.1.0/1.07.15.20191227/1577435794:user/release-keys
01-10 16:57:19.031088   575   575 I ip6tables-wrapper-1.0: ip6tables: No chain/target/match by that name.
01-10 16:57:19.031410   575   575 I ip6tables-wrapper-1.0: ip6tables-wrapper-1.0 terminated by exit(1)
01-10 16:57:19.031565   575   575 E NetdagentIptables: exec() res=0, status=256 for /system/bin/ip6tables-wrapper-1.0 -w -t filter -F oem_mobile 
01-10 16:57:19.063098   351   351 E SELinux : avc:  denied  { find } for interface=android.hardware.configstore::ISurfaceFlingerConfigs sid=u:r:program_binary:s0 pid=649 scontext=u:r:program_binary:s0 tcontext=u:object_r:hal_configstore_ISurfaceFlingerConfigs:s0 tclass=hwservice_manager permissive=0
01-10 16:57:19.064856   649   649 I /system/bin/program_binary_builder: android::hardware::configstore::V1_0::ISurfaceFlingerConfigs::hasWideColorDisplay retrieved: 0 (default)
01-10 16:57:19.065069   649   649 I ProgramBinary/Builder: EGL version 1.4
01-10 16:57:19.094869   726   726 I AEE_AED : Built Mar 23 2018 13:42:39
01-10 16:57:19.101469   727   727 I AEE_AEDV: Built Mar 23 2018 13:42:26
01-10 16:57:19.104398   727   727 I AEE_AEDV: socket server: android:aee_aedv32
01-10 16:57:19.104419   726   726 I AEE_AED : socket server: android:aee_aed
01-10 16:57:19.105280   727   727 I AEE_AEDV: AED config
01-10 16:57:19.105280   727   727 I AEE_AEDV:   mode '4'
01-10 16:57:19.105280   727   727 I AEE_AEDV:   exp level '0
01-10 16:57:19.105280   727   727 I AEE_AEDV:   dal enable '0'
01-10 16:57:19.105280   727   727 I AEE_AEDV:   db count '4'
01-10 16:57:19.105280   727   727 I AEE_AEDV:   fatal db count '4'
01-10 16:57:19.105280   727   727 I AEE_AEDV:  db storage '2'
01-10 16:57:19.105280   727   727 I AEE_AEDV:   SMP Info => 1
01-10 16:57:19.105283   726   726 I AEE_AED : AED config
01-10 16:57:19.105283   726   726 I AEE_AED :   mode '4'
01-10 16:57:19.105283   726   726 I AEE_AED :   exp level '0
01-10 16:57:19.105283   726   726 I AEE_AED :   dal enable '0'
01-10 16:57:19.105283   726   726 I AEE_AED :   db count '4'
01-10 16:57:19.105283   726   726 I AEE_AED :   fatal db count '4'
01-10 16:57:19.105283   726   726 I AEE_AED :  db storage '2'
01-10 16:57:19.105283   726   726 I AEE_AED :   SMP Info => 1
01-10 16:57:19.105806   575   575 I iptables-wrapper-1.0: iptables: No chain/target/match by that name.
01-10 16:57:19.106210   575   575 I iptables-wrapper-1.0: iptables-wrapper-1.0 terminated by exit(1)
01-10 16:57:19.106398   575   575 E NetdagentIptables: exec() res=0, status=256 for /system/bin/iptables-wrapper-1.0 -w -t filter -X oem_mobile 
01-10 16:57:19.112104   727   727 E AEE_AEDV: aee:vrttd_64Rtt command connect 64_socket fail: Connection refused
01-10 16:57:19.112163   727   727 E AEE_AEDV: aee_exception_running_64: command failed
01-10 16:57:19.112181   727   727 E AEE_AEDV: init_aed_setting: Error: Can't get running exception 
01-10 16:57:19.112258   727   727 E AEE_AEDV: Can't remove file /data/vendor/mtklog/aee_exp/temp: No such file or directory
01-10 16:57:19.112391   727   727 E AEE_AEDV: Can't remove file /sdcard/mtklog/aee_exp/temp: No such file or directory
01-10 16:57:19.112431   727   727 E AEE_AEDV: Can't remove file /storage/ext_sd/mtklog/aee_exp/temp: No such file or directory
01-10 16:57:19.117228   749   749 W AEE_AEDV: read_fstab: get fstab /fstab.mt6763
01-10 16:57:19.117361   749   749 E AEE_AEDV: read_fstab: failed to open /fstab.mt6763
01-10 16:57:19.117381   749   749 W AEE_AEDV: read_fstab: get fstab /vendor/etc/fstab.mt6763
01-10 16:57:19.118037   725   725 I AEE_AED : Built Mar 23 2018 13:42:19
01-10 16:57:19.118302   749   749 W AEE_AEDV: get_expdb_path: get expdb_path /dev/block/platform/bootdevice/by-name/expdb
01-10 16:57:19.118490   749   749 I AEE_AEDV: ipanic_blk_open, expdb, 200 x a000 = 1400000
01-10 16:57:19.119384   725   725 I AEE_AED : socket server: android:aee_aed32
01-10 16:57:19.120010   749   749 W AEE_AEDV: ipanic heahder: magic:0, version:0, size:0, datas:0
01-10 16:57:19.120065   749   749 W AEE_AEDV: ipanic heahder: dhblk:0, blksize:0, partsize:0, bufsize:0
01-10 16:57:19.120112   725   725 I AEE_AED : AED config
01-10 16:57:19.120112   725   725 I AEE_AED :   mode '4'
01-10 16:57:19.120112   725   725 I AEE_AED :   exp level '0
01-10 16:57:19.120112   725   725 I AEE_AED :   dal enable '0'
01-10 16:57:19.120112   725   725 I AEE_AED :   db count '4'
01-10 16:57:19.120112   725   725 I AEE_AED :   fatal db count '4'
01-10 16:57:19.120112   725   725 I AEE_AED :  db storage '2'
01-10 16:57:19.120112   725   725 I AEE_AED :   SMP Info => 1
01-10 16:57:19.120778   749   749 W AEE_AEDV: aed_reboot_session, no valid ipanic header, ignored
01-10 16:57:19.121591   749   749 I AEE_AEDV: wdt_status = 2, fiq_step=0, exception_type:0 
01-10 16:57:19.121793   749   749 I AEE_AEDV: powerup reason:wdt_by_pass_pwk
01-10 16:57:19.121793   749   749 I AEE_AEDV: 
01-10 16:57:19.121813   749   749 I AEE_AEDV: reboot_reason = 0
01-10 16:57:19.122029   749   749 E         : mrdump_support_user_load: null mrdump lk version
01-10 16:57:19.122109   749   749 W AEE_AEDV: read_fstab: get fstab /fstab.mt6763
01-10 16:57:19.122140   749   749 E AEE_AEDV: read_fstab: failed to open /fstab.mt6763
01-10 16:57:19.122157   749   749 W AEE_AEDV: read_fstab: get fstab /vendor/etc/fstab.mt6763
01-10 16:57:19.122758   749   749 W AEE_AEDV: get_expdb_path: get expdb_path /dev/block/platform/bootdevice/by-name/expdb
01-10 16:57:19.122833   749   749 I AEE_AEDV: ipanic_blk_open, expdb, 200 x a000 = 1400000
01-10 16:57:19.127962   725   725 E AEE_AED : Can't remove file /data/aee_exp/temp: No such file or directory
01-10 16:57:19.129258   729   729 I AEE_AEDV: Built Mar 23 2018 13:42:46
01-10 16:57:19.130101   729   729 I AEE_AEDV: socket server: android:aee_aedv
01-10 16:57:19.130675   729   729 I AEE_AEDV: AED config
01-10 16:57:19.130675   729   729 I AEE_AEDV:   mode '4'
01-10 16:57:19.130675   729   729 I AEE_AEDV:   exp level '0
01-10 16:57:19.130675   729   729 I AEE_AEDV:   dal enable '0'
01-10 16:57:19.130675   729   729 I AEE_AEDV:   db count '4'
01-10 16:57:19.130675   729   729 I AEE_AEDV:   fatal db count '4'
01-10 16:57:19.130675   729   729 I AEE_AEDV:  db storage '2'
01-10 16:57:19.130675   729   729 I AEE_AEDV:   SMP Info => 1
01-10 16:57:19.162266   575   575 I ip6tables-wrapper-1.0: ip6tables: No chain/target/match by that name.
01-10 16:57:19.163784   575   575 I ip6tables-wrapper-1.0: ip6tables-wrapper-1.0 terminated by exit(1)
01-10 16:57:19.164007   575   575 E NetdagentIptables: exec() res=0, status=256 for /system/bin/ip6tables-wrapper-1.0 -w -t filter -X oem_mobile 
01-10 16:57:19.306124   575   575 I iptables-wrapper-1.0: iptables: No chain/target/match by that name.
01-10 16:57:19.308535   575   575 I iptables-wrapper-1.0: iptables-wrapper-1.0 terminated by exit(1)
01-10 16:57:19.308761   575   575 E NetdagentIptables: exec() res=0, status=256 for /system/bin/iptables-wrapper-1.0 -w -t filter -F oem_wifi 
01-10 16:57:19.345085   575   575 I ip6tables-wrapper-1.0: ip6tables: No chain/target/match by that name.
01-10 16:57:19.345810   575   575 I ip6tables-wrapper-1.0: ip6tables-wrapper-1.0 terminated by exit(1)
01-10 16:57:19.345977   575   575 E NetdagentIptables: exec() res=0, status=256 for /system/bin/ip6tables-wrapper-1.0 -w -t filter -F oem_wifi 
01-10 16:57:19.378709   575   575 I iptables-wrapper-1.0: iptables: No chain/target/match by that name.
01-10 16:57:19.379350   575   575 I iptables-wrapper-1.0: iptables-wrapper-1.0 terminated by exit(1)
01-10 16:57:19.379517   575   575 E NetdagentIptables: exec() res=0, status=256 for /system/bin/iptables-wrapper-1.0 -w -t filter -X oem_wifi 
01-10 16:57:19.422635   575   575 I ip6tables-wrapper-1.0: ip6tables: No chain/target/match by that name.
01-10 16:57:19.423497   575   575 I ip6tables-wrapper-1.0: ip6tables-wrapper-1.0 terminated by exit(1)
01-10 16:57:19.423666   575   575 E NetdagentIptables: exec() res=0, status=256 for /system/bin/ip6tables-wrapper-1.0 -w -t filter -X oem_wifi 
01-10 16:57:19.429710   539   539 I MobileLogD: logd_sock: 19
