----- timezone:GMT
01-10 16:57:09.266905   349   349 W auditd  : type=2000 audit(0.0:1): initialized
01-10 16:57:12.134000   349   349 I auditd  : type=1403 audit(0.0:2): policy loaded auid=4294967295 ses=4294967295
01-10 16:57:12.138000   349   349 W auditd  : type=1404 audit(0.0:3): enforcing=1 old_enforcing=0 auid=4294967295 ses=4294967295
01-10 16:57:13.810000   343   343 W e2fsck  : type=1400 audit(0.0:4): avc: denied { read } for name="mmcblk0p7" dev="tmpfs" ino=9517 scontext=u:r:fsck:s0 tcontext=u:object_r:frp_block_device:s0 tclass=blk_file permissive=0
01-10 16:57:13.810000   343   343 W e2fsck  : type=1400 audit(0.0:5): avc: denied { read write } for name="mmcblk0p7" dev="tmpfs" ino=9517 scontext=u:r:fsck:s0 tcontext=u:object_r:frp_block_device:s0 tclass=blk_file permissive=0
01-10 16:57:13.993438   350   350 I SELinux : SELinux: Loaded service_contexts from:
01-10 16:57:13.998946   350   350 I SELinux :     /system/etc/selinux/plat_service_contexts
01-10 16:57:14.056850   352   352 I SELinux : SELinux: Loaded service_contexts from:
01-10 16:57:14.058106   352   352 I SELinux :     /vendor/etc/selinux/vndservice_contexts
01-10 16:57:14.105534   361   361 I AEE_AED : Built Mar 23 2018 13:42:39
01-10 16:57:14.109012   361   361 I AEE_AED : socket server: android:aee_aed
01-10 16:57:14.113821   361   361 D AEE_AED : aed_get_force_config: -100000
01-10 16:57:14.118000   364   364 W teed    : type=1400 audit(0.0:6): avc: denied { write } for name="/" dev="tmpfs" ino=2088 scontext=u:r:tkcore:s0 tcontext=u:object_r:system_data_file:s0 tclass=dir permissive=0
01-10 16:57:14.118000   364   364 I chatty  : uid=1000(system) /vendor/bin/teed identical 2 lines
01-10 16:57:14.118000   364   364 W teed    : type=1400 audit(0.0:9): avc: denied { write } for name="/" dev="tmpfs" ino=2088 scontext=u:r:tkcore:s0 tcontext=u:object_r:system_data_file:s0 tclass=dir permissive=0
01-10 16:57:14.118000   364   364 W teed    : type=1400 audit(0.0:10): avc: denied { write } for name="/" dev="tmpfs" ino=2088 scontext=u:r:tkcore:s0 tcontext=u:object_r:system_data_file:s0 tclass=dir permissive=0
01-10 16:57:14.118000   364   364 W teed    : type=1400 audit(0.0:11): avc: denied { write } for name="/" dev="tmpfs" ino=2088 scontext=u:r:tkcore:s0 tcontext=u:object_r:system_data_file:s0 tclass=dir permissive=0
01-10 16:57:14.119374   361   361 I AEE_AED : aed_update_coredump_mode: persist.aee.core.dump disable
01-10 16:57:14.120017   364   364 D tkcore-teec: teed-version: 2.1p19
01-10 16:57:14.120017   364   364 D tkcore-teec: 
01-10 16:57:14.120017   364   364 D tkcore-teec: 
01-10 16:57:14.120219   364   364 D tkcore-teec: tz dev path: /dev/tkcoredrv
01-10 16:57:14.120258   364   364 D tkcore-teec: sdrpmb dev path: /dev/block/platform/bootdevice/by-name/sdrpmb
01-10 16:57:14.120288   364   364 D tkcore-teec: system ta path: /vendor/app/t6
01-10 16:57:14.120318   364   364 D tkcore-teec: sp ta path: /data/tee/t6
01-10 16:57:14.120346   364   364 D tkcore-teec: prot path: /vendor/protect_f/tee
01-10 16:57:14.124837   361   361 I AEE_AED : aed_update_coredump_mode: persist.aee.core.direct disable
01-10 16:57:14.128443   361   361 I AEE_AED : AED config
01-10 16:57:14.128443   361   361 I AEE_AED :   mode '4'
01-10 16:57:14.128443   361   361 I AEE_AED :   exp level '0
01-10 16:57:14.128443   361   361 I AEE_AED :   dal enable '0'
01-10 16:57:14.128443   361   361 I AEE_AED :   db count '4'
01-10 16:57:14.128443   361   361 I AEE_AED :   fatal db count '4'
01-10 16:57:14.128443   361   361 I AEE_AED :  db storage '2'
01-10 16:57:14.128443   361   361 I AEE_AED :   SMP Info => 1
01-10 16:57:14.128557   361   361 E AEE_AED : fail to open prebuild packages list: No such file or directory
01-10 16:57:14.131250   351   351 E hwservicemanager: BINDER_SET_INHERIT_FIFO_PRIO failed with error -1
01-10 16:57:14.134000   364   364 W tkearlyinit: type=1400 audit(0.0:12): avc: denied { write } for name="/" dev="tmpfs" ino=2088 scontext=u:r:tkcore:s0 tcontext=u:object_r:system_data_file:s0 tclass=dir permissive=0
01-10 16:57:14.134460   363   363 I AEE_AEDV: Built Mar 23 2018 13:42:46
01-10 16:57:14.135568   363   363 I AEE_AEDV: socket server: android:aee_aedv
01-10 16:57:14.136868   363   363 D AEE_AEDV: aed_get_force_config: -100000
01-10 16:57:14.137174   364   364 D tkcore-teec: SDRPMB: switching active to 0
01-10 16:57:14.137477   363   363 I AEE_AEDV: AED config
01-10 16:57:14.137477   363   363 I AEE_AEDV:   mode '4'
01-10 16:57:14.137477   363   363 I AEE_AEDV:   exp level '0
01-10 16:57:14.137477   363   363 I AEE_AEDV:   dal enable '0'
01-10 16:57:14.137477   363   363 I AEE_AEDV:   db count '4'
01-10 16:57:14.137477   363   363 I AEE_AEDV:   fatal db count '4'
01-10 16:57:14.137477   363   363 I AEE_AEDV:  db storage '2'
01-10 16:57:14.137477   363   363 I AEE_AEDV:   SMP Info => 1
01-10 16:57:14.137521   363   363 E AEE_AEDV: fail to open prebuild packages list: No such file or directory
01-10 16:57:14.154000   364   364 W tkearlyinit: type=1400 audit(0.0:13): avc: denied { write } for name="/" dev="tmpfs" ino=2088 scontext=u:r:tkcore:s0 tcontext=u:object_r:system_data_file:s0 tclass=dir permissive=0
01-10 16:57:14.158000   364   364 W teed    : type=1400 audit(0.0:14): avc: denied { write } for name="/" dev="tmpfs" ino=2088 scontext=u:r:tkcore:s0 tcontext=u:object_r:system_data_file:s0 tclass=dir permissive=0
01-10 16:57:14.158000   364   364 W teed    : type=1400 audit(0.0:15): avc: denied { write } for name="/" dev="tmpfs" ino=2088 scontext=u:r:tkcore:s0 tcontext=u:object_r:system_data_file:s0 tclass=dir permissive=0
01-10 16:57:14.158000   364   364 W teed    : type=1400 audit(0.0:16): avc: denied { write } for name="/" dev="tmpfs" ino=2088 scontext=u:r:tkcore:s0 tcontext=u:object_r:system_data_file:s0 tclass=dir permissive=0
01-10 16:57:14.158000   364   364 W teed    : type=1400 audit(0.0:17): avc: denied { write } for name="/" dev="tmpfs" ino=2088 scontext=u:r:tkcore:s0 tcontext=u:object_r:system_data_file:s0 tclass=dir permissive=0
01-10 16:57:14.158000   364   364 W teed    : type=1400 audit(0.0:18): avc: denied { write } for name="/" dev="tmpfs" ino=2088 scontext=u:r:tkcore:s0 tcontext=u:object_r:system_data_file:s0 tclass=dir permissive=0
01-10 16:57:14.158000   364   364 W teed    : type=1400 audit(0.0:19): avc: denied { write } for name="/" dev="tmpfs" ino=2088 scontext=u:r:tkcore:s0 tcontext=u:object_r:system_data_file:s0 tclass=dir permissive=0
01-10 16:57:14.158000   364   364 W tkuinit : type=1400 audit(0.0:20): avc: denied { write } for name="/" dev="tmpfs" ino=2088 scontext=u:r:tkcore:s0 tcontext=u:object_r:system_data_file:s0 tclass=dir permissive=0
01-10 16:57:14.158000   364   364 W tkuinit : type=1400 audit(0.0:21): avc: denied { write } for name="/" dev="tmpfs" ino=2088 scontext=u:r:tkcore:s0 tcontext=u:object_r:system_data_file:s0 tclass=dir permissive=0
01-10 16:57:14.159202   364   364 D tkcore-teec: SDRPMB: ready active_id=0 start_sect=8225 nr_sects=32768
01-10 16:57:14.160162   364   370 D tkcore-teec: <log_teeos> thread started
01-10 16:57:14.160376   364   364 D tkcore-teec: TEED-sub: created with PID<371>
01-10 16:57:14.160376   364   364 D tkcore-teec: 
01-10 16:57:14.160511   364   364 D tkcore-teec: tee_supp_fs_init bad statfs(/data/tee/) = -1
01-10 16:57:14.160511   364   364 D tkcore-teec: 
01-10 16:57:14.160572   364   370 D tkcore-teec: Wait for /data to be mounted.
01-10 16:57:14.160603   364   364 D tkcore-teec: error tee_supp_fs_init. Delay it.
01-10 16:57:14.160759   364   364 D tkcore-teec: teed listening on /dev/tkcoredrv
01-10 16:57:14.160776   364   369 D tkcore-teec: tee_userinit enter
01-10 16:57:14.160938   364   369 D tkcore-teec: DEVICE BRAND Datalogic MODEL MEMOR 10 PLATFORM mt6763
01-10 16:57:14.160938   364   369 D tkcore-teec: 
01-10 16:57:14.166740   365   365 D vndksupport: Loading /vendor/lib64/hw/android.hardware.keymaster@3.0-impl.so from current namespace instead of sphal namespace.
01-10 16:57:14.198603   365   365 I android.hardware.keymaster@3.0-impl: Fetching keymaster device name default
01-10 16:57:14.199066   365   365 D vndksupport: Loading /vendor/lib64/hw/keystore.mt6763.so from current namespace instead of sphal namespace.
01-10 16:57:14.216506   365   365 I android.hardware.keymaster@3.0-impl: Found keymaster2 module Keymaster TrustKernel HAL, version 200
01-10 16:57:14.222000   364   364 W teed    : type=1400 audit(0.0:22): avc: denied { write } for name="/" dev="tmpfs" ino=2088 scontext=u:r:tkcore:s0 tcontext=u:object_r:system_data_file:s0 tclass=dir permissive=0
01-10 16:57:14.222000   364   364 W teed    : type=1400 audit(0.0:23): avc: denied { write } for name="/" dev="tmpfs" ino=2088 scontext=u:r:tkcore:s0 tcontext=u:object_r:system_data_file:s0 tclass=dir permissive=0
01-10 16:57:14.223336   364   364 D tkcore-teec: load_ta: loading...
01-10 16:57:14.223336   364   364 D tkcore-teec: 
01-10 16:57:14.223570   364   364 D tkcore-teec: Attempt to load /vendor/app/t6/9ef77781-7bd5-4e39-965f20f6f211f46b.ta
01-10 16:57:14.230000   364   364 W teed    : type=1400 audit(0.0:24): avc: denied { write } for name="/" dev="tmpfs" ino=2088 scontext=u:r:tkcore:s0 tcontext=u:object_r:system_data_file:s0 tclass=dir permissive=0
01-10 16:57:14.230000   364   364 W teed    : type=1400 audit(0.0:25): avc: denied { write } for name="/" dev="tmpfs" ino=2088 scontext=u:r:tkcore:s0 tcontext=u:object_r:system_data_file:s0 tclass=dir permissive=0
01-10 16:57:14.231982   364   364 D tkcore-teec: load_ta() OK!!!
01-10 16:57:14.231982   364   364 D tkcore-teec: 
01-10 16:57:14.232716   364   364 D tkcore-teec: load_ta() done, res: 0x0
01-10 16:57:14.232716   364   364 D tkcore-teec: 
01-10 16:57:14.245407   356   356 I AEE_AED : Built Mar 23 2018 13:42:19
01-10 16:57:14.246551   356   356 I AEE_AED : socket server: android:aee_aed32
01-10 16:57:14.246884   356   356 D AEE_AED : aed_get_force_config: -100000
01-10 16:57:14.247403   356   356 I AEE_AED : AED config
01-10 16:57:14.247403   356   356 I AEE_AED :   mode '4'
01-10 16:57:14.247403   356   356 I AEE_AED :   exp level '0
01-10 16:57:14.247403   356   356 I AEE_AED :   dal enable '0'
01-10 16:57:14.247403   356   356 I AEE_AED :   db count '4'
01-10 16:57:14.247403   356   356 I AEE_AED :   fatal db count '4'
01-10 16:57:14.247403   356   356 I AEE_AED :  db storage '2'
01-10 16:57:14.247403   356   356 I AEE_AED :   SMP Info => 1
01-10 16:57:14.247498   356   356 E AEE_AED : fail to get prebuild packages: No such file or directory
01-10 16:57:14.247528   356   356 E AEE_AED : init_aed_setting: fail to open db history file 
01-10 16:57:14.247541   356   356 D AEE_AED : aee_exception_running_64: send req to debuggerd64
01-10 16:57:14.247671   356   356 D AEE_AED : aee:rttd_64Rtt waiting 64_daemon finish the job...
01-10 16:57:14.250442   362   362 I AEE_AEDV: Built Mar 23 2018 13:42:26
01-10 16:57:14.251615   362   362 I AEE_AEDV: socket server: android:aee_aedv32
01-10 16:57:14.252027   361   361 D AEE_AED : $===AEE===AEE===AEE===$
01-10 16:57:14.252125   361   361 D AEE_AED : p 0 poll events 1 revents 1
01-10 16:57:14.252204   361   361 D AEE_AED : requesting from: pid=356 cmd=9
01-10 16:57:14.252235   361   361 D AEE_AED : Go RTT_AEE_GET_EXCEPTION_RUNNING
01-10 16:57:14.252388   356   356 D AEE_AED : Rtt send 64 req done
01-10 16:57:14.252509   356   356 E AEE_AED : Can't remove file /data/aee_exp/temp: No such file or directory
01-10 16:57:14.254486   365   365 I KeymasterHAL: module.cpp:2130: Open session successfully
01-10 16:57:14.254720   365   365 D KeymasterHAL: module.cpp:1838: Forwarding configure
01-10 16:57:14.254759   365   365 D KeymasterHAL: module.cpp:241: Invoke cmdId 25 at vendor/mediatek/proprietary/trustzone/trustkernel/source/external/AndroidServices/keymaster_v2/module.cpp:1847
01-10 16:57:14.255147   362   362 D AEE_AEDV: aed_get_force_config: -100000
01-10 16:57:14.255653   362   362 I AEE_AEDV: AED config
01-10 16:57:14.255653   362   362 I AEE_AEDV:   mode '4'
01-10 16:57:14.255653   362   362 I AEE_AEDV:   exp level '0
01-10 16:57:14.255653   362   362 I AEE_AEDV:   dal enable '0'
01-10 16:57:14.255653   362   362 I AEE_AEDV:   db count '4'
01-10 16:57:14.255653   362   362 I AEE_AEDV:   fatal db count '4'
01-10 16:57:14.255653   362   362 I AEE_AEDV:  db storage '2'
01-10 16:57:14.255653   362   362 I AEE_AEDV:   SMP Info => 1
01-10 16:57:14.255708   362   362 E AEE_AEDV: fail to open prebuild packages list: No such file or directory
01-10 16:57:14.255748   362   362 E AEE_AEDV: init_aed_setting: fail to open db history file 
01-10 16:57:14.255783   362   362 D AEE_AEDV: aee_exception_running_64: send req to debuggerd64
01-10 16:57:14.255901   362   362 D AEE_AEDV: aee:vrttd_64Rtt waiting 64_daemon finish the job...
01-10 16:57:14.260504   365   365 I ServiceManagement: Removing namespace from process name android.hardware.keymaster@3.0-service to keymaster@3.0-s.
01-10 16:57:14.262031   365   365 I android.hardware.keymaster@3.0-service: Registration complete for android.hardware.keymaster@3.0::IKeymasterDevice/default.
01-10 16:57:14.276024   363   363 D AEE_AEDV: $===AEE===AEE===AEE===$
01-10 16:57:14.276096   363   363 D AEE_AEDV: p 0 poll events 1 revents 1
01-10 16:57:14.276157   363   363 D AEE_AEDV: requesting from: pid=362 cmd=9
01-10 16:57:14.276168   363   363 D AEE_AEDV: Go RTT_AEE_GET_EXCEPTION_RUNNING
01-10 16:57:14.276258   362   362 D AEE_AEDV: Rtt send 64 req done
01-10 16:57:14.276362   362   362 E AEE_AEDV: Can't remove file /data/vendor/mtklog/aee_exp/temp: No such file or directory
01-10 16:57:14.276485   362   362 E AEE_AEDV: Can't remove file /sdcard/mtklog/aee_exp/temp: No such file or directory
01-10 16:57:14.276522   362   362 E AEE_AEDV: Can't remove file /storage/ext_sd/mtklog/aee_exp/temp: No such file or directory
01-10 16:57:14.283169   362   362 D AEE_AEDV: $===AEE===AEE===AEE===$
01-10 16:57:14.283230   362   362 D AEE_AEDV: p 5 poll events 1 revents 1
01-10 16:57:14.283453   362   362 D AEE_AEDV: PPM cpu cores:8, online:8
01-10 16:57:14.284918   362   362 D AEE_AEDV: aed_main_fork_worker: generator 0xf0f955f0, worker 0xfffbcd58, recv_fd 0
01-10 16:57:14.285825   376   376 W AEE_AEDV: read_fstab: get fstab /fstab.mt6763
01-10 16:57:14.285900   376   376 E AEE_AEDV: read_fstab: failed to open /fstab.mt6763
01-10 16:57:14.285918   376   376 W AEE_AEDV: read_fstab: get fstab /vendor/etc/fstab.mt6763
01-10 16:57:14.287666   376   376 W AEE_AEDV: get_expdb_path: get expdb_path /dev/block/platform/bootdevice/by-name/expdb
01-10 16:57:14.287848   376   376 I AEE_AEDV: ipanic_blk_open, expdb, 200 x a000 = 1400000
01-10 16:57:14.288626   376   376 W AEE_AEDV: ipanic heahder: magic:0, version:0, size:0, datas:0
01-10 16:57:14.288654   376   376 W AEE_AEDV: ipanic heahder: dhblk:0, blksize:0, partsize:0, bufsize:0
01-10 16:57:14.288723   376   376 W AEE_AEDV: aed_reboot_session, no valid ipanic header, ignored
01-10 16:57:14.288809   376   376 V ETM     : open etb_get_nr fail! , default etb_nr is 1 , (2, No such file or directory)
01-10 16:57:14.288908   376   376 V ETM     : open etb_length fail! (2, No such file or directory)
01-10 16:57:14.288949   376   376 V ETM     : open etb_length fail! (2, No such file or directory)
01-10 16:57:14.289614   376   376 I AEE_AEDV: wdt_status = 2, fiq_step=0, exception_type:0 
01-10 16:57:14.289750   376   376 I AEE_AEDV: powerup reason:wdt_by_pass_pwk
01-10 16:57:14.289750   376   376 I AEE_AEDV: 
01-10 16:57:14.289773   376   376 I AEE_AEDV: reboot_reason = 0
01-10 16:57:14.290039   376   376 E         : mrdump_support_user_load: null mrdump lk version
01-10 16:57:14.290100   376   376 W AEE_AEDV: read_fstab: get fstab /fstab.mt6763
01-10 16:57:14.290139   376   376 E AEE_AEDV: read_fstab: failed to open /fstab.mt6763
01-10 16:57:14.290167   376   376 W AEE_AEDV: read_fstab: get fstab /vendor/etc/fstab.mt6763
01-10 16:57:14.291661   376   376 W AEE_AEDV: get_expdb_path: get expdb_path /dev/block/platform/bootdevice/by-name/expdb
01-10 16:57:14.291732   376   376 I AEE_AEDV: ipanic_blk_open, expdb, 200 x a000 = 1400000
01-10 16:57:14.292414   376   376 D AEE_AEDV: version(aabbccdd)
01-10 16:57:14.293509   362   362 D AEE_AEDV: clear ppm settings
01-10 16:57:14.293910   375   375 I /system/bin/tzdatacheck: timezone distro dir /data/misc/zoneinfo/current does not exist. No action required.
01-10 16:57:14.295227   362   362 D AEE_AEDV: $===AEE===AEE===AEE===$
01-10 16:57:14.453559   378   378 I ServiceManagement: Removing namespace from process name android.hidl.allocator@1.0-service to allocator@1.0-s.
01-10 16:57:14.473119   379   379 I         : [VT][SRV]before VTService_HiDL_instantiate
01-10 16:57:14.493688   379   379 I         : Registration complete for vendor.mediatek.hardware.videotelephony@1.0::IVideoTelephony/default.
01-10 16:57:14.512059   381   381 I ServiceManagement: Removing namespace from process name android.hardware.bluetooth@1.0-service-mediatek to bluetooth@1.0-s.
01-10 16:57:14.514000   364   364 W teed    : type=1400 audit(0.0:26): avc: denied { write } for name="/" dev="tmpfs" ino=2088 scontext=u:r:tkcore:s0 tcontext=u:object_r:system_data_file:s0 tclass=dir permissive=0
01-10 16:57:14.514051   381   381 I android.hardware.bluetooth@1.0-service-mediatek: Registration complete for android.hardware.bluetooth@1.0::IBluetoothHci/default.
01-10 16:57:14.514819   387   387 I GatekeeperHAL: Init device
01-10 16:57:14.526000   364   364 I chatty  : uid=1000(system) /vendor/bin/teed expire 2 lines
01-10 16:57:14.526000   364   364 W teed    : type=1400 audit(0.0:29): avc: denied { write } for name="/" dev="tmpfs" ino=2088 scontext=u:r:tkcore:s0 tcontext=u:object_r:system_data_file:s0 tclass=dir permissive=0
01-10 16:57:14.540359   384   384 W /vendor/bin/hw/android.hardware.configstore@1.0-service: libminijail[384]: allowing syscall: connect
01-10 16:57:14.540501   384   384 W /vendor/bin/hw/android.hardware.configstore@1.0-service: libminijail[384]: allowing syscall: fcntl
01-10 16:57:14.540553   384   384 W /vendor/bin/hw/android.hardware.configstore@1.0-service: libminijail[384]: allowing syscall: sendto
01-10 16:57:14.540591   384   384 W /vendor/bin/hw/android.hardware.configstore@1.0-service: libminijail[384]: allowing syscall: socket
01-10 16:57:14.540632   384   384 W /vendor/bin/hw/android.hardware.configstore@1.0-service: libminijail[384]: allowing syscall: writev
01-10 16:57:14.544881   384   384 W /vendor/bin/hw/android.hardware.configstore@1.0-service: libminijail[384]: logging seccomp filter failures
01-10 16:57:14.545618   384   384 I ServiceManagement: Removing namespace from process name android.hardware.configstore@1.0-service to configstore@1.0.
01-10 16:57:14.548311   387   387 I GatekeeperHAL: Open session successfully
01-10 16:57:14.549249   387   387 I ServiceManagement: Removing namespace from process name android.hardware.gatekeeper@1.0-service to gatekeeper@1.0-.
01-10 16:57:14.551089   387   387 I android.hardware.gatekeeper@1.0-service: Registration complete for android.hardware.gatekeeper@1.0::IGatekeeper/default.
01-10 16:57:14.568472   392   392 I ServiceManagement: Removing namespace from process name android.hardware.thermal@1.0-service to thermal@1.0-ser.
01-10 16:57:14.572786   382   382 I ServiceManagement: Removing namespace from process name android.hardware.broadcastradio@1.1-service to broadcastradio@.
01-10 16:57:14.577142   390   390 E         : light_open lights bluetooth failed: -22
01-10 16:57:14.577233   390   390 E         : Light passthrough failed to load legacy HAL.
01-10 16:57:14.579205   392   392 I android.hardware.thermal@1.0-service: Registration complete for android.hardware.thermal@1.0::IThermal/default.
01-10 16:57:14.590165   391   391 I ServiceManagement: Removing namespace from process name android.hardware.memtrack@1.0-service to memtrack@1.0-se.
01-10 16:57:14.590412   393   393 I ServiceManagement: Removing namespace from process name android.hardware.vibrator@1.0-service to vibrator@1.0-se.
01-10 16:57:14.591416   390   390 E         : light_open lights wifi failed: -22
01-10 16:57:14.591459   390   390 E         : Light passthrough failed to load legacy HAL.
01-10 16:57:14.592954   397   414 I vendor.mediatek.hardware.power@1.1-service: mtkPowerService - data:0x0
01-10 16:57:14.593615   391   391 I android.hardware.memtrack@1.0-service: Registration complete for android.hardware.memtrack@1.0::IMemtrack/default.
01-10 16:57:14.594734   393   393 I android.hardware.vibrator@1.0-service: Registration complete for android.hardware.vibrator@1.0::IVibrator/default.
01-10 16:57:14.598305   404   404 E ccci_fsd(0): md_fsd Ver:v2.2, CCCI Ver:6
01-10 16:57:14.598423   390   390 I ServiceManagement: Removing namespace from process name android.hardware.light@2.0-service-mediatek to light@2.0-servi.
01-10 16:57:14.601182   396   396 E MtkCodecService: MtkCodecService service create
01-10 16:57:14.602439   390   390 I android.hardware.light@2.0-service-mediatek: Registration complete for android.hardware.light@2.0::ILight/default.
01-10 16:57:14.604480   396   396 I ServiceManagement: Removing namespace from process name vendor.mediatek.hardware.mtkcodecservice@1.1-service to mtkcodecservice.
01-10 16:57:14.607169   396   396 I vendor.mediatek.hardware.mtkcodecservice@1.0-service: Registration complete for vendor.mediatek.hardware.mtkcodecservice@1.1::IMtkCodecService/default.
01-10 16:57:14.607175   400   400 I lowmemorykiller: running re-execed
01-10 16:57:14.607389   406   406 I ccci_mdinit: (1):md_init ver:2.20, sub:0
01-10 16:57:14.607717   400   400 I lowmemorykiller: Using in-kernel low memory killer interface
01-10 16:57:14.615282   410   410 I wmt_loader: Can't open device node(/dev/wmtdetect) count(1)
01-10 16:57:14.618859   398   398 I vendor.nxp.nxpnfc@1.0-service: Registration complete for android.hardware.nfc@1.0::INfc/default.
01-10 16:57:14.619252   406   406 I ccci_mdinit: (1):[init.svc.gsm0710muxd][init.svc.ril-daemon-mtk][init.svc.emdlogger1][init.svc.ccci_fsd]
01-10 16:57:14.626321   388   388 I ServiceManagement: Removing namespace from process name android.hardware.graphics.allocator@2.0-service to allocator@2.0-s.
01-10 16:57:14.633987   405   405 E ccci_fsd(0): md_fsd Ver:v2.2, CCCI Ver:6
01-10 16:57:14.635691   388   388 I android.hardware.graphics.allocator@2.0-service: Registration complete for android.hardware.graphics.allocator@2.0::IAllocator/default.
01-10 16:57:14.636110   398   398 E         : HIDL_FETCH_INxpNfc
01-10 16:57:14.637133   351   351 W /system/bin/hwservicemanager: getTransport: Cannot find entry android.hardware.health@1.0::IHealth/default in either framework or device manifest.
01-10 16:57:14.637665   383   383 I ServiceManagement: Removing namespace from process name android.hardware.cas@1.0-service to cas@1.0-service.
01-10 16:57:14.638948   398   398 I ServiceManagement: Removing namespace from process name vendor.nxp.nxpnfc@1.0-service to nxpnfc@1.0-serv.
01-10 16:57:14.640352   397   413 I libPerfService: perfservice ver:V7.0
01-10 16:57:14.640818   397   413 I libPerfService: checkDrvSupport hps failed: No such file or directory
01-10 16:57:14.640872   397   413 I libPerfService: checkDrvSupport cpufreq failed: No such file or directory
01-10 16:57:14.641675   397   413 I libPerfService: checkDrvSupport - perfmgr:1, ppm:1, ppmAll:1, acao:1, hmp:1, hps:0, hevc:0, fliper:0, sysfs:1, dvfs:1, turbo:1, fstb:1
01-10 16:57:14.641805   397   413 I libPerfService: getCputopoInfo - cpuNum:8, cluster:2, cputopoCluster:2
01-10 16:57:14.641990   397   413 I libPerfService: [cluster 0]: cpu:4, first:0, freq count:16, max_freq:1508000
01-10 16:57:14.642007   397   413 I libPerfService:   0: 338000
01-10 16:57:14.642016   397   413 I libPerfService:   1: 481000
01-10 16:57:14.642022   397   413 I libPerfService:   2: 624000
01-10 16:57:14.642030   397   413 I libPerfService:   3: 715000
01-10 16:57:14.642037   397   413 I libPerfService:   4: 793000
01-10 16:57:14.642043   397   413 I libPerfService:   5: 884000
01-10 16:57:14.642049   397   413 I libPerfService:   6: 1001000
01-10 16:57:14.642055   397   413 I libPerfService:   7: 1105000
01-10 16:57:14.642062   397   413 I libPerfService:   8: 1183000
01-10 16:57:14.642068   397   413 I libPerfService:   9: 1235000
01-10 16:57:14.642074   397   413 I libPerfService:   10: 1300000
01-10 16:57:14.642080   397   413 I libPerfService:   11: 1365000
01-10 16:57:14.642087   397   413 I libPerfService:   12: 1404000
01-10 16:57:14.642093   397   413 I libPerfService:   13: 1430000
01-10 16:57:14.642100   397   413 I libPerfService:   14: 1482000
01-10 16:57:14.642106   397   413 I libPerfService:   15: 1508000
01-10 16:57:14.642200   397   413 I libPerfService: [cluster 1]: cpu:4, first:4, freq count:16, max_freq:2002000
01-10 16:57:14.642215   397   413 I libPerfService:   0: 520000
01-10 16:57:14.642222   397   413 I libPerfService:   1: 715000
01-10 16:57:14.642228   397   413 I libPerfService:   2: 910000
01-10 16:57:14.642234   397   413 I libPerfService:   3: 1040000
01-10 16:57:14.642240   397   413 I libPerfService:   4: 1170000
01-10 16:57:14.642247   397   413 I libPerfService:   5: 1287000
01-10 16:57:14.642253   397   413 I libPerfService:   6: 1456000
01-10 16:57:14.642259   397   413 I libPerfService:   7: 1586000
01-10 16:57:14.642266   397   413 I libPerfService:   8: 1690000
01-10 16:57:14.642272   397   413 I libPerfService:   9: 1742000
01-10 16:57:14.642278   397   413 I libPerfService:   10: 1807000
01-10 16:57:14.642284   397   413 I libPerfService:   11: 1859000
01-10 16:57:14.642290   397   413 I libPerfService:   12: 1911000
01-10 16:57:14.642296   397   413 I libPerfService:   13: 1937000
01-10 16:57:14.642312   397   413 I libPerfService:   14: 1976000
01-10 16:57:14.642319   397   413 I libPerfService:   15: 2002000
01-10 16:57:14.642372   397   413 E libPerfService: Could not open '/sys/kernel/debug/fpsgo/fstb/fstb_soft_level'
01-10 16:57:14.642381   397   413 E libPerfService: error : 2, No such file or directory
01-10 16:57:14.642389   397   413 I libPerfService: pFstbDefaultFps:1 60-26 
01-10 16:57:14.642499   397   413 I libPerfService: nGpuFreqCount:2
01-10 16:57:14.652054   397   413 E libPerfService: No GiFT Tags
01-10 16:57:14.652124   397   413 I libPerfService: [init] nXmlPackNum:12 nXmlActivityNum:12 nXmlCmdNum:15 nXmlGiftTagNum:0 nXmlGiftAttrNum:0
01-10 16:57:14.652241   397   413 I libPerfService: [xmlparser_start] XMLPARSE_GET_ACTIVITYLIST CmdIndex:0 cmd:CMD_SET_CLUSTER_CPU_CORE_MIN pack:com.imangi.templerun2, activity:Common0 p1:0 p2:3 p3:0 p4:0
01-10 16:57:14.652279   397   413 I libPerfService: [xmlparser_start] XMLPARSE_GET_ACTIVITYLIST CmdIndex:1 cmd:CMD_SET_SPORTS_MODE pack:com.andromeda.androbench2, activity:Common1 p1:1 p2:0 p3:0 p4:0
01-10 16:57:14.652307   397   413 I libPerfService: [xmlparser_start] XMLPARSE_GET_ACTIVITYLIST CmdIndex:2 cmd:CMD_SET_SPORTS_MODE pack:com.futuremark.pcmark.android.benchmark, activity:Common2 p1:1 p2:0 p3:0 p4:0
01-10 16:57:14.652336   397   413 I libPerfService: [xmlparser_start] XMLPARSE_GET_ACTIVITYLIST CmdIndex:3 cmd:CMD_SET_SPORTS_MODE pack:com.antutu.ABenchMark, activity:Common3 p1:1 p2:0 p3:0 p4:0
01-10 16:57:14.652356   397   413 I libPerfService: [xmlparser_start] XMLPARSE_GET_ACTIVITYLIST CmdIndex:4 cmd:CMD_SET_SPORTS_MODE pack:com.antutu.benchmark.full, activity:Common4 p1:1 p2:0 p3:0 p4:0
01-10 16:57:14.652389   397   413 I libPerfService: [xmlparser_start] XMLPARSE_GET_ACTIVITYLIST CmdIndex:5 cmd:CMD_SET_SPORTS_MODE pack:com.primatelabs.geekbench, activity:Common5 p1:1 p2:0 p3:0 p4:0
01-10 16:57:14.652410   397   413 I libPerfService: [xmlparser_start] XMLPARSE_GET_ACTIVITYLIST CmdIndex:6 cmd:CMD_SET_SPORTS_MODE pack:com.aurorasoftworks.quadrant.ui.professional, activity:Common6 p1:1 p2:0 p3:0 p4:0
01-10 16:57:14.652436   397   413 I libPerfService: [xmlparser_start] XMLPARSE_GET_ACTIVITYLIST CmdIndex:7 cmd:CMD_SET_SPORTS_MODE pack:com.aurorasoftworks.quadrant.ui.advanced, activity:Common7 p1:1 p2:0 p3:0 p4:0
01-10 16:57:14.652586   397   413 I libPerfService: [xmlparser_start] XMLPARSE_GET_ACTIVITYLIST CmdIndex:8 cmd:CMD_SET_PACK_BOOST_TIMEOUT pack:com.tencent.tmgp.sgame, activity:Common8 p1:25 p2:0 p3:0 p4:0
01-10 16:57:14.652611   397   413 I libPerfService: [xmlparser_start] XMLPARSE_GET_ACTIVITYLIST CmdIndex:9 cmd:CMD_SET_FSTB_FPS pack:com.tencent.tmgp.sgame, activity:Common8 p1:60 p2:30 p3:0 p4:0
01-10 16:57:14.652629   397   413 I libPerfService: [xmlparser_start] XMLPARSE_GET_ACTIVITYLIST CmdIndex:10 cmd:CMD_SET_FBT_FLOOR_BOUND pack:com.tencent.tmgp.sgame, activity:Common8 p1:1 p2:0 p3:0 p4:0
01-10 16:57:14.652652   397   413 I libPerfService: [xmlparser_start] XMLPARSE_GET_ACTIVITYLIST CmdIndex:11 cmd:CMD_SET_FBT_KMIN pack:com.tencent.tmgp.sgame, activity:Common8 p1:10 p2:0 p3:0 p4:0
01-10 16:57:14.652867   397   413 I libPerfService: [xmlparser_start] XMLPARSE_GET_ACTIVITYLIST CmdIndex:12 cmd:CMD_SET_FSTB_FPS pack:com.gameloft.android.ANMP.GloftA8HM, activity:Common9 p1:30 p2:30 p3:0 p4:0
01-10 16:57:14.652898   397   413 I libPerfService: [xmlparser_start] XMLPARSE_GET_ACTIVITYLIST CmdIndex:13 cmd:CMD_SET_FSTB_FPS pack:com.happyelements.AndroidAnimal.qq, activity:Common10 p1:50 p2:26 p3:0 p4:0
01-10 16:57:14.652930   397   413 I libPerfService: [xmlparser_start] XMLPARSE_GET_ACTIVITYLIST CmdIndex:14 cmd:CMD_SET_FSTB_FPS pack:com.happyelements.AndroidAnimal, activity:Common11 p1:50 p2:26 p3:0 p4:0
01-10 16:57:14.653008   397   413 I libPerfService: [get_activity_totalnum]  total ture activity num :12
01-10 16:57:14.653027   397   413 I libPerfService: [init] nPackNum:12
01-10 16:57:14.653377   398   398 I vendor.nxp.nxpnfc@1.0-service: Registration complete for vendor.nxp.nxpnfc@1.0::INxpNfc/default.
01-10 16:57:14.657162   397   413 I libPerfService: CMD_SET_PPM_ROOT_CLUSTER doesn't have write permission!!!!
01-10 16:57:14.657236   397   413 I libPerfService: write of /proc/ppm/root_cluster failed: No such file or directory
01-10 16:57:14.657286   397   413 E libPerfService: Could not open '/proc/ppm/root_cluster'
01-10 16:57:14.657299   397   413 E libPerfService: error : 2, No such file or directory
01-10 16:57:14.657324   397   413 I libPerfService: CMD_SET_HPS_UP_THRESHOLD doesn't have write permission!!!!
01-10 16:57:14.657332   397   413 I libPerfService: write of /proc/hps/up_threshold failed: No such file or directory
01-10 16:57:14.657352   397   413 I libPerfService: CMD_SET_HPS_DOWN_THRESHOLD doesn't have write permission!!!!
01-10 16:57:14.657361   397   413 I libPerfService: write of /proc/hps/down_threshold failed: No such file or directory
01-10 16:57:14.657396   397   413 I libPerfService: CMD_SET_VCORE_BW_THRES doesn't have write permission!!!!
01-10 16:57:14.657408   397   413 I libPerfService: write of /proc/fliperfs/cg_threshold failed: No such file or directory
01-10 16:57:14.657455   397   413 I libPerfService: CMD_SET_VCORE_BW_ENABLED doesn't have write permission!!!!
01-10 16:57:14.657474   397   413 I libPerfService: write of /proc/fliperfs/cg_enable failed: No such file or directory
01-10 16:57:14.657699   397   413 I libPerfService: CMD_SET_HPS_RBOOST_THRESH doesn't have write permission!!!!
01-10 16:57:14.657725   397   413 I libPerfService: write of /proc/hps/rush_boost_threshold failed: No such file or directory
01-10 16:57:14.657795   397   413 I libPerfService: CMD_SET_PPM_HOLD_TIME_LL_ONLY doesn't have write permission!!!!
01-10 16:57:14.657811   397   413 I libPerfService: write of /proc/ppm/policy/hica_settings/LL_ONLY_to_ALL/capacity_hold_time failed: No such file or directory
01-10 16:57:14.658081   411   411 I wmt_launcher: get property(service.wcn.driver.ready) is no
01-10 16:57:14.658611   397   413 E libPerfService: Could not open '/proc/perfmgr/smart/native_is_running'
01-10 16:57:14.658647   397   413 E libPerfService: error : 2, No such file or directory
01-10 16:57:14.658679   397   413 E libPerfService: Could not open '/proc/perfmgr/smart/hps_check_duration'
01-10 16:57:14.658688   397   413 E libPerfService: error : 2, No such file or directory
01-10 16:57:14.658741   397   413 I libPerfService: [updateScnListfromXML] new activity from perf_app, num:0
01-10 16:57:14.660175   397   413 I libPerfService: [updateScnListfromXML] new activity from perf_app and whiteList, num:12
01-10 16:57:14.662484   386   386 I ServiceManagement: Removing namespace from process name android.hardware.drm@1.0-service.widevine to drm@1.0-service.
01-10 16:57:14.665079   386   386 I ServiceManagement: Removing namespace from process name android.hardware.drm@1.0-service.widevine to drm@1.0-service.
01-10 16:57:14.667047   397   413 I libPerfService: [updateCusScnTable] cmd:CMD_SET_CLUSTER_CPU_CORE_MIN, scn:12, param_1:0, param_2:4
01-10 16:57:14.667126   397   413 I libPerfService: [updateCusScnTable] cmd:CMD_SET_CLUSTER_CPU_FREQ_MIN, scn:12, param_1:0, param_2:3000000
01-10 16:57:14.667141   397   413 I libPerfService: [updateCusScnTable] cmd:CMD_SET_CLUSTER_CPU_CORE_MIN, scn:12, param_1:1, param_2:4
01-10 16:57:14.667153   397   413 I libPerfService: [updateCusScnTable] cmd:CMD_SET_CLUSTER_CPU_FREQ_MIN, scn:12, param_1:1, param_2:3000000
01-10 16:57:14.667166   397   413 I libPerfService: [updateCusScnTable] cmd:CMD_SET_TA_BOOST_VALUE, scn:12, param_1:1100, param_2:3000000
01-10 16:57:14.667202   397   413 I libPerfService: [updateCusScnTable] cmd:CMD_SET_CLUSTER_CPU_CORE_MIN, scn:11, param_1:0, param_2:4
01-10 16:57:14.667214   397   413 I libPerfService: [updateCusScnTable] cmd:CMD_SET_CLUSTER_CPU_FREQ_MIN, scn:11, param_1:0, param_2:3000000
01-10 16:57:14.667225   397   413 I libPerfService: [updateCusScnTable] cmd:CMD_SET_CLUSTER_CPU_CORE_MIN, scn:11, param_1:1, param_2:4
01-10 16:57:14.667236   397   413 I libPerfService: [updateCusScnTable] cmd:CMD_SET_CLUSTER_CPU_FREQ_MIN, scn:11, param_1:1, param_2:3000000
01-10 16:57:14.667248   397   413 I libPerfService: [updateCusScnTable] cmd:CMD_SET_VCORE_MIN, scn:11, param_1:1, param_2:3000000
01-10 16:57:14.667263   397   413 I libPerfService: [updateCusScnTable] cmd:CMD_SET_VCORE_MIN_DDR3, scn:11, param_1:0, param_2:3000000
01-10 16:57:14.667277   397   413 I libPerfService: [updateCusScnTable] cmd:CMD_SET_TA_BOOST_VALUE, scn:11, param_1:1100, param_2:3000000
01-10 16:57:14.667292   397   413 I libPerfService: [updateCusScnTable] cmd:CMD_SET_CLUSTER_CPU_CORE_MIN, scn:8, param_1:0, param_2:4
01-10 16:57:14.667305   397   413 I libPerfService: [updateCusScnTable] cmd:CMD_SET_CLUSTER_CPU_FREQ_MIN, scn:8, param_1:0, param_2:3000000
01-10 16:57:14.667318   397   413 I libPerfService: [updateCusScnTable] cmd:CMD_SET_CLUSTER_CPU_CORE_MIN, scn:8, param_1:1, param_2:4
01-10 16:57:14.667332   397   413 I libPerfService: [updateCusScnTable] cmd:CMD_SET_CLUSTER_CPU_FREQ_MIN, scn:8, param_1:1, param_2:3000000
01-10 16:57:14.667343   397   413 I libPerfService: [updateCusScnTable] cmd:CMD_SET_VCORE_MIN, scn:8, param_1:1, param_2:3000000
01-10 16:57:14.667357   397   413 I libPerfService: [updateCusScnTable] cmd:CMD_SET_VCORE_MIN_DDR3, scn:8, param_1:0, param_2:3000000
01-10 16:57:14.667371   397   413 I libPerfService: [updateCusScnTable] cmd:CMD_SET_TA_BOOST_VALUE, scn:8, param_1:1100, param_2:3000000
01-10 16:57:14.667385   397   413 I libPerfService: [updateCusScnTable] cmd:CMD_SET_FPSGO_ENABLE, scn:8, param_1:0, param_2:3000000
01-10 16:57:14.667398   397   413 I libPerfService: [updateCusScnTable] cmd:CMD_SET_CLUSTER_CPU_CORE_MIN, scn:10, param_1:0, param_2:4
01-10 16:57:14.667411   397   413 I libPerfService: [updateCusScnTable] cmd:CMD_SET_CLUSTER_CPU_FREQ_MIN, scn:10, param_1:0, param_2:3000000
01-10 16:57:14.667423   397   413 I libPerfService: [updateCusScnTable] cmd:CMD_SET_CLUSTER_CPU_CORE_MIN, scn:10, param_1:1, param_2:4
01-10 16:57:14.667434   397   413 I libPerfService: [updateCusScnTable] cmd:CMD_SET_CLUSTER_CPU_FREQ_MIN, scn:10, param_1:1, param_2:3000000
01-10 16:57:14.667446   397   413 I libPerfService: [updateCusScnTable] cmd:CMD_SET_VCORE_MIN, scn:10, param_1:1, param_2:3000000
01-10 16:57:14.667461   397   413 I libPerfService: [updateCusScnTable] cmd:CMD_SET_VCORE_MIN_DDR3, scn:10, param_1:0, param_2:3000000
01-10 16:57:14.667476   397   413 I libPerfService: [updateCusScnTable] cmd:CMD_SET_TA_BOOST_VALUE, scn:10, param_1:1100, param_2:3000000
01-10 16:57:14.667490   397   413 I libPerfService: [updateCusScnTable] cmd:CMD_SET_CLUSTER_CPU_CORE_MIN, scn:14, param_1:0, param_2:4
01-10 16:57:14.667502   397   413 I libPerfService: [updateCusScnTable] cmd:CMD_SET_CLUSTER_CPU_FREQ_MIN, scn:14, param_1:0, param_2:3000000
01-10 16:57:14.667514   397   413 I libPerfService: [updateCusScnTable] cmd:CMD_SET_CLUSTER_CPU_CORE_MIN, scn:14, param_1:1, param_2:4
01-10 16:57:14.667527   397   413 I libPerfService: [updateCusScnTable] cmd:CMD_SET_CLUSTER_CPU_FREQ_MIN, scn:14, param_1:1, param_2:3000000
01-10 16:57:14.667539   397   413 I libPerfService: [updateCusScnTable] cmd:CMD_SET_VCORE_MIN, scn:14, param_1:1, param_2:3000000
01-10 16:57:14.667552   397   413 I libPerfService: [updateCusScnTable] cmd:CMD_SET_VCORE_MIN_DDR3, scn:14, param_1:0, param_2:3000000
01-10 16:57:14.667566   397   413 I libPerfService: [updateCusScnTable] cmd:CMD_SET_TA_BOOST_VALUE, scn:14, param_1:1100, param_2:3000000
01-10 16:57:14.667581   397   413 I libPerfService: [updateCusScnTable] cmd:CMD_SET_CLUSTER_CPU_CORE_MIN, scn:13, param_1:0, param_2:4
01-10 16:57:14.667593   397   413 I libPerfService: [updateCusScnTable] cmd:CMD_SET_CLUSTER_CPU_FREQ_MIN, scn:13, param_1:0, param_2:3000000
01-10 16:57:14.667610   397   413 I libPerfService: [updateCusScnTable] cmd:CMD_SET_CLUSTER_CPU_CORE_MIN, scn:13, param_1:1, param_2:4
01-10 16:57:14.667622   397   413 I libPerfService: [updateCusScnTable] cmd:CMD_SET_CLUSTER_CPU_FREQ_MIN, scn:13, param_1:1, param_2:3000000
01-10 16:57:14.667650   397   413 I libPerfService: [updateCusScnTable] cmd:CMD_SET_VCORE_MIN, scn:13, param_1:1, param_2:3000000
01-10 16:57:14.667664   397   413 I libPerfService: [updateCusScnTable] cmd:CMD_SET_VCORE_MIN_DDR3, scn:13, param_1:0, param_2:3000000
01-10 16:57:14.667679   397   413 I libPerfService: [updateCusScnTable] cmd:CMD_SET_TA_BOOST_VALUE, scn:13, param_1:1100, param_2:3000000
01-10 16:57:14.667692   397   413 I libPerfService: [updateCusScnTable] cmd:CMD_SET_FPSGO_ENABLE, scn:13, param_1:0, param_2:3000000
01-10 16:57:14.667708   397   413 I libPerfService: [updateCusScnTable] cmd:CMD_SET_CPU_PERF_MODE, scn:18, param_1:1, param_2:3000000
01-10 16:57:14.672449   351   351 W /system/bin/hwservicemanager: getTransport: Cannot find entry android.hardware.thermal@1.1::IThermal/default in either framework or device manifest.
01-10 16:57:14.672892   395   395 I DynamicFpsPolicy: try to new 1 refresh ranges
01-10 16:57:14.673353   402   402 W thermalserviced: Unable to get Thermal HAL V1.1, vendor thermal event notification not available
01-10 16:57:14.674272   395   395 I ServiceManagement: Removing namespace from process name vendor.mediatek.hardware.dfps@1.0-service to dfps@1.0-servic.
01-10 16:57:14.680179   395   395 I vendor.mediatek.hardware.dfps@1.0-service: Registration complete for vendor.mediatek.hardware.dfps@1.0::IFpsPolicyService/default.
01-10 16:57:14.680893   395   417 I DynamicFpsPolicy: oldRequest: fps[0] mode[0] --> newRequest: fps[-1] mode[0] num[r:0|rs:0]
01-10 16:57:14.680998   395   417 I DynamicFpsPolicy: oldRequest: fps[-1] mode[0] --> newRequest: fps[-1] mode[0] num[r:0|rs:0]
01-10 16:57:14.709597   389   389 I hwcomposer: [HWC] FD resource: cur[4096]  max[4096]
01-10 16:57:14.709597   389   389 I hwcomposer:   
01-10 16:57:14.711123   389   389 I ServiceManagement: Removing namespace from process name android.hardware.graphics.composer@2.1-service to composer@2.1-se.
01-10 16:57:14.712565   389   389 I android.hardware.graphics.composer@2.1-service: Registration complete for android.hardware.graphics.composer@2.1::IComposer/default.
01-10 16:57:14.712916   385   385 I ServiceManagement: Removing namespace from process name android.hardware.drm@1.0-service to drm@1.0-service.
01-10 16:57:14.714061   385   385 I android.hardware.drm@1.0-service: Registration complete for android.hardware.drm@1.0::IDrmFactory/default.
01-10 16:57:14.715268   397   413 I libPerfService: [init] nFbcSupport:1
01-10 16:57:14.715376   397   413 I libPerfService: [init] nThmSupport:1
01-10 16:57:14.715456   397   413 I powerd  : [powerd_core_pre_init] gtCusHintTbl[0]:36
01-10 16:57:14.715523   397   413 I powerd  : [powerd_core_pre_init] gtCusHintTbl[1]:37
01-10 16:57:14.715534   397   413 I powerd  : [powerd_core_pre_init] gtCusHintTbl[2]:38
01-10 16:57:14.715547   397   413 I powerd  : [powerd_core_pre_init] i:12, j:0, walt scn:-1, t:-1, ud:0
01-10 16:57:14.715558   397   413 I powerd  : [powerd_core_pre_init] i:14, j:0, walt scn:-1, t:-1, ud:0
01-10 16:57:14.715568   397   413 I powerd  : [powerd_core_pre_init] i:16, j:0, walt scn:-1, t:-1, ud:0
01-10 16:57:14.715577   397   413 I powerd  : [powerd_core_pre_init] pboost_timeout: 0
01-10 16:57:14.715600   397   413 I vendor.mediatek.hardware.power@1.1-impl: mtkPowerManager - data:0x0
01-10 16:57:14.717561   401   401 I /system/bin/surfaceflinger: android::hardware::configstore::V1_0::ISurfaceFlingerConfigs::maxFrameBufferAcquiredBuffers retrieved: 3
01-10 16:57:14.717776   385   385 I ServiceManagement: Removing namespace from process name android.hardware.drm@1.0-service to drm@1.0-service.
01-10 16:57:14.719203   385   385 I android.hardware.drm@1.0-service: Registration complete for android.hardware.drm@1.0::ICryptoFactory/default.
01-10 16:57:14.721630   401   401 I /system/bin/surfaceflinger: android::hardware::configstore::V1_0::ISurfaceFlingerConfigs::startGraphicsAllocatorService retrieved: 0
01-10 16:57:14.722971   397   414 I MTKPowerHAL: power_open: enter; name=power
01-10 16:57:14.723117   397   414 I MTKPowerHAL: power_init
01-10 16:57:14.725061   397   414 I ServiceManagement: Removing namespace from process name vendor.mediatek.hardware.power@1.1-service to power@1.1-servi.
01-10 16:57:14.727005   397   414 I vendor.mediatek.hardware.power@1.1-service: Registration complete for vendor.mediatek.hardware.power@1.1::IPower/default.
01-10 16:57:14.727260   401   401 I SurfaceFlinger: SurfaceFlinger is starting
01-10 16:57:14.727678   401   401 I /system/bin/surfaceflinger: android::hardware::configstore::V1_0::ISurfaceFlingerConfigs::vsyncEventPhaseOffsetNs retrieved: 8300000
01-10 16:57:14.728283   401   401 I /system/bin/surfaceflinger: android::hardware::configstore::V1_0::ISurfaceFlingerConfigs::vsyncSfEventPhaseOffsetNs retrieved: 8300000
01-10 16:57:14.728479   401   401 I /system/bin/surfaceflinger: android::hardware::configstore::V1_0::ISurfaceFlingerConfigs::hasSyncFramework retrieved: 1
01-10 16:57:14.728634   401   401 I /system/bin/surfaceflinger: android::hardware::configstore::V1_0::ISurfaceFlingerConfigs::useContextPriority retrieved: 0 (default)
01-10 16:57:14.728757   401   401 I /system/bin/surfaceflinger: android::hardware::configstore::V1_0::ISurfaceFlingerConfigs::presentTimeOffsetFromVSyncNs retrieved: 0
01-10 16:57:14.728888   401   401 I /system/bin/surfaceflinger: android::hardware::configstore::V1_0::ISurfaceFlingerConfigs::useHwcForRGBtoYUV retrieved: 1
01-10 16:57:14.729007   401   401 I /system/bin/surfaceflinger: android::hardware::configstore::V1_0::ISurfaceFlingerConfigs::maxVirtualDisplaySize retrieved: 0 (default)
01-10 16:57:14.729125   401   401 I /system/bin/surfaceflinger: android::hardware::configstore::V1_0::ISurfaceFlingerConfigs::useVrFlinger retrieved: 0 (default)
01-10 16:57:14.729163   401   401 I /system/bin/surfaceflinger: android::hardware::configstore::V1_0::ISurfaceFlingerConfigs::maxFrameBufferAcquiredBuffers retrieved: 3
01-10 16:57:14.729271   401   401 I /system/bin/surfaceflinger: android::hardware::configstore::V1_0::ISurfaceFlingerConfigs::hasWideColorDisplay retrieved: 0
01-10 16:57:14.752210   401   401 E DynamicFpsPolicy: FpsVsync link done
01-10 16:57:14.752911   395   423 I DynamicFpsPolicy: registerCallback: registerrr cb:1  target:1
01-10 16:57:14.753192   401   401 I SurfaceFlinger: FD resource: cur[4096]  max[4096]
01-10 16:57:14.753255   401   401 I SurfaceFlinger: Disabling backpressure propagation
01-10 16:57:14.753278   401   401 I SurfaceFlinger: Disabling Triple Buffering
01-10 16:57:14.759650   401   401 I SurfaceFlinger: SurfaceFlinger's main thread ready to run. Initializing graphics H/W...
01-10 16:57:14.759713   401   401 I SurfaceFlinger: Phase offest NS: 8300000
01-10 16:57:14.818612   380   380 I ServiceManagement: Removing namespace from process name android.hardware.audio@2.0-service-mediatek to audio@2.0-servi.
01-10 16:57:14.820235   380   380 I mtkaudiohalservice: Registration complete for android.hardware.audio@2.0::IDevicesFactory/default.
01-10 16:57:14.841573   380   380 I mtkaudiohalservice: Registration complete for android.hardware.audio.effect@2.0::IEffectsFactory/default.
01-10 16:57:14.842174   351   351 W /system/bin/hwservicemanager: getTransport: Cannot find entry android.hardware.soundtrigger@2.0::ISoundTriggerHw/default in either framework or device manifest.
01-10 16:57:14.843582   380   380 E mtkaudiohalservice: Could not get passthrough implementation for android.hardware.soundtrigger@2.0::ISoundTriggerHw/default.
01-10 16:57:14.843667   380   380 E mtkaudiohalservice: Error while registering soundtrigger service: 1
01-10 16:57:14.915704   410   410 I wmt_loader: chip id from property:-1
01-10 16:57:14.958461   411   411 I wmt_launcher: get property(service.wcn.driver.ready) is no
01-10 16:57:15.015866   415   415 I STATUSD : 2606:main(): ignore
01-10 16:57:15.041476   401   401 I /system/bin/surfaceflinger: android::hardware::configstore::V1_0::ISurfaceFlingerConfigs::hasWideColorDisplay retrieved: 0
01-10 16:57:15.042453   401   401 I SurfaceFlinger: EventThread Client Pid (401) created
01-10 16:57:15.045663   401   401 I SurfaceFlinger: EGL information:
01-10 16:57:15.045793   401   401 I SurfaceFlinger: vendor    : Android
01-10 16:57:15.045802   401   401 I SurfaceFlinger: version   : 1.4 Android META-EGL
01-10 16:57:15.045810   401   401 I SurfaceFlinger: extensions: EGL_KHR_get_all_proc_addresses EGL_ANDROID_presentation_time EGL_KHR_swap_buffers_with_damage EGL_ANDROID_get_native_client_buffer EGL_ANDROID_front_buffer_auto_refresh EGL_ANDROID_get_frame_timestamps EGL_KHR_image EGL_KHR_image_base EGL_KHR_gl_colorspace EGL_KHR_gl_texture_2D_image EGL_KHR_gl_texture_cubemap_image EGL_KHR_gl_renderbuffer_image EGL_KHR_fence_sync EGL_KHR_create_context EGL_KHR_config_attribs EGL_KHR_surfaceless_context EGL_EXT_create_context_robustness EGL_ANDROID_image_native_buffer EGL_KHR_wait_sync EGL_ANDROID_recordable EGL_KHR_partial_update EGL_KHR_mutable_render_buffer EGL_IMG_context_priority EGL_KHR_no_config_context 
01-10 16:57:15.045819   401   401 I SurfaceFlinger: Client API: OpenGL_ES
01-10 16:57:15.045828   401   401 I SurfaceFlinger: EGLSurface: 8-8-8-8, config=0x740b7c3008
01-10 16:57:15.047255   401   401 I SurfaceFlinger: OpenGL ES informations:
01-10 16:57:15.047361   401   401 I SurfaceFlinger: vendor    : ARM
01-10 16:57:15.047370   401   401 I SurfaceFlinger: renderer  : Mali-G71
01-10 16:57:15.047382   401   401 I SurfaceFlinger: version   : OpenGL ES 3.2 v1.r9p0-01rel0.83a3bc72fddd1868f17b698165c9be5c
01-10 16:57:15.047391   401   401 I SurfaceFlinger: extensions: GL_EXT_debug_marker GL_ARM_rgba8 GL_ARM_mali_shader_binary GL_OES_depth24 GL_OES_depth_texture GL_OES_depth_texture_cube_map GL_OES_packed_depth_stencil GL_OES_rgb8_rgba8 GL_EXT_read_format_bgra GL_OES_compressed_paletted_texture GL_OES_compressed_ETC1_RGB8_texture GL_OES_standard_derivatives GL_OES_EGL_image GL_OES_EGL_image_external GL_OES_EGL_image_external_essl3 GL_OES_EGL_sync GL_OES_texture_npot GL_OES_vertex_half_float GL_OES_required_internalformat GL_OES_vertex_array_object GL_OES_mapbuffer GL_EXT_texture_format_BGRA8888 GL_EXT_texture_rg GL_EXT_texture_type_2_10_10_10_REV GL_OES_fbo_render_mipmap GL_OES_element_index_uint GL_EXT_shadow_samplers GL_OES_texture_compression_astc GL_KHR_texture_compression_astc_ldr GL_KHR_texture_compression_astc_hdr GL_KHR_texture_compression_astc_sliced_3d GL_KHR_debug GL_EXT_occlusion_query_boolean GL_EXT_disjoint_timer_query GL_EXT_blend_minmax GL_EXT_discard_framebuffer GL_OES_get_program_binary GL_OES_texture_3D GL_EXT_texture_storage GL_EXT_multisamp
01-10 16:57:15.047399   401   401 I SurfaceFlinger: GL_MAX_TEXTURE_SIZE = 16384
01-10 16:57:15.047406   401   401 I SurfaceFlinger: GL_MAX_VIEWPORT_DIMS = 16384
01-10 16:57:15.057586   389   389 W hwcomposer: [EVENT] Start to listen uevent, addr.nl_pid(389)  
01-10 16:57:15.057769   389   389 W hwcomposer: [HWC] Register hotplug callback  
01-10 16:57:15.057803   389   389 W hwcomposer: [HWC] Register refresh callback  
01-10 16:57:15.057827   389   389 W hwcomposer: [HWC] Register vsync callback  
01-10 16:57:15.057880   389   389 I hwcomposer: [JOB] ui_mm_combined? 1  
01-10 16:57:15.058376   389   389 I hwcomposer: [DPY] get 0 density from drv, density calculated by physical dpi  
01-10 16:57:15.059358   389   389 W libc    : Unable to set property "ro.sf.lcd_density" to "300": error code: 0xb
01-10 16:57:15.059451   389   389 I hwcomposer: [DPY] setprop lcd_density 300  
01-10 16:57:15.059481   389   389 I hwcomposer: [DPY] fail to set ro.sf.lcd_density  
01-10 16:57:15.061032   389   389 E MDP     : DpAsyncBlitStream: unrecognizable user 0
01-10 16:57:15.061226   389   389 I hwcomposer: [DPY] Display Information:  
01-10 16:57:15.061272   389   389 I hwcomposer: [DPY] # fo current devices : 1  
01-10 16:57:15.061307   389   389 I hwcomposer: [DPY] ------------------------------------  
01-10 16:57:15.061334   389   389 I hwcomposer: [DPY] Device id   : 0  
01-10 16:57:15.061360   389   389 I hwcomposer: [DPY] Width       : 720  
