01-10 16:57:19.953842   795   795 I VoLTE IMCB-2: Pure Mesage Send dest=IMCB[2], msg_id=100003(0x000186A3), len=3456, IMCB_IMC_HEADER_FILE_VERNO=6c, MSG_ID_IMC_IN_BEGIN=100000, IMC_FEATURE_BITMAP=0x3 imcb_send_to_COMM()@1#248
01-10 16:57:19.953842   795   795 I VoLTE IMCB-2: ENTER imcb_send_imc_va_connect_req()@2#3056}}}}
01-10 16:57:19.954170   795   795 I VoLTE IMCB-1: {{{{Pure Mesage Send dest=IMCB[2], msg_id=100003(0x000186A3), len=3456, IMCB_IMC_HEADER_FILE_VERNO=6c, MSG_ID_IMC_IN_BEGIN=100000, IMC_FEATURE_BITMAP=0x3 imcb_send_to_COMM()@2#248
01-10 16:57:19.954170   795   795 I VoLTE IMCB-1: ENTER imcb_send_multiple_imc_imsa_connect_req()@0#3041
01-10 16:57:19.954170   795   795 I VoLTE IMCB-1: ENTER imcb_send_imc_imsa_connect_req()@0#3025
01-10 16:57:19.954170   795   795 I VoLTE IMCB-1: imcb_verno:0x6c imcb_set_imsa_connect_req_to_imc_para()@0#871
01-10 16:57:19.954170   795   795 I VoLTE IMCB-1: Pure Mesage Send dest=IMCB[2], msg_id=100003(0x000186A3), len=3456, IMCB_IMC_HEADER_FILE_VERNO=6c, MSG_ID_IMC_IN_BEGIN=100000, IMC_FEATURE_BITMAP=0x3 imcb_send_to_COMM()@0#248
01-10 16:57:19.954170   795   795 I VoLTE IMCB-1: ENTER imcb_send_imc_imsa_connect_req()@1#3025
01-10 16:57:19.954170   795   795 I VoLTE IMCB-1: imcb_verno:0x6c imcb_set_imsa_connect_req_to_imc_para()@1#871}}}}
01-10 16:57:19.954506   795   795 I VoLTE IMCB-1: {{{{Pure Mesage Send dest=IMCB[2], msg_id=100003(0x000186A3), len=3456, IMCB_IMC_HEADER_FILE_VERNO=6c, MSG_ID_IMC_IN_BEGIN=100000, IMC_FEATURE_BITMAP=0x3 imcb_send_to_COMM()@1#248
01-10 16:57:19.954506   795   795 I VoLTE IMCB-1: ENTER imcb_send_imc_imsa_connect_req()@2#3025
01-10 16:57:19.954506   795   795 I VoLTE IMCB-1: imcb_verno:0x6c imcb_set_imsa_connect_req_to_imc_para()@2#871
01-10 16:57:19.954506   795   795 I VoLTE IMCB-1: Pure Mesage Send dest=IMCB[2], msg_id=100003(0x000186A3), len=3456, IMCB_IMC_HEADER_FILE_VERNO=6c, MSG_ID_IMC_IN_BEGIN=100000, IMC_FEATURE_BITMAP=0x3 imcb_send_to_COMM()@2#248
01-10 16:57:19.954506   795   795 I VoLTE IMCB-1: ENTER imcb_send_multiple_imc_va_connect_req()@0#3073
01-10 16:57:19.954506   795   795 I VoLTE IMCB-1: ENTER imcb_send_imc_va_connect_req()@0#3056
01-10 16:57:19.954506   795   795 I VoLTE IMCB-1: Pure Mesage Send dest=IMCB[2], msg_id=100003(0x000186A3), len=3456, IMCB_IMC_HEADER_FILE_VERNO=6c, MSG_ID_IMC_IN_BEGIN=100000, IMC_FEATURE_BITMAP=0x3 imcb_send_to_COMM()@0#248
01-10 16:57:19.954506   795   795 I VoLTE IMCB-1: ENTER imcb_send_imc_va_connect_req()@1#3056}}}}
01-10 16:57:19.954679   795   795 I VoLTE IMCB: {{{{Pure Mesage Send dest=IMCB[2], msg_id=100003(0x000186A3), len=3456, IMCB_IMC_HEADER_FILE_VERNO=6c, MSG_ID_IMC_IN_BEGIN=100000, IMC_FEATURE_BITMAP=0x3 imcb_send_to_COMM()@1#248
01-10 16:57:19.954679   795   795 I VoLTE IMCB: ENTER imcb_send_imc_va_connect_req()@2#3056
01-10 16:57:19.954679   795   795 I VoLTE IMCB: Pure Mesage Send dest=IMCB[2], msg_id=100003(0x000186A3), len=3456, IMCB_IMC_HEADER_FILE_VERNO=6c, MSG_ID_IMC_IN_BEGIN=100000, IMC_FEATURE_BITMAP=0x3 imcb_send_to_COMM()@2#248
01-10 16:57:19.954679   795   795 I VoLTE IMCB: EndofMessage process_msg()@0#236}}}}
01-10 16:57:19.954707   795   846 I VoLTE IMCB-CM: Receive VOLTE_IND_REG_STATE, id = 5, and cause is VoLTE_Event_Reg_Cause_Channel_Bind #94
01-10 16:57:19.955722   790   790 D VoLTE IMSM: version check begin (module/mdagent/volte_imsm_93/src/volte_imsm.c:172)
01-10 16:57:19.955783   790   790 I VoLTE IMSMx: IMSM -> IMSMMD : [0] AP_ID_IMSM_GET_VERSION_REQ
01-10 16:57:19.956555   795   848 I VoLTE IMCB-CM: receive the nessage from IMC #72
01-10 16:57:19.957084   795   848 I VoLTE IMCB-CM: receive the nessage from IMC #72
01-10 16:57:19.957373   795   795 I VoLTE IMCB-0: {{{{[process_msg] msg_id=100008(0x000186A8), dst=IMCB[2], IMCB_IMC_HEADER_FILE_VERNO=6c, MSG_ID_IMC_IN_BEGIN=100000, IMC_FEATURE_BITMAP=0x3 @0#187
01-10 16:57:19.957373   795   795 I VoLTE IMCB-0: ENTER imcb_imc_ims_init_ind_handler()@0#3890
01-10 16:57:19.957373   795   795 I VoLTE IMCB-0: ENTER imcb_initial_sim()@0#770
01-10 16:57:19.957373   795   795 I VoLTE IMCB-0: ENTER imcb_send_imc_ims_reg_state_req()@0#2392
01-10 16:57:19.957373   795   795 I VoLTE IMCB-0: error ua rat type = 0 imcb_rat_conv_to_imc()@0#85
01-10 16:57:19.957373   795   795 I VoLTE IMCB-0: acct_id:0, reg_state:0, cause:0, sip_cause:0, retry_after:0 imcb_set_ims_reg_state_req_to_imc_para()@0#203
01-10 16:57:19.957373   795   795 I VoLTE IMCB-0: Pure Mesage Send dest=IMCB[2], msg_id=100003(0x000186A3), len=3456, IMCB_IMC_HEADER_FILE_VERNO=6c, MSG_ID_IMC_IN_BEGIN=100000, IMC_FEATURE_BITMAP=0x3 imcb_send_to_COMM()@0#248
01-10 16:57:19.957373   795   795 I VoLTE IMCB-0: ENTER imcb_send_imc_ims_reg_state_req()@0#2392
01-10 16:57:19.957373   795   795 I VoLTE IMCB-0: error ua rat type = 0 imcb_rat_conv_to_imc()@0#85}}}}
01-10 16:57:19.957644   795   795 I VoLTE IMCB: {{{{acct_id:1, reg_state:0, cause:0, sip_cause:0, retry_after:0 imcb_set_ims_reg_state_req_to_imc_para()@0#203
01-10 16:57:19.957644   795   795 I VoLTE IMCB: Pure Mesage Send dest=IMCB[2], msg_id=100003(0x000186A3), len=3456, IMCB_IMC_HEADER_FILE_VERNO=6c, MSG_ID_IMC_IN_BEGIN=100000, IMC_FEATURE_BITMAP=0x3 imcb_send_to_COMM()@0#248
01-10 16:57:19.957644   795   795 I VoLTE IMCB: sim:0 initiated ! imcb_initial_sim()@0#779
01-10 16:57:19.957644   795   795 I VoLTE IMCB: EndofMessage process_msg()@0#236}}}}
01-10 16:57:19.957774   795   848 I VoLTE IMCB-CM: receive the nessage from IMC #72
01-10 16:57:19.958242   795   795 I VoLTE IMCB: {{{{[process_msg] msg_id=100014(0x000186AE), dst=IMCB[2], IMCB_IMC_HEADER_FILE_VERNO=6c, MSG_ID_IMC_IN_BEGIN=100000, IMC_FEATURE_BITMAP=0x3 @0#187
01-10 16:57:19.958242   795   795 I VoLTE IMCB: ENTER imcb_imc_sim_query_ind_handler()@0#5241
01-10 16:57:19.958242   795   795 I VoLTE IMCB: Pure Mesage Send dest=IMSA1[5], msg_id=100508(0x0001889C), len=4, IMCB_IMC_HEADER_FILE_VERNO=6c, MSG_ID_IMC_IN_BEGIN=100000, IMC_FEATURE_BITMAP=0x3 imcb_send_to_COMM()@0#248
01-10 16:57:19.958242   795   795 I VoLTE IMCB: EndofMessage process_msg()@0#236}}}}
01-10 16:57:19.958449   795   848 I VoLTE IMCB-CM: receive the nessage from IMC #72
01-10 16:57:19.958495   790   849 I VoLTE IMSMx: IMCB -> IMSM : [0] SIM_QUERY_IND
01-10 16:57:19.958743   790   807 D VoLTE IMSM: ===> event queue = 0xeff1a000, sim_id = 0, request_id = 100508 (module/mdagent/volte_imsm_93/src/imsm_handler.c:5177)
01-10 16:57:19.958850   790   807 D VoLTE IMSM: Receive IMCB sim_id=0 request_id=100508 (module/mdagent/volte_imsm_93/src/imsm_handler.c:2386)
01-10 16:57:19.958868   790   807 D VoLTE IMSM: receive MSG_ID_WRAP_IMSA_IMCB_SIM_QUERY_IND, transaction_id = 1 (module/mdagent/volte_imsm_93/src/imsm_handler.c:2886)
01-10 16:57:19.958861   795   795 I VoLTE IMCB-1: {{{{[process_msg] msg_id=100008(0x000186A8), dst=IMCB[2], IMCB_IMC_HEADER_FILE_VERNO=6c, MSG_ID_IMC_IN_BEGIN=100000, IMC_FEATURE_BITMAP=0x3 @1#187
01-10 16:57:19.958861   795   795 I VoLTE IMCB-1: ENTER imcb_imc_ims_init_ind_handler()@1#3890
01-10 16:57:19.958861   795   795 I VoLTE IMCB-1: ENTER imcb_initial_sim()@1#770
01-10 16:57:19.958861   795   795 I VoLTE IMCB-1: ENTER imcb_send_imc_ims_reg_state_req()@1#2392
01-10 16:57:19.958861   795   795 I VoLTE IMCB-1: error ua rat type = 0 imcb_rat_conv_to_imc()@1#85
01-10 16:57:19.958861   795   795 I VoLTE IMCB-1: acct_id:2, reg_state:0, cause:0, sip_cause:0, retry_after:0 imcb_set_ims_reg_state_req_to_imc_para()@1#203
01-10 16:57:19.958861   795   795 I VoLTE IMCB-1: Pure Mesage Send dest=IMCB[2], msg_id=100003(0x000186A3), len=3456, IMCB_IMC_HEADER_FILE_VERNO=6c, MSG_ID_IMC_IN_BEGIN=100000, IMC_FEATURE_BITMAP=0x3 imcb_send_to_COMM()@1#248
01-10 16:57:19.958861   795   795 I VoLTE IMCB-1: ENTER imcb_send_imc_ims_reg_state_req()@1#2392
01-10 16:57:19.958861   795   795 I VoLTE IMCB-1: error ua rat type = 0 imcb_rat_conv_to_imc()@1#85}}}}
01-10 16:57:19.958889   790   807 D VoLTE IMSM: send MSG_ID_WRAP_IMSA_IMCB_SIM_QUERY_RSP, transaction_id = 1, sim_usim_type = 0, isim_type = 3, session_id = 0 (module/mdagent/volte_imsm_93/src/imsm_handler.c:2907)
01-10 16:57:19.958905   790   807 I VoLTE IMSMx: IMSM -> IMCB : [0] SIM_QUERY_RSP
01-10 16:57:19.959098   795   795 I VoLTE IMCB: {{{{acct_id:3, reg_state:0, cause:0, sip_cause:0, retry_after:0 imcb_set_ims_reg_state_req_to_imc_para()@1#203
01-10 16:57:19.959098   795   795 I VoLTE IMCB: Pure Mesage Send dest=IMCB[2], msg_id=100003(0x000186A3), len=3456, IMCB_IMC_HEADER_FILE_VERNO=6c, MSG_ID_IMC_IN_BEGIN=100000, IMC_FEATURE_BITMAP=0x3 imcb_send_to_COMM()@1#248
01-10 16:57:19.959098   795   795 I VoLTE IMCB: sim:1 initiated ! imcb_initial_sim()@1#779
01-10 16:57:19.959098   795   795 I VoLTE IMCB: EndofMessage process_msg()@0#236}}}}
01-10 16:57:19.959228   795   848 I VoLTE IMCB-CM: receive the nessage from IMC #72
01-10 16:57:19.959653   795   795 I VoLTE IMCB: {{{{[process_msg] msg_id=100014(0x000186AE), dst=IMCB[2], IMCB_IMC_HEADER_FILE_VERNO=6c, MSG_ID_IMC_IN_BEGIN=100000, IMC_FEATURE_BITMAP=0x3 @1#187
01-10 16:57:19.959653   795   795 I VoLTE IMCB: ENTER imcb_imc_sim_query_ind_handler()@1#5241
01-10 16:57:19.959653   795   795 I VoLTE IMCB: Pure Mesage Send dest=IMSA1[5], msg_id=16877724(0x0101889C), len=4, IMCB_IMC_HEADER_FILE_VERNO=6c, MSG_ID_IMC_IN_BEGIN=100000, IMC_FEATURE_BITMAP=0x3 imcb_send_to_COMM()@1#248
01-10 16:57:19.959653   795   795 I VoLTE IMCB: EndofMessage process_msg()@0#236}}}}
01-10 16:57:19.959792   795   848 I VoLTE IMCB-CM: receive the nessage from IMC #72
01-10 16:57:19.960106   795   795 I VoLTE IMCB: {{{{[process_msg] msg_id=100509(0x0001889D), dst=IMSA1[5], IMCB_IMC_HEADER_FILE_VERNO=6c, MSG_ID_IMC_IN_BEGIN=100000, IMC_FEATURE_BITMAP=0x3 @0#187
01-10 16:57:19.960106   795   795 I VoLTE IMCB: ENTER imsa_imcb_sim_query_rsp_handler()@0#1081
01-10 16:57:19.960106   795   795 I VoLTE IMCB: transaction_id:1, sim_usim_type:0, isim_type:3, session_id:0 @0#1084
01-10 16:57:19.960106   795   795 I VoLTE IMCB: Pure Mesage Send dest=IMCB[2], msg_id=100003(0x000186A3), len=3456, IMCB_IMC_HEADER_FILE_VERNO=6c, MSG_ID_IMC_IN_BEGIN=100000, IMC_FEATURE_BITMAP=0x3 imcb_send_to_COMM()@0#248
01-10 16:57:19.960106   795   795 I VoLTE IMCB: EndofMessage process_msg()@0#236}}}}
01-10 16:57:19.960541   795   848 I VoLTE IMCB-CM: receive the nessage from IMC #72
01-10 16:57:19.960680   795   795 I VoLTE IMCB: {{{{[process_msg] msg_id=100035(0x000186C3), dst=IMCB[2], IMCB_IMC_HEADER_FILE_VERNO=6c, MSG_ID_IMC_IN_BEGIN=100000, IMC_FEATURE_BITMAP=0x3 @0#187
01-10 16:57:19.960680   795   795 I VoLTE IMCB: ENTER imcb_imc_imsvops_notification_ind_handler()@0#5379
01-10 16:57:19.960680   795   795 I VoLTE IMCB: Pure Mesage Send dest=UA[3], msg_id=12045(0x00002F0D), len=8, IMCB_IMC_HEADER_FILE_VERNO=6c, MSG_ID_IMC_IN_BEGIN=100000, IMC_FEATURE_BITMAP=0x3 imcb_send_to_COMM()@0#248
01-10 16:57:19.960680   795   795 I VoLTE IMCB: EndofMessage process_msg()@0#236}}}}
01-10 16:57:19.960947   794   840 I VoLTE SMS: SMS[0] update is_vops = (0) (module/volte//volte_ua/src/sms/sms.c:2935)
01-10 16:57:19.961086   795   848 I VoLTE IMCB-CM: receive the nessage from IMC #72
01-10 16:57:19.961191   795   795 I VoLTE IMCB: {{{{[process_msg] msg_id=100116(0x00018714), dst=IMCB[2], IMCB_IMC_HEADER_FILE_VERNO=6c, MSG_ID_IMC_IN_BEGIN=100000, IMC_FEATURE_BITMAP=0x3 @0#187
01-10 16:57:19.961191   795   795 I VoLTE IMCB: ENTER imcb_imc_tlv_para_setting_ind_handler()@0#5493
01-10 16:57:19.961191   795   795 I VoLTE IMCB: Pure Mesage Send dest=UA[3], msg_id=10021(0x00002725), len=32, IMCB_IMC_HEADER_FILE_VERNO=6c, MSG_ID_IMC_IN_BEGIN=100000, IMC_FEATURE_BITMAP=0x3 imcb_send_to_COMM()@0#248
01-10 16:57:19.961191   795   795 I VoLTE IMCB: send REQ_UPDATE_RT_SETTING from tlv_para IMC to UA imcb_imc_tlv_para_setting_ind_handler()@0#5518
01-10 16:57:19.961191   795   795 I VoLTE IMCB: EndofMessage process_msg()@0#236}}}}
01-10 16:57:19.961245   794   840 I VoLTE SMS: SMS psismsc_from_user = 0, force_psi_scheme_to_tel = 0, add_user_phone = 1, update_call_id_with_host = 0 (module/volte//volte_ua/src/sms/sms.c:301)
01-10 16:57:19.961276   794   840 I VoLTE SMS: SMS add_no_fork = 0, nsn_specific = 0, mo_retry_after_504 = 0, send_timerF_expiry = 0 (module/volte//volte_ua/src/sms/sms.c:308)
01-10 16:57:19.961311   794   840 I VoLTE SMS: SMS imsi_reged_disable_sms = 0, retry_count = 0, retry_duration = 0, wfc_with_plani = 0, in_reply_to_support = 1, check_reason_phase = 0, pani_country = 0, restore_in_3gpp_abnormal = 1, sms_force_sip_uri = 0 (module/volte//volte_ua/src/sms/sms.c:320)
01-10 16:57:19.961313   790   849 I VoLTE IMSMx: IMCB -> IMSM : [1] SIM_QUERY_IND
01-10 16:57:19.961385   790   808 D VoLTE IMSM: ===> event queue = 0xeff1a5a0, sim_id = 1, request_id = 16877724 (module/mdagent/volte_imsm_93/src/imsm_handler.c:5177)
01-10 16:57:19.961434   792   827 I VoLTE REG: rcs_feature = 0 (module/volte//volte_stack/src/reg/reg.c:3230)
01-10 16:57:19.961460   790   808 D VoLTE IMSM: Receive IMCB sim_id=1 request_id=100508 (module/mdagent/volte_imsm_93/src/imsm_handler.c:2386)
01-10 16:57:19.961463   792   827 I VoLTE REG: rcs_state = 0 (module/volte//volte_stack/src/reg/reg.c:3233)
01-10 16:57:19.961482   790   808 D VoLTE IMSM: receive MSG_ID_WRAP_IMSA_IMCB_SIM_QUERY_IND, transaction_id = 2 (module/mdagent/volte_imsm_93/src/imsm_handler.c:2886)
01-10 16:57:19.961506   790   808 D VoLTE IMSM: send MSG_ID_WRAP_IMSA_IMCB_SIM_QUERY_RSP, transaction_id = 2, sim_usim_type = 0, isim_type = 3, session_id = 0 (module/mdagent/volte_imsm_93/src/imsm_handler.c:2907)
01-10 16:57:19.961517   790   808 I VoLTE IMSMx: IMSM -> IMCB : [1] SIM_QUERY_RSP
01-10 16:57:19.961799   795   848 I VoLTE IMCB-CM: receive the nessage from IMC #72
01-10 16:57:19.962210   794   840 E VoLTE SMS: Error message type in SMS service message queue, type = 1000001, len = 40 (module/volte//volte_ua/src/sms/sms.c:2942)
01-10 16:57:19.962260   794   840 E VoLTE SMS: Error message type in SMS service message queue, type = 1000001, len = 40 (module/volte//volte_ua/src/sms/sms.c:2942)
01-10 16:57:19.962268   795   795 I VoLTE IMCB: {{{{[process_msg] msg_id=100118(0x00018716), dst=IMCB[2], IMCB_IMC_HEADER_FILE_VERNO=6c, MSG_ID_IMC_IN_BEGIN=100000, IMC_FEATURE_BITMAP=0x3 @0#187
01-10 16:57:19.962268   795   795 I VoLTE IMCB: Pure Mesage Send dest=UA[3], msg_id=1000001(0x000F4241), len=40, IMCB_IMC_HEADER_FILE_VERNO=6c, MSG_ID_IMC_IN_BEGIN=100000, IMC_FEATURE_BITMAP=0x3 imcb_send_to_COMM()@0#248
01-10 16:57:19.962268   795   795 I VoLTE IMCB: Pure Mesage Send dest=UA[3], msg_id=1000001(0x000F4241), len=40, IMCB_IMC_HEADER_FILE_VERNO=6c, MSG_ID_IMC_IN_BEGIN=100000, IMC_FEATURE_BITMAP=0x3 @0#248
01-10 16:57:19.962268   795   795 I VoLTE IMCB: EndofMessage process_msg()@0#236}}}}
01-10 16:57:19.962486   795   848 I VoLTE IMCB-CM: receive the nessage from IMC #72
01-10 16:57:19.963812   790   850 I VoLTE IMSMx: IMSMMD -> IMSM : [0] AP_ID_IMSM_GET_VERSION_CNF
01-10 16:57:19.963899   790   790 D VoLTE IMSM: AP version = 4, MD version = 4 (module/mdagent/volte_imsm_93/src/volte_imsm.c:180)
01-10 16:57:19.964003   790   790 I VoLTE IMSMx: IMSM -> IMSMMD : [0] AP_ID_SIMMNGR_SIM_INSERT_CHECK_REQ
01-10 16:57:19.963814   795   795 I VoLTE IMCB: {{{{[process_msg] msg_id=100035(0x000186C3), dst=IMCB[2], IMCB_IMC_HEADER_FILE_VERNO=6c, MSG_ID_IMC_IN_BEGIN=100000, IMC_FEATURE_BITMAP=0x3 @1#187
01-10 16:57:19.963814   795   795 I VoLTE IMCB: ENTER imcb_imc_imsvops_notification_ind_handler()@1#5379
01-10 16:57:19.963814   795   795 I VoLTE IMCB: Pure Mesage Send dest=UA[3], msg_id=12045(0x00002F0D), len=8, IMCB_IMC_HEADER_FILE_VERNO=6c, MSG_ID_IMC_IN_BEGIN=100000, IMC_FEATURE_BITMAP=0x3 imcb_send_to_COMM()@1#248
01-10 16:57:19.963814   795   795 I VoLTE IMCB: EndofMessage process_msg()@0#236}}}}
01-10 16:57:19.964327   795   795 I VoLTE IMCB: {{{{[process_msg] msg_id=100509(0x0001889D), dst=IMSA1[5], IMCB_IMC_HEADER_FILE_VERNO=6c, MSG_ID_IMC_IN_BEGIN=100000, IMC_FEATURE_BITMAP=0x3 @1#187
01-10 16:57:19.964327   795   795 I VoLTE IMCB: ENTER imsa_imcb_sim_query_rsp_handler()@1#1081
01-10 16:57:19.964327   795   795 I VoLTE IMCB: transaction_id:2, sim_usim_type:0, isim_type:3, session_id:0 @1#1084
01-10 16:57:19.964327   795   795 I VoLTE IMCB: Pure Mesage Send dest=IMCB[2], msg_id=100003(0x000186A3), len=3456, IMCB_IMC_HEADER_FILE_VERNO=6c, MSG_ID_IMC_IN_BEGIN=100000, IMC_FEATURE_BITMAP=0x3 imcb_send_to_COMM()@1#248
01-10 16:57:19.964327   795   795 I VoLTE IMCB: EndofMessage process_msg()@0#236}}}}
01-10 16:57:19.964815   795   795 I VoLTE IMCB: {{{{[process_msg] msg_id=100116(0x00018714), dst=IMCB[2], IMCB_IMC_HEADER_FILE_VERNO=6c, MSG_ID_IMC_IN_BEGIN=100000, IMC_FEATURE_BITMAP=0x3 @1#187
01-10 16:57:19.964815   795   795 I VoLTE IMCB: ENTER imcb_imc_tlv_para_setting_ind_handler()@1#5493
01-10 16:57:19.964815   795   795 I VoLTE IMCB: Pure Mesage Send dest=UA[3], msg_id=10021(0x00002725), len=32, IMCB_IMC_HEADER_FILE_VERNO=6c, MSG_ID_IMC_IN_BEGIN=100000, IMC_FEATURE_BITMAP=0x3 imcb_send_to_COMM()@1#248
01-10 16:57:19.964815   795   795 I VoLTE IMCB: send REQ_UPDATE_RT_SETTING from tlv_para IMC to UA imcb_imc_tlv_para_setting_ind_handler()@1#5518
01-10 16:57:19.964815   795   795 I VoLTE IMCB: EndofMessage process_msg()@0#236}}}}
01-10 16:57:19.964879   790   850 I VoLTE IMSMx: IMSMMD -> IMSM : [0] AP_ID_SIMMNGR_SIM_INSERT_CHECK_CNF
01-10 16:57:19.965048   792   827 E VoLTE REG: invalid rcs information (module/volte//volte_stack/src/reg/reg.c:3221)
01-10 16:57:19.965031   790   807 D VoLTE IMSM: ===> event queue = 0xeff1a000, sim_id = 0, request_id = 800103 (module/mdagent/volte_imsm_93/src/imsm_handler.c:5177)
01-10 16:57:19.965127   790   807 D VoLTE IMSM: MSG_ID_WRAP_MAL_IMSM_SIM_INSERT_CHECK_NOTIFY_IND, flag = 0 (module/mdagent/volte_imsm_93/src/imsm_handler.c:4878)
01-10 16:57:19.965948   795   795 I VoLTE IMCB: {{{{[process_msg] msg_id=100118(0x00018716), dst=IMCB[2], IMCB_IMC_HEADER_FILE_VERNO=6c, MSG_ID_IMC_IN_BEGIN=100000, IMC_FEATURE_BITMAP=0x3 @1#187
01-10 16:57:19.965948   795   795 I VoLTE IMCB: Pure Mesage Send dest=UA[3], msg_id=1000001(0x000F4241), len=40, IMCB_IMC_HEADER_FILE_VERNO=6c, MSG_ID_IMC_IN_BEGIN=100000, IMC_FEATURE_BITMAP=0x3 imcb_send_to_COMM()@1#248
01-10 16:57:19.965948   795   795 I VoLTE IMCB: Pure Mesage Send dest=UA[3], msg_id=1000001(0x000F4241), len=40, IMCB_IMC_HEADER_FILE_VERNO=6c, MSG_ID_IMC_IN_BEGIN=100000, IMC_FEATURE_BITMAP=0x3 @1#248
01-10 16:57:19.965948   795   795 I VoLTE IMCB: EndofMessage process_msg()@0#236}}}}
01-10 16:57:19.967804   794   840 I VoLTE SMS: SMS[2] update is_vops = (0) (module/volte//volte_ua/src/sms/sms.c:2935)
01-10 16:57:19.967891   794   840 I VoLTE SMS: SMS psismsc_from_user = 0, force_psi_scheme_to_tel = 0, add_user_phone = 1, update_call_id_with_host = 0 (module/volte//volte_ua/src/sms/sms.c:301)
01-10 16:57:19.967917   794   840 I VoLTE SMS: SMS add_no_fork = 0, nsn_specific = 0, mo_retry_after_504 = 0, send_timerF_expiry = 0 (module/volte//volte_ua/src/sms/sms.c:308)
01-10 16:57:19.967955   794   840 I VoLTE SMS: SMS imsi_reged_disable_sms = 0, retry_count = 0, retry_duration = 0, wfc_with_plani = 0, in_reply_to_support = 1, check_reason_phase = 0, pani_country = 0, restore_in_3gpp_abnormal = 1, sms_force_sip_uri = 0 (module/volte//volte_ua/src/sms/sms.c:320)
01-10 16:57:19.967982   794   840 E VoLTE SMS: Error message type in SMS service message queue, type = 1000001, len = 40 (module/volte//volte_ua/src/sms/sms.c:2942)
01-10 16:57:19.968008   794   840 E VoLTE SMS: Error message type in SMS service message queue, type = 1000001, len = 40 (module/volte//volte_ua/src/sms/sms.c:2942)
01-10 16:57:19.971763   481   497 D skia    : SkJpegCodec::onGetPixels + (720, 1280)
01-10 16:57:19.976436   524   834 E AudioParamParser-sys: audioTypeLoadParamUnitHash(), No paramUnit element found!
01-10 16:57:19.976649   544   568 I ServiceManager: Waiting for service package_native...
01-10 16:57:19.995879   481   497 D skia    : SkJpegCodec::onGetPixels -
01-10 16:57:20.004530   380   699 D vndksupport: Loading /vendor/lib/hw/audio.primary.mt6763.so from current namespace instead of sphal namespace.
01-10 16:57:20.005436   380   699 D mtk_audio_hw_hal: gAudioHALRefCountByClient + 2
01-10 16:57:20.006356   380   699 D AudioALSAHardware: setAudioParameterChangedCallback(), add callback = 0x0xf4e9d1c9, cookie = 0x0xf4811230, callback size = 0->1
01-10 16:57:20.006598   524   834 D NVRAM   : audioComFltCustParamInit - callbackAudioCompFltCustParamXmlChanged
01-10 16:57:20.006665   524   834 D AudioFlinger_Threads: threadLoop, MtkAudioLoud::initParser()-
01-10 16:57:20.006806   521   521 D Zygote  : begin preload
01-10 16:57:20.007050   521   521 I Zygote  : Installing ICU cache reference pinning...
01-10 16:57:20.007085   521   521 I Zygote  : Preloading ICU data...
01-10 16:57:20.007171   380   699 D AudioALSAHardware: +routing createAudioPatch Mixer->2
01-10 16:57:20.007241   380   699 D AudioALSAStreamManager: +setParameters(), IOport = 13, keyValuePairs = routing=2
01-10 16:57:20.007398   380   699 D         : -updateDeviceInfoForVoiceWakeUp(), mIsUseHeadsetMic = 0, bIsUseHeadsetMic = 0
01-10 16:57:20.007429   380   699 W AudioALSAStreamManager: routingOutputDevice(), flag: 6, mPhoneCallSpeechOpen = 0, output_devices == current_output_devices(0x2), return
01-10 16:57:20.008069   380   699 D AudioALSAStreamOut: standby(), flag 6
01-10 16:57:20.008182   380   699 D AudioALSAStreamOut: standbyStreamOut(), flag 6
01-10 16:57:20.008926   524   834 W AudioFlinger_Threads: no wake lock to update, system not ready yet
01-10 16:57:20.010900   380   699 D AudioALSAHardware: +getParameters(), key = GetSpeakerProtection
01-10 16:57:20.011495   380   699 D AudioALSAHardware: -getParameters(), return "GetSpeakerProtection=0"
01-10 16:57:20.012914   524   524 D AudioPolicyManagerCustomImpl: Not support GetSpeakerProtection
01-10 16:57:20.013041   481   497 D skia    : SkJpegCodec::onGetPixels + (720, 1280)
01-10 16:57:20.013069   524   524 I AudioFlinger: openOutput() this 0xf1e3e000, module 10 Device 2, SamplingRate 48000, Format 0x000003, Channels 3, flags 8
01-10 16:57:20.013305   380   699 D AudioALSAStreamManager: +openOutputStream()
01-10 16:57:20.013413   380   699 D AudioALSAStreamManager: openOutputStream(), devices = 0x2, format = 0x3, channels = 0x3, sampleRate = 48000, status = 0x15
01-10 16:57:20.013442   380   699 D AudioALSAStreamOut: AudioALSAStreamOut()
01-10 16:57:20.013491   380   699 D AudioALSAStreamOut: set(), devices = 0x2, format = 0x3, channels = 0x3, sampleRate = 48000, flags = 0x8
01-10 16:57:20.013522   380   699 D AudioALSASampleRateController: +setPrimaryStreamOutSampleRate(), mPrimaryStreamOutSampleRate: 48000 => 48000
01-10 16:57:20.013558   380   699 W AudioALSASampleRateController: -setPrimaryStreamOutSampleRate(), sample_rate == mPrimaryStreamOutSampleRate, return
01-10 16:57:20.013593   380   699 D AudioALSAStreamOut: reduce hal buffer size 40960 -> 16384
01-10 16:57:20.013635   380   699 D AudioALSAStreamOut: set(), mStreamAttributeSource.latency 128, mStreamAttributeSource.buffer_size =16384, channels 2.
01-10 16:57:20.013682   380   699 D NVRAM   : getPlaybackPostProcessParameterFromXML Type/Name [0]/[PlaybackACF]
01-10 16:57:20.013773   380   699 D NVRAM   : bes_loudness_L_hpf_fc = 300
01-10 16:57:20.014340   380   699 D NVRAM   : bes_loudness_L_hpf_order = 2
01-10 16:57:20.014403   380   699 D NVRAM   : bes_loudness_L_lpf_fc = 10000
01-10 16:57:20.014420   380   699 D NVRAM   : bes_loudness_L_lpf_order = 1
01-10 16:57:20.014440   380   699 D NVRAM   : bes_loudness_R_hpf_fc = 0
01-10 16:57:20.014454   380   699 D NVRAM   : bes_loudness_R_hpf_order = 0
01-10 16:57:20.014468   380   699 D NVRAM   : bes_loudness_R_lpf_fc = 0
01-10 16:57:20.014482   380   699 D NVRAM   : bes_loudness_R_lpf_order = 0
01-10 16:57:20.014498   380   699 D NVRAM   : bes_loudness_Sep_LR_Filter = 0
01-10 16:57:20.014512   380   699 D NVRAM   : bes_loudness_WS_Gain_Max = 0
01-10 16:57:20.014528   380   699 D NVRAM   : bes_loudness_WS_Gain_Min = 0
01-10 16:57:20.014542   380   699 D NVRAM   : bes_loudness_Filter_First = 0
01-10 16:57:20.014556   380   699 D NVRAM   : bes_loudness_Num_Bands = 0
01-10 16:57:20.014579   380   699 D NVRAM   : bes_loudness_Flt_Bank_Order = 0
01-10 16:57:20.014597   380   699 D NVRAM   : DRC_Delay = 0
01-10 16:57:20.014612   380   699 D NVRAM   : Lim_Th = 0
01-10 16:57:20.014630   380   699 D NVRAM   : Lim_Gn = 0
01-10 16:57:20.014641   380   699 D NVRAM   : Lim_Const = 0
01-10 16:57:20.014653   380   699 D NVRAM   : Lim_Delay = 0
01-10 16:57:20.014665   380   699 D NVRAM   : SWIPRev = 0x520
01-10 16:57:20.014682   380   699 D NVRAM   : getPlaybackPostProcessParameterFromXML Parameter 0 returnValue 0
01-10 16:57:20.014721   380   699 D MtkAudioLoud: mIsZeroCoeff 0 mFilterType 0
01-10 16:57:20.014804   380   699 D AudioMTKFilterManager: +Init AudioMTKFilter_VibSpkAddTone
01-10 16:57:20.014857   380   699 D AudioMTKFilterManager: sampleRate [48000] channel [2] format [0x3] bufferSize [16384]
01-10 16:57:20.014872   380   699 D AudioMTKFilterManager: -Init AudioMTKFilter_VibSpkAddTone
01-10 16:57:20.014887   380   699 D AudioVIBSPKControl: getInstance()
01-10 16:57:20.015023   380   699 D AudioFtm: GetVibSpkCalibrationStatus()
01-10 16:57:20.015206   380   699 D NVRAM   : NVM_GetFileDesc: Open /vendor/nvdata/media/VibSpk_CompFlt,LID:68
01-10 16:57:20.015277   380   699 D NVRAM   : NVM_CmpFileVerNo 68  
01-10 16:57:20.015352   380   699 D NVRAM   : Load File Version: 001, NvRam File Version: 001
01-10 16:57:20.015385   380   699 D NVRAM   : NVM_ProtectDataFile : 68 ++
01-10 16:57:20.015399   380   699 D NVRAM   : iCustomBeginLID = 51
01-10 16:57:20.015429   380   699 D NVRAM   : NVM_CheckFileSize:stat_size:1262,size in table:1260
01-10 16:57:20.016966   380   699 D NVRAM   : NVM_CheckFile: File is correct!
01-10 16:57:20.017039   380   699 D NVRAM   : NVM_ProtectUserData:Check Success
01-10 16:57:20.017059   380   699 D NVRAM   : NVM_GetFileDesc ProtectDataFile Check Success!!
01-10 16:57:20.021299   649   649 D HWUIExtension: 17 Program id 20, key 0x0002080000900041, offset 122632, binaryLength 12848 within 93612ns
01-10 16:57:20.022905   523   549 D AAL     : 01-10 04:57:19.947 BL=1017,ESS= 256, 01-10 04:57:19.966 BL=1018,ESS= 256, 01-10 04:57:19.987 BL=1019,ESS= 256, 01-10 04:57:20.004 BL=1020,ESS= 256, 01-10 04:57:20.022 BL=1021,ESS= 256, 
01-10 16:57:20.023627   380   699 D NVRAM   : NVM_CloseFileDesc: Open by Readonly, no need to check when close
01-10 16:57:20.023695   380   699 D AudioMTKFilterManager: VibSpkReadFrequency:9c
01-10 16:57:20.023771   380   699 D AudioVIBSPKControl: setParameters:bb80 9c f 5
01-10 16:57:20.023836   380   699 D MtkAudioBitConverter: +open(), format 0, CH 2, SR 48000
01-10 16:57:20.024068   380   699 D NVRAM   : NVM_GetFileDesc: Open /vendor/nvdata/media/VibSpk_CompFlt,LID:68
01-10 16:57:20.024145   380   699 D NVRAM   : NVM_CmpFileVerNo 68  
01-10 16:57:20.024215   380   699 D NVRAM   : Load File Version: 001, NvRam File Version: 001
01-10 16:57:20.024243   380   699 D NVRAM   : NVM_ProtectDataFile : 68 ++
01-10 16:57:20.024257   380   699 D NVRAM   : iCustomBeginLID = 51
01-10 16:57:20.024287   380   699 D NVRAM   : NVM_CheckFileSize:stat_size:1262,size in table:1260
01-10 16:57:20.025777   380   699 D NVRAM   : NVM_CheckFile: File is correct!
01-10 16:57:20.025843   380   699 D NVRAM   : NVM_ProtectUserData:Check Success
01-10 16:57:20.025867   380   699 D NVRAM   : NVM_GetFileDesc ProtectDataFile Check Success!!
01-10 16:57:20.028824   481   497 D skia    : SkJpegCodec::onGetPixels -
01-10 16:57:20.034699   380   699 D NVRAM   : NVM_CloseFileDesc: Open by Readonly, no need to check when close
01-10 16:57:20.034813   380   699 D MtkAudioLoud: mIsZeroCoeff 0 mFilterType 3
01-10 16:57:20.034988   380   699 D AudioMTKFilterManager: mFixedParam 0
01-10 16:57:20.035121   380   699 D AudioALSAStreamManager: -openOutputStream(), out = 0xf487e800, status = 0x0, mStreamOutVector.size() = 2
01-10 16:57:20.037257   524   524 I AudioFlinger_Threads: HAL output buffer size 2048 frames, normal sink buffer size 2048 frames
01-10 16:57:20.038371   524   704 D AudioSystem: +setParameters(): mono_output=0 
01-10 16:57:20.040340   524   854 I AudioFlinger_Threads: AudioFlinger's thread 0xf0e836c0 tid=854 ready to run
01-10 16:57:20.040517   524   854 W AudioFlinger_Threads: no wake lock to update, system not ready yet
01-10 16:57:20.040551   524   854 D AudioFlinger_Threads: threadLoop, MtkAudioLoud::initParser()+
01-10 16:57:20.040564   524   854 D AudioFlinger_Threads: threadLoop, MtkAudioLoud::initParser()-
01-10 16:57:20.041433   380   699 D AudioALSAHardware: +routing createAudioPatch Mixer->2
01-10 16:57:20.041644   380   699 D AudioALSAStreamManager: +setParameters(), IOport = 21, keyValuePairs = routing=2
01-10 16:57:20.041781   380   699 D         : -updateDeviceInfoForVoiceWakeUp(), mIsUseHeadsetMic = 0, bIsUseHeadsetMic = 0
01-10 16:57:20.041810   380   699 W AudioALSAStreamManager: routingOutputDevice(), flag: 8, mPhoneCallSpeechOpen = 0, output_devices == current_output_devices(0x2), return
01-10 16:57:20.043948   380   699 D AudioALSAStreamOut: standby(), flag 8
01-10 16:57:20.044064   380   699 D AudioALSAStreamOut: standbyStreamOut(), flag 8
01-10 16:57:20.044492   524   854 W AudioFlinger_Threads: no wake lock to update, system not ready yet
01-10 16:57:20.047807   530   530 E VT      : [VTS] after addService 0
01-10 16:57:20.048122   530   530 I VT      : [SRV] [VT THREAD] VT_Connect start
01-10 16:57:20.048148   530   530 I VT      : [VT] [DISPATCHER] VTMsgDispatcher Constuctor
01-10 16:57:20.048171   530   530 I VT      : [VT] [DISPATCHER] VTMsgDispatcher init
01-10 16:57:20.048688   530   530 I VT      : [SRV] [VT THREAD] VT_Connect finish
01-10 16:57:20.048784   530   530 W VT      : [SRV] [VTCoreHelper] VTCoreHelper create
01-10 16:57:20.048811   530   530 I VT      : [SRV] [OPERATION][ID=1000] VTMALStub (VTMALStub)
01-10 16:57:20.048829   530   530 I VT      : [SRV] [OPERATION][ID=1000] VTMALStub (sim_id = 0)
01-10 16:57:20.048869   530   530 I VT      : [SRV] [CALL FLOW] create ( : )
01-10 16:57:20.048793   575   575 I NetdagentController: Initializing iptables: 1955.7ms
01-10 16:57:20.048914   530   530 W AVSync  : VTAVSync enter!!!
01-10 16:57:20.049383   530   857 I VT      : [SRV] [VT THREAD] VT_Bind start
01-10 16:57:20.049652   380   793 D AudioALSAStreamManager: openInputStream(), devices = 0x80000004, format = 0x1, channels = 0xc, sampleRate = 48000, status = 14, acoustics = 0x0
01-10 16:57:20.049738   380   793 D AudioALSAStreamIn: AudioALSAStreamIn()
01-10 16:57:20.049781   380   793 D AudioALSAStreamIn: set(), devices = 0x80000004, format = 0x1, channels = 0xc, sampleRate = 48000, acoustics = 0x0, flags = 0
01-10 16:57:20.049793   380   793 D AudioALSAStreamIn: CheckBesRecordInfo()
01-10 16:57:20.049805   380   793 D AudioSpeechEnhanceInfo: GetBesRecScene() -1
01-10 16:57:20.049840   380   793 D AudioSpeechEnhanceInfo: IsBesRecTuningEnable()- 0
01-10 16:57:20.049868   380   793 D NVRAM   : getNumMicSupport(), dualMicFlag 1, numMicString 2
01-10 16:57:20.049897   380   793 D NVRAM   : QueryFeatureSupportInfo(), feature support bit 0x1a097c57 
01-10 16:57:20.049907   380   793 D AudioSpeechEnhanceInfo: IsAPDMNRTuningEnable(), 0
01-10 16:57:20.049940   380   793 D NVRAM   : getNumMicSupport(), dualMicFlag 1, numMicString 2
01-10 16:57:20.049987   380   793 D NVRAM   : QueryFeatureSupportInfo(), feature support bit 0x1a097c57 
01-10 16:57:20.050013   380   793 D AudioSpeechEnhanceInfo: GetForceMagiASRState(), feature_support=1a097c57, 400, mForceMagiASR=0
01-10 16:57:20.050045   380   793 D AudioSpeechEnhanceInfo: GetForceAECRecState(), mForceAECRec=0
01-10 16:57:20.050073   380   793 D AudioALSAStreamIn: set() done, sampleRate = 48000, num_channels = 2, buffer_size=3840, tempDebugflag = 0
01-10 16:57:20.050109   380   793 D AudioALSAStreamManager: -openInputStream(), in = 0xf5362000, status = 0x0, mStreamInVector.size() = 1
01-10 16:57:20.050151   380   793 D AudioALSAStreamIn: +setParameters(): input_source=1
01-10 16:57:20.050215   380   793 D AudioALSAStreamIn: -setParameters(): input_source=1 
01-10 16:57:20.055052   481   497 D skia    : SkJpegCodec::onGetPixels + (720, 1280)
01-10 16:57:20.055886   530   530 W AVSync  : open /dev/ccci_imsdc done, fd=14
01-10 16:57:20.056024   530   530 I AVSync  : CCCI status:MD ready
01-10 16:57:20.056099   530   530 I AVSync  : avInit, st 2b1cff1dc, int=b, frac=92e4a3cb
01-10 16:57:20.056328   530   530 W VT      : [SRV] [VTCoreHelper] VTCoreHelper init
01-10 16:57:20.056410   530   530 I VT      : [SRV]   [MAP OPERATION]  clearElement ()
01-10 16:57:20.056451   530   530 I chatty  : uid=1000(system) /system/bin/vtservice identical 3 lines
01-10 16:57:20.056464   530   530 I VT      : [SRV]   [MAP OPERATION]  clearElement ()
01-10 16:57:20.056486   530   530 I VT      : [SRV] [CALL FLOW][ID=1000] create (User ID is :  : )
01-10 16:57:20.056527   530   530 I         : [VT][SRV]after VTService_instantiate
01-10 16:57:20.056742   530   860 W AVSync  : [AVSYNC] downlink_thread() entry
01-10 16:57:20.056909   530   860 E AVSync  : g_fd_avsync =14
01-10 16:57:20.057629   530   857 I VT      : [SRV] [THREAD] get hild success
01-10 16:57:20.058121   379   379 D VT HIDL : [IVT] configureFmqMode
01-10 16:57:20.058254   379   379 I VT HIDL : [IVT] configureFmqMode, getInstance wait client
01-10 16:57:20.058453   379   379 D VT HIDL : [IVT] configureFmqSyncRead
01-10 16:57:20.059257   524   859 I AudioFlinger_Threads: AudioFlinger's thread 0xf0d030c0 tid=859 ready to run
01-10 16:57:20.059305   379   379 D VT HIDL : [IVT] configureFmqSyncRead success
01-10 16:57:20.059343   379   379 D VT HIDL : [IVT] configureFmqSyncRead, evFlagWordPtr init done
01-10 16:57:20.059560   379   379 I VT HIDL : [IVT] configureFmqSyncRead, getInstance wait client
01-10 16:57:20.059770   380   793 D AudioALSAStreamManager: +closeInputStream(), in = 0xf5362000, size() = 1
01-10 16:57:20.059931   380   793 D AudioALSAStreamIn: ~AudioALSAStreamIn()
01-10 16:57:20.060008   380   793 D AudioALSAStreamManager: -closeInputStream(), mStreamInVector.size() = 0
01-10 16:57:20.063084   379   379 D VT HIDL : [IVT] configureFmqSyncWrite
01-10 16:57:20.063508   379   379 D VT HIDL : [IVT] configureFmqSyncWrite success
01-10 16:57:20.063569   379   379 D VT HIDL : [IVT] configureFmqSyncWrite, evFlagWordPtr init done
01-10 16:57:20.063700   379   379 D VT HIDL : [IVT] initialization
01-10 16:57:20.063855   379   379 D VT HIDL : [IVT] isImsVideoCallon : True
01-10 16:57:20.064054   379   379 D VT HIDL : [IVT] isImsVideoCallon : True
01-10 16:57:20.064205   530   857 I VT      : [SRV] [VT THREAD] VT_Bind start finish
01-10 16:57:20.067103   379   863 I VT HIDL : [IVT] [VT THREAD] [VT_READ_Thread] start
01-10 16:57:20.067148   379   863 D VT HIDL : [IVT] getInstance
01-10 16:57:20.067163   379   863 I VT HIDL : [IVT] [VT THREAD] [VT_READ_Thread] read from VTS
01-10 16:57:20.067378   379   864 I VT HIDL : [IVT] [VT THREAD] [VT_IMCB_Thread] start
01-10 16:57:20.067414   379   864 E VT HIDL : [IVT] [VT THREAD] [VT_Bind] des = volte_imsvt1
01-10 16:57:20.067716   379   864 E VT HIDL : [IVT] [VT THREAD] [VT_Bind] des = volte_imsvt1 fd = -1
01-10 16:57:20.067809   379   864 D VT HIDL : [IVT] isIMCBrun : True
01-10 16:57:20.071492   481   497 D skia    : SkJpegCodec::onGetPixels -
01-10 16:57:20.079309   523   549 D AAL     : 01-10 04:57:20.041 BL=1022,ESS= 256, 01-10 04:57:20.060 BL=1023,ESS= 256, 
01-10 16:57:20.087814   524   524 I bt_a2dp_hw: adev_open:  adev_open in A2dp_hw module
01-10 16:57:20.087999   524   524 I AudioFlinger: loadHwModule() Loaded a2dp audio interface, handle 18
01-10 16:57:20.088782   380   793 D vndksupport: Loading /vendor/lib/hw/audio.usb.mt6763.so from current namespace instead of sphal namespace.
01-10 16:57:20.090384   649   649 D HWUIExtension: 18 Program id 21, key 0x0002080800000003, offset 135480, binaryLength 12588 within 68908ns
01-10 16:57:20.096852   481   497 D skia    : SkJpegCodec::onGetPixels + (720, 1280)
01-10 16:57:20.112776   481   497 D skia    : SkJpegCodec::onGetPixels -
01-10 16:57:20.122020   649   649 D HWUIExtension: 19 Program id 22, key 0x0000000800500040, offset 148068, binaryLength 4496 within 31501ns
01-10 16:57:20.122986   649   649 D HWUIExtension: 20 Program id 23, key 0x0000000000000001, offset 152564, binaryLength 4944 within 821ns
01-10 16:57:20.123713   649   649 D HWUIExtension: 21 Program id 24, key 0x0000000800000000, offset 157508, binaryLength 4420 within 614ns
01-10 16:57:20.123832   521   521 I Zygote  : Preloading classes...
01-10 16:57:20.124424   649   649 D HWUIExtension: 22 Program id 25, key 0x0000000000500040, offset 161928, binaryLength 4496 within 616ns
01-10 16:57:20.138548   481   497 D skia    : SkJpegCodec::onGetPixels + (720, 1280)
01-10 16:57:20.139729   548   548 D ImgSensorDrv: [searchSensor]set sensor driver id =2
01-10 16:57:20.139819   548   548 D ImgSensorDrv: [searchSensor]found <0x7750/ov7251/SENSOR_DRVNAME_OV7251_MIPI_RAW>
01-10 16:57:20.140618   521   521 I SystemServiceRegistry: regMtkService start
01-10 16:57:20.141022   521   521 I SystemServiceRegistry: setMtkSystemServiceName start
01-10 16:57:20.142004   521   521 I MtkSystemServiceRegistry: setMtkSystemServiceName start names{class android.hardware.location.ContextHubManager=contexthub, class android.media.midi.MidiManager=midi, class android.app.KeyguardManager=keyguard, class android.nfc.NfcManager=nfc, class android.view.textservice.TextServicesManager=textservices, class android.hardware.usb.UsbManager=usb, class android.net.NetworkScoreManager=network_score, class android.media.projection.MediaProjectionManager=media_projection, class android.os.storage.StorageManager=storage, class android.os.Vibrator=vibrator, class android.view.textclassifier.TextClassificationManager=textclassification, class android.hardware.hdmi.HdmiControlManager=hdmi_control, class android.net.EthernetManager=ethernet, class android.app.UiModeManager=uimode, class android.companion.CompanionDeviceManager=companiondevice, class android.bluetooth.BluetoothManager=bluetooth, class android.app.timezone.RulesManager=timezone, class android.os.DropBoxManager=dropbox, class android.media.session.MediaSessionManager=media_session, class android.content.ClipboardManager=clipboard, class android.hardware.display.DisplayManager=display, class android.os.RecoverySystem=recovery, class android.net.wifi.RttManager=rttmanager, class android.media.AudioManager=audio, class android.app.admin.DevicePolicyManager=device_policy, class android.app.SearchManager=search, class android.app.ActivityManager=activity, class android.app.AppOpsManager=appops, class android.content.pm.LauncherApps=launcherapps, class android.hardware.camera2.CameraManager=camera, class android.appwidget.AppWidgetManager=appwidget, class android.app.WallpaperManager=wallpaper, class android.app.job.JobScheduler=jobscheduler, class android.app.DownloadManager=download, class android.content.pm.ShortcutManager=shortcut, class android.net.lowpan.LowpanManager=lowpan, class android.net.wifi.aware.WifiAwareManager=wifiaware, class android.app.AlarmManager=alarm, class android.os.PowerManager=power, class android.net.IpSecManager=ipsec, class android.app.usage.NetworkStatsManager=netstats, class android.os.health.SystemHealthManager=systemhealth, class android.hardware.radio.RadioManager=broadcastradio, class android.media.MediaRouter=media_router, class android.net.ConnectivityManager=connectivity, class android.telecom.TelecomManager=telecom, class android.os.IncidentManager=incident, class android.app.StatusBarManager=statusbar, class android.hardware.SensorManager=sensor, class android.telephony.euicc.EuiccManager=euicc_service, class android.view.accessibility.CaptioningManager=captioning, class android.app.usage.UsageStatsManager=usagestats, class android.view.inputmethod.InputMethodManager=input_method, class android.hardware.ConsumerIrManager=consumer_ir, class android.service.persistentdata.PersistentDataBlockManager=persistent_data_block, class android.net.wifi.WifiManager=wifi, class android.print.PrintManager=print, class android.telephony.CarrierConfigManager=carrier_config, class android.media.tv.TvInputManager=tv_input, class android.app.trust.TrustManager=trust, class android.os.UserManager=user, class android.location.CountryDetector=country_detector, class android.text.ClipboardManager=clipboard, class android.location.LocationManager=location, class android.net.wifi.WifiScanner=wifiscanner, class android.net.wifi.p2p.WifiP2pManager=wifip2p, interface android.view.WindowManager=window, class android.view.accessibility.AccessibilityManager=accessibility, class android.net.NetworkPolicyManager=netpolicy, class android.os.BatteryManager=batterymanager, class android.view.autofill.AutofillManager=autofill, class android.app.NotificationManager=notification, class android.net.nsd.NsdManager=servicediscovery, class android.accounts.AccountManager=account, class android.hardware.SerialManager=serial, class android.app.VrManager=vrmanager, class android.telephony.SubscriptionManager=telephony_subscription_service, class android.os.HardwarePropertiesManager=hardware_properties, class android.content.RestrictionsManage
01-10 16:57:20.142170   521   521 I SystemServiceRegistry: registerAllMtkService start
01-10 16:57:20.142257   521   521 I MtkSystemServiceRegistry: registerAllService start
01-10 16:57:20.149950   548   548 D ImgSensorDrv: [getInfo2]prv w=0x280,h=0x1e0
01-10 16:57:20.150054   548   548 D ImgSensorDrv: [getInfo2]cap w=0x280,h=0x1e0
01-10 16:57:20.150067   548   548 D ImgSensorDrv: [getInfo2]vd  w=0x280,h=0x1e0
01-10 16:57:20.150081   548   548 D ImgSensorDrv: [getInfo2]pre GrapX=0x0,GrapY=0x0
01-10 16:57:20.158786   481   497 D skia    : SkJpegCodec::onGetPixels -
01-10 16:57:20.162855   649   649 D HWUIExtension: 23 Program id 26, key 0x0002000000d00041, offset 166424, binaryLength 5148 within 38308ns
01-10 16:57:20.164377   548   548 W MtkCam/HalSensorList: [impConstructStaticMetadata_by_SymbolName] constructCustStaticMetadata_DEVICE_LENS_SENSOR_DRVNAME_OV7251_MIPI_RAW not found
01-10 16:57:20.166718   548   548 W MtkCam/HalSensorList: [impConstructStaticMetadata_by_SymbolName] constructCustStaticMetadata_DEVICE_SENSOR_SENSOR_DRVNAME_OV7251_MIPI_RAW not found
01-10 16:57:20.170551   548   548 W MtkCam/HalSensorList: [impConstructStaticMetadata_by_SymbolName] constructCustStaticMetadata_DEVICE_TUNING_3A_SENSOR_DRVNAME_OV7251_MIPI_RAW not found
01-10 16:57:20.174504   557   627 D agps    : [agps] WARNING: [CP] cp2_fd_1_req_sim_num_timeout
01-10 16:57:20.174756   557   585 D agps    : [agps][n][CP] [MD_1] write  sim_info_req  gsm_disabled=[0] umts_disabled=[0] lte_disabled=[0] lppe_enable=[1] lppe_network_location_disable=[0] reject_non911_nilr_enable=[0] battery_percentage=[100]
01-10 16:57:20.175276   548   548 W MtkCam/HalSensorList: [impConstructStaticMetadata_by_SymbolName] constructCustStaticMetadata_DEVICE_FLASHLIGHT_SENSOR_DRVNAME_OV7251_MIPI_RAW not found
01-10 16:57:20.175905   557   585 D agps    : [agps][n][CP] [MD_1] read  sim_info_rsp  sim_number=2 md_type=0 (0=fdd, 1=tdd) ecid=1 otdoa=0 band_num=0
01-10 16:57:20.176009   557   585 E agps    : [agps] ERR: [CP] band_num is not ready  retry=0
01-10 16:57:20.177382   548   548 W MtkCam/HalSensorList: [impConstructStaticMetadata_by_SymbolName] constructCustStaticMetadata_DEVICE_SCALER_SENSOR_DRVNAME_OV7251_MIPI_RAW not found
01-10 16:57:20.178106   548   548 W MtkCam/HalSensorList: [impConstructStaticMetadata_by_SymbolName] constructCustStaticMetadata_DEVICE_SCALER_COMMON not found
01-10 16:57:20.178846   548   548 W MtkCam/HalSensorList: [impConstructStaticMetadata_by_SymbolName] constructCustStaticMetadata_DEVICE_FEATURE_SENSOR_DRVNAME_OV7251_MIPI_RAW not found
01-10 16:57:20.179657   548   548 W MtkCam/HalSensorList: [impConstructStaticMetadata_by_SymbolName] constructCustStaticMetadata_DEVICE_FEATURE_COMMON not found
01-10 16:57:20.180359   548   548 W MtkCam/HalSensorList: [impConstructStaticMetadata_by_SymbolName] constructCustStaticMetadata_DEVICE_CAMERA_SENSOR_DRVNAME_OV7251_MIPI_RAW not found
01-10 16:57:20.180315   380   793 D modules.usbaudio.audio_hal: [USB_AUD] adev_open
01-10 16:57:20.180908   481   497 D skia    : SkJpegCodec::onGetPixels + (720, 1280)
01-10 16:57:20.181088   548   548 W MtkCam/HalSensorList: [impConstructStaticMetadata_by_SymbolName] constructCustStaticMetadata_DEVICE_CAMERA_COMMON not found
01-10 16:57:20.181846   548   548 W MtkCam/HalSensorList: [impConstructStaticMetadata_by_SymbolName] constructCustStaticMetadata_DEVICE_REQUEST_SENSOR_DRVNAME_OV7251_MIPI_RAW not found
01-10 16:57:20.182739   548   548 W MtkCam/HalSensorList: [impConstructStaticMetadata_by_SymbolName] constructCustStaticMetadata_DEVICE_REQUEST_COMMON not found
01-10 16:57:20.183661   548   548 W MtkCam/HalSensorList: [impConstructStaticMetadata_by_SymbolName] constructCustStaticMetadata_PROJECT_LENS_SENSOR_DRVNAME_OV7251_MIPI_RAW not found
01-10 16:57:20.184638   548   548 W MtkCam/HalSensorList: [impConstructStaticMetadata_by_SymbolName] constructCustStaticMetadata_PROJECT_LENS_COMMON not found
01-10 16:57:20.185409   548   548 W MtkCam/HalSensorList: [impConstructStaticMetadata_by_SymbolName] constructCustStaticMetadata_PROJECT_SENSOR_SENSOR_DRVNAME_OV7251_MIPI_RAW not found
01-10 16:57:20.186076   548   548 W MtkCam/HalSensorList: [impConstructStaticMetadata_by_SymbolName] constructCustStaticMetadata_PROJECT_SENSOR_COMMON not found
01-10 16:57:20.186704   548   548 W MtkCam/HalSensorList: [impConstructStaticMetadata_by_SymbolName] constructCustStaticMetadata_PROJECT_TUNING_3A_SENSOR_DRVNAME_OV7251_MIPI_RAW not found
01-10 16:57:20.187469   548   548 W MtkCam/HalSensorList: [impConstructStaticMetadata_by_SymbolName] constructCustStaticMetadata_PROJECT_TUNING_3A_COMMON not found
01-10 16:57:20.188200   548   548 W MtkCam/HalSensorList: [impConstructStaticMetadata_by_SymbolName] constructCustStaticMetadata_PROJECT_FLASHLIGHT_SENSOR_DRVNAME_OV7251_MIPI_RAW not found
01-10 16:57:20.188942   548   548 W MtkCam/HalSensorList: [impConstructStaticMetadata_by_SymbolName] constructCustStaticMetadata_PROJECT_FLASHLIGHT_COMMON not found
01-10 16:57:20.189768   548   548 W MtkCam/HalSensorList: [impConstructStaticMetadata_by_SymbolName] constructCustStaticMetadata_PROJECT_SCALER_SENSOR_DRVNAME_OV7251_MIPI_RAW not found
01-10 16:57:20.190605   548   548 W MtkCam/HalSensorList: [impConstructStaticMetadata_by_SymbolName] constructCustStaticMetadata_PROJECT_SCALER_COMMON not found
01-10 16:57:20.191604   524   524 I AudioFlinger: loadHwModule() Loaded usb audio interface, handle 26
01-10 16:57:20.191672   548   548 W MtkCam/HalSensorList: [impConstructStaticMetadata_by_SymbolName] constructCustStaticMetadata_PROJECT_FEATURE_SENSOR_DRVNAME_OV7251_MIPI_RAW not found
01-10 16:57:20.192207   380   699 D vndksupport: Loading /vendor/lib/hw/audio.r_submix.mt6763.so from current namespace instead of sphal namespace.
01-10 16:57:20.192468   548   548 W MtkCam/HalSensorList: [impConstructStaticMetadata_by_SymbolName] constructCustStaticMetadata_PROJECT_FEATURE_COMMON not found
01-10 16:57:20.193217   548   548 W MtkCam/HalSensorList: [impConstructStaticMetadata_by_SymbolName] constructCustStaticMetadata_PROJECT_CAMERA_SENSOR_DRVNAME_OV7251_MIPI_RAW not found
01-10 16:57:20.193936   548   548 W MtkCam/HalSensorList: [impConstructStaticMetadata_by_SymbolName] constructCustStaticMetadata_PROJECT_CAMERA_COMMON not found
01-10 16:57:20.194681   548   548 W MtkCam/HalSensorList: [impConstructStaticMetadata_by_SymbolName] constructCustStaticMetadata_PROJECT_REQUEST_SENSOR_DRVNAME_OV7251_MIPI_RAW not found
01-10 16:57:20.195480   548   548 W MtkCam/HalSensorList: [impConstructStaticMetadata_by_SymbolName] constructCustStaticMetadata_PROJECT_REQUEST_COMMON not found
01-10 16:57:20.197037   481   497 D skia    : SkJpegCodec::onGetPixels -
01-10 16:57:20.197419   548   548 D SeninfDrvImp: [setMclk1][setTg1Phase]pcEn(0), clkPol(0), mMclk1User(0), TimestampClk(0)
01-10 16:57:20.197614   548   548 D SeninfDrvImp: [setMclk1][setTg1Phase]pcEn(0), clkPol(0), mMclk1User(0), TimestampClk(0), SENINF_TG1_PH_CNT(0x1)
01-10 16:57:20.197941   548   548 D SeninfDrvImp: [setMclk2][setTg2Phase]pcEn(0), clkPol(0), mMclk2User(0), TimestampClk(0), SENINF_TG2_PH_CNT(0x0)
01-10 16:57:20.198193   548   548 D SeninfDrvImp: [uninit][uninit]: 1 
01-10 16:57:20.198318   548   548 D SeninfDrvImp: [uninit][uninit]: 0, mfd(8) 
01-10 16:57:20.202138   548   548 D ImgSensorDrv: [uninit][uninit] imgsensor_drv 0
01-10 16:57:20.202232   380   699 I r_submix: adev_open(name=audio_hw_if)
01-10 16:57:20.202450   548   548 I mtkcam-devicemgr: pHalSensorList:0xe2f703e8 searchSensors:1 queryNumberOfSensors:2
01-10 16:57:20.203448   380   699 I r_submix: adev_init_check()
01-10 16:57:20.204220   380   699 W DeviceHAL: Device set_master_mute: Function not implemented
01-10 16:57:20.204439   524   524 I AudioFlinger: loadHwModule() Loaded r_submix audio interface, handle 34
01-10 16:57:20.204723   380   699 D r_submix: adev_open_input_stream(addr=0)
01-10 16:57:20.204840   380   699 D r_submix: submix_audio_device_create_pipe_l(addr=0, idx=9)
01-10 16:57:20.204858   380   699 D r_submix:   now using address 0 for route 9
01-10 16:57:20.215615   524   869 I AudioFlinger_Threads: AudioFlinger's thread 0xf0d03e00 tid=869 ready to run
01-10 16:57:20.216359   380   699 D r_submix: adev_close_input_stream()
01-10 16:57:20.216434   380   699 D r_submix: submix_audio_device_release_pipe_l(idx=9) addr=0
01-10 16:57:20.216471   380   699 D r_submix: submix_audio_device_destroy_pipe_l(): pipe destroyed
01-10 16:57:20.216639   524   524 E EffectsConfig: Failed to parse /vendor/etc/audio_effects.xml: Tinyxml2 error (3): /vendor/etc/audio_effects.xml (null)
