01-10 16:57:19.431873   539   539 I MobileLogD: init debug
01-10 16:57:19.438492   564   583 D PQ      : ccorr table index=0
01-10 16:57:19.438661   564   583 D PQTransition: onTransition: TRS: Mode2 (33)
01-10 16:57:19.438696   564   583 D PQTransition: CheckIfFinished: TRS: CheckIfFinished(EN=1)
01-10 16:57:19.438774   564   583 D PQ      : [PQ_SERVICE] setPQParamWithFilter configFlag: 2
01-10 16:57:19.439587   539   769 I MobileLogD: read thread 769
01-10 16:57:19.440039   539   769 E MobileLogD: /sys/kernel/debug/tracing/instances/bsp/trace_pipe is ready now, and open it.
01-10 16:57:19.444234   539   770 I MobileLogD: write thread 770
01-10 16:57:19.454103   481   497 D skia    : SkJpegCodec::onGetPixels + (720, 1280)
01-10 16:57:19.457538   523   549 D AAL     : 01-10 04:57:19.381 BL= 987,ESS= 256, 01-10 04:57:19.400 BL= 988,ESS= 256, 01-10 04:57:19.419 BL= 989,ESS= 256, 01-10 04:57:19.438 BL= 990,ESS= 256, 01-10 04:57:19.457 BL= 991,ESS= 256, 
01-10 16:57:19.457870   564   583 D PQ      : ccorr table index=0
01-10 16:57:19.457941   564   583 D PQTransition: onTransition: TRS: Mode2 (34)
01-10 16:57:19.458039   564   583 D PQTransition: CheckIfFinished: TRS: CheckIfFinished(EN=1)
01-10 16:57:19.458116   564   583 D PQ      : [PQ_SERVICE] setPQParamWithFilter configFlag: 2
01-10 16:57:19.461908   404   404 E ccci_fsd(1): FS_IsReadOnly: [error]fail on file: /vendor/nvdata/md/FAT9BC6FD43.log, error=2
01-10 16:57:19.474714   481   497 D skia    : SkJpegCodec::onGetPixels -
01-10 16:57:19.476026   564   583 D PQ      : ccorr table index=0
01-10 16:57:19.476133   564   583 D PQTransition: onTransition: TRS: Mode2 (35)
01-10 16:57:19.476217   564   583 D PQTransition: CheckIfFinished: TRS: CheckIfFinished(EN=1)
01-10 16:57:19.476321   564   583 D PQ      : [PQ_SERVICE] setPQParamWithFilter configFlag: 2
01-10 16:57:19.482742   649   649 D HWUIExtension: 9 Program id 12, key 0x0002000800000001, offset 48260, binaryLength 5140 within 50654ns
01-10 16:57:19.483875   649   649 D HWUIExtension: 10 Program id 13, key 0x0000001800000000, offset 53400, binaryLength 4648 within 947ns
01-10 16:57:19.494671   564   583 D PQ      : ccorr table index=0
01-10 16:57:19.494759   564   583 D PQTransition: onTransition: TRS: Mode2 (36)
01-10 16:57:19.494833   564   583 D PQTransition: CheckIfFinished: TRS: CheckIfFinished(EN=1)
01-10 16:57:19.494893   564   583 D PQ      : [PQ_SERVICE] setPQParamWithFilter configFlag: 2
01-10 16:57:19.495838   481   497 D skia    : SkJpegCodec::onGetPixels + (720, 1280)
01-10 16:57:19.508634   771   771 D AEE_AED : Rtt command(type:0, file_path:3 arg0:539)
01-10 16:57:19.508978   771   771 D AEE_AED : aee:rttdRtt waiting daemon finish the job...
01-10 16:57:19.509702   725   725 D AEE_AED : $===AEE===AEE===AEE===$
01-10 16:57:19.509788   725   725 D AEE_AED : p 0 poll events 1 revents 1
01-10 16:57:19.509847   725   725 D AEE_AED : requesting from: pid=771 cmd=0
01-10 16:57:19.509906   725   725 E AEE_AED : switch AEE mode fail because of customer non-eng build
01-10 16:57:19.513575   564   583 D PQ      : ccorr table index=0
01-10 16:57:19.513677   564   583 D PQTransition: onTransition: TRS: Mode2 (37)
01-10 16:57:19.513709   564   583 D PQTransition: CheckIfFinished: TRS: CheckIfFinished(EN=1)
01-10 16:57:19.513810   564   583 D PQ      : [PQ_SERVICE] setPQParamWithFilter configFlag: 2
01-10 16:57:19.515086   771   771 E AEE_AED : Rtt command read socket fail: Not a data message
01-10 16:57:19.515435   771   771 D AEE_AED : aee:rttd_64Rtt waiting 64_daemon finish the job...
01-10 16:57:19.516922   481   497 D skia    : SkJpegCodec::onGetPixels -
01-10 16:57:19.506000   771   771 W aee     : type=1400 audit(0.0:31): avc: denied { getattr } for path="/sys/devices/virtual/BOOT/BOOT/boot/boot_mode" dev="sysfs" ino=5378 scontext=u:r:mobile_log_d:s0 tcontext=u:object_r:sysfs:s0 tclass=file permissive=0
01-10 16:57:19.526208   726   726 D AEE_AED : $===AEE===AEE===AEE===$
01-10 16:57:19.526320   726   726 D AEE_AED : p 0 poll events 1 revents 1
01-10 16:57:19.526393   726   726 D AEE_AED : requesting from: pid=771 cmd=0
01-10 16:57:19.526447   726   726 E AEE_AED : switch AEE mode fail because of customer non-eng build
01-10 16:57:19.526607   771   771 E AEE_AED : Rtt command read 64_socket fail: Not a data message
01-10 16:57:19.526721   771   771 D AEE_AED : switch AEE mode fail
01-10 16:57:19.529418   380   699 E AudioParamParser-vnd: audioTypeLoadParamUnitHash(), No paramUnit element found!
01-10 16:57:19.529873   530   530 D PQ      : [PQ_PROT] [PQCust] libpq_cust_base.so OK, libpq_cust.so absent
01-10 16:57:19.532435   564   583 D PQ      : ccorr table index=0
01-10 16:57:19.532534   564   583 D PQTransition: onTransition: TRS: Mode2 (38)
01-10 16:57:19.532570   564   583 D PQTransition: CheckIfFinished: TRS: CheckIfFinished(EN=1)
01-10 16:57:19.532661   564   583 D PQ      : [PQ_SERVICE] setPQParamWithFilter configFlag: 2
01-10 16:57:19.537594   481   497 D skia    : SkJpegCodec::onGetPixels + (720, 1280)
01-10 16:57:19.539521   530   530 D PQ      : [PQ_PROT] [PQCust] libpq_cust_base_mtk.so absent, libpq_cust_mtk.so absent
01-10 16:57:19.540148   530   530 D AVStageFactory: createInstance(32bit): createVendorAVFactory success!
01-10 16:57:19.540645   530   530 D AVStageUtils: createInstance(32bit): createVendorAVUtils success!
01-10 16:57:19.540782   530   530 D AVStageFactory: createInstance(32bit): createVendorAVFactory success!
01-10 16:57:19.541182   530   530 D AVStageUtils: createInstance(32bit): createVendorAVUtils success!
01-10 16:57:19.545988   530   530 I         : [VT][SRV]ServiceManager: 0xf1b1f8c0
01-10 16:57:19.546045   530   530 I         : [VT][SRV]before VTService_instantiate
01-10 16:57:19.546096   530   530 E VT      : [VTS] before addService
01-10 16:57:19.551233   564   583 D PQ      : ccorr table index=0
01-10 16:57:19.551326   564   583 D PQTransition: onTransition: TRS: Mode2 (39)
01-10 16:57:19.551406   564   583 D PQTransition: CheckIfFinished: TRS: CheckIfFinished(EN=1)
01-10 16:57:19.551734   564   583 D PQ      : [PQ_SERVICE] setPQParamWithFilter configFlag: 2
01-10 16:57:19.551839   523   549 D AAL     : 01-10 04:57:19.477 BL= 992,ESS= 256, 01-10 04:57:19.494 BL= 993,ESS= 256, 01-10 04:57:19.515 BL= 994,ESS= 256, 01-10 04:57:19.532 BL= 995,ESS= 256, 01-10 04:57:19.551 BL= 996,ESS= 256, 
01-10 16:57:19.552870   649   649 D HWUIExtension: 11 Program id 14, key 0x0002001800500044, offset 58048, binaryLength 10924 within 68776ns
01-10 16:57:19.553644   481   497 D skia    : SkJpegCodec::onGetPixels -
01-10 16:57:19.554603   380   699 D AudioSmartPaController: initSmartPaAttribute(), spkType: int_lo_buf, isSmartPAUsed: 0, SmartPA dynamic detect: 0
01-10 16:57:19.554751   380   699 D AudioALSAHardwareResourceManager: AudioALSAHardwareResourceManager()
01-10 16:57:19.560540   380   699 D AudioALSACodecDeviceBase: AudioALSACodecDeviceBase()
01-10 16:57:19.560684   380   699 D AudioALSACodecDeviceOutEarphonePMIC: AudioALSACodecDeviceOutEarphonePMIC()
01-10 16:57:19.560788   380   699 D AudioALSACodecDeviceOutEarphonePMIC: DeviceDoDcCalibrate(), ctl Dctrim_Control_Switch = 2
01-10 16:57:19.560809   380   699 D AudioALSACodecDeviceOutEarphonePMIC: DeviceDoDcCalibrate(), dc trimmed
01-10 16:57:19.560877   380   699 D AudioALSACodecDeviceBase: AudioALSACodecDeviceBase()
01-10 16:57:19.560924   380   699 D AudioALSACodecDeviceOutSpeakerEarphonePMIC: AudioALSACodecDeviceOutSpeakerEarphonePMIC()
01-10 16:57:19.560956   380   699 D AudioALSACodecDeviceOutSpeakerEarphonePMIC: DeviceDoDcCalibrate()
01-10 16:57:19.560994   380   699 D AudioALSACodecDeviceOutSpeakerEarphonePMIC: DeviceDoDcCalibrate(), can't get mixer control(Audio HPL_SPK Offset)
01-10 16:57:19.561012   380   699 D AudioALSACodecDeviceOutSpeakerEarphonePMIC: DeviceDoDcCalibrate(), can't get mixer control(Audio HPR_SPK Offset)
01-10 16:57:19.570063   564   583 D PQ      : ccorr table index=0
01-10 16:57:19.570133   564   583 D PQTransition: onTransition: TRS: Mode2 (40)
01-10 16:57:19.570196   564   583 D PQTransition: CheckIfFinished: TRS: CheckIfFinished(EN=1)
01-10 16:57:19.570276   564   583 D PQ      : [PQ_SERVICE] setPQParamWithFilter configFlag: 2
01-10 16:57:19.572530   380   699 D AudioALSADeviceConfigManager: TiXmlDeclaration version = 1.0, Encoding = UTF-8, Standalone = 
01-10 16:57:19.572606   380   699 D AudioALSADeviceConfigManager: GetVersion = 1.01
01-10 16:57:19.572617   380   699 D AudioALSADeviceConfigManager: +ParseInitSequence()
01-10 16:57:19.572630   380   699 D AudioALSADeviceConfigManager: valname = Audio_Speaker_class_Switch  valvalue = CLASSAB  
01-10 16:57:19.572667   380   699 D AudioALSADeviceConfigManager: -ParseInitSequence()
01-10 16:57:19.572682   380   699 D AudioALSADeviceConfigManager: ParseDeviceSequence() devicename = headphone_output action = turnon
01-10 16:57:19.572705   380   699 D AudioALSADeviceConfigManager: ParseDeviceSequence() devicename = headphone_output action = turnoff
01-10 16:57:19.572724   380   699 D AudioALSADeviceConfigManager: ParseDeviceSequence() devicename = receiver_output action = turnon
01-10 16:57:19.572741   380   699 D AudioALSADeviceConfigManager: ParseDeviceSequence() devicename = receiver_output action = turnoff
01-10 16:57:19.572757   380   699 D AudioALSADeviceConfigManager: ParseDeviceSequence() devicename = two_in_one_speaker_output action = turnon
01-10 16:57:19.572783   380   699 D AudioALSADeviceConfigManager: ParseDeviceSequence() devicename = two_in_one_speaker_output action = turnoff
01-10 16:57:19.572804   380   699 D AudioALSADeviceConfigManager: ParseDeviceSequence() devicename = speaker_output action = turnon
01-10 16:57:19.572820   380   699 D AudioALSADeviceConfigManager: ParseDeviceSequence() devicename = speaker_output action = turnoff
01-10 16:57:19.572835   380   699 D AudioALSADeviceConfigManager: ParseDeviceSequence() devicename = headphoneSpeaker_output action = turnon
01-10 16:57:19.572855   380   699 D AudioALSADeviceConfigManager: ParseDeviceSequence() devicename = headphoneSpeaker_output action = turnoff
01-10 16:57:19.572869   380   699 D AudioALSADeviceConfigManager: ParseDeviceSequence() devicename = maxim_speaker_output action = turnon
01-10 16:57:19.572886   380   699 D AudioALSADeviceConfigManager: ParseDeviceSequence() devicename = maxim_speaker_output action = turnoff
01-10 16:57:19.572900   380   699 D AudioALSADeviceConfigManager: ParseDeviceSequence() devicename = maxim_headphoneSpeaker_output action = turnon
01-10 16:57:19.572923   380   699 D AudioALSADeviceConfigManager: ParseDeviceSequence() devicename = maxim_headphoneSpeaker_output action = turnoff
01-10 16:57:19.572945   380   699 D AudioALSADeviceConfigManager: ParseDeviceSequence() devicename = ext_speaker_output action = turnon
01-10 16:57:19.572963   380   699 D AudioALSADeviceConfigManager: ParseDeviceSequence() devicename = ext_speaker_output action = turnoff
01-10 16:57:19.572978   380   699 D AudioALSADeviceConfigManager: ParseDeviceSequence() devicename = builtin_Mic_Mic1 action = turnon
01-10 16:57:19.573009   380   699 D AudioALSADeviceConfigManager: ParseDeviceSequence() devicename = builtin_Mic_Mic1 action = turnoff
01-10 16:57:19.573039   380   699 D AudioALSADeviceConfigManager: ParseDeviceSequence() devicename = builtin_Mic_Mic1_Inverse action = turnon
01-10 16:57:19.573067   380   699 D AudioALSADeviceConfigManager: ParseDeviceSequence() devicename = builtin_Mic_Mic1_Inverse action = turnoff
01-10 16:57:19.573089   380   699 D AudioALSADeviceConfigManager: ParseDeviceSequence() devicename = builtin_Mic_Mic2 action = turnon
01-10 16:57:19.573116   380   699 D AudioALSADeviceConfigManager: ParseDeviceSequence() devicename = builtin_Mic_Mic2 action = turnoff
01-10 16:57:19.573139   380   699 D AudioALSADeviceConfigManager: ParseDeviceSequence() devicename = builtin_Mic_Mic2_Inverse action = turnon
01-10 16:57:19.573165   380   699 D AudioALSADeviceConfigManager: ParseDeviceSequence() devicename = builtin_Mic_Mic2_Inverse action = turnoff
01-10 16:57:19.573187   380   699 D AudioALSADeviceConfigManager: ParseDeviceSequence() devicename = builtin_Mic_SingleMic action = turnon
01-10 16:57:19.573209   380   699 D AudioALSADeviceConfigManager: ParseDeviceSequence() devicename = builtin_Mic_SingleMic action = turnoff
01-10 16:57:19.573232   380   699 D AudioALSADeviceConfigManager: ParseDeviceSequence() devicename = builtin_Mic_DualMic action = turnon
01-10 16:57:19.573257   380   699 D AudioALSADeviceConfigManager: ParseDeviceSequence() devicename = builtin_Mic_DualMic action = turnoff
01-10 16:57:19.573291   380   699 D AudioALSADeviceConfigManager: ParseDeviceSequence() devicename = builtin_Mic_BackMic action = turnon
01-10 16:57:19.573359   380   699 D AudioALSADeviceConfigManager: ParseDeviceSequence() devicename = builtin_Mic_BackMic action = turnoff
01-10 16:57:19.573382   380   699 D AudioALSADeviceConfigManager: ParseDeviceSequence() devicename = builtin_Mic_BackMic_Inverse action = turnon
01-10 16:57:19.573409   380   699 D AudioALSADeviceConfigManager: ParseDeviceSequence() devicename = builtin_Mic_BackMic_Inverse action = turnoff
01-10 16:57:19.573432   380   699 D AudioALSADeviceConfigManager: ParseDeviceSequence() devicename = headset_mic_input action = turnon
01-10 16:57:19.573458   380   699 D AudioALSADeviceConfigManager: ParseDeviceSequence() devicename = headset_mic_input action = turnoff
01-10 16:57:19.573479   380   699 D AudioALSADeviceConfigManager: ParseDeviceSequence() devicename = sidetone_switch action = turnon
01-10 16:57:19.573496   380   699 D AudioALSADeviceConfigManager: ParseDeviceSequence() devicename = sidetone_switch action = turnoff
01-10 16:57:19.573511   380   699 D AudioALSADeviceConfigManager: ParseDeviceSequence() devicename = Mic1TypeACCMode action = setting
01-10 16:57:19.573527   380   699 D AudioALSADeviceConfigManager: ParseDeviceSequence() devicename = Mic1TypeDCCMode action = setting
01-10 16:57:19.573544   380   699 D AudioALSADeviceConfigManager: ParseDeviceSequence() devicename = Mic1TypeDMICMode action = setting
01-10 16:57:19.573560   380   699 D AudioALSADeviceConfigManager: ParseDeviceSequence() devicename = Mic1TypeDCCECMDIFFMode action = setting
01-10 16:57:19.573576   380   699 D AudioALSADeviceConfigManager: ParseDeviceSequence() devicename = Mic1TypeDCCECMSINGLEMode action = setting
01-10 16:57:19.573593   380   699 D AudioALSADeviceConfigManager: ParseDeviceSequence() devicename = Mic2TypeACCMode action = setting
01-10 16:57:19.573613   380   699 D AudioALSADeviceConfigManager: ParseDeviceSequence() devicename = Mic2TypeDCCMode action = setting
01-10 16:57:19.573630   380   699 D AudioALSADeviceConfigManager: ParseDeviceSequence() devicename = Mic2TypeDMICMode action = setting
01-10 16:57:19.573646   380   699 D AudioALSADeviceConfigManager: ParseDeviceSequence() devicename = Mic2TypeDCCECMDIFFMode action = setting
01-10 16:57:19.573663   380   699 D AudioALSADeviceConfigManager: ParseDeviceSequence() devicename = Mic2TypeDCCECMSINGLEMode action = setting
01-10 16:57:19.573680   380   699 D AudioALSADeviceConfigManager: ParseDeviceSequence() devicename = Mic3TypeACCMode action = setting
01-10 16:57:19.573697   380   699 D AudioALSADeviceConfigManager: ParseDeviceSequence() devicename = Mic3TypeDCCMode action = setting
01-10 16:57:19.573713   380   699 D AudioALSADeviceConfigManager: ParseDeviceSequence() devicename = Mic3TypeDMICMode action = setting
01-10 16:57:19.573730   380   699 D AudioALSADeviceConfigManager: ParseDeviceSequence() devicename = Mic3TypeDCCECMDIFFMode action = setting
01-10 16:57:19.573747   380   699 D AudioALSADeviceConfigManager: ParseDeviceSequence() devicename = Mic3TypeDCCECMSINGLEMode action = setting
01-10 16:57:19.573764   380   699 D AudioALSADeviceConfigManager: ParseDeviceSequence() devicename = Mic4TypeACCMode action = setting
01-10 16:57:19.573781   380   699 D AudioALSADeviceConfigManager: ParseDeviceSequence() devicename = Mic4TypeDCCMode action = setting
01-10 16:57:19.573808   380   699 D AudioALSADeviceConfigManager: ParseDeviceSequence() devicename = Mic4TypeDMICMode action = setting
01-10 16:57:19.573826   380   699 D AudioALSADeviceConfigManager: ParseDeviceSequence() devicename = Mic4TypeDCCECMDIFFMode action = setting
01-10 16:57:19.573844   380   699 D AudioALSADeviceConfigManager: ParseDeviceSequence() devicename = Mic4TypeDCCECMSINGLEMode action = setting
01-10 16:57:19.573862   380   699 D AudioALSADeviceConfigManager: ParseDeviceSequence() devicename = Mic_Setting_Inverse action = setting
01-10 16:57:19.573881   380   699 D AudioALSADeviceConfigManager: ParseDeviceSequence() devicename = Mic_Setting_NoInverse action = setting
01-10 16:57:19.574593   380   699 D AudioCustParamClient: AudioCustParamClient()
01-10 16:57:19.574676   380   699 D AudioCustParamClient: Init(), acpOpsInited(0)
01-10 16:57:19.574692   380   699 D AudioCustParamClient: Init(), init AcpOps struct
01-10 16:57:19.575094   380   699 D AudioCustParam: appOpsGetInstance(), init AppOps struct, lib is libaudio_param_parser-vnd.so
01-10 16:57:19.575613   380   699 D NVRAM   : getNumMicSupport(), dualMicFlag 1, numMicString 2
01-10 16:57:19.575701   380   699 D AudioUtility: PHONE_MIC_MODE defined!, mPhoneMicMode = 1
01-10 16:57:19.575744   380   699 D AudioUtility: HEADSET_MIC_MODE defined!, mHeadsetMicMode = 2
01-10 16:57:19.575776   380   699 D AudioALSADeviceConfigManager: ApplyDeviceSettingByName() DeviceName = Mic1TypeACCMode descriptor->DeviceStatusCounter = 0
01-10 16:57:19.575838   380   699 D AudioALSADeviceConfigManager: ApplyDeviceSettingByName() DeviceName = Mic2TypeACCMode descriptor->DeviceStatusCounter = 0
01-10 16:57:19.575985   380   699 D AudioMTKGainController: AudioMTKGainController contructor
01-10 16:57:19.576070   380   699 D AudioSpeechEnhanceInfo: getInstance()
01-10 16:57:19.576109   380   699 D AudioSpeechEnhanceInfo: AudioSpeechEnhanceInfo()
01-10 16:57:19.576272   380   699 D AudioSpeechEnhanceInfo: AudioSpeechEnhanceInfo(), mAudioCustParamClient(0xf48092e0)
01-10 16:57:19.576287   380   699 D AudioSpeechEnhanceInfo: PreLoadBesRecordParams+
01-10 16:57:19.576301   380   699 D NVRAM   : GetHdRecordSceneTableFromNV()
01-10 16:57:19.576888   380   699 D NVRAM   : length of g_NVRAM_BACKUP_DEVICE=44
01-10 16:57:19.576931   380   699 D NVRAM   : failed to get entry for /nvdata 
01-10 16:57:19.576943   380   699 D NVRAM   : failed to get nvdata path /nvdata 
01-10 16:57:19.577003   380   699 D NVRAM   : nvram_layout_callback will run!!!
01-10 16:57:19.577015   380   699 D NVRAM   : nvram_platform_log_block: 2
01-10 16:57:19.577026   380   699 D NVRAM   : nvram_platform_resv_block: 2
01-10 16:57:19.577037   380   699 D NVRAM   : nvram_platform_DM_block: 1
01-10 16:57:19.577048   380   699 D NVRAM   : nvram_platform_layout_version: 0
01-10 16:57:19.577061   380   699 D NVRAM   : nvram_platform_header_offset: 0
01-10 16:57:19.577071   380   699 D NVRAM   : g_i4CFG_File_Count: 51
01-10 16:57:19.577080   380   699 D NVRAM   : NVM_Init Max Lid: 78
01-10 16:57:19.577091   380   699 D NVRAM   : [NVRAM]: info nvram_gpt_flag =1
01-10 16:57:19.577102   380   699 D NVRAM   : [NVRAM]: info NVRAM Init Completed!
01-10 16:57:19.577259   380   699 D NVRAM   : NVM_GetFileDesc: Open /vendor/nvdata/media/Audio_Hd_Record_Scene_Table,LID:66
01-10 16:57:19.579372   380   699 D NVRAM   : NVM_CmpFileVerNo 66  
01-10 16:57:19.579491   380   699 D NVRAM   : Load File Version: 001, NvRam File Version: 001
01-10 16:57:19.579509   380   699 D NVRAM   : NVM_ProtectDataFile : 66 ++
01-10 16:57:19.579519   380   699 D NVRAM   : iCustomBeginLID = 51
01-10 16:57:19.579542   380   699 D NVRAM   : NVM_CheckFileSize:stat_size:137,size in table:135
01-10 16:57:19.580140   481   497 D skia    : SkJpegCodec::onGetPixels + (720, 1280)
01-10 16:57:19.583909   380   699 D NVRAM   : NVM_CheckFile: File is correct!
01-10 16:57:19.583971   380   699 D NVRAM   : NVM_ProtectUserData:Check Success
01-10 16:57:19.583989   380   699 D NVRAM   : NVM_GetFileDesc ProtectDataFile Check Success!!
01-10 16:57:19.584025   380   699 D NVRAM   : GetHdRecordSceneTableFromNV rec_size = 135 rec_num = 1
01-10 16:57:19.585618   380   699 D NVRAM   : NVM_CloseFileDesc: Open by Readonly, no need to check when close
01-10 16:57:19.585686   380   699 D NVRAM   : GetHdRecordSceneTableFromNV result = 135
01-10 16:57:19.585701   380   699 D NVRAM   : GetHdRecordParamFromNV()
01-10 16:57:19.585873   380   699 D NVRAM   : NVM_GetFileDesc: Open /vendor/nvdata/media/Audio_Hd_Record_Param,LID:65
01-10 16:57:19.585993   380   699 D NVRAM   : NVM_CmpFileVerNo 65  
01-10 16:57:19.586071   380   699 D NVRAM   : Load File Version: 001, NvRam File Version: 001
01-10 16:57:19.586089   380   699 D NVRAM   : NVM_ProtectDataFile : 65 ++
01-10 16:57:19.586102   380   699 D NVRAM   : iCustomBeginLID = 51
01-10 16:57:19.586132   380   699 D NVRAM   : NVM_CheckFileSize:stat_size:4056,size in table:4054
01-10 16:57:19.589285   564   583 D PQ      : ccorr table index=0
01-10 16:57:19.589378   564   583 D PQTransition: onTransition: TRS: Mode2 (41)
01-10 16:57:19.589473   564   583 D PQTransition: CheckIfFinished: TRS: CheckIfFinished(EN=1)
01-10 16:57:19.589562   564   583 D PQ      : [PQ_SERVICE] setPQParamWithFilter configFlag: 2
01-10 16:57:19.594284   380   699 D NVRAM   : NVM_CheckFile: File is correct!
01-10 16:57:19.594366   380   699 D NVRAM   : NVM_ProtectUserData:Check Success
01-10 16:57:19.594384   380   699 D NVRAM   : NVM_GetFileDesc ProtectDataFile Check Success!!
01-10 16:57:19.594415   380   699 D NVRAM   : GetHdRecordParamFromNV rec_size = 4054 rec_num = 1
01-10 16:57:19.596133   380   699 D NVRAM   : NVM_CloseFileDesc: Open by Readonly, no need to check when close
01-10 16:57:19.596219   380   699 D NVRAM   : GetHdRecordParamFromNV result = 4054
01-10 16:57:19.596442   380   699 D NVRAM   : NVM_GetFileDesc: Open /vendor/nvdata/media/Audio_VOIP_Param,LID:17
01-10 16:57:19.596568   380   699 D NVRAM   : NVM_CmpFileVerNo 17  
01-10 16:57:19.596623   380   699 D NVRAM   : Load File Version: 000, NvRam File Version: 000
01-10 16:57:19.596646   380   699 D NVRAM   : NVM_ProtectDataFile : 17 ++
01-10 16:57:19.596657   380   699 D NVRAM   : iCustomBeginLID = 51
01-10 16:57:19.596680   380   699 D NVRAM   : NVM_CheckFileSize:stat_size:1594,size in table:1592
01-10 16:57:19.600936   380   699 D NVRAM   : NVM_CheckFile: File is correct!
01-10 16:57:19.601014   380   699 D NVRAM   : NVM_ProtectUserData:Check Success
01-10 16:57:19.601031   380   699 D NVRAM   : NVM_GetFileDesc ProtectDataFile Check Success!!
01-10 16:57:19.601071   380   699 D NVRAM   : GetAudioVoIPParamFromNV rec_size = 1592 rec_num = 1
01-10 16:57:19.602730   380   699 D NVRAM   : NVM_CloseFileDesc: Open by Readonly, no need to check when close
01-10 16:57:19.602823   380   699 D NVRAM   : GetAudioVoIPParamFromNV result = 1592
01-10 16:57:19.602859   380   699 D NVRAM   : getNumMicSupport(), dualMicFlag 1, numMicString 2
01-10 16:57:19.602876   380   699 D NVRAM   : QueryFeatureSupportInfo(), feature support bit 0x1a097c57 
01-10 16:57:19.603199   380   699 D NVRAM   : NVM_GetFileDesc: Open /vendor/nvdata/media/Sph_Dual_Mic,LID:59
01-10 16:57:19.603403   380   699 D NVRAM   : NVM_CmpFileVerNo 59  
01-10 16:57:19.603476   380   699 D NVRAM   : Load File Version: 002, NvRam File Version: 002
01-10 16:57:19.603499   380   699 D NVRAM   : NVM_ProtectDataFile : 59 ++
01-10 16:57:19.603509   380   699 D NVRAM   : iCustomBeginLID = 51
01-10 16:57:19.603533   380   699 D NVRAM   : NVM_CheckFileSize:stat_size:938,size in table:936
01-10 16:57:19.606462   481   497 D skia    : SkJpegCodec::onGetPixels -
01-10 16:57:19.607830   564   583 D PQ      : ccorr table index=0
01-10 16:57:19.607929   564   583 D PQTransition: onTransition: TRS: Mode2 (42)
01-10 16:57:19.608051   564   583 D PQTransition: CheckIfFinished: TRS: CheckIfFinished(EN=1)
01-10 16:57:19.608127   564   583 D PQ      : [PQ_SERVICE] setPQParamWithFilter configFlag: 2
01-10 16:57:19.610167   380   699 D NVRAM   : NVM_CheckFile: File is correct!
01-10 16:57:19.610277   380   699 D NVRAM   : NVM_ProtectUserData:Check Success
01-10 16:57:19.610297   380   699 D NVRAM   : NVM_GetFileDesc ProtectDataFile Check Success!!
01-10 16:57:19.610365   380   699 D NVRAM   : +GetDualMicSpeechParamFromNVRam audio_nvram_fd.lid = 59, rec_size=936, rec_num=1
01-10 16:57:19.612243   380   699 D NVRAM   : NVM_CloseFileDesc: Open by Readonly, no need to check when close
01-10 16:57:19.612335   380   699 D AudioSpeechEnhanceInfo: PreLoadBesRecordParams-
01-10 16:57:19.612512   380   699 D GainTableParamParser: getInstance()
01-10 16:57:19.612616   380   699 D GainTableParamParser: GainTableParamParser()
01-10 16:57:19.612637   380   699 D         : appOpsGetInstance(), init AppOps struct, lib is libaudio_param_parser-vnd.so
01-10 16:57:19.613264   380   699 D GainTableParamParser: loadGainTableSpec()
01-10 16:57:19.613507   380   699 D GainTableParamParser: mSpec.audioBufferGainPreferMaxIdx = 18
01-10 16:57:19.613572   380   699 D GainTableParamParser: mSpec.audioBufLMixerName = Headset_PGAL_GAIN
01-10 16:57:19.613591   380   699 D GainTableParamParser: mSpec.audioBufRMixerName = Headset_PGAR_GAIN
01-10 16:57:19.613619   380   699 D GainTableParamParser: mSpec.voiceBufferGainPreferMaxIdx = 18
01-10 16:57:19.613651   380   699 D GainTableParamParser: mSpec.voiceBufMixerName = Handset_PGA_GAIN
01-10 16:57:19.613686   380   699 D GainTableParamParser: mSpec.lineoutBufferGainPreferMaxIdx = 18
01-10 16:57:19.613743   380   699 D GainTableParamParser: mSpec.spkAnaType = 3
01-10 16:57:19.613766   380   699 D GainTableParamParser: mSpec.spkLMixerName = Lineout_PGAL_GAIN
01-10 16:57:19.613781   380   699 D GainTableParamParser: mSpec.spkRMixerName = Lineout_PGAR_GAIN
01-10 16:57:19.613793   380   699 D GainTableParamParser: spk, db = -64, idx = 0
01-10 16:57:19.613805   380   699 D GainTableParamParser: spk, db = 0, idx = 1
01-10 16:57:19.613816   380   699 D GainTableParamParser: spk, db = 4, idx = 2
01-10 16:57:19.613826   380   699 D GainTableParamParser: spk, db = 5, idx = 3
01-10 16:57:19.613839   380   699 D GainTableParamParser: spk, db = 6, idx = 4
01-10 16:57:19.613849   380   699 D GainTableParamParser: spk, db = 7, idx = 5
01-10 16:57:19.613859   380   699 D GainTableParamParser: spk, db = 8, idx = 6
01-10 16:57:19.613870   380   699 D GainTableParamParser: spk, db = 9, idx = 7
01-10 16:57:19.613880   380   699 D GainTableParamParser: spk, db = 10, idx = 8
01-10 16:57:19.613890   380   699 D GainTableParamParser: spk, db = 11, idx = 9
01-10 16:57:19.613901   380   699 D GainTableParamParser: spk, db = 12, idx = 10
01-10 16:57:19.613913   380   699 D GainTableParamParser: spk, db = 13, idx = 11
01-10 16:57:19.613924   380   699 D GainTableParamParser: spk, db = 14, idx = 12
01-10 16:57:19.613935   380   699 D GainTableParamParser: spk, db = 15, idx = 13
01-10 16:57:19.613945   380   699 D GainTableParamParser: spk, db = 16, idx = 14
01-10 16:57:19.613956   380   699 D GainTableParamParser: spk, db = 17, idx = 15
01-10 16:57:19.613985   380   699 D GainTableParamParser: mSpec.ulPgaLMixerName = Audio_PGA1_Setting
01-10 16:57:19.613998   380   699 D GainTableParamParser: mSpec.ulPgaRMixerName = Audio_PGA2_Setting
01-10 16:57:19.614022   380   699 D GainTableParamParser: loadGainTableMapDl()
01-10 16:57:19.614182   380   699 W GainTableParamParser: error: get paramUnit fail, paramPath = Profile,HSSPK
01-10 16:57:19.614348   380   699 D GainTableParamParser: loadGainTableMapUl()
01-10 16:57:19.614578   380   699 D GainTableParamParser: loadGainTableHpImpedance()
01-10 16:57:19.614651   380   699 D GainTableParamParser: mSpec.hpImpEnable = 1
01-10 16:57:19.614674   380   699 D GainTableParamParser: mSpec.hpImpDefaultIdx = 1
01-10 16:57:19.614693   380   699 D GainTableParamParser: getSceneList()
01-10 16:57:19.614725   380   699 D AudioMTKGainController: allocateGainTable()
01-10 16:57:19.614815   380   699 D GainTableParamParser: getGainTableParam()
01-10 16:57:19.614871   380   699 D GainTableParamParser: updatePlaybackDigitalGain()
01-10 16:57:19.615461   649   649 D HWUIExtension: 12 Program id 15, key 0x0000001000000008, offset 68972, binaryLength 11256 within 62452ns
01-10 16:57:19.618257   380   699 D GainTableParamParser: updatePlaybackAnalogGain()
01-10 16:57:19.621772   380   699 D GainTableParamParser: updateSpeechVol()
01-10 16:57:19.621798   481   497 D skia    : SkJpegCodec::onGetPixels + (720, 1280)
01-10 16:57:19.622160   380   699 W GainTableParamParser: 	continue, paramPath = Band,NB,Profile,USB,Network,GSM, mMapDlAnalogType[13] = -1
01-10 16:57:19.622537   380   699 W GainTableParamParser: 	continue, paramPath = Band,WB,Profile,USB,Network,GSM, mMapDlAnalogType[13] = -1
01-10 16:57:19.622876   380   699 W GainTableParamParser: 	continue, paramPath = Band,SWB,Profile,USB,Network,GSM, mMapDlAnalogType[13] = -1
01-10 16:57:19.623373   380   699 W GainTableParamParser: 	continue, paramPath = Band,NB,Profile,USB,Network,WCDMA, mMapDlAnalogType[13] = -1
01-10 16:57:19.623734   380   699 W GainTableParamParser: 	continue, paramPath = Band,WB,Profile,USB,Network,WCDMA, mMapDlAnalogType[13] = -1
01-10 16:57:19.624093   380   699 W GainTableParamParser: 	continue, paramPath = Band,SWB,Profile,USB,Network,WCDMA, mMapDlAnalogType[13] = -1
01-10 16:57:19.624446   380   699 W GainTableParamParser: 	continue, paramPath = Band,NB,Profile,USB,Network,VoLTE, mMapDlAnalogType[13] = -1
01-10 16:57:19.624772   380   699 W GainTableParamParser: 	continue, paramPath = Band,WB,Profile,USB,Network,VoLTE, mMapDlAnalogType[13] = -1
01-10 16:57:19.625096   380   699 W GainTableParamParser: 	continue, paramPath = Band,SWB,Profile,USB,Network,VoLTE, mMapDlAnalogType[13] = -1
01-10 16:57:19.625154   380   699 D GainTableParamParser: updateRecordVol()
01-10 16:57:19.626655   564   583 D PQ      : ccorr table index=0
01-10 16:57:19.626739   564   583 D PQTransition: onTransition: TRS: Mode2 (43)
01-10 16:57:19.626860   564   583 D PQTransition: CheckIfFinished: TRS: CheckIfFinished(EN=1)
01-10 16:57:19.626987   564   583 D PQ      : [PQ_SERVICE] setPQParamWithFilter configFlag: 2
01-10 16:57:19.628234   380   699 D GainTableParamParser: updateVoIPVol()
01-10 16:57:19.628513   380   699 W GainTableParamParser: 	continue, paramPath = Scene,Default,Profile,USB, mMapDlAnalogType[13] = -1
01-10 16:57:19.628570   380   699 D GainTableParamParser: updateRingbackVol()
01-10 16:57:19.628816   380   699 D AudioMTKGainController: mMixer = 0xf485c000
01-10 16:57:19.628898   380   699 D         : appOpsGetInstance(), init AppOps struct, lib is libaudio_param_parser-vnd.so
01-10 16:57:19.629483   380   699 D SpeechDriverFactory: SpeechDriverFactory(), isMD1Supported = 11
01-10 16:57:19.629542   380   699 D SpeechDriverFactory: Create SpeechDriverNormal for MODEM_1
01-10 16:57:19.629615   380   699 D         : CleanGainValueAndMuteStatus(), mUplinkMuteOn 0
01-10 16:57:19.637122   481   497 D skia    : SkJpegCodec::onGetPixels -
01-10 16:57:19.638736   380   699 D SpeechMessengerNormal: openCcciDriver(), ccci_md: 0, dev_name: "/dev/ccci_aud", mCcciDeviceHandler: 17
01-10 16:57:19.639364   380   699 D ccci_lib: mmap on /dev/ccci_raw_audio(19) for addr=0x8001b000, len=53248
01-10 16:57:19.639593   380   699 W SpeechMessengerNormal: checkModemReady(), modem_status 1 != MODEM_STATUS_READY
01-10 16:57:19.640104   380   699 D SpeechEnhancementController: mSpeechEnhancementMask: main_func = 0xffff, sub_func = 0xffffff9f
01-10 16:57:19.640199   380   699 D SpeechEnhancementController: GetBtHeadsetNrecOn(), mBtHeadsetNrecOn = 1
01-10 16:57:19.640773   380   699 W SpeechDriverFactory: Create SpeechDriverDummy for MODEM_2
01-10 16:57:19.640865   380   699 D         : CleanGainValueAndMuteStatus(), mUplinkMuteOn 0
01-10 16:57:19.640882   380   699 W SpeechDriverDummy: SpeechDriverDummy(), modem_index = 1
01-10 16:57:19.640917   380   699 W SpeechDriverFactory: Create SpeechDriverDummy for MODEM_EXTERNAL
01-10 16:57:19.640948   380   699 D         : CleanGainValueAndMuteStatus(), mUplinkMuteOn 0
01-10 16:57:19.640960   380   699 W SpeechDriverDummy: SpeechDriverDummy(), modem_index = 2
01-10 16:57:19.640992   380   699 D SpeechDriverFactory: -SpeechDriverFactory(), mActiveModemIndex = 0
01-10 16:57:19.641172   380   699 D AudioALSAFMController: AudioALSAFMController()
01-10 16:57:19.641300   380   699 D         : AudioALSAVoiceWakeUpController()
01-10 16:57:19.641332   380   699 D         : AudioALSAVoiceWakeUpController() , stream_attribute_target->BesRecord_Info.besrecord_enable 0
01-10 16:57:19.641517   380   699 D NVRAM   : NVM_GetFileDesc: Open /vendor/nvdata/media/Voice_Recognize_Param,LID:15
01-10 16:57:19.642084   380   699 D NVRAM   : NVM_CmpFileVerNo 15  
01-10 16:57:19.642190   380   699 D NVRAM   : Load File Version: 000, NvRam File Version: 000
01-10 16:57:19.642225   380   699 D NVRAM   : NVM_ProtectDataFile : 15 ++
01-10 16:57:19.642239   380   699 D NVRAM   : iCustomBeginLID = 51
01-10 16:57:19.642273   380   699 D NVRAM   : NVM_CheckFileSize:stat_size:1548,size in table:1546
01-10 16:57:19.645690   564   583 D PQ      : ccorr table index=0
01-10 16:57:19.645754   523   549 D AAL     : 01-10 04:57:19.570 BL= 997,ESS= 256, 01-10 04:57:19.589 BL= 998,ESS= 256, 01-10 04:57:19.608 BL= 999,ESS= 256, 01-10 04:57:19.626 BL=1000,ESS= 256, 01-10 04:57:19.645 BL=1001,ESS= 256, 
01-10 16:57:19.645816   564   583 D PQTransition: onTransition: TRS: Mode2 (44)
01-10 16:57:19.645878   564   583 D PQTransition: CheckIfFinished: TRS: CheckIfFinished(EN=1)
01-10 16:57:19.645948   564   583 D PQ      : [PQ_SERVICE] setPQParamWithFilter configFlag: 2
01-10 16:57:19.647104   380   781 W SpeechMessengerNormal: formatShareMemoryThread(), #0 checkModemReady fail...
01-10 16:57:19.647669   380   699 D NVRAM   : NVM_CheckFile: File is correct!
01-10 16:57:19.647742   380   699 D NVRAM   : NVM_ProtectUserData:Check Success
01-10 16:57:19.647757   380   699 D NVRAM   : NVM_GetFileDesc ProtectDataFile Check Success!!
01-10 16:57:19.647785   380   699 D NVRAM   : GetVoiceRecogCustParamFromNV rec_size = 1546 rec_num = 1
01-10 16:57:19.648647   380   699 D NVRAM   : NVM_CloseFileDesc: Open by Readonly, no need to check when close
01-10 16:57:19.648737   380   699 D         : updateParamToKernel(), mVOW_CFG4 load = 0xffffffea
01-10 16:57:19.648758   380   699 D         : updateParamToKernel(), mVOW_CFG4 set = 0xffef, mVOW_CFG2=0x2323, mVOW_CFG3=0xa768
01-10 16:57:19.648779   380   699 E         : Error: Audio VOWCFG2 Data invalid value
01-10 16:57:19.648795   380   699 E         : Error: Audio VOWCFG3 Data invalid value
01-10 16:57:19.648810   380   699 E         : Error: Audio VOWCFG4 Data invalid value
01-10 16:57:19.648825   380   699 E         : Error: Audio VOW Periodic On Off Data invalid value
01-10 16:57:19.648839   380   699 D AudioALSAStreamManager: AudioALSAStreamManager()
01-10 16:57:19.649175   380   699 D NVRAM   : NVM_GetFileDesc: Open /vendor/nvdata/media/Audio_AudEnh_Control_Opt,LID:16
01-10 16:57:19.649470   380   699 D NVRAM   : NVM_CmpFileVerNo 16  
01-10 16:57:19.649593   380   699 D NVRAM   : Load File Version: 000, NvRam File Version: 000
01-10 16:57:19.649621   380   699 D NVRAM   : NVM_ProtectDataFile : 16 ++
01-10 16:57:19.649632   380   699 D NVRAM   : iCustomBeginLID = 51
01-10 16:57:19.649686   380   699 D NVRAM   : NVM_CheckFileSize:stat_size:6,size in table:4
01-10 16:57:19.654413   649   649 D HWUIExtension: 13 Program id 16, key 0x0002000000900041, offset 80228, binaryLength 5204 within 38833ns
01-10 16:57:19.655847   380   783 D SpeechDriverNormal: processModemControlMessage(), MD Alive, id: 0xafa0, param16: 0x0, param32: 0x0
01-10 16:57:19.656071   380   783 E SpeechMessengerNormal: sendSpeechMessage(), send msg failed!! modem not ready, id: 0x2fa0, param16: 0x0, param32: 0x0
01-10 16:57:19.658193   380   783 E SpeechDriverNormal: sendSpeechMessageToModem(), send msg failed!!, id: 0x2fa0, param16: 0x0, param32: 0x0
01-10 16:57:19.658630   380   699 D NVRAM   : NVM_CheckFile: File is correct!
01-10 16:57:19.658687   380   699 D NVRAM   : NVM_ProtectUserData:Check Success
01-10 16:57:19.658705   380   699 D NVRAM   : NVM_GetFileDesc ProtectDataFile Check Success!!
01-10 16:57:19.658736   380   699 D NVRAM   : GetBesLoudnessControlOptionParamFromNV rec_size = 4 rec_num = 1
01-10 16:57:19.662428   380   699 D NVRAM   : NVM_CloseFileDesc: Open by Readonly, no need to check when close
01-10 16:57:19.662517   380   699 D AudioALSAStreamManager: AudioALSAStreamManager(), mBesLoudnessStatus [1] (From NvRam) 
01-10 16:57:19.662582   380   699 D         : appOpsGetInstance(), init AppOps struct, lib is libaudio_param_parser-vnd.so
01-10 16:57:19.663086   380   699 D AudioALSAStreamManager: AudioALSAStreamManager() appHandleGetInstance
01-10 16:57:19.663134   380   699 D AudioALSAStreamManager: AudioALSAStreamManager() appHandleRegXmlChangedCb
01-10 16:57:19.663166   380   699 D AudioUtility: getPowerHal(), get PowerHal Service
01-10 16:57:19.663720   481   497 D skia    : SkJpegCodec::onGetPixels + (720, 1280)
01-10 16:57:19.665258   564   583 D PQ      : ccorr table index=0
01-10 16:57:19.665357   564   583 D PQTransition: onTransition: TRS: Mode2 (45)
01-10 16:57:19.665386   564   583 D PQTransition: CheckIfFinished: TRS: CheckIfFinished(EN=1)
01-10 16:57:19.665478   564   583 D PQ      : [PQ_SERVICE] setPQParamWithFilter configFlag: 2
01-10 16:57:19.667639   380   699 D AudioUtility: getPowerHal(), Link to death notification successfully
01-10 16:57:19.667739   380   699 D AudioALSAParamTuner: getInstance(), create AudioALSAParamTuner instance --
01-10 16:57:19.667783   380   699 D AudioALSAParamTuner: +AudioALSAParamTuner()
01-10 16:57:19.667810   380   699 D NVRAM   : GetVolumeVer1ParamFromNV 
01-10 16:57:19.667842   406   406 D ccci_mdinit: (1):set md status:mtk.md1.status=ready 
01-10 16:57:19.668001   380   699 D NVRAM   : NVM_GetFileDesc: Open /vendor/nvdata/media/Audio_ver1_Vol_custom,LID:64
01-10 16:57:19.668168   380   699 D NVRAM   : NVM_CmpFileVerNo 64  
01-10 16:57:19.668264   380   699 D NVRAM   : Load File Version: 001, NvRam File Version: 001
01-10 16:57:19.668288   380   699 D NVRAM   : NVM_ProtectDataFile : 64 ++
01-10 16:57:19.668300   380   699 D NVRAM   : iCustomBeginLID = 51
01-10 16:57:19.668326   380   699 D NVRAM   : NVM_CheckFileSize:stat_size:583,size in table:581
01-10 16:57:19.670311   406   406 D ccci_mdinit: (1):start all ccci up layer services
01-10 16:57:19.670461   406   406 I ccci_mdinit: (1):start_service init.svc.emdlogger1, but returned 0, maybe has no this property
01-10 16:57:19.674323   380   699 D NVRAM   : NVM_CheckFile: File is correct!
01-10 16:57:19.674435   380   699 D NVRAM   : NVM_ProtectUserData:Check Success
01-10 16:57:19.674457   380   699 D NVRAM   : NVM_GetFileDesc ProtectDataFile Check Success!!
01-10 16:57:19.674496   380   699 D NVRAM   : GetVolumeVer1ParamFromNV rec_size = 581 rec_num = 1
01-10 16:57:19.681068   380   699 D NVRAM   : NVM_CloseFileDesc: Open by Readonly, no need to check when close
01-10 16:57:19.681191   380   699 D AudioMTKGainController: getMicGainDecimal(), micMode 1, gainDevice 0, micGainDecimal 152
01-10 16:57:19.681233   380   699 D AudioMTKGainController: getMicGainDecimal(), micMode 1, gainDevice 2, micGainDecimal 168
01-10 16:57:19.681267   380   699 D AudioALSAParamTuner: AudioALSAParamTuner(), AudioALSAParamTuner: default mic gain-mormal:168;handsfree:252, receiver gain:112, headset Gain:76
01-10 16:57:19.681296   380   699 D AudioALSAParamTuner: getInstance(), create AudioALSAParamTuner instance ++
01-10 16:57:19.681325   380   699 D AudioALSAHardware: AudioALSAHardware()
01-10 16:57:19.681415   380   699 D         : appOpsGetInstance(), init AppOps struct, lib is libaudio_param_parser-vnd.so
01-10 16:57:19.682034   380   699 D AudioALSAHardware: AudioALSAHardware(), mAudioHalBtscoWB = 0
01-10 16:57:19.682140   380   699 D WCNChipController: WCNChipController()
01-10 16:57:19.682179   380   699 D WCNChipController: SetBTCurrentSamplingRateNumber(), mBTCurrentSamplingRateNumber: 8000 => 8000
01-10 16:57:19.682200   380   699 D AudioBTCVSDControl: +AudioBTCVSDControl
01-10 16:57:19.682244   380   699 D AudioBTCVSDControl: AudioBTCVSDControl constructor
01-10 16:57:19.683274   564   583 D PQ      : ccorr table index=0
01-10 16:57:19.683369   564   583 D PQTransition: onTransition: TRS: Mode2 (46)
01-10 16:57:19.683406   564   583 D PQTransition: CheckIfFinished: TRS: CheckIfFinished(EN=1)
01-10 16:57:19.683519   564   583 D PQ      : [PQ_SERVICE] setPQParamWithFilter configFlag: 2
01-10 16:57:19.685335   406   406 I ccci_mdinit: (1):wait_for_property:success(init.svc.emdlogger1=running), loop:0
01-10 16:57:19.685479   406   406 D ccci_mdinit: (1):Current muxd: gsm0710muxd, rild:ril-daemon-mtk
01-10 16:57:19.685595   406   406 D ccci_mdinit: (1):system boot Mode: 48
01-10 16:57:19.685667   406   406 I ccci_mdinit: (1):start_service init.svc.gsm0710muxd, but returned 0, maybe has no this property
01-10 16:57:19.687411   481   497 D skia    : SkJpegCodec::onGetPixels -
01-10 16:57:19.702134   380   699 D AudioBTCVSDControl: BT_SCO_SET_TXState state=0x0
01-10 16:57:19.702176   564   583 D PQ      : ccorr table index=0
01-10 16:57:19.702236   380   699 D AudioBTCVSDControl: BT_SCO_SET_RXState state=0x10
01-10 16:57:19.702250   380   699 D AudioBTCVSDControl: BT_SCO_CVSD_Init() allocate mBTSCOCVSDContext
01-10 16:57:19.702282   380   699 D AudioBTCVSDControl: -AudioBTCVSDControl
01-10 16:57:19.702264   564   583 D PQTransition: onTransition: TRS: Mode2 (47)
01-10 16:57:19.702315   380   699 D AudioBTCVSDControl: AudioBTCVSDControl getInstance()
01-10 16:57:19.702346   380   699 D AudioBTCVSDControl: BT_SCO_SetMode, mode=0, BTmode=0
01-10 16:57:19.702319   564   583 D PQTransition: CheckIfFinished: TRS: CheckIfFinished(EN=1)
01-10 16:57:19.702373   380   699 D AudioALSASpeechPhoneCallController: setBTMode(), mBTMode: 0 => 0
01-10 16:57:19.702407   380   699 D AudioALSAHardware: -mAudioALSAHardware
01-10 16:57:19.702430   564   583 D PQ      : [PQ_SERVICE] setPQParamWithFilter configFlag: 2
01-10 16:57:19.702432   380   699 D mtk_audio_hw_hal: gAudioHALRefCountByClient + 1
01-10 16:57:19.702532   406   406 I ccci_mdinit: (1):wait_for_property:success(init.svc.gsm0710muxd=running), loop:600
01-10 16:57:19.702592   406   406 D ccci_mdinit: (1):modem boot ready and deamon begin to run!
01-10 16:57:19.702618   406   406 D ccci_mdinit: (1):MD is release version
01-10 16:57:19.703347   380   699 D AudioALSAHardware: initCheck()
01-10 16:57:19.703775   380   699 D AudioALSAStreamManager: setMasterVolume(), volume = 1.000000
01-10 16:57:19.703878   380   699 D AudioMTKGainController: setNormalVolume(), mSceneIndex = 0, stream -1, devices 0x0, index -1, mode 0x0
01-10 16:57:19.703942   380   699 D SpeechParamParser: SpeechParamParser()
01-10 16:57:19.703979   380   699 D SpeechParamParser: Init()
01-10 16:57:19.703988   380   699 D SpeechParamParser: +InitAppParser()
01-10 16:57:19.703998   380   699 D SpeechParamParser: InitAppParser() appHandleGetInstance
01-10 16:57:19.704010   380   699 D SpeechParamParser: appOpsGetInstance(), init AppOps struct, lib is libaudio_param_parser-vnd.so
01-10 16:57:19.704439   380   699 D SpeechParamParser: InitAppParser() appHandleRegXmlChangedCb
01-10 16:57:19.704543   380   699 D SpeechParamParser: InitSpeechNetwork(), i=0, sizeByteFromApp=2, supportBit=0xfff
01-10 16:57:19.704563   380   699 D SpeechParamParser: -InitSpeechNetwork(), total size byte=2
01-10 16:57:19.704577   380   699 D SpeechParamParser: InitSpeechNetwork(), mNameForEachSpeechNetwork[0].name = GSM
01-10 16:57:19.704600   380   699 D SpeechParamParser: InitSpeechNetwork(), mNameForEachSpeechNetwork[1].name = GSM
01-10 16:57:19.704613   380   699 D SpeechParamParser: InitSpeechNetwork(), mNameForEachSpeechNetwork[2].name = GSM
01-10 16:57:19.704625   380   699 D SpeechParamParser: InitSpeechNetwork(), mNameForEachSpeechNetwork[3].name = GSM
01-10 16:57:19.704637   380   699 D SpeechParamParser: InitSpeechNetwork(), mNameForEachSpeechNetwork[4].name = GSM
01-10 16:57:19.704649   380   699 D SpeechParamParser: InitSpeechNetwork(), mNameForEachSpeechNetwork[5].name = GSM
01-10 16:57:19.704662   380   699 D SpeechParamParser: InitSpeechNetwork(), mNameForEachSpeechNetwork[6].name = GSM
01-10 16:57:19.704675   380   699 D SpeechParamParser: InitSpeechNetwork(), mNameForEachSpeechNetwork[7].name = GSM
01-10 16:57:19.704687   380   699 D SpeechParamParser: InitSpeechNetwork(), mNameForEachSpeechNetwork[8].name = GSM
01-10 16:57:19.704699   380   699 D SpeechParamParser: InitSpeechNetwork(), mNameForEachSpeechNetwork[9].name = GSM
01-10 16:57:19.704715   380   699 D SpeechParamParser: InitSpeechNetwork(), mNameForEachSpeechNetwork[10].name = GSM
01-10 16:57:19.704728   380   699 D SpeechParamParser: InitSpeechNetwork(), mNameForEachSpeechNetwork[11].name = GSM
01-10 16:57:19.704778   380   699 E AudioMTKGainController: getGainDevice(), error, devices (0) not support, return GAIN_DEVICE_SPEAKER
01-10 16:57:19.704819   380   699 W AudioMTKGainController: error, stream -1 is invalid, use 3 instead
01-10 16:57:19.704833   380   699 W AudioMTKGainController: error, index -1 is invalid, use max 15 instead
01-10 16:57:19.704851   380   699 D AudioMTKGainController: setSpeakerGain(), gain = 9, spkAnaType = 3, spkLMixerName = Lineout_PGAL_GAIN, spkRMixerName = Lineout_PGAR_GAIN
01-10 16:57:19.705959   524   524 I AudioFlinger: loadHwModule() Loaded primary audio interface, handle 10
01-10 16:57:19.706105   524   524 I AudioFlinger: openOutput() this 0xf1e3e000, module 10 Device 2, SamplingRate 48000, Format 0x000003, Channels 3, flags 6
01-10 16:57:19.706324   380   699 D AudioALSAStreamManager: +openOutputStream()
01-10 16:57:19.706440   380   699 D AudioALSAStreamManager: openOutputStream(), devices = 0x2, format = 0x3, channels = 0x3, sampleRate = 48000, status = 0xd
01-10 16:57:19.706520   380   699 D AudioALSAStreamOut: AudioALSAStreamOut()
01-10 16:57:19.706556   380   699 D AudioALSAStreamOut: set(), devices = 0x2, format = 0x3, channels = 0x3, sampleRate = 48000, flags = 0x6
01-10 16:57:19.706606   380   699 D AudioALSASampleRateController: AudioALSASampleRateController()
01-10 16:57:19.706639   380   699 D AudioALSASampleRateController: +setPrimaryStreamOutSampleRate(), mPrimaryStreamOutSampleRate: 44100 => 48000
01-10 16:57:19.706652   380   699 D AudioALSASampleRateController: -setPrimaryStreamOutSampleRate(), mPrimaryStreamOutSampleRate: 48000
01-10 16:57:19.706690   380   699 D AudioALSAStreamOut: set(), mStreamAttributeSource.latency 10, mStreamAttributeSource.buffer_size =2048, channels 2.
01-10 16:57:19.708389   481   497 D skia    : SkJpegCodec::onGetPixels + (720, 1280)
01-10 16:57:19.717628   787   787 I [BIP]   :  [BIP TASK] Init start (0)
01-10 16:57:19.718334   787   787 I [BIP]   :  [BIP KAL TIMER] timer init
01-10 16:57:19.718376   787   787 I [BIP]   :  [BIP KAL MSG] msg init, int_num = (20), ext_num = (20), name = (BIP)
01-10 16:57:19.718430   787   787 I [BIP]   :  [BIP TASK] Init end (0)
01-10 16:57:19.719054   787   787 I [BIP]   :  [BIP TASK] Init start (1)
01-10 16:57:19.720042   787   787 I [BIP]   :  [BIP AGENT] can open port, FD = (5)
01-10 16:57:19.720233   787   787 I [BIP]   :  [BIP AGENT] request INFO: ap_seq = 0, address is (0xb3852100)
01-10 16:57:19.720432   787   787 I [BIP]   :  [BIP AGENT] add header data in current buffer queue: ap_seq = (0), pkt_type = (0xffff0000), data_len = (0)
01-10 16:57:19.720515   787   787 I [BIP]   :  [BIP AGENT] the enqueue info. : need_to_write = (1), num_push = (1), num_pop = (0)
01-10 16:57:19.720578   787   787 I [BIP]   :  [BIP AGENT] start handshake!
01-10 16:57:19.720675   787   787 I [BIP]   :  [BIP AGENT] can write data now, FD = (5), write length = (12)
01-10 16:57:19.720749   787   787 I [BIP]   :  [BIP AGENT] the dequeue info. : ap_seq = (0), push_time = (1345304623), pop_time = (1345304850), num_push = (1), num_pop = (1)
01-10 16:57:19.721013   564   583 D PQ      : ccorr table index=0
01-10 16:57:19.721104   564   583 D PQTransition: onTransition: TRS: Mode2 (48)
01-10 16:57:19.721141   564   583 D PQTransition: CheckIfFinished: TRS: CheckIfFinished(EN=1)
01-10 16:57:19.721224   564   583 D PQ      : [PQ_SERVICE] setPQParamWithFilter configFlag: 2
01-10 16:57:19.722905   787   787 I [BIP]   :  [BIP AGENT] can read data now, FD = (5), read length = (26)
01-10 16:57:19.723055   787   787 I [BIP]   :  [BIP AGENT]  1  0 ff ff     4B:pkt_type
01-10 16:57:19.723075   787   787 I [BIP]   :  [BIP AGENT]  0  0  0  0     4B:pkt_num
01-10 16:57:19.723091   787   787 I [BIP]   :  [BIP AGENT]  e  0  0  0     4B:pkt_data_len
01-10 16:57:19.723106   787   787 I [BIP]   :  [BIP AGENT]  0  0  0  0   2B2B:(src_mod, dest_mod)
01-10 16:57:19.723122   787   787 I [BIP]   :  [BIP AGENT]  0  0  0  0   2B2B:(sap_id, msg_id)
01-10 16:57:19.723138   787   787 I [BIP]   :  [BIP AGENT] dc  5  c  0 1B1B2B:(ref_count, lp_reserved, msg_len)
01-10 16:57:19.723153   787   787 I [BIP]   :  [BIP AGENT] 8e  5 3a 73   1B1B:(sim_id, bip_channel_id)
01-10 16:57:19.723168   787   787 I [BIP]   :  [BIP AGENT] 30  0  0  0     4B:bip_info pointer
01-10 16:57:19.723186   787   787 I [BIP]   :  [BIP AGENT] MD W/R buffer size = (1500)
01-10 16:57:19.723205   787   787 I [BIP]   :  [BIP AGENT] end handshake!
01-10 16:57:19.723461   787   787 I [BIP]   :  [BIP TASK] Init end (1)
01-10 16:57:19.723489   787   787 I [BIP]   :  [BIP TASK] Init start (2)
01-10 16:57:19.723528   787   787 I [BIP]   :  [BIP KAL TIMER] create timer info, timer[(0)] = (0xb387d15c), timer id = (0xb387d15c), inuse = (0), name = (BIP_NET_DATA)
01-10 16:57:19.724016   787   787 I [BIP]   :  [BIP WIFI] Init end
01-10 16:57:19.724145   787   787 I [BIP]   :  [BIP TASK] Init end (2)
