01-10 13:51:32.238129   781   781 I VoLTE IMCB-2: {{{{[process_msg] msg_id=101602(0x00018CE2), dst=IMSA1[5], IMCB_IMC_HEADER_FILE_VERNO=6c, MSG_ID_IMC_IN_BEGIN=100000, IMC_FEATURE_BITMAP=0x3 @0#187
01-10 13:51:32.238129   781   781 I VoLTE IMCB-2: connection status change for module 5 as error_num 0 imcb_imcb_comm_error_handler()@0#797
01-10 13:51:32.238129   781   781 I VoLTE IMCB-2: ENTER imcb_send_multiple_imc_va_connect_req()@0#3073
01-10 13:51:32.238129   781   781 I VoLTE IMCB-2: ENTER imcb_send_imc_va_connect_req()@0#3056
01-10 13:51:32.238129   781   781 I VoLTE IMCB-2: Pure Mesage Send dest=IMCB[2], msg_id=100003(0x000186A3), len=3456, IMCB_IMC_HEADER_FILE_VERNO=6c, MSG_ID_IMC_IN_BEGIN=100000, IMC_FEATURE_BITMAP=0x3 imcb_send_to_COMM()@0#248
01-10 13:51:32.238129   781   781 I VoLTE IMCB-2: ENTER imcb_send_imc_va_connect_req()@1#3056
01-10 13:51:32.238129   781   781 I VoLTE IMCB-2: Pure Mesage Send dest=IMCB[2], msg_id=100003(0x000186A3), len=3456, IMCB_IMC_HEADER_FILE_VERNO=6c, MSG_ID_IMC_IN_BEGIN=100000, IMC_FEATURE_BITMAP=0x3 imcb_send_to_COMM()@1#248
01-10 13:51:32.238129   781   781 I VoLTE IMCB-2: ENTER imcb_send_imc_va_connect_req()@2#3056}}}}
01-10 13:51:32.238427   781   781 I VoLTE IMCB-1: {{{{Pure Mesage Send dest=IMCB[2], msg_id=100003(0x000186A3), len=3456, IMCB_IMC_HEADER_FILE_VERNO=6c, MSG_ID_IMC_IN_BEGIN=100000, IMC_FEATURE_BITMAP=0x3 imcb_send_to_COMM()@2#248
01-10 13:51:32.238427   781   781 I VoLTE IMCB-1: ENTER imcb_send_multiple_imc_imsa_connect_req()@0#3041
01-10 13:51:32.238427   781   781 I VoLTE IMCB-1: ENTER imcb_send_imc_imsa_connect_req()@0#3025
01-10 13:51:32.238427   781   781 I VoLTE IMCB-1: imcb_verno:0x6c imcb_set_imsa_connect_req_to_imc_para()@0#871
01-10 13:51:32.238427   781   781 I VoLTE IMCB-1: Pure Mesage Send dest=IMCB[2], msg_id=100003(0x000186A3), len=3456, IMCB_IMC_HEADER_FILE_VERNO=6c, MSG_ID_IMC_IN_BEGIN=100000, IMC_FEATURE_BITMAP=0x3 imcb_send_to_COMM()@0#248
01-10 13:51:32.238427   781   781 I VoLTE IMCB-1: ENTER imcb_send_imc_imsa_connect_req()@1#3025
01-10 13:51:32.238427   781   781 I VoLTE IMCB-1: imcb_verno:0x6c imcb_set_imsa_connect_req_to_imc_para()@1#871}}}}
01-10 13:51:32.238781   781   781 I VoLTE IMCB-1: {{{{Pure Mesage Send dest=IMCB[2], msg_id=100003(0x000186A3), len=3456, IMCB_IMC_HEADER_FILE_VERNO=6c, MSG_ID_IMC_IN_BEGIN=100000, IMC_FEATURE_BITMAP=0x3 imcb_send_to_COMM()@1#248
01-10 13:51:32.238781   781   781 I VoLTE IMCB-1: ENTER imcb_send_imc_imsa_connect_req()@2#3025
01-10 13:51:32.238781   781   781 I VoLTE IMCB-1: imcb_verno:0x6c imcb_set_imsa_connect_req_to_imc_para()@2#871
01-10 13:51:32.238781   781   781 I VoLTE IMCB-1: Pure Mesage Send dest=IMCB[2], msg_id=100003(0x000186A3), len=3456, IMCB_IMC_HEADER_FILE_VERNO=6c, MSG_ID_IMC_IN_BEGIN=100000, IMC_FEATURE_BITMAP=0x3 imcb_send_to_COMM()@2#248
01-10 13:51:32.238781   781   781 I VoLTE IMCB-1: ENTER imcb_send_multiple_imc_va_connect_req()@0#3073
01-10 13:51:32.238781   781   781 I VoLTE IMCB-1: ENTER imcb_send_imc_va_connect_req()@0#3056
01-10 13:51:32.238781   781   781 I VoLTE IMCB-1: Pure Mesage Send dest=IMCB[2], msg_id=100003(0x000186A3), len=3456, IMCB_IMC_HEADER_FILE_VERNO=6c, MSG_ID_IMC_IN_BEGIN=100000, IMC_FEATURE_BITMAP=0x3 imcb_send_to_COMM()@0#248
01-10 13:51:32.238781   781   781 I VoLTE IMCB-1: ENTER imcb_send_imc_va_connect_req()@1#3056}}}}
01-10 13:51:32.238960   776   776 D VoLTE IMSM: version check begin (module/mdagent/volte_imsm_93/src/volte_imsm.c:172)
01-10 13:51:32.238963   781   781 I VoLTE IMCB: {{{{Pure Mesage Send dest=IMCB[2], msg_id=100003(0x000186A3), len=3456, IMCB_IMC_HEADER_FILE_VERNO=6c, MSG_ID_IMC_IN_BEGIN=100000, IMC_FEATURE_BITMAP=0x3 imcb_send_to_COMM()@1#248
01-10 13:51:32.238963   781   781 I VoLTE IMCB: ENTER imcb_send_imc_va_connect_req()@2#3056
01-10 13:51:32.238963   781   781 I VoLTE IMCB: Pure Mesage Send dest=IMCB[2], msg_id=100003(0x000186A3), len=3456, IMCB_IMC_HEADER_FILE_VERNO=6c, MSG_ID_IMC_IN_BEGIN=100000, IMC_FEATURE_BITMAP=0x3 imcb_send_to_COMM()@2#248
01-10 13:51:32.238963   781   781 I VoLTE IMCB: EndofMessage process_msg()@0#236}}}}
01-10 13:51:32.238999   776   776 I VoLTE IMSMx: IMSM -> IMSMMD : [0] AP_ID_IMSM_GET_VERSION_REQ
01-10 13:51:32.239056   781   781 I VoLTE IMCB: {{{{[process_msg] msg_id=20002(0x00004E22), dst=UA[3], IMCB_IMC_HEADER_FILE_VERNO=6c, MSG_ID_IMC_IN_BEGIN=100000, IMC_FEATURE_BITMAP=0x3 @0#187
01-10 13:51:32.239056   781   781 I VoLTE IMCB: EndofMessage @0#236}}}}
01-10 13:51:32.239218   380   697 D NVRAM   : NVM_CloseFileDesc: Open by Readonly, no need to check when close
01-10 13:51:32.239259   380   697 D NVRAM   : GetHdRecordParamFromNV result = 4054
01-10 13:51:32.239403   380   697 D NVRAM   : NVM_GetFileDesc: Open /vendor/nvdata/media/Audio_VOIP_Param,LID:17
01-10 13:51:32.239504   380   697 D NVRAM   : NVM_CmpFileVerNo 17  
01-10 13:51:32.239564   380   697 D NVRAM   : Load File Version: 000, NvRam File Version: 000
01-10 13:51:32.239584   380   697 D NVRAM   : NVM_ProtectDataFile : 17 ++
01-10 13:51:32.239594   380   697 D NVRAM   : iCustomBeginLID = 51
01-10 13:51:32.239619   380   697 D NVRAM   : NVM_CheckFileSize:stat_size:1594,size in table:1592
01-10 13:51:32.240866   781   826 I VoLTE IMCB-CM: receive the nessage from IMC #72
01-10 13:51:32.241513   781   826 I VoLTE IMCB-CM: receive the nessage from IMC #72
01-10 13:51:32.241857   781   781 I VoLTE IMCB-0: {{{{[process_msg] msg_id=100008(0x000186A8), dst=IMCB[2], IMCB_IMC_HEADER_FILE_VERNO=6c, MSG_ID_IMC_IN_BEGIN=100000, IMC_FEATURE_BITMAP=0x3 @0#187
01-10 13:51:32.241857   781   781 I VoLTE IMCB-0: ENTER imcb_imc_ims_init_ind_handler()@0#3890
01-10 13:51:32.241857   781   781 I VoLTE IMCB-0: ENTER imcb_initial_sim()@0#770
01-10 13:51:32.241857   781   781 I VoLTE IMCB-0: ENTER imcb_send_imc_ims_reg_state_req()@0#2392
01-10 13:51:32.241857   781   781 I VoLTE IMCB-0: error ua rat type = 0 imcb_rat_conv_to_imc()@0#85
01-10 13:51:32.241857   781   781 I VoLTE IMCB-0: acct_id:0, reg_state:0, cause:0, sip_cause:0, retry_after:0 imcb_set_ims_reg_state_req_to_imc_para()@0#203
01-10 13:51:32.241857   781   781 I VoLTE IMCB-0: Pure Mesage Send dest=IMCB[2], msg_id=100003(0x000186A3), len=3456, IMCB_IMC_HEADER_FILE_VERNO=6c, MSG_ID_IMC_IN_BEGIN=100000, IMC_FEATURE_BITMAP=0x3 imcb_send_to_COMM()@0#248
01-10 13:51:32.241857   781   781 I VoLTE IMCB-0: ENTER imcb_send_imc_ims_reg_state_req()@0#2392
01-10 13:51:32.241857   781   781 I VoLTE IMCB-0: error ua rat type = 0 imcb_rat_conv_to_imc()@0#85}}}}
01-10 13:51:32.241937   380   697 D NVRAM   : NVM_CheckFile: File is correct!
01-10 13:51:32.241979   380   697 D NVRAM   : NVM_ProtectUserData:Check Success
01-10 13:51:32.241993   380   697 D NVRAM   : NVM_GetFileDesc ProtectDataFile Check Success!!
01-10 13:51:32.242027   380   697 D NVRAM   : GetAudioVoIPParamFromNV rec_size = 1592 rec_num = 1
01-10 13:51:32.242097   781   781 I VoLTE IMCB: {{{{acct_id:1, reg_state:0, cause:0, sip_cause:0, retry_after:0 imcb_set_ims_reg_state_req_to_imc_para()@0#203
01-10 13:51:32.242097   781   781 I VoLTE IMCB: Pure Mesage Send dest=IMCB[2], msg_id=100003(0x000186A3), len=3456, IMCB_IMC_HEADER_FILE_VERNO=6c, MSG_ID_IMC_IN_BEGIN=100000, IMC_FEATURE_BITMAP=0x3 imcb_send_to_COMM()@0#248
01-10 13:51:32.242097   781   781 I VoLTE IMCB: sim:0 initiated ! imcb_initial_sim()@0#779
01-10 13:51:32.242097   781   781 I VoLTE IMCB: EndofMessage process_msg()@0#236}}}}
01-10 13:51:32.242229   781   826 I VoLTE IMCB-CM: receive the nessage from IMC #72
01-10 13:51:32.242649   781   781 I VoLTE IMCB: {{{{[process_msg] msg_id=100014(0x000186AE), dst=IMCB[2], IMCB_IMC_HEADER_FILE_VERNO=6c, MSG_ID_IMC_IN_BEGIN=100000, IMC_FEATURE_BITMAP=0x3 @0#187
01-10 13:51:32.242649   781   781 I VoLTE IMCB: ENTER imcb_imc_sim_query_ind_handler()@0#5241
01-10 13:51:32.242649   781   781 I VoLTE IMCB: Pure Mesage Send dest=IMSA1[5], msg_id=100508(0x0001889C), len=4, IMCB_IMC_HEADER_FILE_VERNO=6c, MSG_ID_IMC_IN_BEGIN=100000, IMC_FEATURE_BITMAP=0x3 imcb_send_to_COMM()@0#248
01-10 13:51:32.242649   781   781 I VoLTE IMCB: EndofMessage process_msg()@0#236}}}}
01-10 13:51:32.242796   776   827 I VoLTE IMSMx: IMCB -> IMSM : [0] SIM_QUERY_IND
01-10 13:51:32.242804   781   826 I VoLTE IMCB-CM: receive the nessage from IMC #72
01-10 13:51:32.242918   776   789 D VoLTE IMSM: ===> event queue = 0xf2a9a000, sim_id = 0, request_id = 100508 (module/mdagent/volte_imsm_93/src/imsm_handler.c:5177)
01-10 13:51:32.243013   776   789 D VoLTE IMSM: Receive IMCB sim_id=0 request_id=100508 (module/mdagent/volte_imsm_93/src/imsm_handler.c:2386)
01-10 13:51:32.243032   776   789 D VoLTE IMSM: receive MSG_ID_WRAP_IMSA_IMCB_SIM_QUERY_IND, transaction_id = 1 (module/mdagent/volte_imsm_93/src/imsm_handler.c:2886)
01-10 13:51:32.243054   776   789 D VoLTE IMSM: send MSG_ID_WRAP_IMSA_IMCB_SIM_QUERY_RSP, transaction_id = 1, sim_usim_type = 0, isim_type = 3, session_id = 0 (module/mdagent/volte_imsm_93/src/imsm_handler.c:2907)
01-10 13:51:32.243070   776   789 I VoLTE IMSMx: IMSM -> IMCB : [0] SIM_QUERY_RSP
01-10 13:51:32.243451   781   781 I VoLTE IMCB-1: {{{{[process_msg] msg_id=100008(0x000186A8), dst=IMCB[2], IMCB_IMC_HEADER_FILE_VERNO=6c, MSG_ID_IMC_IN_BEGIN=100000, IMC_FEATURE_BITMAP=0x3 @1#187
01-10 13:51:32.243451   781   781 I VoLTE IMCB-1: ENTER imcb_imc_ims_init_ind_handler()@1#3890
01-10 13:51:32.243451   781   781 I VoLTE IMCB-1: ENTER imcb_initial_sim()@1#770
01-10 13:51:32.243451   781   781 I VoLTE IMCB-1: ENTER imcb_send_imc_ims_reg_state_req()@1#2392
01-10 13:51:32.243451   781   781 I VoLTE IMCB-1: error ua rat type = 0 imcb_rat_conv_to_imc()@1#85
01-10 13:51:32.243451   781   781 I VoLTE IMCB-1: acct_id:2, reg_state:0, cause:0, sip_cause:0, retry_after:0 imcb_set_ims_reg_state_req_to_imc_para()@1#203
01-10 13:51:32.243451   781   781 I VoLTE IMCB-1: Pure Mesage Send dest=IMCB[2], msg_id=100003(0x000186A3), len=3456, IMCB_IMC_HEADER_FILE_VERNO=6c, MSG_ID_IMC_IN_BEGIN=100000, IMC_FEATURE_BITMAP=0x3 imcb_send_to_COMM()@1#248
01-10 13:51:32.243451   781   781 I VoLTE IMCB-1: ENTER imcb_send_imc_ims_reg_state_req()@1#2392
01-10 13:51:32.243451   781   781 I VoLTE IMCB-1: error ua rat type = 0 imcb_rat_conv_to_imc()@1#85}}}}
01-10 13:51:32.243644   781   781 I VoLTE IMCB: {{{{acct_id:3, reg_state:0, cause:0, sip_cause:0, retry_after:0 imcb_set_ims_reg_state_req_to_imc_para()@1#203
01-10 13:51:32.243644   781   781 I VoLTE IMCB: Pure Mesage Send dest=IMCB[2], msg_id=100003(0x000186A3), len=3456, IMCB_IMC_HEADER_FILE_VERNO=6c, MSG_ID_IMC_IN_BEGIN=100000, IMC_FEATURE_BITMAP=0x3 imcb_send_to_COMM()@1#248
01-10 13:51:32.243644   781   781 I VoLTE IMCB: sim:1 initiated ! imcb_initial_sim()@1#779
01-10 13:51:32.243644   781   781 I VoLTE IMCB: EndofMessage process_msg()@0#236}}}}
01-10 13:51:32.243668   776   828 I VoLTE IMSMx: IMSMMD -> IMSM : [0] AP_ID_IMSM_GET_VERSION_CNF
01-10 13:51:32.243735   380   697 D NVRAM   : NVM_CloseFileDesc: Open by Readonly, no need to check when close
01-10 13:51:32.243763   380   697 D NVRAM   : GetAudioVoIPParamFromNV result = 1592
01-10 13:51:32.243743   776   776 D VoLTE IMSM: AP version = 4, MD version = 4 (module/mdagent/volte_imsm_93/src/volte_imsm.c:180)
01-10 13:51:32.243792   380   697 D NVRAM   : getNumMicSupport(), dualMicFlag 1, numMicString 2
01-10 13:51:32.243808   380   697 D NVRAM   : QueryFeatureSupportInfo(), feature support bit 0x1a097c57 
01-10 13:51:32.243808   776   776 I VoLTE IMSMx: IMSM -> IMSMMD : [0] AP_ID_SIMMNGR_SIM_INSERT_CHECK_REQ
01-10 13:51:32.243953   380   697 D NVRAM   : NVM_GetFileDesc: Open /vendor/nvdata/media/Sph_Dual_Mic,LID:59
01-10 13:51:32.244072   380   697 D NVRAM   : NVM_CmpFileVerNo 59  
01-10 13:51:32.244129   380   697 D NVRAM   : Load File Version: 002, NvRam File Version: 002
01-10 13:51:32.244143   380   697 D NVRAM   : NVM_ProtectDataFile : 59 ++
01-10 13:51:32.244145   781   781 I VoLTE IMCB: {{{{[process_msg] msg_id=100014(0x000186AE), dst=IMCB[2], IMCB_IMC_HEADER_FILE_VERNO=6c, MSG_ID_IMC_IN_BEGIN=100000, IMC_FEATURE_BITMAP=0x3 @1#187
01-10 13:51:32.244145   781   781 I VoLTE IMCB: ENTER imcb_imc_sim_query_ind_handler()@1#5241
01-10 13:51:32.244145   781   781 I VoLTE IMCB: Pure Mesage Send dest=IMSA1[5], msg_id=16877724(0x0101889C), len=4, IMCB_IMC_HEADER_FILE_VERNO=6c, MSG_ID_IMC_IN_BEGIN=100000, IMC_FEATURE_BITMAP=0x3 imcb_send_to_COMM()@1#248
01-10 13:51:32.244145   781   781 I VoLTE IMCB: EndofMessage process_msg()@0#236}}}}
01-10 13:51:32.244153   380   697 D NVRAM   : iCustomBeginLID = 51
01-10 13:51:32.244179   380   697 D NVRAM   : NVM_CheckFileSize:stat_size:938,size in table:936
01-10 13:51:32.244705   781   781 I VoLTE IMCB: {{{{[process_msg] msg_id=100509(0x0001889D), dst=IMSA1[5], IMCB_IMC_HEADER_FILE_VERNO=6c, MSG_ID_IMC_IN_BEGIN=100000, IMC_FEATURE_BITMAP=0x3 @0#187
01-10 13:51:32.244705   781   781 I VoLTE IMCB: ENTER imsa_imcb_sim_query_rsp_handler()@0#1081
01-10 13:51:32.244705   781   781 I VoLTE IMCB: transaction_id:1, sim_usim_type:0, isim_type:3, session_id:0 @0#1084
01-10 13:51:32.244705   781   781 I VoLTE IMCB: Pure Mesage Send dest=IMCB[2], msg_id=100003(0x000186A3), len=3456, IMCB_IMC_HEADER_FILE_VERNO=6c, MSG_ID_IMC_IN_BEGIN=100000, IMC_FEATURE_BITMAP=0x3 imcb_send_to_COMM()@0#248
01-10 13:51:32.244705   781   781 I VoLTE IMCB: EndofMessage process_msg()@0#236}}}}
01-10 13:51:32.244860   776   827 I VoLTE IMSMx: IMCB -> IMSM : [1] SIM_QUERY_IND
01-10 13:51:32.244937   776   790 D VoLTE IMSM: ===> event queue = 0xf2a9a5a0, sim_id = 1, request_id = 16877724 (module/mdagent/volte_imsm_93/src/imsm_handler.c:5177)
01-10 13:51:32.245006   776   790 D VoLTE IMSM: Receive IMCB sim_id=1 request_id=100508 (module/mdagent/volte_imsm_93/src/imsm_handler.c:2386)
01-10 13:51:32.245023   776   790 D VoLTE IMSM: receive MSG_ID_WRAP_IMSA_IMCB_SIM_QUERY_IND, transaction_id = 2 (module/mdagent/volte_imsm_93/src/imsm_handler.c:2886)
01-10 13:51:32.245046   776   790 D VoLTE IMSM: send MSG_ID_WRAP_IMSA_IMCB_SIM_QUERY_RSP, transaction_id = 2, sim_usim_type = 0, isim_type = 3, session_id = 0 (module/mdagent/volte_imsm_93/src/imsm_handler.c:2907)
01-10 13:51:32.245058   776   790 I VoLTE IMSMx: IMSM -> IMCB : [1] SIM_QUERY_RSP
01-10 13:51:32.245166   781   826 I VoLTE IMCB-CM: receive the nessage from IMC #72
01-10 13:51:32.245273   781   826 I chatty  : uid=1000(system) /vendor/bin/volte_imcb identical 1 line
01-10 13:51:32.245304   781   826 I VoLTE IMCB-CM: receive the nessage from IMC #72
01-10 13:51:32.245466   776   828 I VoLTE IMSMx: IMSMMD -> IMSM : [0] AP_ID_SIMMNGR_SIM_INSERT_CHECK_CNF
01-10 13:51:32.245574   776   789 D VoLTE IMSM: ===> event queue = 0xf2a9a000, sim_id = 0, request_id = 800103 (module/mdagent/volte_imsm_93/src/imsm_handler.c:5177)
01-10 13:51:32.245653   776   789 D VoLTE IMSM: MSG_ID_WRAP_MAL_IMSM_SIM_INSERT_CHECK_NOTIFY_IND, flag = 0 (module/mdagent/volte_imsm_93/src/imsm_handler.c:4878)
01-10 13:51:32.245741   781   781 I VoLTE IMCB: {{{{[process_msg] msg_id=100509(0x0001889D), dst=IMSA1[5], IMCB_IMC_HEADER_FILE_VERNO=6c, MSG_ID_IMC_IN_BEGIN=100000, IMC_FEATURE_BITMAP=0x3 @1#187
01-10 13:51:32.245741   781   781 I VoLTE IMCB: ENTER imsa_imcb_sim_query_rsp_handler()@1#1081
01-10 13:51:32.245741   781   781 I VoLTE IMCB: transaction_id:2, sim_usim_type:0, isim_type:3, session_id:0 @1#1084
01-10 13:51:32.245741   781   781 I VoLTE IMCB: Pure Mesage Send dest=IMCB[2], msg_id=100003(0x000186A3), len=3456, IMCB_IMC_HEADER_FILE_VERNO=6c, MSG_ID_IMC_IN_BEGIN=100000, IMC_FEATURE_BITMAP=0x3 imcb_send_to_COMM()@1#248
01-10 13:51:32.245741   781   781 I VoLTE IMCB: EndofMessage process_msg()@0#236}}}}
01-10 13:51:32.245898   781   826 I VoLTE IMCB-CM: receive the nessage from IMC #72
01-10 13:51:32.246196   781   781 I VoLTE IMCB: {{{{[process_msg] msg_id=100035(0x000186C3), dst=IMCB[2], IMCB_IMC_HEADER_FILE_VERNO=6c, MSG_ID_IMC_IN_BEGIN=100000, IMC_FEATURE_BITMAP=0x3 @0#187
01-10 13:51:32.246196   781   781 I VoLTE IMCB: ENTER imcb_imc_imsvops_notification_ind_handler()@0#5379
01-10 13:51:32.246196   781   781 I VoLTE IMCB: Pure Mesage Send dest=UA[3], msg_id=12045(0x00002F0D), len=8, IMCB_IMC_HEADER_FILE_VERNO=6c, MSG_ID_IMC_IN_BEGIN=100000, IMC_FEATURE_BITMAP=0x3 imcb_send_to_COMM()@0#248
01-10 13:51:32.246196   781   781 I VoLTE IMCB: EndofMessage process_msg()@0#236}}}}
01-10 13:51:32.246356   780   818 I VoLTE SMS: SMS[0] update is_vops = (0) (module/volte//volte_ua/src/sms/sms.c:2935)
01-10 13:51:32.246400   781   826 I VoLTE IMCB-CM: receive the nessage from IMC #72
01-10 13:51:32.246646   781   781 I VoLTE IMCB: {{{{[process_msg] msg_id=100116(0x00018714), dst=IMCB[2], IMCB_IMC_HEADER_FILE_VERNO=6c, MSG_ID_IMC_IN_BEGIN=100000, IMC_FEATURE_BITMAP=0x3 @0#187
01-10 13:51:32.246646   781   781 I VoLTE IMCB: ENTER imcb_imc_tlv_para_setting_ind_handler()@0#5493
01-10 13:51:32.246646   781   781 I VoLTE IMCB: Pure Mesage Send dest=UA[3], msg_id=10021(0x00002725), len=32, IMCB_IMC_HEADER_FILE_VERNO=6c, MSG_ID_IMC_IN_BEGIN=100000, IMC_FEATURE_BITMAP=0x3 imcb_send_to_COMM()@0#248
01-10 13:51:32.246646   781   781 I VoLTE IMCB: send REQ_UPDATE_RT_SETTING from tlv_para IMC to UA imcb_imc_tlv_para_setting_ind_handler()@0#5518
01-10 13:51:32.246646   781   781 I VoLTE IMCB: EndofMessage process_msg()@0#236}}}}
01-10 13:51:32.246728   780   818 I VoLTE SMS: SMS psismsc_from_user = 0, force_psi_scheme_to_tel = 0, add_user_phone = 1, update_call_id_with_host = 0 (module/volte//volte_ua/src/sms/sms.c:301)
01-10 13:51:32.246757   780   818 I VoLTE SMS: SMS add_no_fork = 0, nsn_specific = 0, mo_retry_after_504 = 0, send_timerF_expiry = 0 (module/volte//volte_ua/src/sms/sms.c:308)
01-10 13:51:32.246791   780   818 I VoLTE SMS: SMS imsi_reged_disable_sms = 0, retry_count = 0, retry_duration = 0, wfc_with_plani = 0, in_reply_to_support = 1, check_reason_phase = 0, pani_country = 0, restore_in_3gpp_abnormal = 1, sms_force_sip_uri = 0 (module/volte//volte_ua/src/sms/sms.c:320)
01-10 13:51:32.246983   781   826 I VoLTE IMCB-CM: receive the nessage from IMC #72
01-10 13:51:32.247338   779   811 I VoLTE REG: rcs_feature = 0 (module/volte//volte_stack/src/reg/reg.c:3230)
01-10 13:51:32.247387   779   811 I VoLTE REG: rcs_state = 0 (module/volte//volte_stack/src/reg/reg.c:3233)
01-10 13:51:32.247768   581   581 D HWUIExtension: 16 Program id 19, key 0x0002080000d00041, offset 110040, binaryLength 12592 within 71579ns
01-10 13:51:32.247843   380   697 D NVRAM   : NVM_CheckFile: File is correct!
01-10 13:51:32.247873   380   697 D NVRAM   : NVM_ProtectUserData:Check Success
01-10 13:51:32.247887   380   697 D NVRAM   : NVM_GetFileDesc ProtectDataFile Check Success!!
01-10 13:51:32.247916   380   697 D NVRAM   : +GetDualMicSpeechParamFromNVRam audio_nvram_fd.lid = 59, rec_size=936, rec_num=1
01-10 13:51:32.248030   781   781 I VoLTE IMCB: {{{{[process_msg] msg_id=100118(0x00018716), dst=IMCB[2], IMCB_IMC_HEADER_FILE_VERNO=6c, MSG_ID_IMC_IN_BEGIN=100000, IMC_FEATURE_BITMAP=0x3 @0#187
01-10 13:51:32.248030   781   781 I VoLTE IMCB: Pure Mesage Send dest=UA[3], msg_id=1000001(0x000F4241), len=40, IMCB_IMC_HEADER_FILE_VERNO=6c, MSG_ID_IMC_IN_BEGIN=100000, IMC_FEATURE_BITMAP=0x3 imcb_send_to_COMM()@0#248
01-10 13:51:32.248030   781   781 I VoLTE IMCB: Pure Mesage Send dest=UA[3], msg_id=1000001(0x000F4241), len=40, IMCB_IMC_HEADER_FILE_VERNO=6c, MSG_ID_IMC_IN_BEGIN=100000, IMC_FEATURE_BITMAP=0x3 @0#248
01-10 13:51:32.248030   781   781 I VoLTE IMCB: EndofMessage process_msg()@0#236}}}}
01-10 13:51:32.248351   780   818 E VoLTE SMS: Error message type in SMS service message queue, type = 1000001, len = 40 (module/volte//volte_ua/src/sms/sms.c:2942)
01-10 13:51:32.248434   780   818 E VoLTE SMS: Error message type in SMS service message queue, type = 1000001, len = 40 (module/volte//volte_ua/src/sms/sms.c:2942)
01-10 13:51:32.249128   781   781 I VoLTE IMCB: {{{{[process_msg] msg_id=100035(0x000186C3), dst=IMCB[2], IMCB_IMC_HEADER_FILE_VERNO=6c, MSG_ID_IMC_IN_BEGIN=100000, IMC_FEATURE_BITMAP=0x3 @1#187
01-10 13:51:32.249128   781   781 I VoLTE IMCB: ENTER imcb_imc_imsvops_notification_ind_handler()@1#5379
01-10 13:51:32.249128   781   781 I VoLTE IMCB: Pure Mesage Send dest=UA[3], msg_id=12045(0x00002F0D), len=8, IMCB_IMC_HEADER_FILE_VERNO=6c, MSG_ID_IMC_IN_BEGIN=100000, IMC_FEATURE_BITMAP=0x3 imcb_send_to_COMM()@1#248
01-10 13:51:32.249128   781   781 I VoLTE IMCB: EndofMessage process_msg()@0#236}}}}
01-10 13:51:32.249270   780   818 I VoLTE SMS: SMS[2] update is_vops = (0) (module/volte//volte_ua/src/sms/sms.c:2935)
01-10 13:51:32.250061   781   781 I VoLTE IMCB: {{{{[process_msg] msg_id=100116(0x00018714), dst=IMCB[2], IMCB_IMC_HEADER_FILE_VERNO=6c, MSG_ID_IMC_IN_BEGIN=100000, IMC_FEATURE_BITMAP=0x3 @1#187
01-10 13:51:32.250061   781   781 I VoLTE IMCB: ENTER imcb_imc_tlv_para_setting_ind_handler()@1#5493
01-10 13:51:32.250061   781   781 I VoLTE IMCB: Pure Mesage Send dest=UA[3], msg_id=10021(0x00002725), len=32, IMCB_IMC_HEADER_FILE_VERNO=6c, MSG_ID_IMC_IN_BEGIN=100000, IMC_FEATURE_BITMAP=0x3 imcb_send_to_COMM()@1#248
01-10 13:51:32.250061   781   781 I VoLTE IMCB: send REQ_UPDATE_RT_SETTING from tlv_para IMC to UA imcb_imc_tlv_para_setting_ind_handler()@1#5518
01-10 13:51:32.250061   781   781 I VoLTE IMCB: EndofMessage process_msg()@0#236}}}}
01-10 13:51:32.250228   780   818 I VoLTE SMS: SMS psismsc_from_user = 0, force_psi_scheme_to_tel = 0, add_user_phone = 1, update_call_id_with_host = 0 (module/volte//volte_ua/src/sms/sms.c:301)
01-10 13:51:32.250281   780   818 I VoLTE SMS: SMS add_no_fork = 0, nsn_specific = 0, mo_retry_after_504 = 0, send_timerF_expiry = 0 (module/volte//volte_ua/src/sms/sms.c:308)
01-10 13:51:32.250317   780   818 I VoLTE SMS: SMS imsi_reged_disable_sms = 0, retry_count = 0, retry_duration = 0, wfc_with_plani = 0, in_reply_to_support = 1, check_reason_phase = 0, pani_country = 0, restore_in_3gpp_abnormal = 1, sms_force_sip_uri = 0 (module/volte//volte_ua/src/sms/sms.c:320)
01-10 13:51:32.250768   380   697 D NVRAM   : NVM_CloseFileDesc: Open by Readonly, no need to check when close
01-10 13:51:32.250813   380   697 D AudioSpeechEnhanceInfo: PreLoadBesRecordParams-
01-10 13:51:32.250953   380   697 D GainTableParamParser: getInstance()
01-10 13:51:32.251008   380   697 D GainTableParamParser: GainTableParamParser()
01-10 13:51:32.251021   380   697 D         : appOpsGetInstance(), init AppOps struct, lib is libaudio_param_parser-vnd.so
01-10 13:51:32.251229   485   503 D skia    : SkJpegCodec::onGetPixels + (720, 1280)
01-10 13:51:32.251475   380   697 D GainTableParamParser: loadGainTableSpec()
01-10 13:51:32.251573   380   697 D GainTableParamParser: mSpec.audioBufferGainPreferMaxIdx = 18
01-10 13:51:32.251590   380   697 D GainTableParamParser: mSpec.audioBufLMixerName = Headset_PGAL_GAIN
01-10 13:51:32.251603   380   697 D GainTableParamParser: mSpec.audioBufRMixerName = Headset_PGAR_GAIN
01-10 13:51:32.251626   380   697 D GainTableParamParser: mSpec.voiceBufferGainPreferMaxIdx = 18
01-10 13:51:32.251639   380   697 D GainTableParamParser: mSpec.voiceBufMixerName = Handset_PGA_GAIN
01-10 13:51:32.251665   380   697 D GainTableParamParser: mSpec.lineoutBufferGainPreferMaxIdx = 18
01-10 13:51:32.251695   380   697 D GainTableParamParser: mSpec.spkAnaType = 3
01-10 13:51:32.251707   380   697 D GainTableParamParser: mSpec.spkLMixerName = Lineout_PGAL_GAIN
01-10 13:51:32.251718   380   697 D GainTableParamParser: mSpec.spkRMixerName = Lineout_PGAR_GAIN
01-10 13:51:32.251729   380   697 D GainTableParamParser: spk, db = -64, idx = 0
01-10 13:51:32.251739   380   697 D GainTableParamParser: spk, db = 0, idx = 1
01-10 13:51:32.251749   380   697 D GainTableParamParser: spk, db = 4, idx = 2
01-10 13:51:32.251766   380   697 D GainTableParamParser: spk, db = 5, idx = 3
01-10 13:51:32.251774   380   697 D GainTableParamParser: spk, db = 6, idx = 4
01-10 13:51:32.251783   380   697 D GainTableParamParser: spk, db = 7, idx = 5
01-10 13:51:32.251792   380   697 D GainTableParamParser: spk, db = 8, idx = 6
01-10 13:51:32.251801   380   697 D GainTableParamParser: spk, db = 9, idx = 7
01-10 13:51:32.251811   380   697 D GainTableParamParser: spk, db = 10, idx = 8
01-10 13:51:32.251821   380   697 D GainTableParamParser: spk, db = 11, idx = 9
01-10 13:51:32.251831   380   697 D GainTableParamParser: spk, db = 12, idx = 10
01-10 13:51:32.251842   380   697 D GainTableParamParser: spk, db = 13, idx = 11
01-10 13:51:32.251851   380   697 D GainTableParamParser: spk, db = 14, idx = 12
01-10 13:51:32.251861   380   697 D GainTableParamParser: spk, db = 15, idx = 13
01-10 13:51:32.251875   380   697 D GainTableParamParser: spk, db = 16, idx = 14
01-10 13:51:32.251889   380   697 D GainTableParamParser: spk, db = 17, idx = 15
01-10 13:51:32.251911   380   697 D GainTableParamParser: mSpec.ulPgaLMixerName = Audio_PGA1_Setting
01-10 13:51:32.251922   380   697 D GainTableParamParser: mSpec.ulPgaRMixerName = Audio_PGA2_Setting
01-10 13:51:32.251937   380   697 D GainTableParamParser: loadGainTableMapDl()
01-10 13:51:32.252034   380   697 W GainTableParamParser: error: get paramUnit fail, paramPath = Profile,HSSPK
01-10 13:51:32.252157   380   697 D GainTableParamParser: loadGainTableMapUl()
01-10 13:51:32.252376   380   697 D GainTableParamParser: loadGainTableHpImpedance()
01-10 13:51:32.252414   380   697 D GainTableParamParser: mSpec.hpImpEnable = 1
01-10 13:51:32.252430   380   697 D GainTableParamParser: mSpec.hpImpDefaultIdx = 1
01-10 13:51:32.252445   380   697 D GainTableParamParser: getSceneList()
01-10 13:51:32.252470   380   697 D AudioMTKGainController: allocateGainTable()
01-10 13:51:32.252533   380   697 D GainTableParamParser: getGainTableParam()
01-10 13:51:32.252574   380   697 D GainTableParamParser: updatePlaybackDigitalGain()
01-10 13:51:32.252755   779   811 E VoLTE REG: invalid rcs information (module/volte//volte_stack/src/reg/reg.c:3221)
01-10 13:51:32.255487   567   630 D PQ      : ccorr table index=0
01-10 13:51:32.255640   567   630 D PQTransition: onTransition: TRS: Mode2 (49)
01-10 13:51:32.255761   567   630 D PQTransition: CheckIfFinished: TRS: CheckIfFinished(EN=1)
01-10 13:51:32.255789   527   558 D AAL     : 01-10 01:51:32.180 BL= 917,ESS= 256, 01-10 01:51:32.199 BL= 916,ESS= 256, 01-10 01:51:32.218 BL= 915,ESS= 256, 01-10 01:51:32.236 BL= 914,ESS= 256, 01-10 01:51:32.255 BL= 913,ESS= 256, 
01-10 13:51:32.255832   567   630 D PQ      : [PQ_SERVICE] setPQParamWithFilter configFlag: 2
01-10 13:51:32.255977   380   697 D GainTableParamParser: updatePlaybackAnalogGain()
01-10 13:51:32.261969   781   781 I VoLTE IMCB: {{{{[process_msg] msg_id=100118(0x00018716), dst=IMCB[2], IMCB_IMC_HEADER_FILE_VERNO=6c, MSG_ID_IMC_IN_BEGIN=100000, IMC_FEATURE_BITMAP=0x3 @1#187
01-10 13:51:32.261969   781   781 I VoLTE IMCB: Pure Mesage Send dest=UA[3], msg_id=1000001(0x000F4241), len=40, IMCB_IMC_HEADER_FILE_VERNO=6c, MSG_ID_IMC_IN_BEGIN=100000, IMC_FEATURE_BITMAP=0x3 imcb_send_to_COMM()@1#248
01-10 13:51:32.261969   781   781 I VoLTE IMCB: Pure Mesage Send dest=UA[3], msg_id=1000001(0x000F4241), len=40, IMCB_IMC_HEADER_FILE_VERNO=6c, MSG_ID_IMC_IN_BEGIN=100000, IMC_FEATURE_BITMAP=0x3 @1#248
01-10 13:51:32.261969   781   781 I VoLTE IMCB: EndofMessage process_msg()@0#236}}}}
01-10 13:51:32.262117   780   818 E VoLTE SMS: Error message type in SMS service message queue, type = 1000001, len = 40 (module/volte//volte_ua/src/sms/sms.c:2942)
01-10 13:51:32.262166   780   818 E VoLTE SMS: Error message type in SMS service message queue, type = 1000001, len = 40 (module/volte//volte_ua/src/sms/sms.c:2942)
01-10 13:51:32.264858   380   697 D GainTableParamParser: updateSpeechVol()
01-10 13:51:32.265317   380   697 W GainTableParamParser: 	continue, paramPath = Band,NB,Profile,USB,Network,GSM, mMapDlAnalogType[13] = -1
01-10 13:51:32.265795   380   697 W GainTableParamParser: 	continue, paramPath = Band,WB,Profile,USB,Network,GSM, mMapDlAnalogType[13] = -1
01-10 13:51:32.266150   380   697 W GainTableParamParser: 	continue, paramPath = Band,SWB,Profile,USB,Network,GSM, mMapDlAnalogType[13] = -1
01-10 13:51:32.266586   380   697 W GainTableParamParser: 	continue, paramPath = Band,NB,Profile,USB,Network,WCDMA, mMapDlAnalogType[13] = -1
01-10 13:51:32.266949   380   697 W GainTableParamParser: 	continue, paramPath = Band,WB,Profile,USB,Network,WCDMA, mMapDlAnalogType[13] = -1
01-10 13:51:32.267298   380   697 W GainTableParamParser: 	continue, paramPath = Band,SWB,Profile,USB,Network,WCDMA, mMapDlAnalogType[13] = -1
01-10 13:51:32.267644   380   697 W GainTableParamParser: 	continue, paramPath = Band,NB,Profile,USB,Network,VoLTE, mMapDlAnalogType[13] = -1
01-10 13:51:32.267988   380   697 W GainTableParamParser: 	continue, paramPath = Band,WB,Profile,USB,Network,VoLTE, mMapDlAnalogType[13] = -1
01-10 13:51:32.268340   380   697 W GainTableParamParser: 	continue, paramPath = Band,SWB,Profile,USB,Network,VoLTE, mMapDlAnalogType[13] = -1
01-10 13:51:32.268415   380   697 D GainTableParamParser: updateRecordVol()
01-10 13:51:32.269834   485   503 D skia    : SkJpegCodec::onGetPixels -
01-10 13:51:32.274302   567   630 D PQ      : ccorr table index=0
01-10 13:51:32.274419   567   630 D PQTransition: onTransition: TRS: Mode2 (50)
01-10 13:51:32.274531   567   630 D PQTransition: CheckIfFinished: TRS: CheckIfFinished(EN=1)
01-10 13:51:32.274544   567   630 D PQTransition: CheckIfFinished: TRS: Finished
01-10 13:51:32.274568   567   630 D PQ      : [PQ_SERVICE]enablePQEvent: 1 -> 0
01-10 13:51:32.274642   567   630 D PQ      : [PQ_SERVICE] setPQParamWithFilter configFlag: 3
01-10 13:51:32.280056   380   697 D GainTableParamParser: updateVoIPVol()
01-10 13:51:32.280424   380   697 W GainTableParamParser: 	continue, paramPath = Scene,Default,Profile,USB, mMapDlAnalogType[13] = -1
01-10 13:51:32.280499   380   697 D GainTableParamParser: updateRingbackVol()
01-10 13:51:32.280842   380   697 D AudioMTKGainController: mMixer = 0xe74dd000
01-10 13:51:32.280964   380   697 D         : appOpsGetInstance(), init AppOps struct, lib is libaudio_param_parser-vnd.so
01-10 13:51:32.281880   380   697 D SpeechDriverFactory: SpeechDriverFactory(), isMD1Supported = 11
01-10 13:51:32.281964   380   697 D SpeechDriverFactory: Create SpeechDriverNormal for MODEM_1
01-10 13:51:32.282043   380   697 D         : CleanGainValueAndMuteStatus(), mUplinkMuteOn 0
01-10 13:51:32.284819   380   697 D SpeechMessengerNormal: openCcciDriver(), ccci_md: 0, dev_name: "/dev/ccci_aud", mCcciDeviceHandler: 18
01-10 13:51:32.287486   380   697 D ccci_lib: mmap on /dev/ccci_raw_audio(19) for addr=0x8001b000, len=53248
01-10 13:51:32.293280   485   503 D skia    : SkJpegCodec::onGetPixels + (720, 1280)
01-10 13:51:32.311382   485   503 D skia    : SkJpegCodec::onGetPixels -
01-10 13:51:32.328149   581   581 D HWUIExtension: 17 Program id 20, key 0x0002080000900041, offset 122632, binaryLength 12848 within 80228ns
01-10 13:51:32.335171   485   503 D skia    : SkJpegCodec::onGetPixels + (720, 1280)
01-10 13:51:32.349929   527   558 D AAL     : 01-10 01:51:32.274 BL= 912,ESS= 256, 01-10 01:51:32.293 BL= 913,ESS= 256, 01-10 01:51:32.312 BL= 914,ESS= 256, 01-10 01:51:32.331 BL= 915,ESS= 256, 01-10 01:51:32.349 BL= 916,ESS= 256, 
01-10 13:51:32.351594   551   838 I DJobMgr : [watch_dogs_job] start WatchDog@DJobMgr
01-10 13:51:32.352262   551   551 D PQ      : [PQ_PROT] [PQCust] libpq_cust_base.so OK, libpq_cust.so absent
01-10 13:51:32.353158   485   503 D skia    : SkJpegCodec::onGetPixels -
01-10 13:51:32.376826   485   503 D skia    : SkJpegCodec::onGetPixels + (720, 1280)
01-10 13:51:32.396258   485   503 D skia    : SkJpegCodec::onGetPixels -
01-10 13:51:32.397350   581   581 D HWUIExtension: 18 Program id 21, key 0x0002080800000003, offset 135480, binaryLength 12588 within 69052ns
01-10 13:51:32.398178   551   551 I mtkcam-devicemgr: [initialize] +
01-10 13:51:32.407366   551   551 I mtkcam-module: [ModuleStore] ctor
01-10 13:51:32.407512   551   551 I mtkcam-module: [dump_module] [registered] module_id:0x0x1 module_factory:0xea0ec2cd register_name:vendor/mediatek/proprietary/hardware/mtkcam/main/core/module/drv/register_HalSensor.cpp
01-10 13:51:32.407531   551   551 I mtkcam-module: [dump_module] [registered] module_id:0x0x2 module_factory:0xea0ee565 register_name:vendor/mediatek/proprietary/hardware/mtkcam/main/core/module/drv/register_HwSyncDrv.cpp
01-10 13:51:32.407548   551   551 I mtkcam-module: [dump_module] [registered] module_id:0x0x3 module_factory:0xea71d8b1 register_name:vendor/mediatek/proprietary/hardware/mtkcam/main/core/module/drv/register_iopipe_CamIO_NormalPipe.cpp
01-10 13:51:32.407563   551   551 I mtkcam-module: [ShowLoading] loading (MODULE_GROUP_ID:0 MODULE_GROUP_COUNT:4 ...
01-10 13:51:32.407807   551   551 I mtkcam-module: [load] MtkCam_getModuleFactory_drv(0xe8987e89) @ libmtkcam_modulefactory_drv.so
01-10 13:51:32.407916   551   551 D SeninfDrvImp: [SeninfDrvImp][SeninfDrvImp] 
01-10 13:51:32.407988   551   551 D SeninfDrvImp: [init][init]: Entry count 0 
01-10 13:51:32.413780   551   551 D SeninfDrvImp: [init]Efuse Data:0x11f1018c= 0x8c631940, 0x11f10190= 0x7c208364, 0x11f101bc= 0x80000000
01-10 13:51:32.413881   551   551 D SeninfDrvImp: [init][init]: Exit count 1 
01-10 13:51:32.413963   551   551 D SeninfDrvImp: [setMclk1IODrivingCurrent]DrivingIdx(3), Reg(0x30000000)
01-10 13:51:32.413987   551   551 D SeninfDrvImp: [setMclk2IODrivingCurrent]DrivingIdx(3), Reg(0x00000003)
01-10 13:51:32.414067   551   551 D SeninfDrvImp: [setMclk1][setTg1Phase]pcEn(1), clkPol(0), mMclk1User(1), TimestampClk(0)
01-10 13:51:32.414096   551   551 D SeninfDrvImp: [setMclk1][setTg1Phase]pcEn(1), clkPol(0), mMclk1User(1), TimestampClk(0), SENINF_TG1_PH_CNT(0x80000001)
01-10 13:51:32.414336   551   551 D SeninfDrvImp: [setMclk2][setTg2Phase]pcEn(1), clkPol(0), mMclk2User(1), TimestampClk(0), SENINF_TG2_PH_CNT(0x0)
01-10 13:51:32.414611   551   551 D ImgSensorDrv: [init][init] imgsensor_drv 1
01-10 13:51:32.414692   551   551 D ImgSensorDrv: [searchSensor]SENSOR search start 
01-10 13:51:32.418608   485   503 D skia    : SkJpegCodec::onGetPixels + (720, 1280)
01-10 13:51:32.426247   581   581 D HWUIExtension: 19 Program id 22, key 0x0000000800500040, offset 148068, binaryLength 4496 within 28682ns
01-10 13:51:32.427254   581   581 D HWUIExtension: 20 Program id 23, key 0x0000000000000001, offset 152564, binaryLength 4944 within 851ns
01-10 13:51:32.427983   581   581 D HWUIExtension: 21 Program id 24, key 0x0000000800000000, offset 157508, binaryLength 4420 within 616ns
01-10 13:51:32.428741   581   581 D HWUIExtension: 22 Program id 25, key 0x0000000000500040, offset 161928, binaryLength 4496 within 663ns
01-10 13:51:32.439936   485   503 D skia    : SkJpegCodec::onGetPixels -
01-10 13:51:32.444296   527   558 D AAL     : 01-10 01:51:32.369 BL= 917,ESS= 256, 01-10 01:51:32.387 BL= 918,ESS= 256, 01-10 01:51:32.406 BL= 919,ESS= 256, 01-10 01:51:32.425 BL= 920,ESS= 256, 01-10 01:51:32.444 BL= 921,ESS= 256, 
01-10 13:51:32.446459   551   551 D ImgSensorDrv: [searchSensor]set sensor driver id =1
01-10 13:51:32.446532   551   551 D ImgSensorDrv: [searchSensor]found <0x30c8/s5k3l8_mipi_raw/SENSOR_DRVNAME_S5K3L8_MIPI_RAW>
01-10 13:51:32.446688   551   551 D ImgSensorDrv: [getInfo2]prv w=0x838,h=0x618
01-10 13:51:32.446718   551   551 D ImgSensorDrv: [getInfo2]cap w=0x1070,h=0xc30
01-10 13:51:32.446730   551   551 D ImgSensorDrv: [getInfo2]vd  w=0x1070,h=0xc30
01-10 13:51:32.446741   551   551 D ImgSensorDrv: [getInfo2]pre GrapX=0x0,GrapY=0x0
01-10 13:51:32.455540   551   551 W MtkCam/HalSensorList: [impConstructStaticMetadata_by_SymbolName] constructCustStaticMetadata_DEVICE_SCALER_SENSOR_DRVNAME_S5K3L8_MIPI_RAW not found
01-10 13:51:32.456298   551   551 W MtkCam/HalSensorList: [impConstructStaticMetadata_by_SymbolName] constructCustStaticMetadata_DEVICE_SCALER_COMMON not found
01-10 13:51:32.456892   551   551 W MtkCam/HalSensorList: [impConstructStaticMetadata_by_SymbolName] constructCustStaticMetadata_DEVICE_FEATURE_SENSOR_DRVNAME_S5K3L8_MIPI_RAW not found
01-10 13:51:32.457460   551   551 W MtkCam/HalSensorList: [impConstructStaticMetadata_by_SymbolName] constructCustStaticMetadata_DEVICE_FEATURE_COMMON not found
01-10 13:51:32.459217   551   551 W MtkCam/HalSensorList: [impConstructStaticMetadata_by_SymbolName] constructCustStaticMetadata_DEVICE_REQUEST_SENSOR_DRVNAME_S5K3L8_MIPI_RAW not found
01-10 13:51:32.459938   551   551 W MtkCam/HalSensorList: [impConstructStaticMetadata_by_SymbolName] constructCustStaticMetadata_DEVICE_REQUEST_COMMON not found
01-10 13:51:32.460488   551   551 W MtkCam/HalSensorList: [impConstructStaticMetadata_by_SymbolName] constructCustStaticMetadata_PROJECT_LENS_SENSOR_DRVNAME_S5K3L8_MIPI_RAW not found
01-10 13:51:32.460586   485   503 D skia    : SkJpegCodec::onGetPixels + (720, 1280)
01-10 13:51:32.461016   551   551 W MtkCam/HalSensorList: [impConstructStaticMetadata_by_SymbolName] constructCustStaticMetadata_PROJECT_LENS_COMMON not found
01-10 13:51:32.461696   551   551 W MtkCam/HalSensorList: [impConstructStaticMetadata_by_SymbolName] constructCustStaticMetadata_PROJECT_SENSOR_SENSOR_DRVNAME_S5K3L8_MIPI_RAW not found
01-10 13:51:32.462457   551   551 W MtkCam/HalSensorList: [impConstructStaticMetadata_by_SymbolName] constructCustStaticMetadata_PROJECT_SENSOR_COMMON not found
01-10 13:51:32.463279   551   551 W MtkCam/HalSensorList: [impConstructStaticMetadata_by_SymbolName] constructCustStaticMetadata_PROJECT_TUNING_3A_SENSOR_DRVNAME_S5K3L8_MIPI_RAW not found
01-10 13:51:32.463944   551   551 W MtkCam/HalSensorList: [impConstructStaticMetadata_by_SymbolName] constructCustStaticMetadata_PROJECT_TUNING_3A_COMMON not found
01-10 13:51:32.464616   551   551 W MtkCam/HalSensorList: [impConstructStaticMetadata_by_SymbolName] constructCustStaticMetadata_PROJECT_FLASHLIGHT_SENSOR_DRVNAME_S5K3L8_MIPI_RAW not found
01-10 13:51:32.465156   551   551 W MtkCam/HalSensorList: [impConstructStaticMetadata_by_SymbolName] constructCustStaticMetadata_PROJECT_FLASHLIGHT_COMMON not found
01-10 13:51:32.465740   551   551 W MtkCam/HalSensorList: [impConstructStaticMetadata_by_SymbolName] constructCustStaticMetadata_PROJECT_SCALER_SENSOR_DRVNAME_S5K3L8_MIPI_RAW not found
01-10 13:51:32.466218   551   551 W MtkCam/HalSensorList: [impConstructStaticMetadata_by_SymbolName] constructCustStaticMetadata_PROJECT_SCALER_COMMON not found
01-10 13:51:32.466654   551   551 W MtkCam/HalSensorList: [impConstructStaticMetadata_by_SymbolName] constructCustStaticMetadata_PROJECT_FEATURE_SENSOR_DRVNAME_S5K3L8_MIPI_RAW not found
01-10 13:51:32.467085   551   551 W MtkCam/HalSensorList: [impConstructStaticMetadata_by_SymbolName] constructCustStaticMetadata_PROJECT_FEATURE_COMMON not found
01-10 13:51:32.467512   551   551 W MtkCam/HalSensorList: [impConstructStaticMetadata_by_SymbolName] constructCustStaticMetadata_PROJECT_CAMERA_SENSOR_DRVNAME_S5K3L8_MIPI_RAW not found
01-10 13:51:32.467940   551   551 W MtkCam/HalSensorList: [impConstructStaticMetadata_by_SymbolName] constructCustStaticMetadata_PROJECT_CAMERA_COMMON not found
01-10 13:51:32.468405   551   551 W MtkCam/HalSensorList: [impConstructStaticMetadata_by_SymbolName] constructCustStaticMetadata_PROJECT_REQUEST_SENSOR_DRVNAME_S5K3L8_MIPI_RAW not found
01-10 13:51:32.468909   551   551 W MtkCam/HalSensorList: [impConstructStaticMetadata_by_SymbolName] constructCustStaticMetadata_PROJECT_REQUEST_COMMON not found
01-10 13:51:32.469331   551   551 D ImgSensorDrv: [searchSensor]SENSOR search start 
01-10 13:51:32.475803   581   581 D HWUIExtension: 23 Program id 26, key 0x0002000000d00041, offset 166424, binaryLength 5148 within 46932ns
01-10 13:51:32.478815   485   503 D skia    : SkJpegCodec::onGetPixels -
01-10 13:51:32.481178   534   534 E VT      : [VTS] after addService 0
01-10 13:51:32.481307   534   534 I VT      : [SRV] [VT THREAD] VT_Connect start
01-10 13:51:32.481335   534   534 I VT      : [VT] [DISPATCHER] VTMsgDispatcher Constuctor
01-10 13:51:32.481352   534   534 I VT      : [VT] [DISPATCHER] VTMsgDispatcher init
01-10 13:51:32.482110   534   534 I VT      : [SRV] [VT THREAD] VT_Connect finish
01-10 13:51:32.482261   534   534 W VT      : [SRV] [VTCoreHelper] VTCoreHelper create
01-10 13:51:32.482305   534   534 I VT      : [SRV] [OPERATION][ID=1000] VTMALStub (VTMALStub)
01-10 13:51:32.482326   534   534 I VT      : [SRV] [OPERATION][ID=1000] VTMALStub (sim_id = 0)
01-10 13:51:32.482352   534   534 I VT      : [SRV] [CALL FLOW] create ( : )
01-10 13:51:32.482638   534   534 W AVSync  : VTAVSync enter!!!
01-10 13:51:32.483424   534   534 W AVSync  : open /dev/ccci_imsdc done, fd=9
01-10 13:51:32.483513   534   534 I AVSync  : CCCI status:MD ready
01-10 13:51:32.483569   534   534 I AVSync  : avInit, st 27c3a116b, int=a, frac=acc69018
01-10 13:51:32.483773   534   534 W VT      : [SRV] [VTCoreHelper] VTCoreHelper init
01-10 13:51:32.483775   534   847 I VT      : [SRV] [VT THREAD] VT_Bind start
01-10 13:51:32.483801   534   534 I VT      : [SRV]   [MAP OPERATION]  clearElement ()
01-10 13:51:32.483841   534   534 I chatty  : uid=1000(system) /system/bin/vtservice identical 3 lines
01-10 13:51:32.483854   534   534 I VT      : [SRV]   [MAP OPERATION]  clearElement ()
01-10 13:51:32.483872   534   534 I VT      : [SRV] [CALL FLOW][ID=1000] create (User ID is :  : )
01-10 13:51:32.483896   534   534 I         : [VT][SRV]after VTService_instantiate
01-10 13:51:32.485712   534   848 W AVSync  : [AVSYNC] downlink_thread() entry
01-10 13:51:32.485850   534   848 E AVSync  : g_fd_avsync =9
01-10 13:51:32.488466   534   847 I VT      : [SRV] [THREAD] get hild success
01-10 13:51:32.489131   379   379 D VT HIDL : [IVT] configureFmqMode
01-10 13:51:32.489254   379   379 I VT HIDL : [IVT] configureFmqMode, getInstance wait client
01-10 13:51:32.489492   379   379 D VT HIDL : [IVT] configureFmqSyncRead
01-10 13:51:32.490203   379   379 D VT HIDL : [IVT] configureFmqSyncRead success
01-10 13:51:32.490277   379   379 D VT HIDL : [IVT] configureFmqSyncRead, evFlagWordPtr init done
01-10 13:51:32.490459   379   379 I VT HIDL : [IVT] configureFmqSyncRead, getInstance wait client
01-10 13:51:32.490838   379   379 D VT HIDL : [IVT] configureFmqSyncWrite
01-10 13:51:32.491100   379   379 D VT HIDL : [IVT] configureFmqSyncWrite success
01-10 13:51:32.491138   379   379 D VT HIDL : [IVT] configureFmqSyncWrite, evFlagWordPtr init done
01-10 13:51:32.491309   379   379 D VT HIDL : [IVT] initialization
01-10 13:51:32.491546   379   379 D VT HIDL : [IVT] isImsVideoCallon : True
01-10 13:51:32.491810   379   379 D VT HIDL : [IVT] isImsVideoCallon : True
01-10 13:51:32.492247   534   847 I VT      : [SRV] [VT THREAD] VT_Bind start finish
01-10 13:51:32.493566   379   852 I VT HIDL : [IVT] [VT THREAD] [VT_READ_Thread] start
01-10 13:51:32.493639   379   852 D VT HIDL : [IVT] getInstance
01-10 13:51:32.493659   379   852 I VT HIDL : [IVT] [VT THREAD] [VT_READ_Thread] read from VTS
01-10 13:51:32.495118   575   575 I NetdagentController: Initializing iptables: 1938.4ms
01-10 13:51:32.497675   379   853 I VT HIDL : [IVT] [VT THREAD] [VT_IMCB_Thread] start
01-10 13:51:32.497755   379   853 E VT HIDL : [IVT] [VT THREAD] [VT_Bind] des = volte_imsvt1
01-10 13:51:32.498052   379   853 E VT HIDL : [IVT] [VT THREAD] [VT_Bind] des = volte_imsvt1 fd = -1
01-10 13:51:32.498113   379   853 D VT HIDL : [IVT] isIMCBrun : True
01-10 13:51:32.502575   485   503 D skia    : SkJpegCodec::onGetPixels + (720, 1280)
01-10 13:51:32.520894   485   503 D skia    : SkJpegCodec::onGetPixels -
01-10 13:51:32.529679   525   525 D Zygote  : begin preload
01-10 13:51:32.529855   525   525 I Zygote  : Installing ICU cache reference pinning...
01-10 13:51:32.529882   525   525 I Zygote  : Preloading ICU data...
01-10 13:51:32.535880   581   581 D HWUIExtension: 24 Program id 27, key 0x000201080000000b, offset 171572, binaryLength 11808 within 59923ns
01-10 13:51:32.536586   581   581 D HWUIExtension: 25 Program id 28, key 0x0000001800500040, offset 183380, binaryLength 4792 within 576ns
01-10 13:51:32.539028   527   558 D AAL     : 01-10 01:51:32.463 BL= 922,ESS= 256, 01-10 01:51:32.481 BL= 923,ESS= 256, 01-10 01:51:32.501 BL= 924,ESS= 256, 01-10 01:51:32.519 BL= 925,ESS= 256, 01-10 01:51:32.538 BL= 926,ESS= 256, 
01-10 13:51:32.539978   581   581 I ProgramBinary/Builder: ProgramEntry # 0: key 0x0000000000000000, offset      0, binaryLength 4420, format 36705 --> 0x4d 0x50 0x42 0x31 0x3c 0x11 0x00 0x00 0x02 0x00
01-10 13:51:32.540085   581   581 I ProgramBinary/Builder: ProgramEntry # 1: key 0x0000001000500040, offset   4420, binaryLength 4792, format 36705 --> 0x4d 0x50 0x42 0x31 0xb0 0x12 0x00 0x00 0x02 0x00
01-10 13:51:32.540102   581   581 I ProgramBinary/Builder: ProgramEntry # 2: key 0x0000003800000000, offset   9212, binaryLength 4812, format 36705 --> 0x4d 0x50 0x42 0x31 0xc4 0x12 0x00 0x00 0x02 0x00
01-10 13:51:32.540116   581   581 I ProgramBinary/Builder: ProgramEntry # 3: key 0x0002000000000001, offset  14024, binaryLength 4944, format 36705 --> 0x4d 0x50 0x42 0x31 0x48 0x13 0x00 0x00 0x02 0x00
01-10 13:51:32.540131   581   581 I ProgramBinary/Builder: ProgramEntry # 4: key 0x0002000000000003, offset  18968, binaryLength 4944, format 36705 --> 0x4d 0x50 0x42 0x31 0x48 0x13 0x00 0x00 0x02 0x00
01-10 13:51:32.540146   581   581 I ProgramBinary/Builder: ProgramEntry # 5: key 0x0002000000500041, offset  23912, binaryLength 5148, format 36705 --> 0x4d 0x50 0x42 0x31 0x14 0x14 0x00 0x00 0x02 0x00
01-10 13:51:32.540161   581   581 I ProgramBinary/Builder: ProgramEntry # 6: key 0x0000001000000000, offset  29060, binaryLength 4648, format 36705 --> 0x4d 0x50 0x42 0x31 0x20 0x12 0x00 0x00 0x02 0x00
01-10 13:51:32.540175   581   581 I ProgramBinary/Builder: ProgramEntry # 7: key 0x0002000800000003, offset  33708, binaryLength 5140, format 36705 --> 0x4d 0x50 0x42 0x31 0x0c 0x14 0x00 0x00 0x02 0x00
01-10 13:51:32.540191   581   581 I ProgramBinary/Builder: ProgramEntry # 8: key 0x0000010000000008, offset  38848, binaryLength 9412, format 36705 --> 0x4d 0x50 0x42 0x31 0xbc 0x24 0x00 0x00 0x02 0x00
01-10 13:51:32.540205   581   581 I ProgramBinary/Builder: ProgramEntry # 9: key 0x0002000800000001, offset  48260, binaryLength 5140, format 36705 --> 0x4d 0x50 0x42 0x31 0x0c 0x14 0x00 0x00 0x02 0x00
01-10 13:51:32.540220   581   581 I ProgramBinary/Builder: ProgramEntry #10: key 0x0000001800000000, offset  53400, binaryLength 4648, format 36705 --> 0x4d 0x50 0x42 0x31 0x20 0x12 0x00 0x00 0x02 0x00
01-10 13:51:32.540234   581   581 I ProgramBinary/Builder: ProgramEntry #11: key 0x0002001800500044, offset  58048, binaryLength 10924, format 36705 --> 0x4d 0x50 0x42 0x31 0xa4 0x2a 0x00 0x00 0x02 0x00
01-10 13:51:32.540248   581   581 I ProgramBinary/Builder: ProgramEntry #12: key 0x0000001000000008, offset  68972, binaryLength 11256, format 36705 --> 0x4d 0x50 0x42 0x31 0xf0 0x2b 0x00 0x00 0x02 0x00
01-10 13:51:32.540263   581   581 I ProgramBinary/Builder: ProgramEntry #13: key 0x0002000000900041, offset  80228, binaryLength 5204, format 36705 --> 0x4d 0x50 0x42 0x31 0x4c 0x14 0x00 0x00 0x02 0x00
01-10 13:51:32.540277   581   581 I ProgramBinary/Builder: ProgramEntry #14: key 0x0000081000000000, offset  85432, binaryLength 12020, format 36705 --> 0x4d 0x50 0x42 0x31 0xec 0x2e 0x00 0x00 0x02 0x00
01-10 13:51:32.540291   581   581 I ProgramBinary/Builder: ProgramEntry #15: key 0x0002080800000001, offset  97452, binaryLength 12588, format 36705 --> 0x4d 0x50 0x42 0x31 0x24 0x31 0x00 0x00 0x02 0x00
01-10 13:51:32.540305   581   581 I ProgramBinary/Builder: ProgramEntry #16: key 0x0002080000d00041, offset 110040, binaryLength 12592, format 36705 --> 0x4d 0x50 0x42 0x31 0x28 0x31 0x00 0x00 0x02 0x00
01-10 13:51:32.540319   581   581 I ProgramBinary/Builder: ProgramEntry #17: key 0x0002080000900041, offset 122632, binaryLength 12848, format 36705 --> 0x4d 0x50 0x42 0x31 0x28 0x32 0x00 0x00 0x02 0x00
01-10 13:51:32.540333   581   581 I ProgramBinary/Builder: ProgramEntry #18: key 0x0002080800000003, offset 135480, binaryLength 12588, format 36705 --> 0x4d 0x50 0x42 0x31 0x24 0x31 0x00 0x00 0x02 0x00
01-10 13:51:32.540348   581   581 I ProgramBinary/Builder: ProgramEntry #19: key 0x0000000800500040, offset 148068, binaryLength 4496, format 36705 --> 0x4d 0x50 0x42 0x31 0x88 0x11 0x00 0x00 0x02 0x00
01-10 13:51:32.540362   581   581 I ProgramBinary/Builder: ProgramEntry #20: key 0x0000000000000001, offset 152564, binaryLength 4944, format 36705 --> 0x4d 0x50 0x42 0x31 0x48 0x13 0x00 0x00 0x02 0x00
01-10 13:51:32.540376   581   581 I ProgramBinary/Builder: ProgramEntry #21: key 0x0000000800000000, offset 157508, binaryLength 4420, format 36705 --> 0x4d 0x50 0x42 0x31 0x3c 0x11 0x00 0x00 0x02 0x00
01-10 13:51:32.540390   581   581 I ProgramBinary/Builder: ProgramEntry #22: key 0x0000000000500040, offset 161928, binaryLength 4496, format 36705 --> 0x4d 0x50 0x42 0x31 0x88 0x11 0x00 0x00 0x02 0x00
01-10 13:51:32.540404   581   581 I ProgramBinary/Builder: ProgramEntry #23: key 0x0002000000d00041, offset 166424, binaryLength 5148, format 36705 --> 0x4d 0x50 0x42 0x31 0x14 0x14 0x00 0x00 0x02 0x00
01-10 13:51:32.540418   581   581 I ProgramBinary/Builder: ProgramEntry #24: key 0x000201080000000b, offset 171572, binaryLength 11808, format 36705 --> 0x4d 0x50 0x42 0x31 0x18 0x2e 0x00 0x00 0x02 0x00
01-10 13:51:32.540433   581   581 I ProgramBinary/Builder: ProgramEntry #25: key 0x0000001800500040, offset 183380, binaryLength 4792, format 36705 --> 0x4d 0x50 0x42 0x31 0xb0 0x12 0x00 0x00 0x02 0x00
01-10 13:51:32.540481   581   581 I ProgramBinary/Builder: Build program succeeded.
01-10 13:51:32.543065   581   581 I ProgramBinary/Builder: Build program result is sending to server...
01-10 13:51:32.543289   581   581 I ProgramBinary/Service: ProgramBinaryService client side disable debugging.
01-10 13:51:32.543373   581   581 I ProgramBinary/Service: ProgramBinaryService client side disable binary content debugging.
01-10 13:51:32.543393   581   581 D ProgramBinary/Service: BpProgramBinaryService.setProgramBinaryData
