01-10 13:51:39.104275   565   565 D         : mtk_flp_get_flp_interface
01-10 13:51:39.112747   540   709 I OMXClient: Treble IOmx obtained
01-10 13:51:39.113185   549  1161 I OMXMaster: makeComponentInstance(OMX.MTK.AUDIO.DECODER.MP3) in omx@1.0-service process
01-10 13:51:39.113589   986  1003 W zygote64: kill(-1168, 9) failed: No such process
01-10 13:51:39.113859   986  1003 I zygote64: Successfully killed process cgroup uid 1037 pid 1168 in 12ms
01-10 13:51:39.120804  1183  1183 I zygote64: System.exit called, status: 0
01-10 13:51:39.120910   540   709 I OMXClient: Treble IOmx obtained
01-10 13:51:39.120948  1183  1183 I AndroidRuntime: VM exiting with result code 0, cleanup skipped.
01-10 13:51:39.121395   549  1161 I OMXMaster: makeComponentInstance(OMX.google.mp3.decoder) in omx@1.0-service process
01-10 13:51:39.123218   986   986 I GnssLocationProvider: WakeLock acquired by sendMessage(INITIALIZE_HANDLER, 0, null)
01-10 13:51:39.124163   565   565 D hal2mnl : hal2mnl_set_server: hal2mnl_set_server  type=1 hostname=[supl.google.com] port=7275
01-10 13:51:39.124205   485   503 D skia    : SkJpegCodec::onGetPixels + (720, 1280)
01-10 13:51:39.124788   524   695 D MNLD    : mnld_main_thread: hal2mnl_hdlr msg
01-10 13:51:39.124946   524   695 D MNLD    : hal_set_server: hal_set_server  type=1 hostname=[supl.google.com] port=7275
01-10 13:51:39.125245   986   986 D MtkLocationExt: MtkLocationExt GnssLocationProvider()
01-10 13:51:39.125885   561   591 D agps    : [agps][n][AGPS] [MNL] read  set_server  type=1 hostname=[supl.google.com] port=7275 aosp_profile_enable=0
01-10 13:51:39.126153   986   986 D MtkLocationExt: add GPS time sync handler and looper
01-10 13:51:39.127085   986   986 D GnssLocationProvider: mMtkGnssProvider = com.mediatek.location.MtkLocationExt$GnssLocationProvider@3d88653
01-10 13:51:39.127904   565   565 D         : gpshal_gpscbs_save: Use GpsCallbacks
01-10 13:51:39.128091   986   986 D GnssLocationProvider: gnssSetCapabilitesCb: 65536u
01-10 13:51:39.128442   986   986 D GnssLocationProvider: gnssSetSystemInfoCb: yearOfHw=2015
01-10 13:51:39.128618   565   565 D         : socket_bind_udp: fd=8
01-10 13:51:39.128670   565   565 D         : socket_bind_udp: path=mtk_mnl2hal
01-10 13:51:39.128903   565   565 D hal2mnl : hal2mnl_gps_init: hal2mnl_gps_init
01-10 13:51:39.129179   986   986 E GnssLocationProvider: Unable to initialize GNSS Xtra interface
01-10 13:51:39.129550   524   695 D MNLD    : mnld_main_thread: hal2mnl_hdlr msg
01-10 13:51:39.129634   524   695 W MNLD    : hal_gps_init: hal_gps_init
01-10 13:51:39.129650   524   695 D MNL2AGPS: mnl2agps_gps_init: mnl2agps_gps_init
01-10 13:51:39.129942   561   591 D agps    : [agps][n][AGPS] [MNL] read  gps_init
01-10 13:51:39.129994   561   591 D agps    : [agps][n][CDMA] cdma_mgr_sync_gps_setting(): 1
01-10 13:51:39.130006   561   591 D agps    : [agps][n][RPC] GPS_RPC_REQUEST_SET_PRIVACY_MODE
01-10 13:51:39.130143   561   591 D agps    : [agps][n][CDMA] check_low_power_mode(): old=0, new=0
01-10 13:51:39.130184   561   591 D agps    : [agps] WARNING: [AGPS] agps2_mgr_aireplane_mode_from_c2k() flight_mode_state=[0] flight_mode_power_off_md=[1] is_cp_run=[0]
01-10 13:51:39.130208   561   591 D agps    : [agps][n][CP] [MD_1] write  cp2_util_send_location_setting  enabled=[1]
01-10 13:51:39.131508   565   565 E GFC_INF : mtk_geo_set_project_config: mtk_flp_set_project_config - open fd fail! 2 (No such file or directory)
01-10 13:51:39.131647   565   565 D         : mtk_hal_geofence_init: init geofence, cb function : 60fb00c8
01-10 13:51:39.132042   565  1237 D GFC_INF : mnl2gfchal_jni_thread: mtk_gfc_hal_jni_thread, Create
01-10 13:51:39.132282   524   695 D MNLD    : mnld_main_thread: gfc2mnl_hdlr msg
01-10 13:51:39.132406   524   695 D         : mtk_gfc_controller_process: MNLD_FLP_TYPE_FLP_ATTACH
01-10 13:51:39.132434   524   695 D         : gfc2mnl_hdlr: [GFC2MNLD]data from gfc: type=0xc8, session_id=0, len=0,read_len = 12
01-10 13:51:39.132463   524   695 D         : mnl_gfc_dump_buf: [GFC2MNLD]data from gfc: data=200,  0,  0,  0,  0,  0,  0,  0,
01-10 13:51:39.132484   524   695 D         : mnl_gfc_dump_buf: [GFC2MNLD]data from gfc: data=  0,  0,  0,  0,
01-10 13:51:39.132497   524   695 D MNLD    : mnld_gfc_attach: mnld_gfc_attach
01-10 13:51:39.132510   524   695 D         : mnld_gfc_attach_done: mnld_gfc_attach_done
01-10 13:51:39.132525   524   695 D         : mnl2gfc_hdlr: MNL_STATUS_ATTACH_DONE
01-10 13:51:39.132552   524   695 D MNLD    : mnld_gfc_attach: Send attach done to GFC succeed
01-10 13:51:39.132567   524   695 D         : mnld_gfc_session_update: mnld_gfc_session_update,id=1,type=1
01-10 13:51:39.132584   524   695 D         : mnl2gfc_hdlr: SESSION_UPDATE 1 support 1 mode 2
01-10 13:51:39.132608   524   695 D         : mtk_gfc_set_sys_mode: mtk_gfc_set_sys_mode success = 1
01-10 13:51:39.132623   524   695 D         : mnl2gfc_hdlr: SESSION_UPDATE: set ap mode
01-10 13:51:39.133139   565   565 E VzwDebugInterface: init: Vzw debug init, to set callback
01-10 13:51:39.133464   565   565 D hal2mnl : hal2mnl_gps_cleanup: hal2mnl_gps_cleanup
01-10 13:51:39.134590  1114  1114 W InputAttributes: No editor info for this field. Bug?
01-10 13:51:39.135651  1126  1126 W SoundPool: Use of stream types is deprecated for operations other than volume control
01-10 13:51:39.135799  1126  1126 W SoundPool: See the documentation of SoundPool() for what to use instead with android.media.AudioAttributes to qualify your playback use case
01-10 13:51:39.136427   524   695 D MNLD    : mnld_main_thread: hal2mnl_hdlr msg
01-10 13:51:39.136498   524   695 W MNLD    : hal_gps_cleanup: hal_gps_cleanup
01-10 13:51:39.136516   524   695 D MNL2AGPS: mnl2agps_gps_cleanup: mnl2agps_gps_cleanup
01-10 13:51:39.137093   561   591 D agps    : [agps][n][AGPS] [MNL] read  gps_cleanup
01-10 13:51:39.137154   561   591 D agps    : [agps][n][CDMA] cdma_mgr_sync_gps_setting(): 0
01-10 13:51:39.137167   561   591 D agps    : [agps][n][RPC] GPS_RPC_REQUEST_SET_PRIVACY_MODE
01-10 13:51:39.137279   561   591 D agps    : [agps][n][CDMA] check_low_power_mode(): old=0, new=0
01-10 13:51:39.137340   561   591 D agps    : [agps] WARNING: [AGPS] agps2_mgr_aireplane_mode_from_c2k() flight_mode_state=[0] flight_mode_power_off_md=[1] is_cp_run=[0]
01-10 13:51:39.137360   561   591 D agps    : [agps][n][CP] [MD_1] write  cp2_util_send_location_setting  enabled=[0]
01-10 13:51:39.137501   986   986 D LocationProviderProxy-network: Overlay enabled, packages=[com.android.location.fused, com.baidu.map.location]
01-10 13:51:39.137551   986  1003 W zygote64: kill(-1183, 9) failed: No such process
01-10 13:51:39.137626   986  1003 I zygote64: Successfully killed process cgroup uid 1037 pid 1183 in 0ms
01-10 13:51:39.138452   986   986 D LocationProviderProxy-network: bindBestPackage for com.android.location.service.v3.NetworkLocationProvider :  found 0, no new best component
01-10 13:51:39.139681   986   986 D LocationProviderProxy-fused: Overlay enabled, packages=[com.android.location.fused, com.baidu.map.location]
01-10 13:51:39.140319  1126  1235 V NuMediaExtractor: setDataSource fd=44 (/system/media/audio/ui/Lock.ogg), offset=0, length=8308
01-10 13:51:39.140795   986   986 D LocationProviderProxy-fused: bindBestPackage for com.android.location.service.FusedLocationProvider :  found 1, new best component: ComponentInfo{com.android.location.fused/com.android.location.fused.FusedLocationService}
01-10 13:51:39.141009   986   986 D LocationProviderProxy-fused: binding ComponentInfo{com.android.location.fused/com.android.location.fused.FusedLocationService} (v0) (u0)
01-10 13:51:39.141031   485   503 D skia    : SkJpegCodec::onGetPixels -
01-10 13:51:39.142418   532   736 D DrmMtkUtil: getProcessName() : path : [/proc/1126/cmdline]
01-10 13:51:39.143955   986   986 D GeocoderProxy: Overlay enabled, packages=[com.android.location.fused, com.baidu.map.location]
01-10 13:51:39.144264  1126  1126 D KeyguardDialogManager: DialogSequenceManager DialogSequenceManager()
01-10 13:51:39.145148   986   986 D GeocoderProxy: bindBestPackage for com.android.location.service.GeocodeProvider :  found 0, no new best component
01-10 13:51:39.147376   532   736 D DrmMtkUtil: getProcessName() : path : [/proc/1126/cmdline]
01-10 13:51:39.147849   540   709 I OMXClient: Treble IOmx obtained
01-10 13:51:39.148218   549  1161 I OMXMaster: makeComponentInstance(OMX.google.opus.decoder) in omx@1.0-service process
01-10 13:51:39.150763   538   659 V APEExtractor: getAPEInfo not ape 20483
01-10 13:51:39.150907   538   659 D MediaExtractor: Autodetected media content as 'application/ogg' with confidence 0.20
01-10 13:51:39.151583   986   986 D GeofenceProxy: Overlay enabled, packages=[com.android.location.fused, com.baidu.map.location]
01-10 13:51:39.154384   986   986 E ActivityRecognitionHardware: activity_recognition HAL is deprecated. is_supported is effectively a no-op
01-10 13:51:39.154393   546   582 I PPL/PPLAgent: checkCallerUidPermission(code:3,  uid:10021)
01-10 13:51:39.154626   546   582 E PPL/PPLAgent: checkCallerUidPermission Fail! (code:3,  uid:10021)
01-10 13:51:39.154820  1126  1126 I AntiTheftManager: PplCheckLocked, the lock flag is:false
01-10 13:51:39.154899  1126  1126 D AntiTheftManager: getInstance(...) is called.
01-10 13:51:39.154924  1126  1126 D AntiTheftManager: getInstance(...) create one.
01-10 13:51:39.154944   986   986 D ActivityRecognitionProxy: Overlay enabled, packages=[com.android.location.fused, com.baidu.map.location]
01-10 13:51:39.155243  1126  1235 V NuMediaExtractor: track of type 'audio/vorbis' does not publish bitrate
01-10 13:51:39.155407  1126  1126 D AntiTheftManager: AntiTheftManager() is called.
01-10 13:51:39.155517   986   986 E ActivityRecognitionProxy: ServiceWatcher could not start.
01-10 13:51:39.155710  1126  1126 D AntiTheftManager: mDismissable is 0 before
01-10 13:51:39.155756  1126  1126 D AntiTheftManager: mDismissable is 0 after
01-10 13:51:39.155830  1126  1126 D AntiTheftManager: MTK_PRIVACY_PROTECTION_LOCK is enabled.
01-10 13:51:39.155857  1126  1126 D AntiTheftManager: mDismissable is 0 before
01-10 13:51:39.155873  1126  1126 D AntiTheftManager: mDismissable is 2 after
01-10 13:51:39.156292   986   986 D LocationManagerService: updateProvidersLocked provider:fused changesMade: true isEnabled:false shouldBeEnabled:true
01-10 13:51:39.156711   986   986 D LocationManagerService: updateProvidersLocked provider:network changesMade: true isEnabled:false shouldBeEnabled:false
01-10 13:51:39.156935   986   986 I GnssLocationProvider: WakeLock acquired by sendMessage(ENABLE, 1, null)
01-10 13:51:39.156979   986   986 D LocationManagerService: updateProvidersLocked provider:gps changesMade: true isEnabled:false shouldBeEnabled:true
01-10 13:51:39.157041   986   986 D LocationManagerService: updateProvidersLocked provider:passive changesMade: true isEnabled:true shouldBeEnabled:true
01-10 13:51:39.158145  1126  1126 D VoiceWakeupManagerProxy: getInstance(...) is called.
01-10 13:51:39.158228  1126  1126 D VoiceWakeupManagerProxy: getInstance(...) create one.
01-10 13:51:39.158266  1126  1126 D VoiceWakeupManagerProxy: constructor is called.
01-10 13:51:39.158760  1126  1126 E VoiceWakeupManagerProxy: createVoiceWakeupManagerInstance error
01-10 13:51:39.159404   540   709 I OMXClient: Treble IOmx obtained
01-10 13:51:39.159551  1126  1126 E VoiceWakeupManagerProxy: java.lang.ClassNotFoundException: com.mediatek.keyguard.VoiceWakeup.VoiceWakeupManager
01-10 13:51:39.159551  1126  1126 E VoiceWakeupManagerProxy: 	at java.lang.Class.classForName(Native Method)
01-10 13:51:39.159551  1126  1126 E VoiceWakeupManagerProxy: 	at java.lang.Class.forName(Class.java:453)
01-10 13:51:39.159551  1126  1126 E VoiceWakeupManagerProxy: 	at java.lang.Class.forName(Class.java:378)
01-10 13:51:39.159551  1126  1126 E VoiceWakeupManagerProxy: 	at com.mediatek.keyguard.VoiceWakeup.VoiceWakeupManagerProxy.createVoiceWakeupManagerInstance(VoiceWakeupManagerProxy.java:40)
01-10 13:51:39.159551  1126  1126 E VoiceWakeupManagerProxy: 	at com.mediatek.keyguard.VoiceWakeup.VoiceWakeupManagerProxy.getInstance(VoiceWakeupManagerProxy.java:33)
01-10 13:51:39.159551  1126  1126 E VoiceWakeupManagerProxy: 	at com.android.systemui.keyguard.KeyguardViewMediator.setupLocked(KeyguardViewMediator.java:933)
01-10 13:51:39.159551  1126  1126 E VoiceWakeupManagerProxy: 	at com.android.systemui.keyguard.KeyguardViewMediator.start(KeyguardViewMediator.java:948)
01-10 13:51:39.159551  1126  1126 E VoiceWakeupManagerProxy: 	at com.android.systemui.SystemUIApplication.startServicesIfNeeded(SystemUIApplication.java:215)
01-10 13:51:39.159551  1126  1126 E VoiceWakeupManagerProxy: 	at com.android.systemui.SystemUIApplication.startServicesIfNeeded(SystemUIApplication.java:164)
01-10 13:51:39.159551  1126  1126 E VoiceWakeupManagerProxy: 	at com.android.systemui.SystemUIService.onCreate(SystemUIService.java:33)
01-10 13:51:39.159551  1126  1126 E VoiceWakeupManagerProxy: 	at android.app.ActivityThread.handleCreateService(ActivityThread.java:3380)
01-10 13:51:39.159551  1126  1126 E VoiceWakeupManagerProxy: 	at android.app.ActivityThread.-wrap4(Unknown Source:0)
01-10 13:51:39.159551  1126  1126 E VoiceWakeupManagerProxy: 	at android.app.ActivityThread$H.handleMessage(ActivityThread.java:1711)
01-10 13:51:39.159551  1126  1126 E VoiceWakeupManagerProxy: 	at android.os.Handler.dispatchMessage(Handler.java:106)
01-10 13:51:39.159551  1126  1126 E VoiceWakeupManagerProxy: 	at android.os.Looper.loop(Looper.java:164)
01-10 13:51:39.159551  1126  1126 E VoiceWakeupManagerProxy: 	at android.app.ActivityThread.main(ActivityThread.java:6548)
01-10 13:51:39.159551  1126  1126 E VoiceWakeupManagerProxy: 	at java.lang.reflect.Method.invoke(Native Method)
01-10 13:51:39.159551  1126  1126 E VoiceWakeupManagerProxy: 	at com.android.internal.os.RuntimeInit$MethodAndArgsCaller.run(RuntimeInit.java:438)
01-10 13:51:39.159551  1126  1126 E VoiceWakeupManagerProxy: 	at com.android.internal.os.ZygoteInit.main(ZygoteInit.java:857)
01-10 13:51:39.159551  1126  1126 E VoiceWakeupManagerProxy: Caused by: java.lang.ClassNotFoundException: Didn't find class "com.mediatek.keyguard.VoiceWakeup.VoiceWakeupManager" on path: DexPathList[[zip file "/system/priv-app/MtkSystemUI/MtkSystemUI.apk"],nativeLibraryDirectories=[/system/priv-app/MtkSystemUI/lib/arm64, /system/lib64, /vendor/lib64, /system/lib64, /vendor/lib64]]
01-10 13:51:39.159551  1126  1126 E VoiceWakeupManagerProxy: 	at dalvik.system.BaseDexClassLoader.findClass(BaseDexClassLoader.java:125)
01-10 13:51:39.159551  1126  1126 E VoiceWakeupManagerProxy: 	at java.lang.ClassLoader.loadClass(ClassLoader.java:379)
01-10 13:51:39.159551  1126  1126 E VoiceWakeupManagerProxy: 	at java.lang.ClassLoader.loadClass(ClassLoader.java:312)
01-10 13:51:39.159551  1126  1126 E VoiceWakeupManagerProxy: 	... 19 more
01-10 13:51:39.159751   549  1161 I OMXMaster: makeComponentInstance(OMX.MTK.AUDIO.DECODER.RAW) in omx@1.0-service process
01-10 13:51:39.163189   986   986 D MtkLocationExt: MtkLocationExt LocationManagerService()
01-10 13:51:39.163332   986   986 D LocationManagerService: mMtkLocationManagerService = com.mediatek.location.MtkLocationExt$LocationManagerService@894f720
01-10 13:51:39.163511   986   986 D LocationManagerService: checkCtaSupport = true
01-10 13:51:39.163890  1126  1126 D RemoteLockManager: getInstance(...) is called.
01-10 13:51:39.163915  1126  1126 D RemoteLockManager: getInstance(...) create one.
01-10 13:51:39.164304  1126  1126 D RemoteLockManager: RemoteLockManager() is called.
01-10 13:51:39.166441   485   503 D skia    : SkJpegCodec::onGetPixels + (720, 1280)
01-10 13:51:39.170020   986  1000 D LocationManagerService: request 872617f passive Request[POWER_NONE passive fastest=0] from android(1000 foreground [whitelisted])
01-10 13:51:39.170630   540   709 I OMXClient: Treble IOmx obtained
01-10 13:51:39.171158   986  1000 I GnssLocationProvider: WakeLock released by handleMessage(INITIALIZE_HANDLER, 0, null)
01-10 13:51:39.171273   549  1161 I OMXMaster: makeComponentInstance(OMX.google.raw.decoder) in omx@1.0-service process
01-10 13:51:39.171790   565   565 W MtkGnssHAL_GnssInterface: setCallback called more than once. Unexpected unless test.
01-10 13:51:39.172256   986  1000 D GnssLocationProvider: gnssSetCapabilitesCb: 65536u
01-10 13:51:39.172587   986  1000 D GnssLocationProvider: gnssSetSystemInfoCb: yearOfHw=2015
01-10 13:51:39.172745   565   565 D         : gpshal_gpscbs_save: Use GpsCallbacks
01-10 13:51:39.172782   565   565 D hal2mnl : hal2mnl_gps_init: hal2mnl_gps_init
01-10 13:51:39.173339   524   695 D MNLD    : mnld_main_thread: hal2mnl_hdlr msg
01-10 13:51:39.173504   524   695 W MNLD    : hal_gps_init: hal_gps_init
01-10 13:51:39.173522   524   695 D MNL2AGPS: mnl2agps_gps_init: mnl2agps_gps_init
01-10 13:51:39.173541   986  1000 E GnssLocationProvider: Unable to initialize GNSS Xtra interface
01-10 13:51:39.174122   561   591 D agps    : [agps][n][AGPS] [MNL] read  gps_init
01-10 13:51:39.174185   561   591 D agps    : [agps][n][CDMA] cdma_mgr_sync_gps_setting(): 1
01-10 13:51:39.174205   561   591 D agps    : [agps][n][RPC] GPS_RPC_REQUEST_SET_PRIVACY_MODE
01-10 13:51:39.174257   565   565 E GFC_INF : hal2_geofence_init: geofence init before
01-10 13:51:39.174324   565   565 D         : mtk_hal_geofence_init: init geofence, cb function : 60fb00c8
01-10 13:51:39.174338   561   591 D agps    : [agps][n][CDMA] check_low_power_mode(): old=0, new=0
01-10 13:51:39.174396   561   591 D agps    : [agps] WARNING: [AGPS] agps2_mgr_aireplane_mode_from_c2k() flight_mode_state=[0] flight_mode_power_off_md=[1] is_cp_run=[0]
01-10 13:51:39.174427   561   591 D agps    : [agps][n][CP] [MD_1] write  cp2_util_send_location_setting  enabled=[1]
01-10 13:51:39.175408   565   565 E VzwDebugInterface: init: Vzw debug init, to set callback
01-10 13:51:39.176159   565   565 D hal2mnl : hal2mnl_set_server: hal2mnl_set_server  type=1 hostname=[supl.google.com] port=7275
01-10 13:51:39.176699   524   695 D MNLD    : mnld_main_thread: hal2mnl_hdlr msg
01-10 13:51:39.176851   524   695 D MNLD    : hal_set_server: hal_set_server  type=1 hostname=[supl.google.com] port=7275
01-10 13:51:39.177272   986  1109 D Ethernet: got request NetworkRequest [ TRACK_DEFAULT id=6, [ Capabilities: INTERNET&NOT_RESTRICTED&TRUSTED&NOT_VPN] ] with score 0
01-10 13:51:39.177569   561   591 D agps    : [agps][n][AGPS] [MNL] read  set_server  type=1 hostname=[supl.google.com] port=7275 aosp_profile_enable=0
01-10 13:51:39.177646   565   565 D         : mtk_flp_init
01-10 13:51:39.177680   565   565 E         : mtk_flp_init: mtkFlpCallbacks.set_thread_event_cb
01-10 13:51:39.177691   565   565 E         : mtk_flp_init: mtkFlpCallbacks.flp_capabilities_cb
01-10 13:51:39.177703   565   565 D GnssHAL_GnssBatchingInterface: flpCapabilitiesCb capabilities 1
01-10 13:51:39.177800   986   986 I CommonTimeManagementService: No common time service detected on this platform.  Common time services will be unavailable.
01-10 13:51:39.178040   565   565 D         : init_timer_id: timer create ok
01-10 13:51:39.178690   565  1256 D         : mnl2flphal_jni_thread: mtk_flp_hal_jni_thread, Create
01-10 13:51:39.178737   986  1000 I GnssLocationProvider: WakeLock released by handleMessage(ENABLE, 1, null)
01-10 13:51:39.178954   524   695 D MNLD    : mnld_main_thread: flp2mnl_hdlr msg
01-10 13:51:39.179040   524   695 D flpint  : mtk_flp2mnl_process: MNLD_FLP_TYPE_FLP_ATTACH
01-10 13:51:39.179147   524   695 D flpmain : mnl_flp_dump_buf: [FLP2MNLD]data from flp: data=200,  0,  0,  0,  0,  0,  0,  0,
01-10 13:51:39.179207   524   695 D flpmain : mnl_flp_dump_buf: [FLP2MNLD]data from flp: data=  0,  0,  0,  0,
01-10 13:51:39.179236   524   695 D MNLD    : mnld_flp_attach: mnld_flp_attach
01-10 13:51:39.179283   524   695 D flpmain : mnld_flp_attach_done: mnld_flp_attach_done
01-10 13:51:39.179328   524   695 D flpint  : mnl2flp_hdlr: MNL_STATUS_ATTACH_DONE
01-10 13:51:39.179318  1114  1250 I LatinIME:LogUtils: Dictionary info: dictionary = UserHistoryDictionary.en_US ; version = 1578016041 ; date = 1578104338
01-10 13:51:39.179372   524   695 D MNLD    : mnld_flp_attach: Send attach done to FLP succeed
01-10 13:51:39.179406   524   695 D flpmain : mnld_flp_session_update: mnld_flp_session_update,id=1,type=1
01-10 13:51:39.179449   524   695 D flpint  : mnl2flp_hdlr: SESSION_UPDATE 1 support 1 mode 2
01-10 13:51:39.179491   524   695 D flpmain : mtk_flp_set_sys_mode: mtk_flp_set_sys_mode success = 1
01-10 13:51:39.179531   524   695 D flpint  : mnl2flp_hdlr: SESSION_UPDATE: set ap mode
01-10 13:51:39.180531  1114  1250 I LatinIME:LogUtils: Dictionary info: dictionary = userunigram.en_US ; version = 1578635499 ; date = ?
01-10 13:51:39.181782   986  1072 I InputReader: Reconfiguring input devices.  changes=0x00000020
01-10 13:51:39.183751   540   709 I OMXClient: Treble IOmx obtained
01-10 13:51:39.184185   485   503 D skia    : SkJpegCodec::onGetPixels -
01-10 13:51:39.184394   549  1161 I OMXMaster: makeComponentInstance(OMX.google.vorbis.decoder) in omx@1.0-service process
01-10 13:51:39.197471   540   709 I OMXClient: Treble IOmx obtained
01-10 13:51:39.197955   549   652 I OMXMaster: makeComponentInstance(OMX.google.aac.encoder) in omx@1.0-service process
01-10 13:51:39.199395   986  1072 I InputReader: Reconfiguring input devices.  changes=0x00000010
01-10 13:51:39.208271   485   503 D skia    : SkJpegCodec::onGetPixels + (720, 1280)
01-10 13:51:39.209615   540   709 I OMXClient: Treble IOmx obtained
01-10 13:51:39.210119   549   652 I OMXMaster: makeComponentInstance(OMX.google.amrnb.encoder) in omx@1.0-service process
01-10 13:51:39.212512   775   911 I EMDLOGGER1: property debug.mdl.save_log_storage is not set value
01-10 13:51:39.212708   775   911 D EMDLOGGER1: access filter config file fail then create: /mnt/sdcard/mtklog/mdlog1_config/filter_config
01-10 13:51:39.212743   775   911 E EMDLOGGER1: Create filter config file /mnt/sdcard/mtklog/mdlog1_config/filter_config failed, errno = 2
01-10 13:51:39.220097   540   709 I OMXClient: Treble IOmx obtained
01-10 13:51:39.220581   549   652 I OMXMaster: makeComponentInstance(OMX.google.amrwb.encoder) in omx@1.0-service process
01-10 13:51:39.223339  1114  1250 I LatinIME:LogUtils: Dictionary info: dictionary = main:en ; version = 54 ; date = 1414726273
01-10 13:51:39.223757   485   503 D skia    : SkJpegCodec::onGetPixels -
01-10 13:51:39.236214   540   709 I OMXClient: Treble IOmx obtained
01-10 13:51:39.236599   549   652 I OMXMaster: makeComponentInstance(OMX.google.flac.encoder) in omx@1.0-service process
01-10 13:51:39.237533   551   922 E lsc_nvram: [do_mkdir] fail to mkdir [/data/shading_otp]: 13[Permission denied] (do_mkdir){#65:vendor/mediatek/proprietary/hardware/mtkcam/aaa/source/mt6763/lsc_mgr/LscUtil.h}
01-10 13:51:39.233000   551   551 W HwBinder:551_2: type=1400 audit(0.0:43): avc: denied { add_name } for name="shading_otp" scontext=u:r:mtk_hal_camera:s0 tcontext=u:object_r:system_data_file:s0 tclass=dir permissive=0
01-10 13:51:39.250086   485   503 D skia    : SkJpegCodec::onGetPixels + (720, 1280)
01-10 13:51:39.250997   540   709 I OMXClient: Treble IOmx obtained
01-10 13:51:39.251558   549   652 I OMXMaster: makeComponentInstance(OMX.MTK.VIDEO.DECODER.AVC) in omx@1.0-service process
01-10 13:51:39.254353  1126  1126 I vol.Events: writeEvent collection_started
01-10 13:51:39.265967   485   503 D skia    : SkJpegCodec::onGetPixels -
01-10 13:51:39.270901  1126  1272 I vol.Events: writeEvent external_ringer_mode_changed normal
01-10 13:51:39.271308  1126  1272 I vol.Events: writeEvent internal_ringer_mode_changed normal
01-10 13:51:39.291708   485   503 D skia    : SkJpegCodec::onGetPixels + (720, 1280)
01-10 13:51:39.299155   549   652 D PQ      : [PQ_PROT] [PQCust] libpq_cust_base.so OK, libpq_cust.so absent
01-10 13:51:39.299908   549   652 D MtkOmxVdecEx: [0xf2cc0000] MtkOmxVdec::MtkOmxVdec this= 0xF2CC0000
01-10 13:51:39.300094   549   652 D MtkOmxVdecEx: [0xf2cc0000] OmxVdecLogEnable = 0, bOmxVdecPerfLogEnable = 0
01-10 13:51:39.300853   549   652 D MtkOmxVdecEx: [0xf2cc0000] MtkOmxComponentCreate mCompHandle(0xF2CC0004)
01-10 13:51:39.300917   549   652 D MtkOmxVdecEx: [0xf2cc0000] MtkOmxVdec::ComponentInit (OMX.MTK.VIDEO.DECODER.AVC)
01-10 13:51:39.301573   549   652 I         : isVTService(media.codec)
01-10 13:51:39.302564   549   652 D MtkOmxVdecEx: [0xf2cc0000] MtkOmxVdec::SetConfig -> disable priority adjustment
01-10 13:51:39.303759   549  1275 D MtkOmxVdecEx: [0xf2cc0000] MtkOmxVdecThread created pVdec=0xF2CC0000, tid=1275
01-10 13:51:39.305618   549  1276 D MtkOmxVdecEx: [0xf2cc0000] MtkOmxVdecDecodeThread created pVdec=0xF2CC0000, tid=1276
01-10 13:51:39.307862   485   503 D skia    : SkJpegCodec::onGetPixels -
01-10 13:51:39.309644   549  1277 D MtkOmxVdecEx: [0xf2cc0000] MtkOmxVdecConvertThread created pVdec=0xF2CC0000, tid=1277
01-10 13:51:39.314086   986   986 E libdevice_genetic: VSCAN_LEFT_TRIGGER 
01-10 13:51:39.328604   986   986 E libdevice_genetic: VSCAN_RIGHT_TRIGGER 
01-10 13:51:39.333725   485   503 D skia    : SkJpegCodec::onGetPixels + (720, 1280)
01-10 13:51:39.334415   549  1161 E OMXNodeInstance: getParameter(0xf2cc0004:MTK.DECODER.AVC, ??(0x7f200405)) ERROR: UnsupportedIndex(0x8000101a)
01-10 13:51:39.334676   540   709 W OMXUtils: do not know color format 0x7f000001 = 2130706433
01-10 13:51:39.335461   549  1161 E OMXNodeInstance: getParameter(0xf2cc0004:MTK.DECODER.AVC, ??(0x7f200405)) ERROR: UnsupportedIndex(0x8000101a)
01-10 13:51:39.335814   549  1161 E OMXNodeInstance: getExtensionIndex(0xf2cc0004:MTK.DECODER.AVC, OMX.google.android.index.configureVideoTunnelMode) ERROR: UnsupportedIndex(0x8000101a)
01-10 13:51:39.336048   549  1161 E MtkOmxVdecEx: [0xf2cc0000] @@ OMX_GoogleAndroidIndexEnableAndroidNativeHandle: invalid port index
01-10 13:51:39.336144   549  1161 E OMXNodeInstance: setParameter(0xf2cc0004:MTK.DECODER.AVC, OMX.google.android.index.allocateNativeHandle(0x7f20040e): Output:1 en=0) ERROR: BadParameter(0x80001005)
01-10 13:51:39.337679   549  1161 D MtkOmxVdecEx: [0xf2cc0000] +MtkOmxVdec::ComponentDeInit
01-10 13:51:39.337980   549  1277 D MtkOmxVdecEx: [0xf2cc0000] MtkOmxVdecConvertThread terminated
01-10 13:51:39.337986   549  1276 D MtkOmxVdecEx: [0xf2cc0000] MtkOmxVdecDecodeThread terminated pVdec=0xF2CC0000
01-10 13:51:39.338245   549  1275 D MtkOmxVdecEx: [0xf2cc0000] MtkOmxVdecThread terminated
01-10 13:51:39.342427   986   986 E libdevice_genetic: VSCAN_PISTOL_TRIGGER 
01-10 13:51:39.345848   527   558 D AAL     : 01-10 01:51:39.138 BL= 361,ESS= 256, 01-10 01:51:39.194 BL= 362,ESS= 256, 01-10 01:51:39.232 BL= 363,ESS= 256, 01-10 01:51:39.288 BL= 364,ESS= 256, 01-10 01:51:39.345 BL= 365,ESS= 256, 
01-10 13:51:39.349182   549  1161 D MtkOmxVdecEx: [0xf2cc0000] -MtkOmxVdec::ComponentDeInit
01-10 13:51:39.349255   549  1161 D MtkOmxVdecEx: [0xf2cc0000] ~MtkOmxVdec this= 0xF2CC0000
01-10 13:51:39.349494   549  1278 D MtkOmxCore: ## MtkOmxCoreCpuControlThread terminated
01-10 13:51:39.349575   485   503 D skia    : SkJpegCodec::onGetPixels -
01-10 13:51:39.352983   540   709 I OMXClient: Treble IOmx obtained
01-10 13:51:39.353562   549  1161 I OMXMaster: makeComponentInstance(OMX.google.h264.decoder) in omx@1.0-service process
01-10 13:51:39.361161   986   986 E libdevice_battery: battery_min_temperature: temperature not in range
01-10 13:51:39.367742   549  1161 E OMXNodeInstance: getExtensionIndex(0xf3caac00:google.h264.decoder, OMX.google.android.index.configureVideoTunnelMode) ERROR: UnsupportedIndex(0x8000101a)
01-10 13:51:39.367977   549  1161 E OMXNodeInstance: getExtensionIndex(0xf3caac00:google.h264.decoder, OMX.google.android.index.enableAndroidNativeBuffers) ERROR: UnsupportedIndex(0x8000101a)
01-10 13:51:39.369529   534   846 I VT      : [VTS] gVTSClient == NULL
01-10 13:51:39.370200   986   986 E DL-KSParserFactory: Error while retrieving KSType file
01-10 13:51:39.370364   986   986 W System.err: java.io.FileNotFoundException: /enterprise/imported/type (Permission denied)
01-10 13:51:39.370568   986   986 W System.err: 	at java.io.FileInputStream.open0(Native Method)
01-10 13:51:39.370600   986   986 W System.err: 	at java.io.FileInputStream.open(FileInputStream.java:200)
01-10 13:51:39.370617   986   986 W System.err: 	at java.io.FileInputStream.<init>(FileInputStream.java:150)
01-10 13:51:39.370633   986   986 W System.err: 	at java.io.FileInputStream.<init>(FileInputStream.java:103)
01-10 13:51:39.370646   986   986 W System.err: 	at java.io.FileReader.<init>(FileReader.java:58)
01-10 13:51:39.370660   986   986 W System.err: 	at com.datalogic.server.KSParserFactory.getType(KSParserFactory.java:39)
01-10 13:51:39.370678   986   986 W System.err: 	at com.datalogic.server.KSParserFactory.createKSParser(KSParserFactory.java:19)
01-10 13:51:39.370695   986   986 W System.err: 	at com.datalogic.server.WifiConfDecryptManager.importExternalKeystore(WifiConfDecryptManager.java:262)
01-10 13:51:39.370710   986   986 W System.err: 	at com.datalogic.server.WifiConfDecryptManager.setupKeyStore(WifiConfDecryptManager.java:232)
01-10 13:51:39.370726   986   986 W System.err: 	at com.datalogic.server.WifiConfDecryptManager.init(WifiConfDecryptManager.java:151)
01-10 13:51:39.370747   986   986 W System.err: 	at com.datalogic.server.CryptoManager.systemReady(CryptoManager.java:46)
01-10 13:51:39.370762   986   986 W System.err: 	at com.android.server.SystemServer.lambda$-com_android_server_SystemServer_85408(SystemServer.java:2117)
01-10 13:51:39.370777   986   986 W System.err: 	at com.android.server.-$Lambda$T7cKu_OKm_Fk2kBNthmo_uUJTSo$1.$m$0(Unknown Source:146)
01-10 13:51:39.370792   986   986 W System.err: 	at com.android.server.-$Lambda$T7cKu_OKm_Fk2kBNthmo_uUJTSo$1.run(Unknown Source:0)
01-10 13:51:39.370809   986   986 W System.err: 	at com.android.server.am.ActivityManagerService.systemReady(ActivityManagerService.java:14428)
01-10 13:51:39.370824   986   986 W System.err: 	at com.android.server.SystemServer.startOtherServices(SystemServer.java:1875)
01-10 13:51:39.370837   986   986 W System.err: 	at com.android.server.SystemServer.run(SystemServer.java:434)
01-10 13:51:39.370850   986   986 W System.err: 	at com.android.server.SystemServer.main(SystemServer.java:299)
01-10 13:51:39.370865   986   986 W System.err: 	at java.lang.reflect.Method.invoke(Native Method)
01-10 13:51:39.370879   986   986 W System.err: 	at com.android.internal.os.RuntimeInit$MethodAndArgsCaller.run(RuntimeInit.java:438)
01-10 13:51:39.370892   986   986 W System.err: 	at com.android.internal.os.ZygoteInit.main(ZygoteInit.java:837)
01-10 13:51:39.370982   986   986 E DL-KSParserFactory: Unknown keystore type
01-10 13:51:39.375520   485   503 D skia    : SkJpegCodec::onGetPixels + (720, 1280)
01-10 13:51:39.376238   540   709 I OMXClient: Treble IOmx obtained
01-10 13:51:39.376760   549   652 I OMXMaster: makeComponentInstance(OMX.MTK.VIDEO.DECODER.DIVX) in omx@1.0-service process
01-10 13:51:39.377614   549   652 D MtkOmxVdecEx: [0xf2cc1800] MtkOmxVdec::MtkOmxVdec this= 0xF2CC1800
01-10 13:51:39.377775   549   652 D MtkOmxVdecEx: [0xf2cc1800] OmxVdecLogEnable = 0, bOmxVdecPerfLogEnable = 0
01-10 13:51:39.378298   549   652 D MtkOmxVdecEx: [0xf2cc1800] MtkOmxComponentCreate mCompHandle(0xF2CC1804)
01-10 13:51:39.378343   549   652 D MtkOmxVdecEx: [0xf2cc1800] MtkOmxVdec::ComponentInit (OMX.MTK.VIDEO.DECODER.DIVX)
01-10 13:51:39.369000   986   986 W system_server: type=1400 audit(0.0:44): avc: denied { search } for name="/" dev="mmcblk0p7" ino=2 scontext=u:r:system_server:s0 tcontext=u:object_r:enterprise_file:s0 tclass=dir permissive=0
01-10 13:51:39.379118   549   652 D MtkOmxVdecEx: [0xf2cc1800] MtkOmxVdec::SetConfig -> disable priority adjustment
01-10 13:51:39.379612   549  1283 D MtkOmxVdecEx: [0xf2cc1800] MtkOmxVdecThread created pVdec=0xF2CC1800, tid=1283
01-10 13:51:39.379732   549  1284 D MtkOmxVdecEx: [0xf2cc1800] MtkOmxVdecDecodeThread created pVdec=0xF2CC1800, tid=1284
01-10 13:51:39.379811   549  1285 D MtkOmxVdecEx: [0xf2cc1800] MtkOmxVdecConvertThread created pVdec=0xF2CC1800, tid=1285
01-10 13:51:39.384583   549   652 E OMXNodeInstance: getParameter(0xf2cc1804:MTK.DECODER.DIVX, ??(0x7f200405)) ERROR: UnsupportedIndex(0x8000101a)
01-10 13:51:39.384795   540   709 W OMXUtils: do not know color format 0x7f000001 = 2130706433
01-10 13:51:39.385518   549   652 E OMXNodeInstance: getParameter(0xf2cc1804:MTK.DECODER.DIVX, ??(0x7f200405)) ERROR: UnsupportedIndex(0x8000101a)
01-10 13:51:39.385820   549   652 E OMXNodeInstance: getExtensionIndex(0xf2cc1804:MTK.DECODER.DIVX, OMX.google.android.index.configureVideoTunnelMode) ERROR: UnsupportedIndex(0x8000101a)
01-10 13:51:39.385987   549   652 E MtkOmxVdecEx: [0xf2cc1800] @@ OMX_GoogleAndroidIndexEnableAndroidNativeHandle: invalid port index
01-10 13:51:39.386078   549   652 E OMXNodeInstance: setParameter(0xf2cc1804:MTK.DECODER.DIVX, OMX.google.android.index.allocateNativeHandle(0x7f20040e): Output:1 en=0) ERROR: BadParameter(0x80001005)
01-10 13:51:39.386319   549   652 D MtkOmxVdecEx: [0xf2cc1800] +MtkOmxVdec::ComponentDeInit
01-10 13:51:39.386528   549  1284 D MtkOmxVdecEx: [0xf2cc1800] MtkOmxVdecDecodeThread terminated pVdec=0xF2CC1800
01-10 13:51:39.386528   549  1285 D MtkOmxVdecEx: [0xf2cc1800] MtkOmxVdecConvertThread terminated
01-10 13:51:39.386568   549  1283 D MtkOmxVdecEx: [0xf2cc1800] MtkOmxVdecThread terminated
01-10 13:51:39.391208   485   503 D skia    : SkJpegCodec::onGetPixels -
01-10 13:51:39.396717   549   652 D MtkOmxVdecEx: [0xf2cc1800] -MtkOmxVdec::ComponentDeInit
01-10 13:51:39.396790   549   652 D MtkOmxVdecEx: [0xf2cc1800] ~MtkOmxVdec this= 0xF2CC1800
01-10 13:51:39.396932   549  1286 D MtkOmxCore: ## MtkOmxCoreCpuControlThread terminated
01-10 13:51:39.398989   540   709 I OMXClient: Treble IOmx obtained
01-10 13:51:39.399300   549   652 I OMXMaster: makeComponentInstance(OMX.MTK.VIDEO.DECODER.DIVX3) in omx@1.0-service process
01-10 13:51:39.399984   549   652 D MtkOmxVdecEx: [0xf2cc1800] MtkOmxVdec::MtkOmxVdec this= 0xF2CC1800
01-10 13:51:39.400089   549   652 D MtkOmxVdecEx: [0xf2cc1800] OmxVdecLogEnable = 0, bOmxVdecPerfLogEnable = 0
01-10 13:51:39.400605   549   652 D MtkOmxVdecEx: [0xf2cc1800] MtkOmxComponentCreate mCompHandle(0xF2CC1804)
01-10 13:51:39.400645   549   652 D MtkOmxVdecEx: [0xf2cc1800] MtkOmxVdec::ComponentInit (OMX.MTK.VIDEO.DECODER.DIVX3)
01-10 13:51:39.401561   549   652 D MtkOmxVdecEx: [0xf2cc1800] MtkOmxVdec::SetConfig -> disable priority adjustment
01-10 13:51:39.402140   549  1295 D MtkOmxVdecEx: [0xf2cc1800] MtkOmxVdecConvertThread created pVdec=0xF2CC1800, tid=1295
01-10 13:51:39.405547   549  1293 D MtkOmxVdecEx: [0xf2cc1800] MtkOmxVdecThread created pVdec=0xF2CC1800, tid=1293
01-10 13:51:39.405684   549  1294 D MtkOmxVdecEx: [0xf2cc1800] MtkOmxVdecDecodeThread created pVdec=0xF2CC1800, tid=1294
01-10 13:51:39.407950   549  1161 E OMXNodeInstance: getParameter(0xf2cc1804:MTK.DECODER.DIVX3, ??(0x7f200405)) ERROR: UnsupportedIndex(0x8000101a)
01-10 13:51:39.408145   540   709 W OMXUtils: do not know color format 0x7f000001 = 2130706433
01-10 13:51:39.408667   549  1161 E OMXNodeInstance: getParameter(0xf2cc1804:MTK.DECODER.DIVX3, ??(0x7f200405)) ERROR: UnsupportedIndex(0x8000101a)
01-10 13:51:39.408932   549  1161 E OMXNodeInstance: getExtensionIndex(0xf2cc1804:MTK.DECODER.DIVX3, OMX.google.android.index.configureVideoTunnelMode) ERROR: UnsupportedIndex(0x8000101a)
01-10 13:51:39.409086   549  1161 E MtkOmxVdecEx: [0xf2cc1800] @@ OMX_GoogleAndroidIndexEnableAndroidNativeHandle: invalid port index
01-10 13:51:39.409175   549  1161 E OMXNodeInstance: setParameter(0xf2cc1804:MTK.DECODER.DIVX3, OMX.google.android.index.allocateNativeHandle(0x7f20040e): Output:1 en=0) ERROR: BadParameter(0x80001005)
01-10 13:51:39.409617   549   652 D MtkOmxVdecEx: [0xf2cc1800] +MtkOmxVdec::ComponentDeInit
01-10 13:51:39.409898   549  1294 D MtkOmxVdecEx: [0xf2cc1800] MtkOmxVdecDecodeThread terminated pVdec=0xF2CC1800
01-10 13:51:39.409906   549  1295 D MtkOmxVdecEx: [0xf2cc1800] MtkOmxVdecConvertThread terminated
01-10 13:51:39.409948   549  1293 D MtkOmxVdecEx: [0xf2cc1800] MtkOmxVdecThread terminated
01-10 13:51:39.417207   485   503 D skia    : SkJpegCodec::onGetPixels + (720, 1280)
01-10 13:51:39.420220   549   652 D MtkOmxVdecEx: [0xf2cc1800] -MtkOmxVdec::ComponentDeInit
01-10 13:51:39.420351   549   652 D MtkOmxVdecEx: [0xf2cc1800] ~MtkOmxVdec this= 0xF2CC1800
01-10 13:51:39.420597   549  1296 D MtkOmxCore: ## MtkOmxCoreCpuControlThread terminated
01-10 13:51:39.423465   540   709 I OMXClient: Treble IOmx obtained
01-10 13:51:39.424253   549   652 I OMXMaster: makeComponentInstance(OMX.MTK.VIDEO.DECODER.H263) in omx@1.0-service process
01-10 13:51:39.425027   549   652 D MtkOmxVdecEx: [0xf2cc1800] MtkOmxVdec::MtkOmxVdec this= 0xF2CC1800
01-10 13:51:39.425621   549   652 D MtkOmxVdecEx: [0xf2cc1800] OmxVdecLogEnable = 0, bOmxVdecPerfLogEnable = 0
01-10 13:51:39.426428   549   652 D MtkOmxVdecEx: [0xf2cc1800] MtkOmxComponentCreate mCompHandle(0xF2CC1804)
01-10 13:51:39.426483   549   652 D MtkOmxVdecEx: [0xf2cc1800] MtkOmxVdec::ComponentInit (OMX.MTK.VIDEO.DECODER.H263)
01-10 13:51:39.427469   549   652 D MtkOmxVdecEx: [0xf2cc1800] MtkOmxVdec::SetConfig -> disable priority adjustment
01-10 13:51:39.427979   549  1315 D MtkOmxVdecEx: [0xf2cc1800] MtkOmxVdecThread created pVdec=0xF2CC1800, tid=1315
01-10 13:51:39.428094   549  1316 D MtkOmxVdecEx: [0xf2cc1800] MtkOmxVdecDecodeThread created pVdec=0xF2CC1800, tid=1316
01-10 13:51:39.428283   549  1318 D MtkOmxVdecEx: [0xf2cc1800] MtkOmxVdecConvertThread created pVdec=0xF2CC1800, tid=1318
01-10 13:51:39.432578   485   503 D skia    : SkJpegCodec::onGetPixels -
01-10 13:51:39.436108   549   652 E OMXNodeInstance: getParameter(0xf2cc1804:MTK.DECODER.H263, ??(0x7f200405)) ERROR: UnsupportedIndex(0x8000101a)
01-10 13:51:39.436319   540   709 W OMXUtils: do not know color format 0x7f000001 = 2130706433
01-10 13:51:39.437262   549   652 E OMXNodeInstance: getParameter(0xf2cc1804:MTK.DECODER.H263, ??(0x7f200405)) ERROR: UnsupportedIndex(0x8000101a)
01-10 13:51:39.437784   549   652 E OMXNodeInstance: getExtensionIndex(0xf2cc1804:MTK.DECODER.H263, OMX.google.android.index.configureVideoTunnelMode) ERROR: UnsupportedIndex(0x8000101a)
01-10 13:51:39.437971   549   652 E MtkOmxVdecEx: [0xf2cc1800] @@ OMX_GoogleAndroidIndexEnableAndroidNativeHandle: invalid port index
01-10 13:51:39.438095   549   652 E OMXNodeInstance: setParameter(0xf2cc1804:MTK.DECODER.H263, OMX.google.android.index.allocateNativeHandle(0x7f20040e): Output:1 en=0) ERROR: BadParameter(0x80001005)
01-10 13:51:39.438380   549   652 D MtkOmxVdecEx: [0xf2cc1800] +MtkOmxVdec::ComponentDeInit
01-10 13:51:39.438639   549  1316 D MtkOmxVdecEx: [0xf2cc1800] MtkOmxVdecDecodeThread terminated pVdec=0xF2CC1800
01-10 13:51:39.438648   549  1318 D MtkOmxVdecEx: [0xf2cc1800] MtkOmxVdecConvertThread terminated
01-10 13:51:39.438742   549  1315 D MtkOmxVdecEx: [0xf2cc1800] MtkOmxVdecThread terminated
01-10 13:51:39.448890   549   652 D MtkOmxVdecEx: [0xf2cc1800] -MtkOmxVdec::ComponentDeInit
01-10 13:51:39.448973   549   652 D MtkOmxVdecEx: [0xf2cc1800] ~MtkOmxVdec this= 0xF2CC1800
01-10 13:51:39.449140   549  1319 D MtkOmxCore: ## MtkOmxCoreCpuControlThread terminated
01-10 13:51:39.451585   540   709 I OMXClient: Treble IOmx obtained
01-10 13:51:39.452031   549   652 I OMXMaster: makeComponentInstance(OMX.google.h263.decoder) in omx@1.0-service process
01-10 13:51:39.459241   485   503 D skia    : SkJpegCodec::onGetPixels + (720, 1280)
01-10 13:51:39.463115   549   652 E OMXNodeInstance: getExtensionIndex(0xf3caac00:google.h263.decoder, OMX.google.android.index.configureVideoTunnelMode) ERROR: UnsupportedIndex(0x8000101a)
01-10 13:51:39.463435   549   652 E OMXNodeInstance: getExtensionIndex(0xf3caac00:google.h263.decoder, OMX.google.android.index.enableAndroidNativeBuffers) ERROR: UnsupportedIndex(0x8000101a)
01-10 13:51:39.466605   540   709 I OMXClient: Treble IOmx obtained
01-10 13:51:39.467353   549   652 I OMXMaster: makeComponentInstance(OMX.MTK.VIDEO.DECODER.HEVC) in omx@1.0-service process
01-10 13:51:39.468306   549   652 D MtkOmxVdecEx: [0xf2cc1800] MtkOmxVdec::MtkOmxVdec this= 0xF2CC1800
01-10 13:51:39.468479   549   652 D MtkOmxVdecEx: [0xf2cc1800] OmxVdecLogEnable = 0, bOmxVdecPerfLogEnable = 0
01-10 13:51:39.469123   549   652 D MtkOmxVdecEx: [0xf2cc1800] MtkOmxComponentCreate mCompHandle(0xF2CC1804)
01-10 13:51:39.469183   549   652 D MtkOmxVdecEx: [0xf2cc1800] MtkOmxVdec::ComponentInit (OMX.MTK.VIDEO.DECODER.HEVC)
01-10 13:51:39.469844   549   652 D MtkOmxVdecEx: [0xf2cc1800] MtkOmxVdec::SetConfig -> disable priority adjustment
01-10 13:51:39.470385   549  1326 D MtkOmxVdecEx: [0xf2cc1800] MtkOmxVdecThread created pVdec=0xF2CC1800, tid=1326
01-10 13:51:39.470644   549  1327 D MtkOmxVdecEx: [0xf2cc1800] MtkOmxVdecDecodeThread created pVdec=0xF2CC1800, tid=1327
01-10 13:51:39.470657   549  1328 D MtkOmxVdecEx: [0xf2cc1800] MtkOmxVdecConvertThread created pVdec=0xF2CC1800, tid=1328
01-10 13:51:39.475023   485   503 D skia    : SkJpegCodec::onGetPixels -
01-10 13:51:39.482237   549   652 E OMXNodeInstance: getParameter(0xf2cc1804:MTK.DECODER.HEVC, ??(0x7f200405)) ERROR: UnsupportedIndex(0x8000101a)
01-10 13:51:39.482537   540   709 W OMXUtils: do not know color format 0x7f000001 = 2130706433
01-10 13:51:39.483266   549   652 E OMXNodeInstance: getParameter(0xf2cc1804:MTK.DECODER.HEVC, ??(0x7f200405)) ERROR: UnsupportedIndex(0x8000101a)
01-10 13:51:39.483641   549   652 E OMXNodeInstance: getExtensionIndex(0xf2cc1804:MTK.DECODER.HEVC, OMX.google.android.index.configureVideoTunnelMode) ERROR: UnsupportedIndex(0x8000101a)
01-10 13:51:39.483830   549   652 E MtkOmxVdecEx: [0xf2cc1800] @@ OMX_GoogleAndroidIndexEnableAndroidNativeHandle: invalid port index
01-10 13:51:39.483920   549   652 E OMXNodeInstance: setParameter(0xf2cc1804:MTK.DECODER.HEVC, OMX.google.android.index.allocateNativeHandle(0x7f20040e): Output:1 en=0) ERROR: BadParameter(0x80001005)
01-10 13:51:39.484239   549   652 D MtkOmxVdecEx: [0xf2cc1800] +MtkOmxVdec::ComponentDeInit
01-10 13:51:39.484509   549  1327 D MtkOmxVdecEx: [0xf2cc1800] MtkOmxVdecDecodeThread terminated pVdec=0xF2CC1800
01-10 13:51:39.484545   549  1326 D MtkOmxVdecEx: [0xf2cc1800] MtkOmxVdecThread terminated
01-10 13:51:39.484837   549  1328 D MtkOmxVdecEx: [0xf2cc1800] MtkOmxVdecConvertThread terminated
01-10 13:51:39.494687   549   652 D MtkOmxVdecEx: [0xf2cc1800] -MtkOmxVdec::ComponentDeInit
01-10 13:51:39.494773   549   652 D MtkOmxVdecEx: [0xf2cc1800] ~MtkOmxVdec this= 0xF2CC1800
01-10 13:51:39.495053   549  1329 D MtkOmxCore: ## MtkOmxCoreCpuControlThread terminated
01-10 13:51:39.498665   540   709 I OMXClient: Treble IOmx obtained
01-10 13:51:39.499318   549   652 I OMXMaster: makeComponentInstance(OMX.google.hevc.decoder) in omx@1.0-service process
01-10 13:51:39.501038   485   503 D skia    : SkJpegCodec::onGetPixels + (720, 1280)
01-10 13:51:39.508733  1197  1197 D PQ      : [PQ_PROT] [PQCust] libpq_cust_base.so OK, libpq_cust.so absent
01-10 13:51:39.511662   549   652 E OMXNodeInstance: getExtensionIndex(0xf3caac00:google.hevc.decoder, OMX.google.android.index.configureVideoTunnelMode) ERROR: UnsupportedIndex(0x8000101a)
01-10 13:51:39.511961   549   652 E OMXNodeInstance: getExtensionIndex(0xf3caac00:google.hevc.decoder, OMX.google.android.index.enableAndroidNativeBuffers) ERROR: UnsupportedIndex(0x8000101a)
01-10 13:51:39.513976  1197  1197 D AndroidRuntime: >>>>>> START com.android.internal.os.WebViewZygoteInit uid 1053 <<<<<<
01-10 13:51:39.515289   397   414 I vendor.mediatek.hardware.power@1.1-impl: PowerHint hint:8, data:1
01-10 13:51:39.517081   485   503 D skia    : SkJpegCodec::onGetPixels -
01-10 13:51:39.517147   540   709 I OMXClient: Treble IOmx obtained
01-10 13:51:39.517905   397   413 I libPerfService: 8: legacy set freq: 1508000 -1 2002000 -1
01-10 13:51:39.517981   549   652 I OMXMaster: makeComponentInstance(OMX.MTK.VIDEO.DECODER.MPEG2) in omx@1.0-service process
01-10 13:51:39.518816   549   652 D MtkOmxVdecEx: [0xf2cc1800] MtkOmxVdec::MtkOmxVdec this= 0xF2CC1800
01-10 13:51:39.519002   549   652 D MtkOmxVdecEx: [0xf2cc1800] OmxVdecLogEnable = 0, bOmxVdecPerfLogEnable = 0
01-10 13:51:39.519499   549   652 D MtkOmxVdecEx: [0xf2cc1800] MtkOmxComponentCreate mCompHandle(0xF2CC1804)
01-10 13:51:39.519566   549   652 D MtkOmxVdecEx: [0xf2cc1800] MtkOmxVdec::ComponentInit (OMX.MTK.VIDEO.DECODER.MPEG2)
01-10 13:51:39.520221   549   652 D MtkOmxVdecEx: [0xf2cc1800] MtkOmxVdec::SetConfig -> disable priority adjustment
01-10 13:51:39.520634   549  1333 D MtkOmxVdecEx: [0xf2cc1800] MtkOmxVdecThread created pVdec=0xF2CC1800, tid=1333
01-10 13:51:39.520786   549  1334 D MtkOmxVdecEx: [0xf2cc1800] MtkOmxVdecDecodeThread created pVdec=0xF2CC1800, tid=1334
01-10 13:51:39.520934  1197  1197 I /system/bin/webview_zygote32: option[0]=-Xzygote
01-10 13:51:39.521055  1197  1197 I /system/bin/webview_zygote32: option[1]=-Xusetombstonedtraces
01-10 13:51:39.521073  1197  1197 I /system/bin/webview_zygote32: option[2]=exit
01-10 13:51:39.521064   549  1335 D MtkOmxVdecEx: [0xf2cc1800] MtkOmxVdecConvertThread created pVdec=0xF2CC1800, tid=1335
01-10 13:51:39.521093  1197  1197 I /system/bin/webview_zygote32: option[3]=vfprintf
01-10 13:51:39.521110  1197  1197 I /system/bin/webview_zygote32: option[4]=sensitiveThread
01-10 13:51:39.521127  1197  1197 I /system/bin/webview_zygote32: option[5]=-verbose:gc
01-10 13:51:39.521145  1197  1197 I /system/bin/webview_zygote32: option[6]=-Xms4m
01-10 13:51:39.521161  1197  1197 I /system/bin/webview_zygote32: option[7]=-Xmx256m
01-10 13:51:39.521185  1197  1197 I /system/bin/webview_zygote32: option[8]=-XX:HeapGrowthLimit=128m
01-10 13:51:39.521203  1197  1197 I /system/bin/webview_zygote32: option[9]=-Xusejit:true
01-10 13:51:39.521222  1197  1197 I /system/bin/webview_zygote32: option[10]=-Xjitsaveprofilinginfo
01-10 13:51:39.521242  1197  1197 I /system/bin/webview_zygote32: option[11]=-agentlib:jdwp=transport=dt_android_adb,suspend=n,server=y
01-10 13:51:39.521262  1197  1197 I /system/bin/webview_zygote32: option[12]=-Ximage-compiler-option
01-10 13:51:39.521278  1197  1197 I /system/bin/webview_zygote32: option[13]=--runtime-arg
01-10 13:51:39.521295  1197  1197 I /system/bin/webview_zygote32: option[14]=-Ximage-compiler-option
01-10 13:51:39.521332  1197  1197 I /system/bin/webview_zygote32: option[15]=-Xms64m
01-10 13:51:39.521351  1197  1197 I /system/bin/webview_zygote32: option[16]=-Ximage-compiler-option
01-10 13:51:39.521367  1197  1197 I /system/bin/webview_zygote32: option[17]=--runtime-arg
01-10 13:51:39.521384  1197  1197 I /system/bin/webview_zygote32: option[18]=-Ximage-compiler-option
01-10 13:51:39.521400  1197  1197 I /system/bin/webview_zygote32: option[19]=-Xmx64m
01-10 13:51:39.521486  1197  1197 I /system/bin/webview_zygote32: option[20]=-Ximage-compiler-option
01-10 13:51:39.521522  1197  1197 I /system/bin/webview_zygote32: option[21]=--image-classes=/system/etc/preloaded-classes
01-10 13:51:39.521540  1197  1197 I /system/bin/webview_zygote32: option[22]=-Ximage-compiler-option
01-10 13:51:39.521557  1197  1197 I /system/bin/webview_zygote32: option[23]=--compiled-classes=/system/etc/compiled-classes
01-10 13:51:39.521575  1197  1197 I /system/bin/webview_zygote32: option[24]=-Ximage-compiler-option
01-10 13:51:39.521596  1197  1197 I /system/bin/webview_zygote32: option[25]=--dirty-image-objects=/system/etc/dirty-image-objects
01-10 13:51:39.521614  1197  1197 I /system/bin/webview_zygote32: option[26]=-Xcompiler-option
01-10 13:51:39.521630  1197  1197 I /system/bin/webview_zygote32: option[27]=--runtime-arg
01-10 13:51:39.521649  1197  1197 I /system/bin/webview_zygote32: option[28]=-Xcompiler-option
01-10 13:51:39.521665  1197  1197 I /system/bin/webview_zygote32: option[29]=-Xms64m
01-10 13:51:39.521681  1197  1197 I /system/bin/webview_zygote32: option[30]=-Xcompiler-option
01-10 13:51:39.521697  1197  1197 I /system/bin/webview_zygote32: option[31]=--runtime-arg
01-10 13:51:39.521712  1197  1197 I /system/bin/webview_zygote32: option[32]=-Xcompiler-option
01-10 13:51:39.521730  1197  1197 I /system/bin/webview_zygote32: option[33]=-Xmx512m
01-10 13:51:39.521747  1197  1197 I /system/bin/webview_zygote32: option[34]=-Ximage-compiler-option
01-10 13:51:39.521764  1197  1197 I /system/bin/webview_zygote32: option[35]=--instruction-set-variant=cortex-a53
01-10 13:51:39.521780  1197  1197 I /system/bin/webview_zygote32: option[36]=-Xcompiler-option
01-10 13:51:39.521798  1197  1197 I /system/bin/webview_zygote32: option[37]=--instruction-set-variant=cortex-a53
01-10 13:51:39.521815  1197  1197 I /system/bin/webview_zygote32: option[38]=-Ximage-compiler-option
01-10 13:51:39.521832  1197  1197 I /system/bin/webview_zygote32: option[39]=--instruction-set-features=default
01-10 13:51:39.521848  1197  1197 I /system/bin/webview_zygote32: option[40]=-Xcompiler-option
01-10 13:51:39.521866  1197  1197 I /system/bin/webview_zygote32: option[41]=--instruction-set-features=default
01-10 13:51:39.521883  1197  1197 I /system/bin/webview_zygote32: option[42]=-Duser.locale=zh-Hans-CN
01-10 13:51:39.521899  1197  1197 I /system/bin/webview_zygote32: option[43]=--cpu-abilist=armeabi-v7a,armeabi
01-10 13:51:39.521919  1197  1197 I /system/bin/webview_zygote32: option[44]=-Xfingerprint:Datalogic/dl35cn/dl35:8.1.0/1.07.15.20191227/1577435794:user/release-keys
01-10 13:51:39.522098   549  1161 E OMXNodeInstance: getParameter(0xf2cc1804:MTK.DECODER.MPEG2, ParamVideoProfileLevelQuerySupported(0x600000f)) ERROR: BadParameter(0x80001005)
01-10 13:51:39.522709   549  1161 E OMXNodeInstance: getParameter(0xf2cc1804:MTK.DECODER.MPEG2, ??(0x7f200405)) ERROR: UnsupportedIndex(0x8000101a)
