01-10 13:51:34.990121   527   558 D AAL     : 01-10 01:51:34.914 BL= 978,ESS= 256, 01-10 01:51:34.933 BL= 977,ESS= 256, 01-10 01:51:34.952 BL= 976,ESS= 256, 01-10 01:51:34.971 BL= 975,ESS= 256, 01-10 01:51:34.990 BL= 974,ESS= 256, 
01-10 13:51:34.994632   485   503 D skia    : SkJpegCodec::onGetPixels -
01-10 13:51:35.019123   485   503 D skia    : SkJpegCodec::onGetPixels + (720, 1280)
01-10 13:51:35.036464   485   503 D skia    : SkJpegCodec::onGetPixels -
01-10 13:51:35.060945   485   503 D skia    : SkJpegCodec::onGetPixels + (720, 1280)
01-10 13:51:35.078513   485   503 D skia    : SkJpegCodec::onGetPixels -
01-10 13:51:35.084502   527   558 D AAL     : 01-10 01:51:35.008 BL= 973,ESS= 256, 01-10 01:51:35.027 BL= 972,ESS= 256, 01-10 01:51:35.046 BL= 971,ESS= 256, 01-10 01:51:35.065 BL= 970,ESS= 256, 01-10 01:51:35.084 BL= 969,ESS= 256, 
01-10 13:51:35.102925   485   503 D skia    : SkJpegCodec::onGetPixels + (720, 1280)
01-10 13:51:35.120503   485   503 D skia    : SkJpegCodec::onGetPixels -
01-10 13:51:35.122796   986  1004 E BluetoothAdapter: Bluetooth binder is null
01-10 13:51:35.144738   485   503 D skia    : SkJpegCodec::onGetPixels + (720, 1280)
01-10 13:51:35.154822   986  1004 I PowerManagerService-JNI: Loaded power HAL service
01-10 13:51:35.162379   485   503 D skia    : SkJpegCodec::onGetPixels -
01-10 13:51:35.178443   527   558 D AAL     : 01-10 01:51:35.103 BL= 968,ESS= 256, 01-10 01:51:35.122 BL= 967,ESS= 256, 01-10 01:51:35.140 BL= 966,ESS= 256, 01-10 01:51:35.160 BL= 965,ESS= 256, 01-10 01:51:35.178 BL= 964,ESS= 256, 
01-10 13:51:35.186489   485   503 D skia    : SkJpegCodec::onGetPixels + (720, 1280)
01-10 13:51:35.195387   775   911 I EMDLOGGER1: property debug.mdl.save_log_storage is not set value
01-10 13:51:35.195539   775   911 D EMDLOGGER1: access filter config file fail then create: /mnt/sdcard/mtklog/mdlog1_config/filter_config
01-10 13:51:35.195576   775   911 E EMDLOGGER1: Create filter config file /mnt/sdcard/mtklog/mdlog1_config/filter_config failed, errno = 2
01-10 13:51:35.204040   485   503 D skia    : SkJpegCodec::onGetPixels -
01-10 13:51:35.228365   485   503 D skia    : SkJpegCodec::onGetPixels + (720, 1280)
01-10 13:51:35.234875   986   986 I AES     : load Exception Log jni
01-10 13:51:35.235179   551   922 E lsc_nvram: [do_mkdir] fail to mkdir [/data/shading_otp]: 13[Permission denied] (do_mkdir){#65:vendor/mediatek/proprietary/hardware/mtkcam/aaa/source/mt6763/lsc_mgr/LscUtil.h}
01-10 13:51:35.240011   986   986 W zygote64: Failed to remove /acct/uid_0/pid_306: Device or resource busy
01-10 13:51:35.240188   986   986 W zygote64: Failed to remove /acct/uid_0/pid_367: Device or resource busy
01-10 13:51:35.240251   986   986 W zygote64: Failed to remove /acct/uid_0/pid_399: Device or resource busy
01-10 13:51:35.240283   986   986 W zygote64: Failed to remove /acct/uid_0/pid_400: Device or resource busy
01-10 13:51:35.240321   986   986 W zygote64: Failed to remove /acct/uid_0/pid_402: Device or resource busy
01-10 13:51:35.240350   986   986 W zygote64: Failed to remove /acct/uid_0/pid_403: Device or resource busy
01-10 13:51:35.240376   986   986 W zygote64: Failed to remove /acct/uid_0/pid_409: Device or resource busy
01-10 13:51:35.240540   986   986 W zygote64: Failed to remove /acct/uid_0/pid_525: Device or resource busy
01-10 13:51:35.240575   986   986 W zygote64: Failed to remove /acct/uid_0/pid_526: Device or resource busy
01-10 13:51:35.240610   986   986 W zygote64: Failed to remove /acct/uid_0/pid_535: Device or resource busy
01-10 13:51:35.240639   986   986 W zygote64: Failed to remove /acct/uid_0/pid_541: Device or resource busy
01-10 13:51:35.240671   986   986 W zygote64: Failed to remove /acct/uid_0/pid_542: Device or resource busy
01-10 13:51:35.240709   986   986 W zygote64: Failed to remove /acct/uid_0/pid_544: Device or resource busy
01-10 13:51:35.240746   986   986 W zygote64: Failed to remove /acct/uid_0/pid_545: Device or resource busy
01-10 13:51:35.240774   986   986 W zygote64: Failed to remove /acct/uid_0/pid_546: Device or resource busy
01-10 13:51:35.240804   986   986 W zygote64: Failed to remove /acct/uid_0/pid_547: Device or resource busy
01-10 13:51:35.240842   986   986 W zygote64: Failed to remove /acct/uid_0/pid_552: Device or resource busy
01-10 13:51:35.240909   986   986 W zygote64: Failed to remove /acct/uid_0/pid_563: Device or resource busy
01-10 13:51:35.241010   986   986 W zygote64: Failed to remove /acct/uid_0/pid_774: Device or resource busy
01-10 13:51:35.241043   986   986 W zygote64: Failed to remove /acct/uid_0/pid_776: Device or resource busy
01-10 13:51:35.241082   986   986 W zygote64: Failed to remove /acct/uid_0/pid_778: Device or resource busy
01-10 13:51:35.241119   986   986 W zygote64: Failed to remove /acct/uid_0/pid_779: Device or resource busy
01-10 13:51:35.241147   986   986 W zygote64: Failed to remove /acct/uid_0/pid_780: Device or resource busy
01-10 13:51:35.241184   986   986 W zygote64: Failed to remove /acct/uid_0/pid_781: Device or resource busy
01-10 13:51:35.241218   986   986 W zygote64: Failed to remove /acct/uid_0/pid_869: Device or resource busy
01-10 13:51:35.241247   986   986 W zygote64: Failed to remove /acct/uid_0/pid_870: Device or resource busy
01-10 13:51:35.241286   986   986 W zygote64: Failed to remove /acct/uid_0/pid_871: Device or resource busy
01-10 13:51:35.241323   986   986 W zygote64: Failed to remove /acct/uid_0/pid_872: Device or resource busy
01-10 13:51:35.241351   986   986 W zygote64: Failed to remove /acct/uid_0/pid_873: Device or resource busy
01-10 13:51:35.241397   986   986 W zygote64: Failed to remove /acct/uid_0: Permission denied
01-10 13:51:35.241588   986   986 W zygote64: Failed to remove /acct/uid_1000/pid_350: Device or resource busy
01-10 13:51:35.241627   986   986 W zygote64: Failed to remove /acct/uid_1000/pid_351: Device or resource busy
01-10 13:51:35.241658   986   986 W zygote64: Failed to remove /acct/uid_1000/pid_352: Device or resource busy
01-10 13:51:35.241687   986   986 W zygote64: Failed to remove /acct/uid_1000/pid_365: Device or resource busy
01-10 13:51:35.241723   986   986 W zygote64: Failed to remove /acct/uid_1000/pid_366: Device or resource busy
01-10 13:51:35.241796   986   986 W zygote64: Failed to remove /acct/uid_1000/pid_378: Device or resource busy
01-10 13:51:35.241830   986   986 W zygote64: Failed to remove /acct/uid_1000/pid_379: Device or resource busy
01-10 13:51:35.241866   986   986 W zygote64: Failed to remove /acct/uid_1000/pid_384: Device or resource busy
01-10 13:51:35.241894   986   986 W zygote64: Failed to remove /acct/uid_1000/pid_387: Device or resource busy
01-10 13:51:35.241926   986   986 W zygote64: Failed to remove /acct/uid_1000/pid_388: Device or resource busy
01-10 13:51:35.241952   986   986 W zygote64: Failed to remove /acct/uid_1000/pid_389: Device or resource busy
01-10 13:51:35.241986   986   986 W zygote64: Failed to remove /acct/uid_1000/pid_390: Device or resource busy
01-10 13:51:35.242021   986   986 W zygote64: Failed to remove /acct/uid_1000/pid_391: Device or resource busy
01-10 13:51:35.242049   986   986 W zygote64: Failed to remove /acct/uid_1000/pid_392: Device or resource busy
01-10 13:51:35.242085   986   986 W zygote64: Failed to remove /acct/uid_1000/pid_393: Device or resource busy
01-10 13:51:35.242118   986   986 W zygote64: Failed to remove /acct/uid_1000/pid_395: Device or resource busy
01-10 13:51:35.242146   986   986 W zygote64: Failed to remove /acct/uid_1000/pid_396: Device or resource busy
01-10 13:51:35.242179   986   986 W zygote64: Failed to remove /acct/uid_1000/pid_397: Device or resource busy
01-10 13:51:35.242216   986   986 W zygote64: Failed to remove /acct/uid_1000/pid_401: Device or resource busy
01-10 13:51:35.242255   986   986 W zygote64: Failed to remove /acct/uid_1000/pid_406: Device or resource busy
01-10 13:51:35.242327   986   986 W zygote64: Failed to remove /acct/uid_1000/pid_411: Device or resource busy
01-10 13:51:35.242430   986   986 W zygote64: Failed to remove /acct/uid_1000/pid_527: Device or resource busy
01-10 13:51:35.242464   986   986 W zygote64: Failed to remove /acct/uid_1000/pid_530: Device or resource busy
01-10 13:51:35.242500   986   986 W zygote64: Failed to remove /acct/uid_1000/pid_533: Device or resource busy
01-10 13:51:35.242530   986   986 W zygote64: Failed to remove /acct/uid_1000/pid_534: Device or resource busy
01-10 13:51:35.242562   986   986 W zygote64: Failed to remove /acct/uid_1000/pid_550: Device or resource busy
01-10 13:51:35.242591   986   986 W zygote64: Failed to remove /acct/uid_1000/pid_553: Device or resource busy
01-10 13:51:35.242627   986   986 W zygote64: Failed to remove /acct/uid_1000/pid_556: Device or resource busy
01-10 13:51:35.242660   986   986 W zygote64: Failed to remove /acct/uid_1000/pid_557: Device or resource busy
01-10 13:51:35.242688   986   986 W zygote64: Failed to remove /acct/uid_1000/pid_560: Device or resource busy
01-10 13:51:35.242723   986   986 W zygote64: Failed to remove /acct/uid_1000/pid_562: Device or resource busy
01-10 13:51:35.242758   986   986 W zygote64: Failed to remove /acct/uid_1000/pid_564: Device or resource busy
01-10 13:51:35.242789   986   986 W zygote64: Failed to remove /acct/uid_1000/pid_565: Device or resource busy
01-10 13:51:35.242821   986   986 W zygote64: Failed to remove /acct/uid_1000/pid_567: Device or resource busy
01-10 13:51:35.242859   986   986 W zygote64: Failed to remove /acct/uid_1000/pid_570: Device or resource busy
01-10 13:51:35.242895   986   986 W zygote64: Failed to remove /acct/uid_1000/pid_571: Device or resource busy
01-10 13:51:35.242923   986   986 W zygote64: Failed to remove /acct/uid_1000/pid_572: Device or resource busy
01-10 13:51:35.242957   986   986 W zygote64: Failed to remove /acct/uid_1000/pid_575: Device or resource busy
01-10 13:51:35.243004   986   986 W zygote64: Failed to remove /acct/uid_1000: Permission denied
01-10 13:51:35.243091   986   986 W zygote64: Failed to remove /acct/uid_1001/pid_404: Device or resource busy
01-10 13:51:35.243160   986   986 W zygote64: Failed to remove /acct/uid_1001/pid_408: Device or resource busy
01-10 13:51:35.243193   986   986 W zygote64: Failed to remove /acct/uid_1001/pid_412: Device or resource busy
01-10 13:51:35.243221   986   986 W zygote64: Failed to remove /acct/uid_1001/pid_908: Device or resource busy
01-10 13:51:35.243251   986   986 W zygote64: Failed to remove /acct/uid_1001: Permission denied
01-10 13:51:35.243300   986   986 W zygote64: Failed to remove /acct/uid_1002/pid_381: Device or resource busy
01-10 13:51:35.243326   986   986 W zygote64: Failed to remove /acct/uid_1002: Permission denied
01-10 13:51:35.243376   986   986 W zygote64: Failed to remove /acct/uid_1003/pid_485: Device or resource busy
01-10 13:51:35.243397   986   986 W zygote64: Failed to remove /acct/uid_1003: Permission denied
01-10 13:51:35.243449   986   986 W zygote64: Failed to remove /acct/uid_1010/pid_394: Device or resource busy
01-10 13:51:35.243478   986   986 W zygote64: Failed to remove /acct/uid_1010/pid_548: Device or resource busy
01-10 13:51:35.243510   986   986 W zygote64: Failed to remove /acct/uid_1010/pid_568: Device or resource busy
01-10 13:51:35.243541   986   986 W zygote64: Failed to remove /acct/uid_1010: Permission denied
01-10 13:51:35.243607   986   986 W zygote64: Failed to remove /acct/uid_1013/pid_383: Device or resource busy
01-10 13:51:35.243637   986   986 W zygote64: Failed to remove /acct/uid_1013/pid_385: Device or resource busy
01-10 13:51:35.243665   986   986 W zygote64: Failed to remove /acct/uid_1013/pid_386: Device or resource busy
01-10 13:51:35.243695   986   986 W zygote64: Failed to remove /acct/uid_1013/pid_537: Device or resource busy
01-10 13:51:35.233000   551   551 W HwBinder:551_2: type=1400 audit(0.0:38): avc: denied { add_name } for name="shading_otp" scontext=u:r:mtk_hal_camera:s0 tcontext=u:object_r:system_data_file:s0 tclass=dir permissive=0
01-10 13:51:35.243724   986   986 W zygote64: Failed to remove /acct/uid_1013/pid_539: Device or resource busy
01-10 13:51:35.243752   986   986 W zygote64: Failed to remove /acct/uid_1013/pid_540: Device or resource busy
01-10 13:51:35.243775   986   986 W zygote64: Failed to remove /acct/uid_1013: Permission denied
01-10 13:51:35.243823   986   986 W zygote64: Failed to remove /acct/uid_1017/pid_536: Device or resource busy
01-10 13:51:35.243844   986   986 W zygote64: Failed to remove /acct/uid_1017: Permission denied
01-10 13:51:35.243895   986   986 W zygote64: Failed to remove /acct/uid_1019/pid_532: Device or resource busy
01-10 13:51:35.243916   986   986 W zygote64: Failed to remove /acct/uid_1019: Permission denied
01-10 13:51:35.243973   986   986 W zygote64: Failed to remove /acct/uid_1021/pid_524: Device or resource busy
01-10 13:51:35.244001   986   986 W zygote64: Failed to remove /acct/uid_1021/pid_561: Device or resource busy
01-10 13:51:35.244022   986   986 W zygote64: Failed to remove /acct/uid_1021: Permission denied
01-10 13:51:35.244074   986   986 W zygote64: Failed to remove /acct/uid_1027/pid_398: Device or resource busy
01-10 13:51:35.244095   986   986 W zygote64: Failed to remove /acct/uid_1027: Permission denied
01-10 13:51:35.244150   986   986 W zygote64: Failed to remove /acct/uid_1036/pid_349: Device or resource busy
01-10 13:51:35.244250   986   986 W zygote64: Failed to remove /acct/uid_1036: Permission denied
01-10 13:51:35.244312   986   986 W zygote64: Failed to remove /acct/uid_1040/pid_538: Device or resource busy
01-10 13:51:35.244337   986   986 W zygote64: Failed to remove /acct/uid_1040: Permission denied
01-10 13:51:35.244393   986   986 W zygote64: Failed to remove /acct/uid_1041/pid_380: Device or resource busy
01-10 13:51:35.244426   986   986 W zygote64: Failed to remove /acct/uid_1041/pid_382: Device or resource busy
01-10 13:51:35.244463   986   986 W zygote64: Failed to remove /acct/uid_1041/pid_528: Device or resource busy
01-10 13:51:35.244485   986   986 W zygote64: Failed to remove /acct/uid_1041: Permission denied
01-10 13:51:35.244536   986   986 W zygote64: Failed to remove /acct/uid_1046/pid_549: Device or resource busy
01-10 13:51:35.244562   986   986 W zygote64: Failed to remove /acct/uid_1046: Permission denied
01-10 13:51:35.244614   986   986 W zygote64: Failed to remove /acct/uid_1047/pid_531: Device or resource busy
01-10 13:51:35.244647   986   986 W zygote64: Failed to remove /acct/uid_1047/pid_543: Device or resource busy
01-10 13:51:35.244684   986   986 W zygote64: Failed to remove /acct/uid_1047/pid_551: Device or resource busy
01-10 13:51:35.244714   986   986 W zygote64: Failed to remove /acct/uid_1047: Permission denied
01-10 13:51:35.244770   986   986 W zygote64: Failed to remove /acct/uid_1058/pid_574: Device or resource busy
01-10 13:51:35.244794   986   986 W zygote64: Failed to remove /acct/uid_1058: Permission denied
01-10 13:51:35.244848   986   986 W zygote64: Failed to remove /acct/uid_2000/pid_425: Device or resource busy
01-10 13:51:35.244880   986   986 W zygote64: Failed to remove /acct/uid_2000/pid_775: Device or resource busy
01-10 13:51:35.244909   986   986 W zygote64: Failed to remove /acct/uid_2000: Permission denied
01-10 13:51:35.246000   485   503 D skia    : SkJpegCodec::onGetPixels -
01-10 13:51:35.248176   552   552 D NVRAM   : length of g_NVRAM_BACKUP_DEVICE=44
01-10 13:51:35.248308   552   552 D NVRAM   : failed to get entry for /nvdata 
01-10 13:51:35.248323   552   552 D NVRAM   : failed to get nvdata path /nvdata 
01-10 13:51:35.248413   552   552 D NVRAM   : nvram_layout_callback will run!!!
01-10 13:51:35.248440   552   552 D NVRAM   : nvram_platform_log_block: 2
01-10 13:51:35.248455   552   552 D NVRAM   : nvram_platform_resv_block: 2
01-10 13:51:35.248469   552   552 D NVRAM   : nvram_platform_DM_block: 1
01-10 13:51:35.248482   552   552 D NVRAM   : nvram_platform_layout_version: 0
01-10 13:51:35.248495   552   552 D NVRAM   : nvram_platform_header_offset: 0
01-10 13:51:35.248510   552   552 D NVRAM   : g_i4CFG_File_Count: 51
01-10 13:51:35.248522   552   552 D NVRAM   : NVM_Init Max Lid: 78
01-10 13:51:35.248536   552   552 D NVRAM   : [NVRAM]: info nvram_gpt_flag =1
01-10 13:51:35.248549   552   552 D NVRAM   : [NVRAM]: info NVRAM Init Completed!
01-10 13:51:35.248731   552   552 D NVRAM   : NVM_GetFileDesc: Open /vendor/nvdata/APCFG/APRDCL/FG,LID:76
01-10 13:51:35.249258   552   552 D NVRAM   : NVM_CmpFileVerNo 76  
01-10 13:51:35.249363   552   552 D NVRAM   : Load File Version: 000, NvRam File Version: 000
01-10 13:51:35.249409   552   552 D NVRAM   : NVM_ProtectDataFile : 76 ++
01-10 13:51:35.249582   552   552 D NVRAM   : iCustomBeginLID = 51
01-10 13:51:35.249645   552   552 D NVRAM   : NVM_CheckFileSize:stat_size:26,size in table:24
01-10 13:51:35.250638   552   552 D NVRAM   : NVM_CheckFile: File is correct!
01-10 13:51:35.250740   552   552 D NVRAM   : NVM_ProtectUserData:Check Success
01-10 13:51:35.250798   552   552 D NVRAM   : NVM_GetFileDesc ProtectDataFile Check Success!!
01-10 13:51:35.253151   552   552 D NVRAM   : NVM_CloseFileDesc: Open by Readonly, no need to check when close
01-10 13:51:35.270430   485   503 D skia    : SkJpegCodec::onGetPixels + (720, 1280)
01-10 13:51:35.272779   527   558 D AAL     : 01-10 01:51:35.197 BL= 963,ESS= 256, 01-10 01:51:35.215 BL= 962,ESS= 256, 01-10 01:51:35.234 BL= 961,ESS= 256, 01-10 01:51:35.254 BL= 960,ESS= 256, 01-10 01:51:35.272 BL= 959,ESS= 256, 
01-10 13:51:35.288146   485   503 D skia    : SkJpegCodec::onGetPixels -
01-10 13:51:35.312213   485   503 D skia    : SkJpegCodec::onGetPixels + (720, 1280)
01-10 13:51:35.330235   485   503 D skia    : SkJpegCodec::onGetPixels -
01-10 13:51:35.353022   986   986 W System.err: java.io.FileNotFoundException: /proc/cpu_loading/onoff (No such file or directory)
01-10 13:51:35.353282   986   986 W System.err: 	at java.io.FileOutputStream.open0(Native Method)
01-10 13:51:35.353311   986   986 W System.err: 	at java.io.FileOutputStream.open(FileOutputStream.java:287)
01-10 13:51:35.353330   986   986 W System.err: 	at java.io.FileOutputStream.<init>(FileOutputStream.java:223)
01-10 13:51:35.353344   986   986 W System.err: 	at java.io.FileOutputStream.<init>(FileOutputStream.java:171)
01-10 13:51:35.353359   986   986 W System.err: 	at com.mediatek.duraspeed.utils.FileUtilsController.writeStringToFile(FileUtilsController.java:319)
01-10 13:51:35.353374   986   986 W System.err: 	at com.mediatek.duraspeed.service.DuraSpeedInternalManager.stopObserving(DuraSpeedInternalManager.java:563)
01-10 13:51:35.353393   986   986 W System.err: 	at com.mediatek.duraspeed.service.DuraSpeedInternalManager.enableCpuObserving(DuraSpeedInternalManager.java:165)
01-10 13:51:35.353408   986   986 W System.err: 	at com.mediatek.duraspeed.service.DuraSpeedInternalManager.<init>(DuraSpeedInternalManager.java:145)
01-10 13:51:35.353452   986   986 W System.err: 	at com.mediatek.duraspeed.service.DuraSpeedService.startDuraSpeedService(DuraSpeedService.java:145)
01-10 13:51:35.353467   986   986 W System.err: 	at com.mediatek.server.am.AmsExtImpl.startDuraSpeedService(AmsExtImpl.java:495)
01-10 13:51:35.353484   986   986 W System.err: 	at com.android.server.am.ActivityManagerService.start(ActivityManagerService.java:2923)
01-10 13:51:35.353499   986   986 W System.err: 	at com.android.server.am.ActivityManagerService.-wrap11(Unknown Source:0)
01-10 13:51:35.353513   986   986 W System.err: 	at com.android.server.am.ActivityManagerService$Lifecycle.onStart(ActivityManagerService.java:2709)
01-10 13:51:35.353528   986   986 W System.err: 	at com.android.server.SystemServiceManager.startService(SystemServiceManager.java:124)
01-10 13:51:35.353545   986   986 W System.err: 	at com.android.server.SystemServiceManager.startService(SystemServiceManager.java:111)
01-10 13:51:35.353559   986   986 W System.err: 	at com.android.server.SystemServer.startBootstrapServices(SystemServer.java:566)
01-10 13:51:35.353572   986   986 W System.err: 	at com.android.server.SystemServer.run(SystemServer.java:428)
01-10 13:51:35.353586   986   986 W System.err: 	at com.android.server.SystemServer.main(SystemServer.java:299)
01-10 13:51:35.353602   986   986 W System.err: 	at java.lang.reflect.Method.invoke(Native Method)
01-10 13:51:35.353616   986   986 W System.err: 	at com.android.internal.os.RuntimeInit$MethodAndArgsCaller.run(RuntimeInit.java:438)
01-10 13:51:35.353629   986   986 W System.err: 	at com.android.internal.os.ZygoteInit.main(ZygoteInit.java:837)
01-10 13:51:35.354161   485   503 D skia    : SkJpegCodec::onGetPixels + (720, 1280)
01-10 13:51:35.361314   986   986 E libsuspend: Error opening dlservice!!
01-10 13:51:35.361796   986   986 I libsuspend: Selected wakeup count
01-10 13:51:35.362123   397   414 I vendor.mediatek.hardware.power@1.1-impl: setInteractive Restore All
01-10 13:51:35.362743   397   413 I powerd  : [powerd_req] POWER_MSG_SCN_RESTORE_ALL
01-10 13:51:35.367090   527   558 D AAL     : 01-10 01:51:35.291 BL= 958,ESS= 256, 01-10 01:51:35.310 BL= 957,ESS= 256, 01-10 01:51:35.329 BL= 956,ESS= 256, 01-10 01:51:35.347 BL= 955,ESS= 256, 01-10 01:51:35.367 BL= 954,ESS= 256, 
01-10 13:51:35.372191   485   503 D skia    : SkJpegCodec::onGetPixels -
01-10 13:51:35.385215   401   519 I SurfaceFlinger: EventThread Client Pid (986) created
01-10 13:51:35.386031   401   519 I SurfaceFlinger: EventThread Client Pid (986) created
01-10 13:51:35.389513   401   401 D SurfaceFlinger: Set power mode=2, type=0 flinger=0x7300c60000
01-10 13:51:35.396009   485   503 D skia    : SkJpegCodec::onGetPixels + (720, 1280)
01-10 13:51:35.413659   390   390 D lights  : write_int open fd=7
01-10 13:51:35.414190   567   630 D PQ      : ccorr table index=0
01-10 13:51:35.414322   485   503 D skia    : SkJpegCodec::onGetPixels -
01-10 13:51:35.414602   567   630 D PQ      : [PQ_SERVICE] setPQParamWithFilter configFlag: 1
01-10 13:51:35.414930   390   390 D lights  : write_int open fd=7
01-10 13:51:35.423370   527   558 D AAL     : onBacklightChanged: 1023/1023 -> 409/1023(phy:1637/4095)
01-10 13:51:35.437882   485   503 D skia    : SkJpegCodec::onGetPixels + (720, 1280)
01-10 13:51:35.456508   485   503 D skia    : SkJpegCodec::onGetPixels -
01-10 13:51:35.461295   527   558 D AAL     : 01-10 01:51:35.385 BL= 953,ESS= 256, 01-10 01:51:35.404 BL= 952,ESS= 256, 01-10 01:51:35.423 BL= 928,ESS= 256, 01-10 01:51:35.442 BL= 903,ESS= 256, 01-10 01:51:35.461 BL= 878,ESS= 256, 
01-10 13:51:35.479692   485   503 D skia    : SkJpegCodec::onGetPixels + (720, 1280)
01-10 13:51:35.498473   485   503 D skia    : SkJpegCodec::onGetPixels -
01-10 13:51:35.514136   873   873 I [epdg_wo]: [WOA] wo_msg_sensitive_print: [wostatusget=0](13)
01-10 13:51:35.514324   873   873 I [epdg_wo]: [WOA] wo_msg_sensitive_print: [wostatusget:0,0](15)
01-10 13:51:35.514397   873   873 I [epdg_wo]: [WOA] Daemon & Adpt are ready.
01-10 13:51:35.514418   873   873 I [epdg_wo]: [SKT] external server socket[wod_action]-fd:-1 init successfully
01-10 13:51:35.514438   873   873 I [epdg_wo]: [SKT] external server socket[wod_sim]-fd:-1 init successfully
01-10 13:51:35.514708   873   873 I [epdg_wo]: [SKT] external server socket[wod_ipsec]-fd:6 init successfully
01-10 13:51:35.514769   873   873 I [epdg_wo]: [DMN] WI-FI OFFLOAD DAEMON started
01-10 13:51:35.514925   873   873 I [epdg_wo]: [CFG] Reset settings[0] to default
01-10 13:51:35.514977   873   873 I [epdg_wo]: [CFG] Reset settings[1] to default
01-10 13:51:35.515354   873   873 D [epdg_wo]: [DSC] epdg discoverer state: [NOT_INIT] -> [IS_READY]
01-10 13:51:35.515354   873  1019 I [epdg_wo]: [DSC] epdg discoverer state: [NOT_INIT] -> [IS_READY]cessfully
01-10 13:51:35.515414   873   873 D [epdg_wo]: [DSC] epdg discoverer state: [NOT_INIT] -> [IS_READY]
01-10 13:51:35.515562   873   873 I [epdg_wo]: [WOA] wo_msg_sensitive_print: [wostatusget:1,1](15)
01-10 13:51:35.515654   873   873 I [epdg_wo]: [WOA] wo_msg_sensitive_print: [wostatusget=0](13)
01-10 13:51:35.515723   873   873 I [epdg_wo]: [WOA] wo_msg_sensitive_print: [wostatusget:0,1](15)
01-10 13:51:35.520616   873   873 I [epdg_wo]: [WOA] wo_msg_sensitive_print: [wosbp=0,0,"",""](15)
01-10 13:51:35.520736   873   873 I [epdg_wo]: [CFG] Reset settings[0] to default
01-10 13:51:35.520777   873   873 I [epdg_wo]: [WOA] wo_msg_sensitive_print: [wosbp:0,0](9)
01-10 13:51:35.520900   873   873 I [epdg_wo]: [WOA] wo_msg_sensitive_print: [woemset=***](15)
01-10 13:51:35.520973   873   873 I [epdg_wo]: [CFG] cfg0: epdg_fqdn=[***],ikev2if=[wlan0],select_info=[***],epdg_identifier=[***],retry_vector=[],
01-10 13:51:35.520993   873   873 I [epdg_wo]: [CFG] cfg0: ike_algo=[],
01-10 13:51:35.521011   873   873 I [epdg_wo]: [CFG] cfg0: esp_algo=[],
01-10 13:51:35.521306   873   873 I [epdg_wo]: [CFG] cfg0: ike_rekey_timer=[81000],esp_rekey_timer=[81000],rekey_margin=[32400],dpd_timer=[120],keep_timer=[20],esp_setup_time=[15],pdn_setup_time=[295],cert_used=[1],urlcert=[0],ocsp=[0],nocert=[1],skip_check_cert=[0],noid=[1],force_tsi_64=[1],force_tsi_full=[1],use_cfg_vip=[0],reauth_addr=[0],dpd_no_reply=[0],pre_post_ping=[0],log_level=[1],wdrv_keep_alive=[1],fragment=[0],mobike=[0],oos=[7],retrans_to=[2],retrans_tries=[4],retrans_base=[1],mtu=[1280],mss4_off=[68],mss6_off=[88],cust_pcscf_4=[20],cust_pcscf_6=[21],cust_imei_cp=[0],port=[10500],port_natt=[14500],cpa_nm=[0],cpa_dns4=[1],cpa_dns6=[1],no_ic=[0],no_eap=[0],ike_dscp=[0],IDi=[0],IDr=[0],leftauth=[0],eap=[0],fastreauth=[0],dns_timer=[0],dns_type=[3],dns_max_count=[254],dns_cache=[1],redirect=[0],max_redirects=[5],redirect_loop_detect=[300],detach_soft_timer=[3],detach_hard_timer=[300],
01-10 13:51:35.521362   873   873 I [epdg_wo]: [CFG] cfg0: fdpd_retrans_to=[1],fdpd_retrans_tries=[2],fdpd_retrans_base=[1],certreq_critical=[0],pcscf_restore=[0],liveness_check=[0],device_identity=[0],abort_mode=[0],ho_ip_disc=[0],emerg_epdg=[0],try_epdg_policy=[0],imei_format=[0],
01-10 13:51:35.521476   873   873 I [epdg_wo]: [WOA] wo_msg_sensitive_print: [woemset:0,"",-1](15)
01-10 13:51:35.521606   873   873 I [epdg_wo]: [WOA] wo_msg_sensitive_print: [wosbp=1,0,"",""](15)
01-10 13:51:35.521638   873   873 I [epdg_wo]: [CFG] Reset settings[1] to default
01-10 13:51:35.521674   873   873 I [epdg_wo]: [WOA] wo_msg_sensitive_print: [wosbp:1,0](9)
01-10 13:51:35.521754   873   873 I [epdg_wo]: [WOA] wo_msg_sensitive_print: [woemset=***](15)
01-10 13:51:35.521824   485   503 D skia    : SkJpegCodec::onGetPixels + (720, 1280)
01-10 13:51:35.521862   873   873 I [epdg_wo]: [CFG] cfg1: epdg_fqdn=[***],ikev2if=[wlan0],select_info=[***],epdg_identifier=[***],retry_vector=[],
01-10 13:51:35.521882   873   873 I [epdg_wo]: [CFG] cfg1: ike_algo=[],
01-10 13:51:35.521899   873   873 I [epdg_wo]: [CFG] cfg1: esp_algo=[],
01-10 13:51:35.522142   873   873 I [epdg_wo]: [CFG] cfg1: ike_rekey_timer=[81000],esp_rekey_timer=[81000],rekey_margin=[32400],dpd_timer=[120],keep_timer=[20],esp_setup_time=[15],pdn_setup_time=[295],cert_used=[1],urlcert=[0],ocsp=[0],nocert=[1],skip_check_cert=[0],noid=[1],force_tsi_64=[1],force_tsi_full=[1],use_cfg_vip=[0],reauth_addr=[0],dpd_no_reply=[0],pre_post_ping=[0],log_level=[1],wdrv_keep_alive=[1],fragment=[0],mobike=[0],oos=[7],retrans_to=[2],retrans_tries=[4],retrans_base=[1],mtu=[1280],mss4_off=[68],mss6_off=[88],cust_pcscf_4=[20],cust_pcscf_6=[21],cust_imei_cp=[0],port=[10500],port_natt=[14500],cpa_nm=[0],cpa_dns4=[1],cpa_dns6=[1],no_ic=[0],no_eap=[0],ike_dscp=[0],IDi=[0],IDr=[0],leftauth=[0],eap=[0],fastreauth=[0],dns_timer=[0],dns_type=[3],dns_max_count=[254],dns_cache=[1],redirect=[0],max_redirects=[5],redirect_loop_detect=[300],detach_soft_timer=[3],detach_hard_timer=[300],
01-10 13:51:35.522226   873   873 I [epdg_wo]: [CFG] cfg1: fdpd_retrans_to=[1],fdpd_retrans_tries=[2],fdpd_retrans_base=[1],certreq_critical=[0],pcscf_restore=[0],liveness_check=[0],device_identity=[0],abort_mode=[0],ho_ip_disc=[0],emerg_epdg=[0],try_epdg_policy=[0],imei_format=[0],
01-10 13:51:35.522262   873   873 I [epdg_wo]: [WOA] wo_msg_sensitive_print: [woemset:1,"",-1](15)
01-10 13:51:35.522366   873   873 I [epdg_wo]: [WOA] wo_msg_sensitive_print: [wosim=***](19)
01-10 13:51:35.522410   873   873 I [epdg_wo]: [WOA] wo_msg_sensitive_print: [wosim:0,0](9)
01-10 13:51:35.522529   873   873 I [epdg_wo]: [WOA] wo_msg_sensitive_print: [wosim=***](19)
01-10 13:51:35.522569   873   873 I [epdg_wo]: [WOA] wo_msg_sensitive_print: [wosim:1,0](9)
01-10 13:51:35.540790   485   503 D skia    : SkJpegCodec::onGetPixels -
01-10 13:51:35.555443   527   558 D AAL     : 01-10 01:51:35.480 BL= 853,ESS= 256, 01-10 01:51:35.499 BL= 829,ESS= 256, 01-10 01:51:35.517 BL= 804,ESS= 256, 01-10 01:51:35.536 BL= 780,ESS= 256, 01-10 01:51:35.555 BL= 755,ESS= 256, 
01-10 13:51:35.563522   485   503 D skia    : SkJpegCodec::onGetPixels + (720, 1280)
01-10 13:51:35.582856   485   503 D skia    : SkJpegCodec::onGetPixels -
01-10 13:51:35.605529   485   503 D skia    : SkJpegCodec::onGetPixels + (720, 1280)
01-10 13:51:35.625557   485   503 D skia    : SkJpegCodec::onGetPixels -
01-10 13:51:35.647146   485   503 D skia    : SkJpegCodec::onGetPixels + (720, 1280)
01-10 13:51:35.649843   527   558 D AAL     : 01-10 01:51:35.574 BL= 731,ESS= 256, 01-10 01:51:35.593 BL= 707,ESS= 256, 01-10 01:51:35.612 BL= 682,ESS= 256, 01-10 01:51:35.630 BL= 658,ESS= 256, 01-10 01:51:35.649 BL= 634,ESS= 256, 
01-10 13:51:35.654020   986   986 D Cta_PermRecordsController: readState() BEGIN
01-10 13:51:35.667335   485   503 D skia    : SkJpegCodec::onGetPixels -
01-10 13:51:35.679702   986   986 D Cta_PermRecordsController: readState() END
01-10 13:51:35.688949   485   503 D skia    : SkJpegCodec::onGetPixels + (720, 1280)
01-10 13:51:35.702511   986   986 D PackageManager: No files in app dir /custom/framework
01-10 13:51:35.709953   485   503 D skia    : SkJpegCodec::onGetPixels -
01-10 13:51:35.730821   485   503 D skia    : SkJpegCodec::onGetPixels + (720, 1280)
01-10 13:51:35.744076   527   558 D AAL     : 01-10 01:51:35.668 BL= 610,ESS= 256, 01-10 01:51:35.687 BL= 586,ESS= 256, 01-10 01:51:35.706 BL= 562,ESS= 256, 01-10 01:51:35.725 BL= 538,ESS= 256, 01-10 01:51:35.744 BL= 514,ESS= 256, 
01-10 13:51:35.751986   485   503 D skia    : SkJpegCodec::onGetPixels -
01-10 13:51:35.772776   485   503 D skia    : SkJpegCodec::onGetPixels + (720, 1280)
01-10 13:51:35.795028   485   503 D skia    : SkJpegCodec::onGetPixels -
01-10 13:51:35.814542   485   503 D skia    : SkJpegCodec::onGetPixels + (720, 1280)
01-10 13:51:35.837020   485   503 D skia    : SkJpegCodec::onGetPixels -
01-10 13:51:35.838503   527   558 D AAL     : 01-10 01:51:35.763 BL= 490,ESS= 256, 01-10 01:51:35.781 BL= 466,ESS= 256, 01-10 01:51:35.800 BL= 442,ESS= 256, 01-10 01:51:35.819 BL= 418,ESS= 256, 01-10 01:51:35.838 BL= 395,ESS= 256, 
01-10 13:51:35.856281   485   503 D skia    : SkJpegCodec::onGetPixels + (720, 1280)
01-10 13:51:35.879225   485   503 D skia    : SkJpegCodec::onGetPixels -
01-10 13:51:35.890895   401   519 I BufferQueueProducer: [BootAnimation#0](this:0x72f9c0e000,id:1,api:1,p:485,c:401) queueBuffer: fps=23.77 dur=1009.47 max=43.56 min=39.84
01-10 13:51:35.898340   485   503 D skia    : SkJpegCodec::onGetPixels + (720, 1280)
01-10 13:51:35.905366   401   401 I DisplayDevice: [Built-in Screen (type:0)] fps:23.600918,dur:1016.91,max:57.74,min:36.07
01-10 13:51:35.922056   485   503 D skia    : SkJpegCodec::onGetPixels -
01-10 13:51:35.940172   485   503 D skia    : SkJpegCodec::onGetPixels + (720, 1280)
01-10 13:51:35.964787   485   503 D skia    : SkJpegCodec::onGetPixels -
01-10 13:51:35.981526   551   867 W /vendor/bin/hw/camerahalserver: Waited one second for android.frameworks.sensorservice@1.0::ISensorManager/default. Waiting another...
01-10 13:51:35.982296   485   503 D skia    : SkJpegCodec::onGetPixels + (720, 1280)
01-10 13:51:36.007801   485   503 D skia    : SkJpegCodec::onGetPixels -
01-10 13:51:36.024028   485   503 D skia    : SkJpegCodec::onGetPixels + (720, 1280)
01-10 13:51:36.026990   527   558 D AAL     : 01-10 01:51:35.857 BL= 371,ESS= 256, 01-10 01:51:35.876 BL= 370,ESS= 256, 01-10 01:51:35.932 BL= 369,ESS= 256, 01-10 01:51:35.970 BL= 368,ESS= 256, 01-10 01:51:36.026 BL= 367,ESS= 256, 
01-10 13:51:36.048064   986   986 D PackageManager: No files in app dir /vendor/priv-app
01-10 13:51:36.050276   485   503 D skia    : SkJpegCodec::onGetPixels -
01-10 13:51:36.049000   986   986 W system_server: type=1400 audit(0.0:39): avc: denied { getattr } for path="/vendor/app/t6" dev="dm-1" ino=31 scontext=u:r:system_server:s0 tcontext=u:object_r:tkcore_systa_dir:s0 tclass=dir permissive=0
01-10 13:51:36.065812   485   503 D skia    : SkJpegCodec::onGetPixels + (720, 1280)
01-10 13:51:36.092582   485   503 D skia    : SkJpegCodec::onGetPixels -
01-10 13:51:36.099224   986   986 D PackageManager: No files in app dir /vendor/plugin
01-10 13:51:36.099553   986   986 D PackageManager: No files in app dir /custom/app
01-10 13:51:36.099706   986   986 D PackageManager: No files in app dir /custom/plugin
01-10 13:51:36.099763   986   986 D PackageManager: No files in app dir /oem/app
01-10 13:51:36.107445   485   503 D skia    : SkJpegCodec::onGetPixels + (720, 1280)
01-10 13:51:36.109140   986   986 D PackageManager: No files in app dir /data/app-private
01-10 13:51:36.134388   485   503 D skia    : SkJpegCodec::onGetPixels -
01-10 13:51:36.137473   535   566 I SELinux : SELinux: Loaded file_contexts
01-10 13:51:36.149288   485   503 D skia    : SkJpegCodec::onGetPixels + (720, 1280)
01-10 13:51:36.176555   485   503 D skia    : SkJpegCodec::onGetPixels -
01-10 13:51:36.191003   485   503 D skia    : SkJpegCodec::onGetPixels + (720, 1280)
01-10 13:51:36.218783   485   503 D skia    : SkJpegCodec::onGetPixels -
01-10 13:51:36.232856   485   503 D skia    : SkJpegCodec::onGetPixels + (720, 1280)
01-10 13:51:36.235567   551   922 E lsc_nvram: [do_mkdir] fail to mkdir [/data/shading_otp]: 13[Permission denied] (do_mkdir){#65:vendor/mediatek/proprietary/hardware/mtkcam/aaa/source/mt6763/lsc_mgr/LscUtil.h}
01-10 13:51:36.233000   551   551 W HwBinder:551_2: type=1400 audit(0.0:40): avc: denied { add_name } for name="shading_otp" scontext=u:r:mtk_hal_camera:s0 tcontext=u:object_r:system_data_file:s0 tclass=dir permissive=0
01-10 13:51:36.261571   485   503 D skia    : SkJpegCodec::onGetPixels -
01-10 13:51:36.272588   527   558 D AAL     : 01-10 01:51:36.083 BL= 366,ESS= 256, 01-10 01:51:36.121 BL= 365,ESS= 256, 01-10 01:51:36.177 BL= 364,ESS= 256, 01-10 01:51:36.215 BL= 363,ESS= 256, 01-10 01:51:36.272 BL= 362,ESS= 256, 
01-10 13:51:36.274443   485   503 D skia    : SkJpegCodec::onGetPixels + (720, 1280)
01-10 13:51:36.303120   485   503 D skia    : SkJpegCodec::onGetPixels -
01-10 13:51:36.317068   485   503 D skia    : SkJpegCodec::onGetPixels + (720, 1280)
01-10 13:51:36.345113   485   503 D skia    : SkJpegCodec::onGetPixels -
01-10 13:51:36.359600   485   503 D skia    : SkJpegCodec::onGetPixels + (720, 1280)
01-10 13:51:36.386786   485   503 D skia    : SkJpegCodec::onGetPixels -
01-10 13:51:36.401233   485   503 D skia    : SkJpegCodec::onGetPixels + (720, 1280)
01-10 13:51:36.427253   485   503 D skia    : SkJpegCodec::onGetPixels -
01-10 13:51:36.443047   485   503 D skia    : SkJpegCodec::onGetPixels + (720, 1280)
01-10 13:51:36.468405   485   503 D skia    : SkJpegCodec::onGetPixels -
01-10 13:51:36.484850   485   503 D skia    : SkJpegCodec::onGetPixels + (720, 1280)
01-10 13:51:36.498376   527   558 D AAL     : 01-10 01:51:36.309 BL= 361,ESS= 256, 01-10 01:51:36.366 BL= 360,ESS= 256, 01-10 01:51:36.404 BL= 359,ESS= 256, 01-10 01:51:36.460 BL= 358,ESS= 256, 01-10 01:51:36.498 BL= 357,ESS= 256, 
01-10 13:51:36.509583   485   503 D skia    : SkJpegCodec::onGetPixels -
01-10 13:51:36.526886   485   503 D skia    : SkJpegCodec::onGetPixels + (720, 1280)
01-10 13:51:36.550779   485   503 D skia    : SkJpegCodec::onGetPixels -
01-10 13:51:36.568668   485   503 D skia    : SkJpegCodec::onGetPixels + (720, 1280)
01-10 13:51:36.575852   535  1049 D installd: Found valid user 10
01-10 13:51:36.592128   485   503 D skia    : SkJpegCodec::onGetPixels -
01-10 13:51:36.610776   485   503 D skia    : SkJpegCodec::onGetPixels + (720, 1280)
01-10 13:51:36.629133   535  1049 W installd: Ignoring /data/data/com.android.webview/lib with unexpected GID 0 instead of 10070
01-10 13:51:36.633348   485   503 D skia    : SkJpegCodec::onGetPixels -
01-10 13:51:36.647487   535  1049 W installd: Ignoring /data/data/com.svox.pico/lib with unexpected GID 0 instead of 10059
01-10 13:51:36.650578   535  1049 W installd: Ignoring /data/data/com.mediatek.webview/lib with unexpected GID 0 instead of 10056
01-10 13:51:36.652675   485   503 D skia    : SkJpegCodec::onGetPixels + (720, 1280)
01-10 13:51:36.672314   535  1049 W installd: Ignoring /data/data/com.gears42.surefox/lib with unexpected GID 0 instead of 10030
01-10 13:51:36.675931   485   503 D skia    : SkJpegCodec::onGetPixels -
01-10 13:51:36.677001   986   986 E PackageManager: There should probably be a verifier, but, none were found
01-10 13:51:36.694639   485   503 D skia    : SkJpegCodec::onGetPixels + (720, 1280)
01-10 13:51:36.716450   485   503 D skia    : SkJpegCodec::onGetPixels -
01-10 13:51:36.727028   986   986 I zygote64: Waiting for a blocking GC Explicit
01-10 13:51:36.736461   485   503 D skia    : SkJpegCodec::onGetPixels + (720, 1280)
01-10 13:51:36.743439   527   558 D AAL     : 01-10 01:51:36.554 BL= 356,ESS= 256, 01-10 01:51:36.592 BL= 355,ESS= 256, 01-10 01:51:36.649 BL= 354,ESS= 256, 01-10 01:51:36.687 BL= 353,ESS= 256, 01-10 01:51:36.743 BL= 352,ESS= 256, 
01-10 13:51:36.758031   485   503 D skia    : SkJpegCodec::onGetPixels -
01-10 13:51:36.762029   986   986 I zygote64: WaitForGcToComplete blocked Explicit on AddRemoveAppImageSpace for 34.972ms
01-10 13:51:36.775871   535  1049 W installd: Ignoring /data/user/10/com.android.webview/lib with unexpected GID 0 instead of 1010070
01-10 13:51:36.778488   485   503 D skia    : SkJpegCodec::onGetPixels + (720, 1280)
01-10 13:51:36.780367   535  1049 W installd: Ignoring /data/user/10/com.svox.pico/lib with unexpected GID 0 instead of 1010059
01-10 13:51:36.781649   535  1049 W installd: Ignoring /data/user/10/com.mediatek.webview/lib with unexpected GID 0 instead of 1010056
01-10 13:51:36.788390   535  1049 W installd: Ignoring /data/user/10/com.gears42.surefox/lib with unexpected GID 0 instead of 1010030
01-10 13:51:36.798903   485   503 D skia    : SkJpegCodec::onGetPixels -
01-10 13:51:36.820357   485   503 D skia    : SkJpegCodec::onGetPixels + (720, 1280)
01-10 13:51:36.833393   986   986 I zygote64: Explicit concurrent copying GC freed 9260(421KB) AllocSpace objects, 3(60KB) LOS objects, 42% free, 4MB/8MB, paused 70us total 71.034ms
01-10 13:51:36.836418   986   986 D FallbackCategoryProvider: Found 1 fallback categories
01-10 13:51:36.841127   485   503 D skia    : SkJpegCodec::onGetPixels -
01-10 13:51:36.862328   485   503 D skia    : SkJpegCodec::onGetPixels + (720, 1280)
01-10 13:51:36.871851   400   400 I lowmemorykiller: ActivityManager connected
01-10 13:51:36.880797   986  1060 D SensorService: nuSensorService starting...
01-10 13:51:36.882003   485   503 D skia    : SkJpegCodec::onGetPixels -
01-10 13:51:36.886239   550   550 D Sensors_Init:  sSensorList addr =0x75b9e27008, module addr =0x75b9e27218
01-10 13:51:36.886432   550   550 D Sensors_Init:  ARRAY_SIZE(sSensorList) =5 SENSORS_NUM=5 MAX_NUM_SENSOR=5 
01-10 13:51:36.886963   986  1060 E SensorService: Reported power 0.000000 not deemed sane, clamping to 0.001000
01-10 13:51:36.887406   550   550 I Accelerometer: enable: handle:0, en:0
01-10 13:51:36.888160   986  1060 E SensorService: Reported power 0.000000 not deemed sane, clamping to 0.001000
01-10 13:51:36.888497   550   550 I Magnetic: enable: handle:1, en:0 
01-10 13:51:36.889117   986  1060 E SensorService: Reported power 0.000000 not deemed sane, clamping to 0.001000
01-10 13:51:36.889565   550   550 I Gyroscope: enable: handle:3, en:0
01-10 13:51:36.890272   986  1060 E SensorService: Reported power 0.000000 not deemed sane, clamping to 0.001000
01-10 13:51:36.890521   550   550 I Light   : enable: handle:4, en:0 
01-10 13:51:36.890839   986  1060 E SensorService: Reported power 0.000000 not deemed sane, clamping to 0.001000
01-10 13:51:36.890954   550   550 I Proximity: enable: handle:7, en:0 
01-10 13:51:36.895319   401   519 I BufferQueueProducer: [BootAnimation#0](this:0x72f9c0e000,id:1,api:1,p:485,c:401) queueBuffer: fps=23.89 dur=1004.43 max=43.33 min=39.89
01-10 13:51:36.895658   986  1063 D SensorService: nuSensorService thread starting...
01-10 13:51:36.897585   986  1062 D SensorService: new thread SensorEventAckReceiver
01-10 13:51:36.903989   485   503 D skia    : SkJpegCodec::onGetPixels + (720, 1280)
01-10 13:51:36.923579   485   503 D skia    : SkJpegCodec::onGetPixels -
01-10 13:51:36.941828   401   401 I DisplayDevice: [Built-in Screen (type:0)] fps:24.120167,dur:1036.48,max:56.75,min:36.76
01-10 13:51:36.945179   986  1050 D BatteryService: mPlugType = 2, mIsTemperatureWarningState = false
01-10 13:51:36.945740   390   390 D lights  : set_led_state colorRGB=FF00FF00, onMS=0, offMS=0
01-10 13:51:36.945833   390   390 D lights  : blink_green, level=255, onMS=0, offMS=0
01-10 13:51:36.946196   485   503 D skia    : SkJpegCodec::onGetPixels + (720, 1280)
01-10 13:51:36.946761   390   390 D lights  : write_int open fd=7
01-10 13:51:36.964853   485   503 D skia    : SkJpegCodec::onGetPixels -
01-10 13:51:36.969871   527   558 D AAL     : 01-10 01:51:36.781 BL= 351,ESS= 256, 01-10 01:51:36.837 BL= 350,ESS= 256, 01-10 01:51:36.875 BL= 349,ESS= 256, 01-10 01:51:36.932 BL= 348,ESS= 256, 01-10 01:51:36.969 BL= 347,ESS= 256, 
01-10 13:51:36.977530   986   986 D DL-DeviceManager: parseRebootType: file not found, fallback to RESET
01-10 13:51:36.981648   986   999 I Zygote  : Process: zygote socket zygote opened, supported ABIS: arm64-v8a
01-10 13:51:36.981974   551   867 W /vendor/bin/hw/camerahalserver: Waited one second for android.frameworks.sensorservice@1.0::ISensorManager/default. Waiting another...
01-10 13:51:36.987723   485   503 D skia    : SkJpegCodec::onGetPixels + (720, 1280)
01-10 13:51:36.992567   986   999 I Zygote  : Process: zygote socket zygote_secondary opened, supported ABIS: armeabi-v7a,armeabi
01-10 13:51:36.993118   526   526 I Zygote  : Lazily preloading resources.
01-10 13:51:36.993259   526   526 D Zygote  : begin preload
01-10 13:51:36.993280   526   526 I Zygote  : Installing ICU cache reference pinning...
01-10 13:51:36.993293   526   526 I Zygote  : Preloading ICU data...
01-10 13:51:37.006316   485   503 D skia    : SkJpegCodec::onGetPixels -
01-10 13:51:37.011868   526   526 I Zygote  : Preloading classes...
01-10 13:51:37.024474   526   526 I SystemServiceRegistry: regMtkService start
01-10 13:51:37.024855   526   526 I SystemServiceRegistry: setMtkSystemServiceName start
01-10 13:51:37.026958   526   526 I MtkSystemServiceRegistry: setMtkSystemServiceName start names{class android.hardware.location.ContextHubManager=contexthub, class android.app.KeyguardManager=keyguard, class android.view.autofill.AutofillManager=autofill, class android.nfc.NfcManager=nfc, class android.service.persistentdata.PersistentDataBlockManager=persistent_data_block, class android.media.soundtrigger.SoundTriggerManager=soundtrigger, class android.view.textservice.TextServicesManager=textservices, class android.hardware.usb.UsbManager=usb, class android.net.NetworkScoreManager=network_score, class android.os.storage.StorageManager=storage, class android.os.Vibrator=vibrator, class android.view.textclassifier.TextClassificationManager=textclassification, class android.hardware.hdmi.HdmiControlManager=hdmi_control, class android.net.EthernetManager=ethernet, class android.appwidget.AppWidgetManager=appwidget, class android.app.UiModeManager=uimode, class android.companion.CompanionDeviceManager=companiondevice, class android.os.IncidentManager=incident, class android.bluetooth.BluetoothManager=bluetooth, class android.os.DropBoxManager=dropbox, class android.media.session.MediaSessionManager=media_session, class android.service.oemlock.OemLockManager=oem_lock, class android.media.projection.MediaProjectionManager=media_projection, class android.app.VrManager=vrmanager, class android.content.ClipboardManager=clipboard, class android.hardware.display.DisplayManager=display, class android.os.RecoverySystem=recovery, class android.net.wifi.RttManager=rttmanager, class android.media.AudioManager=audio, class android.content.pm.ShortcutManager=shortcut, class android.app.admin.DevicePolicyManager=device_policy, class android.app.SearchManager=search, class android.app.ActivityManager=activity, class android.app.AppOpsManager=appops, class android.hardware.radio.RadioManager=broadcastradio, class android.content.pm.LauncherApps=launcherapps, class android.hardware.camera2.CameraManager=camera, class android.os.HardwarePropertiesManager=hardware_properties, class android.app.WallpaperManager=wallpaper, class android.app.job.JobScheduler=jobscheduler, class android.app.DownloadManager=download, class android.net.lowpan.LowpanManager=lowpan, class android.net.wifi.aware.WifiAwareManager=wifiaware, class android.media.midi.MidiManager=midi, class android.app.AlarmManager=alarm, class android.os.PowerManager=power, class android.net.IpSecManager=ipsec, class android.app.usage.NetworkStatsManager=netstats, class android.media.MediaRouter=media_router, class android.net.ConnectivityManager=connectivity, class android.telecom.TelecomManager=telecom, class android.app.StatusBarManager=statusbar, class android.hardware.SensorManager=sensor, class android.telephony.euicc.EuiccManager=euicc_service, class android.view.accessibility.CaptioningManager=captioning, class android.app.usage.UsageStatsManager=usagestats, class android.view.inputmethod.InputMethodManager=input_method, class android.hardware.ConsumerIrManager=consumer_ir, class android.net.wifi.WifiManager=wifi, class android.print.PrintManager=print, class android.telephony.CarrierConfigManager=carrier_config, class android.media.tv.TvInputManager=tv_input, class android.app.trust.TrustManager=trust, class android.os.UserManager=user, class android.location.CountryDetector=country_detector, class android.text.ClipboardManager=clipboard, class android.location.LocationManager=location, class android.net.wifi.WifiScanner=wifiscanner, class android.net.wifi.p2p.WifiP2pManager=wifip2p, interface android.view.WindowManager=window, class android.view.accessibility.AccessibilityManager=accessibility, class android.net.NetworkPolicyManager=netpolicy, class android.os.BatteryManager=batterymanager, class android.app.NotificationManager=notification, class android.net.nsd.NsdManager=servicediscovery, class android.accounts.AccountManager=account, class android.hardware.SerialManager=serial, class android.os.health.SystemHealthManager=systemhealth, class android.telephony.SubscriptionManager=
01-10 13:51:37.027149   526   526 I SystemServiceRegistry: registerAllMtkService start
01-10 13:51:37.027280   526   526 I MtkSystemServiceRegistry: registerAllService start
01-10 13:51:37.029802   485   503 D skia    : SkJpegCodec::onGetPixels + (720, 1280)
01-10 13:51:37.033530   986   986 I zygote64: The ClassLoaderContext is a special shared library.
01-10 13:51:37.047504   485   503 D skia    : SkJpegCodec::onGetPixels -
01-10 13:51:37.071518   485   503 D skia    : SkJpegCodec::onGetPixels + (720, 1280)
01-10 13:51:37.088932   485   503 D skia    : SkJpegCodec::onGetPixels -
01-10 13:51:37.105329   986   986 I zygote64: The ClassLoaderContext is a special shared library.
01-10 13:51:37.110583   986   986 I zygote64: The ClassLoaderContext is a special shared library.
01-10 13:51:37.113713   485   503 D skia    : SkJpegCodec::onGetPixels + (720, 1280)
01-10 13:51:37.130790   485   503 D skia    : SkJpegCodec::onGetPixels -
01-10 13:51:37.139841   351   351 W /system/bin/hwservicemanager: getTransport: Cannot find entry android.hardware.ir@1.0::IConsumerIr/default in either framework or device manifest.
01-10 13:51:37.155123   986   986 D AlarmManagerService: Kernel timezone updated to -480 minutes west of GMT
01-10 13:51:37.155239   406   700 D ccci_mdinit: (1):save_timezone++
01-10 13:51:37.155550   485   503 D skia    : SkJpegCodec::onGetPixels + (720, 1280)
01-10 13:51:37.170689   986   986 D AES     : AEEIOCTL_RT_MON_Kick IOCTL,cmd= 2147774474, lParam=0. 
01-10 13:51:37.172249   485   503 D skia    : SkJpegCodec::onGetPixels -
01-10 13:51:37.197334   485   503 D skia    : SkJpegCodec::onGetPixels + (720, 1280)
01-10 13:51:37.201858   775   911 I EMDLOGGER1: property debug.mdl.save_log_storage is not set value
01-10 13:51:37.202084   775   911 D EMDLOGGER1: access filter config file fail then create: /mnt/sdcard/mtklog/mdlog1_config/filter_config
01-10 13:51:37.202123   775   911 E EMDLOGGER1: Create filter config file /mnt/sdcard/mtklog/mdlog1_config/filter_config failed, errno = 2
01-10 13:51:37.203773   401   519 I SurfaceFlinger: [SF client] NEW(0x72fafdf840) for (986:system_server)
01-10 13:51:37.214155   485   503 D skia    : SkJpegCodec::onGetPixels -
01-10 13:51:37.214994   527   558 D AAL     : 01-10 01:51:37.026 BL= 346,ESS= 256, 01-10 01:51:37.063 BL= 345,ESS= 256, 01-10 01:51:37.120 BL= 344,ESS= 256, 01-10 01:51:37.158 BL= 343,ESS= 256, 01-10 01:51:37.214 BL= 342,ESS= 256, 
01-10 13:51:37.220730   401   519 I SurfaceFlinger: EventThread Client Pid (986) created
01-10 13:51:37.226363   401   519 I chatty  : uid=1000(system) Binder:401_3 identical 2 lines
01-10 13:51:37.226804   401   519 I SurfaceFlinger: EventThread Client Pid (986) created
