01-10 13:51:28.114480   389   389 I hwcomposer: [DPY] trigger_by_vsync: 0  
01-10 13:51:28.114504   389   389 I hwcomposer: [DPY] supportS3D  : 0  
01-10 13:51:28.114528   389   389 I hwcomposer: [DPY] density     : 320  
01-10 13:51:28.114560   389   389 I hwcomposer: [DPY] ro.sf.lcd_density : 320  
01-10 13:51:28.115483   401   401 I BufferQueue: [unnamed-401-0](this:0x72fc1fd000,id:0,api:0,p:-1,c:-1) BufferQueue core=(401:/system/bin/surfaceflinger)
01-10 13:51:28.126321   401   401 W GuiExt  : Cannot find GuiExtService
01-10 13:51:28.126607   401   401 E GED     : ged_gpu_timestamp: GED_ERROR_FAIL eErr = 0, 7
01-10 13:51:28.132116   401   401 I BufferQueueConsumer: [unnamed-401-0](this:0x72fc1fd000,id:0,api:0,p:-1,c:401) connect(C): consumer=(401:/system/bin/surfaceflinger) controlledByApp=false
01-10 13:51:28.132265   401   401 I BufferQueueConsumer: [unnamed-401-0](this:0x72fc1fd000,id:0,api:0,p:-1,c:401) setConsumerName: unnamed-401-0
01-10 13:51:28.132301   401   401 I BufferQueueConsumer: [FrameBufferSurface_0](this:0x72fc1fd000,id:0,api:0,p:-1,c:401) setConsumerName: FrameBufferSurface_0
01-10 13:51:28.132601   401   401 I BufferQueueConsumer: [FrameBufferSurface_0](this:0x72fc1fd000,id:0,api:0,p:-1,c:401) setDefaultBufferSize: width=720 height=1280
01-10 13:51:28.133084   401   401 I BufferQueueProducer: [FrameBufferSurface_0](this:0x72fc1fd000,id:0,api:1,p:401,c:401) connect(P): api=1 producer=(401:/system/bin/surfaceflinger) producerControlledByApp=false
01-10 13:51:28.173903   388   388 W gralloc : Failed to find GPU block configuration in libGLES_mali.so. Using static build configuration.
01-10 13:51:28.232487   411   411 I wmt_launcher: get property(service.wcn.driver.ready) is no
01-10 13:51:28.438172   410   410 I wmt_loader: external combo chip detected
01-10 13:51:28.440375   410   410 I wmt_loader: chipid (0x6630) detected
01-10 13:51:28.445654   410   410 I wmt_loader: set property(persist.mtk.wcn.combo.chipid) to 0x6630 succeed.
01-10 13:51:28.448200   410   410 I wmt_loader: do SDIO3.0 autok succeed
01-10 13:51:28.469172   410   410 I wmt_loader: external combo chip power off succeed
01-10 13:51:28.489266   410   410 I wmt_loader: do kernel module init succeed: 0
01-10 13:51:28.496950   410   410 I wmt_loader: set property(service.wcn.driver.ready) to yes succeed
01-10 13:51:28.532948   411   411 I wmt_launcher: get property(service.wcn.driver.ready) is yes
01-10 13:51:28.535250   411   411 I wmt_launcher: open device node succeed.(Node:/dev/stpwmt, fd:5) 
01-10 13:51:28.535422   411   411 I wmt_launcher: key:(persist.mtk.wcn.combo.chipid)-value:(0x6630),chip_id:0x6630
01-10 13:51:28.535436   411   411 I wmt_launcher: chip_id:0x6630
01-10 13:51:28.535492   411   411 I wmt_launcher: patch path:/vendor/firmware/
01-10 13:51:28.536755   411   411 I wmt_launcher: set chip_id(0x6630) to driver
01-10 13:51:28.538428   411   411 I wmt_launcher: Info:key:mt6620.defAnt value:mt6620_ant_m3.cfg
01-10 13:51:28.538509   411   411 I wmt_launcher: Info:key:mt6628.defAnt value:mt6628_ant_m1.cfg
01-10 13:51:28.538522   411   411 I wmt_launcher: Info:key:mt6630.defAnt value:mt6630_ant_m1.cfg
01-10 13:51:28.538534   411   411 I wmt_launcher: Info:key:mt6632.defAnt value:mt6632_ant_m1.cfg
01-10 13:51:28.538553   411   411 I wmt_launcher: NULL is returned, eighter EOF or error maybe found
01-10 13:51:28.538591   411   411 I wmt_launcher: close /system/vendor/firmware/WMT.cfg succeed
01-10 13:51:28.538605   411   411 I wmt_launcher: index:2, chip_id:0x6630
01-10 13:51:28.538622   411   411 I wmt_launcher: chip_id(0x6630), default Mode(4), strlen(g_wmt_cfg_name)(17), g_wmt_cfg_name(mt6630_ant_m1.cfg)
01-10 13:51:28.544818   411   411 I wmt_launcher: create pwr on thread ok
01-10 13:51:28.544845   411   479 I wmt_launcher: enter power on connsys flow
01-10 13:51:28.544985   411   411 I wmt_launcher: get property(service.wcn.formeta.ready) failed iRet:0 or property is 
01-10 13:51:28.583602   389   389 I hwcomposer: [HWC] Display(0) SetPowerMode(2)  
01-10 13:51:28.611951   401   482 I SurfaceFlinger: [checkEnableBootAnim] boot reason = ''
01-10 13:51:28.612219   401   482 I boot    : mBootAnimationEnabled = 1
01-10 13:51:28.613662   411   411 I wmt_launcher: set property(service.wcn.formeta.ready) to yes succeed
01-10 13:51:28.619932   401   482 I boot    : BOOTPROF:BootAnimation:Start:6810
01-10 13:51:28.646691   389   446 W hwcomposer: [JOB] (0) SET/bypass/no_visible_layers  
01-10 13:51:28.662679   401   487 E GED     : SF restart
01-10 13:51:29.151930   411   411 I wmt_launcher: patch name pre-fix:mt6630_patch
01-10 13:51:29.152015   411   411 I wmt_launcher: fw_version:0x8a11
01-10 13:51:29.152143   411   411 I wmt_launcher: /vendor/firmware//mt6630_patch_e3_0_hdr.bin
01-10 13:51:29.155448   411   411 I wmt_launcher: set property(persist.mtk.wcn.patch.version) to 20181019b001011 succeed.
01-10 13:51:29.155503   411   411 I wmt_launcher: fw Ver in patch: 0x8a11
01-10 13:51:29.155519   411   411 I wmt_launcher: read patch info:0x21,0x00,0x08,0x00
01-10 13:51:29.155529   411   411 I wmt_launcher: patch num = [2]
01-10 13:51:29.155547   411   411 I wmt_launcher: patch seq = [1]
01-10 13:51:29.155569   411   411 I wmt_launcher: /vendor/firmware//mt6630_patch_e3_1_hdr.bin
01-10 13:51:29.158442   411   411 I wmt_launcher: set property(persist.mtk.wcn.patch.version) to 20181019b001011 succeed.
01-10 13:51:29.158492   411   411 I wmt_launcher: fw Ver in patch: 0x8a11
01-10 13:51:29.158506   411   411 I wmt_launcher: read patch info:0x22,0x00,0x08,0x00
01-10 13:51:29.158516   411   411 I wmt_launcher: patch seq = [2]
01-10 13:51:29.158554   411   411 I wmt_launcher: cmd(srh_patch) resp(ok)
01-10 13:51:29.414356   401   421 I SurfaceFlinger: [SF client] NEW(0x7300829000) for (485:/system/bin/bootanimation)
01-10 13:51:29.419121   401   401 I BufferQueue: [unnamed-401-1](this:0x72f9c0e000,id:1,api:0,p:-1,c:-1) BufferQueue core=(401:/system/bin/surfaceflinger)
01-10 13:51:29.419518   401   401 W GuiExt  : Cannot find GuiExtService
01-10 13:51:29.419679   401   401 I BufferQueueConsumer: [unnamed-401-1](this:0x72f9c0e000,id:1,api:0,p:-1,c:401) connect(C): consumer=(401:/system/bin/surfaceflinger) controlledByApp=false
01-10 13:51:29.419747   401   401 I BufferQueueConsumer: [unnamed-401-1](this:0x72f9c0e000,id:1,api:0,p:-1,c:401) setConsumerName: unnamed-401-1
01-10 13:51:29.419791   401   401 I BufferQueueConsumer: [BootAnimation#0](this:0x72f9c0e000,id:1,api:0,p:-1,c:401) setConsumerName: BootAnimation#0
01-10 13:51:29.419852   401   401 I BufferQueueConsumer: [BootAnimation#0](this:0x72f9c0e000,id:1,api:0,p:-1,c:401) setDefaultBufferSize: width=720 height=1280
01-10 13:51:29.436927   389   446 W hwcomposer: [JOB] (0) SET/bypass/no_visible_layers  
01-10 13:51:29.523765   505   505 I /system/bin/tzdatacheck: timezone distro dir /data/misc/zoneinfo/current does not exist. No action required.
01-10 13:51:29.529730   485   503 I /system/bin/bootanimation: android::hardware::configstore::V1_0::ISurfaceFlingerConfigs::hasWideColorDisplay retrieved: 0
01-10 13:51:29.530395   401   421 I BufferQueueProducer: [BootAnimation#0](this:0x72f9c0e000,id:1,api:1,p:485,c:401) connect(P): api=1 producer=(485:/system/bin/bootanimation) producerControlledByApp=false
01-10 13:51:29.630493   518   518 I bootstat: Service started: /system/bin/bootstat -r post_decrypt_time_elapsed 
01-10 13:51:29.759557   401   401 I DisplayDevice: [Built-in Screen (type:0)] fps:1.796827,dur:1113.07,max:790.32,min:322.76
01-10 13:51:30.184411   533   533 I thermald: START+++++++++ 533
01-10 13:51:30.184573   533   533 I thermald: Success to write 533 to /proc/driver/thermal/clsd_pid
01-10 13:51:30.184608   533   533 I thermald: Success to write 533 to /proc/driver/thermal/clmutt_tmd_pid
01-10 13:51:30.184628   533   533 I thermald: Enter infinite loop
01-10 13:51:30.223286   527   558 E AALCust : Invalid LCM index -1, LCM count 1
01-10 13:51:30.223484   527   558 I AALCust : LCM index: 0/1
01-10 13:51:30.255146   555   555 I thermal_mgr: main argc 1.
01-10 13:51:30.255280   555   555 I thermal_mgr: argv[0] /vendor/bin/thermal_manager.
01-10 13:51:30.255962   542   542 I MobileLogD: =====MOBILELOG START=======
01-10 13:51:30.264569   556   556 I thermal_src: ta_main
01-10 13:51:30.267291   545   545 I Netdiag : network_dignose_daemon doing
01-10 13:51:30.277364   545   573 I Netdiag : commandlistening threadStart doing
01-10 13:51:30.284534   553   553 I thermal_repeater: START+++++++++ 553
01-10 13:51:30.284696   553   553 I thermal_repeater: Success to write 553 to /proc/driver/thermal/clwmt_pid
01-10 13:51:30.284833   553   553 I thermal_repeater: Success to write 553 to /proc/driver/thermal/clmutt_tm_pid
01-10 13:51:30.284872   553   553 I thermal_repeater: RilRPC_init 
01-10 13:51:30.285087   553   553 I thermal_repeater: RilRPC_init dlopen fail: dlopen failed: library "librpcril.so" not found 
01-10 13:51:30.291257   550   550 E android.hardware.sensors@1.0-service-mediatek: sensor hidl defaultPassthroughServiceImplementation start.
01-10 13:51:30.292170   555   555 I thermal_mgr: loadmtc thermal.conf
01-10 13:51:30.292282   555   555 I libMtcLoader: loadmtc
01-10 13:51:30.292526   555   555 I libMtcLoader: spa socket send fail!
01-10 13:51:30.302332   541   541 I         : [MET_LOG_D: drop_privs 2394]prctl success
01-10 13:51:30.302515   541   541 I         : [MET_LOG_D: drop_privs 2400]setgroups success
01-10 13:51:30.302546   541   541 I         : [MET_LOG_D: drop_privs 2406]setgid 2000 success
01-10 13:51:30.302577   541   541 I         : [MET_LOG_D: drop_privs 2412]setuid 2000 success
01-10 13:51:30.314538   556   556 I thermal_src1: libthermal_algo_setup
01-10 13:51:30.314958   556   556 I thermal_src1: ta_daemon_init
01-10 13:51:30.315067   556   556 I thermal_src1: spa_init
01-10 13:51:30.338757   555   555 I libMtcLoader: .tp.settings is opened.
01-10 13:51:30.373333   555   555 I libMtcLoader: readPolicy_formatV2
01-10 13:51:30.374264   555   555 E libMtcLoader: failed to write "" to /proc/mtkcooler/mtktscpu-sysrst!
01-10 13:51:30.374529   555   555 E libMtcLoader: failed to write "" to /proc/mtkcooler/mtktspmic-sysrst!
01-10 13:51:30.374611   555   555 E libMtcLoader: failed to write "" to /proc/mtkcooler/mtktsbattery-sysrst!
01-10 13:51:30.374659   555   555 E libMtcLoader: failed to write "" to /proc/mtkcooler/mtk-cl-shutdown01!
01-10 13:51:30.374707   555   555 E libMtcLoader: failed to write "" to /proc/mtkcooler/mtktscharger-sysrst!
01-10 13:51:30.374765   555   555 E libMtcLoader: failed to write "" to /proc/mtkcooler/mtktswmt-sysrst!
01-10 13:51:30.374835   555   555 E libMtcLoader: failed to write "" to /proc/mtkcooler/mtktsAP-sysrst!
01-10 13:51:30.374882   555   555 E libMtcLoader: failed to write "" to /proc/mtkcooler/mtk-cl-shutdown00!
01-10 13:51:30.375070   555   555 E libMtcLoader: failed to write "" to /proc/mtkcooler/mtk-cl-shutdown02!
01-10 13:51:30.375219   555   555 E libMtcLoader: failed to write "" to /proc/mtkcooler/mtk-cl-kshutdown00!
01-10 13:51:30.375270   555   555 E libMtcLoader: failed to write "" to /proc/mtkcooler/mtk-cl-kshutdown01!
01-10 13:51:30.375313   555   555 E libMtcLoader: failed to write "" to /proc/mtkcooler/mtk-cl-kshutdown02!
01-10 13:51:30.375360   555   555 E libMtcLoader: failed to write "" to /proc/mtkcooler/mtk-cl-kshutdown03!
01-10 13:51:30.375407   555   555 E libMtcLoader: failed to write "" to /proc/mtkcooler/mtk-cl-kshutdown04!
01-10 13:51:30.375837   564   564 E         : [SYSENV]get_env_info():321 , env_buffer[0] : f032a5c0
01-10 13:51:30.386895   556   556 I thermal_src: ta_catm_init_flow
01-10 13:51:30.387024   556   556 I thermal_src: u_CATM_ON == -1, get catm init val
01-10 13:51:30.387093   556   556 I thermal_src: TTJ_D 13500,TT_H 500,TT_L 500,TT 4000,MAX_TT 800000,MIN_TT -800000,MIN_TTJ 65000,CATM_ON 2,TTJ 59000,MAX_TARGET_TJ 85000,TRIP_TPCB 43000,STEADY_TARGET_TPCB 46000
01-10 13:51:30.387110   556   556 I thermal_src: update param 4608,59000,71500,27648,-25600
01-10 13:51:30.466667   539   539 I mediametrics: ServiceManager: 0x6f9d8316c0
01-10 13:51:30.469000   547   547 W storaged: type=1400 audit(0.0:30): avc: denied { read } for path="/sys/kernel/debug/mmc0/mmc0:0001/ext_csd" dev="debugfs" ino=97 scontext=u:r:storaged:s0 tcontext=u:object_r:debugfs_mmc:s0 tclass=file permissive=0
01-10 13:51:30.474610   571   571 I ProgramBinary/Server: Get disable program binary service property (0)
01-10 13:51:30.474735   571   571 I ProgramBinary/Server: Program binary server is starting...
01-10 13:51:30.478215   561   561 E agps    : [agps] ERR: [MAIN] mtk_agpsd is running ver=4.309.0
01-10 13:51:30.478367   561   561 E agps    : [agps] ERR: [MAIN] mtk_agpsd is for Android
01-10 13:51:30.481994   571   571 I ProgramBinary/Service: ProgramBinaryService created.
01-10 13:51:30.482162   571   571 I ProgramBinary/Service: ProgramBinaryService init...
01-10 13:51:30.482182   571   571 I ProgramBinary/Service: ProgramBinaryService disable debugging.
01-10 13:51:30.482195   571   571 I ProgramBinary/Service: ProgramBinaryService disable binary content debugging.
01-10 13:51:30.486168   546   546 I PPL/PPLAgent: PPLAgent created start
01-10 13:51:30.486548   571   571 I ProgramBinary/Server: Program binary service is added to service manager.
01-10 13:51:30.486653   571   571 I ProgramBinary/Server: Execute program_binary_builder.
01-10 13:51:30.487314   571   571 I ProgramBinary/Server: Parent process for handling binder: Pid of child is 581.
01-10 13:51:30.487925   546   546 E PPL/PPLAgent: failed to get entry for /ppl
01-10 13:51:30.487970   546   546 I PPL/PPLAgent: PPLAgent created end
01-10 13:51:30.488505   550   550 I Accelerometer: read div buf(/sys/class/sensor/m_acc_misc/accactive), mdiv 1000
01-10 13:51:30.495178   581   581 I ProgramBinary/Server: Child process for building program: Pid is 581.
01-10 13:51:30.500531   570   570 I gatekeeperd: Starting gatekeeperd...
01-10 13:51:30.501558   546   546 I PPL/PPLAgent: Registered to Service Manager. writeOnProtect=1, rawDataPart=0
01-10 13:51:30.501860   546   546 I PPL/PPLAgent: PPLAgent Service is now ready
01-10 13:51:30.525717   551   551 I camerahalserver: Camera HAL Server is starting..., ADV_CAM_SUPPORT(1)
01-10 13:51:30.542186   544   544 I Netd    : Netd 1.0 starting
01-10 13:51:30.555695   550   550 E         : settings file open failed: -2 (No such file or directory)
01-10 13:51:30.555814   550   550 E Accelerometer: read bias: [0.000000, 0.000000, 0.000000]
01-10 13:51:30.555936   550   550 E         : settings file open failed: -2 (No such file or directory)
01-10 13:51:30.555958   550   550 E Accelerometer: read cali: [0, 0, 0]
01-10 13:51:30.556644   524   524 E mnl_linux: mnl_utl_load_property: Config is not set yet, ignore
01-10 13:51:30.558055   550   550 I Magnetic: misc path =/sys/class/sensor/m_mag_misc/
01-10 13:51:30.558316   550   550 I Magnetic: read div buf(/sys/class/sensor/m_mag_misc/magactive), mdiv_M 1024000
01-10 13:51:30.558403   550   550 E         : settings file open failed: -2 (No such file or directory)
01-10 13:51:30.558471   550   550 I Magnetic: read bias: [0.000000, 0.000000, 0.000000]
01-10 13:51:30.561696   574   574 I /system/bin/tombstoned: tombstoned successfully initialized
01-10 13:51:30.578535   550   550 I Proximity: misc path =/sys/class/sensor/m_ps_misc/
01-10 13:51:30.578713   550   550 I Proximity: read div buf(/sys/class/sensor/m_ps_misc/psactive), mdiv 100
01-10 13:51:30.578788   550   550 I Light   : misc path =/sys/class/sensor/m_als_misc/
01-10 13:51:30.578862   550   550 I Light   : read div buf(/sys/class/sensor/m_als_misc/alsactive),mdiv 100
01-10 13:51:30.578912   550   550 I Gyroscope: misc path =/sys/class/sensor/m_gyro_misc/
01-10 13:51:30.578980   550   550 I Gyroscope: read div buf(/sys/class/sensor/m_gyro_misc/gyroactive), mdiv 7506
01-10 13:51:30.579034   550   550 E         : settings file open failed: -2 (No such file or directory)
01-10 13:51:30.579084   550   550 I Gyroscope: read bias: [0.000000, 0.000000, 0.000000]
01-10 13:51:30.579116   550   550 E         : settings file open failed: -2 (No such file or directory)
01-10 13:51:30.579133   550   550 I Gyroscope: read cali: [0, 0, 0]
01-10 13:51:30.579154   550   550 E         : settings file open failed: -2 (No such file or directory)
01-10 13:51:30.579167   550   550 I Gyroscope: read temp: [0, 0, 0, 0, 0, 0]
01-10 13:51:30.580736   550   550 E Pressure: couldn't find sensor device , 0.1
01-10 13:51:30.580878   550   550 E Pressure: couldn't find input device ,0.1
01-10 13:51:30.580917   550   550 E HUMIDITY: couldn't find sensor device
01-10 13:51:30.580941   562   562 I NVRAM   : Registration complete for vendor.mediatek.hardware.nvram@1.0::INvram/default.
01-10 13:51:30.580954   550   550 E HUMIDITY: couldn't find input device 
01-10 13:51:30.580978   550   550 E StepRecognize: couldn't find input device
01-10 13:51:30.581128   550   550 I StepRecognize: misc path =
01-10 13:51:30.581227   550   550 E StepRecognize: open misc path /sys/class/sensor/m_step_c_misc/step_cactive fail 
01-10 13:51:30.581264   550   550 E Pedometer: couldn't find input device
01-10 13:51:30.581589   550   550 I Pedometer: misc path =
01-10 13:51:30.581638   550   550 E Pedometer: open misc path /sys/class/sensor/m_pedo_misc/pedoactive fail
01-10 13:51:30.581689   550   550 E Activity: couldn't find input device
01-10 13:51:30.581719   550   550 E Activity: couldn't find input device 
01-10 13:51:30.581752   550   550 E Situation: couldn't find input device
01-10 13:51:30.581772   550   550 I Situation: misc path =
01-10 13:51:30.581804   550   550 E Fusion  : open fusion misc path /sys/class/sensor/m_fusion_misc/fusionactive fail 
01-10 13:51:30.581840   550   550 I android.hardware.sensors@1.0-service-mediatek: sensor hidl load sensor module success.
01-10 13:51:30.582215   565   565 E         : safe_sendto: safe_sendto() sendto() failed path=[mtk_hal2mnl] ret=-1 reason=[Connection refused]111
01-10 13:51:30.584135   565   565 I ServiceManagement: Removing namespace from process name vendor.mediatek.hardware.gnss@1.1-service to gnss@1.1-servic.
01-10 13:51:30.589349   561   591 I MtkAgpsNative: Enter mtk_agps_up_init
01-10 13:51:30.589721   561   591 I MtkAgpsNative: [????] kal_create_mutex: name(tls_global) 
01-10 13:51:30.605636   543   543 I advcamserver: ServiceManager: 0xece98ec0
01-10 13:51:30.606413   543   543 I advcam/AdvCamService: AdvCamService started (pid=543)
01-10 13:51:30.615005   543   543 I mmsdk/MMSdkService: MMSdkService started (pid=543)
01-10 13:51:30.619511   537   537 I mediaserver: ServiceManager: 0xee498f20
01-10 13:51:30.626092   565   565 I vendor.mediatek.hardware.gnss@1.1-service: Registration complete for vendor.mediatek.hardware.gnss@1.1::IMtkGnss/default.
01-10 13:51:30.628331   561   591 E agps    : [agps] ERR: [Default] mtk_expat_xml_load() failed reason=[fopen() failed reason=[No such file or directory]]
01-10 13:51:30.628510   561   591 E agps    : [agps] ERR: [Default] mtk_expat_xml_load() failed reason=[fopen() failed reason=[No such file or directory]]
01-10 13:51:30.631510   567   567 W libutils.threads: Thread (this=0x7eace6cc88): getTid() is undefined before run()
01-10 13:51:30.633843   550   550 I ServiceManagement: Removing namespace from process name android.hardware.sensors@1.0-service-mediatek to sensors@1.0-ser.
01-10 13:51:30.637907   561   591 E agps    : [agps] ERR: [MNL] sendto dest=[/data/agps_supl/agps_to_mnl] len=8 reason=[Connection refused]
01-10 13:51:30.638089   561   591 E agps    : [agps] ERR: [MNL] sendto dest=[/data/agps_supl/agps_to_mnl] len=48 reason=[Connection refused]
01-10 13:51:30.638686   550   550 I android.hardware.sensors@1.0-service-mediatek: Registration complete for android.hardware.sensors@1.0::ISensors/default.
01-10 13:51:30.641196   561   591 E MtkAgpsNative: safe_write reason=[No such device]19
01-10 13:51:30.641406   561   591 E agps    : [agps] ERR: [CP] get_ccci_uart  open failed node=[/dev/ccci2_tty2] reason=[No such file or directory]
01-10 13:51:30.642003   567   567 I ServiceManagement: Removing namespace from process name vendor.mediatek.hardware.pq@2.0-service to pq@2.0-service.
01-10 13:51:30.652575   585   585 I recovery: Recovery image already installed
01-10 13:51:30.653867   561   591 E agps    : [agps] ERR: [CP] ccci_uart_2  open failed
01-10 13:51:30.661601   567   567 I vendor.mediatek.hardware.pq@2.0-service: Registration complete for vendor.mediatek.hardware.pq@2.0::IPictureQuality/default.
01-10 13:51:30.663347   378   378 W /system/bin/hw/android.hidl.allocator@1.0-service: ashmem_create_region(149504) returning hidl_memory(0x7d3a82b5f0, 149504)
01-10 13:51:30.698357   547   638 I ServiceManager: Waiting for service package_native...
01-10 13:51:30.702488   549   549 I /vendor/bin/hw/android.hardware.media.omx@1.0-service: mediacodecservice starting
01-10 13:51:30.715482   544   544 I Netd    : Creating child chains: 112.4ms
01-10 13:51:30.715717   544   544 I Netd    : Setting up OEM hooks: 0.3ms
01-10 13:51:30.730913   549   549 W /vendor/bin/hw/android.hardware.media.omx@1.0-service: libminijail[549]: allowing syscall: clock_gettime
01-10 13:51:30.731163   549   549 W /vendor/bin/hw/android.hardware.media.omx@1.0-service: libminijail[549]: allowing syscall: connect
01-10 13:51:30.731262   549   549 W /vendor/bin/hw/android.hardware.media.omx@1.0-service: libminijail[549]: allowing syscall: fcntl64
01-10 13:51:30.731337   549   549 W /vendor/bin/hw/android.hardware.media.omx@1.0-service: libminijail[549]: allowing syscall: socket
01-10 13:51:30.731412   549   549 W /vendor/bin/hw/android.hardware.media.omx@1.0-service: libminijail[549]: allowing syscall: writev
01-10 13:51:30.731647   544   544 I Netd    : Setting up FirewallController hooks: 15.9ms
01-10 13:51:30.732663   549   549 W /vendor/bin/hw/android.hardware.media.omx@1.0-service: libminijail[549]: logging seccomp filter failures
01-10 13:51:30.737233   544   544 I Netd    : Setting up NatController hooks: 5.6ms
01-10 13:51:30.745625   544   544 I Netd    : Setting up BandwidthController hooks: 8.4ms
01-10 13:51:30.745686   544   544 I Netd    : Setting up IdletimerController hooks: 0.1ms
01-10 13:51:30.760804   544   544 I Netd    : Disabling bandwidth control: 15.1ms
01-10 13:51:30.762650   544   544 E Netd    : cannot find interface dummy0
01-10 13:51:30.763325   544   544 I Netd    : Initializing RouteController: 2.5ms
01-10 13:51:30.766506   549   549 W MediaCodecsXmlParser: unable to open media codecs configuration xml file: /data/misc/media/media_codecs_profiling_results.xml
01-10 13:51:30.766645   549   549 W MediaCodecsXmlParser: parseTopLevelXMLFile(/data/misc/media/media_codecs_profiling_results.xml) failed
01-10 13:51:30.766801   549   549 E MediaCodecsXmlParser: Cannot find the role for a decoder of type audio/x-ms-wma
01-10 13:51:30.768417   549   549 I ServiceManagement: Removing namespace from process name android.hardware.media.omx@1.0-service to omx@1.0-service.
01-10 13:51:30.769910   544   544 I Netd    : Registering NetdNativeService: 5.1ms
01-10 13:51:30.770230   544   544 I Netd    : Starting CommandListener: 0.3ms
01-10 13:51:30.778519   544   544 I Netd    : Registering NetdHwService: 8.3ms
01-10 13:51:30.778601   544   544 I Netd    : Netd started in 237ms
01-10 13:51:30.787365   538   538 W /system/bin/mediaextractor: libminijail[538]: allowing syscall: connect
01-10 13:51:30.787624   538   538 W /system/bin/mediaextractor: libminijail[538]: allowing syscall: fcntl
01-10 13:51:30.787820   538   538 W /system/bin/mediaextractor: libminijail[538]: allowing syscall: sendto
01-10 13:51:30.787958   538   538 W /system/bin/mediaextractor: libminijail[538]: allowing syscall: socket
01-10 13:51:30.788027   538   538 W /system/bin/mediaextractor: libminijail[538]: allowing syscall: writev
01-10 13:51:30.788617   538   538 W /system/bin/mediaextractor: libminijail[538]: logging seccomp filter failures
01-10 13:51:30.806079   551   551 I mtkcam-devicemgr: [CameraDeviceManagerBase] "internal" this:0xed375004 persist.mtkcam.aosp_hal_version: persist.mtkcam.aosp_hal_legacy:1 persist.mtkcam.aosp_hal_legacy:0
01-10 13:51:30.808163   401   519 I BufferQueueProducer: [BootAnimation#0](this:0x72f9c0e000,id:1,api:1,p:485,c:401) queueBuffer: fps=16.14 dur=1053.61 max=165.59 min=33.51
01-10 13:51:30.813610   401   401 I DisplayDevice: [Built-in Screen (type:0)] fps:16.127394,dur:1054.11,max:169.98,min:36.94
01-10 13:51:30.829519   549   549 W MediaCodecsXmlParser: unable to open media codecs configuration xml file: /data/misc/media/media_codecs_profiling_results.xml
01-10 13:51:30.829683   549   549 W MediaCodecsXmlParser: parseTopLevelXMLFile(/data/misc/media/media_codecs_profiling_results.xml) failed
01-10 13:51:30.830311   549   549 I ServiceManagement: Removing namespace from process name android.hardware.media.omx@1.0-service to omx@1.0-service.
01-10 13:51:30.838537   549   549 I /vendor/bin/hw/android.hardware.media.omx@1.0-service: Treble OMX service created.
01-10 13:51:30.872273   542   542 I MobileLogD: boot mode is 0
01-10 13:51:30.877926   525   525 I zygote64: option[0]=-Xzygote
01-10 13:51:30.878046   525   525 I zygote64: option[1]=-Xusetombstonedtraces
01-10 13:51:30.878065   525   525 I zygote64: option[2]=exit
01-10 13:51:30.878078   525   525 I zygote64: option[3]=vfprintf
01-10 13:51:30.878091   525   525 I zygote64: option[4]=sensitiveThread
01-10 13:51:30.878103   525   525 I zygote64: option[5]=-verbose:gc
01-10 13:51:30.878115   525   525 I zygote64: option[6]=-Xms4m
01-10 13:51:30.878126   525   525 I zygote64: option[7]=-Xmx256m
01-10 13:51:30.878138   525   525 I zygote64: option[8]=-XX:HeapGrowthLimit=128m
01-10 13:51:30.878151   525   525 I zygote64: option[9]=-Xusejit:true
01-10 13:51:30.878164   525   525 I zygote64: option[10]=-Xjitsaveprofilinginfo
01-10 13:51:30.878178   525   525 I zygote64: option[11]=-agentlib:jdwp=transport=dt_android_adb,suspend=n,server=y
01-10 13:51:30.878191   525   525 I zygote64: option[12]=-Ximage-compiler-option
01-10 13:51:30.878203   525   525 I zygote64: option[13]=--runtime-arg
01-10 13:51:30.878216   525   525 I zygote64: option[14]=-Ximage-compiler-option
01-10 13:51:30.878227   525   525 I zygote64: option[15]=-Xms64m
01-10 13:51:30.878240   525   525 I zygote64: option[16]=-Ximage-compiler-option
01-10 13:51:30.878251   525   525 I zygote64: option[17]=--runtime-arg
01-10 13:51:30.878264   525   525 I zygote64: option[18]=-Ximage-compiler-option
01-10 13:51:30.878296   525   525 I zygote64: option[19]=-Xmx64m
01-10 13:51:30.878310   525   525 I zygote64: option[20]=-Ximage-compiler-option
01-10 13:51:30.878324   525   525 I zygote64: option[21]=--image-classes=/system/etc/preloaded-classes
01-10 13:51:30.878353   525   525 I zygote64: option[22]=-Ximage-compiler-option
01-10 13:51:30.878368   525   525 I zygote64: option[23]=--compiled-classes=/system/etc/compiled-classes
01-10 13:51:30.878394   525   525 I zygote64: option[24]=-Ximage-compiler-option
01-10 13:51:30.878412   525   525 I zygote64: option[25]=--dirty-image-objects=/system/etc/dirty-image-objects
01-10 13:51:30.878436   525   525 I zygote64: option[26]=-Xcompiler-option
01-10 13:51:30.878450   525   525 I zygote64: option[27]=--runtime-arg
01-10 13:51:30.878476   525   525 I zygote64: option[28]=-Xcompiler-option
01-10 13:51:30.878490   525   525 I zygote64: option[29]=-Xms64m
01-10 13:51:30.878514   525   525 I zygote64: option[30]=-Xcompiler-option
01-10 13:51:30.878527   525   525 I zygote64: option[31]=--runtime-arg
01-10 13:51:30.878551   525   525 I zygote64: option[32]=-Xcompiler-option
01-10 13:51:30.878564   525   525 I zygote64: option[33]=-Xmx512m
01-10 13:51:30.878590   525   525 I zygote64: option[34]=-Ximage-compiler-option
01-10 13:51:30.878603   525   525 I zygote64: option[35]=--instruction-set-variant=cortex-a53
01-10 13:51:30.878630   525   525 I zygote64: option[36]=-Xcompiler-option
01-10 13:51:30.878644   525   525 I zygote64: option[37]=--instruction-set-variant=cortex-a53
01-10 13:51:30.878657   525   525 I zygote64: option[38]=-Ximage-compiler-option
01-10 13:51:30.878670   525   525 I zygote64: option[39]=--instruction-set-features=default
01-10 13:51:30.878682   525   525 I zygote64: option[40]=-Xcompiler-option
01-10 13:51:30.878710   525   525 I zygote64: option[41]=--instruction-set-features=default
01-10 13:51:30.878770   525   525 I zygote64: option[42]=-Duser.locale=zh-Hans-CN
01-10 13:51:30.878795   525   525 I zygote64: option[43]=--cpu-abilist=arm64-v8a
01-10 13:51:30.878812   525   525 I zygote64: option[44]=-Xfingerprint:Datalogic/dl35cn/dl35:8.1.0/1.07.15.20191227/1577435794:user/release-keys
01-10 13:51:30.906456   531   531 I cameraserver: ServiceManager: 0xe5b98f40
01-10 13:51:30.906671   531   531 I CameraService: CameraService started (pid=531)
01-10 13:51:30.909600   542   542 I MobileLogD: set cur path: /data/log_temp/boot/
01-10 13:51:30.910464   542   542 I MobileLogD: ld_p type: 0, id: 0, log_name: main_log, rotate_size: 15728640
01-10 13:51:30.910662   542   542 I MobileLogD: ld_p type: 0, id: 1, log_name: radio_log, rotate_size: 5242880
01-10 13:51:30.910772   542   542 I MobileLogD: ld_p type: 0, id: 2, log_name: events_log, rotate_size: 5242880
01-10 13:51:30.910875   542   542 I MobileLogD: ld_p type: 0, id: 3, log_name: sys_log, rotate_size: 5242880
01-10 13:51:30.910980   542   542 I MobileLogD: ld_p type: 0, id: 4, log_name: crash_log, rotate_size: 3145728
01-10 13:51:30.911067   542   542 I MobileLogD: Read kernel log from kmsg
01-10 13:51:30.911176   542   542 I MobileLogD: ld_p type: 1, id: 6, log_name: kernel_log, rotate_size: 10485760
01-10 13:51:30.911367   542   542 I MobileLogD: ld_p type: 1, id: 7, log_name: atf_log, rotate_size: 10485760
01-10 13:51:30.911603   542   542 I MobileLogD: ld_p type: 1, id: 8, log_name: gz_log, rotate_size: 3145728
01-10 13:51:30.911721   542   542 E MobileLogD: open /proc/gz_log fail(No such file or directory)
01-10 13:51:30.917799   563   668 E HWMLIB  : alsps_set_cali: set_cali err: -1
01-10 13:51:30.918560   563   666 E HWMLIB  : gsensor_set_cali: set_cali err: -1
01-10 13:51:30.920544   542   542 I MobileLogD: ld_p type: 1, id: 9, log_name: bsp_log, rotate_size: 5242880
01-10 13:51:30.922152   563   667 E HWMLIB  : gyroscope_set_cali: set_cali err: -1
01-10 13:51:30.955782   671   671 I MobileLogD: bsp ftrace buffer initializing...
01-10 13:51:30.997842   542   542 I MobileLogD: ld_p type: 1, id: 11, log_name: scp_log, rotate_size: 3145728
01-10 13:51:30.998059   542   542 E MobileLogD: open /dev/scp fail(No such file or directory)
01-10 13:51:31.073107   524   524 E mnld_uti: read_NVRAM: not 3332 UART port
01-10 13:51:31.073680   524   524 E gps_controlller: hasAlmanac: open file(/nvcfg/almanac.dat) fail
01-10 13:51:31.080035   542   542 I MobileLogD: ld_p type: 1, id: 12, log_name: scp_b_log, rotate_size: 3145728
01-10 13:51:31.080284   542   542 E MobileLogD: open /dev/scp_B fail(No such file or directory)
01-10 13:51:31.086836   528   528 I FastMixerState: sMaxFastTracks = 8
01-10 13:51:31.091105   524   524 E mtk_lbs_utility: safe_sendto: safe_sendto() sendto() failed path=[mtk_mnl2hal] ret=-1 reason=[Connection refused]111
01-10 13:51:31.102732   528   528 W BatteryNotifier: batterystats service unavailable!
01-10 13:51:31.108262   406   406 I ccci_mdinit: (1):Gotten ret=0,nvram_init=Ready!
01-10 13:51:31.110807   406   406 I ccci_mdinit: (1):md_img_exist 0 0 0 0
01-10 13:51:31.111084   561   591 E MtkAgpsNative: safe_write reason=[No such device]19
01-10 13:51:31.123011   528   528 I AudioFlinger: Using default 3000 mSec as standby time.
01-10 13:51:31.126027   528   528 E APM::Serializer: deserialize: Could not parse /odm/etc/audio_policy_configuration.xml document.
01-10 13:51:31.134524   406   700 I ccci_mdinit: (1):Update time to md by ipc port fail(25)
01-10 13:51:31.148810   542   542 I MobileLogD: ld_p type: 1, id: 13, log_name: sspm_log, rotate_size: 3145728
01-10 13:51:31.151630   542   542 E MobileLogD: open tagmap done
01-10 13:51:31.152246   542   542 I MobileLogD: current folder size limited is 300 MB, factor is 1
01-10 13:51:31.152881   542   542 I MobileLogD: main_log, rotation size 15728640
01-10 13:51:31.155959   542   542 I MobileLogD: radio_log, rotation size 5242880
01-10 13:51:31.156454   671   671 I MobileLogD: bsp ftrace buffer initialize done
01-10 13:51:31.158028   542   542 I MobileLogD: events_log, rotation size 5242880
01-10 13:51:31.158569   542   542 I MobileLogD: sys_log, rotation size 5242880
01-10 13:51:31.159126   542   542 I MobileLogD: crash_log, rotation size 3145728
01-10 13:51:31.159634   542   542 I MobileLogD: kernel_log, rotation size 10485760
01-10 13:51:31.163127   542   542 I MobileLogD: atf_log, rotation size 10485760
01-10 13:51:31.165844   542   542 I MobileLogD: bsp_log, rotation size 5242880
01-10 13:51:31.167357   581   581 I ProgramBinary/Builder: Program binary builder is starting...
01-10 13:51:31.167490   581   581 I ProgramBinary/Builder: Build program consctruct.
01-10 13:51:31.167501   581   581 I ProgramBinary/Builder: Build program is running...
01-10 13:51:31.167654   542   542 I MobileLogD: sspm_log, rotation size 3145728
01-10 13:51:31.167716   542   542 I MobileLogD: create dir /data/log_temp/boot/
01-10 13:51:31.201364   540   540 I mediaserver: ServiceManager: 0xed8d8740
01-10 13:51:31.205717   540   540 W BatteryNotifier: batterystats service unavailable!
01-10 13:51:31.225331   406   406 I ccci_mdinit: (1):Gotten ret=0,nvram_init=Ready!
01-10 13:51:31.242140   406   406 I ccci_mdinit: (1):USP_SBP:persist.mtk_usp_md_sbp_code not exist
01-10 13:51:31.242312   406   406 I ccci_mdinit: (1):get_cip_sbp_setting, file /custom/etc/firmware/CIP_MD_SBP NOT exists!
01-10 13:51:31.242374   406   406 I ccci_mdinit: (1):PRJ_SBP_ID:ro.mtk_md_sbp_custom_value not exist, using default value
01-10 13:51:31.258170   404   404 E ccci_fsd(1): FS_OTP_init:otp_open failed, errno=2!
01-10 13:51:31.258306   404   404 E ccci_fsd(1): can't catch SIGKILL
01-10 13:51:31.262206   406   406 I ccci_mdinit: (1):SBP_SUB_ID:persist.operator.subid not exist
01-10 13:51:31.262301   406   406 I ccci_mdinit: (1):set md boot data:mdl=2 sbp=0 dbg_dump=-1 sbp_sub=0
01-10 13:51:31.262366   406   406 I ccci_mdinit: (1):start_service init.svc.ccci_fsd, current state:running, returned:7
01-10 13:51:31.291728   531   531 I CameraService: CameraService process starting
01-10 13:51:31.292220   531   531 W BatteryNotifier: batterystats service unavailable!
01-10 13:51:31.292431   531   531 W BatteryNotifier: batterystats service unavailable!
01-10 13:51:31.295864   351   351 W /system/bin/hwservicemanager: getTransport: Cannot find entry android.hardware.camera.provider@2.4::ICameraProvider/legacy/0 in either framework or device manifest.
01-10 13:51:31.305723   406   406 I ccci_mdinit: (1):wait_for_property:success(init.svc.ccci_fsd=running), loop:600
01-10 13:51:31.325987   351   351 E SELinux : avc:  denied  { find } for interface=android.hardware.configstore::ISurfaceFlingerConfigs sid=u:r:program_binary:s0 pid=581 scontext=u:r:program_binary:s0 tcontext=u:object_r:hal_configstore_ISurfaceFlingerConfigs:s0 tclass=hwservice_manager permissive=0
01-10 13:51:31.327718   581   581 I /system/bin/program_binary_builder: android::hardware::configstore::V1_0::ISurfaceFlingerConfigs::hasWideColorDisplay retrieved: 0 (default)
01-10 13:51:31.327880   581   581 I ProgramBinary/Builder: EGL version 1.4
01-10 13:51:31.424746   575   575 I iptables-wrapper-1.0: iptables: No chain/target/match by that name.
01-10 13:51:31.425006   575   575 I iptables-wrapper-1.0: iptables-wrapper-1.0 terminated by exit(1)
01-10 13:51:31.425132   575   575 E NetdagentIptables: exec() res=0, status=256 for /system/bin/iptables-wrapper-1.0 -w -t filter -F oem_mobile 
01-10 13:51:31.452974   526   526 I zygote  : option[0]=-Xzygote
01-10 13:51:31.453094   526   526 I zygote  : option[1]=-Xusetombstonedtraces
01-10 13:51:31.453112   526   526 I zygote  : option[2]=exit
01-10 13:51:31.453127   526   526 I zygote  : option[3]=vfprintf
01-10 13:51:31.453141   526   526 I zygote  : option[4]=sensitiveThread
01-10 13:51:31.453156   526   526 I zygote  : option[5]=-verbose:gc
01-10 13:51:31.453171   526   526 I zygote  : option[6]=-Xms4m
01-10 13:51:31.453185   526   526 I zygote  : option[7]=-Xmx256m
01-10 13:51:31.453211   526   526 I zygote  : option[8]=-XX:HeapGrowthLimit=128m
01-10 13:51:31.453233   526   526 I zygote  : option[9]=-Xusejit:true
01-10 13:51:31.453259   526   526 I zygote  : option[10]=-Xjitsaveprofilinginfo
01-10 13:51:31.453276   526   526 I zygote  : option[11]=-agentlib:jdwp=transport=dt_android_adb,suspend=n,server=y
01-10 13:51:31.453307   526   526 I zygote  : option[12]=-Ximage-compiler-option
01-10 13:51:31.453329   526   526 I zygote  : option[13]=--runtime-arg
01-10 13:51:31.453345   526   526 I zygote  : option[14]=-Ximage-compiler-option
01-10 13:51:31.453359   526   526 I zygote  : option[15]=-Xms64m
01-10 13:51:31.453374   526   526 I zygote  : option[16]=-Ximage-compiler-option
01-10 13:51:31.453389   526   526 I zygote  : option[17]=--runtime-arg
01-10 13:51:31.453405   526   526 I zygote  : option[18]=-Ximage-compiler-option
01-10 13:51:31.453464   526   526 I zygote  : option[19]=-Xmx64m
01-10 13:51:31.453480   526   526 I zygote  : option[20]=-Ximage-compiler-option
01-10 13:51:31.453499   526   526 I zygote  : option[21]=--image-classes=/system/etc/preloaded-classes
01-10 13:51:31.453514   526   526 I zygote  : option[22]=-Ximage-compiler-option
01-10 13:51:31.453530   526   526 I zygote  : option[23]=--compiled-classes=/system/etc/compiled-classes
01-10 13:51:31.453546   526   526 I zygote  : option[24]=-Ximage-compiler-option
01-10 13:51:31.453563   526   526 I zygote  : option[25]=--dirty-image-objects=/system/etc/dirty-image-objects
01-10 13:51:31.453578   526   526 I zygote  : option[26]=-Xcompiler-option
01-10 13:51:31.453593   526   526 I zygote  : option[27]=--runtime-arg
01-10 13:51:31.453608   526   526 I zygote  : option[28]=-Xcompiler-option
01-10 13:51:31.453623   526   526 I zygote  : option[29]=-Xms64m
01-10 13:51:31.453639   526   526 I zygote  : option[30]=-Xcompiler-option
01-10 13:51:31.453691   526   526 I zygote  : option[31]=--runtime-arg
01-10 13:51:31.453706   526   526 I zygote  : option[32]=-Xcompiler-option
01-10 13:51:31.453721   526   526 I zygote  : option[33]=-Xmx512m
01-10 13:51:31.453737   526   526 I zygote  : option[34]=-Ximage-compiler-option
01-10 13:51:31.453763   526   526 I zygote  : option[35]=--instruction-set-variant=cortex-a53
01-10 13:51:31.453779   526   526 I zygote  : option[36]=-Xcompiler-option
01-10 13:51:31.453808   526   526 I zygote  : option[37]=--instruction-set-variant=cortex-a53
01-10 13:51:31.453824   526   526 I zygote  : option[38]=-Ximage-compiler-option
01-10 13:51:31.453839   526   526 I zygote  : option[39]=--instruction-set-features=default
01-10 13:51:31.453854   526   526 I zygote  : option[40]=-Xcompiler-option
01-10 13:51:31.453869   526   526 I zygote  : option[41]=--instruction-set-features=default
01-10 13:51:31.453885   526   526 I zygote  : option[42]=-Duser.locale=zh-Hans-CN
01-10 13:51:31.453901   526   526 I zygote  : option[43]=--cpu-abilist=armeabi-v7a,armeabi
01-10 13:51:31.453919   526   526 I zygote  : option[44]=-Xfingerprint:Datalogic/dl35cn/dl35:8.1.0/1.07.15.20191227/1577435794:user/release-keys
01-10 13:51:31.460834   575   575 I ip6tables-wrapper-1.0: ip6tables: No chain/target/match by that name.
01-10 13:51:31.461674   575   575 I ip6tables-wrapper-1.0: ip6tables-wrapper-1.0 terminated by exit(1)
01-10 13:51:31.461844   575   575 E NetdagentIptables: exec() res=0, status=256 for /system/bin/ip6tables-wrapper-1.0 -w -t filter -F oem_mobile 
01-10 13:51:31.510708   575   575 I iptables-wrapper-1.0: iptables: No chain/target/match by that name.
01-10 13:51:31.511348   575   575 I iptables-wrapper-1.0: iptables-wrapper-1.0 terminated by exit(1)
01-10 13:51:31.511494   575   575 E NetdagentIptables: exec() res=0, status=256 for /system/bin/iptables-wrapper-1.0 -w -t filter -X oem_mobile 
01-10 13:51:31.569763   575   575 I ip6tables-wrapper-1.0: ip6tables: No chain/target/match by that name.
01-10 13:51:31.570003   575   575 I ip6tables-wrapper-1.0: ip6tables-wrapper-1.0 terminated by exit(1)
01-10 13:51:31.570175   575   575 E NetdagentIptables: exec() res=0, status=256 for /system/bin/ip6tables-wrapper-1.0 -w -t filter -X oem_mobile 
01-10 13:51:31.685703   575   575 I iptables-wrapper-1.0: iptables: No chain/target/match by that name.
01-10 13:51:31.686578   575   575 I iptables-wrapper-1.0: iptables-wrapper-1.0 terminated by exit(1)
01-10 13:51:31.686766   575   575 E NetdagentIptables: exec() res=0, status=256 for /system/bin/iptables-wrapper-1.0 -w -t filter -F oem_wifi 
01-10 13:51:31.698920   547   638 I ServiceManager: Waiting for service package_native...
01-10 13:51:31.725621   575   575 I ip6tables-wrapper-1.0: ip6tables: No chain/target/match by that name.
01-10 13:51:31.725897   575   575 I ip6tables-wrapper-1.0: ip6tables-wrapper-1.0 terminated by exit(1)
01-10 13:51:31.726149   575   575 E NetdagentIptables: exec() res=0, status=256 for /system/bin/ip6tables-wrapper-1.0 -w -t filter -F oem_wifi 
01-10 13:51:31.758781   542   542 I MobileLogD: logd_sock: 19
01-10 13:51:31.762630   542   542 I MobileLogD: init debug
01-10 13:51:31.766353   542   765 I MobileLogD: read thread 765
01-10 13:51:31.766850   542   765 E MobileLogD: /sys/kernel/debug/tracing/instances/bsp/trace_pipe is ready now, and open it.
01-10 13:51:31.768708   567   630 D PQ      : ccorr table index=0
01-10 13:51:31.768888   567   630 D PQTransition: onTransition: TRS: Mode2 (23)
01-10 13:51:31.768931   567   630 D PQTransition: CheckIfFinished: TRS: CheckIfFinished(EN=1)
01-10 13:51:31.768929   575   575 I iptables-wrapper-1.0: iptables: No chain/target/match by that name.
01-10 13:51:31.769015   567   630 D PQ      : [PQ_SERVICE] setPQParamWithFilter configFlag: 2
01-10 13:51:31.769058   575   575 I iptables-wrapper-1.0: iptables-wrapper-1.0 terminated by exit(1)
01-10 13:51:31.769176   575   575 E NetdagentIptables: exec() res=0, status=256 for /system/bin/iptables-wrapper-1.0 -w -t filter -X oem_wifi 
01-10 13:51:31.769813   542   766 I MobileLogD: write thread 766
01-10 13:51:31.769905   404   404 E ccci_fsd(1): FS_IsReadOnly: [error]fail on file: /vendor/nvdata/md/FAT9BC6FD43.log, error=2
01-10 13:51:31.784154   567   630 D PQ      : ccorr table index=0
01-10 13:51:31.784297   567   630 D PQTransition: onTransition: TRS: Mode2 (24)
01-10 13:51:31.784439   567   630 D PQTransition: CheckIfFinished: TRS: CheckIfFinished(EN=1)
01-10 13:51:31.784533   567   630 D PQ      : [PQ_SERVICE] setPQParamWithFilter configFlag: 2
01-10 13:51:31.788515   485   503 D skia    : SkJpegCodec::onGetPixels + (720, 1280)
01-10 13:51:31.789865   527   558 D AAL     : 01-10 01:51:31.709 BL= 942,ESS= 256, 01-10 01:51:31.727 BL= 941,ESS= 256, 01-10 01:51:31.747 BL= 940,ESS= 256, 01-10 01:51:31.768 BL= 939,ESS= 256, 01-10 01:51:31.789 BL= 938,ESS= 256, 
01-10 13:51:31.802881   567   630 D PQ      : ccorr table index=0
01-10 13:51:31.802956   567   630 D PQTransition: onTransition: TRS: Mode2 (25)
01-10 13:51:31.803029   567   630 D PQTransition: CheckIfFinished: TRS: CheckIfFinished(EN=1)
01-10 13:51:31.803102   567   630 D PQ      : [PQ_SERVICE] setPQParamWithFilter configFlag: 2
01-10 13:51:31.810277   575   575 I ip6tables-wrapper-1.0: ip6tables: No chain/target/match by that name.
01-10 13:51:31.810484   575   575 I ip6tables-wrapper-1.0: ip6tables-wrapper-1.0 terminated by exit(1)
01-10 13:51:31.810621   575   575 E NetdagentIptables: exec() res=0, status=256 for /system/bin/ip6tables-wrapper-1.0 -w -t filter -X oem_wifi 
01-10 13:51:31.821744   567   630 D PQ      : ccorr table index=0
01-10 13:51:31.821821   567   630 D PQTransition: onTransition: TRS: Mode2 (26)
01-10 13:51:31.821890   567   630 D PQTransition: CheckIfFinished: TRS: CheckIfFinished(EN=1)
01-10 13:51:31.821980   567   630 D PQ      : [PQ_SERVICE] setPQParamWithFilter configFlag: 2
01-10 13:51:31.826844   485   503 D skia    : SkJpegCodec::onGetPixels -
01-10 13:51:31.837469   767   767 D AEE_AED : Rtt command(type:0, file_path:3 arg0:542)
01-10 13:51:31.837654   767   767 E AEE_AED : aee:rttdRtt command connect socket fail: Connection refused
01-10 13:51:31.837702   767   767 E AEE_AED : aee:rttd_64Rtt command connect 64_socket fail: Connection refused
01-10 13:51:31.837713   767   767 D AEE_AED : switch AEE mode fail
01-10 13:51:31.840606   567   630 D PQ      : ccorr table index=0
01-10 13:51:31.840683   567   630 D PQTransition: onTransition: TRS: Mode2 (27)
01-10 13:51:31.840770   567   630 D PQTransition: CheckIfFinished: TRS: CheckIfFinished(EN=1)
01-10 13:51:31.840877   567   630 D PQ      : [PQ_SERVICE] setPQParamWithFilter configFlag: 2
01-10 13:51:31.833000   767   767 W aee     : type=1400 audit(0.0:31): avc: denied { getattr } for path="/sys/devices/virtual/BOOT/BOOT/boot/boot_mode" dev="sysfs" ino=5378 scontext=u:r:mobile_log_d:s0 tcontext=u:object_r:sysfs:s0 tclass=file permissive=0
01-10 13:51:31.847654   401   519 I BufferQueueProducer: [BootAnimation#0](this:0x72f9c0e000,id:1,api:1,p:485,c:401) queueBuffer: fps=18.27 dur=1039.73 max=88.42 min=30.32
01-10 13:51:31.848854   485   503 D skia    : SkJpegCodec::onGetPixels + (720, 1280)
01-10 13:51:31.850243   401   401 I DisplayDevice: [Built-in Screen (type:0)] fps:18.328600,dur:1036.63,max:75.94,min:18.90
01-10 13:51:31.859502   567   630 D PQ      : ccorr table index=0
01-10 13:51:31.859592   567   630 D PQTransition: onTransition: TRS: Mode2 (28)
01-10 13:51:31.859670   567   630 D PQTransition: CheckIfFinished: TRS: CheckIfFinished(EN=1)
01-10 13:51:31.859752   567   630 D PQ      : [PQ_SERVICE] setPQParamWithFilter configFlag: 2
01-10 13:51:31.863272   581   581 D HWUIExtension: 11 Program id 14, key 0x0002001800500044, offset 58048, binaryLength 10924 within 112417ns
01-10 13:51:31.873070   485   503 D skia    : SkJpegCodec::onGetPixels -
01-10 13:51:31.878380   567   630 D PQ      : ccorr table index=0
01-10 13:51:31.878501   567   630 D PQTransition: onTransition: TRS: Mode2 (29)
01-10 13:51:31.878592   567   630 D PQTransition: CheckIfFinished: TRS: CheckIfFinished(EN=1)
01-10 13:51:31.878706   567   630 D PQ      : [PQ_SERVICE] setPQParamWithFilter configFlag: 2
01-10 13:51:31.879393   527   558 D AAL     : 01-10 01:51:31.803 BL= 937,ESS= 256, 01-10 01:51:31.822 BL= 936,ESS= 256, 01-10 01:51:31.840 BL= 935,ESS= 256, 01-10 01:51:31.860 BL= 934,ESS= 256, 01-10 01:51:31.879 BL= 933,ESS= 256, 
01-10 13:51:31.890753   485   503 D skia    : SkJpegCodec::onGetPixels + (720, 1280)
01-10 13:51:31.897209   567   630 D PQ      : ccorr table index=0
01-10 13:51:31.897313   567   630 D PQTransition: onTransition: TRS: Mode2 (30)
01-10 13:51:31.897396   567   630 D PQTransition: CheckIfFinished: TRS: CheckIfFinished(EN=1)
01-10 13:51:31.897591   567   630 D PQ      : [PQ_SERVICE] setPQParamWithFilter configFlag: 2
01-10 13:51:31.916044   567   630 D PQ      : ccorr table index=0
01-10 13:51:31.916039   485   503 D skia    : SkJpegCodec::onGetPixels -
01-10 13:51:31.916143   567   630 D PQTransition: onTransition: TRS: Mode2 (31)
01-10 13:51:31.917243   567   630 D PQTransition: CheckIfFinished: TRS: CheckIfFinished(EN=1)
01-10 13:51:31.917473   567   630 D PQ      : [PQ_SERVICE] setPQParamWithFilter configFlag: 2
01-10 13:51:31.935196   567   630 D PQ      : ccorr table index=0
01-10 13:51:31.935451   567   630 D PQTransition: onTransition: TRS: Mode2 (32)
01-10 13:51:31.935666   567   630 D PQTransition: CheckIfFinished: TRS: CheckIfFinished(EN=1)
01-10 13:51:31.935795   567   630 D PQ      : [PQ_SERVICE] setPQParamWithFilter configFlag: 2
01-10 13:51:31.938023   485   503 D skia    : SkJpegCodec::onGetPixels + (720, 1280)
01-10 13:51:31.947845   534   534 D PQ      : [PQ_PROT] [PQCust] libpq_cust_base.so OK, libpq_cust.so absent
01-10 13:51:31.953725   567   630 D PQ      : ccorr table index=0
01-10 13:51:31.953812   567   630 D PQTransition: onTransition: TRS: Mode2 (33)
01-10 13:51:31.953892   567   630 D PQTransition: CheckIfFinished: TRS: CheckIfFinished(EN=1)
01-10 13:51:31.953961   567   630 D PQ      : [PQ_SERVICE] setPQParamWithFilter configFlag: 2
01-10 13:51:31.956824   581   581 D HWUIExtension: 12 Program id 15, key 0x0000001000000008, offset 68972, binaryLength 11256 within 93386ns
01-10 13:51:31.959524   485   503 D skia    : SkJpegCodec::onGetPixels -
01-10 13:51:31.959627   406   406 D ccci_mdinit: (1):set md status:mtk.md1.status=ready 
01-10 13:51:31.962202   406   406 D ccci_mdinit: (1):start all ccci up layer services
01-10 13:51:31.962351   406   406 I ccci_mdinit: (1):start_service init.svc.emdlogger1, but returned 0, maybe has no this property
01-10 13:51:31.968167   534   534 D PQ      : [PQ_PROT] [PQCust] libpq_cust_base_mtk.so absent, libpq_cust_mtk.so absent
01-10 13:51:31.968956   534   534 D AVStageFactory: createInstance(32bit): createVendorAVFactory success!
01-10 13:51:31.969606   534   534 D AVStageUtils: createInstance(32bit): createVendorAVUtils success!
01-10 13:51:31.969837   534   534 D AVStageFactory: createInstance(32bit): createVendorAVFactory success!
01-10 13:51:31.970845   534   534 D AVStageUtils: createInstance(32bit): createVendorAVUtils success!
01-10 13:51:31.972813   567   630 D PQ      : ccorr table index=0
01-10 13:51:31.973091   567   630 D PQTransition: onTransition: TRS: Mode2 (34)
01-10 13:51:31.973153   567   630 D PQTransition: CheckIfFinished: TRS: CheckIfFinished(EN=1)
01-10 13:51:31.973337   567   630 D PQ      : [PQ_SERVICE] setPQParamWithFilter configFlag: 2
