          <idle>-0     [002] dnh4 78671.057344: signal_generate: sig=32 errno=0 code=131070 comm=POSIX timer 0 pid=408 grp=0 res=0
          <idle>-0     [000] d.h4 78671.065621: signal_generate: sig=32 errno=0 code=131070 comm=POSIX timer 1 pid=410 grp=0 res=0
          <idle>-0     [002] d.h4 78671.573162: signal_generate: sig=32 errno=0 code=131070 comm=POSIX timer 0 pid=408 grp=0 res=0
          <idle>-0     [001] d.h4 78671.584541: signal_generate: sig=32 errno=0 code=131070 comm=POSIX timer 1 pid=410 grp=0 res=0
          <idle>-0     [003] d.h4 78673.397283: signal_generate: sig=32 errno=0 code=131070 comm=POSIX timer 0 pid=408 grp=0 res=0
          <idle>-0     [001] d.h4 78673.403572: signal_generate: sig=32 errno=0 code=131070 comm=POSIX timer 1 pid=410 grp=0 res=0
          <idle>-0     [002] d.h4 78674.122692: signal_generate: sig=32 errno=0 code=131070 comm=POSIX timer 0 pid=408 grp=0 res=0
           <...>-2671  [003] d.h3 78674.144840: signal_generate: sig=32 errno=0 code=131070 comm=POSIX timer 1 pid=410 grp=0 res=0
          <idle>-0     [003] d.h4 78674.763141: signal_generate: sig=32 errno=0 code=131070 comm=POSIX timer 0 pid=408 grp=0 res=0
          <idle>-0     [002] dnh4 78674.772180: signal_generate: sig=32 errno=0 code=131070 comm=POSIX timer 1 pid=410 grp=0 res=0
          <idle>-0     [003] d.h4 78675.272100: signal_generate: sig=32 errno=0 code=131070 comm=POSIX timer 0 pid=408 grp=0 res=0
           <...>-19299 [001] ...1 78675.295480: sched_process_exit: comm=RenderThread pid=19299 prio=110
          <idle>-0     [002] dnh4 78675.300237: signal_generate: sig=32 errno=0 code=131070 comm=POSIX timer 1 pid=410 grp=0 res=0
           <...>-19311 [001] ...1 78675.700784: sched_process_exit: comm=Thread-114 pid=19311 prio=120
           <...>-19312 [001] ...1 78675.703003: sched_process_exit: comm=TileDecoder-0 pid=19312 prio=120
           <...>-19315 [000] ...1 78675.703008: sched_process_exit: comm=TileDecoder-3 pid=19315 prio=120
           <...>-19316 [000] ...1 78675.703066: sched_process_exit: comm=WorkThread-0 pid=19316 prio=120
           <...>-19313 [000] ...1 78675.703119: sched_process_exit: comm=TileDecoder-1 pid=19313 prio=120
           <...>-19314 [002] ...1 78675.703164: sched_process_exit: comm=TileDecoder-2 pid=19314 prio=120
           <...>-19317 [001] ...1 78675.703663: sched_process_exit: comm=WorkThread-1 pid=19317 prio=120
           <...>-15598 [002] ...1 78675.732467: sched_fork_time: comm=droid.gallery3d pid=15598 child_comm=droid.gallery3d child_pid=19322 fork_time=62692 us
           <...>-19322 [003] ...1 78675.734481: sched_process_exit: comm=EGL Init pid=19322 prio=120
           <...>-15598 [001] ...1 78675.796876: sched_fork_time: comm=droid.gallery3d pid=15598 child_comm=droid.gallery3d child_pid=19323 fork_time=44692 us
           <...>-1496  [002] ...1 78676.009433: sched_fork_time: comm=adbd pid=1496 child_comm=adbd child_pid=19324 fork_time=358769 us
           <...>-1496  [002] ...1 78676.012839: sched_fork_time: comm=adbd pid=1496 child_comm=adbd child_pid=19325 fork_time=45846 us
          <idle>-0     [002] dnh4 78676.065616: signal_generate: sig=32 errno=0 code=131070 comm=POSIX timer 0 pid=408 grp=0 res=0
           <...>-19324 [001] ...1 78676.250644: sched_process_exit: comm=ps pid=19324 prio=120
           <...>-19324 [001] d..3 78676.250854: signal_generate: sig=17 errno=0 code=262145 comm=adbd pid=1496 grp=1 res=1
           <...>-19325 [001] ...1 78676.251387: sched_process_exit: comm=shell svc 19324 pid=19325 prio=120
          <idle>-0     [002] d.h4 78676.346993: signal_generate: sig=32 errno=0 code=131070 comm=POSIX timer 0 pid=408 grp=0 res=0
          <idle>-0     [002] dnh4 78676.352184: signal_generate: sig=32 errno=0 code=131070 comm=POSIX timer 1 pid=410 grp=0 res=0
           <...>-19307 [002] ...1 78678.301655: sched_fork_time: comm=StateThread pid=19307 child_comm=StateThread child_pid=19326 fork_time=198615 us
           <...>-19307 [002] ...1 78678.302268: sched_process_exit: comm=StateThread pid=19307 prio=120
           <...>-19326 [000] ...1 78678.305366: sched_process_exit: comm=StateThread pid=19326 prio=120
           <...>-825   [000] ...1 78678.323671: sched_fork_time: comm=Ril Proxy Main  pid=825 child_comm=Ril Proxy Main  child_pid=19327 fork_time=102461 us
           <...>-19327 [003] ...1 78678.325235: sched_fork_time: comm=StateThread pid=19327 child_comm=StateThread child_pid=19328 fork_time=92539 us
           <...>-19327 [003] ...1 78678.325829: sched_process_exit: comm=StateThread pid=19327 prio=120
           <...>-19319 [000] ...1 78678.687033: sched_process_exit: comm=surfaceflinger pid=19319 prio=98
           <...>-19295 [002] ...1 78679.023898: sched_process_exit: comm=AsyncTask #10 pid=19295 prio=130
           <...>-19298 [000] ...1 78679.251668: sched_process_exit: comm=AsyncTask #11 pid=19298 prio=130
           <...>-19300 [003] ...1 78679.287982: sched_process_exit: comm=AsyncTask #12 pid=19300 prio=130
          <idle>-0     [000] dnh4 78679.725290: signal_generate: sig=32 errno=0 code=131070 comm=POSIX timer 0 pid=408 grp=0 res=0
           <...>-19310 [001] ...1 78682.015746: sched_process_exit: comm=RenderThread pid=19310 prio=120
          <idle>-0     [000] dnh4 78682.755450: signal_generate: sig=32 errno=0 code=131070 comm=POSIX timer 0 pid=408 grp=0 res=0
          <idle>-0     [003] d.h4 78685.828711: signal_generate: sig=32 errno=0 code=131070 comm=POSIX timer 0 pid=408 grp=0 res=0
          <idle>-0     [002] dnh4 78685.860774: signal_generate: sig=32 errno=0 code=131070 comm=POSIX timer 1 pid=410 grp=0 res=0
           <...>-19318 [003] ...1 78686.007100: sched_process_exit: comm=GLThread 2897 pid=19318 prio=116
           <...>-2787  [002] d.h3 78686.854127: signal_generate: sig=32 errno=0 code=131070 comm=POSIX timer 0 pid=408 grp=0 res=0
          <idle>-0     [001] d.h4 78686.876878: signal_generate: sig=32 errno=0 code=131070 comm=POSIX timer 1 pid=410 grp=0 res=0
           <...>-19328 [002] ...1 78688.329885: sched_fork_time: comm=StateThread pid=19328 child_comm=StateThread child_pid=19329 fork_time=95538 us
           <...>-19328 [002] ...1 78688.330431: sched_process_exit: comm=StateThread pid=19328 prio=120
           <...>-19329 [000] ...1 78688.333145: sched_process_exit: comm=StateThread pid=19329 prio=120
           <...>-825   [003] ...1 78688.350956: sched_fork_time: comm=Ril Proxy Main  pid=825 child_comm=Ril Proxy Main  child_pid=19330 fork_time=98770 us
           <...>-19330 [002] ...1 78688.353110: sched_fork_time: comm=StateThread pid=19330 child_comm=StateThread child_pid=19331 fork_time=93692 us
           <...>-19330 [002] ...1 78688.354023: sched_process_exit: comm=StateThread pid=19330 prio=120
          <idle>-0     [003] d.h4 78689.900628: signal_generate: sig=32 errno=0 code=131070 comm=POSIX timer 0 pid=408 grp=0 res=0
          <idle>-0     [002] dnh4 78689.917360: signal_generate: sig=32 errno=0 code=131070 comm=POSIX timer 1 pid=410 grp=0 res=0
          <idle>-0     [001] dnh4 78691.936711: signal_generate: sig=32 errno=0 code=131070 comm=POSIX timer 0 pid=408 grp=0 res=0
          <idle>-0     [002] dnh4 78691.968033: signal_generate: sig=32 errno=0 code=131070 comm=POSIX timer 1 pid=410 grp=0 res=0
          <idle>-0     [001] dnh4 78692.947059: signal_generate: sig=32 errno=0 code=131070 comm=POSIX timer 0 pid=408 grp=0 res=0
          <idle>-0     [002] dnh4 78692.983464: signal_generate: sig=32 errno=0 code=131070 comm=POSIX timer 1 pid=410 grp=0 res=0
          <idle>-0     [001] dnh4 78693.994474: signal_generate: sig=32 errno=0 code=131070 comm=POSIX timer 0 pid=408 grp=0 res=0
          <idle>-0     [003] d.h4 78694.031977: signal_generate: sig=32 errno=0 code=131070 comm=POSIX timer 1 pid=410 grp=0 res=0
           <...>-1496  [002] ...1 78694.161419: sched_fork_time: comm=adbd pid=1496 child_comm=adbd child_pid=19332 fork_time=825077 us
           <...>-1496  [002] ...1 78694.165462: sched_fork_time: comm=adbd pid=1496 child_comm=adbd child_pid=19333 fork_time=94385 us
           <...>-19332 [000] ...1 78694.494193: sched_process_exit: comm=ps pid=19332 prio=120
           <...>-19332 [000] d..3 78694.494361: signal_generate: sig=17 errno=0 code=262145 comm=adbd pid=1496 grp=1 res=1
           <...>-19333 [000] ...1 78694.495173: sched_process_exit: comm=shell svc 19332 pid=19333 prio=120
          <idle>-0     [000] d.h4 78697.091150: signal_generate: sig=32 errno=0 code=131070 comm=POSIX timer 0 pid=408 grp=0 res=0
           <...>-19331 [000] ...1 78698.360185: sched_fork_time: comm=StateThread pid=19331 child_comm=StateThread child_pid=19334 fork_time=93154 us
           <...>-19331 [000] ...1 78698.361123: sched_process_exit: comm=StateThread pid=19331 prio=120
           <...>-19334 [002] ...1 78698.363531: sched_process_exit: comm=StateThread pid=19334 prio=120
           <...>-825   [003] ...1 78698.381552: sched_fork_time: comm=Ril Proxy Main  pid=825 child_comm=Ril Proxy Main  child_pid=19335 fork_time=99846 us
           <...>-19335 [003] ...1 78698.383336: sched_fork_time: comm=StateThread pid=19335 child_comm=StateThread child_pid=19336 fork_time=92846 us
           <...>-19335 [003] ...1 78698.383925: sched_process_exit: comm=StateThread pid=19335 prio=120
           <...>-1496  [001] ...1 78700.202180: sched_fork_time: comm=adbd pid=1496 child_comm=adbd child_pid=19337 fork_time=812461 us
           <...>-1496  [000] ...1 78700.206248: sched_fork_time: comm=adbd pid=1496 child_comm=adbd child_pid=19338 fork_time=96462 us
           <...>-19337 [000] ...1 78700.534096: sched_process_exit: comm=ps pid=19337 prio=120
           <...>-19337 [000] d..3 78700.534246: signal_generate: sig=17 errno=0 code=262145 comm=adbd pid=1496 grp=1 res=1
           <...>-19338 [000] ...1 78700.534866: sched_process_exit: comm=shell svc 19337 pid=19338 prio=120
           <...>-1332  [003] ...1 78700.560091: sched_fork_time: comm=RenderThread pid=1332 child_comm=RenderThread child_pid=19339 fork_time=172461 us
          <idle>-0     [001] dnh4 78700.593889: signal_generate: sig=32 errno=0 code=131070 comm=POSIX timer 0 pid=408 grp=0 res=0
          <idle>-0     [000] d.h4 78700.613157: signal_generate: sig=32 errno=0 code=131070 comm=POSIX timer 1 pid=410 grp=0 res=0
           <...>-19323 [001] ...1 78705.916815: sched_process_exit: comm=AsyncTask #1 pid=19323 prio=130
           <...>-1496  [000] ...1 78706.312197: sched_fork_time: comm=adbd pid=1496 child_comm=adbd child_pid=19340 fork_time=830153 us
           <...>-1496  [001] ...1 78706.316346: sched_fork_time: comm=adbd pid=1496 child_comm=adbd child_pid=19341 fork_time=94000 us
           <...>-19340 [001] ...1 78706.643314: sched_process_exit: comm=ps pid=19340 prio=120
           <...>-19340 [001] d..3 78706.643480: signal_generate: sig=17 errno=0 code=262145 comm=adbd pid=1496 grp=1 res=1
           <...>-19341 [002] ...1 78706.643949: sched_process_exit: comm=shell svc 19340 pid=19341 prio=120
          <idle>-0     [001] dnh4 78707.268362: signal_generate: sig=32 errno=0 code=131070 comm=POSIX timer 0 pid=408 grp=0 res=0
          <idle>-0     [002] dnh4 78707.285553: signal_generate: sig=32 errno=0 code=131070 comm=POSIX timer 1 pid=410 grp=0 res=0
           <...>-19336 [000] ...1 78708.390326: sched_fork_time: comm=StateThread pid=19336 child_comm=StateThread child_pid=19342 fork_time=95462 us
           <...>-19336 [000] ...1 78708.390885: sched_process_exit: comm=StateThread pid=19336 prio=120
           <...>-19342 [003] ...1 78708.393284: sched_process_exit: comm=StateThread pid=19342 prio=120
           <...>-825   [002] ...1 78708.411106: sched_fork_time: comm=Ril Proxy Main  pid=825 child_comm=Ril Proxy Main  child_pid=19343 fork_time=98539 us
           <...>-19343 [003] ...1 78708.413109: sched_fork_time: comm=StateThread pid=19343 child_comm=StateThread child_pid=19344 fork_time=90769 us
           <...>-19343 [003] ...1 78708.414046: sched_process_exit: comm=StateThread pid=19343 prio=120
           <...>-364   [002] d.h3 78709.299459: signal_generate: sig=32 errno=0 code=131070 comm=POSIX timer 0 pid=408 grp=0 res=0
          <idle>-0     [003] d.h4 78709.329086: signal_generate: sig=32 errno=0 code=131070 comm=POSIX timer 1 pid=410 grp=0 res=0
           <...>-19339 [002] ...1 78710.562345: sched_process_exit: comm=RenderThread pid=19339 prio=120
          <idle>-0     [000] d.h4 78711.345693: signal_generate: sig=32 errno=0 code=131070 comm=POSIX timer 0 pid=408 grp=0 res=0
          <idle>-0     [002] dnh4 78711.362484: signal_generate: sig=32 errno=0 code=131070 comm=POSIX timer 1 pid=410 grp=0 res=0
           <...>-1496  [003] ...1 78712.257119: sched_fork_time: comm=adbd pid=1496 child_comm=adbd child_pid=19345 fork_time=826769 us
           <...>-1496  [003] ...1 78712.261035: sched_fork_time: comm=adbd pid=1496 child_comm=adbd child_pid=19346 fork_time=95462 us
           <...>-19345 [000] ...1 78712.594897: sched_process_exit: comm=ps pid=19345 prio=120
           <...>-19345 [000] d..3 78712.595047: signal_generate: sig=17 errno=0 code=262145 comm=adbd pid=1496 grp=1 res=1
           <...>-19346 [000] ...1 78712.595502: sched_process_exit: comm=shell svc 19345 pid=19346 prio=120
          <idle>-0     [003] d.h4 78715.426102: signal_generate: sig=32 errno=0 code=131070 comm=POSIX timer 0 pid=408 grp=0 res=0
           <...>-19344 [001] ...1 78718.419821: sched_fork_time: comm=StateThread pid=19344 child_comm=StateThread child_pid=19347 fork_time=95923 us
           <...>-19344 [001] ...1 78718.420428: sched_process_exit: comm=StateThread pid=19344 prio=120
           <...>-19347 [003] ...1 78718.423422: sched_process_exit: comm=StateThread pid=19347 prio=120
           <...>-825   [000] ...1 78718.440752: sched_fork_time: comm=Ril Proxy Main  pid=825 child_comm=Ril Proxy Main  child_pid=19348 fork_time=95230 us
           <...>-19348 [001] ...1 78718.443041: sched_fork_time: comm=StateThread pid=19348 child_comm=StateThread child_pid=19349 fork_time=98000 us
           <...>-19348 [001] ...1 78718.443657: sched_process_exit: comm=StateThread pid=19348 prio=120
          <idle>-0     [003] d.h4 78719.544099: signal_generate: sig=32 errno=0 code=131070 comm=POSIX timer 0 pid=408 grp=0 res=0
           <...>-25706 [003] ...1 78721.595079: sched_fork_time: comm=ndroid.settings pid=25706 child_comm=ndroid.settings child_pid=19350 fork_time=195153 us
           <...>-19350 [003] ...1 78721.596071: sched_process_exit: comm=EGL Init pid=19350 prio=120
           <...>-869   [001] d.h3 78721.664734: signal_generate: sig=32 errno=0 code=131070 comm=POSIX timer 0 pid=408 grp=0 res=0
           <...>-869   [002] d.h3 78721.764135: signal_generate: sig=32 errno=0 code=131070 comm=POSIX timer 0 pid=408 grp=0 res=0
          <idle>-0     [000] d.h4 78721.799725: signal_generate: sig=32 errno=0 code=131070 comm=POSIX timer 1 pid=410 grp=0 res=0
           <...>-1489  [003] ...1 78721.877497: sched_fork_time: comm=GpuAppSpectator pid=1489 child_comm=GpuAppSpectator child_pid=19351 fork_time=92461 us
           <...>-19351 [000] ...1 78721.893703: sched_process_exit: comm=GpuAppSpectator pid=19351 prio=120
           <...>-16924 [003] d.h3 78722.644695: signal_generate: sig=32 errno=0 code=131070 comm=POSIX timer 0 pid=408 grp=0 res=0
          <idle>-0     [002] dnh4 78722.669449: signal_generate: sig=32 errno=0 code=131070 comm=POSIX timer 1 pid=410 grp=0 res=0
           <...>-650   [000] ...1 78725.725106: sched_fork_time: comm=aee_aed64 pid=650 child_comm=aee_aed64 child_pid=19352 fork_time=535153 us
           <...>-19352 [001] ...1 78725.728187: sched_process_exit: comm=aee_aed64 pid=19352 prio=71
           <...>-19352 [001] d..3 78725.728293: signal_generate: sig=17 errno=0 code=262145 comm=aee_aed64 pid=650 grp=1 res=0
           <...>-650   [000] d..2 78725.728321: signal_deliver: sig=17 errno=0 code=262145 sa_handler=5e489efaac sa_flags=1
          <idle>-0     [003] d.h4 78725.738096: signal_generate: sig=32 errno=0 code=131070 comm=POSIX timer 0 pid=408 grp=0 res=0
           <...>-650   [000] ...1 78725.743358: sched_fork_time: comm=aee_aed64 pid=650 child_comm=aee_aed64 child_pid=19353 fork_time=578308 us
           <...>-19353 [001] ...1 78725.746134: sched_process_exit: comm=aee_aed64 pid=19353 prio=71
           <...>-19353 [001] d..3 78725.746247: signal_generate: sig=17 errno=0 code=262145 comm=aee_aed64 pid=650 grp=1 res=0
           <...>-650   [000] d..2 78725.746292: signal_deliver: sig=17 errno=0 code=262145 sa_handler=5e489efaac sa_flags=1
          <idle>-0     [003] d.h4 78725.804634: signal_generate: sig=32 errno=0 code=131070 comm=POSIX timer 0 pid=408 grp=0 res=0
          <idle>-0     [002] dnh4 78725.810404: signal_generate: sig=32 errno=0 code=131070 comm=POSIX timer 1 pid=410 grp=0 res=0
           <...>-650   [000] ...1 78726.794859: sched_fork_time: comm=aee_aed64 pid=650 child_comm=aee_aed64 child_pid=19354 fork_time=1629769 us
           <...>-19354 [002] ...1 78726.801859: sched_process_exit: comm=aee_aed64 pid=19354 prio=71
           <...>-19354 [002] d..3 78726.802032: signal_generate: sig=17 errno=0 code=262145 comm=aee_aed64 pid=650 grp=1 res=0
           <...>-650   [003] d..2 78726.802120: signal_deliver: sig=17 errno=0 code=262145 sa_handler=5e489efaac sa_flags=1
           <...>-650   [002] ...1 78726.834897: sched_fork_time: comm=aee_aed64 pid=650 child_comm=aee_aed64 child_pid=19355 fork_time=1180539 us
           <...>-19355 [001] ...1 78726.839830: sched_process_exit: comm=aee_aed64 pid=19355 prio=71
           <...>-19355 [001] d..3 78726.839926: signal_generate: sig=17 errno=0 code=262145 comm=aee_aed64 pid=650 grp=1 res=0
           <...>-650   [003] d..2 78726.839982: signal_deliver: sig=17 errno=0 code=262145 sa_handler=5e489efaac sa_flags=1
          <idle>-0     [003] d.h4 78726.903746: signal_generate: sig=32 errno=0 code=131070 comm=POSIX timer 0 pid=408 grp=0 res=0
          <idle>-0     [002] dnh4 78726.911579: signal_generate: sig=32 errno=0 code=131070 comm=POSIX timer 1 pid=410 grp=0 res=0
           <...>-19349 [003] ...1 78728.449670: sched_fork_time: comm=StateThread pid=19349 child_comm=StateThread child_pid=19356 fork_time=198308 us
           <...>-19349 [003] ...1 78728.450499: sched_process_exit: comm=StateThread pid=19349 prio=120
           <...>-19356 [000] ...1 78728.453463: sched_process_exit: comm=StateThread pid=19356 prio=120
           <...>-825   [002] ...1 78728.471924: sched_fork_time: comm=Ril Proxy Main  pid=825 child_comm=Ril Proxy Main  child_pid=19357 fork_time=99923 us
           <...>-19357 [000] ...1 78728.473458: sched_fork_time: comm=StateThread pid=19357 child_comm=StateThread child_pid=19358 fork_time=93231 us
           <...>-19357 [000] ...1 78728.474086: sched_process_exit: comm=StateThread pid=19357 prio=120
           <...>-17967 [001] ...1 78729.186767: sched_process_exit: comm=kworker/dying pid=17967 prio=120
           <...>-13408 [003] ...1 78729.778827: sched_process_exit: comm=kworker/dying pid=13408 prio=120
          <idle>-0     [002] d.h4 78732.223634: signal_generate: sig=32 errno=0 code=131070 comm=POSIX timer 0 pid=408 grp=0 res=0
          <idle>-0     [000] d.h4 78732.240915: signal_generate: sig=32 errno=0 code=131070 comm=POSIX timer 1 pid=410 grp=0 res=0
          <idle>-0     [002] d.h4 78732.994466: signal_generate: sig=32 errno=0 code=131070 comm=POSIX timer 0 pid=408 grp=0 res=0
          <idle>-0     [002] dnh4 78733.013852: signal_generate: sig=32 errno=0 code=131070 comm=POSIX timer 1 pid=410 grp=0 res=0
           <...>-15658 [003] ...1 78735.602920: sched_process_exit: comm=kworker/dying pid=15658 prio=100
           <...>-12382 [000] ...1 78736.127045: sched_fork_time: comm=RenderThread pid=12382 child_comm=RenderThread child_pid=19359 fork_time=94615 us
           <...>-364   [001] ...1 78736.168158: sched_fork_time: comm=surfaceflinger pid=364 child_comm=surfaceflinger child_pid=19360 fork_time=127385 us
           <...>-19029 [002] d.h5 78736.176404: signal_generate: sig=32 errno=0 code=131070 comm=POSIX timer 0 pid=408 grp=0 res=0
          <idle>-0     [003] d.h4 78736.677999: signal_generate: sig=32 errno=0 code=131070 comm=POSIX timer 1 pid=410 grp=0 res=0
          <idle>-0     [000] dnh4 78736.709943: signal_generate: sig=32 errno=0 code=131070 comm=POSIX timer 0 pid=408 grp=0 res=0
           <...>-12367 [002] d.h3 78737.137637: signal_generate: sig=32 errno=0 code=131070 comm=POSIX timer 0 pid=408 grp=0 res=0
           <...>-1332  [003] ...1 78737.341550: sched_fork_time: comm=RenderThread pid=1332 child_comm=RenderThread child_pid=19361 fork_time=54615 us
           <...>-1489  [002] ...1 78737.907393: sched_fork_time: comm=GpuAppSpectator pid=1489 child_comm=GpuAppSpectator child_pid=19362 fork_time=64539 us
           <...>-19362 [002] ...1 78737.924926: sched_process_exit: comm=GpuAppSpectator pid=19362 prio=120
           <...>-19358 [001] ...1 78738.480579: sched_fork_time: comm=StateThread pid=19358 child_comm=StateThread child_pid=19363 fork_time=71692 us
           <...>-19358 [003] ...1 78738.480990: sched_process_exit: comm=StateThread pid=19358 prio=120
           <...>-19363 [001] ...1 78738.483769: sched_process_exit: comm=StateThread pid=19363 prio=120
           <...>-825   [000] ...1 78738.496887: sched_fork_time: comm=Ril Proxy Main  pid=825 child_comm=Ril Proxy Main  child_pid=19364 fork_time=66000 us
           <...>-19364 [003] ...1 78738.497707: sched_fork_time: comm=StateThread pid=19364 child_comm=StateThread child_pid=19365 fork_time=60461 us
           <...>-19364 [003] ...1 78738.498347: sched_process_exit: comm=StateThread pid=19364 prio=120
          <idle>-0     [002] d.h4 78739.645655: signal_generate: sig=32 errno=0 code=131070 comm=POSIX timer 0 pid=408 grp=0 res=0
          <idle>-0     [000] dnh4 78739.688872: signal_generate: sig=32 errno=0 code=131070 comm=POSIX timer 1 pid=410 grp=0 res=0
           <...>-986   [001] ...1 78740.159961: sched_fork_time: comm=utmethod.pinyin pid=986 child_comm=utmethod.pinyin child_pid=19366 fork_time=709538 us
           <...>-317   [003] d.h4 78740.189312: signal_generate: sig=32 errno=0 code=131070 comm=POSIX timer 0 pid=408 grp=0 res=0
           <...>-5757  [002] d.h3 78740.193277: signal_generate: sig=32 errno=0 code=131070 comm=POSIX timer 1 pid=410 grp=0 res=0
           <...>-3896  [002] ...1 78740.308220: sched_fork_time: comm=RenderThread pid=3896 child_comm=RenderThread child_pid=19367 fork_time=63154 us
           <...>-3896  [000] d.h3 78740.318537: signal_generate: sig=32 errno=0 code=131070 comm=POSIX timer 0 pid=408 grp=0 res=0
          <idle>-0     [002] dnh4 78740.657836: signal_generate: sig=32 errno=0 code=131070 comm=POSIX timer 0 pid=408 grp=0 res=0
          <idle>-0     [000] dnh4 78740.660142: signal_generate: sig=32 errno=0 code=131070 comm=POSIX timer 1 pid=410 grp=0 res=0
           <...>-2787  [003] dnh3 78741.159174: signal_generate: sig=32 errno=0 code=131070 comm=POSIX timer 0 pid=408 grp=0 res=0
          <idle>-0     [002] d.h4 78741.182426: signal_generate: sig=32 errno=0 code=131070 comm=POSIX timer 1 pid=410 grp=0 res=0
          <idle>-0     [000] d.h4 78741.660337: signal_generate: sig=32 errno=0 code=131070 comm=POSIX timer 0 pid=408 grp=0 res=0
          <idle>-0     [003] d.h4 78741.686859: signal_generate: sig=32 errno=0 code=131070 comm=POSIX timer 1 pid=410 grp=0 res=0
           <...>-940   [003] d.h3 78742.161580: signal_generate: sig=32 errno=0 code=131070 comm=POSIX timer 0 pid=408 grp=0 res=0
           <...>-2787  [003] d.h4 78742.194868: signal_generate: sig=32 errno=0 code=131070 comm=POSIX timer 1 pid=410 grp=0 res=0
          <idle>-0     [003] d.h4 78742.663155: signal_generate: sig=32 errno=0 code=131070 comm=POSIX timer 0 pid=408 grp=0 res=0
          <idle>-0     [001] dnh4 78742.678811: signal_generate: sig=32 errno=0 code=131070 comm=POSIX timer 1 pid=410 grp=0 res=0
          <idle>-0     [003] d.h4 78743.164886: signal_generate: sig=32 errno=0 code=131070 comm=POSIX timer 0 pid=408 grp=0 res=0
           <...>-10430 [001] d.h3 78743.187985: signal_generate: sig=32 errno=0 code=131070 comm=POSIX timer 1 pid=410 grp=0 res=0
           <...>-899   [000] ...1 78743.193045: sched_fork_time: comm=Binder:800_3 pid=899 child_comm=Binder:800_3 child_pid=19368 fork_time=51384 us
           <...>-19368 [000] ...1 78743.256762: sched_process_exit: comm=Thread-2186 pid=19368 prio=112
          <idle>-0     [001] d.h4 78743.416735: signal_generate: sig=32 errno=0 code=131070 comm=POSIX timer 0 pid=408 grp=0 res=0
          <idle>-0     [000] d.h4 78743.423931: signal_generate: sig=32 errno=0 code=131070 comm=POSIX timer 1 pid=410 grp=0 res=0
           <...>-317   [000] d.h3 78743.746100: signal_generate: sig=32 errno=0 code=131070 comm=POSIX timer 0 pid=408 grp=0 res=0
          <idle>-0     [002] dnh4 78743.757354: signal_generate: sig=32 errno=0 code=131070 comm=POSIX timer 1 pid=410 grp=0 res=0
          <idle>-0     [002] d.h4 78744.250675: signal_generate: sig=32 errno=0 code=131070 comm=POSIX timer 0 pid=408 grp=0 res=0
          <idle>-0     [002] dnh4 78744.267220: signal_generate: sig=32 errno=0 code=131070 comm=POSIX timer 1 pid=410 grp=0 res=0
           <...>-2     [002] ...1 78744.677279: sched_fork_time: comm=kthreadd pid=2 child_comm=kthreadd child_pid=19369 fork_time=188077 us
          <idle>-0     [000] dnh4 78744.751704: signal_generate: sig=32 errno=0 code=131070 comm=POSIX timer 0 pid=408 grp=0 res=0
          <idle>-0     [000] d.h4 78744.771396: signal_generate: sig=32 errno=0 code=131070 comm=POSIX timer 1 pid=410 grp=0 res=0
           <...>-650   [003] ...1 78745.277647: sched_fork_time: comm=aee_aed64 pid=650 child_comm=aee_aed64 child_pid=19370 fork_time=471154 us
           <...>-19370 [000] d.h4 78745.280224: signal_generate: sig=32 errno=0 code=131070 comm=POSIX timer 1 pid=410 grp=0 res=0
           <...>-19370 [000] ...1 78745.280785: sched_process_exit: comm=aee_aed64 pid=19370 prio=71
           <...>-19370 [000] d..3 78745.280862: signal_generate: sig=17 errno=0 code=262145 comm=aee_aed64 pid=650 grp=1 res=0
           <...>-650   [001] d..2 78745.280904: signal_deliver: sig=17 errno=0 code=262145 sa_handler=5e489efaac sa_flags=1
          <idle>-0     [000] dnh4 78745.293615: signal_generate: sig=32 errno=0 code=131070 comm=POSIX timer 0 pid=408 grp=0 res=0
           <...>-650   [000] ...1 78745.294806: sched_fork_time: comm=aee_aed64 pid=650 child_comm=aee_aed64 child_pid=19371 fork_time=668153 us
           <...>-19371 [001] ...1 78745.297872: sched_process_exit: comm=aee_aed64 pid=19371 prio=71
           <...>-19371 [001] d..3 78745.297956: signal_generate: sig=17 errno=0 code=262145 comm=aee_aed64 pid=650 grp=1 res=0
           <...>-650   [002] d..2 78745.297989: signal_deliver: sig=17 errno=0 code=262145 sa_handler=5e489efaac sa_flags=1
          <idle>-0     [000] d.h4 78745.323720: signal_generate: sig=32 errno=0 code=131070 comm=POSIX timer 1 pid=410 grp=0 res=0
           <...>-1483  [003] d.h3 78745.359526: signal_generate: sig=32 errno=0 code=131070 comm=POSIX timer 0 pid=408 grp=0 res=0
          <idle>-0     [002] d.h4 78745.366930: signal_generate: sig=32 errno=0 code=131070 comm=POSIX timer 1 pid=410 grp=0 res=0
          <idle>-0     [003] dnh4 78745.802104: signal_generate: sig=32 errno=0 code=131070 comm=POSIX timer 0 pid=408 grp=0 res=0
          <idle>-0     [001] d.h4 78745.830068: signal_generate: sig=32 errno=0 code=131070 comm=POSIX timer 1 pid=410 grp=0 res=0
           <...>-19360 [001] ...1 78746.171337: sched_process_exit: comm=surfaceflinger pid=19360 prio=98
           <...>-2787  [000] d.h3 78746.303828: signal_generate: sig=32 errno=0 code=131070 comm=POSIX timer 0 pid=408 grp=0 res=0
          <idle>-0     [003] dnH4 78746.314774: signal_generate: sig=32 errno=0 code=131070 comm=POSIX timer 1 pid=410 grp=0 res=0
          <idle>-0     [000] d.h4 78746.804616: signal_generate: sig=32 errno=0 code=131070 comm=POSIX timer 0 pid=408 grp=0 res=0
          <idle>-0     [000] d.h4 78746.822145: signal_generate: sig=32 errno=0 code=131070 comm=POSIX timer 1 pid=410 grp=0 res=0
          <idle>-0     [000] d.h4 78747.306137: signal_generate: sig=32 errno=0 code=131070 comm=POSIX timer 0 pid=408 grp=0 res=0
           <...>-986   [001] d.h3 78747.329831: signal_generate: sig=32 errno=0 code=131070 comm=POSIX timer 1 pid=410 grp=0 res=0
           <...>-1174  [000] ...1 78747.333402: sched_fork_time: comm=Binder:800_8 pid=1174 child_comm=Binder:800_8 child_pid=19372 fork_time=45231 us
           <...>-19372 [002] ...1 78747.396879: sched_process_exit: comm=Thread-2187 pid=19372 prio=112
          <idle>-0     [003] d.h4 78747.415121: signal_generate: sig=32 errno=0 code=131070 comm=POSIX timer 0 pid=408 grp=0 res=0
          <idle>-0     [000] d.h4 78747.446025: signal_generate: sig=32 errno=0 code=131070 comm=POSIX timer 1 pid=410 grp=0 res=0
           <...>-19359 [002] ...1 78747.457320: sched_process_exit: comm=RenderThread pid=19359 prio=110
           <...>-364   [002] d.h3 78747.479995: signal_generate: sig=32 errno=0 code=131070 comm=POSIX timer 0 pid=408 grp=0 res=0
          <idle>-0     [000] d.h4 78747.505381: signal_generate: sig=32 errno=0 code=131070 comm=POSIX timer 1 pid=410 grp=0 res=0
          <idle>-0     [000] d.h4 78747.807574: signal_generate: sig=32 errno=0 code=131070 comm=POSIX timer 0 pid=408 grp=0 res=0
          <idle>-0     [000] d.h4 78747.836660: signal_generate: sig=32 errno=0 code=131070 comm=POSIX timer 1 pid=410 grp=0 res=0
          <idle>-0     [000] d.h4 78748.309040: signal_generate: sig=32 errno=0 code=131070 comm=POSIX timer 0 pid=408 grp=0 res=0
          <idle>-0     [000] d.h4 78748.322457: signal_generate: sig=32 errno=0 code=131070 comm=POSIX timer 1 pid=410 grp=0 res=0
           <...>-19365 [000] ...1 78748.503792: sched_fork_time: comm=StateThread pid=19365 child_comm=StateThread child_pid=19373 fork_time=42461 us
           <...>-19365 [000] ...1 78748.503949: sched_process_exit: comm=StateThread pid=19365 prio=120
           <...>-19373 [001] ...1 78748.504693: sched_process_exit: comm=StateThread pid=19373 prio=120
           <...>-825   [000] ...1 78748.514781: sched_fork_time: comm=Ril Proxy Main  pid=825 child_comm=Ril Proxy Main  child_pid=19374 fork_time=44307 us
           <...>-19374 [000] ...1 78748.515389: sched_fork_time: comm=StateThread pid=19374 child_comm=StateThread child_pid=19375 fork_time=41461 us
           <...>-19374 [000] ...1 78748.515590: sched_process_exit: comm=StateThread pid=19374 prio=120
           <...>-364   [003] d.h5 78748.809185: signal_generate: sig=32 errno=0 code=131070 comm=POSIX timer 0 pid=408 grp=0 res=0
          <idle>-0     [001] d.h4 78748.830264: signal_generate: sig=32 errno=0 code=131070 comm=POSIX timer 1 pid=410 grp=0 res=0
          <idle>-0     [003] d.h4 78749.311033: signal_generate: sig=32 errno=0 code=131070 comm=POSIX timer 0 pid=408 grp=0 res=0
          <idle>-0     [000] d.h4 78749.343058: signal_generate: sig=32 errno=0 code=131070 comm=POSIX timer 1 pid=410 grp=0 res=0
          <idle>-0     [001] d.h4 78749.395381: signal_generate: sig=32 errno=0 code=131070 comm=POSIX timer 0 pid=408 grp=0 res=0
          <idle>-0     [003] dnh4 78749.422517: signal_generate: sig=32 errno=0 code=131070 comm=POSIX timer 1 pid=410 grp=0 res=0
          <idle>-0     [000] dnh4 78749.812957: signal_generate: sig=32 errno=0 code=131070 comm=POSIX timer 0 pid=408 grp=0 res=0
          <idle>-0     [000] d.h4 78749.851608: signal_generate: sig=32 errno=0 code=131070 comm=POSIX timer 1 pid=410 grp=0 res=0
           <...>-2787  [000] d.h3 78750.314106: signal_generate: sig=32 errno=0 code=131070 comm=POSIX timer 0 pid=408 grp=0 res=0
          <idle>-0     [003] dnh4 78750.331690: signal_generate: sig=32 errno=0 code=131070 comm=POSIX timer 1 pid=410 grp=0 res=0
          <idle>-0     [002] d.h4 78750.452541: signal_generate: sig=32 errno=0 code=131070 comm=POSIX timer 1 pid=410 grp=0 res=0
          <idle>-0     [001] dnh4 78750.484741: signal_generate: sig=32 errno=0 code=131070 comm=POSIX timer 0 pid=408 grp=0 res=0
          <idle>-0     [000] d.h4 78750.505044: signal_generate: sig=32 errno=0 code=131070 comm=POSIX timer 1 pid=410 grp=0 res=0
          <idle>-0     [000] d.h4 78750.648414: signal_generate: sig=32 errno=0 code=131070 comm=POSIX timer 0 pid=408 grp=0 res=0
          <idle>-0     [001] d.h4 78750.658838: signal_generate: sig=32 errno=0 code=131070 comm=POSIX timer 1 pid=410 grp=0 res=0
          <idle>-0     [001] dnh4 78750.815420: signal_generate: sig=32 errno=0 code=131070 comm=POSIX timer 0 pid=408 grp=0 res=0
           <...>-18449 [000] d.h4 78750.836208: signal_generate: sig=32 errno=0 code=131070 comm=POSIX timer 1 pid=410 grp=0 res=0
          <idle>-0     [000] dnh4 78751.316982: signal_generate: sig=32 errno=0 code=131070 comm=POSIX timer 0 pid=408 grp=0 res=0
          <idle>-0     [000] d.h4 78751.344915: signal_generate: sig=32 errno=0 code=131070 comm=POSIX timer 1 pid=410 grp=0 res=0
           <...>-13279 [002] ...1 78751.405087: sched_fork_time: comm=Binder:800_20 pid=13279 child_comm=Binder:800_20 child_pid=19376 fork_time=47308 us
          <idle>-0     [003] d.h4 78751.454706: signal_generate: sig=32 errno=0 code=131070 comm=POSIX timer 0 pid=408 grp=0 res=0
          <idle>-0     [002] dnh4 78751.460076: signal_generate: sig=32 errno=0 code=131070 comm=POSIX timer 1 pid=410 grp=0 res=0
           <...>-19376 [000] ...1 78751.469110: sched_process_exit: comm=Thread-2188 pid=19376 prio=112
          <idle>-0     [000] dnh4 78751.539087: signal_generate: sig=32 errno=0 code=131070 comm=POSIX timer 0 pid=408 grp=0 res=0
          <idle>-0     [000] d.h4 78751.555317: signal_generate: sig=32 errno=0 code=131070 comm=POSIX timer 1 pid=410 grp=0 res=0
          <idle>-0     [003] d.h4 78751.687219: signal_generate: sig=32 errno=0 code=131070 comm=POSIX timer 0 pid=408 grp=0 res=0
          <idle>-0     [002] dnh4 78751.693763: signal_generate: sig=32 errno=0 code=131070 comm=POSIX timer 1 pid=410 grp=0 res=0
          <idle>-0     [000] dnh4 78751.817638: signal_generate: sig=32 errno=0 code=131070 comm=POSIX timer 0 pid=408 grp=0 res=0
          <idle>-0     [000] d.h4 78751.829547: signal_generate: sig=32 errno=0 code=131070 comm=POSIX timer 1 pid=410 grp=0 res=0
           <...>-2788  [000] d.h3 78752.319609: signal_generate: sig=32 errno=0 code=131070 comm=POSIX timer 0 pid=408 grp=0 res=0
          <idle>-0     [003] d.h4 78752.337185: signal_generate: sig=32 errno=0 code=131070 comm=POSIX timer 1 pid=410 grp=0 res=0
          <idle>-0     [003] d.h4 78752.469190: signal_generate: sig=32 errno=0 code=131070 comm=POSIX timer 0 pid=408 grp=0 res=0
          <idle>-0     [002] dnh4 78752.492282: signal_generate: sig=32 errno=0 code=131070 comm=POSIX timer 1 pid=410 grp=0 res=0
          <idle>-0     [003] d.h4 78752.820541: signal_generate: sig=32 errno=0 code=131070 comm=POSIX timer 0 pid=408 grp=0 res=0
          <idle>-0     [001] d.h4 78752.844134: signal_generate: sig=32 errno=0 code=131070 comm=POSIX timer 1 pid=410 grp=0 res=0
          <idle>-0     [000] d.h4 78753.322219: signal_generate: sig=32 errno=0 code=131070 comm=POSIX timer 0 pid=408 grp=0 res=0
          <idle>-0     [001] d.h4 78753.351814: signal_generate: sig=32 errno=0 code=131070 comm=POSIX timer 1 pid=410 grp=0 res=0
           <...>-411   [002] d.h3 78753.499559: signal_generate: sig=32 errno=0 code=131070 comm=POSIX timer 0 pid=408 grp=0 res=0
          <idle>-0     [000] d.h5 78753.530749: signal_generate: sig=32 errno=0 code=131070 comm=POSIX timer 1 pid=410 grp=0 res=0
          <idle>-0     [000] d.h4 78753.824125: signal_generate: sig=32 errno=0 code=131070 comm=POSIX timer 0 pid=408 grp=0 res=0
          <idle>-0     [000] d.h4 78753.837049: signal_generate: sig=32 errno=0 code=131070 comm=POSIX timer 1 pid=410 grp=0 res=0
          <idle>-0     [000] d.h4 78754.325968: signal_generate: sig=32 errno=0 code=131070 comm=POSIX timer 0 pid=408 grp=0 res=0
          <idle>-0     [002] dnh4 78754.344525: signal_generate: sig=32 errno=0 code=131070 comm=POSIX timer 1 pid=410 grp=0 res=0
          <idle>-0     [002] dnh4 78754.534262: signal_generate: sig=32 errno=0 code=131070 comm=POSIX timer 1 pid=410 grp=0 res=0
           <...>-3896  [002] d.h3 78754.536779: signal_generate: sig=32 errno=0 code=131070 comm=POSIX timer 0 pid=408 grp=0 res=0
          <idle>-0     [003] d.h4 78754.578707: signal_generate: sig=32 errno=0 code=131070 comm=POSIX timer 0 pid=408 grp=0 res=0
           <...>-986   [003] d.h3 78754.590100: signal_generate: sig=32 errno=0 code=131070 comm=POSIX timer 1 pid=410 grp=0 res=0
          <idle>-0     [001] d.h4 78754.780185: signal_generate: sig=32 errno=0 code=131070 comm=POSIX timer 1 pid=410 grp=0 res=0
           <...>-415   [003] d.h3 78754.825556: signal_generate: sig=32 errno=0 code=131070 comm=POSIX timer 0 pid=408 grp=0 res=0
          <idle>-0     [000] d.h4 78754.849764: signal_generate: sig=32 errno=0 code=131070 comm=POSIX timer 1 pid=410 grp=0 res=0
           <...>-19361 [000] ...1 78755.325186: sched_process_exit: comm=RenderThread pid=19361 prio=120
          <idle>-0     [002] dnh4 78755.328024: signal_generate: sig=32 errno=0 code=131070 comm=POSIX timer 0 pid=408 grp=0 res=0
          <idle>-0     [003] d.h4 78755.355838: signal_generate: sig=32 errno=0 code=131070 comm=POSIX timer 1 pid=410 grp=0 res=0
           <...>-899   [001] ...1 78755.539972: sched_fork_time: comm=Binder:800_3 pid=899 child_comm=Binder:800_3 child_pid=19377 fork_time=45231 us
           <...>-19377 [000] ...1 78755.604209: sched_process_exit: comm=Thread-2189 pid=19377 prio=112
          <idle>-0     [003] d.h4 78755.632977: signal_generate: sig=32 errno=0 code=131070 comm=POSIX timer 0 pid=408 grp=0 res=0
          <idle>-0     [000] d.h4 78755.657974: signal_generate: sig=32 errno=0 code=131070 comm=POSIX timer 1 pid=410 grp=0 res=0
          <idle>-0     [000] d.h4 78756.099329: signal_generate: sig=32 errno=0 code=131070 comm=POSIX timer 0 pid=408 grp=0 res=0
          <idle>-0     [000] d.h4 78756.131288: signal_generate: sig=32 errno=0 code=131070 comm=POSIX timer 1 pid=410 grp=0 res=0
          <idle>-0     [001] d.h4 78756.601418: signal_generate: sig=32 errno=0 code=131070 comm=POSIX timer 0 pid=408 grp=0 res=0
          <idle>-0     [001] d.h5 78756.615505: signal_generate: sig=32 errno=0 code=131070 comm=POSIX timer 1 pid=410 grp=0 res=0
           <...>-2787  [000] d.h3 78757.100429: signal_generate: sig=32 errno=0 code=131070 comm=POSIX timer 0 pid=408 grp=0 res=0
          <idle>-0     [000] d.h4 78757.123649: signal_generate: sig=32 errno=0 code=131070 comm=POSIX timer 1 pid=410 grp=0 res=0
           <...>-364   [001] d.h3 78757.624366: signal_generate: sig=32 errno=0 code=131070 comm=POSIX timer 0 pid=408 grp=0 res=0
           <...>-12382 [002] ...1 78757.653746: sched_fork_time: comm=RenderThread pid=12382 child_comm=RenderThread child_pid=19378 fork_time=47770 us
           <...>-923   [002] d.h3 78757.668581: signal_generate: sig=32 errno=0 code=131070 comm=POSIX timer 0 pid=408 grp=0 res=0
          <idle>-0     [003] d.h4 78757.841876: signal_generate: sig=32 errno=0 code=131070 comm=POSIX timer 1 pid=410 grp=0 res=0
          <idle>-0     [003] dnh4 78758.102628: signal_generate: sig=32 errno=0 code=131070 comm=POSIX timer 0 pid=408 grp=0 res=0
          <idle>-0     [000] d.h4 78758.113462: signal_generate: sig=32 errno=0 code=131070 comm=POSIX timer 1 pid=410 grp=0 res=0
           <...>-19375 [000] ...1 78758.523247: sched_fork_time: comm=StateThread pid=19375 child_comm=StateThread child_pid=19379 fork_time=93846 us
           <...>-19375 [000] ...1 78758.524235: sched_process_exit: comm=StateThread pid=19375 prio=120
           <...>-19379 [002] ...1 78758.526774: sched_process_exit: comm=StateThread pid=19379 prio=120
           <...>-825   [003] ...1 78758.544324: sched_fork_time: comm=Ril Proxy Main  pid=825 child_comm=Ril Proxy Main  child_pid=19380 fork_time=100538 us
           <...>-19380 [001] ...1 78758.545703: sched_fork_time: comm=StateThread pid=19380 child_comm=StateThread child_pid=19381 fork_time=93846 us
           <...>-19380 [001] ...1 78758.546228: sched_process_exit: comm=StateThread pid=19380 prio=120
           <...>-364   [001] d.h3 78758.641114: signal_generate: sig=32 errno=0 code=131070 comm=POSIX timer 0 pid=408 grp=0 res=0
          <idle>-0     [003] d.h4 78758.669482: signal_generate: sig=32 errno=0 code=131070 comm=POSIX timer 1 pid=410 grp=0 res=0
          <idle>-0     [003] dnh4 78759.105304: signal_generate: sig=32 errno=0 code=131070 comm=POSIX timer 0 pid=408 grp=0 res=0
           <...>-1483  [001] d.h3 78759.131281: signal_generate: sig=32 errno=0 code=131070 comm=POSIX timer 1 pid=410 grp=0 res=0
          <idle>-0     [000] d.h4 78759.607253: signal_generate: sig=32 errno=0 code=131070 comm=POSIX timer 0 pid=408 grp=0 res=0
          <idle>-0     [001] d.h4 78759.639132: signal_generate: sig=32 errno=0 code=131070 comm=POSIX timer 1 pid=410 grp=0 res=0
          <idle>-0     [000] d.h4 78760.109071: signal_generate: sig=32 errno=0 code=131070 comm=POSIX timer 0 pid=408 grp=0 res=0
          <idle>-0     [001] d.h4 78760.123759: signal_generate: sig=32 errno=0 code=131070 comm=POSIX timer 1 pid=410 grp=0 res=0
           <...>-415   [003] d.h3 78760.610535: signal_generate: sig=32 errno=0 code=131070 comm=POSIX timer 0 pid=408 grp=0 res=0
          <idle>-0     [003] d.h4 78760.629933: signal_generate: sig=32 errno=0 code=131070 comm=POSIX timer 1 pid=410 grp=0 res=0
          <idle>-0     [003] d.h4 78761.112270: signal_generate: sig=32 errno=0 code=131070 comm=POSIX timer 0 pid=408 grp=0 res=0
          <idle>-0     [001] d.h4 78761.137555: signal_generate: sig=32 errno=0 code=131070 comm=POSIX timer 1 pid=410 grp=0 res=0
          <idle>-0     [000] d.h4 78761.613630: signal_generate: sig=32 errno=0 code=131070 comm=POSIX timer 0 pid=408 grp=0 res=0
          <idle>-0     [000] dnh4 78761.683927: signal_generate: sig=32 errno=0 code=131070 comm=POSIX timer 0 pid=408 grp=0 res=0
          <idle>-0     [000] dnh4 78761.878156: signal_generate: sig=32 errno=0 code=131070 comm=POSIX timer 1 pid=410 grp=0 res=0
          <idle>-0     [000] dnh4 78762.177032: signal_generate: sig=32 errno=0 code=131070 comm=POSIX timer 0 pid=408 grp=0 res=0
          <idle>-0     [000] dnh4 78762.193189: signal_generate: sig=32 errno=0 code=131070 comm=POSIX timer 1 pid=410 grp=0 res=0
          <idle>-0     [002] dnh4 78762.678902: signal_generate: sig=32 errno=0 code=131070 comm=POSIX timer 0 pid=408 grp=0 res=0
          <idle>-0     [000] dnh4 78762.709502: signal_generate: sig=32 errno=0 code=131070 comm=POSIX timer 1 pid=410 grp=0 res=0
          <idle>-0     [002] dnh4 78763.180510: signal_generate: sig=32 errno=0 code=131070 comm=POSIX timer 0 pid=408 grp=0 res=0
          <idle>-0     [000] dnh4 78763.213557: signal_generate: sig=32 errno=0 code=131070 comm=POSIX timer 1 pid=410 grp=0 res=0
           <...>-412   [000] d.h3 78763.681253: signal_generate: sig=32 errno=0 code=131070 comm=POSIX timer 0 pid=408 grp=0 res=0
          <idle>-0     [002] d.h4 78763.700710: signal_generate: sig=32 errno=0 code=131070 comm=POSIX timer 1 pid=410 grp=0 res=0
          <idle>-0     [001] dnH4 78764.182828: signal_generate: sig=32 errno=0 code=131070 comm=POSIX timer 0 pid=408 grp=0 res=0
          <idle>-0     [003] d.h4 78764.206371: signal_generate: sig=32 errno=0 code=131070 comm=POSIX timer 1 pid=410 grp=0 res=0
           <...>-899   [001] d.h5 78764.714056: signal_generate: sig=32 errno=0 code=131070 comm=POSIX timer 1 pid=410 grp=0 res=0
           <...>-1332  [001] ...1 78764.870121: sched_fork_time: comm=RenderThread pid=1332 child_comm=RenderThread child_pid=19382 fork_time=49000 us
           <...>-15630 [003] ...1 78764.877487: sched_fork_time: comm=RenderThread pid=15630 child_comm=RenderThread child_pid=19383 fork_time=51616 us
           <...>-19366 [002] ...1 78764.881220: sched_process_exit: comm=AsyncIme pid=19366 prio=120
          <idle>-0     [002] d.h4 78765.033149: signal_generate: sig=32 errno=0 code=131070 comm=POSIX timer 0 pid=408 grp=0 res=0
          <idle>-0     [002] dnh4 78765.145958: signal_generate: sig=32 errno=0 code=131070 comm=POSIX timer 1 pid=410 grp=0 res=0
          <idle>-0     [002] d.h4 78765.831610: signal_generate: sig=32 errno=0 code=131070 comm=POSIX timer 0 pid=408 grp=0 res=0
          <idle>-0     [002] d.h4 78765.853971: signal_generate: sig=32 errno=0 code=131070 comm=POSIX timer 1 pid=410 grp=0 res=0
           <...>-1489  [001] ...1 78765.956291: sched_fork_time: comm=GpuAppSpectator pid=1489 child_comm=GpuAppSpectator child_pid=19384 fork_time=94769 us
           <...>-19384 [002] ...1 78765.990996: sched_process_exit: comm=GpuAppSpectator pid=19384 prio=120
          <idle>-0     [000] d.h4 78766.844668: signal_generate: sig=32 errno=0 code=131070 comm=POSIX timer 0 pid=408 grp=0 res=0
          <idle>-0     [002] d.h4 78766.870539: signal_generate: sig=32 errno=0 code=131070 comm=POSIX timer 1 pid=410 grp=0 res=0
           <...>-19378 [000] ...1 78767.654936: sched_process_exit: comm=RenderThread pid=19378 prio=110
          <idle>-0     [000] d.h4 78767.931098: signal_generate: sig=32 errno=0 code=131070 comm=POSIX timer 0 pid=408 grp=0 res=0
          <idle>-0     [000] d.h4 78767.937987: signal_generate: sig=32 errno=0 code=131070 comm=POSIX timer 1 pid=410 grp=0 res=0
           <...>-19381 [000] ...1 78768.553175: sched_fork_time: comm=StateThread pid=19381 child_comm=StateThread child_pid=19385 fork_time=95462 us
           <...>-19381 [000] ...1 78768.553779: sched_process_exit: comm=StateThread pid=19381 prio=120
           <...>-19385 [002] ...1 78768.556246: sched_process_exit: comm=StateThread pid=19385 prio=120
           <...>-825   [000] ...1 78768.574907: sched_fork_time: comm=Ril Proxy Main  pid=825 child_comm=Ril Proxy Main  child_pid=19386 fork_time=97538 us
           <...>-19386 [002] ...1 78768.576931: sched_fork_time: comm=StateThread pid=19386 child_comm=StateThread child_pid=19387 fork_time=93693 us
           <...>-19386 [002] ...1 78768.577363: sched_process_exit: comm=StateThread pid=19386 prio=120
           <...>-19367 [003] ...1 78768.628965: sched_process_exit: comm=RenderThread pid=19367 prio=120
           <...>-364   [000] d.h3 78768.998167: signal_generate: sig=32 errno=0 code=131070 comm=POSIX timer 0 pid=408 grp=0 res=0
           <...>-1735  [000] d.h3 78769.021695: signal_generate: sig=32 errno=0 code=131070 comm=POSIX timer 1 pid=410 grp=0 res=0
           <...>-317   [003] dnh3 78770.012627: signal_generate: sig=32 errno=0 code=131070 comm=POSIX timer 0 pid=408 grp=0 res=0
          <idle>-0     [000] d.h4 78770.034649: signal_generate: sig=32 errno=0 code=131070 comm=POSIX timer 1 pid=410 grp=0 res=0
          <idle>-0     [003] d.h4 78771.069629: signal_generate: sig=32 errno=0 code=131070 comm=POSIX timer 0 pid=408 grp=0 res=0
          <idle>-0     [001] d.h4 78773.149818: signal_generate: sig=32 errno=0 code=131070 comm=POSIX timer 0 pid=408 grp=0 res=0
          <idle>-0     [000] d.h4 78774.172179: signal_generate: sig=32 errno=0 code=131070 comm=POSIX timer 0 pid=408 grp=0 res=0
          <idle>-0     [002] dnh4 78774.184002: signal_generate: sig=32 errno=0 code=131070 comm=POSIX timer 1 pid=410 grp=0 res=0
           <...>-19383 [001] ...1 78774.887595: sched_process_exit: comm=RenderThread pid=19383 prio=110
           <...>-19382 [002] ...1 78775.000469: sched_process_exit: comm=RenderThread pid=19382 prio=120
          <idle>-0     [000] d.h4 78775.184042: signal_generate: sig=32 errno=0 code=131070 comm=POSIX timer 0 pid=408 grp=0 res=0
          <idle>-0     [000] d.h4 78775.200952: signal_generate: sig=32 errno=0 code=131070 comm=POSIX timer 1 pid=410 grp=0 res=0
          <idle>-0     [002] dnh4 78777.221296: signal_generate: sig=32 errno=0 code=131070 comm=POSIX timer 0 pid=408 grp=0 res=0
          <idle>-0     [001] d.h4 78777.239063: signal_generate: sig=32 errno=0 code=131070 comm=POSIX timer 1 pid=410 grp=0 res=0
          <idle>-0     [003] d.h4 78778.236979: signal_generate: sig=32 errno=0 code=131070 comm=POSIX timer 0 pid=408 grp=0 res=0
          <idle>-0     [001] d.h4 78778.264162: signal_generate: sig=32 errno=0 code=131070 comm=POSIX timer 1 pid=410 grp=0 res=0
           <...>-19387 [003] ...1 78778.583838: sched_fork_time: comm=StateThread pid=19387 child_comm=StateThread child_pid=19388 fork_time=92769 us
           <...>-19387 [003] ...1 78778.584721: sched_process_exit: comm=StateThread pid=19387 prio=120
           <...>-19388 [000] ...1 78778.587255: sched_process_exit: comm=StateThread pid=19388 prio=120
           <...>-825   [001] ...1 78778.605031: sched_fork_time: comm=Ril Proxy Main  pid=825 child_comm=Ril Proxy Main  child_pid=19389 fork_time=100462 us
           <...>-19389 [003] ...1 78778.606427: sched_fork_time: comm=StateThread pid=19389 child_comm=StateThread child_pid=19390 fork_time=96385 us
           <...>-19389 [003] ...1 78778.607073: sched_process_exit: comm=StateThread pid=19389 prio=120
          <idle>-0     [001] d.h4 78779.299254: signal_generate: sig=32 errno=0 code=131070 comm=POSIX timer 0 pid=408 grp=0 res=0
          <idle>-0     [003] d.h4 78779.319543: signal_generate: sig=32 errno=0 code=131070 comm=POSIX timer 1 pid=410 grp=0 res=0
          <idle>-0     [001] d.h4 78781.365406: signal_generate: sig=32 errno=0 code=131070 comm=POSIX timer 0 pid=408 grp=0 res=0
           <...>-364   [003] ...1 78781.366465: sched_fork_time: comm=surfaceflinger pid=364 child_comm=surfaceflinger child_pid=19391 fork_time=138077 us
