----- timezone:GMT
           <...>-18743 [003] ...1 78251.142372: sched_process_exit: comm=RenderThread pid=18743 prio=120
           <...>-364   [003] d.h3 78251.245066: signal_generate: sig=32 errno=0 code=131070 comm=POSIX timer 0 pid=408 grp=0 res=0
          <idle>-0     [001] d.h4 78251.275200: signal_generate: sig=32 errno=0 code=131070 comm=POSIX timer 1 pid=410 grp=0 res=0
          <idle>-0     [001] dnh4 78252.263892: signal_generate: sig=32 errno=0 code=131070 comm=POSIX timer 0 pid=408 grp=0 res=0
          <idle>-0     [000] dnh4 78252.282674: signal_generate: sig=32 errno=0 code=131070 comm=POSIX timer 1 pid=410 grp=0 res=0
           <...>-18708 [001] ...1 78252.548391: sched_process_exit: comm=AsyncTask #827 pid=18708 prio=130
          <idle>-0     [003] d.h4 78253.286976: signal_generate: sig=32 errno=0 code=131070 comm=POSIX timer 0 pid=408 grp=0 res=0
          <idle>-0     [000] dnh4 78253.311507: signal_generate: sig=32 errno=0 code=131070 comm=POSIX timer 1 pid=410 grp=0 res=0
          <idle>-0     [001] dnh4 78255.383606: signal_generate: sig=32 errno=0 code=131070 comm=POSIX timer 0 pid=408 grp=0 res=0
          <idle>-0     [000] dnh4 78255.416186: signal_generate: sig=32 errno=0 code=131070 comm=POSIX timer 1 pid=410 grp=0 res=0
           <...>-18724 [000] ...1 78256.105784: sched_process_exit: comm=AsyncTask #829 pid=18724 prio=130
           <...>-18655 [000] ...1 78256.109240: sched_process_exit: comm=InflaterThread  pid=18655 prio=130
           <...>-18657 [001] ...1 78256.110079: sched_process_exit: comm=InflaterThread  pid=18657 prio=130
           <...>-18656 [000] ...1 78256.110084: sched_process_exit: comm=InflaterThread  pid=18656 prio=130
          <idle>-0     [002] d.h4 78257.110728: signal_generate: sig=32 errno=0 code=131070 comm=POSIX timer 0 pid=408 grp=0 res=0
          <idle>-0     [001] d.h4 78257.117388: signal_generate: sig=32 errno=0 code=131070 comm=POSIX timer 1 pid=410 grp=0 res=0
           <...>-18750 [001] ...1 78257.231441: sched_fork_time: comm=StateThread pid=18750 child_comm=StateThread child_pid=18759 fork_time=100153 us
           <...>-18750 [001] ...1 78257.231994: sched_process_exit: comm=StateThread pid=18750 prio=120
           <...>-18759 [002] ...1 78257.234444: sched_process_exit: comm=StateThread pid=18759 prio=120
           <...>-825   [003] ...1 78257.253183: sched_fork_time: comm=Ril Proxy Main  pid=825 child_comm=Ril Proxy Main  child_pid=18760 fork_time=96000 us
           <...>-18760 [003] ...1 78257.255012: sched_fork_time: comm=StateThread pid=18760 child_comm=StateThread child_pid=18761 fork_time=92770 us
           <...>-18760 [003] ...1 78257.255462: sched_process_exit: comm=StateThread pid=18760 prio=120
           <...>-18738 [000] ...1 78257.390182: sched_process_exit: comm=GLThread 2897 pid=18738 prio=116
           <...>-17310 [001] ...1 78257.437712: sched_fork_time: comm=ndroid.contacts pid=17310 child_comm=ndroid.contacts child_pid=18762 fork_time=94462 us
           <...>-18762 [003] ...1 78257.438499: sched_process_exit: comm=EGL Init pid=18762 prio=120
           <...>-17310 [001] ...1 78257.504054: sched_fork_time: comm=ndroid.contacts pid=17310 child_comm=ndroid.contacts child_pid=18763 fork_time=87385 us
           <...>-1466  [003] d..2 78257.509102: signal_generate: sig=11 errno=0 code=196609 comm=Binder:1127_9 pid=1466 grp=0 res=0
           <...>-1466  [003] d..2 78257.509142: signal_deliver: sig=11 errno=0 code=196609 sa_handler=58a1d86bb8 sa_flags=18000004
           <...>-364   [001] ...1 78257.519518: sched_fork_time: comm=surfaceflinger pid=364 child_comm=surfaceflinger child_pid=18764 fork_time=41076 us
           <...>-869   [002] d.h3 78257.523295: signal_generate: sig=32 errno=0 code=131070 comm=POSIX timer 0 pid=408 grp=0 res=0
           <...>-1013  [003] d.h3 78257.616760: signal_generate: sig=32 errno=0 code=131070 comm=POSIX timer 0 pid=408 grp=0 res=0
           <...>-17310 [001] ...1 78257.645534: sched_fork_time: comm=ndroid.contacts pid=17310 child_comm=ndroid.contacts child_pid=18765 fork_time=8027462 us
           <...>-18765 [002] ...1 78257.648202: sched_fork_time: comm=AsyncTask #14 pid=18765 child_comm=AsyncTask #14 child_pid=18766 fork_time=119077 us
           <...>-1466  [002] d..2 78257.665075: signal_generate: sig=11 errno=0 code=196609 comm=Binder:1127_9 pid=1466 grp=0 res=0
           <...>-1466  [002] d..2 78257.665138: signal_deliver: sig=11 errno=0 code=196609 sa_handler=58a1d86bb8 sa_flags=18000004
           <...>-17310 [002] d.h3 78257.729392: signal_generate: sig=32 errno=0 code=131070 comm=POSIX timer 0 pid=408 grp=0 res=0
           <...>-17329 [000] ...1 78257.766364: sched_fork_time: comm=RenderThread pid=17329 child_comm=RenderThread child_pid=18767 fork_time=46693 us
           <...>-923   [003] d.h3 78257.807854: signal_generate: sig=32 errno=0 code=131070 comm=POSIX timer 0 pid=408 grp=0 res=0
          <idle>-0     [000] dnh4 78258.126148: signal_generate: sig=32 errno=0 code=131070 comm=POSIX timer 0 pid=408 grp=0 res=0
          <idle>-0     [002] d.h4 78258.341970: signal_generate: sig=32 errno=0 code=131070 comm=POSIX timer 0 pid=408 grp=0 res=0
          <idle>-0     [002] dnh5 78258.348546: signal_generate: sig=32 errno=0 code=131070 comm=POSIX timer 1 pid=410 grp=0 res=0
           <...>-1489  [000] ...1 78258.719000: sched_fork_time: comm=GpuAppSpectator pid=1489 child_comm=GpuAppSpectator child_pid=18768 fork_time=10462385 us
           <...>-18768 [003] ...1 78258.751701: sched_process_exit: comm=GpuAppSpectator pid=18768 prio=120
           <...>-1496  [002] ...1 78259.014789: sched_fork_time: comm=adbd pid=1496 child_comm=adbd child_pid=18769 fork_time=1119615 us
           <...>-1496  [002] ...1 78259.019801: sched_fork_time: comm=adbd pid=1496 child_comm=adbd child_pid=18770 fork_time=94846 us
           <...>-18769 [001] ...1 78259.328627: sched_process_exit: comm=ps pid=18769 prio=120
           <...>-18769 [001] d..3 78259.328825: signal_generate: sig=17 errno=0 code=262145 comm=adbd pid=1496 grp=1 res=1
           <...>-18770 [001] ...1 78259.329318: sched_process_exit: comm=shell svc 18769 pid=18770 prio=120
           <...>-2787  [001] d.h3 78259.531722: signal_generate: sig=32 errno=0 code=131070 comm=POSIX timer 0 pid=408 grp=0 res=0
          <idle>-0     [002] dnh4 78259.548813: signal_generate: sig=32 errno=0 code=131070 comm=POSIX timer 1 pid=410 grp=0 res=0
          <idle>-0     [001] d.h4 78260.178488: signal_generate: sig=32 errno=0 code=131070 comm=POSIX timer 0 pid=408 grp=0 res=0
          <idle>-0     [003] d.h4 78260.188070: signal_generate: sig=32 errno=0 code=131070 comm=POSIX timer 1 pid=410 grp=0 res=0
          <idle>-0     [001] d.h4 78261.439536: signal_generate: sig=32 errno=0 code=131070 comm=POSIX timer 0 pid=408 grp=0 res=0
          <idle>-0     [002] d.h4 78261.470130: signal_generate: sig=32 errno=0 code=131070 comm=POSIX timer 1 pid=410 grp=0 res=0
          <idle>-0     [002] dnh4 78262.039317: signal_generate: sig=32 errno=0 code=131070 comm=POSIX timer 0 pid=408 grp=0 res=0
          <idle>-0     [003] d.h4 78262.046221: signal_generate: sig=32 errno=0 code=131070 comm=POSIX timer 1 pid=410 grp=0 res=0
           <...>-986   [002] ...1 78262.562829: sched_fork_time: comm=utmethod.pinyin pid=986 child_comm=utmethod.pinyin child_pid=18771 fork_time=252924 us
          <idle>-0     [003] dnh4 78262.590332: signal_generate: sig=32 errno=0 code=131070 comm=POSIX timer 0 pid=408 grp=0 res=0
          <idle>-0     [001] dnh4 78262.812382: signal_generate: sig=32 errno=0 code=131070 comm=POSIX timer 0 pid=408 grp=0 res=0
           <...>-3896  [003] ...1 78262.828903: sched_fork_time: comm=RenderThread pid=3896 child_comm=RenderThread child_pid=18773 fork_time=1387462 us
           <...>-11221 [002] dnh5 78262.832375: signal_generate: sig=32 errno=0 code=131070 comm=POSIX timer 1 pid=410 grp=0 res=0
          <idle>-0     [000] d.h4 78263.126438: signal_generate: sig=32 errno=0 code=131070 comm=POSIX timer 0 pid=408 grp=0 res=0
          <idle>-0     [000] d.h4 78263.166189: signal_generate: sig=32 errno=0 code=131070 comm=POSIX timer 1 pid=410 grp=0 res=0
          <idle>-0     [002] d.h4 78263.678530: signal_generate: sig=32 errno=0 code=131070 comm=POSIX timer 0 pid=408 grp=0 res=0
          <idle>-0     [003] d.h4 78263.708051: signal_generate: sig=32 errno=0 code=131070 comm=POSIX timer 1 pid=410 grp=0 res=0
          <idle>-0     [000] d.h4 78264.200936: signal_generate: sig=32 errno=0 code=131070 comm=POSIX timer 0 pid=408 grp=0 res=0
          <idle>-0     [000] d.h4 78264.212454: signal_generate: sig=32 errno=0 code=131070 comm=POSIX timer 1 pid=410 grp=0 res=0
           <...>-18771 [000] ...1 78264.581880: sched_process_exit: comm=Delight4Facilit pid=18771 prio=122
          <idle>-0     [002] dnh4 78264.636469: signal_generate: sig=32 errno=0 code=131070 comm=POSIX timer 0 pid=408 grp=0 res=0
           <...>-1483  [000] d.h5 78264.666940: signal_generate: sig=32 errno=0 code=131070 comm=POSIX timer 1 pid=410 grp=0 res=0
          <idle>-0     [002] d.h4 78264.700563: signal_generate: sig=32 errno=0 code=131070 comm=POSIX timer 0 pid=408 grp=0 res=0
          <idle>-0     [001] dnh4 78264.713785: signal_generate: sig=32 errno=0 code=131070 comm=POSIX timer 1 pid=410 grp=0 res=0
          <idle>-0     [002] d.h4 78265.202114: signal_generate: sig=32 errno=0 code=131070 comm=POSIX timer 0 pid=408 grp=0 res=0
          <idle>-0     [002] d.h4 78265.226399: signal_generate: sig=32 errno=0 code=131070 comm=POSIX timer 1 pid=410 grp=0 res=0
           <...>-10576 [001] ...1 78265.678965: sched_fork_time: comm=Binder:800_1D pid=10576 child_comm=Binder:800_1D child_pid=18774 fork_time=53615 us
          <idle>-0     [001] dnh4 78265.715958: signal_generate: sig=32 errno=0 code=131070 comm=POSIX timer 0 pid=408 grp=0 res=0
           <...>-7318  [001] d.h3 78265.721401: signal_generate: sig=32 errno=0 code=131070 comm=POSIX timer 1 pid=410 grp=0 res=0
           <...>-18774 [001] ...1 78265.744107: sched_process_exit: comm=Thread-2175 pid=18774 prio=112
          <idle>-0     [003] d.h4 78265.786301: signal_generate: sig=32 errno=0 code=131070 comm=POSIX timer 0 pid=408 grp=0 res=0
          <idle>-0     [000] d.h4 78265.980627: signal_generate: sig=32 errno=0 code=131070 comm=POSIX timer 1 pid=410 grp=0 res=0
          <idle>-0     [002] d.h4 78266.204443: signal_generate: sig=32 errno=0 code=131070 comm=POSIX timer 0 pid=408 grp=0 res=0
          <idle>-0     [002] d.h4 78266.234269: signal_generate: sig=32 errno=0 code=131070 comm=POSIX timer 1 pid=410 grp=0 res=0
           <...>-18756 [001] ...1 78266.443678: sched_process_exit: comm=RenderThread pid=18756 prio=110
           <...>-11221 [000] dnh5 78266.704926: signal_generate: sig=32 errno=0 code=131070 comm=POSIX timer 0 pid=408 grp=0 res=0
          <idle>-0     [000] d.h4 78266.725915: signal_generate: sig=32 errno=0 code=131070 comm=POSIX timer 1 pid=410 grp=0 res=0
          <idle>-0     [000] dnh4 78267.206612: signal_generate: sig=32 errno=0 code=131070 comm=POSIX timer 0 pid=408 grp=0 res=0
           <...>-2787  [001] d.h3 78267.217883: signal_generate: sig=32 errno=0 code=131070 comm=POSIX timer 1 pid=410 grp=0 res=0
           <...>-18761 [003] ...1 78267.262010: sched_fork_time: comm=StateThread pid=18761 child_comm=StateThread child_pid=18775 fork_time=204000 us
           <...>-18761 [001] ...1 78267.263375: sched_process_exit: comm=StateThread pid=18761 prio=120
           <...>-18775 [000] ...1 78267.266003: sched_process_exit: comm=StateThread pid=18775 prio=120
           <...>-825   [003] ...1 78267.283363: sched_fork_time: comm=Ril Proxy Main  pid=825 child_comm=Ril Proxy Main  child_pid=18776 fork_time=98616 us
           <...>-18776 [002] ...1 78267.284931: sched_fork_time: comm=StateThread pid=18776 child_comm=StateThread child_pid=18777 fork_time=91692 us
           <...>-18776 [002] ...1 78267.285513: sched_process_exit: comm=StateThread pid=18776 prio=120
           <...>-18764 [002] ...1 78267.522384: sched_process_exit: comm=surfaceflinger pid=18764 prio=98
          <idle>-0     [000] dnh4 78267.636362: signal_generate: sig=32 errno=0 code=131070 comm=POSIX timer 0 pid=408 grp=0 res=0
           <...>-17310 [000] d.h3 78267.665774: signal_generate: sig=32 errno=0 code=131070 comm=POSIX timer 1 pid=410 grp=0 res=0
           <...>-317   [002] dnh3 78267.707064: signal_generate: sig=32 errno=0 code=131070 comm=POSIX timer 0 pid=408 grp=0 res=0
          <idle>-0     [002] d.h4 78267.735783: signal_generate: sig=32 errno=0 code=131070 comm=POSIX timer 1 pid=410 grp=0 res=0
          <idle>-0     [000] dnh4 78268.208647: signal_generate: sig=32 errno=0 code=131070 comm=POSIX timer 0 pid=408 grp=0 res=0
          <idle>-0     [002] d.h4 78268.224947: signal_generate: sig=32 errno=0 code=131070 comm=POSIX timer 1 pid=410 grp=0 res=0
          <idle>-0     [000] dnh4 78268.709972: signal_generate: sig=32 errno=0 code=131070 comm=POSIX timer 0 pid=408 grp=0 res=0
           <...>-986   [000] d.h3 78268.739843: signal_generate: sig=32 errno=0 code=131070 comm=POSIX timer 1 pid=410 grp=0 res=0
          <idle>-0     [001] d.h4 78268.805508: signal_generate: sig=32 errno=0 code=131070 comm=POSIX timer 0 pid=408 grp=0 res=0
          <idle>-0     [001] dnh4 78268.826192: signal_generate: sig=32 errno=0 code=131070 comm=POSIX timer 1 pid=410 grp=0 res=0
           <...>-2787  [003] d.h4 78269.307645: signal_generate: sig=32 errno=0 code=131070 comm=POSIX timer 0 pid=408 grp=0 res=0
          <idle>-0     [000] d.h4 78269.320106: signal_generate: sig=32 errno=0 code=131070 comm=POSIX timer 1 pid=410 grp=0 res=0
          <idle>-0     [001] d.h4 78269.807932: signal_generate: sig=32 errno=0 code=131070 comm=POSIX timer 0 pid=408 grp=0 res=0
          <idle>-0     [003] dnh4 78269.836033: signal_generate: sig=32 errno=0 code=131070 comm=POSIX timer 1 pid=410 grp=0 res=0
           <...>-2     [001] ...1 78270.179366: sched_fork_time: comm=kthreadd pid=2 child_comm=kthreadd child_pid=18778 fork_time=196308 us
           <...>-415   [002] d.h3 78270.309582: signal_generate: sig=32 errno=0 code=131070 comm=POSIX timer 0 pid=408 grp=0 res=0
          <idle>-0     [001] d.h4 78270.328115: signal_generate: sig=32 errno=0 code=131070 comm=POSIX timer 1 pid=410 grp=0 res=0
          <idle>-0     [001] d.h4 78270.809879: signal_generate: sig=32 errno=0 code=131070 comm=POSIX timer 0 pid=408 grp=0 res=0
          <idle>-0     [000] dnh4 78270.821483: signal_generate: sig=32 errno=0 code=131070 comm=POSIX timer 1 pid=410 grp=0 res=0
          <idle>-0     [003] d.h4 78271.311407: signal_generate: sig=32 errno=0 code=131070 comm=POSIX timer 0 pid=408 grp=0 res=0
          <idle>-0     [002] dnh4 78271.336391: signal_generate: sig=32 errno=0 code=131070 comm=POSIX timer 1 pid=410 grp=0 res=0
           <...>-17310 [000] d.h3 78271.829024: signal_generate: sig=32 errno=0 code=131070 comm=POSIX timer 1 pid=410 grp=0 res=0
          <idle>-0     [003] d.h4 78271.908856: signal_generate: sig=32 errno=0 code=131070 comm=POSIX timer 0 pid=408 grp=0 res=0
          <idle>-0     [002] d.h4 78271.916316: signal_generate: sig=32 errno=0 code=131070 comm=POSIX timer 1 pid=410 grp=0 res=0
           <...>-18233 [000] d.h3 78272.399656: signal_generate: sig=32 errno=0 code=131070 comm=POSIX timer 0 pid=408 grp=0 res=0
          <idle>-0     [000] d.h4 78272.408818: signal_generate: sig=32 errno=0 code=131070 comm=POSIX timer 1 pid=410 grp=0 res=0
           <...>-18767 [003] ...1 78272.751716: sched_process_exit: comm=RenderThread pid=18767 prio=110
           <...>-18773 [001] ...1 78272.837912: sched_process_exit: comm=RenderThread pid=18773 prio=120
           <...>-1678  [002] d.h4 78272.900189: signal_generate: sig=32 errno=0 code=131070 comm=POSIX timer 0 pid=408 grp=0 res=0
          <idle>-0     [001] d.h4 78272.924098: signal_generate: sig=32 errno=0 code=131070 comm=POSIX timer 1 pid=410 grp=0 res=0
           <...>-346   [000] d.h3 78273.401675: signal_generate: sig=32 errno=0 code=131070 comm=POSIX timer 0 pid=408 grp=0 res=0
          <idle>-0     [001] d.h4 78273.416852: signal_generate: sig=32 errno=0 code=131070 comm=POSIX timer 1 pid=410 grp=0 res=0
          <idle>-0     [000] d.h4 78273.902676: signal_generate: sig=32 errno=0 code=131070 comm=POSIX timer 0 pid=408 grp=0 res=0
           <...>-156   [001] d.h4 78273.934485: signal_generate: sig=32 errno=0 code=131070 comm=POSIX timer 1 pid=410 grp=0 res=0
           <...>-364   [002] d.h3 78274.040974: signal_generate: sig=32 errno=0 code=131070 comm=POSIX timer 0 pid=408 grp=0 res=0
          <idle>-0     [001] d.h4 78274.067814: signal_generate: sig=32 errno=0 code=131070 comm=POSIX timer 1 pid=410 grp=0 res=0
          <idle>-0     [002] d.h4 78274.548704: signal_generate: sig=32 errno=0 code=131070 comm=POSIX timer 0 pid=408 grp=0 res=0
          <idle>-0     [003] d.h4 78274.559365: signal_generate: sig=32 errno=0 code=131070 comm=POSIX timer 1 pid=410 grp=0 res=0
           <...>-1483  [000] d.h4 78275.068608: signal_generate: sig=32 errno=0 code=131070 comm=POSIX timer 0 pid=408 grp=0 res=0
          <idle>-0     [001] d.h4 78275.094665: signal_generate: sig=32 errno=0 code=131070 comm=POSIX timer 1 pid=410 grp=0 res=0
          <idle>-0     [001] d.h4 78275.551566: signal_generate: sig=32 errno=0 code=131070 comm=POSIX timer 0 pid=408 grp=0 res=0
           <...>-18232 [001] d.h3 78275.573331: signal_generate: sig=32 errno=0 code=131070 comm=POSIX timer 1 pid=410 grp=0 res=0
           <...>-2787  [002] d.h3 78276.089456: signal_generate: sig=32 errno=0 code=131070 comm=POSIX timer 1 pid=410 grp=0 res=0
           <...>-18233 [003] d.h3 78276.096179: signal_generate: sig=32 errno=0 code=131070 comm=POSIX timer 0 pid=408 grp=0 res=0
           <...>-17329 [003] ...1 78276.137035: sched_fork_time: comm=RenderThread pid=17329 child_comm=RenderThread child_pid=18779 fork_time=58461 us
           <...>-17310 [002] d.h3 78276.139060: signal_generate: sig=32 errno=0 code=131070 comm=POSIX timer 0 pid=408 grp=0 res=0
           <...>-1466  [003] d..2 78276.155892: signal_generate: sig=11 errno=0 code=196609 comm=Binder:1127_9 pid=1466 grp=0 res=0
           <...>-1466  [003] d..2 78276.155949: signal_deliver: sig=11 errno=0 code=196609 sa_handler=58a1d86bb8 sa_flags=18000004
           <...>-11221 [001] d.h4 78276.183463: signal_generate: sig=32 errno=0 code=131070 comm=POSIX timer 1 pid=410 grp=0 res=0
           <...>-18233 [003] d.h3 78276.474231: signal_generate: sig=32 errno=0 code=131070 comm=POSIX timer 0 pid=408 grp=0 res=0
          <idle>-0     [002] d.h4 78276.496301: signal_generate: sig=32 errno=0 code=131070 comm=POSIX timer 1 pid=410 grp=0 res=0
          <idle>-0     [002] d.h4 78277.240966: signal_generate: sig=32 errno=0 code=131070 comm=POSIX timer 0 pid=408 grp=0 res=0
          <idle>-0     [001] dnh4 78277.263512: signal_generate: sig=32 errno=0 code=131070 comm=POSIX timer 1 pid=410 grp=0 res=0
           <...>-18777 [000] ...1 78277.292498: sched_fork_time: comm=StateThread pid=18777 child_comm=StateThread child_pid=18780 fork_time=86462 us
           <...>-18777 [000] ...1 78277.293034: sched_process_exit: comm=StateThread pid=18777 prio=120
           <...>-18780 [001] ...1 78277.295215: sched_process_exit: comm=StateThread pid=18780 prio=120
           <...>-825   [003] ...1 78277.311417: sched_fork_time: comm=Ril Proxy Main  pid=825 child_comm=Ril Proxy Main  child_pid=18781 fork_time=252154 us
           <...>-18781 [002] ...1 78277.312659: sched_fork_time: comm=StateThread pid=18781 child_comm=StateThread child_pid=18782 fork_time=85923 us
           <...>-18781 [002] ...1 78277.313548: sched_process_exit: comm=StateThread pid=18781 prio=120
           <...>-18752 [000] ...1 78277.383937: sched_process_exit: comm=AsyncTask #7 pid=18752 prio=130
           <...>-18755 [000] ...1 78277.606358: sched_process_exit: comm=AsyncTask #8 pid=18755 prio=130
           <...>-18757 [001] ...1 78277.610866: sched_process_exit: comm=AsyncTask #9 pid=18757 prio=130
          <idle>-0     [002] d.h4 78278.257584: signal_generate: sig=32 errno=0 code=131070 comm=POSIX timer 0 pid=408 grp=0 res=0
          <idle>-0     [002] d.h4 78278.270718: signal_generate: sig=32 errno=0 code=131070 comm=POSIX timer 1 pid=410 grp=0 res=0
          <idle>-0     [000] dnh4 78280.111981: signal_generate: sig=32 errno=0 code=131070 comm=POSIX timer 0 pid=408 grp=0 res=0
          <idle>-0     [002] d.h4 78280.142612: signal_generate: sig=32 errno=0 code=131070 comm=POSIX timer 1 pid=410 grp=0 res=0
           <...>-1332  [002] ...1 78280.589672: sched_fork_time: comm=RenderThread pid=1332 child_comm=RenderThread child_pid=18783 fork_time=45462 us
          <idle>-0     [003] d.h4 78280.625166: signal_generate: sig=32 errno=0 code=131070 comm=POSIX timer 0 pid=408 grp=0 res=0
          <idle>-0     [002] d.h4 78280.649741: signal_generate: sig=32 errno=0 code=131070 comm=POSIX timer 1 pid=410 grp=0 res=0
           <...>-986   [002] ...1 78282.328513: sched_fork_time: comm=utmethod.pinyin pid=986 child_comm=utmethod.pinyin child_pid=18784 fork_time=106077 us
           <...>-17310 [001] d.h3 78282.360441: signal_generate: sig=32 errno=0 code=131070 comm=POSIX timer 0 pid=408 grp=0 res=0
           <...>-17322 [001] ...1 78282.401962: sched_fork_time: comm=Binder:17310_2 pid=17322 child_comm=Binder:17310_2 child_pid=18785 fork_time=65769 us
          <idle>-0     [001] dnh4 78282.608261: signal_generate: sig=32 errno=0 code=131070 comm=POSIX timer 0 pid=408 grp=0 res=0
           <...>-3896  [000] ...1 78282.608749: sched_fork_time: comm=RenderThread pid=3896 child_comm=RenderThread child_pid=18786 fork_time=47308 us
          <idle>-0     [003] d.h4 78282.907331: signal_generate: sig=32 errno=0 code=131070 comm=POSIX timer 0 pid=408 grp=0 res=0
          <idle>-0     [003] d.h4 78282.920388: signal_generate: sig=32 errno=0 code=131070 comm=POSIX timer 1 pid=410 grp=0 res=0
           <...>-869   [002] d.h3 78283.473601: signal_generate: sig=32 errno=0 code=131070 comm=POSIX timer 0 pid=408 grp=0 res=0
           <...>-923   [001] d.h3 78283.521548: signal_generate: sig=32 errno=0 code=131070 comm=POSIX timer 0 pid=408 grp=0 res=0
           <...>-869   [003] d.h3 78283.569434: signal_generate: sig=32 errno=0 code=131070 comm=POSIX timer 0 pid=408 grp=0 res=0
          <idle>-0     [002] d.h4 78283.689354: signal_generate: sig=32 errno=0 code=131070 comm=POSIX timer 0 pid=408 grp=0 res=0
          <idle>-0     [003] d.h4 78283.909260: signal_generate: sig=32 errno=0 code=131070 comm=POSIX timer 0 pid=408 grp=0 res=0
          <idle>-0     [000] d.h4 78283.943442: signal_generate: sig=32 errno=0 code=131070 comm=POSIX timer 1 pid=410 grp=0 res=0
           <...>-18784 [003] ...1 78284.343791: sched_process_exit: comm=Delight4Facilit pid=18784 prio=122
          <idle>-0     [003] d.h4 78284.411836: signal_generate: sig=32 errno=0 code=131070 comm=POSIX timer 0 pid=408 grp=0 res=0
           <...>-17329 [002] d.h3 78284.442934: signal_generate: sig=32 errno=0 code=131070 comm=POSIX timer 1 pid=410 grp=0 res=0
           <...>-1466  [000] d..2 78284.603161: signal_generate: sig=11 errno=0 code=196609 comm=Binder:1127_9 pid=1466 grp=0 res=0
           <...>-1466  [000] d..2 78284.603203: signal_deliver: sig=11 errno=0 code=196609 sa_handler=58a1d86bb8 sa_flags=18000004
          <idle>-0     [000] dnh4 78285.172048: signal_generate: sig=32 errno=0 code=131070 comm=POSIX timer 0 pid=408 grp=0 res=0
          <idle>-0     [001] dnh4 78285.194632: signal_generate: sig=32 errno=0 code=131070 comm=POSIX timer 1 pid=410 grp=0 res=0
          <idle>-0     [000] dnh4 78286.800306: signal_generate: sig=32 errno=0 code=131070 comm=POSIX timer 0 pid=408 grp=0 res=0
          <idle>-0     [003] d.h4 78286.830854: signal_generate: sig=32 errno=0 code=131070 comm=POSIX timer 1 pid=410 grp=0 res=0
           <...>-18782 [000] ...1 78287.317531: sched_fork_time: comm=StateThread pid=18782 child_comm=StateThread child_pid=18787 fork_time=94000 us
           <...>-18782 [000] ...1 78287.317944: sched_process_exit: comm=StateThread pid=18782 prio=120
           <...>-18787 [002] ...1 78287.322147: sched_process_exit: comm=StateThread pid=18787 prio=120
           <...>-825   [002] ...1 78287.340671: sched_fork_time: comm=Ril Proxy Main  pid=825 child_comm=Ril Proxy Main  child_pid=18788 fork_time=96769 us
           <...>-18788 [002] ...1 78287.342185: sched_fork_time: comm=StateThread pid=18788 child_comm=StateThread child_pid=18789 fork_time=95385 us
           <...>-18788 [002] ...1 78287.342940: sched_process_exit: comm=StateThread pid=18788 prio=120
          <idle>-0     [003] d.h4 78288.553940: signal_generate: sig=32 errno=0 code=131070 comm=POSIX timer 0 pid=408 grp=0 res=0
          <idle>-0     [002] d.h4 78289.577888: signal_generate: sig=32 errno=0 code=131070 comm=POSIX timer 0 pid=408 grp=0 res=0
          <idle>-0     [003] d.h4 78289.589750: signal_generate: sig=32 errno=0 code=131070 comm=POSIX timer 1 pid=410 grp=0 res=0
           <...>-18783 [003] ...1 78290.591508: sched_process_exit: comm=RenderThread pid=18783 prio=120
           <...>-18233 [002] d.h3 78290.594068: signal_generate: sig=32 errno=0 code=131070 comm=POSIX timer 0 pid=408 grp=0 res=0
          <idle>-0     [001] dnh4 78290.603692: signal_generate: sig=32 errno=0 code=131070 comm=POSIX timer 1 pid=410 grp=0 res=0
          <idle>-0     [003] d.h4 78291.445714: signal_generate: sig=32 errno=0 code=131070 comm=POSIX timer 0 pid=408 grp=0 res=0
           <...>-18223 [000] d.h4 78291.478317: signal_generate: sig=32 errno=0 code=131070 comm=POSIX timer 1 pid=410 grp=0 res=0
           <...>-1332  [001] ...1 78292.710874: sched_fork_time: comm=RenderThread pid=1332 child_comm=RenderThread child_pid=18790 fork_time=155846 us
          <idle>-0     [003] d.h4 78293.126890: signal_generate: sig=32 errno=0 code=131070 comm=POSIX timer 0 pid=408 grp=0 res=0
          <idle>-0     [000] d.h4 78293.149027: signal_generate: sig=32 errno=0 code=131070 comm=POSIX timer 1 pid=410 grp=0 res=0
           <...>-18786 [003] ...1 78293.651712: sched_process_exit: comm=RenderThread pid=18786 prio=120
          <idle>-0     [003] d.h4 78294.545497: signal_generate: sig=32 errno=0 code=131070 comm=POSIX timer 0 pid=408 grp=0 res=0
          <idle>-0     [001] d.h4 78294.551762: signal_generate: sig=32 errno=0 code=131070 comm=POSIX timer 1 pid=410 grp=0 res=0
           <...>-18779 [000] ...1 78295.048609: sched_process_exit: comm=RenderThread pid=18779 prio=110
          <idle>-0     [003] d.h4 78295.539287: signal_generate: sig=32 errno=0 code=131070 comm=POSIX timer 0 pid=408 grp=0 res=0
          <idle>-0     [001] d.h4 78295.567623: signal_generate: sig=32 errno=0 code=131070 comm=POSIX timer 1 pid=410 grp=0 res=0
          <idle>-0     [000] d.h4 78296.858315: signal_generate: sig=32 errno=0 code=131070 comm=POSIX timer 0 pid=408 grp=0 res=0
          <idle>-0     [003] d.h4 78296.865796: signal_generate: sig=32 errno=0 code=131070 comm=POSIX timer 1 pid=410 grp=0 res=0
           <...>-18789 [000] ...1 78297.345377: sched_fork_time: comm=StateThread pid=18789 child_comm=StateThread child_pid=18791 fork_time=92461 us
           <...>-18789 [000] ...1 78297.345795: sched_process_exit: comm=StateThread pid=18789 prio=120
           <...>-18791 [002] ...1 78297.348272: sched_process_exit: comm=StateThread pid=18791 prio=120
           <...>-825   [003] ...1 78297.365879: sched_fork_time: comm=Ril Proxy Main  pid=825 child_comm=Ril Proxy Main  child_pid=18792 fork_time=99308 us
           <...>-18792 [000] ...1 78297.367855: sched_fork_time: comm=StateThread pid=18792 child_comm=StateThread child_pid=18793 fork_time=95077 us
           <...>-18792 [000] ...1 78297.368431: sched_process_exit: comm=StateThread pid=18792 prio=120
          <idle>-0     [003] d.h4 78298.591109: signal_generate: sig=32 errno=0 code=131070 comm=POSIX timer 0 pid=408 grp=0 res=0
          <idle>-0     [000] d.h4 78298.622044: signal_generate: sig=32 errno=0 code=131070 comm=POSIX timer 1 pid=410 grp=0 res=0
          <idle>-0     [003] d.h4 78298.900086: signal_generate: sig=32 errno=0 code=131070 comm=POSIX timer 0 pid=408 grp=0 res=0
          <idle>-0     [001] d.h5 78298.922574: signal_generate: sig=32 errno=0 code=131070 comm=POSIX timer 1 pid=410 grp=0 res=0
           <...>-17329 [001] ...1 78300.020003: sched_fork_time: comm=RenderThread pid=17329 child_comm=RenderThread child_pid=18794 fork_time=71693 us
           <...>-986   [002] ...1 78300.024156: sched_fork_time: comm=utmethod.pinyin pid=986 child_comm=utmethod.pinyin child_pid=18795 fork_time=119769 us
           <...>-17315 [003] d.h3 78300.031028: signal_generate: sig=32 errno=0 code=131070 comm=POSIX timer 1 pid=410 grp=0 res=0
           <...>-17329 [000] d.h3 78300.072318: signal_generate: sig=32 errno=0 code=131070 comm=POSIX timer 0 pid=408 grp=0 res=0
           <...>-17329 [000] ...1 78300.072979: sched_fork_time: comm=RenderThread pid=17329 child_comm=RenderThread child_pid=18796 fork_time=60923 us
           <...>-7     [000] dnh5 78300.274808: signal_generate: sig=32 errno=0 code=131070 comm=POSIX timer 0 pid=408 grp=0 res=0
           <...>-3896  [000] ...1 78300.311736: sched_fork_time: comm=RenderThread pid=3896 child_comm=RenderThread child_pid=18797 fork_time=50230 us
          <idle>-0     [003] dnh4 78300.672883: signal_generate: sig=32 errno=0 code=131070 comm=POSIX timer 0 pid=408 grp=0 res=0
          <idle>-0     [003] d.h4 78300.718358: signal_generate: sig=32 errno=0 code=131070 comm=POSIX timer 1 pid=410 grp=0 res=0
          <idle>-0     [002] d.h4 78301.051728: signal_generate: sig=32 errno=0 code=131070 comm=POSIX timer 0 pid=408 grp=0 res=0
          <idle>-0     [000] dnh4 78301.076845: signal_generate: sig=32 errno=0 code=131070 comm=POSIX timer 1 pid=410 grp=0 res=0
          <idle>-0     [000] d.h4 78302.127737: signal_generate: sig=32 errno=0 code=131070 comm=POSIX timer 0 pid=408 grp=0 res=0
          <idle>-0     [002] d.h4 78302.156689: signal_generate: sig=32 errno=0 code=131070 comm=POSIX timer 1 pid=410 grp=0 res=0
          <idle>-0     [000] d.h4 78302.564303: signal_generate: sig=32 errno=0 code=131070 comm=POSIX timer 0 pid=408 grp=0 res=0
          <idle>-0     [002] d.h4 78302.577089: signal_generate: sig=32 errno=0 code=131070 comm=POSIX timer 1 pid=410 grp=0 res=0
           <...>-18790 [000] ...1 78302.719372: sched_process_exit: comm=RenderThread pid=18790 prio=120
           <...>-5312  [000] ...1 78302.842337: sched_fork_time: comm=Binder:800_11 pid=5312 child_comm=Binder:800_11 child_pid=18798 fork_time=49077 us
           <...>-18798 [003] ...1 78302.906771: sched_process_exit: comm=Thread-2176 pid=18798 prio=112
          <idle>-0     [001] d.h4 78302.928365: signal_generate: sig=32 errno=0 code=131070 comm=POSIX timer 0 pid=408 grp=0 res=0
          <idle>-0     [001] dnh4 78302.959215: signal_generate: sig=32 errno=0 code=131070 comm=POSIX timer 1 pid=410 grp=0 res=0
          <idle>-0     [003] dnh4 78302.987809: signal_generate: sig=32 errno=0 code=131070 comm=POSIX timer 0 pid=408 grp=0 res=0
          <idle>-0     [002] d.h4 78303.019880: signal_generate: sig=32 errno=0 code=131070 comm=POSIX timer 1 pid=410 grp=0 res=0
          <idle>-0     [000] d.h4 78303.064791: signal_generate: sig=32 errno=0 code=131070 comm=POSIX timer 0 pid=408 grp=0 res=0
          <idle>-0     [002] d.h4 78303.084193: signal_generate: sig=32 errno=0 code=131070 comm=POSIX timer 1 pid=410 grp=0 res=0
           <...>-412   [000] d.h3 78303.566266: signal_generate: sig=32 errno=0 code=131070 comm=POSIX timer 0 pid=408 grp=0 res=0
          <idle>-0     [000] d.h4 78303.592188: signal_generate: sig=32 errno=0 code=131070 comm=POSIX timer 1 pid=410 grp=0 res=0
          <idle>-0     [003] dnh4 78303.935868: signal_generate: sig=32 errno=0 code=131070 comm=POSIX timer 0 pid=408 grp=0 res=0
          <idle>-0     [002] d.h4 78303.963303: signal_generate: sig=32 errno=0 code=131070 comm=POSIX timer 1 pid=410 grp=0 res=0
          <idle>-0     [000] d.h4 78304.066453: signal_generate: sig=32 errno=0 code=131070 comm=POSIX timer 0 pid=408 grp=0 res=0
          <idle>-0     [003] d.h5 78304.075741: signal_generate: sig=32 errno=0 code=131070 comm=POSIX timer 1 pid=410 grp=0 res=0
           <...>-18796 [000] ...1 78304.088415: sched_process_exit: comm=RenderThread pid=18796 prio=110
           <...>-412   [000] d.h3 78304.568843: signal_generate: sig=32 errno=0 code=131070 comm=POSIX timer 0 pid=408 grp=0 res=0
          <idle>-0     [002] d.h4 78304.591133: signal_generate: sig=32 errno=0 code=131070 comm=POSIX timer 1 pid=410 grp=0 res=0
           <...>-412   [000] d.h3 78305.069818: signal_generate: sig=32 errno=0 code=131070 comm=POSIX timer 0 pid=408 grp=0 res=0
           <...>-18233 [002] d.h3 78305.098584: signal_generate: sig=32 errno=0 code=131070 comm=POSIX timer 1 pid=410 grp=0 res=0
          <idle>-0     [000] d.h4 78305.570851: signal_generate: sig=32 errno=0 code=131070 comm=POSIX timer 0 pid=408 grp=0 res=0
          <idle>-0     [001] dnh4 78305.600017: signal_generate: sig=32 errno=0 code=131070 comm=POSIX timer 1 pid=410 grp=0 res=0
          <idle>-0     [003] d.h4 78306.072332: signal_generate: sig=32 errno=0 code=131070 comm=POSIX timer 0 pid=408 grp=0 res=0
          <idle>-0     [003] d.h4 78306.091534: signal_generate: sig=32 errno=0 code=131070 comm=POSIX timer 1 pid=410 grp=0 res=0
           <...>-2787  [003] d.h4 78306.573995: signal_generate: sig=32 errno=0 code=131070 comm=POSIX timer 0 pid=408 grp=0 res=0
          <idle>-0     [001] dnh4 78306.599182: signal_generate: sig=32 errno=0 code=131070 comm=POSIX timer 1 pid=410 grp=0 res=0
          <idle>-0     [003] d.h4 78307.072625: signal_generate: sig=32 errno=0 code=131070 comm=POSIX timer 0 pid=408 grp=0 res=0
          <idle>-0     [002] d.h4 78307.096647: signal_generate: sig=32 errno=0 code=131070 comm=POSIX timer 1 pid=410 grp=0 res=0
           <...>-18793 [000] ...1 78307.374326: sched_fork_time: comm=StateThread pid=18793 child_comm=StateThread child_pid=18799 fork_time=95461 us
           <...>-18793 [000] ...1 78307.375048: sched_process_exit: comm=StateThread pid=18793 prio=120
           <...>-18799 [003] ...1 78307.377331: sched_process_exit: comm=StateThread pid=18799 prio=120
           <...>-825   [003] ...1 78307.396526: sched_fork_time: comm=Ril Proxy Main  pid=825 child_comm=Ril Proxy Main  child_pid=18800 fork_time=95769 us
           <...>-18800 [001] ...1 78307.398263: sched_fork_time: comm=StateThread pid=18800 child_comm=StateThread child_pid=18801 fork_time=93231 us
           <...>-18800 [001] ...1 78307.398776: sched_process_exit: comm=StateThread pid=18800 prio=120
          <idle>-0     [000] dnh4 78307.574775: signal_generate: sig=32 errno=0 code=131070 comm=POSIX timer 0 pid=408 grp=0 res=0
          <idle>-0     [002] d.h4 78307.591253: signal_generate: sig=32 errno=0 code=131070 comm=POSIX timer 1 pid=410 grp=0 res=0
           <...>-13279 [001] ...1 78307.973430: sched_fork_time: comm=Binder:800_20 pid=13279 child_comm=Binder:800_20 child_pid=18802 fork_time=48462 us
           <...>-18802 [001] ...1 78308.037951: sched_process_exit: comm=Thread-2177 pid=18802 prio=112
           <...>-18233 [003] d.h3 78308.074183: signal_generate: sig=32 errno=0 code=131070 comm=POSIX timer 0 pid=408 grp=0 res=0
          <idle>-0     [002] d.h4 78308.089148: signal_generate: sig=32 errno=0 code=131070 comm=POSIX timer 1 pid=410 grp=0 res=0
          <idle>-0     [003] d.h4 78308.119387: signal_generate: sig=32 errno=0 code=131070 comm=POSIX timer 0 pid=408 grp=0 res=0
          <idle>-0     [002] d.h5 78308.137511: signal_generate: sig=32 errno=0 code=131070 comm=POSIX timer 1 pid=410 grp=0 res=0
           <...>-412   [000] d.h3 78308.576741: signal_generate: sig=32 errno=0 code=131070 comm=POSIX timer 0 pid=408 grp=0 res=0
          <idle>-0     [000] d.h4 78308.598536: signal_generate: sig=32 errno=0 code=131070 comm=POSIX timer 1 pid=410 grp=0 res=0
           <...>-2787  [002] d.h4 78309.039187: signal_generate: sig=32 errno=0 code=131070 comm=POSIX timer 0 pid=408 grp=0 res=0
          <idle>-0     [001] dnh4 78309.067353: signal_generate: sig=32 errno=0 code=131070 comm=POSIX timer 1 pid=410 grp=0 res=0
          <idle>-0     [000] d.h4 78309.542120: signal_generate: sig=32 errno=0 code=131070 comm=POSIX timer 0 pid=408 grp=0 res=0
          <idle>-0     [000] d.h4 78309.576501: signal_generate: sig=32 errno=0 code=131070 comm=POSIX timer 1 pid=410 grp=0 res=0
          <idle>-0     [001] dnh4 78310.056552: signal_generate: sig=32 errno=0 code=131070 comm=POSIX timer 0 pid=408 grp=0 res=0
          <idle>-0     [000] d.h4 78310.073506: signal_generate: sig=32 errno=0 code=131070 comm=POSIX timer 1 pid=410 grp=0 res=0
           <...>-18794 [000] ...1 78310.306217: sched_process_exit: comm=RenderThread pid=18794 prio=110
           <...>-1332  [000] ...1 78310.353909: sched_fork_time: comm=RenderThread pid=1332 child_comm=RenderThread child_pid=18803 fork_time=47385 us
           <...>-412   [001] d.h3 78310.386517: signal_generate: sig=32 errno=0 code=131070 comm=POSIX timer 0 pid=408 grp=0 res=0
          <idle>-0     [001] dnh4 78310.419797: signal_generate: sig=32 errno=0 code=131070 comm=POSIX timer 1 pid=410 grp=0 res=0
          <idle>-0     [003] d.h4 78310.544690: signal_generate: sig=32 errno=0 code=131070 comm=POSIX timer 0 pid=408 grp=0 res=0
           <...>-18224 [003] d.h3 78310.559455: signal_generate: sig=32 errno=0 code=131070 comm=POSIX timer 1 pid=410 grp=0 res=0
          <idle>-0     [003] d.h4 78311.045414: signal_generate: sig=32 errno=0 code=131070 comm=POSIX timer 0 pid=408 grp=0 res=0
          <idle>-0     [003] d.h4 78311.068469: signal_generate: sig=32 errno=0 code=131070 comm=POSIX timer 1 pid=410 grp=0 res=0
          <idle>-0     [003] d.h4 78311.546368: signal_generate: sig=32 errno=0 code=131070 comm=POSIX timer 0 pid=408 grp=0 res=0
          <idle>-0     [002] dnh4 78311.577183: signal_generate: sig=32 errno=0 code=131070 comm=POSIX timer 1 pid=410 grp=0 res=0
          <idle>-0     [001] d.h4 78312.069202: signal_generate: sig=32 errno=0 code=131070 comm=POSIX timer 0 pid=408 grp=0 res=0
          <idle>-0     [001] d.h4 78312.081988: signal_generate: sig=32 errno=0 code=131070 comm=POSIX timer 1 pid=410 grp=0 res=0
           <...>-869   [001] d.h3 78312.233044: signal_generate: sig=32 errno=0 code=131070 comm=POSIX timer 0 pid=408 grp=0 res=0
           <...>-869   [002] d.h3 78312.256618: signal_generate: sig=32 errno=0 code=131070 comm=POSIX timer 1 pid=410 grp=0 res=0
           <...>-412   [000] d.h3 78312.571540: signal_generate: sig=32 errno=0 code=131070 comm=POSIX timer 0 pid=408 grp=0 res=0
          <idle>-0     [001] d.h4 78312.589551: signal_generate: sig=32 errno=0 code=131070 comm=POSIX timer 1 pid=410 grp=0 res=0
          <idle>-0     [003] dnh4 78313.072912: signal_generate: sig=32 errno=0 code=131070 comm=POSIX timer 0 pid=408 grp=0 res=0
          <idle>-0     [002] d.h4 78313.106845: signal_generate: sig=32 errno=0 code=131070 comm=POSIX timer 1 pid=410 grp=0 res=0
          <idle>-0     [003] dnh4 78313.591449: signal_generate: sig=32 errno=0 code=131070 comm=POSIX timer 0 pid=408 grp=0 res=0
          <idle>-0     [002] d.h4 78313.608949: signal_generate: sig=32 errno=0 code=131070 comm=POSIX timer 1 pid=410 grp=0 res=0
           <...>-5312  [000] ...1 78314.070956: sched_fork_time: comm=Binder:800_11 pid=5312 child_comm=Binder:800_11 child_pid=18804 fork_time=50000 us
           <...>-18804 [001] ...1 78314.135749: sched_process_exit: comm=Thread-2178 pid=18804 prio=112
          <idle>-0     [002] d.h4 78314.171551: signal_generate: sig=32 errno=0 code=131070 comm=POSIX timer 0 pid=408 grp=0 res=0
          <idle>-0     [000] d.h4 78314.200216: signal_generate: sig=32 errno=0 code=131070 comm=POSIX timer 1 pid=410 grp=0 res=0
          <idle>-0     [003] dnh4 78314.633373: signal_generate: sig=32 errno=0 code=131070 comm=POSIX timer 0 pid=408 grp=0 res=0
          <idle>-0     [003] d.h4 78314.664110: signal_generate: sig=32 errno=0 code=131070 comm=POSIX timer 1 pid=410 grp=0 res=0
           <...>-2787  [001] d.h4 78315.130344: signal_generate: sig=32 errno=0 code=131070 comm=POSIX timer 0 pid=408 grp=0 res=0
          <idle>-0     [002] d.h4 78315.151402: signal_generate: sig=32 errno=0 code=131070 comm=POSIX timer 1 pid=410 grp=0 res=0
          <idle>-0     [000] d.h4 78315.626208: signal_generate: sig=32 errno=0 code=131070 comm=POSIX timer 0 pid=408 grp=0 res=0
          <idle>-0     [002] d.h4 78315.657120: signal_generate: sig=32 errno=0 code=131070 comm=POSIX timer 1 pid=410 grp=0 res=0
          <idle>-0     [002] dnh4 78316.140386: signal_generate: sig=32 errno=0 code=131070 comm=POSIX timer 0 pid=408 grp=0 res=0
          <idle>-0     [002] d.h4 78316.161200: signal_generate: sig=32 errno=0 code=131070 comm=POSIX timer 1 pid=410 grp=0 res=0
          <idle>-0     [001] d.h4 78316.628749: signal_generate: sig=32 errno=0 code=131070 comm=POSIX timer 0 pid=408 grp=0 res=0
          <idle>-0     [000] d.h4 78316.648992: signal_generate: sig=32 errno=0 code=131070 comm=POSIX timer 1 pid=410 grp=0 res=0
           <...>-364   [001] d.h6 78317.154068: signal_generate: sig=32 errno=0 code=131070 comm=POSIX timer 0 pid=408 grp=0 res=0
          <idle>-0     [002] d.h4 78317.175782: signal_generate: sig=32 errno=0 code=131070 comm=POSIX timer 1 pid=410 grp=0 res=0
           <...>-18801 [002] ...1 78317.403355: sched_fork_time: comm=StateThread pid=18801 child_comm=StateThread child_pid=18805 fork_time=95692 us
           <...>-18801 [002] ...1 78317.404242: sched_process_exit: comm=StateThread pid=18801 prio=120
           <...>-18805 [001] ...1 78317.406739: sched_process_exit: comm=StateThread pid=18805 prio=120
           <...>-825   [000] ...1 78317.424615: sched_fork_time: comm=Ril Proxy Main  pid=825 child_comm=Ril Proxy Main  child_pid=18806 fork_time=98077 us
           <...>-18806 [000] ...1 78317.425950: sched_fork_time: comm=StateThread pid=18806 child_comm=StateThread child_pid=18807 fork_time=90692 us
           <...>-18806 [000] ...1 78317.426528: sched_process_exit: comm=StateThread pid=18806 prio=120
          <idle>-0     [001] d.h4 78317.631161: signal_generate: sig=32 errno=0 code=131070 comm=POSIX timer 0 pid=408 grp=0 res=0
          <idle>-0     [000] dnh4 78317.640953: signal_generate: sig=32 errno=0 code=131070 comm=POSIX timer 1 pid=410 grp=0 res=0
          <idle>-0     [000] dnh4 78318.148813: signal_generate: sig=32 errno=0 code=131070 comm=POSIX timer 1 pid=410 grp=0 res=0
          <idle>-0     [001] d.h4 78318.163280: signal_generate: sig=32 errno=0 code=131070 comm=POSIX timer 0 pid=408 grp=0 res=0
          <idle>-0     [001] d.h4 78318.191161: signal_generate: sig=32 errno=0 code=131070 comm=POSIX timer 1 pid=410 grp=0 res=0
           <...>-412   [000] d.h3 78318.633375: signal_generate: sig=32 errno=0 code=131070 comm=POSIX timer 0 pid=408 grp=0 res=0
          <idle>-0     [000] dnh4 78318.658327: signal_generate: sig=32 errno=0 code=131070 comm=POSIX timer 1 pid=410 grp=0 res=0
           <...>-800   [002] d.h3 78319.134648: signal_generate: sig=32 errno=0 code=131070 comm=POSIX timer 0 pid=408 grp=0 res=0
          <idle>-0     [002] dnh4 78319.167627: signal_generate: sig=32 errno=0 code=131070 comm=POSIX timer 1 pid=410 grp=0 res=0
           <...>-412   [001] d.h4 78319.635166: signal_generate: sig=32 errno=0 code=131070 comm=POSIX timer 0 pid=408 grp=0 res=0
          <idle>-0     [003] d.h4 78319.646191: signal_generate: sig=32 errno=0 code=131070 comm=POSIX timer 1 pid=410 grp=0 res=0
           <...>-412   [001] d.h3 78320.137742: signal_generate: sig=32 errno=0 code=131070 comm=POSIX timer 0 pid=408 grp=0 res=0
           <...>-2787  [002] d.h3 78320.153988: signal_generate: sig=32 errno=0 code=131070 comm=POSIX timer 1 pid=410 grp=0 res=0
          <idle>-0     [002] d.h4 78320.238335: signal_generate: sig=32 errno=0 code=131070 comm=POSIX timer 0 pid=408 grp=0 res=0
          <idle>-0     [003] dnh4 78320.267312: signal_generate: sig=32 errno=0 code=131070 comm=POSIX timer 1 pid=410 grp=0 res=0
           <...>-18803 [002] ...1 78320.355813: sched_process_exit: comm=RenderThread pid=18803 prio=120
          <idle>-0     [000] dnh4 78320.745559: signal_generate: sig=32 errno=0 code=131070 comm=POSIX timer 0 pid=408 grp=0 res=0
          <idle>-0     [001] d.h4 78320.774019: signal_generate: sig=32 errno=0 code=131070 comm=POSIX timer 1 pid=410 grp=0 res=0
          <idle>-0     [002] d.h4 78321.268466: signal_generate: sig=32 errno=0 code=131070 comm=POSIX timer 0 pid=408 grp=0 res=0
          <idle>-0     [002] d.h4 78321.281824: signal_generate: sig=32 errno=0 code=131070 comm=POSIX timer 1 pid=410 grp=0 res=0
           <...>-2787  [000] d.h3 78321.770149: signal_generate: sig=32 errno=0 code=131070 comm=POSIX timer 0 pid=408 grp=0 res=0
          <idle>-0     [003] dnh4 78321.793091: signal_generate: sig=32 errno=0 code=131070 comm=POSIX timer 1 pid=410 grp=0 res=0
           <...>-412   [000] d.h3 78322.271597: signal_generate: sig=32 errno=0 code=131070 comm=POSIX timer 0 pid=408 grp=0 res=0
          <idle>-0     [000] d.h4 78322.292248: signal_generate: sig=32 errno=0 code=131070 comm=POSIX timer 1 pid=410 grp=0 res=0
          <idle>-0     [000] d.h4 78322.772596: signal_generate: sig=32 errno=0 code=131070 comm=POSIX timer 0 pid=408 grp=0 res=0
          <idle>-0     [002] d.h4 78322.803854: signal_generate: sig=32 errno=0 code=131070 comm=POSIX timer 1 pid=410 grp=0 res=0
           <...>-412   [000] d.h5 78323.274000: signal_generate: sig=32 errno=0 code=131070 comm=POSIX timer 0 pid=408 grp=0 res=0
           <...>-2671  [000] d.h3 78323.297927: signal_generate: sig=32 errno=0 code=131070 comm=POSIX timer 1 pid=410 grp=0 res=0
           <...>-412   [000] d.h3 78323.776322: signal_generate: sig=32 errno=0 code=131070 comm=POSIX timer 0 pid=408 grp=0 res=0
          <idle>-0     [000] dnh4 78323.803225: signal_generate: sig=32 errno=0 code=131070 comm=POSIX timer 1 pid=410 grp=0 res=0
           <...>-18797 [003] ...1 78324.122791: sched_process_exit: comm=RenderThread pid=18797 prio=120
           <...>-364   [000] d.h3 78324.276340: signal_generate: sig=32 errno=0 code=131070 comm=POSIX timer 0 pid=408 grp=0 res=0
           <...>-352   [001] d.h4 78324.303594: signal_generate: sig=32 errno=0 code=131070 comm=POSIX timer 1 pid=410 grp=0 res=0
          <idle>-0     [001] dnh4 78324.343438: signal_generate: sig=32 errno=0 code=131070 comm=POSIX timer 0 pid=408 grp=0 res=0
          <idle>-0     [002] dnh4 78324.434858: signal_generate: sig=32 errno=0 code=131070 comm=POSIX timer 0 pid=408 grp=0 res=0
           <...>-18233 [002] d.h3 78324.776272: signal_generate: sig=32 errno=0 code=131070 comm=POSIX timer 0 pid=408 grp=0 res=0
          <idle>-0     [003] d.h4 78324.788827: signal_generate: sig=32 errno=0 code=131070 comm=POSIX timer 1 pid=410 grp=0 res=0
           <...>-1496  [003] ...1 78325.145635: sched_fork_time: comm=adbd pid=1496 child_comm=adbd child_pid=18808 fork_time=20062616 us
           <...>-1496  [000] ...1 78325.149794: sched_fork_time: comm=adbd pid=1496 child_comm=adbd child_pid=18809 fork_time=160538 us
           <...>-18808 [000] ...1 78325.241414: sched_fork_time: comm=am pid=18808 child_comm=am child_pid=18810 fork_time=12042692 us
          <idle>-0     [001] dnh4 78325.277615: signal_generate: sig=32 errno=0 code=131070 comm=POSIX timer 0 pid=408 grp=0 res=0
           <...>-29236 [003] d.h3 78325.294857: signal_generate: sig=32 errno=0 code=131070 comm=POSIX timer 1 pid=410 grp=0 res=0
           <...>-18810 [000] ...1 78325.298470: sched_fork_time: comm=cmd pid=18810 child_comm=cmd child_pid=18811 fork_time=4913692 us
           <...>-18811 [001] d..2 78325.310654: signal_deliver: sig=9 errno=0 code=0 sa_handler=0 sa_flags=0
           <...>-18810 [002] ...1 78325.310672: sched_process_exit: comm=cmd pid=18810 prio=120
           <...>-18811 [001] ...1 78325.311589: sched_process_exit: comm=Binder:18810_1 pid=18811 prio=120
           <...>-18811 [001] d..3 78325.311985: signal_generate: sig=17 errno=0 code=262145 comm=am pid=18808 grp=1 res=0
           <...>-18808 [002] d..2 78325.312003: signal_deliver: sig=17 errno=0 code=262145 sa_handler=57a1c54dd8 sa_flags=0
           <...>-18808 [002] ...1 78325.313962: sched_process_exit: comm=am pid=18808 prio=120
           <...>-18808 [002] d..3 78325.314113: signal_generate: sig=17 errno=0 code=262145 comm=adbd pid=1496 grp=1 res=1
           <...>-18809 [002] ...1 78325.314908: sched_process_exit: comm=shell svc 18808 pid=18809 prio=120
          <idle>-0     [001] dnh4 78325.344631: signal_generate: sig=32 errno=0 code=131070 comm=POSIX timer 0 pid=408 grp=0 res=0
          <idle>-0     [003] dnh4 78325.362067: signal_generate: sig=32 errno=0 code=131070 comm=POSIX timer 1 pid=410 grp=0 res=0
           <...>-1496  [002] ...1 78325.408499: sched_fork_time: comm=adbd pid=1496 child_comm=adbd child_pid=18812 fork_time=636538 us
           <...>-1496  [002] ...1 78325.411215: sched_fork_time: comm=adbd pid=1496 child_comm=adbd child_pid=18813 fork_time=76308 us
           <...>-18812 [001] ...1 78325.509562: sched_process_exit: comm=ls pid=18812 prio=120
           <...>-18812 [001] d..3 78325.509750: signal_generate: sig=17 errno=0 code=262145 comm=adbd pid=1496 grp=1 res=1
           <...>-18813 [000] ...1 78325.510269: sched_process_exit: comm=shell svc 18812 pid=18813 prio=120
