02-13 12:15:20.469774   800   800 E Telecom : InCallController: Package Manager could not find ComponentName: ComponentInfo{com.android.dialer/com.android.incallui.InCallServiceImpl}. Trying to bind anyway.: PCR.oR@GkE
02-13 12:15:20.469774   800   800 E Telecom : java.lang.Exception
02-13 12:15:20.469774   800   800 E Telecom : 	at com.android.server.telecom.InCallController.getInCallServiceComponent(InCallController.java:1139)
02-13 12:15:20.469774   800   800 E Telecom : 	at com.android.server.telecom.InCallController.bindToServices(InCallController.java:1068)
02-13 12:15:20.469774   800   800 E Telecom : 	at com.android.server.telecom.InCallController.onCallAdded(InCallController.java:764)
02-13 12:15:20.469774   800   800 E Telecom : 	at com.android.server.telecom.CallsManager.addCall(CallsManager.java:2489)
02-13 12:15:20.469774   800   800 E Telecom : 	at com.android.server.telecom.CallsManager.startOutgoingCall(CallsManager.java:1407)
02-13 12:15:20.469774   800   800 E Telecom : 	at com.android.server.telecom.CallIntentProcessor.processOutgoingCallIntent(CallIntentProcessor.java:154)
02-13 12:15:20.469774   800   800 E Telecom : 	at com.android.server.telecom.CallIntentProcessor.processIntent(CallIntentProcessor.java:86)
02-13 12:15:20.469774   800   800 E Telecom : 	at com.android.server.telecom.components.PrimaryCallReceiver.onReceive(PrimaryCallReceiver.java:25)
02-13 12:15:20.469774   800   800 E Telecom : 	at android.app.ActivityThread.handleReceiver(ActivityThread.java:3228)
02-13 12:15:20.469774   800   800 E Telecom : 	at android.app.ActivityThread.-wrap17(Unknown Source:0)
02-13 12:15:20.469774   800   800 E Telecom : 	at android.app.ActivityThread$H.handleMessage(ActivityThread.java:1706)
02-13 12:15:20.469774   800   800 E Telecom : 	at android.os.Handler.dispatchMessage(Handler.java:106)
02-13 12:15:20.469774   800   800 E Telecom : 	at android.os.Looper.loop(Looper.java:164)
02-13 12:15:20.469774   800   800 E Telecom : 	at com.android.server.SystemServer.run(SystemServer.java:441)
02-13 12:15:20.469774   800   800 E Telecom : 	at com.android.server.SystemServer.main(SystemServer.java:282)
02-13 12:15:20.469774   800   800 E Telecom : 	at java.lang.reflect.Method.invoke(Native Method)
02-13 12:15:20.469774   800   800 E Telecom : 	at com.android.internal.os.RuntimeInit$MethodAndArgsCaller.run(RuntimeInit.java:438)
02-13 12:15:20.469774   800   800 E Telecom : 	at com.android.internal.os.ZygoteInit.main(ZygoteInit.java:837)
02-13 12:15:20.470325   800   800 I Telecom : CarSwappingInCallServiceConnection: carmodechange: false => false: PCR.oR@GkE
02-13 12:15:20.470714   800   800 I Telecom : EmergencyCallHelper: ShouldGrantTemporaryLocationPermission, disabled by config: PCR.oR@GkE
02-13 12:15:20.471164   800   800 I Telecom : EmergencyInCallServiceConnection: Attempting to bind to InCall [ComponentInfo{com.android.dialer/com.android.incallui.InCallServiceImpl} supportsExternal? false supportsSelfMg?false], with Intent { act=android.telecom.InCallService cmp=com.android.dialer/com.android.incallui.InCallServiceImpl (has extras) }: PCR.oR@GkE
02-13 12:15:20.472100   800   800 W ActivityManager: Unable to start service Intent { act=android.telecom.InCallService cmp=com.android.dialer/com.android.incallui.InCallServiceImpl (has extras) } U=0: not found
02-13 12:15:20.472353   800   800 W Telecom : EmergencyInCallServiceConnection: Failed to connect.: PCR.oR@GkE
02-13 12:15:20.472589   800   800 I Telecom : InCallController: bindToServices: current UI doesn't support call; not binding.: PCR.oR@GkE
02-13 12:15:20.473209   800   800 I Telecom : IncomingCallNotifier: updateIncomingCall: foundIncomingcall = null: PCR.oR@GkE
02-13 12:15:20.473521   800   800 I Telecom : TelecomWakeLock: WakeLock already released with id: 26: PCR.oR@GkE
02-13 12:15:20.473732   800   800 I Telecom : InCallWakeLockController: Releasing full wake lock: PCR.oR@GkE
02-13 12:15:20.477859   800   880 D DuraSpeed/DuraSpeedInternalManager: switchState, is activity pause, do noting.
02-13 12:15:20.500168   800   800 I Telecom : NewOutgoingCallIntentBroadcaster: Sending NewOutgoingCallBroadcast for [TC@34, CONNECTING, null, tel:****, A, childs(0), has_parent(false), [Capabilities:], [Properties:]] to UserHandle{0}: PCR.oR@GkE
02-13 12:15:20.501422   800  1208 I Telecom : CallAudioRouteStateMachine: setSystemAudioState: changing from [AudioState isMuted: false, route: EARPIECE, supportedRouteMask: EARPIECE, SPEAKER] to [AudioState isMuted: false, route: EARPIECE, supportedRouteMask: EARPIECE, SPEAKER]: PCR.oR->CARSM.pM_UPDATE_SYSTEM_AUDIO_ROUTE@GkE
02-13 12:15:20.502020   800  1208 I Telecom : CallAudioRouteStateMachine: Message received: SWITCH_FOCUS=4001, arg1=2: PCR.oR->CAMSM.pM_2001->CARSM.pM_SWITCH_FOCUS@GkE
02-13 12:15:20.502301   800  1208 I Telecom : Event: RecordEntry TC@34: AUDIO_ROUTE, Leaving state QuiescentEarpieceRoute: PCR.oR->CAMSM.pM_2001->CARSM.pM_SWITCH_FOCUS@GkE
02-13 12:15:20.502639   800  1208 I Telecom : Event: RecordEntry TC@34: AUDIO_ROUTE, Entering state ActiveEarpieceRoute: PCR.oR->CAMSM.pM_2001->CARSM.pM_SWITCH_FOCUS@GkE
02-13 12:15:20.502699   800   800 I Telecom : TelecomSystem: CallerInfoAsyncQuery.startQuery number=[****] cookie=PCR.oR->CILH.sL->CILH.sL@GkE subId=-1: PCR.oR->CILH.sL@GkE
02-13 12:15:20.502839   800  1208 I Telecom : Event: RecordEntry TC@34: AUDIO_ROUTE_EARPIECE, null: PCR.oR->CAMSM.pM_2001->CARSM.pM_SWITCH_FOCUS@GkE
02-13 12:15:20.522050   800  1208 I Telecom : CallAudioRouteStateMachine: setSystemAudioState: changing from [AudioState isMuted: false, route: EARPIECE, supportedRouteMask: EARPIECE, SPEAKER] to [AudioState isMuted: false, route: EARPIECE, supportedRouteMask: EARPIECE, SPEAKER]: PCR.oR->CAMSM.pM_2001->CARSM.pM_SWITCH_FOCUS@GkE
02-13 12:15:20.593766   800   800 I Telecom : NewOutgoingCallBroadcastIntentReceiver: Received new-outgoing-call-broadcast for [TC@34, CONNECTING, null, tel:****, A, childs(0), has_parent(false), [Capabilities:], [Properties:]] with data [****]: NOCBIR.oR@GkI
02-13 12:15:20.615681   800 11952 D IdleScreen: activityIdleScreen: android.app.ContextImpl@b998e3a mNotifyNeeded: false idleIntent: Intent { act=android.intent.action.CALL dat=tel:xxxx flg=0x10800000 cmp=com.android.server.telecom/.components.UserCallActivity (has extras) }
02-13 12:15:20.622498   800   800 I Telecom : CallsManager: Creating a new outgoing call with handle: tel:****: NOCBIR.oR@GkI
02-13 12:15:20.622956   800   800 I Telecom : CallsManager: isSpeakerphoneEnabledForTablet: NOCBIR.oR@GkI
02-13 12:15:20.648658   800   800 I Telecom : PhoneAccountRegistrar: SimCallManager queried, returning: null: NOCBIR.oR@GkI
02-13 12:15:20.649670   800   800 I Telecom : CreateConnectionProcessor: Trying attempt CallAttemptRecord(ComponentInfo{com.android.phone/com.android.services.telephony.TelephonyConnectionService}, [****], UserHandle{0},ComponentInfo{com.android.phone/com.android.services.telephony.TelephonyConnectionService}, [****], UserHandle{0}): NOCBIR.oR@GkI
02-13 12:15:20.650635   800   800 I Telecom : Event: RecordEntry TC@34: BIND_CS, ComponentInfo{com.android.phone/com.android.services.telephony.TelephonyConnectionService}: NOCBIR.oR@GkI
02-13 12:15:20.655111   800   800 I Telecom : CallerInfoLookupHelper: CI query for handle tel:**** has completed; notifying all listeners.: PCR.oR->CILH.sL->CILH.oQC@GkE
02-13 12:15:20.655543   800   800 I Telecom : Call: CallerInfo received for tel:****: com.mediatek.internal.telephony.MtkCallerInfo@3924300 { name non-null, phoneNumber non-null }: PCR.oR->CILH.sL->CILH.oQC@GkE
02-13 12:15:20.664515   800   800 I Telecom : ServiceBinderConnection: Service bound ComponentInfo{com.android.phone/com.android.services.telephony.TelephonyConnectionService}: SBC.oSC@GkM
02-13 12:15:20.664912   800   800 I Telecom : Event: RecordEntry TC@34: CS_BOUND, ComponentInfo{com.android.phone/com.android.services.telephony.TelephonyConnectionService}: SBC.oSC@GkM
02-13 12:15:20.667336   800 11952 W Telecom : MtkAdapter: setIConnectionServiceBinder mServiceInterfaceRemoved = false
02-13 12:15:20.669886   800 11952 I Telecom : Event: RecordEntry TC@34: START_CONNECTION, tel:****
02-13 12:15:20.684458   800 11493 I Telecom : PhoneAccountRegistrar: SimCallManager queried, returning: null: (CS.aCSA->H.CS.aCSA)->CSW.qRCS@E-AEI
02-13 12:15:20.685573   800 15943 I Telecom : Call: CallerInfo received for tel:****: com.mediatek.internal.telephony.MtkCallerInfo@3924300 { name non-null, phoneNumber non-null }: PCR.oR->CILH.sL->CILH.oQC->CILH.sPL->CLIH.oILC@GkE
02-13 12:15:20.687771  1127  1127 I Telephony: TelephonyConnectionService: onCreateOutgoingConnection, request: ConnectionRequest xxxxxxxx Bundle[mParcelledData.dataSize=484]: CS.crCo->H.CS.crCo->H.CS.crCo.pICR@AEM
02-13 12:15:20.688223  1127  1127 I Telephony: MtkTelephonyConnectionServiceUtil: ECC retry: isEccRetryOn, retryOn=false: CS.crCo->H.CS.crCo->H.CS.crCo.pICR@AEM
02-13 12:15:20.688440  1127  1127 I chatty  : uid=1001(radio) com.android.phone identical 1 line
02-13 12:15:20.715328  1127  1127 I Telephony: MtkTelephonyConnectionServiceUtil: ECC retry: isEccRetryOn, retryOn=false: CS.crCo->H.CS.crCo->H.CS.crCo.pICR@AEM
02-13 12:15:20.750863   800 11952 I Telecom : PhoneAccountRegistrar: SimCallManager queried, returning: null: (CS.crCo->H.CS.crCo->H.CS.crCo.pICR)->CSW.hCCC@E-AEM
02-13 12:15:20.751335   800 11952 I Telecom : ConnectionServiceWrapper: Service unbound ComponentInfo{com.android.phone/com.android.services.telephony.TelephonyConnectionService}, from unbind.: (CS.crCo->H.CS.crCo->H.CS.crCo.pICR)->CSW.hCCC@E-AEM
02-13 12:15:20.753902   800 11952 I Telecom : CallsManager: handleConnectionServiceDeath: service com.android.server.telecom.ConnectionServiceWrapper@8517452 died: (CS.crCo->H.CS.crCo->H.CS.crCo.pICR)->CSW.hCCC@E-AEM
02-13 12:15:20.754858   800 11952 I Telecom : CallsManager: setCallState CONNECTING -> DISCONNECTED, call: [TC@34, CONNECTING, null, tel:****, A, childs(0), has_parent(false), [Capabilities:], [Properties:]]: (CS.crCo->H.CS.crCo->H.CS.crCo.pICR)->CSW.hCCC@E-AEM
02-13 12:15:20.755342   800 11952 I Telecom : Event: RecordEntry TC@34: SET_DISCONNECTED, disconnected set explicitly> DisconnectCause [ Code: (ERROR) Label: () Description: () Reason: (Phone is null, OUT_OF_SERVICE) Tone: (95) ]: (CS.crCo->H.CS.crCo->H.CS.crCo.pICR)->CSW.hCCC@E-AEM
02-13 12:15:20.756635   800  1208 I Telecom : CallAudioRouteStateMachine: Message received: UPDATE_SYSTEM_AUDIO_ROUTE=1201, arg1=0: (CS.crCo->H.CS.crCo->H.CS.crCo.pICR)->CSW.hCCC->CARSM.pM_UPDATE_SYSTEM_AUDIO_ROUTE@E-AEM
02-13 12:15:20.756820   800 11952 W Telecom : CallsManager: [getCallForVoiceRecord] no call is recording: (CS.crCo->H.CS.crCo->H.CS.crCo.pICR)->CSW.hCCC@E-AEM
02-13 12:15:20.765303   800 11952 W ContextImpl: Calling a method in the system process without a qualified user: android.app.ContextImpl.sendBroadcast:982 android.content.ContextWrapper.sendBroadcast:442 com.android.server.telecom.CallLogManager.sendAddCallBroadcast:645 com.android.server.telecom.CallLogManager.logCall:462 com.android.server.telecom.CallLogManager.logCall:401 
02-13 12:15:20.767213   800 11952 I Telecom : IncomingCallNotifier: updateIncomingCall: foundIncomingcall = null: (CS.crCo->H.CS.crCo->H.CS.crCo.pICR)->CSW.hCCC@E-AEM
02-13 12:15:20.767592   800 11952 I Telecom : TelecomWakeLock: WakeLock already released with id: 26: (CS.crCo->H.CS.crCo->H.CS.crCo.pICR)->CSW.hCCC@E-AEM
02-13 12:15:20.767579   800 14146 I Telecom : CallLogManager: addCallLog, userToBeInserted=null
02-13 12:15:20.767728   800 11952 I Telecom : InCallWakeLockController: Releasing full wake lock: (CS.crCo->H.CS.crCo->H.CS.crCo.pICR)->CSW.hCCC@E-AEM
02-13 12:15:20.768296   800 11952 I Telecom : Event: RecordEntry TC@34: DESTROYED, null: (CS.crCo->H.CS.crCo->H.CS.crCo.pICR)->CSW.hCCC@E-AEM
02-13 12:15:20.769162   800 11952 I Telecom : InCallController: onCallRemoved: [TC@34, DISCONNECTED, null, tel:****, A, childs(0), has_parent(false), [Capabilities:], [Properties:]]: (CS.crCo->H.CS.crCo->H.CS.crCo.pICR)->CSW.hCCC@E-AEM
02-13 12:15:20.769806   800 11952 I Telecom : ProximitySensorManager: All calls removed, resetting proximity sensor to default state: (CS.crCo->H.CS.crCo->H.CS.crCo.pICR)->CSW.hCCC@E-AEM
02-13 12:15:20.770010   800 11952 I Telecom : TelecomWakeLock: WakeLock already released with id: 32: (CS.crCo->H.CS.crCo->H.CS.crCo.pICR)->CSW.hCCC@E-AEM
02-13 12:15:20.770370   800 11952 I Telecom : IncomingCallNotifier: updateIncomingCall: foundIncomingcall = null: (CS.crCo->H.CS.crCo->H.CS.crCo.pICR)->CSW.hCCC@E-AEM
02-13 12:15:20.770788   800 11952 I Telecom : TelecomWakeLock: WakeLock already released with id: 26: (CS.crCo->H.CS.crCo->H.CS.crCo.pICR)->CSW.hCCC@E-AEM
02-13 12:15:20.770988   800 11952 I Telecom : InCallWakeLockController: Releasing full wake lock: (CS.crCo->H.CS.crCo->H.CS.crCo.pICR)->CSW.hCCC@E-AEM
02-13 12:15:20.787457   800  1208 I Telecom : CallAudioRouteStateMachine: setSystemAudioState: changing from [AudioState isMuted: false, route: EARPIECE, supportedRouteMask: EARPIECE, SPEAKER] to [AudioState isMuted: false, route: EARPIECE, supportedRouteMask: EARPIECE, SPEAKER]: (CS.crCo->H.CS.crCo->H.CS.crCo.pICR)->CSW.hCCC->CARSM.pM_UPDATE_SYSTEM_AUDIO_ROUTE@E-AEM
02-13 12:15:20.817376   800  1214 I Telecom : CallAudioModeStateMachine: Message received: NO_MORE_ACTIVE_OR_DIALING_CALLS.: (CS.crCo->H.CS.crCo->H.CS.crCo.pICR)->CSW.hCCC->CAMSM.pM_1001@E-AEM
02-13 12:15:20.825049   800  1214 I Telecom : CallAudioModeStateMachine: Abandoning audio focus: now UNFOCUSED: (CS.crCo->H.CS.crCo->H.CS.crCo.pICR)->CSW.hCCC->CAMSM.pM_1001@E-AEM
02-13 12:15:21.305640   800  1208 I Telecom : CallAudioRouteStateMachine: Message received: SWITCH_FOCUS=4001, arg1=1: (CS.crCo->H.CS.crCo->H.CS.crCo.pICR)->CSW.hCCC->CAMSM.pM_1001->CARSM.pM_SWITCH_FOCUS@E-AEM
02-13 12:15:21.306076   800  1208 I Telecom : Logging.Events: Non-call EVENT: UNMUTE, null: (CS.crCo->H.CS.crCo->H.CS.crCo.pICR)->CSW.hCCC->CAMSM.pM_1001->CARSM.pM_SWITCH_FOCUS@E-AEM
02-13 12:15:21.309578   800  1208 I Telecom : Logging.Events: Non-call EVENT: AUDIO_ROUTE, Leaving state ActiveEarpieceRoute: (CS.crCo->H.CS.crCo->H.CS.crCo.pICR)->CSW.hCCC->CAMSM.pM_1001->CARSM.pM_SWITCH_FOCUS@E-AEM
02-13 12:15:21.309844   800  1208 I Telecom : Logging.Events: Non-call EVENT: AUDIO_ROUTE, Entering state QuiescentEarpieceRoute: (CS.crCo->H.CS.crCo->H.CS.crCo.pICR)->CSW.hCCC->CAMSM.pM_1001->CARSM.pM_SWITCH_FOCUS@E-AEM
02-13 12:15:21.311808   800   974 V SettingsProvider: name : volume_ring_earpiece appId : 1000
02-13 12:15:21.751302   800   974 V SettingsProvider: name : volume_ring_speaker appId : 1000
02-13 12:15:22.772585   800   800 I Telecom : CarSwappingInCallServiceConnection: already disconnected: (CS.crCo->H.CS.crCo->H.CS.crCo.pICR)->CSW.hCCC->ICC.oCR@E-AEM
02-13 12:15:28.427705   800   951 D WifiController: battery changed pluggedType: 2
02-13 12:15:28.485701   800  8213 V WindowManager: Changing focus from Window{a1084a5 u0 com.android.contacts/com.android.contacts.quickcontact.QuickContactActivity} to Window{2ef72d7 u0 PopupWindow:c166a1d} Callers=com.android.server.wm.WindowManagerService.addWindow:1590 com.android.server.wm.Session.addToDisplay:202 android.view.IWindowSession$Stub.onTransact:124 com.android.server.wm.Session.onTransact:163 
02-13 12:15:28.488252   800  8213 D WindowManager: Input focus has changed to Window{2ef72d7 u0 PopupWindow:c166a1d}
02-13 12:15:28.489434   800   877 I WindowManager: Focus moving from Window{a1084a5 u0 com.android.contacts/com.android.contacts.quickcontact.QuickContactActivity} to Window{2ef72d7 u0 PopupWindow:c166a1d}
02-13 12:15:28.572472   800   877 I WindowManager: Losing delayed focus: Window{a1084a5 u0 com.android.contacts/com.android.contacts.quickcontact.QuickContactActivity}
02-13 12:15:29.469898   800 11493 V WindowManager: Changing focus from Window{2ef72d7 u0 PopupWindow:c166a1d} to Window{a1084a5 u0 com.android.contacts/com.android.contacts.quickcontact.QuickContactActivity} Callers=com.android.server.wm.WindowManagerService.relayoutWindow:2192 com.android.server.wm.Session.relayout:239 android.view.IWindowSession$Stub.onTransact:286 com.android.server.wm.Session.onTransact:163 
02-13 12:15:29.470281   800 11493 D WindowManager: Input focus has changed to Window{a1084a5 u0 com.android.contacts/com.android.contacts.quickcontact.QuickContactActivity}
02-13 12:15:29.477661   800   877 I WindowManager: Focus moving from Window{2ef72d7 u0 PopupWindow:c166a1d} to Window{a1084a5 u0 com.android.contacts/com.android.contacts.quickcontact.QuickContactActivity}
02-13 12:15:30.521907   800  8250 I ActivityManager: START u0 {act=android.intent.action.CALL dat=tel:xxxx flg=0x10000000 cmp=com.android.server.telecom/.components.UserCallActivity (has extras)} from uid 10013
02-13 12:15:30.555664   800   880 D DuraSpeed/DSPolicyBase: setCurrentLauncher, currentLauncher = com.android.launcher3
02-13 12:15:30.555845   800   880 D DuraSpeed/DuraSpeedInternalManager: switchState, currentPackage = com.android.server.telecom, event = 1004
02-13 12:15:30.556212   800   880 D DuraSpeed/DuraSpeedInternalManager: switchState, is activity pause, do noting.
02-13 12:15:30.561753   800  8250 V WindowManager: Set focused app to: AppWindowToken{54e6573 token=Token{5a13de2 ActivityRecord{d3586ad u0 com.android.server.telecom/.components.UserCallActivity t942}}} old focus=AppWindowToken{1b38b6e token=Token{fc9a2e9 ActivityRecord{7f1cf70 u0 com.android.contacts/.quickcontact.QuickContactActivity t891}}} moveFocusNow=true
02-13 12:15:30.562193   800  8250 V WindowManager: findFocusedWindow: Reached focused app=AppWindowToken{54e6573 token=Token{5a13de2 ActivityRecord{d3586ad u0 com.android.server.telecom/.components.UserCallActivity t942}}}
02-13 12:15:30.562699   800  8250 V WindowManager: Changing focus from Window{a1084a5 u0 com.android.contacts/com.android.contacts.quickcontact.QuickContactActivity} to null Callers=com.android.server.wm.WindowManagerService.setFocusedApp:2760 com.android.server.am.ActivityManagerService.setResumedActivityUncheckLocked:3231 com.android.server.am.ActivityStack.setResumedActivityLocked:2284 com.android.server.am.ActivityStack.minimalResumeActivityLocked:1093 
02-13 12:15:30.562912   800  8250 D WindowManager: Input focus has changed to null
02-13 12:15:30.565398   800   877 I WindowManager: Focus moving from Window{a1084a5 u0 com.android.contacts/com.android.contacts.quickcontact.QuickContactActivity} to null
02-13 12:15:30.613224 10626 10626 I TelecomFramework: UserCallActivity: onCreate done
02-13 12:15:30.613967   800   800 I Telecom : CallIntentProcessor: onReceive - isUnknownCall: false: PCR.oR@Gkw
02-13 12:15:30.630158   800  8250 V WindowManager: Set focused app to: AppWindowToken{1b38b6e token=Token{fc9a2e9 ActivityRecord{7f1cf70 u0 com.android.contacts/.quickcontact.QuickContactActivity t891}}} old focus=AppWindowToken{54e6573 token=Token{5a13de2 ActivityRecord{d3586ad u0 com.android.server.telecom/.components.UserCallActivity t942}}} moveFocusNow=true
02-13 12:15:30.630942   800  8250 V WindowManager: Changing focus from null to Window{a1084a5 u0 com.android.contacts/com.android.contacts.quickcontact.QuickContactActivity} Callers=com.android.server.wm.WindowManagerService.setFocusedApp:2760 com.android.server.am.ActivityManagerService.setResumedActivityUncheckLocked:3231 com.android.server.am.ActivityStack.setResumedActivityLocked:2284 com.android.server.am.ActivityStack.resumeTopActivityInnerLocked:2599 
02-13 12:15:30.631218   800  8250 D WindowManager: Input focus has changed to Window{a1084a5 u0 com.android.contacts/com.android.contacts.quickcontact.QuickContactActivity}
02-13 12:15:30.632258   800   880 D DuraSpeed/DSPolicyBase: setCurrentLauncher, currentLauncher = com.android.launcher3
02-13 12:15:30.638301   800   800 I Telecom : LogUtils: EventRecord added as Call: [TC@35, NEW, null, tel:****, A, childs(0), has_parent(false), [Capabilities:], [Properties:]]: PCR.oR@Gkw
02-13 12:15:30.638625   800   800 I Telecom : Event: RecordEntry TC@35: CREATED, null: PCR.oR@Gkw
02-13 12:15:30.645730   800   877 I WindowManager: Focus moving from null to Window{a1084a5 u0 com.android.contacts/com.android.contacts.quickcontact.QuickContactActivity}
02-13 12:15:30.632409   800   880 D DuraSpeed/DuraSpeedInternalManager: switchState, currentPackage = com.android.contacts, event = 1004
02-13 12:15:30.647013   800   880 D DuraSpeed/DuraSpeedInternalManager: switchState, is activity pause, do noting.
02-13 12:15:30.657417   800   800 I Telecom : Event: RecordEntry TC@35: SET_CONNECTING, ComponentInfo{com.android.phone/com.android.services.telephony.TelephonyConnectionService}, [****], UserHandle{0}: PCR.oR@Gkw
02-13 12:15:30.659175   800  1208 I Telecom : CallAudioRouteStateMachine: Message received: UPDATE_SYSTEM_AUDIO_ROUTE=1201, arg1=0: PCR.oR->CARSM.pM_UPDATE_SYSTEM_AUDIO_ROUTE@Gkw
02-13 12:15:30.659246   800   800 W Telecom : CallsManager: [getCallForVoiceRecord] no call is recording: PCR.oR@Gkw
02-13 12:15:30.660227   800   800 I Telecom : InCallController: onCallAdded: [TC@35, CONNECTING, null, tel:****, A, childs(0), has_parent(false), [Capabilities:], [Properties:]]; not bound or connected.: PCR.oR@Gkw
02-13 12:15:30.660369   800  1214 I Telecom : CallAudioModeStateMachine: Message received: NEW_ACTIVE_OR_DIALING_CALL.: PCR.oR->CAMSM.pM_2001@Gkw
02-13 12:15:30.660547   800  1214 I Telecom : CallAudioModeStateMachine: Audio focus entering SIM CALL state: PCR.oR->CAMSM.pM_2001@Gkw
02-13 12:15:30.662054   800   800 I Telecom : InCallController: defaultDialer: null: PCR.oR@Gkw
02-13 12:15:30.662309   800   800 I Telecom : InCallController: defaultDialer: null: PCR.oR@Gkw
02-13 12:15:30.663479   800   800 E Telecom : InCallController: Package Manager could not find ComponentName: ComponentInfo{com.android.dialer/com.android.incallui.InCallServiceImpl}. Trying to bind anyway.: PCR.oR@Gkw
02-13 12:15:30.663479   800   800 E Telecom : java.lang.Exception
02-13 12:15:30.663479   800   800 E Telecom : 	at com.android.server.telecom.InCallController.getInCallServiceComponent(InCallController.java:1139)
02-13 12:15:30.663479   800   800 E Telecom : 	at com.android.server.telecom.InCallController.bindToServices(InCallController.java:1068)
02-13 12:15:30.663479   800   800 E Telecom : 	at com.android.server.telecom.InCallController.onCallAdded(InCallController.java:764)
02-13 12:15:30.663479   800   800 E Telecom : 	at com.android.server.telecom.CallsManager.addCall(CallsManager.java:2489)
02-13 12:15:30.663479   800   800 E Telecom : 	at com.android.server.telecom.CallsManager.startOutgoingCall(CallsManager.java:1407)
02-13 12:15:30.663479   800   800 E Telecom : 	at com.android.server.telecom.CallIntentProcessor.processOutgoingCallIntent(CallIntentProcessor.java:154)
02-13 12:15:30.663479   800   800 E Telecom : 	at com.android.server.telecom.CallIntentProcessor.processIntent(CallIntentProcessor.java:86)
02-13 12:15:30.663479   800   800 E Telecom : 	at com.android.server.telecom.components.PrimaryCallReceiver.onReceive(PrimaryCallReceiver.java:25)
02-13 12:15:30.663479   800   800 E Telecom : 	at android.app.ActivityThread.handleReceiver(ActivityThread.java:3228)
02-13 12:15:30.663479   800   800 E Telecom : 	at android.app.ActivityThread.-wrap17(Unknown Source:0)
02-13 12:15:30.663479   800   800 E Telecom : 	at android.app.ActivityThread$H.handleMessage(ActivityThread.java:1706)
02-13 12:15:30.663479   800   800 E Telecom : 	at android.os.Handler.dispatchMessage(Handler.java:106)
02-13 12:15:30.663479   800   800 E Telecom : 	at android.os.Looper.loop(Looper.java:164)
02-13 12:15:30.663479   800   800 E Telecom : 	at com.android.server.SystemServer.run(SystemServer.java:441)
02-13 12:15:30.663479   800   800 E Telecom : 	at com.android.server.SystemServer.main(SystemServer.java:282)
02-13 12:15:30.663479   800   800 E Telecom : 	at java.lang.reflect.Method.invoke(Native Method)
02-13 12:15:30.663479   800   800 E Telecom : 	at com.android.internal.os.RuntimeInit$MethodAndArgsCaller.run(RuntimeInit.java:438)
02-13 12:15:30.663479   800   800 E Telecom : 	at com.android.internal.os.ZygoteInit.main(ZygoteInit.java:837)
02-13 12:15:30.663973   800   800 I Telecom : CarSwappingInCallServiceConnection: carmodechange: false => false: PCR.oR@Gkw
02-13 12:15:30.664217   800   800 I Telecom : EmergencyCallHelper: ShouldGrantTemporaryLocationPermission, disabled by config: PCR.oR@Gkw
02-13 12:15:30.664585   800   800 I Telecom : EmergencyInCallServiceConnection: Attempting to bind to InCall [ComponentInfo{com.android.dialer/com.android.incallui.InCallServiceImpl} supportsExternal? false supportsSelfMg?false], with Intent { act=android.telecom.InCallService cmp=com.android.dialer/com.android.incallui.InCallServiceImpl (has extras) }: PCR.oR@Gkw
02-13 12:15:30.665396   800   800 W ActivityManager: Unable to start service Intent { act=android.telecom.InCallService cmp=com.android.dialer/com.android.incallui.InCallServiceImpl (has extras) } U=0: not found
02-13 12:15:30.665806   800   800 W Telecom : EmergencyInCallServiceConnection: Failed to connect.: PCR.oR@Gkw
02-13 12:15:30.666030   800   800 I Telecom : InCallController: bindToServices: current UI doesn't support call; not binding.: PCR.oR@Gkw
02-13 12:15:30.666562   800   800 I Telecom : IncomingCallNotifier: updateIncomingCall: foundIncomingcall = null: PCR.oR@Gkw
02-13 12:15:30.666894   800   800 I Telecom : TelecomWakeLock: WakeLock already released with id: 26: PCR.oR@Gkw
02-13 12:15:30.667064   800   800 I Telecom : InCallWakeLockController: Releasing full wake lock: PCR.oR@Gkw
02-13 12:15:30.690886   800   800 I Telecom : NewOutgoingCallIntentBroadcaster: Sending NewOutgoingCallBroadcast for [TC@35, CONNECTING, null, tel:****, A, childs(0), has_parent(false), [Capabilities:], [Properties:]] to UserHandle{0}: PCR.oR@Gkw
02-13 12:15:30.693683   800  1208 I Telecom : CallAudioRouteStateMachine: setSystemAudioState: changing from [AudioState isMuted: false, route: EARPIECE, supportedRouteMask: EARPIECE, SPEAKER] to [AudioState isMuted: false, route: EARPIECE, supportedRouteMask: EARPIECE, SPEAKER]: PCR.oR->CARSM.pM_UPDATE_SYSTEM_AUDIO_ROUTE@Gkw
02-13 12:15:30.694565   800  1208 I Telecom : CallAudioRouteStateMachine: Message received: SWITCH_FOCUS=4001, arg1=2: PCR.oR->CAMSM.pM_2001->CARSM.pM_SWITCH_FOCUS@Gkw
02-13 12:15:30.694565   800   800 I Telecom : TelecomSystem: CallerInfoAsyncQuery.startQuery number=[****] cookie=PCR.oR->CILH.sL->CILH.sL@Gkw subId=-1: PCR.oR->CILH.sL@Gkw
02-13 12:15:30.694896   800  1208 I Telecom : Event: RecordEntry TC@35: AUDIO_ROUTE, Leaving state QuiescentEarpieceRoute: PCR.oR->CAMSM.pM_2001->CARSM.pM_SWITCH_FOCUS@Gkw
02-13 12:15:30.695503   800  1208 I Telecom : Event: RecordEntry TC@35: AUDIO_ROUTE, Entering state ActiveEarpieceRoute: PCR.oR->CAMSM.pM_2001->CARSM.pM_SWITCH_FOCUS@Gkw
02-13 12:15:30.695754   800  1208 I Telecom : Event: RecordEntry TC@35: AUDIO_ROUTE_EARPIECE, null: PCR.oR->CAMSM.pM_2001->CARSM.pM_SWITCH_FOCUS@Gkw
02-13 12:15:30.713496   800  1208 I Telecom : CallAudioRouteStateMachine: setSystemAudioState: changing from [AudioState isMuted: false, route: EARPIECE, supportedRouteMask: EARPIECE, SPEAKER] to [AudioState isMuted: false, route: EARPIECE, supportedRouteMask: EARPIECE, SPEAKER]: PCR.oR->CAMSM.pM_2001->CARSM.pM_SWITCH_FOCUS@Gkw
02-13 12:15:30.751523   800  8250 D IdleScreen: activityIdleScreen: android.app.ContextImpl@b998e3a mNotifyNeeded: false idleIntent: Intent { act=android.intent.action.CALL dat=tel:xxxx flg=0x10800000 cmp=com.android.server.telecom/.components.UserCallActivity (has extras) }
02-13 12:15:30.763704   800   800 I Telecom : NewOutgoingCallBroadcastIntentReceiver: Received new-outgoing-call-broadcast for [TC@35, CONNECTING, null, tel:****, A, childs(0), has_parent(false), [Capabilities:], [Properties:]] with data [****]: NOCBIR.oR@Gk0
02-13 12:15:30.787681   800   800 I Telecom : CallsManager: Creating a new outgoing call with handle: tel:****: NOCBIR.oR@Gk0
02-13 12:15:30.788123   800   800 I Telecom : CallsManager: isSpeakerphoneEnabledForTablet: NOCBIR.oR@Gk0
02-13 12:15:30.802734   800   800 I Telecom : PhoneAccountRegistrar: SimCallManager queried, returning: null: NOCBIR.oR@Gk0
02-13 12:15:30.803353   800   800 I Telecom : CreateConnectionProcessor: Trying attempt CallAttemptRecord(ComponentInfo{com.android.phone/com.android.services.telephony.TelephonyConnectionService}, [****], UserHandle{0},ComponentInfo{com.android.phone/com.android.services.telephony.TelephonyConnectionService}, [****], UserHandle{0}): NOCBIR.oR@Gk0
02-13 12:15:30.804000   800   800 I Telecom : Event: RecordEntry TC@35: BIND_CS, ComponentInfo{com.android.phone/com.android.services.telephony.TelephonyConnectionService}: NOCBIR.oR@Gk0
02-13 12:15:30.808480   800   800 I Telecom : CallerInfoLookupHelper: CI query for handle tel:**** has completed; notifying all listeners.: PCR.oR->CILH.sL->CILH.oQC@Gkw
02-13 12:15:30.809476   800   800 I Telecom : Call: CallerInfo received for tel:****: com.mediatek.internal.telephony.MtkCallerInfo@81b4160 { name non-null, phoneNumber non-null }: PCR.oR->CILH.sL->CILH.oQC@Gkw
02-13 12:15:30.812212   800   800 I Telecom : ServiceBinderConnection: Service bound ComponentInfo{com.android.phone/com.android.services.telephony.TelephonyConnectionService}: SBC.oSC@Gk4
02-13 12:15:30.812508   800   800 I Telecom : Event: RecordEntry TC@35: CS_BOUND, ComponentInfo{com.android.phone/com.android.services.telephony.TelephonyConnectionService}: SBC.oSC@Gk4
02-13 12:15:30.817423   800  8250 W Telecom : MtkAdapter: setIConnectionServiceBinder mServiceInterfaceRemoved = false
02-13 12:15:30.818263   800  8250 I Telecom : Event: RecordEntry TC@35: START_CONNECTION, tel:****
02-13 12:15:30.828276   800  8213 I Telecom : PhoneAccountRegistrar: SimCallManager queried, returning: null: (CS.aCSA->H.CS.aCSA)->CSW.qRCS@E-AEQ
02-13 12:15:30.829943  1127  1127 I Telephony: TelephonyConnectionService: onCreateOutgoingConnection, request: ConnectionRequest xxxxxxxx Bundle[mParcelledData.dataSize=484]: CS.crCo->H.CS.crCo->H.CS.crCo.pICR@AEU
02-13 12:15:30.830571  1127  1127 I Telephony: MtkTelephonyConnectionServiceUtil: ECC retry: isEccRetryOn, retryOn=false: CS.crCo->H.CS.crCo->H.CS.crCo.pICR@AEU
02-13 12:15:30.830972  1127  1127 I Telephony: MtkTelephonyConnectionServiceUtil: ECC retry: isEccRetryOn, retryOn=false: CS.crCo->H.CS.crCo->H.CS.crCo.pICR@AEU
02-13 12:15:30.838531   800 15943 I Telecom : Call: CallerInfo received for tel:****: com.mediatek.internal.telephony.MtkCallerInfo@81b4160 { name non-null, phoneNumber non-null }: PCR.oR->CILH.sL->CILH.oQC->CILH.sPL->CLIH.oILC@Gkw
02-13 12:15:30.856040  1127  1127 I Telephony: MtkTelephonyConnectionServiceUtil: ECC retry: isEccRetryOn, retryOn=false: CS.crCo->H.CS.crCo->H.CS.crCo.pICR@AEU
02-13 12:15:30.899399   800  8213 I Telecom : PhoneAccountRegistrar: SimCallManager queried, returning: null: (CS.crCo->H.CS.crCo->H.CS.crCo.pICR)->CSW.hCCC@E-AEU
02-13 12:15:30.899970   800  8213 I Telecom : ConnectionServiceWrapper: Service unbound ComponentInfo{com.android.phone/com.android.services.telephony.TelephonyConnectionService}, from unbind.: (CS.crCo->H.CS.crCo->H.CS.crCo.pICR)->CSW.hCCC@E-AEU
02-13 12:15:30.902150   800  8213 I Telecom : CallsManager: handleConnectionServiceDeath: service com.android.server.telecom.ConnectionServiceWrapper@8517452 died: (CS.crCo->H.CS.crCo->H.CS.crCo.pICR)->CSW.hCCC@E-AEU
02-13 12:15:30.909959   800  8213 I Telecom : CallsManager: setCallState CONNECTING -> DISCONNECTED, call: [TC@35, CONNECTING, null, tel:****, A, childs(0), has_parent(false), [Capabilities:], [Properties:]]: (CS.crCo->H.CS.crCo->H.CS.crCo.pICR)->CSW.hCCC@E-AEU
02-13 12:15:30.910986   800  8213 I Telecom : Event: RecordEntry TC@35: SET_DISCONNECTED, disconnected set explicitly> DisconnectCause [ Code: (ERROR) Label: () Description: () Reason: (Phone is null, OUT_OF_SERVICE) Tone: (95) ]: (CS.crCo->H.CS.crCo->H.CS.crCo.pICR)->CSW.hCCC@E-AEU
02-13 12:15:30.912157   800  8213 W Telecom : CallsManager: [getCallForVoiceRecord] no call is recording: (CS.crCo->H.CS.crCo->H.CS.crCo.pICR)->CSW.hCCC@E-AEU
02-13 12:15:30.912341   800  1208 I Telecom : CallAudioRouteStateMachine: Message received: UPDATE_SYSTEM_AUDIO_ROUTE=1201, arg1=0: (CS.crCo->H.CS.crCo->H.CS.crCo.pICR)->CSW.hCCC->CARSM.pM_UPDATE_SYSTEM_AUDIO_ROUTE@E-AEU
02-13 12:15:30.920071   800  8213 W ContextImpl: Calling a method in the system process without a qualified user: android.app.ContextImpl.sendBroadcast:982 android.content.ContextWrapper.sendBroadcast:442 com.android.server.telecom.CallLogManager.sendAddCallBroadcast:645 com.android.server.telecom.CallLogManager.logCall:462 com.android.server.telecom.CallLogManager.logCall:401 
02-13 12:15:30.921836   800  8213 I Telecom : IncomingCallNotifier: updateIncomingCall: foundIncomingcall = null: (CS.crCo->H.CS.crCo->H.CS.crCo.pICR)->CSW.hCCC@E-AEU
02-13 12:15:30.922127   800 14163 I Telecom : CallLogManager: addCallLog, userToBeInserted=null
02-13 12:15:30.922238   800  8213 I Telecom : TelecomWakeLock: WakeLock already released with id: 26: (CS.crCo->H.CS.crCo->H.CS.crCo.pICR)->CSW.hCCC@E-AEU
02-13 12:15:30.922485   800  8213 I Telecom : InCallWakeLockController: Releasing full wake lock: (CS.crCo->H.CS.crCo->H.CS.crCo.pICR)->CSW.hCCC@E-AEU
02-13 12:15:30.923026   800  8213 I Telecom : Event: RecordEntry TC@35: DESTROYED, null: (CS.crCo->H.CS.crCo->H.CS.crCo.pICR)->CSW.hCCC@E-AEU
02-13 12:15:30.923928   800  8213 I Telecom : InCallController: onCallRemoved: [TC@35, DISCONNECTED, null, tel:****, A, childs(0), has_parent(false), [Capabilities:], [Properties:]]: (CS.crCo->H.CS.crCo->H.CS.crCo.pICR)->CSW.hCCC@E-AEU
02-13 12:15:30.925628   800  8213 I Telecom : ProximitySensorManager: All calls removed, resetting proximity sensor to default state: (CS.crCo->H.CS.crCo->H.CS.crCo.pICR)->CSW.hCCC@E-AEU
02-13 12:15:30.925893   800  8213 I Telecom : TelecomWakeLock: WakeLock already released with id: 32: (CS.crCo->H.CS.crCo->H.CS.crCo.pICR)->CSW.hCCC@E-AEU
02-13 12:15:30.926272   800  8213 I Telecom : IncomingCallNotifier: updateIncomingCall: foundIncomingcall = null: (CS.crCo->H.CS.crCo->H.CS.crCo.pICR)->CSW.hCCC@E-AEU
02-13 12:15:30.926636   800  8213 I Telecom : TelecomWakeLock: WakeLock already released with id: 26: (CS.crCo->H.CS.crCo->H.CS.crCo.pICR)->CSW.hCCC@E-AEU
02-13 12:15:30.926807   800  8213 I Telecom : InCallWakeLockController: Releasing full wake lock: (CS.crCo->H.CS.crCo->H.CS.crCo.pICR)->CSW.hCCC@E-AEU
02-13 12:15:30.936864   800  1208 I Telecom : CallAudioRouteStateMachine: setSystemAudioState: changing from [AudioState isMuted: false, route: EARPIECE, supportedRouteMask: EARPIECE, SPEAKER] to [AudioState isMuted: false, route: EARPIECE, supportedRouteMask: EARPIECE, SPEAKER]: (CS.crCo->H.CS.crCo->H.CS.crCo.pICR)->CSW.hCCC->CARSM.pM_UPDATE_SYSTEM_AUDIO_ROUTE@E-AEU
02-13 12:15:31.012261   800  1214 I Telecom : CallAudioModeStateMachine: Message received: NO_MORE_ACTIVE_OR_DIALING_CALLS.: (CS.crCo->H.CS.crCo->H.CS.crCo.pICR)->CSW.hCCC->CAMSM.pM_1001@E-AEU
02-13 12:15:31.012538   800  1214 I Telecom : CallAudioModeStateMachine: Abandoning audio focus: now UNFOCUSED: (CS.crCo->H.CS.crCo->H.CS.crCo.pICR)->CSW.hCCC->CAMSM.pM_1001@E-AEU
02-13 12:15:31.472594   800  1208 I Telecom : CallAudioRouteStateMachine: Message received: SWITCH_FOCUS=4001, arg1=1: (CS.crCo->H.CS.crCo->H.CS.crCo.pICR)->CSW.hCCC->CAMSM.pM_1001->CARSM.pM_SWITCH_FOCUS@E-AEU
02-13 12:15:31.473124   800  1208 I Telecom : Logging.Events: Non-call EVENT: UNMUTE, null: (CS.crCo->H.CS.crCo->H.CS.crCo.pICR)->CSW.hCCC->CAMSM.pM_1001->CARSM.pM_SWITCH_FOCUS@E-AEU
02-13 12:15:31.476138   800  1208 I Telecom : Logging.Events: Non-call EVENT: AUDIO_ROUTE, Leaving state ActiveEarpieceRoute: (CS.crCo->H.CS.crCo->H.CS.crCo.pICR)->CSW.hCCC->CAMSM.pM_1001->CARSM.pM_SWITCH_FOCUS@E-AEU
02-13 12:15:31.476589   800  1208 I Telecom : Logging.Events: Non-call EVENT: AUDIO_ROUTE, Entering state QuiescentEarpieceRoute: (CS.crCo->H.CS.crCo->H.CS.crCo.pICR)->CSW.hCCC->CAMSM.pM_1001->CARSM.pM_SWITCH_FOCUS@E-AEU
02-13 12:15:31.505879   800   974 V SettingsProvider: name : volume_ring_earpiece appId : 1000
02-13 12:15:31.522756   800   940 D WindowManager: Unhandled key: win=Window{a1084a5 u0 com.android.contacts/com.android.contacts.quickcontact.QuickContactActivity}, action=0, flags=8, keyCode=22, scanCode=0, metaState=0, repeatCount=0, policyFlags=1795162112
02-13 12:15:31.522859   800   940 D WindowManager: No fallback.
02-13 12:15:31.525395   800   940 D WindowManager: Unhandled key: win=Window{a1084a5 u0 com.android.contacts/com.android.contacts.quickcontact.QuickContactActivity}, action=1, flags=8, keyCode=22, scanCode=0, metaState=0, repeatCount=0, policyFlags=1795162112
02-13 12:15:31.525494   800   940 D WindowManager: No fallback.
02-13 12:15:31.965408   800   974 V SettingsProvider: name : volume_ring_speaker appId : 1000
02-13 12:15:32.605196   800  8250 V WindowManager: Changing focus from Window{a1084a5 u0 com.android.contacts/com.android.contacts.quickcontact.QuickContactActivity} to Window{673dc78 u0 PopupWindow:b9323bc} Callers=com.android.server.wm.WindowManagerService.addWindow:1590 com.android.server.wm.Session.addToDisplay:202 android.view.IWindowSession$Stub.onTransact:124 com.android.server.wm.Session.onTransact:163 
02-13 12:15:32.608707   800  8250 D WindowManager: Input focus has changed to Window{673dc78 u0 PopupWindow:b9323bc}
02-13 12:15:32.611093   800   877 I WindowManager: Focus moving from Window{a1084a5 u0 com.android.contacts/com.android.contacts.quickcontact.QuickContactActivity} to Window{673dc78 u0 PopupWindow:b9323bc}
02-13 12:15:32.703156   800   877 I WindowManager: Losing delayed focus: Window{a1084a5 u0 com.android.contacts/com.android.contacts.quickcontact.QuickContactActivity}
02-13 12:15:32.925451   800   800 I Telecom : CarSwappingInCallServiceConnection: already disconnected: (CS.crCo->H.CS.crCo->H.CS.crCo.pICR)->CSW.hCCC->ICC.oCR@E-AEU
02-13 12:15:33.580052   800 11493 V WindowManager: Changing focus from Window{673dc78 u0 PopupWindow:b9323bc} to Window{a1084a5 u0 com.android.contacts/com.android.contacts.quickcontact.QuickContactActivity} Callers=com.android.server.wm.WindowManagerService.relayoutWindow:2192 com.android.server.wm.Session.relayout:239 android.view.IWindowSession$Stub.onTransact:286 com.android.server.wm.Session.onTransact:163 
02-13 12:15:33.580346   800 11493 D WindowManager: Input focus has changed to Window{a1084a5 u0 com.android.contacts/com.android.contacts.quickcontact.QuickContactActivity}
02-13 12:15:33.586119   800   877 I WindowManager: Focus moving from Window{673dc78 u0 PopupWindow:b9323bc} to Window{a1084a5 u0 com.android.contacts/com.android.contacts.quickcontact.QuickContactActivity}
02-13 12:15:35.600381   800 13279 I ActivityManager: START u0 {act=android.intent.action.CALL dat=tel:xxxx flg=0x10000000 cmp=com.android.server.telecom/.components.UserCallActivity (has extras)} from uid 10013
02-13 12:15:35.642591   800   880 D DuraSpeed/DSPolicyBase: setCurrentLauncher, currentLauncher = com.android.launcher3
02-13 12:15:35.642763   800   880 D DuraSpeed/DuraSpeedInternalManager: switchState, currentPackage = com.android.server.telecom, event = 1004
02-13 12:15:35.642812   800   880 D DuraSpeed/DuraSpeedInternalManager: switchState, is activity pause, do noting.
02-13 12:15:35.649059   800 11493 V WindowManager: Set focused app to: AppWindowToken{9464824 token=Token{36f28b7 ActivityRecord{ff1b3b6 u0 com.android.server.telecom/.components.UserCallActivity t943}}} old focus=AppWindowToken{1b38b6e token=Token{fc9a2e9 ActivityRecord{7f1cf70 u0 com.android.contacts/.quickcontact.QuickContactActivity t891}}} moveFocusNow=true
02-13 12:15:35.649477   800 11493 V WindowManager: findFocusedWindow: Reached focused app=AppWindowToken{9464824 token=Token{36f28b7 ActivityRecord{ff1b3b6 u0 com.android.server.telecom/.components.UserCallActivity t943}}}
02-13 12:15:35.649933   800 11493 V WindowManager: Changing focus from Window{a1084a5 u0 com.android.contacts/com.android.contacts.quickcontact.QuickContactActivity} to null Callers=com.android.server.wm.WindowManagerService.setFocusedApp:2760 com.android.server.am.ActivityManagerService.setResumedActivityUncheckLocked:3231 com.android.server.am.ActivityStack.setResumedActivityLocked:2284 com.android.server.am.ActivityStack.minimalResumeActivityLocked:1093 
02-13 12:15:35.650636   800 11493 D WindowManager: Input focus has changed to null
02-13 12:15:35.653230   800   877 I WindowManager: Focus moving from Window{a1084a5 u0 com.android.contacts/com.android.contacts.quickcontact.QuickContactActivity} to null
02-13 12:15:35.717794   800   800 I Telecom : CallIntentProcessor: onReceive - isUnknownCall: false: PCR.oR@GlM
02-13 12:15:35.718813 10626 10626 I TelecomFramework: UserCallActivity: onCreate done
02-13 12:15:35.736937   800  8484 V WindowManager: Set focused app to: AppWindowToken{1b38b6e token=Token{fc9a2e9 ActivityRecord{7f1cf70 u0 com.android.contacts/.quickcontact.QuickContactActivity t891}}} old focus=AppWindowToken{9464824 token=Token{36f28b7 ActivityRecord{ff1b3b6 u0 com.android.server.telecom/.components.UserCallActivity t943}}} moveFocusNow=true
02-13 12:15:35.737801   800  8484 V WindowManager: Changing focus from null to Window{a1084a5 u0 com.android.contacts/com.android.contacts.quickcontact.QuickContactActivity} Callers=com.android.server.wm.WindowManagerService.setFocusedApp:2760 com.android.server.am.ActivityManagerService.setResumedActivityUncheckLocked:3231 com.android.server.am.ActivityStack.setResumedActivityLocked:2284 com.android.server.am.ActivityStack.resumeTopActivityInnerLocked:2599 
02-13 12:15:35.738117   800  8484 D WindowManager: Input focus has changed to Window{a1084a5 u0 com.android.contacts/com.android.contacts.quickcontact.QuickContactActivity}
02-13 12:15:35.742751   800   880 D DuraSpeed/DSPolicyBase: setCurrentLauncher, currentLauncher = com.android.launcher3
02-13 12:15:35.742890   800   880 D DuraSpeed/DuraSpeedInternalManager: switchState, currentPackage = com.android.contacts, event = 1004
02-13 12:15:35.742936   800   880 D DuraSpeed/DuraSpeedInternalManager: switchState, is activity pause, do noting.
02-13 12:15:35.744460   800   800 I Telecom : LogUtils: EventRecord added as Call: [TC@36, NEW, null, tel:****, A, childs(0), has_parent(false), [Capabilities:], [Properties:]]: PCR.oR@GlM
02-13 12:15:35.744866   800   800 I Telecom : Event: RecordEntry TC@36: CREATED, null: PCR.oR@GlM
02-13 12:15:35.750552   800   877 I WindowManager: Focus moving from null to Window{a1084a5 u0 com.android.contacts/com.android.contacts.quickcontact.QuickContactActivity}
02-13 12:15:35.765126   800   800 I Telecom : Event: RecordEntry TC@36: SET_CONNECTING, ComponentInfo{com.android.phone/com.android.services.telephony.TelephonyConnectionService}, [****], UserHandle{0}: PCR.oR@GlM
02-13 12:15:35.766698   800   800 W Telecom : CallsManager: [getCallForVoiceRecord] no call is recording: PCR.oR@GlM
02-13 12:15:35.766758   800  1208 I Telecom : CallAudioRouteStateMachine: Message received: UPDATE_SYSTEM_AUDIO_ROUTE=1201, arg1=0: PCR.oR->CARSM.pM_UPDATE_SYSTEM_AUDIO_ROUTE@GlM
02-13 12:15:35.767687   800   800 I Telecom : InCallController: onCallAdded: [TC@36, CONNECTING, null, tel:****, A, childs(0), has_parent(false), [Capabilities:], [Properties:]]; not bound or connected.: PCR.oR@GlM
02-13 12:15:35.768424   800  1214 I Telecom : CallAudioModeStateMachine: Message received: NEW_ACTIVE_OR_DIALING_CALL.: PCR.oR->CAMSM.pM_2001@GlM
02-13 12:15:35.768763   800  1214 I Telecom : CallAudioModeStateMachine: Audio focus entering SIM CALL state: PCR.oR->CAMSM.pM_2001@GlM
02-13 12:15:35.772293   800   800 I Telecom : InCallController: defaultDialer: null: PCR.oR@GlM
02-13 12:15:35.772535   800   800 I Telecom : InCallController: defaultDialer: null: PCR.oR@GlM
02-13 12:15:35.774042   800   800 E Telecom : InCallController: Package Manager could not find ComponentName: ComponentInfo{com.android.dialer/com.android.incallui.InCallServiceImpl}. Trying to bind anyway.: PCR.oR@GlM
02-13 12:15:35.774042   800   800 E Telecom : java.lang.Exception
02-13 12:15:35.774042   800   800 E Telecom : 	at com.android.server.telecom.InCallController.getInCallServiceComponent(InCallController.java:1139)
02-13 12:15:35.774042   800   800 E Telecom : 	at com.android.server.telecom.InCallController.bindToServices(InCallController.java:1068)
02-13 12:15:35.774042   800   800 E Telecom : 	at com.android.server.telecom.InCallController.onCallAdded(InCallController.java:764)
02-13 12:15:35.774042   800   800 E Telecom : 	at com.android.server.telecom.CallsManager.addCall(CallsManager.java:2489)
02-13 12:15:35.774042   800   800 E Telecom : 	at com.android.server.telecom.CallsManager.startOutgoingCall(CallsManager.java:1407)
02-13 12:15:35.774042   800   800 E Telecom : 	at com.android.server.telecom.CallIntentProcessor.processOutgoingCallIntent(CallIntentProcessor.java:154)
02-13 12:15:35.774042   800   800 E Telecom : 	at com.android.server.telecom.CallIntentProcessor.processIntent(CallIntentProcessor.java:86)
02-13 12:15:35.774042   800   800 E Telecom : 	at com.android.server.telecom.components.PrimaryCallReceiver.onReceive(PrimaryCallReceiver.java:25)
02-13 12:15:35.774042   800   800 E Telecom : 	at android.app.ActivityThread.handleReceiver(ActivityThread.java:3228)
02-13 12:15:35.774042   800   800 E Telecom : 	at android.app.ActivityThread.-wrap17(Unknown Source:0)
02-13 12:15:35.774042   800   800 E Telecom : 	at android.app.ActivityThread$H.handleMessage(ActivityThread.java:1706)
02-13 12:15:35.774042   800   800 E Telecom : 	at android.os.Handler.dispatchMessage(Handler.java:106)
02-13 12:15:35.774042   800   800 E Telecom : 	at android.os.Looper.loop(Looper.java:164)
02-13 12:15:35.774042   800   800 E Telecom : 	at com.android.server.SystemServer.run(SystemServer.java:441)
02-13 12:15:35.774042   800   800 E Telecom : 	at com.android.server.SystemServer.main(SystemServer.java:282)
02-13 12:15:35.774042   800   800 E Telecom : 	at java.lang.reflect.Method.invoke(Native Method)
02-13 12:15:35.774042   800   800 E Telecom : 	at com.android.internal.os.RuntimeInit$MethodAndArgsCaller.run(RuntimeInit.java:438)
02-13 12:15:35.774042   800   800 E Telecom : 	at com.android.internal.os.ZygoteInit.main(ZygoteInit.java:837)
02-13 12:15:35.774766   800   800 I Telecom : CarSwappingInCallServiceConnection: carmodechange: false => false: PCR.oR@GlM
02-13 12:15:35.777489   800   800 I Telecom : EmergencyCallHelper: ShouldGrantTemporaryLocationPermission, disabled by config: PCR.oR@GlM
02-13 12:15:35.778888   800   800 I Telecom : EmergencyInCallServiceConnection: Attempting to bind to InCall [ComponentInfo{com.android.dialer/com.android.incallui.InCallServiceImpl} supportsExternal? false supportsSelfMg?false], with Intent { act=android.telecom.InCallService cmp=com.android.dialer/com.android.incallui.InCallServiceImpl (has extras) }: PCR.oR@GlM
02-13 12:15:35.779399   800   800 W ActivityManager: Unable to start service Intent { act=android.telecom.InCallService cmp=com.android.dialer/com.android.incallui.InCallServiceImpl (has extras) } U=0: not found
02-13 12:15:35.779810   800   800 W Telecom : EmergencyInCallServiceConnection: Failed to connect.: PCR.oR@GlM
02-13 12:15:35.780049   800   800 I Telecom : InCallController: bindToServices: current UI doesn't support call; not binding.: PCR.oR@GlM
02-13 12:15:35.780703   800   800 I Telecom : IncomingCallNotifier: updateIncomingCall: foundIncomingcall = null: PCR.oR@GlM
02-13 12:15:35.781008   800   800 I Telecom : TelecomWakeLock: WakeLock already released with id: 26: PCR.oR@GlM
02-13 12:15:35.782034   800   800 I Telecom : InCallWakeLockController: Releasing full wake lock: PCR.oR@GlM
02-13 12:15:35.807439   800   800 I Telecom : NewOutgoingCallIntentBroadcaster: Sending NewOutgoingCallBroadcast for [TC@36, CONNECTING, null, tel:****, A, childs(0), has_parent(false), [Capabilities:], [Properties:]] to UserHandle{0}: PCR.oR@GlM
02-13 12:15:35.810141   800  1208 I Telecom : CallAudioRouteStateMachine: setSystemAudioState: changing from [AudioState isMuted: false, route: EARPIECE, supportedRouteMask: EARPIECE, SPEAKER] to [AudioState isMuted: false, route: EARPIECE, supportedRouteMask: EARPIECE, SPEAKER]: PCR.oR->CARSM.pM_UPDATE_SYSTEM_AUDIO_ROUTE@GlM
02-13 12:15:35.810859   800  1208 I Telecom : CallAudioRouteStateMachine: Message received: SWITCH_FOCUS=4001, arg1=2: PCR.oR->CAMSM.pM_2001->CARSM.pM_SWITCH_FOCUS@GlM
02-13 12:15:35.811271   800  1208 I Telecom : Event: RecordEntry TC@36: AUDIO_ROUTE, Leaving state QuiescentEarpieceRoute: PCR.oR->CAMSM.pM_2001->CARSM.pM_SWITCH_FOCUS@GlM
02-13 12:15:35.811501   800   800 I Telecom : TelecomSystem: CallerInfoAsyncQuery.startQuery number=[****] cookie=PCR.oR->CILH.sL->CILH.sL@GlM subId=-1: PCR.oR->CILH.sL@GlM
02-13 12:15:35.814747   800  1208 I Telecom : Event: RecordEntry TC@36: AUDIO_ROUTE, Entering state ActiveEarpieceRoute: PCR.oR->CAMSM.pM_2001->CARSM.pM_SWITCH_FOCUS@GlM
02-13 12:15:35.815483   800  1208 I Telecom : Event: RecordEntry TC@36: AUDIO_ROUTE_EARPIECE, null: PCR.oR->CAMSM.pM_2001->CARSM.pM_SWITCH_FOCUS@GlM
02-13 12:15:35.836916   800  1208 I Telecom : CallAudioRouteStateMachine: setSystemAudioState: changing from [AudioState isMuted: false, route: EARPIECE, supportedRouteMask: EARPIECE, SPEAKER] to [AudioState isMuted: false, route: EARPIECE, supportedRouteMask: EARPIECE, SPEAKER]: PCR.oR->CAMSM.pM_2001->CARSM.pM_SWITCH_FOCUS@GlM
02-13 12:15:35.898591   800 13279 D IdleScreen: activityIdleScreen: android.app.ContextImpl@b998e3a mNotifyNeeded: false idleIntent: Intent { act=android.intent.action.CALL dat=tel:xxxx flg=0x10800000 cmp=com.android.server.telecom/.components.UserCallActivity (has extras) }
