02-13 12:14:56.693376   800  1140 V WindowManager: Remove Window{6206e26 u0 AtchDlg:com.android.quicksearchbox/com.android.quicksearchbox.SearchActivity} client=9d5fd81, surfaceController=Surface(name=AtchDlg:com.android.quicksearchbox/com.android.quicksearchbox.SearchActivity) Callers=com.android.server.wm.WindowState.removeIfPossible:1860 com.android.server.wm.WindowManagerService.removeWindow:1757 com.android.server.wm.Session.remove:222 android.view.IWindowSession$Stub.onTransact:242 com.android.server.wm.Session.onTransact:163 
02-13 12:14:56.697814   800  1140 V WindowManager: Changing focus from Window{6206e26 u0 AtchDlg:com.android.quicksearchbox/com.android.quicksearchbox.SearchActivity EXITING} to Window{4acbafb u0 com.android.quicksearchbox/com.android.quicksearchbox.SearchActivity} Callers=com.android.server.wm.WindowState.setupWindowForRemoveOnExit:2008 com.android.server.wm.WindowState.removeIfPossible:1980 com.android.server.wm.WindowState.removeIfPossible:1860 com.android.server.wm.WindowManagerService.removeWindow:1757 
02-13 12:14:56.698742   800  1140 D WindowManager: Input focus has changed to Window{4acbafb u0 com.android.quicksearchbox/com.android.quicksearchbox.SearchActivity}
02-13 12:14:56.718755   800   877 I WindowManager: Focus moving from Window{6206e26 u0 AtchDlg:com.android.quicksearchbox/com.android.quicksearchbox.SearchActivity EXITING} to Window{4acbafb u0 com.android.quicksearchbox/com.android.quicksearchbox.SearchActivity}
02-13 12:14:58.774677   800   940 I ActivityManager: START u0 {act=android.intent.action.MAIN cat=[android.intent.category.LAUNCHER] flg=0x10000000 cmp=com.android.contacts/.activities.PeopleActivity sel=act=android.intent.action.MAIN cat=[android.intent.category.APP_CONTACTS]}} from uid 1000
02-13 12:14:58.810896   800   880 D DuraSpeed/DSPolicyBase: setCurrentLauncher, currentLauncher = com.android.launcher3
02-13 12:14:58.811038   800   880 D DuraSpeed/DuraSpeedInternalManager: switchState, currentPackage = com.android.contacts, event = 1004
02-13 12:14:58.811114   800   880 D DuraSpeed/DuraSpeedInternalManager: switchState, is activity pause, do noting.
02-13 12:14:58.824939   800  1140 I ActivityManager: Start proc 14030:com.android.contacts/u0a13 for activity com.android.contacts/.quickcontact.QuickContactActivity
02-13 12:14:58.838987   800  1140 V WindowManager: Changing focus from Window{4acbafb u0 com.android.quicksearchbox/com.android.quicksearchbox.SearchActivity} to null Callers=com.android.server.wm.WindowManagerService.relayoutWindow:2192 com.android.server.wm.Session.relayout:239 android.view.IWindowSession$Stub.onTransact:286 com.android.server.wm.Session.onTransact:163 
02-13 12:14:58.839353   800  1140 D WindowManager: Input focus has changed to null
02-13 12:14:58.847544   800   877 I WindowManager: Focus moving from Window{4acbafb u0 com.android.quicksearchbox/com.android.quicksearchbox.SearchActivity} to null
02-13 12:14:58.868958   800  8484 V WindowManager: Set focused app to: AppWindowToken{d21165f token=Token{6b5aefe ActivityRecord{356dab9 u0 com.android.contacts/.quickcontact.QuickContactActivity t891}}} old focus=AppWindowToken{bc04839 token=Token{d17800 ActivityRecord{43fe83 u0 com.android.quicksearchbox/.SearchActivity t931}}} moveFocusNow=true
02-13 12:14:58.951588   800  8484 V SettingsProvider: packageValueForCallResult, name = null, value : Bundle[{_track_generation=android.util.MemoryIntArray@5c, value=null, _generation_index=0, _generation=181}]
02-13 12:14:59.222804   800   870 I ActivityManager: Start proc 14054:com.mediatek.simprocessor/1000 for broadcast com.mediatek.simprocessor/.BootCmpReceiver
02-13 12:14:59.501755   800 11493 I WindowManager: Relayout Window{b562529 u0 com.android.contacts/com.android.contacts.quickcontact.QuickContactActivity}: oldVis=4 newVis=0 focusMayChange = true
02-13 12:14:59.509074   800 11493 V WindowManager: Changing focus from null to Window{b562529 u0 com.android.contacts/com.android.contacts.quickcontact.QuickContactActivity} Callers=com.android.server.wm.WindowManagerService.relayoutWindow:2192 com.android.server.wm.Session.relayout:239 android.view.IWindowSession$Stub.onTransact:286 com.android.server.wm.Session.onTransact:163 
02-13 12:14:59.509344   800 11493 D WindowManager: Input focus has changed to Window{b562529 u0 com.android.contacts/com.android.contacts.quickcontact.QuickContactActivity}
02-13 12:14:59.518543   800   877 I WindowManager: Focus moving from null to Window{b562529 u0 com.android.contacts/com.android.contacts.quickcontact.QuickContactActivity}
02-13 12:14:59.554458   800  8484 I WindowManager: Relayout Window{265aa99 u0 com.android.contacts/com.android.contacts.activities.PeopleActivity}: oldVis=4 newVis=0 focusMayChange = true
02-13 12:14:59.862244   800  8250 V SettingsProvider: packageValueForCallResult, name = null, value : Bundle[{_track_generation=android.util.MemoryIntArray@5c, value=null, _generation_index=2, _generation=404}]
02-13 12:14:59.864226   800   940 D WindowManager: Unhandled key: win=Window{b562529 u0 com.android.contacts/com.android.contacts.quickcontact.QuickContactActivity}, action=0, flags=8, keyCode=22, scanCode=0, metaState=0, repeatCount=0, policyFlags=1795162112
02-13 12:14:59.864383   800   940 D WindowManager: No fallback.
02-13 12:14:59.887462   800   940 D WindowManager: Unhandled key: win=Window{b562529 u0 com.android.contacts/com.android.contacts.quickcontact.QuickContactActivity}, action=1, flags=8, keyCode=22, scanCode=0, metaState=0, repeatCount=0, policyFlags=1795162112
02-13 12:14:59.887549   800   940 D WindowManager: No fallback.
02-13 12:15:00.003486   800   936 D DataShapingService: [isDataShapingWhitelistApp] packageName: android
02-13 12:15:00.003664   800   936 D DataShapingUtils: [isDataShapingWhitelistApp] packageName: android, mWhitelist: []
02-13 12:15:00.003896   800   936 D DataShapingService: [openLteDataUpLinkGate] isForce: false
02-13 12:15:00.003970   800   936 D DataShapingService: Alarm manager openLteDataUpLinkGate: false
02-13 12:15:00.004011   800   936 I DataShapingService: openLteGateSuccess = false
02-13 12:15:00.006186   800 10576 D IdleScreen: activityIdleScreen: android.app.ContextImpl@b998e3a mNotifyNeeded: false idleIntent: Intent { act=android.intent.action.MAIN cat=[android.intent.category.LAUNCHER] flg=0x10200000 cmp=com.android.contacts/.activities.PeopleActivity }
02-13 12:15:00.021278   800 10576 D IdleScreen: activityIdleScreen: android.app.ContextImpl@b998e3a mNotifyNeeded: false idleIntent: Intent { act=android.provider.action.QUICK_CONTACT dat=content://com.android.contacts/contacts/lookup/3176r1-CE7254637BD2CAB6D4BEB0C8126845BAC67B6BD2289776A8AEAA8C607CF2.3176r2-99FF62989332.3176r3-C0A250.3176r4-D4AABEB2DA/1 flg=0x4800000 pkg=com.android.contacts cmp=com.android.contacts/.quickcontact.QuickContactActivity (has extras) }
02-13 12:15:00.878869   800   940 D WindowManager: Unhandled key: win=Window{b562529 u0 com.android.contacts/com.android.contacts.quickcontact.QuickContactActivity}, action=0, flags=8, keyCode=19, scanCode=0, metaState=0, repeatCount=0, policyFlags=1795162112
02-13 12:15:00.879061   800   940 D WindowManager: No fallback.
02-13 12:15:00.884269   800   940 D WindowManager: Unhandled key: win=Window{b562529 u0 com.android.contacts/com.android.contacts.quickcontact.QuickContactActivity}, action=1, flags=8, keyCode=19, scanCode=0, metaState=0, repeatCount=0, policyFlags=1795162112
02-13 12:15:00.884468   800   940 D WindowManager: No fallback.
02-13 12:15:01.902066   800   940 D WindowManager: Unhandled key: win=Window{b562529 u0 com.android.contacts/com.android.contacts.quickcontact.QuickContactActivity}, action=0, flags=8, keyCode=19, scanCode=0, metaState=0, repeatCount=0, policyFlags=1795162112
02-13 12:15:01.902273   800   940 D WindowManager: No fallback.
02-13 12:15:01.907942   800   940 D WindowManager: Unhandled key: win=Window{b562529 u0 com.android.contacts/com.android.contacts.quickcontact.QuickContactActivity}, action=1, flags=8, keyCode=19, scanCode=0, metaState=0, repeatCount=0, policyFlags=1795162112
02-13 12:15:01.908159   800   940 D WindowManager: No fallback.
02-13 12:15:04.018567   800  8250 I ActivityManager: START u0 {act=android.intent.action.CALL dat=tel:xxxx flg=0x10000000 cmp=com.android.server.telecom/.components.UserCallActivity (has extras)} from uid 10013
02-13 12:15:04.058753   800   880 D DuraSpeed/DSPolicyBase: setCurrentLauncher, currentLauncher = com.android.launcher3
02-13 12:15:04.058956   800   880 D DuraSpeed/DuraSpeedInternalManager: switchState, currentPackage = com.android.server.telecom, event = 1004
02-13 12:15:04.059097   800   880 D DuraSpeed/DuraSpeedInternalManager: switchState, is activity pause, do noting.
02-13 12:15:04.063503   800  8250 V WindowManager: Set focused app to: AppWindowToken{39a1c0d token=Token{b69a6a4 ActivityRecord{da2f137 u0 com.android.server.telecom/.components.UserCallActivity t940}}} old focus=AppWindowToken{d21165f token=Token{6b5aefe ActivityRecord{356dab9 u0 com.android.contacts/.quickcontact.QuickContactActivity t891}}} moveFocusNow=true
02-13 12:15:04.063989   800  8250 V WindowManager: findFocusedWindow: Reached focused app=AppWindowToken{39a1c0d token=Token{b69a6a4 ActivityRecord{da2f137 u0 com.android.server.telecom/.components.UserCallActivity t940}}}
02-13 12:15:04.064941   800  8250 V WindowManager: Changing focus from Window{b562529 u0 com.android.contacts/com.android.contacts.quickcontact.QuickContactActivity} to null Callers=com.android.server.wm.WindowManagerService.setFocusedApp:2760 com.android.server.am.ActivityManagerService.setResumedActivityUncheckLocked:3231 com.android.server.am.ActivityStack.setResumedActivityLocked:2284 com.android.server.am.ActivityStack.minimalResumeActivityLocked:1093 
02-13 12:15:04.065225   800  8250 D WindowManager: Input focus has changed to null
02-13 12:15:04.068136   800   877 I WindowManager: Focus moving from Window{b562529 u0 com.android.contacts/com.android.contacts.quickcontact.QuickContactActivity} to null
02-13 12:15:04.160701 10626 10626 I TelecomFramework: UserCallActivity: onCreate done
02-13 12:15:04.169439   800   800 I Telecom : CallIntentProcessor: onReceive - isUnknownCall: false: PCR.oR@GjE
02-13 12:15:04.191435   800 11493 V WindowManager: Set focused app to: AppWindowToken{d21165f token=Token{6b5aefe ActivityRecord{356dab9 u0 com.android.contacts/.quickcontact.QuickContactActivity t891}}} old focus=AppWindowToken{39a1c0d token=Token{b69a6a4 ActivityRecord{da2f137 u0 com.android.server.telecom/.components.UserCallActivity t940}}} moveFocusNow=true
02-13 12:15:04.192451   800 11493 V WindowManager: Changing focus from null to Window{b562529 u0 com.android.contacts/com.android.contacts.quickcontact.QuickContactActivity} Callers=com.android.server.wm.WindowManagerService.setFocusedApp:2760 com.android.server.am.ActivityManagerService.setResumedActivityUncheckLocked:3231 com.android.server.am.ActivityStack.setResumedActivityLocked:2284 com.android.server.am.ActivityStack.resumeTopActivityInnerLocked:2599 
02-13 12:15:04.192832   800 11493 D WindowManager: Input focus has changed to Window{b562529 u0 com.android.contacts/com.android.contacts.quickcontact.QuickContactActivity}
02-13 12:15:04.195430   800   880 D DuraSpeed/DSPolicyBase: setCurrentLauncher, currentLauncher = com.android.launcher3
02-13 12:15:04.195575   800   880 D DuraSpeed/DuraSpeedInternalManager: switchState, currentPackage = com.android.contacts, event = 1004
02-13 12:15:04.195621   800   880 D DuraSpeed/DuraSpeedInternalManager: switchState, is activity pause, do noting.
02-13 12:15:04.195941   800   800 I Telecom : LogUtils: EventRecord added as Call: [TC@33, NEW, null, tel:****, A, childs(0), has_parent(false), [Capabilities:], [Properties:]]: PCR.oR@GjE
02-13 12:15:04.200934   800   800 I Telecom : Event: RecordEntry TC@33: CREATED, null: PCR.oR@GjE
02-13 12:15:04.213205   800   877 I WindowManager: Focus moving from null to Window{b562529 u0 com.android.contacts/com.android.contacts.quickcontact.QuickContactActivity}
02-13 12:15:04.224423   800   800 I Telecom : Event: RecordEntry TC@33: SET_CONNECTING, ComponentInfo{com.android.phone/com.android.services.telephony.TelephonyConnectionService}, [****], UserHandle{0}: PCR.oR@GjE
02-13 12:15:04.226971   800   800 W Telecom : CallsManager: [getCallForVoiceRecord] no call is recording: PCR.oR@GjE
02-13 12:15:04.227754   800  1208 I Telecom : CallAudioRouteStateMachine: Message received: UPDATE_SYSTEM_AUDIO_ROUTE=1201, arg1=0: PCR.oR->CARSM.pM_UPDATE_SYSTEM_AUDIO_ROUTE@GjE
02-13 12:15:04.229139   800   800 I Telecom : InCallController: onCallAdded: [TC@33, CONNECTING, null, tel:****, A, childs(0), has_parent(false), [Capabilities:], [Properties:]]; not bound or connected.: PCR.oR@GjE
02-13 12:15:04.229569   800  1214 I Telecom : CallAudioModeStateMachine: Message received: NEW_ACTIVE_OR_DIALING_CALL.: PCR.oR->CAMSM.pM_2001@GjE
02-13 12:15:04.229921   800  1214 I Telecom : CallAudioModeStateMachine: Audio focus entering SIM CALL state: PCR.oR->CAMSM.pM_2001@GjE
02-13 12:15:04.232815   800   800 I Telecom : InCallController: defaultDialer: null: PCR.oR@GjE
02-13 12:15:04.241763   800   800 I Telecom : InCallController: defaultDialer: null: PCR.oR@GjE
02-13 12:15:04.246024   800   800 E Telecom : InCallController: Package Manager could not find ComponentName: ComponentInfo{com.android.dialer/com.android.incallui.InCallServiceImpl}. Trying to bind anyway.: PCR.oR@GjE
02-13 12:15:04.246024   800   800 E Telecom : java.lang.Exception
02-13 12:15:04.246024   800   800 E Telecom : 	at com.android.server.telecom.InCallController.getInCallServiceComponent(InCallController.java:1139)
02-13 12:15:04.246024   800   800 E Telecom : 	at com.android.server.telecom.InCallController.bindToServices(InCallController.java:1068)
02-13 12:15:04.246024   800   800 E Telecom : 	at com.android.server.telecom.InCallController.onCallAdded(InCallController.java:764)
02-13 12:15:04.246024   800   800 E Telecom : 	at com.android.server.telecom.CallsManager.addCall(CallsManager.java:2489)
02-13 12:15:04.246024   800   800 E Telecom : 	at com.android.server.telecom.CallsManager.startOutgoingCall(CallsManager.java:1407)
02-13 12:15:04.246024   800   800 E Telecom : 	at com.android.server.telecom.CallIntentProcessor.processOutgoingCallIntent(CallIntentProcessor.java:154)
02-13 12:15:04.246024   800   800 E Telecom : 	at com.android.server.telecom.CallIntentProcessor.processIntent(CallIntentProcessor.java:86)
02-13 12:15:04.246024   800   800 E Telecom : 	at com.android.server.telecom.components.PrimaryCallReceiver.onReceive(PrimaryCallReceiver.java:25)
02-13 12:15:04.246024   800   800 E Telecom : 	at android.app.ActivityThread.handleReceiver(ActivityThread.java:3228)
02-13 12:15:04.246024   800   800 E Telecom : 	at android.app.ActivityThread.-wrap17(Unknown Source:0)
02-13 12:15:04.246024   800   800 E Telecom : 	at android.app.ActivityThread$H.handleMessage(ActivityThread.java:1706)
02-13 12:15:04.246024   800   800 E Telecom : 	at android.os.Handler.dispatchMessage(Handler.java:106)
02-13 12:15:04.246024   800   800 E Telecom : 	at android.os.Looper.loop(Looper.java:164)
02-13 12:15:04.246024   800   800 E Telecom : 	at com.android.server.SystemServer.run(SystemServer.java:441)
02-13 12:15:04.246024   800   800 E Telecom : 	at com.android.server.SystemServer.main(SystemServer.java:282)
02-13 12:15:04.246024   800   800 E Telecom : 	at java.lang.reflect.Method.invoke(Native Method)
02-13 12:15:04.246024   800   800 E Telecom : 	at com.android.internal.os.RuntimeInit$MethodAndArgsCaller.run(RuntimeInit.java:438)
02-13 12:15:04.246024   800   800 E Telecom : 	at com.android.internal.os.ZygoteInit.main(ZygoteInit.java:837)
02-13 12:15:04.247062   800   800 I Telecom : CarSwappingInCallServiceConnection: carmodechange: false => false: PCR.oR@GjE
02-13 12:15:04.247394   800   800 I Telecom : EmergencyCallHelper: ShouldGrantTemporaryLocationPermission, disabled by config: PCR.oR@GjE
02-13 12:15:04.247836   800   800 I Telecom : EmergencyInCallServiceConnection: Attempting to bind to InCall [ComponentInfo{com.android.dialer/com.android.incallui.InCallServiceImpl} supportsExternal? false supportsSelfMg?false], with Intent { act=android.telecom.InCallService cmp=com.android.dialer/com.android.incallui.InCallServiceImpl (has extras) }: PCR.oR@GjE
02-13 12:15:04.248439   800   800 W ActivityManager: Unable to start service Intent { act=android.telecom.InCallService cmp=com.android.dialer/com.android.incallui.InCallServiceImpl (has extras) } U=0: not found
02-13 12:15:04.248716   800   800 W Telecom : EmergencyInCallServiceConnection: Failed to connect.: PCR.oR@GjE
02-13 12:15:04.248936   800   800 I Telecom : InCallController: bindToServices: current UI doesn't support call; not binding.: PCR.oR@GjE
02-13 12:15:04.249739   800   800 I Telecom : IncomingCallNotifier: updateIncomingCall: foundIncomingcall = null: PCR.oR@GjE
02-13 12:15:04.252978   800   800 I Telecom : TelecomWakeLock: WakeLock already released with id: 26: PCR.oR@GjE
02-13 12:15:04.255651   800   800 I Telecom : InCallWakeLockController: Releasing full wake lock: PCR.oR@GjE
02-13 12:15:04.278880   800   800 I Telecom : NewOutgoingCallIntentBroadcaster: Sending NewOutgoingCallBroadcast for [TC@33, CONNECTING, null, tel:****, A, childs(0), has_parent(false), [Capabilities:], [Properties:]] to UserHandle{0}: PCR.oR@GjE
02-13 12:15:04.280100   800  1208 I Telecom : CallAudioRouteStateMachine: setSystemAudioState: changing from [AudioState isMuted: false, route: EARPIECE, supportedRouteMask: EARPIECE, SPEAKER] to [AudioState isMuted: false, route: EARPIECE, supportedRouteMask: EARPIECE, SPEAKER]: PCR.oR->CARSM.pM_UPDATE_SYSTEM_AUDIO_ROUTE@GjE
02-13 12:15:04.280698   800  1208 I Telecom : CallAudioRouteStateMachine: Message received: SWITCH_FOCUS=4001, arg1=2: PCR.oR->CAMSM.pM_2001->CARSM.pM_SWITCH_FOCUS@GjE
02-13 12:15:04.280986   800  1208 I Telecom : Event: RecordEntry TC@33: AUDIO_ROUTE, Leaving state QuiescentEarpieceRoute: PCR.oR->CAMSM.pM_2001->CARSM.pM_SWITCH_FOCUS@GjE
02-13 12:15:04.281205   800  1208 I Telecom : Event: RecordEntry TC@33: AUDIO_ROUTE, Entering state ActiveEarpieceRoute: PCR.oR->CAMSM.pM_2001->CARSM.pM_SWITCH_FOCUS@GjE
02-13 12:15:04.281196   800   800 I Telecom : TelecomSystem: CallerInfoAsyncQuery.startQuery number=[****] cookie=PCR.oR->CILH.sL->CILH.sL@GjE subId=-1: PCR.oR->CILH.sL@GjE
02-13 12:15:04.281398   800  1208 I Telecom : Event: RecordEntry TC@33: AUDIO_ROUTE_EARPIECE, null: PCR.oR->CAMSM.pM_2001->CARSM.pM_SWITCH_FOCUS@GjE
02-13 12:15:04.312597   800  1208 I Telecom : CallAudioRouteStateMachine: setSystemAudioState: changing from [AudioState isMuted: false, route: EARPIECE, supportedRouteMask: EARPIECE, SPEAKER] to [AudioState isMuted: false, route: EARPIECE, supportedRouteMask: EARPIECE, SPEAKER]: PCR.oR->CAMSM.pM_2001->CARSM.pM_SWITCH_FOCUS@GjE
02-13 12:15:04.336131   800  8250 D IdleScreen: activityIdleScreen: android.app.ContextImpl@b998e3a mNotifyNeeded: false idleIntent: Intent { act=android.intent.action.CALL dat=tel:xxxx flg=0x10800000 cmp=com.android.server.telecom/.components.UserCallActivity (has extras) }
02-13 12:15:04.357958   800   800 I Telecom : NewOutgoingCallBroadcastIntentReceiver: Received new-outgoing-call-broadcast for [TC@33, CONNECTING, null, tel:****, A, childs(0), has_parent(false), [Capabilities:], [Properties:]] with data [****]: NOCBIR.oR@GjU
02-13 12:15:04.376806   800   800 I Telecom : CallsManager: Creating a new outgoing call with handle: tel:****: NOCBIR.oR@GjU
02-13 12:15:04.377151   800   800 I Telecom : CallsManager: isSpeakerphoneEnabledForTablet: NOCBIR.oR@GjU
02-13 12:15:04.390071   800   800 I Telecom : PhoneAccountRegistrar: SimCallManager queried, returning: null: NOCBIR.oR@GjU
02-13 12:15:04.390942   800   800 I Telecom : CreateConnectionProcessor: Trying attempt CallAttemptRecord(ComponentInfo{com.android.phone/com.android.services.telephony.TelephonyConnectionService}, [****], UserHandle{0},ComponentInfo{com.android.phone/com.android.services.telephony.TelephonyConnectionService}, [****], UserHandle{0}): NOCBIR.oR@GjU
02-13 12:15:04.391829   800   800 I Telecom : Event: RecordEntry TC@33: BIND_CS, ComponentInfo{com.android.phone/com.android.services.telephony.TelephonyConnectionService}: NOCBIR.oR@GjU
02-13 12:15:04.405737   800   800 I Telecom : CallerInfoLookupHelper: CI query for handle tel:**** has completed; notifying all listeners.: PCR.oR->CILH.sL->CILH.oQC@GjE
02-13 12:15:04.406161   800   800 I Telecom : Call: CallerInfo received for tel:****: com.mediatek.internal.telephony.MtkCallerInfo@5386979 { name non-null, phoneNumber non-null }: PCR.oR->CILH.sL->CILH.oQC@GjE
02-13 12:15:04.411606   800   800 I Telecom : ServiceBinderConnection: Service bound ComponentInfo{com.android.phone/com.android.services.telephony.TelephonyConnectionService}: SBC.oSC@Gjc
02-13 12:15:04.411946   800   800 I Telecom : Event: RecordEntry TC@33: CS_BOUND, ComponentInfo{com.android.phone/com.android.services.telephony.TelephonyConnectionService}: SBC.oSC@Gjc
02-13 12:15:04.414256   800  8484 W Telecom : MtkAdapter: setIConnectionServiceBinder mServiceInterfaceRemoved = false
02-13 12:15:04.417511   800  8484 I Telecom : Event: RecordEntry TC@33: START_CONNECTION, tel:****
02-13 12:15:04.434558   800  8484 I Telecom : PhoneAccountRegistrar: SimCallManager queried, returning: null: (CS.aCSA->H.CS.aCSA)->CSW.qRCS@E-AEA
02-13 12:15:04.438829   800 15943 I Telecom : Call: CallerInfo received for tel:****: com.mediatek.internal.telephony.MtkCallerInfo@5386979 { name non-null, phoneNumber non-null }: PCR.oR->CILH.sL->CILH.oQC->CILH.sPL->CLIH.oILC@GjE
02-13 12:15:04.441478  1127  1127 I Telephony: TelephonyConnectionService: onCreateOutgoingConnection, request: ConnectionRequest xxxxxxxx Bundle[mParcelledData.dataSize=392]: CS.crCo->H.CS.crCo->H.CS.crCo.pICR@AEE
02-13 12:15:04.442118  1127  1127 I Telephony: MtkTelephonyConnectionServiceUtil: ECC retry: isEccRetryOn, retryOn=false: CS.crCo->H.CS.crCo->H.CS.crCo.pICR@AEE
02-13 12:15:04.442637  1127  1127 I chatty  : uid=1001(radio) com.android.phone identical 1 line
02-13 12:15:04.462323  1127  1127 I Telephony: MtkTelephonyConnectionServiceUtil: ECC retry: isEccRetryOn, retryOn=false: CS.crCo->H.CS.crCo->H.CS.crCo.pICR@AEE
02-13 12:15:04.521800   800  8213 I Telecom : PhoneAccountRegistrar: SimCallManager queried, returning: null: (CS.crCo->H.CS.crCo->H.CS.crCo.pICR)->CSW.hCCC@E-AEE
02-13 12:15:04.522603   800  8213 I Telecom : ConnectionServiceWrapper: Service unbound ComponentInfo{com.android.phone/com.android.services.telephony.TelephonyConnectionService}, from unbind.: (CS.crCo->H.CS.crCo->H.CS.crCo.pICR)->CSW.hCCC@E-AEE
02-13 12:15:04.524387   800  8213 I Telecom : CallsManager: handleConnectionServiceDeath: service com.android.server.telecom.ConnectionServiceWrapper@8517452 died: (CS.crCo->H.CS.crCo->H.CS.crCo.pICR)->CSW.hCCC@E-AEE
02-13 12:15:04.527990   800  8213 I Telecom : CallsManager: setCallState CONNECTING -> DISCONNECTED, call: [TC@33, CONNECTING, null, tel:****, A, childs(0), has_parent(false), [Capabilities:], [Properties:]]: (CS.crCo->H.CS.crCo->H.CS.crCo.pICR)->CSW.hCCC@E-AEE
02-13 12:15:04.528604   800  8213 I Telecom : Event: RecordEntry TC@33: SET_DISCONNECTED, disconnected set explicitly> DisconnectCause [ Code: (ERROR) Label: () Description: () Reason: (Phone is null, OUT_OF_SERVICE) Tone: (95) ]: (CS.crCo->H.CS.crCo->H.CS.crCo.pICR)->CSW.hCCC@E-AEE
02-13 12:15:04.529882   800  1208 I Telecom : CallAudioRouteStateMachine: Message received: UPDATE_SYSTEM_AUDIO_ROUTE=1201, arg1=0: (CS.crCo->H.CS.crCo->H.CS.crCo.pICR)->CSW.hCCC->CARSM.pM_UPDATE_SYSTEM_AUDIO_ROUTE@E-AEE
02-13 12:15:04.530576   800  8213 W Telecom : CallsManager: [getCallForVoiceRecord] no call is recording: (CS.crCo->H.CS.crCo->H.CS.crCo.pICR)->CSW.hCCC@E-AEE
02-13 12:15:04.547410   800  8213 W ContextImpl: Calling a method in the system process without a qualified user: android.app.ContextImpl.sendBroadcast:982 android.content.ContextWrapper.sendBroadcast:442 com.android.server.telecom.CallLogManager.sendAddCallBroadcast:645 com.android.server.telecom.CallLogManager.logCall:462 com.android.server.telecom.CallLogManager.logCall:401 
02-13 12:15:04.549215   800  8213 I Telecom : IncomingCallNotifier: updateIncomingCall: foundIncomingcall = null: (CS.crCo->H.CS.crCo->H.CS.crCo.pICR)->CSW.hCCC@E-AEE
02-13 12:15:04.549547   800 14085 I Telecom : CallLogManager: addCallLog, userToBeInserted=null
02-13 12:15:04.549876   800  8213 I Telecom : TelecomWakeLock: WakeLock already released with id: 26: (CS.crCo->H.CS.crCo->H.CS.crCo.pICR)->CSW.hCCC@E-AEE
02-13 12:15:04.550129   800  8213 I Telecom : InCallWakeLockController: Releasing full wake lock: (CS.crCo->H.CS.crCo->H.CS.crCo.pICR)->CSW.hCCC@E-AEE
02-13 12:15:04.550763   800  8213 I Telecom : Event: RecordEntry TC@33: DESTROYED, null: (CS.crCo->H.CS.crCo->H.CS.crCo.pICR)->CSW.hCCC@E-AEE
02-13 12:15:04.551602   800  8213 I Telecom : InCallController: onCallRemoved: [TC@33, DISCONNECTED, null, tel:****, A, childs(0), has_parent(false), [Capabilities:], [Properties:]]: (CS.crCo->H.CS.crCo->H.CS.crCo.pICR)->CSW.hCCC@E-AEE
02-13 12:15:04.552571   800  8213 I Telecom : ProximitySensorManager: All calls removed, resetting proximity sensor to default state: (CS.crCo->H.CS.crCo->H.CS.crCo.pICR)->CSW.hCCC@E-AEE
02-13 12:15:04.553662   800  8213 I Telecom : TelecomWakeLock: WakeLock already released with id: 32: (CS.crCo->H.CS.crCo->H.CS.crCo.pICR)->CSW.hCCC@E-AEE
02-13 12:15:04.554920   800  8213 I Telecom : IncomingCallNotifier: updateIncomingCall: foundIncomingcall = null: (CS.crCo->H.CS.crCo->H.CS.crCo.pICR)->CSW.hCCC@E-AEE
02-13 12:15:04.555282   800  8213 I Telecom : TelecomWakeLock: WakeLock already released with id: 26: (CS.crCo->H.CS.crCo->H.CS.crCo.pICR)->CSW.hCCC@E-AEE
02-13 12:15:04.555628   800  8213 I Telecom : InCallWakeLockController: Releasing full wake lock: (CS.crCo->H.CS.crCo->H.CS.crCo.pICR)->CSW.hCCC@E-AEE
02-13 12:15:04.565580   800  1208 I Telecom : CallAudioRouteStateMachine: setSystemAudioState: changing from [AudioState isMuted: false, route: EARPIECE, supportedRouteMask: EARPIECE, SPEAKER] to [AudioState isMuted: false, route: EARPIECE, supportedRouteMask: EARPIECE, SPEAKER]: (CS.crCo->H.CS.crCo->H.CS.crCo.pICR)->CSW.hCCC->CARSM.pM_UPDATE_SYSTEM_AUDIO_ROUTE@E-AEE
02-13 12:15:04.660833   800  1214 I Telecom : CallAudioModeStateMachine: Message received: NO_MORE_ACTIVE_OR_DIALING_CALLS.: (CS.crCo->H.CS.crCo->H.CS.crCo.pICR)->CSW.hCCC->CAMSM.pM_1001@E-AEE
02-13 12:15:04.661250   800  1214 I Telecom : CallAudioModeStateMachine: Abandoning audio focus: now UNFOCUSED: (CS.crCo->H.CS.crCo->H.CS.crCo.pICR)->CSW.hCCC->CAMSM.pM_1001@E-AEE
02-13 12:15:04.711487   800   870 I ActivityManager: Start proc 14089:com.android.calllogbackup/u0a3 for broadcast com.android.calllogbackup/.CallLogChangeReceiver
02-13 12:15:04.846670   800  8484 V SettingsProvider: packageValueForCallResult, name = null, value : Bundle[{_track_generation=android.util.MemoryIntArray@5c, value=null, _generation_index=1, _generation=78}]
02-13 12:15:05.207150   800   974 V SettingsProvider: name : volume_ring_earpiece appId : 1000
02-13 12:15:05.242312   800  1208 I Telecom : CallAudioRouteStateMachine: Message received: SWITCH_FOCUS=4001, arg1=1: (CS.crCo->H.CS.crCo->H.CS.crCo.pICR)->CSW.hCCC->CAMSM.pM_1001->CARSM.pM_SWITCH_FOCUS@E-AEE
02-13 12:15:05.242912   800  1208 I Telecom : Logging.Events: Non-call EVENT: UNMUTE, null: (CS.crCo->H.CS.crCo->H.CS.crCo.pICR)->CSW.hCCC->CAMSM.pM_1001->CARSM.pM_SWITCH_FOCUS@E-AEE
02-13 12:15:05.248220   800  1208 I Telecom : Logging.Events: Non-call EVENT: AUDIO_ROUTE, Leaving state ActiveEarpieceRoute: (CS.crCo->H.CS.crCo->H.CS.crCo.pICR)->CSW.hCCC->CAMSM.pM_1001->CARSM.pM_SWITCH_FOCUS@E-AEE
02-13 12:15:05.248588   800  1208 I Telecom : Logging.Events: Non-call EVENT: AUDIO_ROUTE, Entering state QuiescentEarpieceRoute: (CS.crCo->H.CS.crCo->H.CS.crCo.pICR)->CSW.hCCC->CAMSM.pM_1001->CARSM.pM_SWITCH_FOCUS@E-AEE
02-13 12:15:05.332216   800 13279 V WindowManager: Set focused app to: AppWindowToken{df9807 token=Token{5c9a8ed ActivityRecord{c5ddb04 u0 com.android.contacts/.activities.PeopleActivity t891}}} old focus=AppWindowToken{d21165f token=Token{6b5aefe ActivityRecord{356dab9 u0 com.android.contacts/.quickcontact.QuickContactActivity t891}}} moveFocusNow=true
02-13 12:15:05.333859   800 13279 V WindowManager: Changing focus from Window{b562529 u0 com.android.contacts/com.android.contacts.quickcontact.QuickContactActivity} to Window{265aa99 u0 com.android.contacts/com.android.contacts.activities.PeopleActivity} Callers=com.android.server.wm.WindowManagerService.setFocusedApp:2760 com.android.server.am.ActivityManagerService.setResumedActivityUncheckLocked:3231 com.android.server.am.ActivityStack.setResumedActivityLocked:2284 com.android.server.am.ActivityStack.resumeTopActivityInnerLocked:2599 
02-13 12:15:05.334142   800 13279 D WindowManager: Input focus has changed to Window{265aa99 u0 com.android.contacts/com.android.contacts.activities.PeopleActivity}
02-13 12:15:05.339552   800   877 I WindowManager: Focus moving from Window{b562529 u0 com.android.contacts/com.android.contacts.quickcontact.QuickContactActivity} to Window{265aa99 u0 com.android.contacts/com.android.contacts.activities.PeopleActivity}
02-13 12:15:05.500658   800  8484 D IdleScreen: activityIdleScreen: android.app.ContextImpl@b998e3a mNotifyNeeded: false idleIntent: Intent { act=android.provider.action.QUICK_CONTACT dat=content://com.android.contacts/contacts/lookup/3176r1-CE7254637BD2CAB6D4BEB0C8126845BAC67B6BD2289776A8AEAA8C607CF2.3176r2-99FF62989332.3176r3-C0A250.3176r4-D4AABEB2DA/1 flg=0x4800000 pkg=com.android.contacts cmp=com.android.contacts/.quickcontact.QuickContactActivity (has extras) }
02-13 12:15:05.731004   800   974 V SettingsProvider: name : volume_ring_speaker appId : 1000
02-13 12:15:06.112740   800  8484 I ActivityManager: START u0 {act=android.provider.action.QUICK_CONTACT dat=content://com.android.contacts/contacts/lookup/3176r1-CE7254637BD2CAB6D4BEB0C8126845BAC67B6BD2289776A8AEAA8C607CF2.3176r2-99FF62989332.3176r3-C0A250.3176r4-D4AABEB2DA/1 flg=0x4000000 pkg=com.android.contacts cmp=com.android.contacts/.quickcontact.QuickContactActivity (has extras)} from uid 10013
02-13 12:15:06.138122   800  8484 V WindowManager: Set focused app to: AppWindowToken{1b38b6e token=Token{fc9a2e9 ActivityRecord{7f1cf70 u0 com.android.contacts/.quickcontact.QuickContactActivity t891}}} old focus=AppWindowToken{df9807 token=Token{5c9a8ed ActivityRecord{c5ddb04 u0 com.android.contacts/.activities.PeopleActivity t891}}} moveFocusNow=true
02-13 12:15:06.138576   800  8484 V WindowManager: findFocusedWindow: Reached focused app=AppWindowToken{1b38b6e token=Token{fc9a2e9 ActivityRecord{7f1cf70 u0 com.android.contacts/.quickcontact.QuickContactActivity t891}}}
02-13 12:15:06.138990   800  8484 V WindowManager: Changing focus from Window{265aa99 u0 com.android.contacts/com.android.contacts.activities.PeopleActivity} to null Callers=com.android.server.wm.WindowManagerService.setFocusedApp:2760 com.android.server.am.ActivityManagerService.setResumedActivityUncheckLocked:3231 com.android.server.am.ActivityStack.setResumedActivityLocked:2284 com.android.server.am.ActivityStack.minimalResumeActivityLocked:1093 
02-13 12:15:06.139195   800  8484 D WindowManager: Input focus has changed to null
02-13 12:15:06.141114   800   877 I WindowManager: Focus moving from Window{265aa99 u0 com.android.contacts/com.android.contacts.activities.PeopleActivity} to null
02-13 12:15:06.236494   800  8213 I WindowManager: Relayout Window{a1084a5 u0 com.android.contacts/com.android.contacts.quickcontact.QuickContactActivity}: oldVis=4 newVis=0 focusMayChange = true
02-13 12:15:06.245747   800  8213 V WindowManager: Changing focus from null to Window{a1084a5 u0 com.android.contacts/com.android.contacts.quickcontact.QuickContactActivity} Callers=com.android.server.wm.WindowManagerService.relayoutWindow:2192 com.android.server.wm.Session.relayout:239 android.view.IWindowSession$Stub.onTransact:286 com.android.server.wm.Session.onTransact:163 
02-13 12:15:06.246033   800  8213 D WindowManager: Input focus has changed to Window{a1084a5 u0 com.android.contacts/com.android.contacts.quickcontact.QuickContactActivity}
02-13 12:15:06.253386   800   877 I WindowManager: Focus moving from null to Window{a1084a5 u0 com.android.contacts/com.android.contacts.quickcontact.QuickContactActivity}
02-13 12:15:06.323103   800 13279 D IdleScreen: activityIdleScreen: android.app.ContextImpl@b998e3a mNotifyNeeded: false idleIntent: Intent { act=android.provider.action.QUICK_CONTACT dat=content://com.android.contacts/contacts/lookup/3176r1-CE7254637BD2CAB6D4BEB0C8126845BAC67B6BD2289776A8AEAA8C607CF2.3176r2-99FF62989332.3176r3-C0A250.3176r4-D4AABEB2DA/1 flg=0x4800000 pkg=com.android.contacts cmp=com.android.contacts/.quickcontact.QuickContactActivity (has extras) }
02-13 12:15:06.553079   800   800 I Telecom : CarSwappingInCallServiceConnection: already disconnected: (CS.crCo->H.CS.crCo->H.CS.crCo.pICR)->CSW.hCCC->ICC.oCR@E-AEE
02-13 12:15:07.131677   800 13279 V WindowManager: Changing focus from Window{a1084a5 u0 com.android.contacts/com.android.contacts.quickcontact.QuickContactActivity} to Window{aac1c88 u0 PopupWindow:a7af7a9} Callers=com.android.server.wm.WindowManagerService.addWindow:1590 com.android.server.wm.Session.addToDisplay:202 android.view.IWindowSession$Stub.onTransact:124 com.android.server.wm.Session.onTransact:163 
02-13 12:15:07.133784   800 13279 D WindowManager: Input focus has changed to Window{aac1c88 u0 PopupWindow:a7af7a9}
02-13 12:15:07.135411   800   877 I WindowManager: Focus moving from Window{a1084a5 u0 com.android.contacts/com.android.contacts.quickcontact.QuickContactActivity} to Window{aac1c88 u0 PopupWindow:a7af7a9}
02-13 12:15:07.250709   800   877 I WindowManager: Losing delayed focus: Window{a1084a5 u0 com.android.contacts/com.android.contacts.quickcontact.QuickContactActivity}
02-13 12:15:08.132669   800  8484 I ActivityManager: START u0 {act=android.intent.action.RINGTONE_PICKER cmp=com.android.providers.media/.RingtonePickerActivity (has extras)} from uid 10013
02-13 12:15:08.158122   800  8484 V WindowManager: Changing focus from Window{aac1c88 u0 PopupWindow:a7af7a9} to Window{a1084a5 u0 com.android.contacts/com.android.contacts.quickcontact.QuickContactActivity} Callers=com.android.server.wm.WindowManagerService.relayoutWindow:2192 com.android.server.wm.Session.relayout:239 android.view.IWindowSession$Stub.onTransact:286 com.android.server.wm.Session.onTransact:163 
02-13 12:15:08.158479   800  8484 D WindowManager: Input focus has changed to Window{a1084a5 u0 com.android.contacts/com.android.contacts.quickcontact.QuickContactActivity}
02-13 12:15:08.164019   800   877 I WindowManager: Focus moving from Window{aac1c88 u0 PopupWindow:a7af7a9} to Window{a1084a5 u0 com.android.contacts/com.android.contacts.quickcontact.QuickContactActivity}
02-13 12:15:08.170796   800   880 D DuraSpeed/DSPolicyBase: setCurrentLauncher, currentLauncher = com.android.launcher3
02-13 12:15:08.171217   800   880 D DuraSpeed/DuraSpeedInternalManager: switchState, currentPackage = com.android.providers.media, event = 1004
02-13 12:15:08.171405   800   880 D DuraSpeed/DuraSpeedInternalManager: switchState, is activity pause, do noting.
02-13 12:15:08.178018   800 11952 V WindowManager: Set focused app to: AppWindowToken{6103407 token=Token{bad9a46 ActivityRecord{529c621 u0 com.android.providers.media/.RingtonePickerActivity t891}}} old focus=AppWindowToken{1b38b6e token=Token{fc9a2e9 ActivityRecord{7f1cf70 u0 com.android.contacts/.quickcontact.QuickContactActivity t891}}} moveFocusNow=true
02-13 12:15:08.178560   800 11952 V WindowManager: findFocusedWindow: Reached focused app=AppWindowToken{6103407 token=Token{bad9a46 ActivityRecord{529c621 u0 com.android.providers.media/.RingtonePickerActivity t891}}}
02-13 12:15:08.179025   800 11952 V WindowManager: Changing focus from Window{a1084a5 u0 com.android.contacts/com.android.contacts.quickcontact.QuickContactActivity} to null Callers=com.android.server.wm.WindowManagerService.setFocusedApp:2760 com.android.server.am.ActivityManagerService.setResumedActivityUncheckLocked:3231 com.android.server.am.ActivityStack.setResumedActivityLocked:2284 com.android.server.am.ActivityStack.minimalResumeActivityLocked:1093 
02-13 12:15:08.179196   800 11952 D WindowManager: Input focus has changed to null
02-13 12:15:08.187992   800   877 I WindowManager: Focus moving from Window{a1084a5 u0 com.android.contacts/com.android.contacts.quickcontact.QuickContactActivity} to null
02-13 12:15:08.321268   800 13279 I WindowManager: Relayout Window{e1914d2 u0 com.android.providers.media/com.android.providers.media.RingtonePickerActivity}: oldVis=4 newVis=0 focusMayChange = true
02-13 12:15:08.331633   800 13279 V WindowManager: Changing focus from null to Window{e1914d2 u0 com.android.providers.media/com.android.providers.media.RingtonePickerActivity} Callers=com.android.server.wm.WindowManagerService.relayoutWindow:2192 com.android.server.wm.Session.relayout:239 android.view.IWindowSession$Stub.onTransact:286 com.android.server.wm.Session.onTransact:163 
02-13 12:15:08.331956   800 13279 D WindowManager: Input focus has changed to Window{e1914d2 u0 com.android.providers.media/com.android.providers.media.RingtonePickerActivity}
02-13 12:15:08.348585   800   877 I WindowManager: Focus moving from null to Window{e1914d2 u0 com.android.providers.media/com.android.providers.media.RingtonePickerActivity}
02-13 12:15:08.493443   800  8484 D IdleScreen: activityIdleScreen: android.app.ContextImpl@b998e3a mNotifyNeeded: false idleIntent: Intent { act=android.intent.action.RINGTONE_PICKER flg=0x800000 cmp=com.android.providers.media/.RingtonePickerActivity (has extras) }
02-13 12:15:09.077283   800   940 D WindowManager: Unhandled key: win=Window{e1914d2 u0 com.android.providers.media/com.android.providers.media.RingtonePickerActivity}, action=0, flags=8, keyCode=22, scanCode=0, metaState=0, repeatCount=0, policyFlags=1795162112
02-13 12:15:09.077514   800   940 D WindowManager: No fallback.
02-13 12:15:09.082143   800   940 D WindowManager: Unhandled key: win=Window{e1914d2 u0 com.android.providers.media/com.android.providers.media.RingtonePickerActivity}, action=1, flags=8, keyCode=22, scanCode=0, metaState=0, repeatCount=0, policyFlags=1795162112
02-13 12:15:09.082269   800   940 D WindowManager: No fallback.
02-13 12:15:09.451062   800   936 D DataShapingService: [openLteDataUpLinkGate] isForce: false
02-13 12:15:09.451329   800   936 D DataShapingService: Alarm manager openLteDataUpLinkGate: false
02-13 12:15:09.451465   800   936 I DataShapingService: openLteGateSuccess = false
02-13 12:15:09.473327   800   959 D WifiP2pService: InactiveState{ when=0 what=143375 arg1=1 arg2=196614 obj=name=WifiStateMachine state=ConnectedState target=com.android.internal.util.StateMachine$SmHandler }
02-13 12:15:09.473706   800   959 D WifiP2pService: P2pEnabledState{ when=-1ms what=143375 arg1=1 arg2=196614 obj=name=WifiStateMachine state=ConnectedState target=com.android.internal.util.StateMachine$SmHandler }
02-13 12:15:09.496820   800   959 D WifiP2pService: InactiveState{ when=0 what=143375 target=com.android.internal.util.StateMachine$SmHandler }
02-13 12:15:09.497118   800   959 D WifiP2pService: P2pEnabledState{ when=0 what=143375 target=com.android.internal.util.StateMachine$SmHandler }
02-13 12:15:09.509978   800   877 I WifiDisplayController: Received NETWORK_STATE_CHANGED,con:true,SSID:"maidu_sslink_5g",Freq:5745,netId:0, updated:false
02-13 12:15:10.218767   800   880 D DuraSpeed/DuraSpeedService: [onPlaybackConfigChanged], play music packageNames:[]
02-13 12:15:10.219562   800   880 D DuraSpeed/DSPolicyFactory: packageName: com.android.browser, delay about 316963ms by now
02-13 12:15:10.220166   800   880 D DuraSpeed/DSPolicyFactory: packageName: com.android.inputmethod.latin, delay about 169070ms by now
02-13 12:15:11.459292   800   880 D DuraSpeed/DuraSpeedService: [onPlaybackConfigChanged], play music packageNames:[]
02-13 12:15:11.460043   800   880 D DuraSpeed/DSPolicyFactory: packageName: com.android.browser, delay about 318204ms by now
02-13 12:15:11.460405   800   880 D DuraSpeed/DSPolicyFactory: packageName: com.android.inputmethod.latin, delay about 170310ms by now
02-13 12:15:13.132293   800   940 D WindowManager: Unhandled key: win=Window{e1914d2 u0 com.android.providers.media/com.android.providers.media.RingtonePickerActivity}, action=0, flags=8, keyCode=22, scanCode=0, metaState=0, repeatCount=0, policyFlags=1795162112
02-13 12:15:13.132448   800   940 D WindowManager: No fallback.
02-13 12:15:13.137132   800   940 D WindowManager: Unhandled key: win=Window{e1914d2 u0 com.android.providers.media/com.android.providers.media.RingtonePickerActivity}, action=1, flags=8, keyCode=22, scanCode=0, metaState=0, repeatCount=0, policyFlags=1795162112
02-13 12:15:13.137268   800   940 D WindowManager: No fallback.
02-13 12:15:14.193489   800 13279 V WindowManager: Set focused app to: AppWindowToken{1b38b6e token=Token{fc9a2e9 ActivityRecord{7f1cf70 u0 com.android.contacts/.quickcontact.QuickContactActivity t891}}} old focus=AppWindowToken{6103407 token=Token{bad9a46 ActivityRecord{529c621 u0 com.android.providers.media/.RingtonePickerActivity t891}}} moveFocusNow=true
02-13 12:15:14.194288   800 13279 V WindowManager: Changing focus from Window{e1914d2 u0 com.android.providers.media/com.android.providers.media.RingtonePickerActivity} to Window{a1084a5 u0 com.android.contacts/com.android.contacts.quickcontact.QuickContactActivity} Callers=com.android.server.wm.WindowManagerService.setFocusedApp:2760 com.android.server.am.ActivityManagerService.setResumedActivityUncheckLocked:3231 com.android.server.am.ActivityStack.setResumedActivityLocked:2284 com.android.server.am.ActivityStack.resumeTopActivityInnerLocked:2599 
02-13 12:15:14.194674   800 13279 D WindowManager: Input focus has changed to Window{a1084a5 u0 com.android.contacts/com.android.contacts.quickcontact.QuickContactActivity}
02-13 12:15:14.196502   800   880 D DuraSpeed/DSPolicyBase: setCurrentLauncher, currentLauncher = com.android.launcher3
02-13 12:15:14.196652   800   880 D DuraSpeed/DuraSpeedInternalManager: switchState, currentPackage = com.android.contacts, event = 1004
02-13 12:15:14.196741   800   880 D DuraSpeed/DuraSpeedInternalManager: switchState, is activity pause, do noting.
02-13 12:15:14.207049   800   877 I WindowManager: Focus moving from Window{e1914d2 u0 com.android.providers.media/com.android.providers.media.RingtonePickerActivity} to Window{a1084a5 u0 com.android.contacts/com.android.contacts.quickcontact.QuickContactActivity}
02-13 12:15:14.300842   800  8250 D IdleScreen: activityIdleScreen: android.app.ContextImpl@b998e3a mNotifyNeeded: false idleIntent: Intent { act=android.intent.action.RINGTONE_PICKER flg=0x800000 cmp=com.android.providers.media/.RingtonePickerActivity (has extras) }
02-13 12:15:15.237128   800  8213 V WindowManager: Changing focus from Window{a1084a5 u0 com.android.contacts/com.android.contacts.quickcontact.QuickContactActivity} to Window{32c5682 u0 PopupWindow:b37e88f} Callers=com.android.server.wm.WindowManagerService.addWindow:1590 com.android.server.wm.Session.addToDisplay:202 android.view.IWindowSession$Stub.onTransact:124 com.android.server.wm.Session.onTransact:163 
02-13 12:15:15.241180   800  8213 D WindowManager: Input focus has changed to Window{32c5682 u0 PopupWindow:b37e88f}
02-13 12:15:15.243413   800   877 I WindowManager: Focus moving from Window{a1084a5 u0 com.android.contacts/com.android.contacts.quickcontact.QuickContactActivity} to Window{32c5682 u0 PopupWindow:b37e88f}
02-13 12:15:15.328146   800   877 I WindowManager: Losing delayed focus: Window{a1084a5 u0 com.android.contacts/com.android.contacts.quickcontact.QuickContactActivity}
02-13 12:15:17.219586   800  8484 V WindowManager: Changing focus from Window{32c5682 u0 PopupWindow:b37e88f} to Window{a1084a5 u0 com.android.contacts/com.android.contacts.quickcontact.QuickContactActivity} Callers=com.android.server.wm.WindowManagerService.relayoutWindow:2192 com.android.server.wm.Session.relayout:239 android.view.IWindowSession$Stub.onTransact:286 com.android.server.wm.Session.onTransact:163 
02-13 12:15:17.219920   800  8484 D WindowManager: Input focus has changed to Window{a1084a5 u0 com.android.contacts/com.android.contacts.quickcontact.QuickContactActivity}
02-13 12:15:17.225894   800   877 I WindowManager: Focus moving from Window{32c5682 u0 PopupWindow:b37e88f} to Window{a1084a5 u0 com.android.contacts/com.android.contacts.quickcontact.QuickContactActivity}
02-13 12:15:20.278317   800  8213 I ActivityManager: START u0 {act=android.intent.action.CALL dat=tel:xxxx flg=0x10000000 cmp=com.android.server.telecom/.components.UserCallActivity (has extras)} from uid 10013
02-13 12:15:20.319513   800   880 D DuraSpeed/DSPolicyBase: setCurrentLauncher, currentLauncher = com.android.launcher3
02-13 12:15:20.320639   800   880 D DuraSpeed/DuraSpeedInternalManager: switchState, currentPackage = com.android.server.telecom, event = 1004
02-13 12:15:20.320925   800   880 D DuraSpeed/DuraSpeedInternalManager: switchState, is activity pause, do noting.
02-13 12:15:20.325860   800  8213 V WindowManager: Set focused app to: AppWindowToken{e4d58ce token=Token{25ec9c9 ActivityRecord{f59c5d0 u0 com.android.server.telecom/.components.UserCallActivity t941}}} old focus=AppWindowToken{1b38b6e token=Token{fc9a2e9 ActivityRecord{7f1cf70 u0 com.android.contacts/.quickcontact.QuickContactActivity t891}}} moveFocusNow=true
02-13 12:15:20.326305   800  8213 V WindowManager: findFocusedWindow: Reached focused app=AppWindowToken{e4d58ce token=Token{25ec9c9 ActivityRecord{f59c5d0 u0 com.android.server.telecom/.components.UserCallActivity t941}}}
02-13 12:15:20.326812   800  8213 V WindowManager: Changing focus from Window{a1084a5 u0 com.android.contacts/com.android.contacts.quickcontact.QuickContactActivity} to null Callers=com.android.server.wm.WindowManagerService.setFocusedApp:2760 com.android.server.am.ActivityManagerService.setResumedActivityUncheckLocked:3231 com.android.server.am.ActivityStack.setResumedActivityLocked:2284 com.android.server.am.ActivityStack.minimalResumeActivityLocked:1093 
02-13 12:15:20.327048   800  8213 D WindowManager: Input focus has changed to null
02-13 12:15:20.329210   800   877 I WindowManager: Focus moving from Window{a1084a5 u0 com.android.contacts/com.android.contacts.quickcontact.QuickContactActivity} to null
02-13 12:15:20.390258   800   800 I Telecom : CallIntentProcessor: onReceive - isUnknownCall: false: PCR.oR@GkE
02-13 12:15:20.392894 10626 10626 I TelecomFramework: UserCallActivity: onCreate done
02-13 12:15:20.412856   800  8484 V WindowManager: Set focused app to: AppWindowToken{1b38b6e token=Token{fc9a2e9 ActivityRecord{7f1cf70 u0 com.android.contacts/.quickcontact.QuickContactActivity t891}}} old focus=AppWindowToken{e4d58ce token=Token{25ec9c9 ActivityRecord{f59c5d0 u0 com.android.server.telecom/.components.UserCallActivity t941}}} moveFocusNow=true
02-13 12:15:20.413574   800  8484 V WindowManager: Changing focus from null to Window{a1084a5 u0 com.android.contacts/com.android.contacts.quickcontact.QuickContactActivity} Callers=com.android.server.wm.WindowManagerService.setFocusedApp:2760 com.android.server.am.ActivityManagerService.setResumedActivityUncheckLocked:3231 com.android.server.am.ActivityStack.setResumedActivityLocked:2284 com.android.server.am.ActivityStack.resumeTopActivityInnerLocked:2599 
02-13 12:15:20.413886   800  8484 D WindowManager: Input focus has changed to Window{a1084a5 u0 com.android.contacts/com.android.contacts.quickcontact.QuickContactActivity}
02-13 12:15:20.422893   800   877 I WindowManager: Focus moving from null to Window{a1084a5 u0 com.android.contacts/com.android.contacts.quickcontact.QuickContactActivity}
02-13 12:15:20.427823   800   800 I Telecom : LogUtils: EventRecord added as Call: [TC@34, NEW, null, tel:****, A, childs(0), has_parent(false), [Capabilities:], [Properties:]]: PCR.oR@GkE
02-13 12:15:20.428412   800   800 I Telecom : Event: RecordEntry TC@34: CREATED, null: PCR.oR@GkE
02-13 12:15:20.429836   800   880 D DuraSpeed/DSPolicyBase: setCurrentLauncher, currentLauncher = com.android.launcher3
02-13 12:15:20.430165   800   880 D DuraSpeed/DuraSpeedInternalManager: switchState, currentPackage = com.android.contacts, event = 1004
02-13 12:15:20.459865   800   800 I Telecom : Event: RecordEntry TC@34: SET_CONNECTING, ComponentInfo{com.android.phone/com.android.services.telephony.TelephonyConnectionService}, [****], UserHandle{0}: PCR.oR@GkE
02-13 12:15:20.461768   800  1208 I Telecom : CallAudioRouteStateMachine: Message received: UPDATE_SYSTEM_AUDIO_ROUTE=1201, arg1=0: PCR.oR->CARSM.pM_UPDATE_SYSTEM_AUDIO_ROUTE@GkE
02-13 12:15:20.461740   800   800 W Telecom : CallsManager: [getCallForVoiceRecord] no call is recording: PCR.oR@GkE
02-13 12:15:20.464627   800  1214 I Telecom : CallAudioModeStateMachine: Message received: NEW_ACTIVE_OR_DIALING_CALL.: PCR.oR->CAMSM.pM_2001@GkE
02-13 12:15:20.464734   800   800 I Telecom : InCallController: onCallAdded: [TC@34, CONNECTING, null, tel:****, A, childs(0), has_parent(false), [Capabilities:], [Properties:]]; not bound or connected.: PCR.oR@GkE
02-13 12:15:20.464906   800  1214 I Telecom : CallAudioModeStateMachine: Audio focus entering SIM CALL state: PCR.oR->CAMSM.pM_2001@GkE
02-13 12:15:20.468547   800   800 I Telecom : InCallController: defaultDialer: null: PCR.oR@GkE
02-13 12:15:20.468773   800   800 I Telecom : InCallController: defaultDialer: null: PCR.oR@GkE
