02-13 12:10:59.824008   800   880 D DuraSpeed/DuraSpeedInternalManager: switchState, currentPackage = com.honeywell.systemtools.autoinstall, event = 1004
02-13 12:10:59.824104   800   880 D DuraSpeed/DuraSpeedInternalManager: switchState, is activity pause, do noting.
02-13 12:10:59.832676   800  6868 V WindowManager: Set focused app to: AppWindowToken{6390cfa token=Token{2545531 ActivityRecord{5a3dd8 u0 com.honeywell.systemtools.autoinstall/.setting.Settings t937}}} old focus=AppWindowToken{778445e token=Token{6fca912 ActivityRecord{75be09d u0 com.android.gallery3d/.app.GalleryActivity t67}}} moveFocusNow=true
02-13 12:10:59.833706   800  6868 V WindowManager: Changing focus from Window{cde7359 u0 com.android.gallery3d/com.android.gallery3d.app.GalleryActivity} to null Callers=com.android.server.wm.WindowManagerService.setFocusedApp:2760 com.android.server.am.ActivityManagerService.setResumedActivityUncheckLocked:3231 com.android.server.am.ActivityStack.setResumedActivityLocked:2284 com.android.server.am.ActivityStack.minimalResumeActivityLocked:1093 
02-13 12:10:59.833967   800  6868 D WindowManager: Input focus has changed to null
02-13 12:10:59.836691   800   877 I WindowManager: Focus moving from Window{cde7359 u0 com.android.gallery3d/com.android.gallery3d.app.GalleryActivity} to null
02-13 12:10:59.965851   800  6868 I WindowManager: Relayout Window{83f3805 u0 com.honeywell.systemtools.autoinstall/com.honeywell.systemtools.autoinstall.setting.Settings}: oldVis=4 newVis=0 focusMayChange = true
02-13 12:10:59.973988   800  6868 V WindowManager: Changing focus from null to Window{83f3805 u0 com.honeywell.systemtools.autoinstall/com.honeywell.systemtools.autoinstall.setting.Settings} Callers=com.android.server.wm.WindowManagerService.relayoutWindow:2192 com.android.server.wm.Session.relayout:239 android.view.IWindowSession$Stub.onTransact:286 com.android.server.wm.Session.onTransact:163 
02-13 12:10:59.974296   800  6868 D WindowManager: Input focus has changed to Window{83f3805 u0 com.honeywell.systemtools.autoinstall/com.honeywell.systemtools.autoinstall.setting.Settings}
02-13 12:10:59.985244   800   877 I WindowManager: Focus moving from null to Window{83f3805 u0 com.honeywell.systemtools.autoinstall/com.honeywell.systemtools.autoinstall.setting.Settings}
02-13 12:11:00.000666   800   936 D DataShapingService: [isDataShapingWhitelistApp] packageName: android
02-13 12:11:00.000855   800   936 D DataShapingUtils: [isDataShapingWhitelistApp] packageName: android, mWhitelist: []
02-13 12:11:00.001108   800   936 D DataShapingService: [openLteDataUpLinkGate] isForce: false
02-13 12:11:00.001216   800   936 D DataShapingService: Alarm manager openLteDataUpLinkGate: false
02-13 12:11:00.001253   800   936 I DataShapingService: openLteGateSuccess = false
02-13 12:11:00.090338   800  6868 D IdleScreen: activityIdleScreen: android.app.ContextImpl@b998e3a mNotifyNeeded: false idleIntent: Intent { act=android.intent.action.MAIN cat=[android.intent.category.LAUNCHER] flg=0x10200000 cmp=com.honeywell.systemtools.autoinstall/.setting.Settings }
02-13 12:11:00.885898   800   940 D WindowManager: Unhandled key: win=Window{83f3805 u0 com.honeywell.systemtools.autoinstall/com.honeywell.systemtools.autoinstall.setting.Settings}, action=0, flags=8, keyCode=233, scanCode=0, metaState=0, repeatCount=0, policyFlags=1795162112
02-13 12:11:00.886000   800   940 D WindowManager: No fallback.
02-13 12:11:00.890290   800   940 D WindowManager: Unhandled key: win=Window{83f3805 u0 com.honeywell.systemtools.autoinstall/com.honeywell.systemtools.autoinstall.setting.Settings}, action=1, flags=8, keyCode=233, scanCode=0, metaState=0, repeatCount=0, policyFlags=1795162112
02-13 12:11:00.890446   800   940 D WindowManager: No fallback.
02-13 12:11:03.058359   800  1140 V WindowManager: Changing focus from Window{83f3805 u0 com.honeywell.systemtools.autoinstall/com.honeywell.systemtools.autoinstall.setting.Settings} to Window{ccd4803 u0 Packages upgrade} Callers=com.android.server.wm.WindowManagerService.addWindow:1590 com.android.server.wm.Session.addToDisplay:202 android.view.IWindowSession$Stub.onTransact:124 com.android.server.wm.Session.onTransact:163 
02-13 12:11:03.061523   800  1140 D WindowManager: Input focus has changed to Window{ccd4803 u0 Packages upgrade}
02-13 12:11:03.064077   800   877 I WindowManager: Focus moving from Window{83f3805 u0 com.honeywell.systemtools.autoinstall/com.honeywell.systemtools.autoinstall.setting.Settings} to Window{ccd4803 u0 Packages upgrade}
02-13 12:11:03.153468   800   877 I WindowManager: Losing delayed focus: Window{83f3805 u0 com.honeywell.systemtools.autoinstall/com.honeywell.systemtools.autoinstall.setting.Settings}
02-13 12:11:04.714923   800  1140 V WindowManager: Remove Window{ccd4803 u0 Packages upgrade} client=ebad0b2, surfaceController=Surface(name=Packages upgrade) Callers=com.android.server.wm.WindowState.removeIfPossible:1860 com.android.server.wm.WindowManagerService.removeWindow:1757 com.android.server.wm.Session.remove:222 android.view.IWindowSession$Stub.onTransact:242 com.android.server.wm.Session.onTransact:163 
02-13 12:11:04.717045   800  1140 V WindowManager: Changing focus from Window{ccd4803 u0 Packages upgrade EXITING} to Window{83f3805 u0 com.honeywell.systemtools.autoinstall/com.honeywell.systemtools.autoinstall.setting.Settings} Callers=com.android.server.wm.WindowState.setupWindowForRemoveOnExit:2008 com.android.server.wm.WindowState.removeIfPossible:1980 com.android.server.wm.WindowState.removeIfPossible:1860 com.android.server.wm.WindowManagerService.removeWindow:1757 
02-13 12:11:04.717392   800  1140 D WindowManager: Input focus has changed to Window{83f3805 u0 com.honeywell.systemtools.autoinstall/com.honeywell.systemtools.autoinstall.setting.Settings}
02-13 12:11:04.736626   800   877 I WindowManager: Focus moving from Window{ccd4803 u0 Packages upgrade EXITING} to Window{83f3805 u0 com.honeywell.systemtools.autoinstall/com.honeywell.systemtools.autoinstall.setting.Settings}
02-13 12:11:05.116911   800   940 D WindowManager: Unhandled key: win=Window{83f3805 u0 com.honeywell.systemtools.autoinstall/com.honeywell.systemtools.autoinstall.setting.Settings}, action=0, flags=8, keyCode=159, scanCode=0, metaState=0, repeatCount=0, policyFlags=1795162112
02-13 12:11:05.117020   800   940 D WindowManager: No fallback.
02-13 12:11:05.121582   800   940 D WindowManager: Unhandled key: win=Window{83f3805 u0 com.honeywell.systemtools.autoinstall/com.honeywell.systemtools.autoinstall.setting.Settings}, action=1, flags=8, keyCode=159, scanCode=0, metaState=0, repeatCount=0, policyFlags=1795162112
02-13 12:11:05.121670   800   940 D WindowManager: No fallback.
02-13 12:11:06.774182   800   800 W WindowManager: removeWindowToken: Attempted to remove non-existing token: android.os.Binder@2892aae
02-13 12:11:09.189478   800   940 D WindowManager: Unhandled key: win=Window{83f3805 u0 com.honeywell.systemtools.autoinstall/com.honeywell.systemtools.autoinstall.setting.Settings}, action=0, flags=8, keyCode=22, scanCode=0, metaState=0, repeatCount=0, policyFlags=1795162112
02-13 12:11:09.189723   800   940 D WindowManager: No fallback.
02-13 12:11:09.198104   800   940 D WindowManager: Unhandled key: win=Window{83f3805 u0 com.honeywell.systemtools.autoinstall/com.honeywell.systemtools.autoinstall.setting.Settings}, action=1, flags=8, keyCode=22, scanCode=0, metaState=0, repeatCount=0, policyFlags=1795162112
02-13 12:11:09.198299   800   940 D WindowManager: No fallback.
02-13 12:11:09.269140   800   936 D DataShapingService: [openLteDataUpLinkGate] isForce: false
02-13 12:11:09.269409   800   936 D DataShapingService: Alarm manager openLteDataUpLinkGate: false
02-13 12:11:09.269522   800   936 I DataShapingService: openLteGateSuccess = false
02-13 12:11:09.291088   800   959 D WifiP2pService: InactiveState{ when=0 what=143375 arg1=1 arg2=196614 obj=name=WifiStateMachine state=ConnectedState target=com.android.internal.util.StateMachine$SmHandler }
02-13 12:11:09.291464   800   959 D WifiP2pService: P2pEnabledState{ when=0 what=143375 arg1=1 arg2=196614 obj=name=WifiStateMachine state=ConnectedState target=com.android.internal.util.StateMachine$SmHandler }
02-13 12:11:09.313434   800   959 D WifiP2pService: InactiveState{ when=0 what=143375 target=com.android.internal.util.StateMachine$SmHandler }
02-13 12:11:09.313715   800   959 D WifiP2pService: P2pEnabledState{ when=-1ms what=143375 target=com.android.internal.util.StateMachine$SmHandler }
02-13 12:11:09.326552   800   877 I WifiDisplayController: Received NETWORK_STATE_CHANGED,con:true,SSID:"maidu_sslink_5g",Freq:5745,netId:0, updated:false
02-13 12:11:10.208258   800   940 D WindowManager: Unhandled key: win=Window{83f3805 u0 com.honeywell.systemtools.autoinstall/com.honeywell.systemtools.autoinstall.setting.Settings}, action=0, flags=8, keyCode=22, scanCode=0, metaState=0, repeatCount=0, policyFlags=1795162112
02-13 12:11:10.208465   800   940 D WindowManager: No fallback.
02-13 12:11:10.216232   800   940 D WindowManager: Unhandled key: win=Window{83f3805 u0 com.honeywell.systemtools.autoinstall/com.honeywell.systemtools.autoinstall.setting.Settings}, action=1, flags=8, keyCode=22, scanCode=0, metaState=0, repeatCount=0, policyFlags=1795162112
02-13 12:11:10.216435   800   940 D WindowManager: No fallback.
02-13 12:11:14.288705   800  2678 V WindowManager: Set focused app to: AppWindowToken{778445e token=Token{6fca912 ActivityRecord{75be09d u0 com.android.gallery3d/.app.GalleryActivity t67}}} old focus=AppWindowToken{6390cfa token=Token{2545531 ActivityRecord{5a3dd8 u0 com.honeywell.systemtools.autoinstall/.setting.Settings t937}}} moveFocusNow=true
02-13 12:11:14.289342   800   880 D DuraSpeed/DSPolicyBase: setCurrentLauncher, currentLauncher = com.android.launcher3
02-13 12:11:14.289495   800   880 D DuraSpeed/DuraSpeedInternalManager: switchState, currentPackage = com.android.gallery3d, event = 1004
02-13 12:11:14.289575   800   880 D DuraSpeed/DuraSpeedInternalManager: switchState, is activity pause, do noting.
02-13 12:11:14.289772   800  2678 V WindowManager: Changing focus from Window{83f3805 u0 com.honeywell.systemtools.autoinstall/com.honeywell.systemtools.autoinstall.setting.Settings} to null Callers=com.android.server.wm.WindowManagerService.setFocusedApp:2760 com.android.server.am.ActivityManagerService.setResumedActivityUncheckLocked:3231 com.android.server.am.ActivityStack.setResumedActivityLocked:2284 com.android.server.am.ActivityStack.resumeTopActivityInnerLocked:2599 
02-13 12:11:14.290047   800  2678 D WindowManager: Input focus has changed to null
02-13 12:11:14.305333   800   877 I WindowManager: Focus moving from Window{83f3805 u0 com.honeywell.systemtools.autoinstall/com.honeywell.systemtools.autoinstall.setting.Settings} to null
02-13 12:11:14.398989   800  2678 I WindowManager: Relayout Window{cde7359 u0 com.android.gallery3d/com.android.gallery3d.app.GalleryActivity}: oldVis=4 newVis=0 focusMayChange = true
02-13 12:11:14.402807   800  2678 V WindowManager: Changing focus from null to Window{cde7359 u0 com.android.gallery3d/com.android.gallery3d.app.GalleryActivity} Callers=com.android.server.wm.WindowManagerService.relayoutWindow:2192 com.android.server.wm.Session.relayout:239 android.view.IWindowSession$Stub.onTransact:286 com.android.server.wm.Session.onTransact:163 
02-13 12:11:14.403129   800  2678 D WindowManager: Input focus has changed to Window{cde7359 u0 com.android.gallery3d/com.android.gallery3d.app.GalleryActivity}
02-13 12:11:14.410458   800   877 I WindowManager: Focus moving from null to Window{cde7359 u0 com.android.gallery3d/com.android.gallery3d.app.GalleryActivity}
02-13 12:11:14.738893   800  5862 D IdleScreen: activityIdleScreen: android.app.ContextImpl@b998e3a mNotifyNeeded: false idleIntent: Intent { act=android.intent.action.VIEW dat=content://media/external/images/media/222 typ=image/png flg=0x10400001 cmp=com.android.gallery3d/.app.GalleryActivity bnds=[149,489][221,561] }
02-13 12:11:15.273298   800   940 D WindowManager: Unhandled key: win=Window{cde7359 u0 com.android.gallery3d/com.android.gallery3d.app.GalleryActivity}, action=0, flags=8, keyCode=173, scanCode=0, metaState=0, repeatCount=0, policyFlags=1795162112
02-13 12:11:15.273383   800   940 D WindowManager: No fallback.
02-13 12:11:15.276220   800   940 D WindowManager: Unhandled key: win=Window{cde7359 u0 com.android.gallery3d/com.android.gallery3d.app.GalleryActivity}, action=1, flags=8, keyCode=173, scanCode=0, metaState=0, repeatCount=0, policyFlags=1795162112
02-13 12:11:15.276294   800   940 D WindowManager: No fallback.
02-13 12:11:18.423245   800  6868 V WindowManager: Changing focus from Window{cde7359 u0 com.android.gallery3d/com.android.gallery3d.app.GalleryActivity} to Window{1d20f6a u0 PopupWindow:46a508c} Callers=com.android.server.wm.WindowManagerService.addWindow:1590 com.android.server.wm.Session.addToDisplay:202 android.view.IWindowSession$Stub.onTransact:124 com.android.server.wm.Session.onTransact:163 
02-13 12:11:18.425155   800  6868 D WindowManager: Input focus has changed to Window{1d20f6a u0 PopupWindow:46a508c}
02-13 12:11:18.426462   800   877 I WindowManager: Focus moving from Window{cde7359 u0 com.android.gallery3d/com.android.gallery3d.app.GalleryActivity} to Window{1d20f6a u0 PopupWindow:46a508c}
02-13 12:11:18.512496   800   877 I WindowManager: Losing delayed focus: Window{cde7359 u0 com.android.gallery3d/com.android.gallery3d.app.GalleryActivity}
02-13 12:11:19.387499   800  6868 V WindowManager: Changing focus from Window{1d20f6a u0 PopupWindow:46a508c} to Window{cde7359 u0 com.android.gallery3d/com.android.gallery3d.app.GalleryActivity} Callers=com.android.server.wm.WindowManagerService.relayoutWindow:2192 com.android.server.wm.Session.relayout:239 android.view.IWindowSession$Stub.onTransact:286 com.android.server.wm.Session.onTransact:163 
02-13 12:11:19.387763   800  6868 D WindowManager: Input focus has changed to Window{cde7359 u0 com.android.gallery3d/com.android.gallery3d.app.GalleryActivity}
02-13 12:11:19.393363   800   877 I WindowManager: Focus moving from Window{1d20f6a u0 PopupWindow:46a508c} to Window{cde7359 u0 com.android.gallery3d/com.android.gallery3d.app.GalleryActivity}
02-13 12:11:21.468210   800  2678 I ActivityManager: START u0 {act=android.intent.action.CHOOSER flg=0x1 cmp=android/com.android.internal.app.ChooserActivity clip={image/png U:content://media/external/images/media/234} (has extras)} from uid 10069
02-13 12:11:21.509377   800   880 D DuraSpeed/DSPolicyBase: setCurrentLauncher, currentLauncher = com.android.launcher3
02-13 12:11:21.509602   800   880 D DuraSpeed/DuraSpeedInternalManager: switchState, currentPackage = android, event = 1004
02-13 12:11:21.510050   800   880 D DuraSpeed/DuraSpeedInternalManager: switchState, is activity pause, do noting.
02-13 12:11:21.515671   800  5862 V WindowManager: Set focused app to: AppWindowToken{b81337 token=Token{379b836 ActivityRecord{a9ce5d1 u0 android/com.android.internal.app.ChooserActivity t67}}} old focus=AppWindowToken{778445e token=Token{6fca912 ActivityRecord{75be09d u0 com.android.gallery3d/.app.GalleryActivity t67}}} moveFocusNow=true
02-13 12:11:21.516084   800  5862 V WindowManager: findFocusedWindow: Reached focused app=AppWindowToken{b81337 token=Token{379b836 ActivityRecord{a9ce5d1 u0 android/com.android.internal.app.ChooserActivity t67}}}
02-13 12:11:21.516569   800  5862 V WindowManager: Changing focus from Window{cde7359 u0 com.android.gallery3d/com.android.gallery3d.app.GalleryActivity} to null Callers=com.android.server.wm.WindowManagerService.setFocusedApp:2760 com.android.server.am.ActivityManagerService.setResumedActivityUncheckLocked:3231 com.android.server.am.ActivityStack.setResumedActivityLocked:2284 com.android.server.am.ActivityStack.minimalResumeActivityLocked:1093 
02-13 12:11:21.516818   800  5862 D WindowManager: Input focus has changed to null
02-13 12:11:21.519661   800   877 I WindowManager: Focus moving from Window{cde7359 u0 com.android.gallery3d/com.android.gallery3d.app.GalleryActivity} to null
02-13 12:11:21.564932   800  1140 I ActivityManager: START u0 {act=action_nextgen_edit dat=content://media/external/images/media/234 typ=image/png flg=0x17000001 cmp=com.android.gallery3d/.filtershow.FilterShowActivity (has extras)} from uid 10069
02-13 12:11:21.567584   800  1140 W ActivityManager: Activity is launching as a new task, so cancelling activity result.
02-13 12:11:21.569651   800  1140 V WindowManager: findFocusedWindow: Reached focused app=AppWindowToken{b81337 token=Token{379b836 ActivityRecord{a9ce5d1 u0 android/com.android.internal.app.ChooserActivity t67}}}
02-13 12:11:21.572619   800  1140 V WindowManager: findFocusedWindow: Reached focused app=AppWindowToken{b81337 token=Token{379b836 ActivityRecord{a9ce5d1 u0 android/com.android.internal.app.ChooserActivity t67}}}
02-13 12:11:21.596955   800   880 D DuraSpeed/DSPolicyBase: setCurrentLauncher, currentLauncher = com.android.launcher3
02-13 12:11:21.597165   800   880 D DuraSpeed/DuraSpeedInternalManager: switchState, currentPackage = com.android.gallery3d, event = 1004
02-13 12:11:21.597259   800   880 D DuraSpeed/DuraSpeedInternalManager: switchState, is activity pause, do noting.
02-13 12:11:21.602514   800  5862 V WindowManager: Set focused app to: AppWindowToken{df8051f token=Token{d10322f ActivityRecord{7e3980e u0 com.android.gallery3d/.filtershow.FilterShowActivity t938}}} old focus=AppWindowToken{b81337 token=Token{379b836 ActivityRecord{a9ce5d1 u0 android/com.android.internal.app.ChooserActivity t67}}} moveFocusNow=true
02-13 12:11:21.697198   800  5862 I WindowManager: Relayout Window{7e58446 u0 com.android.gallery3d/com.android.gallery3d.filtershow.FilterShowActivity}: oldVis=4 newVis=0 focusMayChange = true
02-13 12:11:21.701223   800  5862 V WindowManager: Changing focus from null to Window{7e58446 u0 com.android.gallery3d/com.android.gallery3d.filtershow.FilterShowActivity} Callers=com.android.server.wm.WindowManagerService.relayoutWindow:2192 com.android.server.wm.Session.relayout:239 android.view.IWindowSession$Stub.onTransact:286 com.android.server.wm.Session.onTransact:163 
02-13 12:11:21.701564   800  5862 D WindowManager: Input focus has changed to Window{7e58446 u0 com.android.gallery3d/com.android.gallery3d.filtershow.FilterShowActivity}
02-13 12:11:21.710868   800   877 I WindowManager: Focus moving from null to Window{7e58446 u0 com.android.gallery3d/com.android.gallery3d.filtershow.FilterShowActivity}
02-13 12:11:22.214194   800  1140 D IdleScreen: activityIdleScreen: android.app.ContextImpl@b998e3a mNotifyNeeded: false idleIntent: Intent { act=android.intent.action.CHOOSER flg=0x800001 cmp=android/com.android.internal.app.ChooserActivity clip={image/png U:content://media/external/images/media/234} (has extras) }
02-13 12:11:28.424528   800   951 D WifiController: battery changed pluggedType: 2
02-13 12:11:32.697941   800  5862 V WindowManager: Changing focus from Window{7e58446 u0 com.android.gallery3d/com.android.gallery3d.filtershow.FilterShowActivity} to Window{b219315 u0 PopupWindow:4ee3701} Callers=com.android.server.wm.WindowManagerService.addWindow:1590 com.android.server.wm.Session.addToDisplay:202 android.view.IWindowSession$Stub.onTransact:124 com.android.server.wm.Session.onTransact:163 
02-13 12:11:32.699865   800  5862 D WindowManager: Input focus has changed to Window{b219315 u0 PopupWindow:4ee3701}
02-13 12:11:32.701262   800   877 I WindowManager: Focus moving from Window{7e58446 u0 com.android.gallery3d/com.android.gallery3d.filtershow.FilterShowActivity} to Window{b219315 u0 PopupWindow:4ee3701}
02-13 12:11:32.772225   800   877 I WindowManager: Losing delayed focus: Window{7e58446 u0 com.android.gallery3d/com.android.gallery3d.filtershow.FilterShowActivity}
02-13 12:11:33.673965   800   940 D WindowManager: Unhandled key: win=Window{b219315 u0 PopupWindow:4ee3701}, action=0, flags=8, keyCode=202, scanCode=0, metaState=0, repeatCount=0, policyFlags=1795162112
02-13 12:11:33.674243   800   940 D WindowManager: Fallback: keyCode=23 metaState=0
02-13 12:11:33.749143   800   940 D WindowManager: Performing fallback: KeyEvent { action=ACTION_DOWN, keyCode=KEYCODE_DPAD_CENTER, scanCode=0, metaState=0, flags=0x408, repeatCount=0, eventTime=74805794, downTime=74805794, deviceId=-1, source=0x101, modifyState=0 }
02-13 12:11:33.795809   800   940 D WindowManager: Unhandled key: win=Window{b219315 u0 PopupWindow:4ee3701}, action=1, flags=8, keyCode=202, scanCode=0, metaState=0, repeatCount=0, policyFlags=1795162112
02-13 12:11:33.795894   800   940 D WindowManager: Fallback: keyCode=23 metaState=0
02-13 12:11:33.814256   800   940 D WindowManager: Performing fallback: KeyEvent { action=ACTION_UP, keyCode=KEYCODE_DPAD_CENTER, scanCode=0, metaState=0, flags=0x408, repeatCount=0, eventTime=74805802, downTime=74805802, deviceId=-1, source=0x101, modifyState=0 }
02-13 12:11:35.847786   800  8484 V WindowManager: Remove Window{b219315 u0 PopupWindow:4ee3701} client=2e7f4cc, surfaceController=Surface(name=PopupWindow:4ee3701) Callers=com.android.server.wm.WindowState.removeIfPossible:1860 com.android.server.wm.WindowManagerService.removeWindow:1757 com.android.server.wm.Session.remove:222 android.view.IWindowSession$Stub.onTransact:242 com.android.server.wm.Session.onTransact:163 
02-13 12:11:35.851867   800  8484 V WindowManager: Changing focus from Window{b219315 u0 PopupWindow:4ee3701 EXITING} to Window{7e58446 u0 com.android.gallery3d/com.android.gallery3d.filtershow.FilterShowActivity} Callers=com.android.server.wm.WindowState.setupWindowForRemoveOnExit:2008 com.android.server.wm.WindowState.removeIfPossible:1980 com.android.server.wm.WindowState.removeIfPossible:1860 com.android.server.wm.WindowManagerService.removeWindow:1757 
02-13 12:11:35.852765   800  8484 D WindowManager: Input focus has changed to Window{7e58446 u0 com.android.gallery3d/com.android.gallery3d.filtershow.FilterShowActivity}
02-13 12:11:35.870083   800   877 I WindowManager: Focus moving from Window{b219315 u0 PopupWindow:4ee3701 EXITING} to Window{7e58446 u0 com.android.gallery3d/com.android.gallery3d.filtershow.FilterShowActivity}
02-13 12:11:36.876163   800  8484 I ActivityManager: START u0 {act=android.intent.action.MAIN cat=[android.intent.category.LAUNCHER] flg=0x10200000 cmp=com.android.quicksearchbox/.SearchActivity} from uid 2000
02-13 12:11:36.906188   800   880 D DuraSpeed/DSPolicyBase: setCurrentLauncher, currentLauncher = com.android.launcher3
02-13 12:11:36.906439   800   880 D DuraSpeed/DuraSpeedInternalManager: switchState, currentPackage = com.android.quicksearchbox, event = 1004
02-13 12:11:36.906574   800   880 D DuraSpeed/DuraSpeedInternalManager: switchState, is activity pause, do noting.
02-13 12:11:36.906671   800  2678 V WindowManager: Set focused app to: AppWindowToken{bc04839 token=Token{d17800 ActivityRecord{43fe83 u0 com.android.quicksearchbox/.SearchActivity t931}}} old focus=AppWindowToken{df8051f token=Token{d10322f ActivityRecord{7e3980e u0 com.android.gallery3d/.filtershow.FilterShowActivity t938}}} moveFocusNow=true
02-13 12:11:36.907052   800  2678 V WindowManager: findFocusedWindow: Reached focused app=AppWindowToken{bc04839 token=Token{d17800 ActivityRecord{43fe83 u0 com.android.quicksearchbox/.SearchActivity t931}}}
02-13 12:11:36.907942   800  2678 V WindowManager: Changing focus from Window{7e58446 u0 com.android.gallery3d/com.android.gallery3d.filtershow.FilterShowActivity} to null Callers=com.android.server.wm.WindowManagerService.setFocusedApp:2760 com.android.server.am.ActivityManagerService.setResumedActivityUncheckLocked:3231 com.android.server.am.ActivityStack.setResumedActivityLocked:2284 com.android.server.am.ActivityStack.resumeTopActivityInnerLocked:2599 
02-13 12:11:36.908227   800  2678 D WindowManager: Input focus has changed to null
02-13 12:11:36.918645   800  8484 V WindowManager: findFocusedWindow: Reached focused app=AppWindowToken{bc04839 token=Token{d17800 ActivityRecord{43fe83 u0 com.android.quicksearchbox/.SearchActivity t931}}}
02-13 12:11:36.926444   800   923 V WindowManager: findFocusedWindow: Reached focused app=AppWindowToken{bc04839 token=Token{d17800 ActivityRecord{43fe83 u0 com.android.quicksearchbox/.SearchActivity t931}}}
02-13 12:11:36.931008   800   877 I WindowManager: Focus moving from Window{7e58446 u0 com.android.gallery3d/com.android.gallery3d.filtershow.FilterShowActivity} to null
02-13 12:11:36.940989   800  2678 V WindowManager: findFocusedWindow: Reached focused app=AppWindowToken{bc04839 token=Token{d17800 ActivityRecord{43fe83 u0 com.android.quicksearchbox/.SearchActivity t931}}}
02-13 12:11:36.941784   800  2678 V WindowManager: findFocusedWindow: Reached focused app=AppWindowToken{bc04839 token=Token{d17800 ActivityRecord{43fe83 u0 com.android.quicksearchbox/.SearchActivity t931}}}
02-13 12:11:36.963600   800  5862 I WindowManager: Relayout Window{4acbafb u0 com.android.quicksearchbox/com.android.quicksearchbox.SearchActivity}: oldVis=4 newVis=0 focusMayChange = true
02-13 12:11:36.967078   800  5862 V WindowManager: Changing focus from null to Window{4acbafb u0 com.android.quicksearchbox/com.android.quicksearchbox.SearchActivity} Callers=com.android.server.wm.WindowManagerService.relayoutWindow:2192 com.android.server.wm.Session.relayout:239 android.view.IWindowSession$Stub.onTransact:286 com.android.server.wm.Session.onTransact:163 
02-13 12:11:36.967326   800  5862 D WindowManager: Input focus has changed to Window{4acbafb u0 com.android.quicksearchbox/com.android.quicksearchbox.SearchActivity}
02-13 12:11:36.973580   800   877 I WindowManager: Focus moving from null to Window{4acbafb u0 com.android.quicksearchbox/com.android.quicksearchbox.SearchActivity}
02-13 12:11:37.040517   800  5862 D IdleScreen: activityIdleScreen: android.app.ContextImpl@b998e3a mNotifyNeeded: false idleIntent: Intent { act=android.search.action.GLOBAL_SEARCH flg=0x10000000 cmp=com.android.quicksearchbox/.SearchActivity (has extras) }
02-13 12:11:37.067473   800  5862 I WindowManager: Relayout Window{fe6fac6 u0 InputMethod}: oldVis=8 newVis=0 focusMayChange = true
02-13 12:11:40.048817   800   936 D DataShapingService: [openLteDataUpLinkGate] isForce: false
02-13 12:11:40.049086   800   936 D DataShapingService: Alarm manager openLteDataUpLinkGate: false
02-13 12:11:40.049189   800   936 I DataShapingService: openLteGateSuccess = false
02-13 12:11:42.040665   800   940 D WindowManager: Unhandled key: win=Window{4acbafb u0 com.android.quicksearchbox/com.android.quicksearchbox.SearchActivity}, action=0, flags=8, keyCode=109, scanCode=0, metaState=0, repeatCount=0, policyFlags=1795162112
02-13 12:11:42.040813   800   940 D WindowManager: Fallback: keyCode=82 metaState=0
02-13 12:11:42.048099   800   940 D WindowManager: Performing fallback: KeyEvent { action=ACTION_DOWN, keyCode=KEYCODE_MENU, scanCode=0, metaState=0, flags=0x408, repeatCount=0, eventTime=74814144, downTime=74814144, deviceId=-1, source=0x101, modifyState=0 }
02-13 12:11:42.064135   800  8484 V WindowManager: Changing focus from Window{4acbafb u0 com.android.quicksearchbox/com.android.quicksearchbox.SearchActivity} to Window{6eff13a u0 AtchDlg:com.android.quicksearchbox/com.android.quicksearchbox.SearchActivity} Callers=com.android.server.wm.WindowManagerService.addWindow:1590 com.android.server.wm.Session.addToDisplay:202 android.view.IWindowSession$Stub.onTransact:124 com.android.server.wm.Session.onTransact:163 
02-13 12:11:42.066796   800  8484 D WindowManager: Input focus has changed to Window{6eff13a u0 AtchDlg:com.android.quicksearchbox/com.android.quicksearchbox.SearchActivity}
02-13 12:11:42.068084   800   877 I WindowManager: Focus moving from Window{4acbafb u0 com.android.quicksearchbox/com.android.quicksearchbox.SearchActivity} to Window{6eff13a u0 AtchDlg:com.android.quicksearchbox/com.android.quicksearchbox.SearchActivity}
02-13 12:11:42.071265   800   940 D WindowManager: Unhandled key: win=Window{4acbafb u0 com.android.quicksearchbox/com.android.quicksearchbox.SearchActivity}, action=1, flags=8, keyCode=109, scanCode=0, metaState=0, repeatCount=0, policyFlags=1795162112
02-13 12:11:42.071383   800   940 D WindowManager: Fallback: keyCode=82 metaState=0
02-13 12:11:42.071892   800   940 D WindowManager: Performing fallback: KeyEvent { action=ACTION_UP, keyCode=KEYCODE_MENU, scanCode=0, metaState=0, flags=0x408, repeatCount=0, eventTime=74814156, downTime=74814156, deviceId=-1, source=0x101, modifyState=0 }
02-13 12:11:42.139223   800   877 I WindowManager: Losing delayed focus: Window{4acbafb u0 com.android.quicksearchbox/com.android.quicksearchbox.SearchActivity}
02-13 12:11:43.068372   800  2678 V WindowManager: Remove Window{6eff13a u0 AtchDlg:com.android.quicksearchbox/com.android.quicksearchbox.SearchActivity} client=a7c1065, surfaceController=Surface(name=AtchDlg:com.android.quicksearchbox/com.android.quicksearchbox.SearchActivity) Callers=com.android.server.wm.WindowState.removeIfPossible:1860 com.android.server.wm.WindowManagerService.removeWindow:1757 com.android.server.wm.Session.remove:222 android.view.IWindowSession$Stub.onTransact:242 com.android.server.wm.Session.onTransact:163 
02-13 12:11:43.069697   800  2678 V WindowManager: Changing focus from Window{6eff13a u0 AtchDlg:com.android.quicksearchbox/com.android.quicksearchbox.SearchActivity EXITING} to Window{4acbafb u0 com.android.quicksearchbox/com.android.quicksearchbox.SearchActivity} Callers=com.android.server.wm.WindowState.setupWindowForRemoveOnExit:2008 com.android.server.wm.WindowState.removeIfPossible:1980 com.android.server.wm.WindowState.removeIfPossible:1860 com.android.server.wm.WindowManagerService.removeWindow:1757 
02-13 12:11:43.069950   800  2678 D WindowManager: Input focus has changed to Window{4acbafb u0 com.android.quicksearchbox/com.android.quicksearchbox.SearchActivity}
02-13 12:11:43.075518   800   877 I WindowManager: Focus moving from Window{6eff13a u0 AtchDlg:com.android.quicksearchbox/com.android.quicksearchbox.SearchActivity EXITING} to Window{4acbafb u0 com.android.quicksearchbox/com.android.quicksearchbox.SearchActivity}
02-13 12:11:53.367242   800   940 D WindowManager: Unhandled key: win=Window{4acbafb u0 com.android.quicksearchbox/com.android.quicksearchbox.SearchActivity}, action=0, flags=8, keyCode=244, scanCode=0, metaState=0, repeatCount=0, policyFlags=1795162112
02-13 12:11:53.367351   800   940 D WindowManager: No fallback.
02-13 12:11:53.371657   800   940 D WindowManager: Unhandled key: win=Window{4acbafb u0 com.android.quicksearchbox/com.android.quicksearchbox.SearchActivity}, action=1, flags=8, keyCode=244, scanCode=0, metaState=0, repeatCount=0, policyFlags=1795162112
02-13 12:11:53.371760   800   940 D WindowManager: No fallback.
02-13 12:11:55.520810   800   940 D WindowManager: Unhandled key: win=Window{4acbafb u0 com.android.quicksearchbox/com.android.quicksearchbox.SearchActivity}, action=0, flags=8, keyCode=241, scanCode=0, metaState=0, repeatCount=0, policyFlags=1795162112
02-13 12:11:55.520939   800   940 D WindowManager: No fallback.
02-13 12:11:55.524985   800   940 D WindowManager: Unhandled key: win=Window{4acbafb u0 com.android.quicksearchbox/com.android.quicksearchbox.SearchActivity}, action=1, flags=8, keyCode=241, scanCode=0, metaState=0, repeatCount=0, policyFlags=1795162112
02-13 12:11:55.525097   800   940 D WindowManager: No fallback.
02-13 12:11:59.608069   800  8484 V WindowManager: Changing focus from Window{4acbafb u0 com.android.quicksearchbox/com.android.quicksearchbox.SearchActivity} to Window{a92cbdb u0 AtchDlg:com.android.quicksearchbox/com.android.quicksearchbox.SearchActivity} Callers=com.android.server.wm.WindowManagerService.addWindow:1590 com.android.server.wm.Session.addToDisplay:202 android.view.IWindowSession$Stub.onTransact:124 com.android.server.wm.Session.onTransact:163 
02-13 12:11:59.612881   800  8484 D WindowManager: Input focus has changed to Window{a92cbdb u0 AtchDlg:com.android.quicksearchbox/com.android.quicksearchbox.SearchActivity}
02-13 12:11:59.616782   800   877 I WindowManager: Focus moving from Window{4acbafb u0 com.android.quicksearchbox/com.android.quicksearchbox.SearchActivity} to Window{a92cbdb u0 AtchDlg:com.android.quicksearchbox/com.android.quicksearchbox.SearchActivity}
02-13 12:11:59.679286   800   877 I WindowManager: Losing delayed focus: Window{4acbafb u0 com.android.quicksearchbox/com.android.quicksearchbox.SearchActivity}
02-13 12:12:00.000656   800   936 D DataShapingService: [isDataShapingWhitelistApp] packageName: android
02-13 12:12:00.000795   800   936 D DataShapingUtils: [isDataShapingWhitelistApp] packageName: android, mWhitelist: []
02-13 12:12:00.000971   800   936 D DataShapingService: [openLteDataUpLinkGate] isForce: false
02-13 12:12:00.001030   800   936 D DataShapingService: Alarm manager openLteDataUpLinkGate: false
02-13 12:12:00.001060   800   936 I DataShapingService: openLteGateSuccess = false
02-13 12:12:00.596420   800   940 D WindowManager: Unhandled key: win=Window{a92cbdb u0 AtchDlg:com.android.quicksearchbox/com.android.quicksearchbox.SearchActivity}, action=0, flags=8, keyCode=38, scanCode=0, metaState=0, repeatCount=0, policyFlags=1795162112
02-13 12:12:00.596525   800   940 D WindowManager: No fallback.
02-13 12:12:00.598821   800   940 D WindowManager: Unhandled key: win=Window{a92cbdb u0 AtchDlg:com.android.quicksearchbox/com.android.quicksearchbox.SearchActivity}, action=1, flags=8, keyCode=38, scanCode=0, metaState=0, repeatCount=0, policyFlags=1795162112
02-13 12:12:00.598935   800   940 D WindowManager: No fallback.
02-13 12:12:01.623320   800  2678 V WindowManager: Remove Window{a92cbdb u0 AtchDlg:com.android.quicksearchbox/com.android.quicksearchbox.SearchActivity} client=4c71cea, surfaceController=Surface(name=AtchDlg:com.android.quicksearchbox/com.android.quicksearchbox.SearchActivity) Callers=com.android.server.wm.WindowState.removeIfPossible:1860 com.android.server.wm.WindowManagerService.removeWindow:1757 com.android.server.wm.Session.remove:222 android.view.IWindowSession$Stub.onTransact:242 com.android.server.wm.Session.onTransact:163 
02-13 12:12:01.626203   800  2678 V WindowManager: Changing focus from Window{a92cbdb u0 AtchDlg:com.android.quicksearchbox/com.android.quicksearchbox.SearchActivity EXITING} to Window{4acbafb u0 com.android.quicksearchbox/com.android.quicksearchbox.SearchActivity} Callers=com.android.server.wm.WindowState.setupWindowForRemoveOnExit:2008 com.android.server.wm.WindowState.removeIfPossible:1980 com.android.server.wm.WindowState.removeIfPossible:1860 com.android.server.wm.WindowManagerService.removeWindow:1757 
02-13 12:12:01.627255   800  2678 D WindowManager: Input focus has changed to Window{4acbafb u0 com.android.quicksearchbox/com.android.quicksearchbox.SearchActivity}
02-13 12:12:01.648509   800   877 I WindowManager: Focus moving from Window{a92cbdb u0 AtchDlg:com.android.quicksearchbox/com.android.quicksearchbox.SearchActivity EXITING} to Window{4acbafb u0 com.android.quicksearchbox/com.android.quicksearchbox.SearchActivity}
02-13 12:12:03.667053   800  6868 V WindowManager: Changing focus from Window{4acbafb u0 com.android.quicksearchbox/com.android.quicksearchbox.SearchActivity} to Window{e684ab7 u0 AtchDlg:com.android.quicksearchbox/com.android.quicksearchbox.SearchActivity} Callers=com.android.server.wm.WindowManagerService.addWindow:1590 com.android.server.wm.Session.addToDisplay:202 android.view.IWindowSession$Stub.onTransact:124 com.android.server.wm.Session.onTransact:163 
02-13 12:12:03.672534   800  6868 D WindowManager: Input focus has changed to Window{e684ab7 u0 AtchDlg:com.android.quicksearchbox/com.android.quicksearchbox.SearchActivity}
02-13 12:12:03.676392   800   877 I WindowManager: Focus moving from Window{4acbafb u0 com.android.quicksearchbox/com.android.quicksearchbox.SearchActivity} to Window{e684ab7 u0 AtchDlg:com.android.quicksearchbox/com.android.quicksearchbox.SearchActivity}
02-13 12:12:03.793252   800   877 I WindowManager: Losing delayed focus: Window{4acbafb u0 com.android.quicksearchbox/com.android.quicksearchbox.SearchActivity}
02-13 12:12:04.664152   800  6868 V WindowManager: Remove Window{e684ab7 u0 AtchDlg:com.android.quicksearchbox/com.android.quicksearchbox.SearchActivity} client=8721db6, surfaceController=Surface(name=AtchDlg:com.android.quicksearchbox/com.android.quicksearchbox.SearchActivity) Callers=com.android.server.wm.WindowState.removeIfPossible:1860 com.android.server.wm.WindowManagerService.removeWindow:1757 com.android.server.wm.Session.remove:222 android.view.IWindowSession$Stub.onTransact:242 com.android.server.wm.Session.onTransact:163 
02-13 12:12:04.665157   800  6868 V WindowManager: Changing focus from Window{e684ab7 u0 AtchDlg:com.android.quicksearchbox/com.android.quicksearchbox.SearchActivity EXITING} to Window{4acbafb u0 com.android.quicksearchbox/com.android.quicksearchbox.SearchActivity} Callers=com.android.server.wm.WindowState.setupWindowForRemoveOnExit:2008 com.android.server.wm.WindowState.removeIfPossible:1980 com.android.server.wm.WindowState.removeIfPossible:1860 com.android.server.wm.WindowManagerService.removeWindow:1757 
02-13 12:12:04.665497   800  6868 D WindowManager: Input focus has changed to Window{4acbafb u0 com.android.quicksearchbox/com.android.quicksearchbox.SearchActivity}
02-13 12:12:04.671061   800   877 I WindowManager: Focus moving from Window{e684ab7 u0 AtchDlg:com.android.quicksearchbox/com.android.quicksearchbox.SearchActivity EXITING} to Window{4acbafb u0 com.android.quicksearchbox/com.android.quicksearchbox.SearchActivity}
02-13 12:12:06.701978   800   940 D WindowManager: Unhandled key: win=Window{4acbafb u0 com.android.quicksearchbox/com.android.quicksearchbox.SearchActivity}, action=0, flags=8, keyCode=239, scanCode=0, metaState=0, repeatCount=0, policyFlags=1795162112
02-13 12:12:06.702185   800   940 D WindowManager: No fallback.
02-13 12:12:06.712197   800   940 D WindowManager: Unhandled key: win=Window{4acbafb u0 com.android.quicksearchbox/com.android.quicksearchbox.SearchActivity}, action=1, flags=8, keyCode=239, scanCode=0, metaState=0, repeatCount=0, policyFlags=1795162112
02-13 12:12:06.712410   800   940 D WindowManager: No fallback.
02-13 12:12:09.315466   800   936 D DataShapingService: [openLteDataUpLinkGate] isForce: false
02-13 12:12:09.315735   800   936 D DataShapingService: Alarm manager openLteDataUpLinkGate: false
02-13 12:12:09.315877   800   936 I DataShapingService: openLteGateSuccess = false
02-13 12:12:09.337557   800   959 D WifiP2pService: InactiveState{ when=-1ms what=143375 arg1=1 arg2=196614 obj=name=WifiStateMachine state=ConnectedState target=com.android.internal.util.StateMachine$SmHandler }
02-13 12:12:09.337927   800   959 D WifiP2pService: P2pEnabledState{ when=-1ms what=143375 arg1=1 arg2=196614 obj=name=WifiStateMachine state=ConnectedState target=com.android.internal.util.StateMachine$SmHandler }
02-13 12:12:09.360051   800   959 D WifiP2pService: InactiveState{ when=0 what=143375 target=com.android.internal.util.StateMachine$SmHandler }
02-13 12:12:09.360410   800   959 D WifiP2pService: P2pEnabledState{ when=0 what=143375 target=com.android.internal.util.StateMachine$SmHandler }
02-13 12:12:09.385890   800   877 I WifiDisplayController: Received NETWORK_STATE_CHANGED,con:true,SSID:"maidu_sslink_5g",Freq:5745,netId:0, updated:false
02-13 12:12:11.866851   800  2678 I ActivityManager: START u0 {act=android.intent.action.WEB_SEARCH flg=0x14000000 cmp=com.android.quicksearchbox/.google.GoogleSearch (has extras)} from uid 10082
02-13 12:12:11.892722   800  2678 V WindowManager: Set focused app to: AppWindowToken{b9edc90 token=Token{aacdb53 ActivityRecord{8fa5f42 u0 com.android.quicksearchbox/.google.GoogleSearch t931}}} old focus=AppWindowToken{bc04839 token=Token{d17800 ActivityRecord{43fe83 u0 com.android.quicksearchbox/.SearchActivity t931}}} moveFocusNow=true
02-13 12:12:11.893168   800  2678 V WindowManager: findFocusedWindow: Reached focused app=AppWindowToken{b9edc90 token=Token{aacdb53 ActivityRecord{8fa5f42 u0 com.android.quicksearchbox/.google.GoogleSearch t931}}}
02-13 12:12:11.894054   800  2678 V WindowManager: Changing focus from Window{4acbafb u0 com.android.quicksearchbox/com.android.quicksearchbox.SearchActivity} to null Callers=com.android.server.wm.WindowManagerService.setFocusedApp:2760 com.android.server.am.ActivityManagerService.setResumedActivityUncheckLocked:3231 com.android.server.am.ActivityStack.setResumedActivityLocked:2284 com.android.server.am.ActivityStack.minimalResumeActivityLocked:1093 
02-13 12:12:11.894296   800  2678 D WindowManager: Input focus has changed to null
02-13 12:12:11.896721   800   877 I WindowManager: Focus moving from Window{4acbafb u0 com.android.quicksearchbox/com.android.quicksearchbox.SearchActivity} to null
02-13 12:12:11.909424   800  2678 I ActivityManager: START u0 {act=android.intent.action.VIEW dat=http://www.google.com/... flg=0x10000000 cmp=com.android.browser/.BrowserActivity (has extras)} from uid 10082
02-13 12:12:11.916754   800  2678 V WindowManager: findFocusedWindow: Reached focused app=AppWindowToken{b9edc90 token=Token{aacdb53 ActivityRecord{8fa5f42 u0 com.android.quicksearchbox/.google.GoogleSearch t931}}}
02-13 12:12:11.920199   800  5862 V WindowManager: findFocusedWindow: Reached focused app=AppWindowToken{b9edc90 token=Token{aacdb53 ActivityRecord{8fa5f42 u0 com.android.quicksearchbox/.google.GoogleSearch t931}}}
02-13 12:12:11.936466   800   923 W WindowManager: Attempted to add application window with unknown token Token{9d16cb7 ActivityRecord{d2287b6 u0 com.android.browser/.AddBookmarkPage t-1 f}}.  Aborting.
02-13 12:12:11.943402   800  8484 V WindowManager: Set focused app to: AppWindowToken{89c8f5d token=Token{9ca4ee9 ActivityRecord{419ab70 u0 com.android.browser/.BrowserActivity t842}}} old focus=AppWindowToken{b9edc90 token=Token{aacdb53 ActivityRecord{8fa5f42 u0 com.android.quicksearchbox/.google.GoogleSearch t931}}} moveFocusNow=true
02-13 12:12:11.943857   800  8484 V WindowManager: findFocusedWindow: Reached focused app=AppWindowToken{89c8f5d token=Token{9ca4ee9 ActivityRecord{419ab70 u0 com.android.browser/.BrowserActivity t842}}}
02-13 12:12:11.945436   800   880 D DuraSpeed/DSPolicyBase: setCurrentLauncher, currentLauncher = com.android.launcher3
02-13 12:12:11.945602   800   880 D DuraSpeed/DuraSpeedInternalManager: switchState, currentPackage = com.android.browser, event = 1004
02-13 12:12:11.946034   800   880 D DuraSpeed/DuraSpeedInternalManager: switchState, is activity pause, do noting.
02-13 12:12:12.118370   800  5862 I WindowManager: Relayout Window{efe3c1b u0 com.android.browser/com.android.browser.BrowserActivity}: oldVis=4 newVis=0 focusMayChange = true
02-13 12:12:12.122626   800  5862 V WindowManager: Changing focus from null to Window{efe3c1b u0 com.android.browser/com.android.browser.BrowserActivity} Callers=com.android.server.wm.WindowManagerService.relayoutWindow:2192 com.android.server.wm.Session.relayout:239 android.view.IWindowSession$Stub.onTransact:286 com.android.server.wm.Session.onTransact:163 
02-13 12:12:12.122901   800  5862 D WindowManager: Input focus has changed to Window{efe3c1b u0 com.android.browser/com.android.browser.BrowserActivity}
02-13 12:12:12.129119   800   877 I WindowManager: Focus moving from null to Window{efe3c1b u0 com.android.browser/com.android.browser.BrowserActivity}
02-13 12:12:12.405603   800  8484 D IdleScreen: activityIdleScreen: android.app.ContextImpl@b998e3a mNotifyNeeded: false idleIntent: Intent { act=android.intent.action.VIEW dat=http://www.google.com/... flg=0x10000000 cmp=com.android.browser/.BrowserActivity bnds=[259,120][331,192] (has extras) }
02-13 12:12:12.969217   800  1140 V WindowManager: Changing focus from Window{efe3c1b u0 com.android.browser/com.android.browser.BrowserActivity} to Window{a53e2f0 u0 AtchDlg:com.android.browser/com.android.browser.BrowserActivity} Callers=com.android.server.wm.WindowManagerService.addWindow:1590 com.android.server.wm.Session.addToDisplay:202 android.view.IWindowSession$Stub.onTransact:124 com.android.server.wm.Session.onTransact:163 
02-13 12:12:12.971106   800  1140 D WindowManager: Input focus has changed to Window{a53e2f0 u0 AtchDlg:com.android.browser/com.android.browser.BrowserActivity}
02-13 12:12:12.972222   800   877 I WindowManager: Focus moving from Window{efe3c1b u0 com.android.browser/com.android.browser.BrowserActivity} to Window{a53e2f0 u0 AtchDlg:com.android.browser/com.android.browser.BrowserActivity}
02-13 12:12:13.066596   800   877 I WindowManager: Losing delayed focus: Window{efe3c1b u0 com.android.browser/com.android.browser.BrowserActivity}
02-13 12:12:13.947275   800   940 D WindowManager: Unhandled key: win=Window{a53e2f0 u0 AtchDlg:com.android.browser/com.android.browser.BrowserActivity}, action=0, flags=8, keyCode=138, scanCode=0, metaState=0, repeatCount=0, policyFlags=1795162112
02-13 12:12:13.947397   800   940 D WindowManager: No fallback.
02-13 12:12:13.950878   800   940 D WindowManager: Unhandled key: win=Window{a53e2f0 u0 AtchDlg:com.android.browser/com.android.browser.BrowserActivity}, action=1, flags=8, keyCode=138, scanCode=0, metaState=0, repeatCount=0, policyFlags=1795162112
02-13 12:12:13.951017   800   940 D WindowManager: No fallback.
02-13 12:12:15.018481   800   940 D WindowManager: Unhandled key: win=Window{a53e2f0 u0 AtchDlg:com.android.browser/com.android.browser.BrowserActivity}, action=0, flags=8, keyCode=241, scanCode=0, metaState=0, repeatCount=0, policyFlags=1795162112
02-13 12:12:15.018603   800   940 D WindowManager: No fallback.
02-13 12:12:15.023308   800   940 D WindowManager: Unhandled key: win=Window{a53e2f0 u0 AtchDlg:com.android.browser/com.android.browser.BrowserActivity}, action=1, flags=8, keyCode=241, scanCode=0, metaState=0, repeatCount=0, policyFlags=1795162112
02-13 12:12:15.023456   800   940 D WindowManager: No fallback.
02-13 12:12:16.026900   800   940 D WindowManager: Unhandled key: win=Window{a53e2f0 u0 AtchDlg:com.android.browser/com.android.browser.BrowserActivity}, action=0, flags=8, keyCode=20, scanCode=0, metaState=0, repeatCount=0, policyFlags=1795162112
02-13 12:12:16.027033   800   940 D WindowManager: No fallback.
02-13 12:12:16.031250   800   940 D WindowManager: Unhandled key: win=Window{a53e2f0 u0 AtchDlg:com.android.browser/com.android.browser.BrowserActivity}, action=1, flags=8, keyCode=20, scanCode=0, metaState=0, repeatCount=0, policyFlags=1795162112
02-13 12:12:16.031313   800   940 D WindowManager: No fallback.
02-13 12:12:17.041260   800   940 D WindowManager: Unhandled key: win=Window{a53e2f0 u0 AtchDlg:com.android.browser/com.android.browser.BrowserActivity}, action=0, flags=8, keyCode=234, scanCode=0, metaState=0, repeatCount=0, policyFlags=1795162112
02-13 12:12:17.041406   800   940 D WindowManager: No fallback.
02-13 12:12:17.045173   800   940 D WindowManager: Unhandled key: win=Window{a53e2f0 u0 AtchDlg:com.android.browser/com.android.browser.BrowserActivity}, action=1, flags=8, keyCode=234, scanCode=0, metaState=0, repeatCount=0, policyFlags=1795162112
02-13 12:12:17.045339   800   940 D WindowManager: No fallback.
02-13 12:12:18.047329   800  6868 I ActivityManager: START u0 {act=android.intent.action.MAIN cat=[android.intent.category.LAUNCHER] flg=0x10200000 cmp=com.android.inputmethod.latin/.setup.SetupActivity} from uid 2000
02-13 12:12:18.098278   800   923 W WindowManager: TaskSnapshotSurface.create: Failed to find main window for token=AppWindowToken{94a1ab token=Token{61667fa ActivityRecord{52c3e1c u0 com.android.inputmethod.latin/.setup.SetupActivity t936}}}
02-13 12:12:18.100703   800   880 D DuraSpeed/DSPolicyBase: setCurrentLauncher, currentLauncher = com.android.launcher3
02-13 12:12:18.100902   800   880 D DuraSpeed/DuraSpeedInternalManager: switchState, currentPackage = com.android.inputmethod.latin, event = 1004
02-13 12:12:18.101011   800   880 D DuraSpeed/DuraSpeedInternalManager: switchState, is activity pause, do noting.
02-13 12:12:18.114108   800  8484 V WindowManager: Set focused app to: AppWindowToken{94a1ab token=Token{61667fa ActivityRecord{52c3e1c u0 com.android.inputmethod.latin/.setup.SetupActivity t936}}} old focus=AppWindowToken{89c8f5d token=Token{9ca4ee9 ActivityRecord{419ab70 u0 com.android.browser/.BrowserActivity t842}}} moveFocusNow=true
02-13 12:12:18.115473   800  8484 V WindowManager: Changing focus from Window{a53e2f0 u0 AtchDlg:com.android.browser/com.android.browser.BrowserActivity} to null Callers=com.android.server.wm.WindowManagerService.setFocusedApp:2760 com.android.server.am.ActivityManagerService.setResumedActivityUncheckLocked:3231 com.android.server.am.ActivityStack.setResumedActivityLocked:2284 com.android.server.am.ActivityStack.minimalResumeActivityLocked:1093 
02-13 12:12:18.115745   800  8484 D WindowManager: Input focus has changed to null
02-13 12:12:18.118500   800   877 I WindowManager: Focus moving from Window{a53e2f0 u0 AtchDlg:com.android.browser/com.android.browser.BrowserActivity} to null
02-13 12:12:18.133089   800  5862 I ActivityManager: START u0 {flg=0x14000000 cmp=com.android.inputmethod.latin/.setup.SetupWizardActivity} from uid 10071
02-13 12:12:18.152614   800  8484 W ActivityManager: Duplicate finish request for ActivityRecord{52c3e1c u0 com.android.inputmethod.latin/.setup.SetupActivity t936 f}
02-13 12:12:18.197521   800  8484 V WindowManager: Set focused app to: AppWindowToken{d4b9950 token=Token{75309c6 ActivityRecord{e4943a1 u0 com.android.inputmethod.latin/.setup.SetupWizardActivity t936}}} old focus=AppWindowToken{94a1ab token=Token{61667fa ActivityRecord{52c3e1c u0 com.android.inputmethod.latin/.setup.SetupActivity t936}}} moveFocusNow=true
