02-13 12:08:20.391177   800 11952 V WindowManager: Changing focus from Window{384050 u0 PopupWindow:879db62 EXITING} to Window{57e72aa u0 com.android.gallery3d/com.android.gallery3d.filtershow.FilterShowActivity} Callers=com.android.server.wm.WindowState.setupWindowForRemoveOnExit:2008 com.android.server.wm.WindowState.removeIfPossible:1980 com.android.server.wm.WindowState.removeIfPossible:1860 com.android.server.wm.WindowManagerService.removeWindow:1757 
02-13 12:08:20.391419   800 11952 D WindowManager: Input focus has changed to Window{57e72aa u0 com.android.gallery3d/com.android.gallery3d.filtershow.FilterShowActivity}
02-13 12:08:20.396283   800   877 I WindowManager: Focus moving from Window{384050 u0 PopupWindow:879db62 EXITING} to Window{57e72aa u0 com.android.gallery3d/com.android.gallery3d.filtershow.FilterShowActivity}
02-13 12:08:21.376844   800   940 D WindowManager: Unhandled key: win=Window{57e72aa u0 com.android.gallery3d/com.android.gallery3d.filtershow.FilterShowActivity}, action=0, flags=8, keyCode=21, scanCode=0, metaState=0, repeatCount=0, policyFlags=1795162112
02-13 12:08:21.377061   800   940 D WindowManager: No fallback.
02-13 12:08:21.385108   800   940 D WindowManager: Unhandled key: win=Window{57e72aa u0 com.android.gallery3d/com.android.gallery3d.filtershow.FilterShowActivity}, action=1, flags=8, keyCode=21, scanCode=0, metaState=0, repeatCount=0, policyFlags=1795162112
02-13 12:08:21.385312   800   940 D WindowManager: No fallback.
02-13 12:08:22.397232   800   940 D WindowManager: Unhandled key: win=Window{57e72aa u0 com.android.gallery3d/com.android.gallery3d.filtershow.FilterShowActivity}, action=0, flags=8, keyCode=19, scanCode=0, metaState=0, repeatCount=0, policyFlags=1795162112
02-13 12:08:22.397468   800   940 D WindowManager: No fallback.
02-13 12:08:22.405659   800   940 D WindowManager: Unhandled key: win=Window{57e72aa u0 com.android.gallery3d/com.android.gallery3d.filtershow.FilterShowActivity}, action=1, flags=8, keyCode=19, scanCode=0, metaState=0, repeatCount=0, policyFlags=1795162112
02-13 12:08:22.405863   800   940 D WindowManager: No fallback.
02-13 12:08:23.415172   800   940 D WindowManager: Unhandled key: win=Window{57e72aa u0 com.android.gallery3d/com.android.gallery3d.filtershow.FilterShowActivity}, action=0, flags=8, keyCode=270, scanCode=0, metaState=0, repeatCount=0, policyFlags=1795162112
02-13 12:08:23.415388   800   940 D WindowManager: No fallback.
02-13 12:08:23.423566   800   940 D WindowManager: Unhandled key: win=Window{57e72aa u0 com.android.gallery3d/com.android.gallery3d.filtershow.FilterShowActivity}, action=1, flags=8, keyCode=270, scanCode=0, metaState=0, repeatCount=0, policyFlags=1795162112
02-13 12:08:23.423771   800   940 D WindowManager: No fallback.
02-13 12:08:28.423730   800   951 D WifiController: battery changed pluggedType: 2
02-13 12:08:28.781693   800 10576 V WindowManager: Changing focus from Window{57e72aa u0 com.android.gallery3d/com.android.gallery3d.filtershow.FilterShowActivity} to Window{701414 u0 PopupWindow:5a7bf2f} Callers=com.android.server.wm.WindowManagerService.addWindow:1590 com.android.server.wm.Session.addToDisplay:202 android.view.IWindowSession$Stub.onTransact:124 com.android.server.wm.Session.onTransact:163 
02-13 12:08:28.785630   800 10576 D WindowManager: Input focus has changed to Window{701414 u0 PopupWindow:5a7bf2f}
02-13 12:08:28.788948   800   877 I WindowManager: Focus moving from Window{57e72aa u0 com.android.gallery3d/com.android.gallery3d.filtershow.FilterShowActivity} to Window{701414 u0 PopupWindow:5a7bf2f}
02-13 12:08:28.851123   800   877 I WindowManager: Losing delayed focus: Window{57e72aa u0 com.android.gallery3d/com.android.gallery3d.filtershow.FilterShowActivity}
02-13 12:08:29.723284   800   940 D WindowManager: Unhandled key: win=Window{701414 u0 PopupWindow:5a7bf2f}, action=0, flags=8, keyCode=277, scanCode=0, metaState=0, repeatCount=0, policyFlags=1795162112
02-13 12:08:29.723439   800   940 D WindowManager: No fallback.
02-13 12:08:29.730098   800   940 D WindowManager: Unhandled key: win=Window{701414 u0 PopupWindow:5a7bf2f}, action=1, flags=8, keyCode=277, scanCode=0, metaState=0, repeatCount=0, policyFlags=1795162112
02-13 12:08:29.730478   800   940 D WindowManager: No fallback.
02-13 12:08:30.743584   800 11952 V WindowManager: Remove Window{701414 u0 PopupWindow:5a7bf2f} client=591ee67, surfaceController=Surface(name=PopupWindow:5a7bf2f) Callers=com.android.server.wm.WindowState.removeIfPossible:1860 com.android.server.wm.WindowManagerService.removeWindow:1757 com.android.server.wm.Session.remove:222 android.view.IWindowSession$Stub.onTransact:242 com.android.server.wm.Session.onTransact:163 
02-13 12:08:30.744505   800 11952 V WindowManager: Changing focus from Window{701414 u0 PopupWindow:5a7bf2f EXITING} to Window{57e72aa u0 com.android.gallery3d/com.android.gallery3d.filtershow.FilterShowActivity} Callers=com.android.server.wm.WindowState.setupWindowForRemoveOnExit:2008 com.android.server.wm.WindowState.removeIfPossible:1980 com.android.server.wm.WindowState.removeIfPossible:1860 com.android.server.wm.WindowManagerService.removeWindow:1757 
02-13 12:08:30.744746   800 11952 D WindowManager: Input focus has changed to Window{57e72aa u0 com.android.gallery3d/com.android.gallery3d.filtershow.FilterShowActivity}
02-13 12:08:30.749680   800   877 I WindowManager: Focus moving from Window{701414 u0 PopupWindow:5a7bf2f EXITING} to Window{57e72aa u0 com.android.gallery3d/com.android.gallery3d.filtershow.FilterShowActivity}
02-13 12:08:30.750786 12418 12418 W ViewRootImpl[PopupWindow:5a7bf2f]: Dropping event due to root view being removed: MotionEvent { action=ACTION_UP, actionButton=0, id[0]=0, x[0]=-34.683273, y[0]=124.13075, toolType[0]=TOOL_TYPE_UNKNOWN, buttonState=0, metaState=0, flags=0x0, edgeFlags=0x0, pointerCount=1, historySize=0, eventTime=74622867, downTime=74622861, deviceId=0, source=0x1002 }
02-13 12:08:34.810249   800   940 D WindowManager: Unhandled key: win=Window{57e72aa u0 com.android.gallery3d/com.android.gallery3d.filtershow.FilterShowActivity}, action=0, flags=8, keyCode=116, scanCode=0, metaState=0, repeatCount=0, policyFlags=1795162112
02-13 12:08:34.810574   800   940 D WindowManager: No fallback.
02-13 12:08:34.818151   800   940 D WindowManager: Unhandled key: win=Window{57e72aa u0 com.android.gallery3d/com.android.gallery3d.filtershow.FilterShowActivity}, action=1, flags=8, keyCode=116, scanCode=0, metaState=0, repeatCount=0, policyFlags=1795162112
02-13 12:08:34.818337   800   940 D WindowManager: No fallback.
02-13 12:08:40.979910   800   940 I ActivityManager: START u0 {act=android.intent.action.MAIN cat=[android.intent.category.HOME] flg=0x10200000 cmp=com.android.launcher3/.Launcher (has extras)} from uid 1000
02-13 12:08:40.996482   800   940 V WindowManager: Set focused app to: AppWindowToken{a7132b token=Token{5de40b3 ActivityRecord{de67e22 u0 com.android.launcher3/.Launcher t8}}} old focus=AppWindowToken{ab82708 token=Token{f6cf354 ActivityRecord{585c2a7 u0 com.android.gallery3d/.filtershow.FilterShowActivity t845}}} moveFocusNow=true
02-13 12:08:40.996886   800   940 V WindowManager: findFocusedWindow: Reached focused app=AppWindowToken{a7132b token=Token{5de40b3 ActivityRecord{de67e22 u0 com.android.launcher3/.Launcher t8}}}
02-13 12:08:40.997364   800   940 V WindowManager: Changing focus from Window{57e72aa u0 com.android.gallery3d/com.android.gallery3d.filtershow.FilterShowActivity} to null Callers=com.android.server.wm.WindowManagerService.setFocusedApp:2760 com.android.server.am.ActivityManagerService.setResumedActivityUncheckLocked:3231 com.android.server.am.ActivityStack.setResumedActivityLocked:2284 com.android.server.am.ActivityStack.resumeTopActivityInnerLocked:2599 
02-13 12:08:40.997559   800   880 D DuraSpeed/DSPolicyBase: setCurrentLauncher, currentLauncher = com.android.launcher3
02-13 12:08:40.997651   800   940 D WindowManager: Input focus has changed to null
02-13 12:08:40.997676   800   880 D DuraSpeed/DuraSpeedInternalManager: switchState, currentPackage = com.android.launcher3, event = 1004
02-13 12:08:40.997734   800   880 D DuraSpeed/DuraSpeedInternalManager: switchState, is activity pause, do noting.
02-13 12:08:41.006280   800   940 I ActivityManager: Killing 11223:com.android.wallpaperpicker/u0a72 (adj 906): empty #17
02-13 12:08:41.011149   800   877 I WindowManager: Focus moving from Window{57e72aa u0 com.android.gallery3d/com.android.gallery3d.filtershow.FilterShowActivity} to null
02-13 12:08:41.047872   800   877 W ActivityManager: setHasOverlayUi called on unknown pid: 11223
02-13 12:08:41.053315   800  8212 I WindowManager: Relayout Window{5a7833f u0 com.android.launcher3/com.android.launcher3.Launcher}: oldVis=4 newVis=0 focusMayChange = true
02-13 12:08:41.058538   800  8212 V WindowManager: Changing focus from null to Window{5a7833f u0 com.android.launcher3/com.android.launcher3.Launcher} Callers=com.android.server.wm.WindowManagerService.relayoutWindow:2192 com.android.server.wm.Session.relayout:239 android.view.IWindowSession$Stub.onTransact:286 com.android.server.wm.Session.onTransact:163 
02-13 12:08:41.058909   800  8212 D WindowManager: Input focus has changed to Window{5a7833f u0 com.android.launcher3/com.android.launcher3.Launcher}
02-13 12:08:41.075989   800   877 I WindowManager: Focus moving from null to Window{5a7833f u0 com.android.launcher3/com.android.launcher3.Launcher}
02-13 12:08:41.180390   800  8212 D IdleScreen: activityIdleScreen: android.app.ContextImpl@b998e3a mNotifyNeeded: false idleIntent: Intent { act=android.intent.action.MAIN cat=[android.intent.category.HOME] flg=0x10000100 cmp=com.android.launcher3/.Launcher }
02-13 12:08:42.053186   800 11493 I ActivityManager: START u0 {act=android.search.action.GLOBAL_SEARCH flg=0x10000000 cmp=com.android.quicksearchbox/.SearchActivity (has extras)} from uid 10016
02-13 12:08:42.077620   800  5862 V WindowManager: Set focused app to: AppWindowToken{bc04839 token=Token{d17800 ActivityRecord{43fe83 u0 com.android.quicksearchbox/.SearchActivity t931}}} old focus=AppWindowToken{a7132b token=Token{5de40b3 ActivityRecord{de67e22 u0 com.android.launcher3/.Launcher t8}}} moveFocusNow=true
02-13 12:08:42.078231   800  5862 V WindowManager: findFocusedWindow: Reached focused app=AppWindowToken{bc04839 token=Token{d17800 ActivityRecord{43fe83 u0 com.android.quicksearchbox/.SearchActivity t931}}}
02-13 12:08:42.078191   800   880 D DuraSpeed/DSPolicyBase: setCurrentLauncher, currentLauncher = com.android.launcher3
02-13 12:08:42.078341   800   880 D DuraSpeed/DuraSpeedInternalManager: switchState, currentPackage = com.android.quicksearchbox, event = 1004
02-13 12:08:42.078454   800   880 D DuraSpeed/DuraSpeedInternalManager: switchState, is activity pause, do noting.
02-13 12:08:42.078686   800  5862 V WindowManager: Changing focus from Window{5a7833f u0 com.android.launcher3/com.android.launcher3.Launcher} to null Callers=com.android.server.wm.WindowManagerService.setFocusedApp:2760 com.android.server.am.ActivityManagerService.setResumedActivityUncheckLocked:3231 com.android.server.am.ActivityStack.setResumedActivityLocked:2284 com.android.server.am.ActivityStack.resumeTopActivityInnerLocked:2599 
02-13 12:08:42.078975   800  5862 D WindowManager: Input focus has changed to null
02-13 12:08:42.089278   800 11493 V WindowManager: findFocusedWindow: Reached focused app=AppWindowToken{bc04839 token=Token{d17800 ActivityRecord{43fe83 u0 com.android.quicksearchbox/.SearchActivity t931}}}
02-13 12:08:42.094132   800   877 I WindowManager: Focus moving from Window{5a7833f u0 com.android.launcher3/com.android.launcher3.Launcher} to null
02-13 12:08:42.110032 12353 12353 W ViewRootImpl[Launcher]: Cancelling event due to no window focus: KeyEvent { action=ACTION_UP, keyCode=KEYCODE_NUMPAD_MULTIPLY, scanCode=0, metaState=0, flags=0x28, repeatCount=0, eventTime=74634209, downTime=74634161, deviceId=-1, source=0x101, modifyState=0 }
02-13 12:08:42.110126 12353 12353 W ViewRootImpl[Launcher]: Cancelling event due to no window focus: KeyEvent { action=ACTION_UP, keyCode=KEYCODE_NUMPAD_MULTIPLY, scanCode=0, metaState=0, flags=0x28, repeatCount=0, eventTime=74634209, downTime=74634161, deviceId=-1, source=0x101, modifyState=0 }
02-13 12:08:42.110138   800  5862 I WindowManager: Relayout Window{4acbafb u0 com.android.quicksearchbox/com.android.quicksearchbox.SearchActivity}: oldVis=4 newVis=0 focusMayChange = true
02-13 12:08:42.110183 12353 12353 W ViewRootImpl[Launcher]: Cancelling event due to no window focus: KeyEvent { action=ACTION_UP, keyCode=KEYCODE_NUMPAD_MULTIPLY, scanCode=0, metaState=0, flags=0x28, repeatCount=0, eventTime=74634209, downTime=74634161, deviceId=-1, source=0x101, modifyState=0 }
02-13 12:08:42.111460 12353 12353 I chatty  : uid=10016(com.android.launcher3) identical 2 lines
02-13 12:08:42.111521 12353 12353 W ViewRootImpl[Launcher]: Cancelling event due to no window focus: KeyEvent { action=ACTION_UP, keyCode=KEYCODE_NUMPAD_MULTIPLY, scanCode=0, metaState=0, flags=0x28, repeatCount=0, eventTime=74634209, downTime=74634161, deviceId=-1, source=0x101, modifyState=0 }
02-13 12:08:42.115396   800  5862 V WindowManager: Changing focus from null to Window{4acbafb u0 com.android.quicksearchbox/com.android.quicksearchbox.SearchActivity} Callers=com.android.server.wm.WindowManagerService.relayoutWindow:2192 com.android.server.wm.Session.relayout:239 android.view.IWindowSession$Stub.onTransact:286 com.android.server.wm.Session.onTransact:163 
02-13 12:08:42.115638   800  5862 D WindowManager: Input focus has changed to Window{4acbafb u0 com.android.quicksearchbox/com.android.quicksearchbox.SearchActivity}
02-13 12:08:42.121978   800   877 I WindowManager: Focus moving from null to Window{4acbafb u0 com.android.quicksearchbox/com.android.quicksearchbox.SearchActivity}
02-13 12:08:42.130644 12615 12615 W ViewRootImpl[SearchActivity]: Cancelling event due to no window focus: KeyEvent { action=ACTION_UP, keyCode=KEYCODE_NUMPAD_MULTIPLY, scanCode=0, metaState=0, flags=0x28, repeatCount=0, eventTime=74634169, downTime=74634169, deviceId=-1, source=0x101, modifyState=0 }
02-13 12:08:42.132608 12615 12615 I chatty  : uid=10082(com.android.quicksearchbox) identical 7 lines
02-13 12:08:42.132682 12615 12615 W ViewRootImpl[SearchActivity]: Cancelling event due to no window focus: KeyEvent { action=ACTION_UP, keyCode=KEYCODE_NUMPAD_MULTIPLY, scanCode=0, metaState=0, flags=0x28, repeatCount=0, eventTime=74634169, downTime=74634169, deviceId=-1, source=0x101, modifyState=0 }
02-13 12:08:42.187367   800  5862 D IdleScreen: activityIdleScreen: android.app.ContextImpl@b998e3a mNotifyNeeded: false idleIntent: Intent { act=android.search.action.GLOBAL_SEARCH flg=0x10000000 cmp=com.android.quicksearchbox/.SearchActivity (has extras) }
02-13 12:08:42.203020   800  8212 I WindowManager: Relayout Window{fe6fac6 u0 InputMethod}: oldVis=8 newVis=0 focusMayChange = true
02-13 12:08:44.231005   800 11493 I ActivityManager: START u0 {act=android.intent.action.WEB_SEARCH flg=0x14000000 cmp=com.android.quicksearchbox/.google.GoogleSearch (has extras)} from uid 10082
02-13 12:08:44.265907   800 11493 V WindowManager: Set focused app to: AppWindowToken{262f461 token=Token{bf01bc8 ActivityRecord{f3b346b u0 com.android.quicksearchbox/.google.GoogleSearch t931}}} old focus=AppWindowToken{bc04839 token=Token{d17800 ActivityRecord{43fe83 u0 com.android.quicksearchbox/.SearchActivity t931}}} moveFocusNow=true
02-13 12:08:44.266448   800 11493 V WindowManager: findFocusedWindow: Reached focused app=AppWindowToken{262f461 token=Token{bf01bc8 ActivityRecord{f3b346b u0 com.android.quicksearchbox/.google.GoogleSearch t931}}}
02-13 12:08:44.267447   800 11493 V WindowManager: Changing focus from Window{4acbafb u0 com.android.quicksearchbox/com.android.quicksearchbox.SearchActivity} to null Callers=com.android.server.wm.WindowManagerService.setFocusedApp:2760 com.android.server.am.ActivityManagerService.setResumedActivityUncheckLocked:3231 com.android.server.am.ActivityStack.setResumedActivityLocked:2284 com.android.server.am.ActivityStack.minimalResumeActivityLocked:1093 
02-13 12:08:44.267731   800 11493 D WindowManager: Input focus has changed to null
02-13 12:08:44.270928   800   877 I WindowManager: Focus moving from Window{4acbafb u0 com.android.quicksearchbox/com.android.quicksearchbox.SearchActivity} to null
02-13 12:08:44.286974   800 11493 I ActivityManager: START u0 {act=android.intent.action.VIEW dat=http://www.google.com/... flg=0x10000000 cmp=com.android.browser/.BrowserActivity (has extras)} from uid 10082
02-13 12:08:44.295177   800 11493 V WindowManager: findFocusedWindow: Reached focused app=AppWindowToken{262f461 token=Token{bf01bc8 ActivityRecord{f3b346b u0 com.android.quicksearchbox/.google.GoogleSearch t931}}}
02-13 12:08:44.318651   800 11493 V WindowManager: Set focused app to: AppWindowToken{89c8f5d token=Token{9ca4ee9 ActivityRecord{419ab70 u0 com.android.browser/.BrowserActivity t842}}} old focus=AppWindowToken{262f461 token=Token{bf01bc8 ActivityRecord{f3b346b u0 com.android.quicksearchbox/.google.GoogleSearch t931}}} moveFocusNow=true
02-13 12:08:44.319215   800 11493 V WindowManager: findFocusedWindow: Reached focused app=AppWindowToken{89c8f5d token=Token{9ca4ee9 ActivityRecord{419ab70 u0 com.android.browser/.BrowserActivity t842}}}
02-13 12:08:44.321473   800   880 D DuraSpeed/DSPolicyBase: setCurrentLauncher, currentLauncher = com.android.launcher3
02-13 12:08:44.321652   800   880 D DuraSpeed/DuraSpeedInternalManager: switchState, currentPackage = com.android.browser, event = 1004
02-13 12:08:44.321855   800   880 D DuraSpeed/DuraSpeedInternalManager: switchState, is activity pause, do noting.
02-13 12:08:44.338594 12615 12615 W ViewRootImpl[SearchActivity]: Dropping event due to no window focus: KeyEvent { action=ACTION_MULTIPLE, keyCode=KEYCODE_DPAD_LEFT, scanCode=0, metaState=0, flags=0x400, repeatCount=76, eventTime=74636357, downTime=74636357, deviceId=-1, source=0x101, modifyState=0 }
02-13 12:08:44.338919 12615 12615 W ViewRootImpl[SearchActivity]: Dropping event due to no window focus: KeyEvent { action=ACTION_DOWN, keyCode=KEYCODE_DPAD_LEFT, scanCode=0, metaState=0, flags=0x400, repeatCount=0, eventTime=74636357, downTime=74636357, deviceId=-1, source=0x101, modifyState=0 }
02-13 12:08:44.339117 12615 12615 W ViewRootImpl[SearchActivity]: Cancelling event due to no window focus: KeyEvent { action=ACTION_UP, keyCode=KEYCODE_DPAD_LEFT, scanCode=0, metaState=0, flags=0x420, repeatCount=0, eventTime=74636357, downTime=74636357, deviceId=-1, source=0x101, modifyState=0 }
02-13 12:08:44.340218 12615 12615 I chatty  : uid=10082(com.android.quicksearchbox) identical 4 lines
02-13 12:08:44.340261 12615 12615 W ViewRootImpl[SearchActivity]: Cancelling event due to no window focus: KeyEvent { action=ACTION_UP, keyCode=KEYCODE_DPAD_LEFT, scanCode=0, metaState=0, flags=0x420, repeatCount=0, eventTime=74636357, downTime=74636357, deviceId=-1, source=0x101, modifyState=0 }
02-13 12:08:44.340438 12615 12615 W ViewRootImpl[SearchActivity]: Dropping event due to no window focus: KeyEvent { action=ACTION_DOWN, keyCode=KEYCODE_DPAD_LEFT, scanCode=0, metaState=0, flags=0x400, repeatCount=0, eventTime=74636357, downTime=74636357, deviceId=-1, source=0x101, modifyState=0 }
02-13 12:08:44.340581 12615 12615 W ViewRootImpl[SearchActivity]: Cancelling event due to no window focus: KeyEvent { action=ACTION_UP, keyCode=KEYCODE_DPAD_LEFT, scanCode=0, metaState=0, flags=0x420, repeatCount=0, eventTime=74636357, downTime=74636357, deviceId=-1, source=0x101, modifyState=0 }
02-13 12:08:44.341710 12615 12615 I chatty  : uid=10082(com.android.quicksearchbox) identical 4 lines
02-13 12:08:44.341783 12615 12615 W ViewRootImpl[SearchActivity]: Cancelling event due to no window focus: KeyEvent { action=ACTION_UP, keyCode=KEYCODE_DPAD_LEFT, scanCode=0, metaState=0, flags=0x420, repeatCount=0, eventTime=74636357, downTime=74636357, deviceId=-1, source=0x101, modifyState=0 }
02-13 12:08:44.341974 12615 12615 W ViewRootImpl[SearchActivity]: Dropping event due to no window focus: KeyEvent { action=ACTION_DOWN, keyCode=KEYCODE_DPAD_LEFT, scanCode=0, metaState=0, flags=0x400, repeatCount=0, eventTime=74636357, downTime=74636357, deviceId=-1, source=0x101, modifyState=0 }
02-13 12:08:44.342298 12615 12615 W ViewRootImpl[SearchActivity]: Cancelling event due to no window focus: KeyEvent { action=ACTION_UP, keyCode=KEYCODE_DPAD_LEFT, scanCode=0, metaState=0, flags=0x420, repeatCount=0, eventTime=74636357, downTime=74636357, deviceId=-1, source=0x101, modifyState=0 }
02-13 12:08:44.343839 12615 12615 I chatty  : uid=10082(com.android.quicksearchbox) identical 4 lines
02-13 12:08:44.343986 12615 12615 W ViewRootImpl[SearchActivity]: Cancelling event due to no window focus: KeyEvent { action=ACTION_UP, keyCode=KEYCODE_DPAD_LEFT, scanCode=0, metaState=0, flags=0x420, repeatCount=0, eventTime=74636357, downTime=74636357, deviceId=-1, source=0x101, modifyState=0 }
02-13 12:08:44.523097   800  5862 I WindowManager: Relayout Window{efe3c1b u0 com.android.browser/com.android.browser.BrowserActivity}: oldVis=4 newVis=0 focusMayChange = true
02-13 12:08:44.528875   800  5862 V WindowManager: Changing focus from null to Window{efe3c1b u0 com.android.browser/com.android.browser.BrowserActivity} Callers=com.android.server.wm.WindowManagerService.relayoutWindow:2192 com.android.server.wm.Session.relayout:239 android.view.IWindowSession$Stub.onTransact:286 com.android.server.wm.Session.onTransact:163 
02-13 12:08:44.529170   800  5862 D WindowManager: Input focus has changed to Window{efe3c1b u0 com.android.browser/com.android.browser.BrowserActivity}
02-13 12:08:44.538158   800   877 I WindowManager: Focus moving from null to Window{efe3c1b u0 com.android.browser/com.android.browser.BrowserActivity}
02-13 12:08:44.785664   800 11952 D IdleScreen: activityIdleScreen: android.app.ContextImpl@b998e3a mNotifyNeeded: false idleIntent: Intent { act=android.intent.action.VIEW dat=http://www.google.com/... flg=0x10000000 cmp=com.android.browser/.BrowserActivity bnds=[259,120][331,192] (has extras) }
02-13 12:08:53.378994   800  5862 I WindowManager: Relayout Window{fe6fac6 u0 InputMethod}: oldVis=8 newVis=0 focusMayChange = true
02-13 12:09:00.001726   800   936 D DataShapingService: [isDataShapingWhitelistApp] packageName: android
02-13 12:09:00.002078   800   936 D DataShapingUtils: [isDataShapingWhitelistApp] packageName: android, mWhitelist: []
02-13 12:09:00.002921   800   936 D DataShapingService: [openLteDataUpLinkGate] isForce: false
02-13 12:09:00.003175   800   936 D DataShapingService: Alarm manager openLteDataUpLinkGate: false
02-13 12:09:00.003290   800   936 I DataShapingService: openLteGateSuccess = false
02-13 12:09:00.040315   800   936 D DataShapingService: [openLteDataUpLinkGate] isForce: false
02-13 12:09:00.040554   800   936 D DataShapingService: Alarm manager openLteDataUpLinkGate: false
02-13 12:09:00.040725   800   936 I DataShapingService: openLteGateSuccess = false
02-13 12:09:00.703806   800 10576 V WindowManager: Changing focus from Window{efe3c1b u0 com.android.browser/com.android.browser.BrowserActivity} to Window{9e1f4d4 u0 AtchDlg:com.android.browser/com.android.browser.BrowserActivity} Callers=com.android.server.wm.WindowManagerService.addWindow:1590 com.android.server.wm.Session.addToDisplay:202 android.view.IWindowSession$Stub.onTransact:124 com.android.server.wm.Session.onTransact:163 
02-13 12:09:00.705901   800 10576 D WindowManager: Input focus has changed to Window{9e1f4d4 u0 AtchDlg:com.android.browser/com.android.browser.BrowserActivity}
02-13 12:09:00.707418   800   877 I WindowManager: Focus moving from Window{efe3c1b u0 com.android.browser/com.android.browser.BrowserActivity} to Window{9e1f4d4 u0 AtchDlg:com.android.browser/com.android.browser.BrowserActivity}
02-13 12:09:00.853410   800   877 I WindowManager: Losing delayed focus: Window{efe3c1b u0 com.android.browser/com.android.browser.BrowserActivity}
02-13 12:09:01.805602   800  8212 V WindowManager: Remove Window{9e1f4d4 u0 AtchDlg:com.android.browser/com.android.browser.BrowserActivity} client=38fda27, surfaceController=Surface(name=AtchDlg:com.android.browser/com.android.browser.BrowserActivity) Callers=com.android.server.wm.WindowState.removeIfPossible:1860 com.android.server.wm.WindowManagerService.removeWindow:1757 com.android.server.wm.Session.remove:222 android.view.IWindowSession$Stub.onTransact:242 com.android.server.wm.Session.onTransact:163 
02-13 12:09:01.807556   800  8212 V WindowManager: Changing focus from Window{9e1f4d4 u0 AtchDlg:com.android.browser/com.android.browser.BrowserActivity EXITING} to Window{efe3c1b u0 com.android.browser/com.android.browser.BrowserActivity} Callers=com.android.server.wm.WindowState.setupWindowForRemoveOnExit:2008 com.android.server.wm.WindowState.removeIfPossible:1980 com.android.server.wm.WindowState.removeIfPossible:1860 com.android.server.wm.WindowManagerService.removeWindow:1757 
02-13 12:09:01.807889   800  8212 D WindowManager: Input focus has changed to Window{efe3c1b u0 com.android.browser/com.android.browser.BrowserActivity}
02-13 12:09:01.814954   800   877 I WindowManager: Focus moving from Window{9e1f4d4 u0 AtchDlg:com.android.browser/com.android.browser.BrowserActivity EXITING} to Window{efe3c1b u0 com.android.browser/com.android.browser.BrowserActivity}
02-13 12:09:03.772615   800   800 W WindowManager: removeWindowToken: Attempted to remove non-existing token: android.os.Binder@bd38a40
02-13 12:09:05.811669   800  8484 V WindowManager: Changing focus from Window{efe3c1b u0 com.android.browser/com.android.browser.BrowserActivity} to Window{d2f396 u0 AtchDlg:com.android.browser/com.android.browser.BrowserActivity} Callers=com.android.server.wm.WindowManagerService.addWindow:1590 com.android.server.wm.Session.addToDisplay:202 android.view.IWindowSession$Stub.onTransact:124 com.android.server.wm.Session.onTransact:163 
02-13 12:09:05.815797   800  8484 D WindowManager: Input focus has changed to Window{d2f396 u0 AtchDlg:com.android.browser/com.android.browser.BrowserActivity}
02-13 12:09:05.817853   800   877 I WindowManager: Focus moving from Window{efe3c1b u0 com.android.browser/com.android.browser.BrowserActivity} to Window{d2f396 u0 AtchDlg:com.android.browser/com.android.browser.BrowserActivity}
02-13 12:09:05.950329   800   877 I WindowManager: Losing delayed focus: Window{efe3c1b u0 com.android.browser/com.android.browser.BrowserActivity}
02-13 12:09:06.772026   800   940 D WindowManager: Unhandled key: win=Window{d2f396 u0 AtchDlg:com.android.browser/com.android.browser.BrowserActivity}, action=0, flags=8, keyCode=21, scanCode=0, metaState=0, repeatCount=0, policyFlags=1795162112
02-13 12:09:06.772158   800   940 D WindowManager: No fallback.
02-13 12:09:06.778758   800   940 D WindowManager: Unhandled key: win=Window{d2f396 u0 AtchDlg:com.android.browser/com.android.browser.BrowserActivity}, action=1, flags=8, keyCode=21, scanCode=0, metaState=0, repeatCount=0, policyFlags=1795162112
02-13 12:09:06.778871   800   940 D WindowManager: No fallback.
02-13 12:09:08.918818   800 10576 I ActivityManager: START u0 {cmp=com.android.browser/.AddBookmarkPage (has extras)} from uid 10067
02-13 12:09:08.967536   800  8484 V WindowManager: Set focused app to: AppWindowToken{6fe0370 token=Token{7c6d1b3 ActivityRecord{4c2b322 u0 com.android.browser/.AddBookmarkPage t842}}} old focus=AppWindowToken{89c8f5d token=Token{9ca4ee9 ActivityRecord{419ab70 u0 com.android.browser/.BrowserActivity t842}}} moveFocusNow=true
02-13 12:09:08.968719   800  8484 V WindowManager: Changing focus from Window{d2f396 u0 AtchDlg:com.android.browser/com.android.browser.BrowserActivity} to null Callers=com.android.server.wm.WindowManagerService.setFocusedApp:2760 com.android.server.am.ActivityManagerService.setResumedActivityUncheckLocked:3231 com.android.server.am.ActivityStack.setResumedActivityLocked:2284 com.android.server.am.ActivityStack.minimalResumeActivityLocked:1093 
02-13 12:09:08.968961   800  8484 D WindowManager: Input focus has changed to null
02-13 12:09:08.973460   800   877 I WindowManager: Focus moving from Window{d2f396 u0 AtchDlg:com.android.browser/com.android.browser.BrowserActivity} to null
02-13 12:09:09.108957   800  8212 I WindowManager: Relayout Window{d2d60f u0 com.android.browser/com.android.browser.AddBookmarkPage}: oldVis=4 newVis=0 focusMayChange = true
02-13 12:09:09.119343   800  8212 V WindowManager: Changing focus from null to Window{d2d60f u0 com.android.browser/com.android.browser.AddBookmarkPage} Callers=com.android.server.wm.WindowManagerService.relayoutWindow:2192 com.android.server.wm.Session.relayout:239 android.view.IWindowSession$Stub.onTransact:286 com.android.server.wm.Session.onTransact:163 
02-13 12:09:09.119700   800  8212 D WindowManager: Input focus has changed to Window{d2d60f u0 com.android.browser/com.android.browser.AddBookmarkPage}
02-13 12:09:09.135186   800   877 I WindowManager: Focus moving from null to Window{d2d60f u0 com.android.browser/com.android.browser.AddBookmarkPage}
02-13 12:09:09.148365   800   936 D DataShapingService: [openLteDataUpLinkGate] isForce: false
02-13 12:09:09.148578   800   936 D DataShapingService: Alarm manager openLteDataUpLinkGate: true
02-13 12:09:09.148670   800   936 I DataShapingService: openLteGateSuccess = true
02-13 12:09:09.148670   800   981 D DataShapingService: [handleMessage] msg_alarm_manager_trigger
02-13 12:09:09.158450   800   959 D WifiP2pService: InactiveState{ when=0 what=143375 arg1=1 arg2=196614 obj=name=WifiStateMachine state=ConnectedState target=com.android.internal.util.StateMachine$SmHandler }
02-13 12:09:09.158710   800   959 D WifiP2pService: P2pEnabledState{ when=-1ms what=143375 arg1=1 arg2=196614 obj=name=WifiStateMachine state=ConnectedState target=com.android.internal.util.StateMachine$SmHandler }
02-13 12:09:09.198108   800   959 D WifiP2pService: InactiveState{ when=0 what=143375 target=com.android.internal.util.StateMachine$SmHandler }
02-13 12:09:09.198276   800   959 D WifiP2pService: P2pEnabledState{ when=0 what=143375 target=com.android.internal.util.StateMachine$SmHandler }
02-13 12:09:09.211604   800   877 I WifiDisplayController: Received NETWORK_STATE_CHANGED,con:true,SSID:"maidu_sslink_5g",Freq:5745,netId:0, updated:false
02-13 12:09:09.371673   800 10576 D IdleScreen: activityIdleScreen: android.app.ContextImpl@b998e3a mNotifyNeeded: false idleIntent: Intent { cmp=com.android.browser/.AddBookmarkPage (has extras) }
02-13 12:09:09.402111   800 10576 I WindowManager: Relayout Window{fe6fac6 u0 InputMethod}: oldVis=8 newVis=0 focusMayChange = true
02-13 12:09:09.658291   800 10576 I NotificationService: cancelToast pkg=com.android.browser callback=android.app.ITransientNotification$Stub$Proxy@56f3c59
02-13 12:09:09.658506   800 10576 W NotificationService: Toast already cancelled. pkg=com.android.browser callback=android.app.ITransientNotification$Stub$Proxy@56f3c59
02-13 12:09:09.755179   800   948 I NetworkStatsRecorder: recordSnapshotLocked: ident[[{type=WIFI, subType=COMBINED, networkId="maidu_sslink_5g", metered=false}]]
02-13 12:09:09.755379   800   948 W NetworkStatsRecorder: unknown interfaces [lo], ignoring those stats
02-13 12:09:09.755551   800   948 I NetworkStatsRecorder: recordSnapshotLocked: ident[[{type=WIFI, subType=COMBINED, networkId="maidu_sslink_5g", metered=false}]]
02-13 12:09:09.755650   800   948 W NetworkStatsRecorder: unknown interfaces [lo], ignoring those stats
02-13 12:09:09.755900   800   948 D NetworkStatsRecorder: vpnArray:[Lcom.android.internal.net.VpnInfo;@a96001e
02-13 12:09:09.756020   800   948 I NetworkStatsRecorder: recordSnapshotLocked: ident[[{type=WIFI, subType=COMBINED, networkId="maidu_sslink_5g", metered=false}]]
02-13 12:09:09.757093   800   948 I chatty  : uid=1000(system) NetworkStats identical 5 lines
02-13 12:09:09.757181   800   948 I NetworkStatsRecorder: recordSnapshotLocked: ident[[{type=WIFI, subType=COMBINED, networkId="maidu_sslink_5g", metered=false}]]
02-13 12:09:09.757242   800   948 W NetworkStatsRecorder: unknown interfaces [lo], ignoring those stats
02-13 12:09:09.757325   800   948 D NetworkStatsRecorder: vpnArray:[Lcom.android.internal.net.VpnInfo;@a96001e
02-13 12:09:09.757393   800   948 I NetworkStatsRecorder: recordSnapshotLocked: ident[[{type=WIFI, subType=COMBINED, networkId="maidu_sslink_5g", metered=false}]]
02-13 12:09:09.757457   800   948 W NetworkStatsRecorder: unknown interfaces [lo], ignoring those stats
02-13 12:09:09.757587   800   948 D NetworkStatsRecorder: forcePersistLocked() writing for dev
02-13 12:09:09.767632   800   948 D NetworkStatsRecorder: forcePersistLocked() writing for xt
02-13 12:09:22.250594   800   940 D WindowManager: Unhandled key: win=Window{d2d60f u0 com.android.browser/com.android.browser.AddBookmarkPage}, action=0, flags=8, keyCode=148, scanCode=0, metaState=0, repeatCount=0, policyFlags=1795162112
02-13 12:09:22.250762   800   940 D WindowManager: Fallback: keyCode=21 metaState=0
02-13 12:09:22.288201   800   940 D WindowManager: Performing fallback: KeyEvent { action=ACTION_DOWN, keyCode=KEYCODE_DPAD_LEFT, scanCode=0, metaState=0, flags=0x408, repeatCount=0, eventTime=74674369, downTime=74674369, deviceId=-1, source=0x101, modifyState=0 }
02-13 12:09:22.296795   800   940 D WindowManager: Unhandled key: win=Window{d2d60f u0 com.android.browser/com.android.browser.AddBookmarkPage}, action=1, flags=8, keyCode=148, scanCode=0, metaState=0, repeatCount=0, policyFlags=1795162112
02-13 12:09:22.296951   800   940 D WindowManager: Fallback: keyCode=21 metaState=0
02-13 12:09:22.297218   800   940 D WindowManager: Performing fallback: KeyEvent { action=ACTION_UP, keyCode=KEYCODE_DPAD_LEFT, scanCode=0, metaState=0, flags=0x408, repeatCount=0, eventTime=74674375, downTime=74674375, deviceId=-1, source=0x101, modifyState=0 }
02-13 12:09:28.423919   800   951 D WifiController: battery changed pluggedType: 2
02-13 12:09:30.534736   800  8212 V WindowManager: Set focused app to: AppWindowToken{89c8f5d token=Token{9ca4ee9 ActivityRecord{419ab70 u0 com.android.browser/.BrowserActivity t842}}} old focus=AppWindowToken{6fe0370 token=Token{7c6d1b3 ActivityRecord{4c2b322 u0 com.android.browser/.AddBookmarkPage t842}}} moveFocusNow=true
02-13 12:09:30.536626   800  8212 V WindowManager: Changing focus from Window{d2d60f u0 com.android.browser/com.android.browser.AddBookmarkPage} to null Callers=com.android.server.wm.WindowManagerService.setFocusedApp:2760 com.android.server.am.ActivityManagerService.setResumedActivityUncheckLocked:3231 com.android.server.am.ActivityStack.setResumedActivityLocked:2284 com.android.server.am.ActivityStack.resumeTopActivityInnerLocked:2599 
02-13 12:09:30.536957   800  8212 D WindowManager: Input focus has changed to null
02-13 12:09:30.542824   800   877 I WindowManager: Focus moving from Window{d2d60f u0 com.android.browser/com.android.browser.AddBookmarkPage} to null
02-13 12:09:30.633353   800  8212 I WindowManager: Relayout Window{efe3c1b u0 com.android.browser/com.android.browser.BrowserActivity}: oldVis=8 newVis=0 focusMayChange = true
02-13 12:09:30.636915   800  8212 V WindowManager: Changing focus from null to Window{efe3c1b u0 com.android.browser/com.android.browser.BrowserActivity} Callers=com.android.server.wm.WindowManagerService.relayoutWindow:2192 com.android.server.wm.Session.relayout:239 android.view.IWindowSession$Stub.onTransact:286 com.android.server.wm.Session.onTransact:163 
02-13 12:09:30.637171   800  8212 D WindowManager: Input focus has changed to Window{efe3c1b u0 com.android.browser/com.android.browser.BrowserActivity}
02-13 12:09:30.643594   800   877 I WindowManager: Focus moving from null to Window{efe3c1b u0 com.android.browser/com.android.browser.BrowserActivity}
02-13 12:09:30.928249   800 11952 D IdleScreen: activityIdleScreen: android.app.ContextImpl@b998e3a mNotifyNeeded: false idleIntent: Intent { act=android.intent.action.VIEW dat=http://www.google.com/... flg=0x10000000 cmp=com.android.browser/.BrowserActivity bnds=[259,120][331,192] (has extras) }
02-13 12:09:32.599216   800 11952 V MediaRouterService: restoreBluetoothA2dp(false)
02-13 12:09:32.637141   800   880 D DuraSpeed/DuraSpeedService: [onPlaybackConfigChanged], play music packageNames:[com.android.browser]
02-13 12:09:32.637535   800   880 D DuraSpeed/DSPolicyFactory: packageName: com.android.inputmethod.latin, delay about 1370507ms by now
02-13 12:09:32.637746   800   880 D DuraSpeed/DSPolicyFactory: packageName: com.android.systemui, delay about 1654499ms by now
02-13 12:09:33.731689   800  8212 V MediaRouterService: restoreBluetoothA2dp(false)
02-13 12:09:33.735124   800   880 D DuraSpeed/DuraSpeedService: [onPlaybackConfigChanged], play music packageNames:[]
02-13 12:09:33.735463   800   880 D DuraSpeed/DSPolicyFactory: packageName: com.android.inputmethod.latin, delay about 1371604ms by now
02-13 12:09:33.735734   800   880 D DuraSpeed/DSPolicyFactory: packageName: com.android.systemui, delay about 1655597ms by now
02-13 12:09:34.702433   800  8212 I ActivityManager: START u0 {act=android.intent.action.MAIN cat=[android.intent.category.LAUNCHER] flg=0x10200000 cmp=com.android.browser/.BrowserActivity} from uid 2000
02-13 12:09:37.020415   800  8212 I WindowManager: Relayout Window{fe6fac6 u0 InputMethod}: oldVis=8 newVis=0 focusMayChange = true
02-13 12:09:37.979617   800  5862 I WindowManager: Relayout Window{fe6fac6 u0 InputMethod EXITING}: oldVis=8 newVis=0 focusMayChange = true
02-13 12:09:37.979827   800  5862 D WindowManager: relayoutVisibleWindow: Window{fe6fac6 u0 InputMethod EXITING} mAnimatingExit=true, mRemoveOnExit=false, mDestroying=false
02-13 12:09:41.055093   800  8212 V WindowManager: Changing focus from Window{efe3c1b u0 com.android.browser/com.android.browser.BrowserActivity} to Window{9484548 u0 AtchDlg:com.android.browser/com.android.browser.BrowserActivity} Callers=com.android.server.wm.WindowManagerService.addWindow:1590 com.android.server.wm.Session.addToDisplay:202 android.view.IWindowSession$Stub.onTransact:124 com.android.server.wm.Session.onTransact:163 
02-13 12:09:41.056863   800  8212 D WindowManager: Input focus has changed to Window{9484548 u0 AtchDlg:com.android.browser/com.android.browser.BrowserActivity}
02-13 12:09:41.058311   800   877 I WindowManager: Focus moving from Window{efe3c1b u0 com.android.browser/com.android.browser.BrowserActivity} to Window{9484548 u0 AtchDlg:com.android.browser/com.android.browser.BrowserActivity}
02-13 12:09:41.153722   800   877 I WindowManager: Losing delayed focus: Window{efe3c1b u0 com.android.browser/com.android.browser.BrowserActivity}
02-13 12:09:42.013931   800   940 D WindowManager: Unhandled key: win=Window{9484548 u0 AtchDlg:com.android.browser/com.android.browser.BrowserActivity}, action=0, flags=8, keyCode=22, scanCode=0, metaState=0, repeatCount=0, policyFlags=1795162112
02-13 12:09:42.014098   800   940 D WindowManager: No fallback.
02-13 12:09:42.017013   800   940 D WindowManager: Unhandled key: win=Window{9484548 u0 AtchDlg:com.android.browser/com.android.browser.BrowserActivity}, action=1, flags=8, keyCode=22, scanCode=0, metaState=0, repeatCount=0, policyFlags=1795162112
02-13 12:09:42.017111   800   940 D WindowManager: No fallback.
02-13 12:09:43.089116   800 10576 V WindowManager: Remove Window{9484548 u0 AtchDlg:com.android.browser/com.android.browser.BrowserActivity} client=e9c13eb, surfaceController=Surface(name=AtchDlg:com.android.browser/com.android.browser.BrowserActivity) Callers=com.android.server.wm.WindowState.removeIfPossible:1860 com.android.server.wm.WindowManagerService.removeWindow:1757 com.android.server.wm.Session.remove:222 android.view.IWindowSession$Stub.onTransact:242 com.android.server.wm.Session.onTransact:163 
02-13 12:09:43.090721   800 10576 V WindowManager: Changing focus from Window{9484548 u0 AtchDlg:com.android.browser/com.android.browser.BrowserActivity EXITING} to Window{efe3c1b u0 com.android.browser/com.android.browser.BrowserActivity} Callers=com.android.server.wm.WindowState.setupWindowForRemoveOnExit:2008 com.android.server.wm.WindowState.removeIfPossible:1980 com.android.server.wm.WindowState.removeIfPossible:1860 com.android.server.wm.WindowManagerService.removeWindow:1757 
02-13 12:09:43.091074   800 10576 D WindowManager: Input focus has changed to Window{efe3c1b u0 com.android.browser/com.android.browser.BrowserActivity}
02-13 12:09:43.099744   800   877 I WindowManager: Focus moving from Window{9484548 u0 AtchDlg:com.android.browser/com.android.browser.BrowserActivity EXITING} to Window{efe3c1b u0 com.android.browser/com.android.browser.BrowserActivity}
02-13 12:09:49.481658   800 10576 V MediaRouterService: restoreBluetoothA2dp(false)
02-13 12:09:49.487055   800   880 D DuraSpeed/DuraSpeedService: [onPlaybackConfigChanged], play music packageNames:[com.android.browser]
02-13 12:09:49.487254   800   880 D DuraSpeed/DSPolicyFactory: packageName: com.android.inputmethod.latin, delay about 1387356ms by now
02-13 12:09:49.487349   800   880 D DuraSpeed/DSPolicyFactory: packageName: com.android.systemui, delay about 1671348ms by now
02-13 12:09:53.225106   800  8212 V MediaRouterService: restoreBluetoothA2dp(false)
02-13 12:09:53.255596   800   880 D DuraSpeed/DuraSpeedService: [onPlaybackConfigChanged], play music packageNames:[]
02-13 12:09:53.255868   800   880 D DuraSpeed/DSPolicyFactory: packageName: com.android.inputmethod.latin, delay about 1391125ms by now
02-13 12:09:53.255997   800   880 D DuraSpeed/DSPolicyFactory: packageName: com.android.systemui, delay about 1675117ms by now
02-13 12:09:55.398864   800   882 D AmsExtImpl: Low memory event reported!
02-13 12:09:55.400113   800   880 D DuraSpeed/DuraSpeedInternalManager: handlePoorHealth, mCurrentPackage = com.android.browser, event = 1006
02-13 12:09:55.434082   800   877 W ActivityManager: setHasOverlayUi called on unknown pid: 11400
02-13 12:09:55.435212   800   880 E DuraSpeed/UserUsageStats: Group[0] queryStats mCurrentStats is null 1
02-13 12:09:55.499419   800   880 V DuraSpeed/AWSManager: kill start [com.mediatek.simprocessor, com.android.soundrecorder, com.android.defcontainer, com.android.contacts, com.android.mms, com.honeywell.tools.appsconfig, com.android.bips, com.honeywell.tools.ezconfig, com.android.cellbroadcastreceiver, com.android.keychain, com.android.printservice.recommendation, com.android.gallery3d, android.ext.services, com.android.calllogbackup]
02-13 12:09:55.499876   800   880 V DuraSpeed/AWSManager: Killing process, pid:11781, (com.mediatek.simprocessor), adj:906
02-13 12:09:55.500743   800   880 V DuraSpeed/AWSManager: Killing process, pid:11477, (com.android.soundrecorder), adj:900
02-13 12:09:55.501716   800   880 V DuraSpeed/AWSManager: Killing process, pid:12111, (com.android.defcontainer), adj:904
02-13 12:09:55.502920   800   880 V DuraSpeed/AWSManager: Killing process, pid:11761, (com.android.contacts), adj:903
02-13 12:09:55.503750   800   880 V DuraSpeed/AWSManager: Killing process, pid:9919, (com.android.mms), adj:900
02-13 12:09:55.504555   800   880 V DuraSpeed/AWSManager: Killing process, pid:12052, (com.honeywell.tools.appsconfig), adj:902
02-13 12:09:55.505100   800   880 V DuraSpeed/AWSManager: Killing process, pid:12514, (com.android.bips), adj:902
02-13 12:09:55.505657   800   880 V DuraSpeed/AWSManager: Killing process, pid:12732, (com.honeywell.tools.ezconfig), adj:905
02-13 12:09:55.506283   800   880 V DuraSpeed/AWSManager: Killing process, pid:12214, (com.android.cellbroadcastreceiver), adj:903
02-13 12:09:55.506936   800   880 V DuraSpeed/AWSManager: Killing process, pid:12073, (com.android.keychain), adj:904
02-13 12:09:55.507977   800   880 V DuraSpeed/AWSManager: Killing process, pid:12573, (com.android.printservice.recommendation), adj:904
02-13 12:09:55.508676   800   880 V DuraSpeed/AWSManager: Killing process, pid:10844, (com.android.gallery3d), adj:900
02-13 12:09:55.509603   800   880 V DuraSpeed/AWSManager: Killing process, pid:11686, (android.ext.services), adj:900
02-13 12:09:55.510193   800   880 V DuraSpeed/AWSManager: Killing process, pid:11834, (com.android.calllogbackup), adj:904
02-13 12:09:55.510675   800   880 V DuraSpeed/AWSManager: suppress start []
02-13 12:09:55.510778   800   880 D DuraSpeed/DuraSpeedInternalManager: handlePoorHealth end
02-13 12:09:55.531775   800  8212 I ActivityManager: Process com.android.calllogbackup (pid 11834) has died: cch+4CEM 
02-13 12:09:55.578560   800  5757 I WindowManager: WIN DEATH: Window{839bd0a u0 com.android.contacts/com.android.contacts.quickcontact.QuickContactActivity}
02-13 12:09:55.589440   800  5822 I ActivityManager: Process com.android.contacts (pid 11761) has died: cch+3CAC 
02-13 12:09:55.599539   800  3852 I WindowManager: WIN DEATH: Window{b42975e u0 com.android.contacts/com.android.contacts.activities.PeopleActivity}
02-13 12:09:55.621472   800  5757 I WindowManager: WIN DEATH: Window{471121b u0 com.honeywell.tools.ezconfig/com.honeywell.tools.ezconfig.MainActivity}
02-13 12:09:55.624036   800   899 I ActivityManager: Process com.mediatek.simprocessor (pid 11781) has died: cch+6CEM 
02-13 12:09:55.634349   800  6868 I WindowManager: WIN DEATH: Window{2c46950 u0 com.android.gallery3d/com.android.gallery3d.app.GalleryActivity}
02-13 12:09:55.641501   800   877 W ActivityManager: setHasOverlayUi called on unknown pid: 11761
02-13 12:09:55.642563   800  6760 I ActivityManager: Process com.honeywell.tools.ezconfig (pid 12732) has died: cch+3CAC 
02-13 12:09:55.647918   800  5757 I WindowManager: WIN DEATH: Window{eda5758 u0 com.android.gallery3d/com.android.gallery3d.app.GalleryActivity}
02-13 12:09:55.665923   800   963 D NsdService: Client disconnected
02-13 12:09:55.670663   800  8484 I ActivityManager: Process com.android.gallery3d (pid 10844) has died: cch  CAC 
02-13 12:09:55.680864   800  5822 I WindowManager: WIN DEATH: Window{6a83175 u0 com.android.soundrecorder/com.android.soundrecorder.SoundRecorder}
02-13 12:09:55.685201   800   877 W ActivityManager: setHasOverlayUi called on unknown pid: 12732
02-13 12:09:55.685594   800   899 I ActivityManager: Process android.ext.services (pid 11686) has died: cch  CEM 
02-13 12:09:55.709255   800  2678 I ActivityManager: Process com.android.soundrecorder (pid 11477) has died: cch  SVC 
02-13 12:09:55.709694   800  2678 W ActivityManager: Scheduling restart of crashed service com.android.soundrecorder/.SoundRecorderService in 1000ms
02-13 12:09:55.716244   800 11952 I ActivityManager: Process com.android.printservice.recommendation (pid 12573) has died: cch+6CEM 
02-13 12:09:55.721511   800   877 W ActivityManager: setHasOverlayUi called on unknown pid: 10844
02-13 12:09:55.721684   800   877 W ActivityManager: setHasOverlayUi called on unknown pid: 11477
02-13 12:09:55.745219   800 11952 I ActivityManager: Process com.android.defcontainer (pid 12111) has died: cch+6CEM 
02-13 12:09:55.747541   800   963 D NsdService: Client disconnected
02-13 12:09:55.748079   800   963 D NsdService: mdnssd [stop-service]
02-13 12:09:55.761132   800  2678 I ActivityManager: Process com.android.bips (pid 12514) has died: cch+2CEM 
02-13 12:09:55.775457   800  2678 I ActivityManager: Process com.android.keychain (pid 12073) has died: cch+6CEM 
02-13 12:09:55.831388   800  2384 I WindowManager: WIN DEATH: Window{3093466 u0 com.android.cellbroadcastreceiver/com.android.cellbroadcastreceiver.CellBroadcastListActivity}
02-13 12:09:55.839116   800   948 I NetworkStatsRecorder: recordSnapshotLocked: ident[[{type=WIFI, subType=COMBINED, networkId="maidu_sslink_5g", metered=false}]]
02-13 12:09:55.839998   800   948 W NetworkStatsRecorder: unknown interfaces [lo], ignoring those stats
02-13 12:09:55.840158   800   948 I NetworkStatsRecorder: recordSnapshotLocked: ident[[{type=WIFI, subType=COMBINED, networkId="maidu_sslink_5g", metered=false}]]
02-13 12:09:55.840288   800   948 W NetworkStatsRecorder: unknown interfaces [lo], ignoring those stats
02-13 12:09:55.840545   800   948 D NetworkStatsRecorder: vpnArray:[Lcom.android.internal.net.VpnInfo;@b751563
02-13 12:09:55.841734   800   948 I NetworkStatsRecorder: recordSnapshotLocked: ident[[{type=WIFI, subType=COMBINED, networkId="maidu_sslink_5g", metered=false}]]
02-13 12:09:55.843003   800   948 I chatty  : uid=1000(system) NetworkStats identical 1 line
02-13 12:09:55.843135   800   948 I NetworkStatsRecorder: recordSnapshotLocked: ident[[{type=WIFI, subType=COMBINED, networkId="maidu_sslink_5g", metered=false}]]
02-13 12:09:55.843221   800   948 W NetworkStatsRecorder: unknown interfaces [lo], ignoring those stats
02-13 12:09:55.843548   800   948 D NetworkStatsRecorder: vpnArray:[Lcom.android.internal.net.VpnInfo;@b751563
02-13 12:09:55.843673   800   948 W NetworkStatsRecorder: unknown interfaces [lo], ignoring those stats
02-13 12:09:55.843834   800   948 D NetworkStatsRecorder: forcePersistLocked() writing for dev
02-13 12:09:55.845854   800  5822 I ActivityManager: Process com.honeywell.tools.appsconfig (pid 12052) has died: cch+6CEM 
02-13 12:09:55.870011   800  6868 I ActivityManager: Process com.android.cellbroadcastreceiver (pid 12214) has died: cch+5CAC 
02-13 12:09:55.871361   800  5862 I WindowManager: WIN DEATH: Window{d5b1100 u0 com.android.mms/com.android.mms.ui.ComposeMessageActivity}
02-13 12:09:55.888952   800  8484 I ActivityManager: Process com.android.mms (pid 9919) has died: cch  SVC 
02-13 12:09:55.889313   800  8484 W ActivityManager: Scheduling restart of crashed service com.android.mms/.transaction.NoneService in 1000ms
02-13 12:09:55.899490   800   948 D NetworkStatsRecorder: forcePersistLocked() writing for xt
02-13 12:09:55.903200   800   877 W ActivityManager: setHasOverlayUi called on unknown pid: 9919
