01-10 13:54:03.670013   986  1224 V MediaRouterService: restoreBluetoothA2dp(false)
01-10 13:54:03.673500   986  1012 D DuraSpeed/DuraSpeedService: [onPlaybackConfigChanged], play music packageNames:[com.android.music]
01-10 13:54:03.673675   986  1012 D DuraSpeed/DSPolicyFactory: packageName: android, delay about 141962ms by now
01-10 13:54:03.732638   986  1012 D DuraSpeed/DuraSpeedService: [onPlaybackConfigChanged], play music packageNames:[com.android.music]
01-10 13:54:03.732822   986  1012 D DuraSpeed/DSPolicyFactory: packageName: android, delay about 142021ms by now
01-10 13:54:03.949337   986  1760 D IdleScreen: activityIdleScreen: android.app.ContextImpl@4c1bb2e mNotifyNeeded: false idleIntent: Intent { flg=0x10000000 cmp=com.android.music/.MediaPlaybackActivity }
01-10 13:54:05.476372   986  1071 D WindowManager: Unhandled key: win=Window{8f872d2 u0 com.android.music/com.android.music.MediaPlaybackActivity}, action=0, flags=8, keyCode=236, scanCode=0, metaState=0, repeatCount=0, policyFlags=1795162112
01-10 13:54:05.476528   986  1071 D WindowManager: No fallback.
01-10 13:54:05.479885   986  1071 D WindowManager: Unhandled key: win=Window{8f872d2 u0 com.android.music/com.android.music.MediaPlaybackActivity}, action=1, flags=8, keyCode=236, scanCode=0, metaState=0, repeatCount=0, policyFlags=1795162112
01-10 13:54:05.479964   986  1071 D WindowManager: No fallback.
01-10 13:54:08.435634   986  1173 V MediaRouterService: restoreBluetoothA2dp(false)
01-10 13:54:08.450597   986  1173 V MediaRouterService: restoreBluetoothA2dp(false)
01-10 13:54:08.457581   986  1012 D DuraSpeed/DuraSpeedService: [onPlaybackConfigChanged], play music packageNames:[com.android.music]
01-10 13:54:08.458921   986  1012 D DuraSpeed/DSPolicyFactory: packageName: android, delay about 146747ms by now
01-10 13:54:08.460970   986  1012 D DuraSpeed/DuraSpeedService: [onPlaybackConfigChanged], play music packageNames:[com.android.music]
01-10 13:54:08.464568   986  1012 D DuraSpeed/DSPolicyFactory: packageName: android, delay about 146750ms by now
01-10 13:54:17.806395   986  1086 D WifiController: battery changed pluggedType: 2
01-10 13:55:00.002842   986  1068 D DataShapingService: [isDataShapingWhitelistApp] packageName: android
01-10 13:55:00.003186   986  1068 D DataShapingUtils: [isDataShapingWhitelistApp] packageName: android, mWhitelist: []
01-10 13:55:00.003822   986  1068 D DataShapingService: [openLteDataUpLinkGate] isForce: false
01-10 13:55:00.004000   986  1068 D DataShapingService: Alarm manager openLteDataUpLinkGate: false
01-10 13:55:00.004086   986  1068 I DataShapingService: openLteGateSuccess = false
01-10 13:55:18.479409   986  1086 D WifiController: battery changed pluggedType: 2
01-10 13:56:00.004157   986  1068 D DataShapingService: [isDataShapingWhitelistApp] packageName: android
01-10 13:56:00.004724   986  1068 D DataShapingUtils: [isDataShapingWhitelistApp] packageName: android, mWhitelist: []
01-10 13:56:00.005635   986  1068 D DataShapingService: [openLteDataUpLinkGate] isForce: false
01-10 13:56:00.005869   986  1068 D DataShapingService: Alarm manager openLteDataUpLinkGate: false
01-10 13:56:00.005934   986  1068 I DataShapingService: openLteGateSuccess = false
01-10 13:56:27.671601   986  1086 D WifiController: battery changed pluggedType: 2
01-10 13:56:48.650371   986  1760 I ActivityManager: START u0 {act=android.intent.action.MAIN cat=[android.intent.category.LAUNCHER] flg=0x10200000 cmp=com.android.gallery3d/.app.GalleryActivity} from uid 2000
01-10 13:56:48.669325   986  1012 D DuraSpeed/DSPolicyBase: setCurrentLauncher, currentLauncher = com.android.launcher3
01-10 13:56:48.669472   986  1012 D DuraSpeed/DuraSpeedInternalManager: switchState, currentPackage = com.android.gallery3d, event = 1004
01-10 13:56:48.669528   986  1012 D DuraSpeed/DuraSpeedInternalManager: switchState, is activity pause, do noting.
01-10 13:56:48.683871   986  1173 I ActivityManager: Start proc 3411:com.android.gallery3d/u0a54 for activity com.android.gallery3d/.app.GalleryActivity
01-10 13:56:48.696655   986  1058 V WindowManager: Changing focus from Window{8f872d2 u0 com.android.music/com.android.music.MediaPlaybackActivity} to null Callers=com.android.server.wm.WindowManagerService.relayoutWindow:2176 com.android.server.wm.Session.relayout:239 android.view.ViewRootImpl.relayoutWindow:6320 android.view.ViewRootImpl.performTraversals:1977 
01-10 13:56:48.696895   986  1058 D WindowManager: Input focus has changed to null
01-10 13:56:48.700539   986  1009 I WindowManager: Focus moving from Window{8f872d2 u0 com.android.music/com.android.music.MediaPlaybackActivity} to null
01-10 13:56:48.701705   986  1173 D DL-PowerManagerService: isBatteryCoverOpen
01-10 13:56:48.705976   986  1173 V WindowManager: Set focused app to: AppWindowToken{caa98d7 token=Token{f77f60b ActivityRecord{d9ad1da u0 com.android.gallery3d/.app.GalleryActivity t380}}} old focus=AppWindowToken{11a8e7a token=Token{ee5f80f ActivityRecord{cbf496e u0 com.android.music/.MediaPlaybackActivity t378}}} moveFocusNow=true
01-10 13:56:48.781924   986  1173 V SettingsProvider: packageValueForCallResult, name = null, value : Bundle[{_track_generation=android.util.MemoryIntArray@62, value=null, _generation_index=0, _generation=2}]
01-10 13:56:49.082369   986  1761 I ActivityManager: START u0 {act=android.intent.action.MAIN cat=[android.intent.category.LAUNCHER] flg=0x10200000 cmp=com.datalogic.scan2deploy/.MainActivity} from uid 2000
01-10 13:56:49.110300   986  1761 V SettingsProvider: packageValueForCallResult, name = accelerometer_rotation, value : Bundle[{_track_generation=android.util.MemoryIntArray@62, value=0, _generation_index=2, _generation=5}]
01-10 13:56:49.213054   986  1012 D DuraSpeed/DSPolicyBase: setCurrentLauncher, currentLauncher = com.android.launcher3
01-10 13:56:49.213134   986  1012 D DuraSpeed/DuraSpeedInternalManager: switchState, currentPackage = com.datalogic.scan2deploy, event = 1004
01-10 13:56:49.213157   986  1012 D DuraSpeed/DuraSpeedInternalManager: switchState, is activity pause, do noting.
01-10 13:56:49.226526   986  1173 I ActivityManager: Start proc 3447:com.datalogic.scan2deploy/u0a64 for activity com.datalogic.scan2deploy/.MainActivity
01-10 13:56:49.241945   986  1173 I WindowManager: Relayout Window{eccc945 u0 com.android.gallery3d/com.android.gallery3d.app.GalleryActivity}: oldVis=4 newVis=0 focusMayChange = true
01-10 13:56:49.250836   986  1224 D DL-PowerManagerService: isBatteryCoverOpen
01-10 13:56:49.255378   986  1224 V WindowManager: Set focused app to: AppWindowToken{f7cdd89 token=Token{335818c ActivityRecord{4ab46bf u0 com.datalogic.scan2deploy/.MainActivity t381}}} old focus=AppWindowToken{caa98d7 token=Token{f77f60b ActivityRecord{d9ad1da u0 com.android.gallery3d/.app.GalleryActivity t380}}} moveFocusNow=true
01-10 13:56:49.283821   986  1224 I WindowManager: Failed to capture screenshot of Token{f77f60b ActivityRecord{d9ad1da u0 com.android.gallery3d/.app.GalleryActivity t380}} appWin=Window{eccc945 u0 com.android.gallery3d/com.android.gallery3d.app.GalleryActivity} drawState=1
01-10 13:56:49.370368   986  1224 D IdleScreen: activityIdleScreen: android.app.ContextImpl@4c1bb2e mNotifyNeeded: false idleIntent: Intent { act=android.intent.action.MAIN cat=[android.intent.category.LAUNCHER] flg=0x10200000 cmp=com.android.gallery3d/.app.GalleryActivity }
01-10 13:56:49.436281   986  1761 V SettingsProvider: packageValueForCallResult, name = null, value : Bundle[{_track_generation=android.util.MemoryIntArray@62, value=null, _generation_index=0, _generation=2}]
01-10 13:56:49.440669   986  1173 I ActivityManager: START u0 {cmp=com.datalogic.scan2deploy/.RequireDOActivity} from uid 10064
01-10 13:56:49.511877   986  1173 D DL-PowerManagerService: isBatteryCoverOpen
01-10 13:56:49.512917   986  1173 V WindowManager: Set focused app to: AppWindowToken{9662a3e token=Token{4897dc0 ActivityRecord{ce58343 u0 com.datalogic.scan2deploy/.RequireDOActivity t381}}} old focus=AppWindowToken{f7cdd89 token=Token{335818c ActivityRecord{4ab46bf u0 com.datalogic.scan2deploy/.MainActivity t381}}} moveFocusNow=true
01-10 13:56:49.630973   986  1173 I WindowManager: Relayout Window{1e217bb u0 com.datalogic.scan2deploy/com.datalogic.scan2deploy.RequireDOActivity}: oldVis=4 newVis=0 focusMayChange = true
01-10 13:56:49.638656   986  1173 V WindowManager: Changing focus from null to Window{1e217bb u0 com.datalogic.scan2deploy/com.datalogic.scan2deploy.RequireDOActivity} Callers=com.android.server.wm.WindowManagerService.relayoutWindow:2176 com.android.server.wm.Session.relayout:239 android.view.IWindowSession$Stub.onTransact:286 com.android.server.wm.Session.onTransact:163 
01-10 13:56:49.638855   986  1173 D WindowManager: Input focus has changed to Window{1e217bb u0 com.datalogic.scan2deploy/com.datalogic.scan2deploy.RequireDOActivity}
01-10 13:56:49.643248   986  1009 I WindowManager: Focus moving from null to Window{1e217bb u0 com.datalogic.scan2deploy/com.datalogic.scan2deploy.RequireDOActivity}
01-10 13:56:49.766247  3447  3447 W ViewRootImpl[RequireDOActivity]: Dropping event due to no window focus: KeyEvent { action=ACTION_DOWN, keyCode=KEYCODE_DPAD_DOWN, scanCode=0, metaState=0, flags=0x8, repeatCount=0, eventTime=327858, downTime=327858, deviceId=-1, source=0x101 }
01-10 13:56:49.766689   986  1071 D WindowManager: Unhandled key: win=Window{1e217bb u0 com.datalogic.scan2deploy/com.datalogic.scan2deploy.RequireDOActivity}, action=0, flags=8, keyCode=20, scanCode=0, metaState=0, repeatCount=0, policyFlags=1795162112
01-10 13:56:49.766809   986  1071 D WindowManager: No fallback.
01-10 13:56:49.772722   986  1071 D WindowManager: Unhandled key: win=Window{1e217bb u0 com.datalogic.scan2deploy/com.datalogic.scan2deploy.RequireDOActivity}, action=1, flags=8, keyCode=20, scanCode=0, metaState=0, repeatCount=0, policyFlags=1795162112
01-10 13:56:49.772812   986  1071 D WindowManager: No fallback.
01-10 13:56:49.787093   986  1173 D IdleScreen: activityIdleScreen: android.app.ContextImpl@4c1bb2e mNotifyNeeded: false idleIntent: Intent { cmp=com.datalogic.scan2deploy/.RequireDOActivity }
01-10 13:56:49.789053   986  1173 D IdleScreen: activityIdleScreen: android.app.ContextImpl@4c1bb2e mNotifyNeeded: false idleIntent: Intent { act=android.intent.action.MAIN cat=[android.intent.category.LAUNCHER] flg=0x10200000 cmp=com.datalogic.scan2deploy/.MainActivity }
01-10 13:56:50.789816   986  3509 V SettingsProvider: packageValueForCallResult, name = sound_effects_enabled, value : Bundle[{_track_generation=android.util.MemoryIntArray@62, value=1, _generation_index=2, _generation=5}]
01-10 13:56:50.793546   986  3509 I ActivityManager: START u0 {act=android.settings.SETTINGS cmp=com.android.settings/.Settings} from uid 10064
01-10 13:56:50.826798   986  3509 D DL-PowerManagerService: isBatteryCoverOpen
01-10 13:56:50.832375   986  1012 D DuraSpeed/DSPolicyBase: setCurrentLauncher, currentLauncher = com.android.launcher3
01-10 13:56:50.832466   986  1012 D DuraSpeed/DuraSpeedInternalManager: switchState, currentPackage = com.android.settings, event = 1004
01-10 13:56:50.832496   986  1012 D DuraSpeed/DuraSpeedInternalManager: switchState, is activity pause, do noting.
01-10 13:56:50.832779   986  3509 V WindowManager: Set focused app to: AppWindowToken{ca75f8f token=Token{8807aa2 ActivityRecord{2ccbe6d u0 com.android.settings/.Settings t382}}} old focus=AppWindowToken{9662a3e token=Token{4897dc0 ActivityRecord{ce58343 u0 com.datalogic.scan2deploy/.RequireDOActivity t381}}} moveFocusNow=true
01-10 13:56:50.833324   986  3509 V WindowManager: Changing focus from Window{1e217bb u0 com.datalogic.scan2deploy/com.datalogic.scan2deploy.RequireDOActivity} to null Callers=com.android.server.wm.WindowManagerService.setFocusedApp:2744 com.android.server.am.ActivityManagerService.setResumedActivityUncheckLocked:3231 com.android.server.am.ActivityStack.setResumedActivityLocked:2284 com.android.server.am.ActivityStack.minimalResumeActivityLocked:1093 
01-10 13:56:50.833543   986  3509 D WindowManager: Input focus has changed to null
01-10 13:56:50.834535   986  1009 I WindowManager: Focus moving from Window{1e217bb u0 com.datalogic.scan2deploy/com.datalogic.scan2deploy.RequireDOActivity} to null
01-10 13:56:50.870732   986  3509 V WindowManager: Set focused app to: AppWindowToken{9662a3e token=Token{4897dc0 ActivityRecord{ce58343 u0 com.datalogic.scan2deploy/.RequireDOActivity t381}}} old focus=AppWindowToken{ca75f8f token=Token{8807aa2 ActivityRecord{2ccbe6d u0 com.android.settings/.Settings t382}}} moveFocusNow=true
01-10 13:56:50.871399   986  3509 V WindowManager: Changing focus from null to Window{1e217bb u0 com.datalogic.scan2deploy/com.datalogic.scan2deploy.RequireDOActivity} Callers=com.android.server.wm.WindowManagerService.setFocusedApp:2744 com.android.server.am.ActivityManagerService.setResumedActivityUncheckLocked:3231 com.android.server.am.ActivityStack.setResumedActivityLocked:2284 com.android.server.am.ActivityStack.resumeTopActivityInnerLocked:2599 
01-10 13:56:50.871645   986  3509 D WindowManager: Input focus has changed to Window{1e217bb u0 com.datalogic.scan2deploy/com.datalogic.scan2deploy.RequireDOActivity}
01-10 13:56:50.872834   986  1012 D DuraSpeed/DSPolicyBase: setCurrentLauncher, currentLauncher = com.android.launcher3
01-10 13:56:50.872982   986  1012 D DuraSpeed/DuraSpeedInternalManager: switchState, currentPackage = com.datalogic.scan2deploy, event = 1004
01-10 13:56:50.873013   986  1012 D DuraSpeed/DuraSpeedInternalManager: switchState, is activity pause, do noting.
01-10 13:56:50.877924   986  3509 D DL-PowerManagerService: isBatteryCoverOpen
01-10 13:56:50.879429   986  1009 I WindowManager: Focus moving from null to Window{1e217bb u0 com.datalogic.scan2deploy/com.datalogic.scan2deploy.RequireDOActivity}
01-10 13:56:50.882936   986  3509 I WindowManager: Failed to capture screenshot of Token{8807aa2 ActivityRecord{2ccbe6d u0 com.android.settings/.Settings t382 f}} appWin=Window{2160a95 u0 Splash Screen com.android.settings} drawState=1
01-10 13:56:50.907443   986   996 D IdleScreen: activityIdleScreen: android.app.ContextImpl@4c1bb2e mNotifyNeeded: false idleIntent: Intent { act=android.settings.SETTINGS flg=0x10000000 cmp=com.android.settings/.Settings }
01-10 13:56:53.159690   986   996 V WindowManager: Set focused app to: AppWindowToken{f7cdd89 token=Token{335818c ActivityRecord{4ab46bf u0 com.datalogic.scan2deploy/.MainActivity t381}}} old focus=AppWindowToken{9662a3e token=Token{4897dc0 ActivityRecord{ce58343 u0 com.datalogic.scan2deploy/.RequireDOActivity t381}}} moveFocusNow=true
01-10 13:56:53.160370   986   996 V WindowManager: Changing focus from Window{1e217bb u0 com.datalogic.scan2deploy/com.datalogic.scan2deploy.RequireDOActivity} to null Callers=com.android.server.wm.WindowManagerService.setFocusedApp:2744 com.android.server.am.ActivityManagerService.setResumedActivityUncheckLocked:3231 com.android.server.am.ActivityStack.setResumedActivityLocked:2284 com.android.server.am.ActivityStack.resumeTopActivityInnerLocked:2599 
01-10 13:56:53.160514   986   996 D WindowManager: Input focus has changed to null
01-10 13:56:53.163119   986   996 D DL-PowerManagerService: isBatteryCoverOpen
01-10 13:56:53.164742   986  1009 I WindowManager: Focus moving from Window{1e217bb u0 com.datalogic.scan2deploy/com.datalogic.scan2deploy.RequireDOActivity} to null
01-10 13:56:53.174457   986   996 V WindowManager: Set focused app to: AppWindowToken{caa98d7 token=Token{f77f60b ActivityRecord{d9ad1da u0 com.android.gallery3d/.app.GalleryActivity t380}}} old focus=AppWindowToken{f7cdd89 token=Token{335818c ActivityRecord{4ab46bf u0 com.datalogic.scan2deploy/.MainActivity t381}}} moveFocusNow=true
01-10 13:56:53.175935   986  1012 D DuraSpeed/DSPolicyBase: setCurrentLauncher, currentLauncher = com.android.launcher3
01-10 13:56:53.176032   986  1012 D DuraSpeed/DuraSpeedInternalManager: switchState, currentPackage = com.android.gallery3d, event = 1004
01-10 13:56:53.176081   986  1012 D DuraSpeed/DuraSpeedInternalManager: switchState, is activity pause, do noting.
01-10 13:56:53.178961   986   996 D DL-PowerManagerService: isBatteryCoverOpen
01-10 13:56:53.266468   986  1339 I WindowManager: Relayout Window{eccc945 u0 com.android.gallery3d/com.android.gallery3d.app.GalleryActivity}: oldVis=4 newVis=0 focusMayChange = true
01-10 13:56:53.269842   986  1339 V WindowManager: Changing focus from null to Window{eccc945 u0 com.android.gallery3d/com.android.gallery3d.app.GalleryActivity} Callers=com.android.server.wm.WindowManagerService.relayoutWindow:2176 com.android.server.wm.Session.relayout:239 android.view.IWindowSession$Stub.onTransact:286 com.android.server.wm.Session.onTransact:163 
01-10 13:56:53.270073   986  1339 D WindowManager: Input focus has changed to Window{eccc945 u0 com.android.gallery3d/com.android.gallery3d.app.GalleryActivity}
01-10 13:56:53.273932   986  1009 I WindowManager: Focus moving from null to Window{eccc945 u0 com.android.gallery3d/com.android.gallery3d.app.GalleryActivity}
01-10 13:56:53.364137   986  3509 D IdleScreen: activityIdleScreen: android.app.ContextImpl@4c1bb2e mNotifyNeeded: false idleIntent: Intent { act=android.intent.action.MAIN cat=[android.intent.category.LAUNCHER] flg=0x10200000 cmp=com.android.gallery3d/.app.GalleryActivity }
01-10 13:56:53.622985   986  1001 I ActivityManager: Killing 2568:com.mediatek.engineermode/1001 (adj 906): empty #17
01-10 13:56:54.156732   986  1071 D WindowManager: Unhandled key: win=Window{eccc945 u0 com.android.gallery3d/com.android.gallery3d.app.GalleryActivity}, action=0, flags=8, keyCode=22, scanCode=0, metaState=0, repeatCount=0, policyFlags=1795162112
01-10 13:56:54.156825   986  1071 D WindowManager: No fallback.
01-10 13:56:54.158189   986  1071 D WindowManager: Unhandled key: win=Window{eccc945 u0 com.android.gallery3d/com.android.gallery3d.app.GalleryActivity}, action=1, flags=8, keyCode=22, scanCode=0, metaState=0, repeatCount=0, policyFlags=1795162112
01-10 13:56:54.158249   986  1071 D WindowManager: No fallback.
01-10 13:56:54.939739   986  1071 D WindowManager: Unhandled key: win=Window{eccc945 u0 com.android.gallery3d/com.android.gallery3d.app.GalleryActivity}, action=0, flags=8, keyCode=22, scanCode=0, metaState=0, repeatCount=0, policyFlags=1795162112
01-10 13:56:54.939857   986  1071 D WindowManager: No fallback.
01-10 13:56:54.942617   986  1071 D WindowManager: Unhandled key: win=Window{eccc945 u0 com.android.gallery3d/com.android.gallery3d.app.GalleryActivity}, action=1, flags=8, keyCode=22, scanCode=0, metaState=0, repeatCount=0, policyFlags=1795162112
01-10 13:56:54.942752   986  1071 D WindowManager: No fallback.
01-10 13:56:55.276089   986  1071 D WindowManager: Unhandled key: win=Window{eccc945 u0 com.android.gallery3d/com.android.gallery3d.app.GalleryActivity}, action=0, flags=8, keyCode=23, scanCode=0, metaState=0, repeatCount=0, policyFlags=1795162112
01-10 13:56:55.276202   986  1071 D WindowManager: No fallback.
01-10 13:56:55.278549   986  1071 D WindowManager: Unhandled key: win=Window{eccc945 u0 com.android.gallery3d/com.android.gallery3d.app.GalleryActivity}, action=1, flags=8, keyCode=23, scanCode=0, metaState=0, repeatCount=0, policyFlags=1795162112
01-10 13:56:55.278639   986  1071 D WindowManager: No fallback.
01-10 13:56:56.225264   986  1012 D DuraSpeed/DuraSpeedService: [onPlaybackConfigChanged], play music packageNames:[com.android.music]
01-10 13:56:56.225591   986  1012 D DuraSpeed/DSPolicyFactory: packageName: android, delay about 314514ms by now
01-10 13:56:56.797238   986  1103 V SettingsProvider: name : volume_music_speaker appId : 1000
01-10 13:56:57.294298   986  1071 D WindowManager: Unhandled key: win=Window{eccc945 u0 com.android.gallery3d/com.android.gallery3d.app.GalleryActivity}, action=0, flags=8, keyCode=20, scanCode=0, metaState=0, repeatCount=0, policyFlags=1795162112
01-10 13:56:57.294454   986  1071 D WindowManager: No fallback.
01-10 13:56:57.299842   986  1071 D WindowManager: Unhandled key: win=Window{eccc945 u0 com.android.gallery3d/com.android.gallery3d.app.GalleryActivity}, action=1, flags=8, keyCode=20, scanCode=0, metaState=0, repeatCount=0, policyFlags=1795162112
01-10 13:56:57.299943   986  1071 D WindowManager: No fallback.
01-10 13:56:59.012573   986  1071 D WindowManager: Unhandled key: win=Window{eccc945 u0 com.android.gallery3d/com.android.gallery3d.app.GalleryActivity}, action=0, flags=8, keyCode=19, scanCode=0, metaState=0, repeatCount=0, policyFlags=1795162112
01-10 13:56:59.012735   986  1071 D WindowManager: No fallback.
01-10 13:56:59.023010   986  1071 D WindowManager: Unhandled key: win=Window{eccc945 u0 com.android.gallery3d/com.android.gallery3d.app.GalleryActivity}, action=1, flags=8, keyCode=19, scanCode=0, metaState=0, repeatCount=0, policyFlags=1795162112
01-10 13:56:59.023133   986  1071 D WindowManager: No fallback.
01-10 13:56:59.462241   986  1071 D WindowManager: Unhandled key: win=Window{eccc945 u0 com.android.gallery3d/com.android.gallery3d.app.GalleryActivity}, action=0, flags=8, keyCode=21, scanCode=0, metaState=0, repeatCount=0, policyFlags=1795162112
01-10 13:56:59.462323   986  1071 D WindowManager: No fallback.
01-10 13:56:59.464016   986  1071 D WindowManager: Unhandled key: win=Window{eccc945 u0 com.android.gallery3d/com.android.gallery3d.app.GalleryActivity}, action=1, flags=8, keyCode=21, scanCode=0, metaState=0, repeatCount=0, policyFlags=1795162112
01-10 13:56:59.464094   986  1071 D WindowManager: No fallback.
01-10 13:57:00.002065   986  1068 D DataShapingService: [isDataShapingWhitelistApp] packageName: android
01-10 13:57:00.002410   986  1068 D DataShapingUtils: [isDataShapingWhitelistApp] packageName: android, mWhitelist: []
01-10 13:57:00.003265   986  1068 D DataShapingService: [openLteDataUpLinkGate] isForce: false
01-10 13:57:00.003562   986  1068 D DataShapingService: Alarm manager openLteDataUpLinkGate: true
01-10 13:57:00.003693   986  1110 D DataShapingService: [handleMessage] msg_alarm_manager_trigger
01-10 13:57:00.003716   986  1068 I DataShapingService: openLteGateSuccess = true
01-10 13:57:01.555009   986  1071 D WindowManager: Unhandled key: win=Window{eccc945 u0 com.android.gallery3d/com.android.gallery3d.app.GalleryActivity}, action=0, flags=8, keyCode=20, scanCode=0, metaState=0, repeatCount=0, policyFlags=1795162112
01-10 13:57:01.555190   986  1071 D WindowManager: No fallback.
01-10 13:57:01.557739   986  1071 D WindowManager: Unhandled key: win=Window{eccc945 u0 com.android.gallery3d/com.android.gallery3d.app.GalleryActivity}, action=1, flags=8, keyCode=20, scanCode=0, metaState=0, repeatCount=0, policyFlags=1795162112
01-10 13:57:01.557845   986  1071 D WindowManager: No fallback.
01-10 13:57:02.597756   986  1339 V WindowManager: Changing focus from Window{eccc945 u0 com.android.gallery3d/com.android.gallery3d.app.GalleryActivity} to Window{7e07775 u0 PopupWindow:a62d400} Callers=com.android.server.wm.WindowManagerService.addWindow:1574 com.android.server.wm.Session.addToDisplay:202 android.view.IWindowSession$Stub.onTransact:124 com.android.server.wm.Session.onTransact:163 
01-10 13:57:02.598882   986  1339 D WindowManager: Input focus has changed to Window{7e07775 u0 PopupWindow:a62d400}
01-10 13:57:02.599673   986  1009 I WindowManager: Focus moving from Window{eccc945 u0 com.android.gallery3d/com.android.gallery3d.app.GalleryActivity} to Window{7e07775 u0 PopupWindow:a62d400}
01-10 13:57:02.659731   986  1009 I WindowManager: Losing delayed focus: Window{eccc945 u0 com.android.gallery3d/com.android.gallery3d.app.GalleryActivity}
01-10 13:57:03.120108   986  1173 V WindowManager: Changing focus from Window{7e07775 u0 PopupWindow:a62d400} to Window{eccc945 u0 com.android.gallery3d/com.android.gallery3d.app.GalleryActivity} Callers=com.android.server.wm.WindowManagerService.relayoutWindow:2176 com.android.server.wm.Session.relayout:239 android.view.IWindowSession$Stub.onTransact:286 com.android.server.wm.Session.onTransact:163 
01-10 13:57:03.120427   986  1173 D WindowManager: Input focus has changed to Window{eccc945 u0 com.android.gallery3d/com.android.gallery3d.app.GalleryActivity}
01-10 13:57:03.124819   986  1009 I WindowManager: Focus moving from Window{7e07775 u0 PopupWindow:a62d400} to Window{eccc945 u0 com.android.gallery3d/com.android.gallery3d.app.GalleryActivity}
01-10 13:57:03.134522  3411  3411 W ViewRootImpl[PopupWindow:a62d400]: Dropping event due to no window focus: MotionEvent { action=ACTION_MOVE, actionButton=0, id[0]=0, x[0]=3.0, y[0]=-1.0, toolType[0]=TOOL_TYPE_UNKNOWN, buttonState=0, metaState=0, flags=0x0, edgeFlags=0x0, pointerCount=1, historySize=3, eventTime=341310, downTime=-1, deviceId=0, source=0x10004 }
01-10 13:58:00.003064   986  1068 D DataShapingService: [isDataShapingWhitelistApp] packageName: android
01-10 13:58:00.003554   986  1068 D DataShapingUtils: [isDataShapingWhitelistApp] packageName: android, mWhitelist: []
01-10 13:58:00.004070   986  1068 D DataShapingService: [openLteDataUpLinkGate] isForce: false
01-10 13:58:00.004253   986  1068 D DataShapingService: Alarm manager openLteDataUpLinkGate: false
01-10 13:58:00.004339   986  1068 I DataShapingService: openLteGateSuccess = false
01-10 13:59:00.002737   986  1068 D DataShapingService: [isDataShapingWhitelistApp] packageName: android
01-10 13:59:00.003079   986  1068 D DataShapingUtils: [isDataShapingWhitelistApp] packageName: android, mWhitelist: []
01-10 13:59:00.003634   986  1068 D DataShapingService: [openLteDataUpLinkGate] isForce: false
01-10 13:59:00.003842   986  1068 D DataShapingService: Alarm manager openLteDataUpLinkGate: false
01-10 13:59:00.003928   986  1068 I DataShapingService: openLteGateSuccess = false
01-10 13:59:27.635146   986  1339 I ActivityManager: START u0 {act=android.intent.action.MAIN cat=[android.intent.category.LAUNCHER] flg=0x10200000 cmp=com.android.soundrecorder/.SoundRecorder} from uid 2000
01-10 13:59:27.700035   986  1012 D DuraSpeed/DSPolicyBase: setCurrentLauncher, currentLauncher = com.android.launcher3
01-10 13:59:27.700121   986  1012 D DuraSpeed/DuraSpeedInternalManager: switchState, currentPackage = com.android.soundrecorder, event = 1004
01-10 13:59:27.700150   986  1012 D DuraSpeed/DuraSpeedInternalManager: switchState, is activity pause, do noting.
01-10 13:59:27.715916   986   996 I ActivityManager: Start proc 3643:com.android.soundrecorder/u0a79 for activity com.android.soundrecorder/.SoundRecorder
01-10 13:59:27.733151   986  1339 D DL-PowerManagerService: isBatteryCoverOpen
01-10 13:59:27.737470   986  1339 V WindowManager: Set focused app to: AppWindowToken{d2a4f5b token=Token{fa35af3 ActivityRecord{29962 u0 com.android.soundrecorder/.SoundRecorder t383}}} old focus=AppWindowToken{caa98d7 token=Token{f77f60b ActivityRecord{d9ad1da u0 com.android.gallery3d/.app.GalleryActivity t380}}} moveFocusNow=true
01-10 13:59:27.738071   986  1339 V WindowManager: Changing focus from Window{eccc945 u0 com.android.gallery3d/com.android.gallery3d.app.GalleryActivity} to null Callers=com.android.server.wm.WindowManagerService.setFocusedApp:2744 com.android.server.am.ActivityManagerService.setResumedActivityUncheckLocked:3231 com.android.server.am.ActivityStack.setResumedActivityLocked:2284 com.android.server.am.ActivityStack.minimalResumeActivityLocked:1093 
01-10 13:59:27.738203   986  1339 D WindowManager: Input focus has changed to null
01-10 13:59:27.778930   986  1009 I WindowManager: Focus moving from Window{eccc945 u0 com.android.gallery3d/com.android.gallery3d.app.GalleryActivity EXITING} to null
01-10 13:59:27.819659   986   996 V SettingsProvider: packageValueForCallResult, name = null, value : Bundle[{_track_generation=android.util.MemoryIntArray@62, value=null, _generation_index=0, _generation=2}]
01-10 13:59:27.930247   986   996 I WindowManager: Relayout Window{359c54b u0 com.android.soundrecorder/com.android.soundrecorder.SoundRecorder}: oldVis=4 newVis=0 focusMayChange = true
01-10 13:59:27.940817   986   996 V WindowManager: Changing focus from null to Window{359c54b u0 com.android.soundrecorder/com.android.soundrecorder.SoundRecorder} Callers=com.android.server.wm.WindowManagerService.relayoutWindow:2176 com.android.server.wm.Session.relayout:239 android.view.IWindowSession$Stub.onTransact:286 com.android.server.wm.Session.onTransact:163 
01-10 13:59:27.941009   986   996 D WindowManager: Input focus has changed to Window{359c54b u0 com.android.soundrecorder/com.android.soundrecorder.SoundRecorder}
01-10 13:59:27.944685   986  1009 I WindowManager: Focus moving from null to Window{359c54b u0 com.android.soundrecorder/com.android.soundrecorder.SoundRecorder}
01-10 13:59:28.039884   986   996 D IdleScreen: activityIdleScreen: android.app.ContextImpl@4c1bb2e mNotifyNeeded: false idleIntent: Intent { act=android.intent.action.MAIN cat=[android.intent.category.LAUNCHER] flg=0x10200000 cmp=com.android.soundrecorder/.SoundRecorder }
01-10 13:59:28.069794   986   996 I ActivityManager: START u0 {act=android.intent.action.MAIN cat=[android.intent.category.LAUNCHER] flg=0x10200000 cmp=com.android.launcher3/.Launcher} from uid 2000
01-10 13:59:28.091959   986  1173 D DL-PowerManagerService: isBatteryCoverOpen
01-10 13:59:28.093268   986  1012 D DuraSpeed/DSPolicyBase: setCurrentLauncher, currentLauncher = com.android.launcher3
01-10 13:59:28.094304   986  1012 D DuraSpeed/DuraSpeedInternalManager: switchState, currentPackage = com.android.launcher3, event = 1004
01-10 13:59:28.094352   986  1012 D DuraSpeed/DuraSpeedInternalManager: switchState, is activity pause, do noting.
01-10 13:59:28.096342   986  1173 V WindowManager: Set focused app to: AppWindowToken{d8541ed token=Token{1388e58 ActivityRecord{a973b u0 com.android.launcher3/.Launcher t384}}} old focus=AppWindowToken{d2a4f5b token=Token{fa35af3 ActivityRecord{29962 u0 com.android.soundrecorder/.SoundRecorder t383}}} moveFocusNow=true
01-10 13:59:28.096986   986  1173 V WindowManager: Changing focus from Window{359c54b u0 com.android.soundrecorder/com.android.soundrecorder.SoundRecorder} to null Callers=com.android.server.wm.WindowManagerService.setFocusedApp:2744 com.android.server.am.ActivityManagerService.setResumedActivityUncheckLocked:3231 com.android.server.am.ActivityStack.setResumedActivityLocked:2284 com.android.server.am.ActivityStack.minimalResumeActivityLocked:1093 
01-10 13:59:28.097160   986  1173 D WindowManager: Input focus has changed to null
01-10 13:59:28.100114   986  1009 I WindowManager: Focus moving from Window{359c54b u0 com.android.soundrecorder/com.android.soundrecorder.SoundRecorder} to null
01-10 13:59:28.191740   986   996 W WallpaperManagerService: Cannot extract colors because wallpaper could not be read.
01-10 13:59:28.419752   986  1173 D DL-PowerManagerService: isBatteryCoverOpen
01-10 13:59:28.491906   986  1173 I WindowManager: Relayout Window{250b6c9 u0 com.android.launcher3/com.android.launcher3.Launcher}: oldVis=4 newVis=0 focusMayChange = true
01-10 13:59:28.499323   986  1173 V WindowManager: Changing focus from null to Window{250b6c9 u0 com.android.launcher3/com.android.launcher3.Launcher} Callers=com.android.server.wm.WindowManagerService.relayoutWindow:2176 com.android.server.wm.Session.relayout:239 android.view.IWindowSession$Stub.onTransact:286 com.android.server.wm.Session.onTransact:163 
01-10 13:59:28.499515   986  1173 D WindowManager: Input focus has changed to Window{250b6c9 u0 com.android.launcher3/com.android.launcher3.Launcher}
01-10 13:59:28.504945   986  1009 I WindowManager: Focus moving from null to Window{250b6c9 u0 com.android.launcher3/com.android.launcher3.Launcher}
01-10 13:59:28.603242   986  1173 D IdleScreen: activityIdleScreen: android.app.ContextImpl@4c1bb2e mNotifyNeeded: false idleIntent: Intent { act=android.intent.action.MAIN cat=[android.intent.category.LAUNCHER] flg=0x10200000 cmp=com.android.gallery3d/.app.GalleryActivity }
01-10 13:59:28.667106  1721  1721 E SchedPolicy: set_timerslack_ns write failed: Operation not permitted
01-10 13:59:28.872729  1721  1721 E SchedPolicy: set_timerslack_ns write failed: Operation not permitted
01-10 13:59:29.123963   986  1173 V SettingsProvider: packageValueForCallResult, name = sound_effects_enabled, value : Bundle[{_track_generation=android.util.MemoryIntArray@62, value=1, _generation_index=2, _generation=6}]
01-10 13:59:29.141677   986  1050 I ActivityManager: START u0 {act=android.intent.action.MAIN cat=[android.intent.category.LAUNCHER] flg=0x10200000 pkg=com.android.email cmp=com.android.email/.activity.Welcome bnds=[28,793][194,1036]} from uid 10018
01-10 13:59:29.171648   986  1173 D DL-PowerManagerService: isBatteryCoverOpen
01-10 13:59:29.173047   986  1012 D DuraSpeed/DSPolicyBase: setCurrentLauncher, currentLauncher = com.android.launcher3
01-10 13:59:29.173206   986  1012 D DuraSpeed/DuraSpeedInternalManager: switchState, currentPackage = com.android.email, event = 1004
01-10 13:59:29.173248   986  1012 D DuraSpeed/DuraSpeedInternalManager: switchState, is activity pause, do noting.
01-10 13:59:29.178253   986  1058 V WindowManager: Changing focus from Window{250b6c9 u0 com.android.launcher3/com.android.launcher3.Launcher} to null Callers=com.android.server.wm.WindowManagerService.relayoutWindow:2176 com.android.server.wm.Session.relayout:239 android.view.ViewRootImpl.relayoutWindow:6320 android.view.ViewRootImpl.performTraversals:1977 
01-10 13:59:29.178536   986  1058 D WindowManager: Input focus has changed to null
01-10 13:59:29.181673   986  1009 I WindowManager: Focus moving from Window{250b6c9 u0 com.android.launcher3/com.android.launcher3.Launcher} to null
01-10 13:59:29.182571   986  1173 V WindowManager: Set focused app to: AppWindowToken{cd05318 token=Token{62616e7 ActivityRecord{f73bca6 u0 com.android.email/.activity.Welcome t385}}} old focus=AppWindowToken{d8541ed token=Token{1388e58 ActivityRecord{a973b u0 com.android.launcher3/.Launcher t384}}} moveFocusNow=true
01-10 13:59:29.226210   986  1173 V SettingsProvider: packageValueForCallResult, name = null, value : Bundle[{_track_generation=android.util.MemoryIntArray@62, value=null, _generation_index=0, _generation=2}]
01-10 13:59:29.376298   986  1173 W ActivityManager: Unable to start service Intent { cmp=com.android.email/.service.AttachmentService } U=0: not found
01-10 13:59:29.407670   986  3696 I ActivityManager: START u0 {cmp=com.android.email/.activity.setup.AccountSetupFinal (has extras)} from uid 10052
01-10 13:59:29.433657   986  3696 I WindowManager: Relayout Window{ae92c5c u0 com.android.email/com.android.email.activity.Welcome}: oldVis=4 newVis=0 focusMayChange = true
01-10 13:59:29.436704   986  3696 V WindowManager: Changing focus from null to Window{ae92c5c u0 com.android.email/com.android.email.activity.Welcome} Callers=com.android.server.wm.WindowManagerService.relayoutWindow:2176 com.android.server.wm.Session.relayout:239 android.view.IWindowSession$Stub.onTransact:286 com.android.server.wm.Session.onTransact:163 
01-10 13:59:29.436885   986  3696 D WindowManager: Input focus has changed to Window{ae92c5c u0 com.android.email/com.android.email.activity.Welcome}
01-10 13:59:29.441178   986  1009 I WindowManager: Focus moving from null to Window{ae92c5c u0 com.android.email/com.android.email.activity.Welcome}
01-10 13:59:29.455862   986  1050 D DL-PowerManagerService: isBatteryCoverOpen
01-10 13:59:29.458836   986  1050 V WindowManager: Set focused app to: AppWindowToken{f0ab248 token=Token{c66a03a ActivityRecord{bf41b65 u0 com.android.email/.activity.setup.AccountSetupFinal t385}}} old focus=AppWindowToken{cd05318 token=Token{62616e7 ActivityRecord{f73bca6 u0 com.android.email/.activity.Welcome t385}}} moveFocusNow=true
01-10 13:59:29.459513   986  1050 V WindowManager: Changing focus from Window{ae92c5c u0 com.android.email/com.android.email.activity.Welcome} to null Callers=com.android.server.wm.WindowManagerService.setFocusedApp:2744 com.android.server.am.ActivityManagerService.setResumedActivityUncheckLocked:3231 com.android.server.am.ActivityStack.setResumedActivityLocked:2284 com.android.server.am.ActivityStack.minimalResumeActivityLocked:1093 
01-10 13:59:29.459647   986  1050 D WindowManager: Input focus has changed to null
01-10 13:59:29.460834   986  1009 I WindowManager: Focus moving from Window{ae92c5c u0 com.android.email/com.android.email.activity.Welcome} to null
01-10 13:59:29.614258   986  1173 I WindowManager: Relayout Window{1a914c7 u0 com.android.email/com.android.email.activity.setup.AccountSetupFinal}: oldVis=4 newVis=0 focusMayChange = true
01-10 13:59:29.617517   986  1173 V WindowManager: Changing focus from null to Window{1a914c7 u0 com.android.email/com.android.email.activity.setup.AccountSetupFinal} Callers=com.android.server.wm.WindowManagerService.relayoutWindow:2176 com.android.server.wm.Session.relayout:239 android.view.IWindowSession$Stub.onTransact:286 com.android.server.wm.Session.onTransact:163 
01-10 13:59:29.617733   986  1173 D WindowManager: Input focus has changed to Window{1a914c7 u0 com.android.email/com.android.email.activity.setup.AccountSetupFinal}
01-10 13:59:29.622515   986  1009 I WindowManager: Focus moving from null to Window{1a914c7 u0 com.android.email/com.android.email.activity.setup.AccountSetupFinal}
01-10 13:59:29.704431   986  3696 D IdleScreen: activityIdleScreen: android.app.ContextImpl@4c1bb2e mNotifyNeeded: false idleIntent: Intent { act=android.intent.action.MAIN cat=[android.intent.category.LAUNCHER] flg=0x10200000 cmp=com.android.launcher3/.Launcher }
01-10 13:59:29.706825   986  1173 D IdleScreen: activityIdleScreen: android.app.ContextImpl@4c1bb2e mNotifyNeeded: false idleIntent: Intent { act=android.intent.action.MAIN cat=[android.intent.category.LAUNCHER] flg=0x10200000 pkg=com.android.email cmp=com.android.email/.activity.Welcome bnds=[28,793][194,1036] }
01-10 13:59:30.128162   986  1071 D WindowManager: Unhandled key: win=Window{1a914c7 u0 com.android.email/com.android.email.activity.setup.AccountSetupFinal}, action=0, flags=8, keyCode=23, scanCode=0, metaState=0, repeatCount=0, policyFlags=1795162112
01-10 13:59:30.128252   986  1071 D WindowManager: No fallback.
01-10 13:59:30.130615   986  1071 D WindowManager: Unhandled key: win=Window{1a914c7 u0 com.android.email/com.android.email.activity.setup.AccountSetupFinal}, action=1, flags=8, keyCode=23, scanCode=0, metaState=0, repeatCount=0, policyFlags=1795162112
01-10 13:59:30.130709   986  1071 D WindowManager: No fallback.
01-10 13:59:30.691990   986  1071 D WindowManager: Unhandled key: win=Window{1a914c7 u0 com.android.email/com.android.email.activity.setup.AccountSetupFinal}, action=0, flags=8, keyCode=21, scanCode=0, metaState=0, repeatCount=0, policyFlags=1795162112
01-10 13:59:30.692096   986  1071 D WindowManager: No fallback.
01-10 13:59:30.695229   986  1071 D WindowManager: Unhandled key: win=Window{1a914c7 u0 com.android.email/com.android.email.activity.setup.AccountSetupFinal}, action=1, flags=8, keyCode=21, scanCode=0, metaState=0, repeatCount=0, policyFlags=1795162112
01-10 13:59:30.695331   986  1071 D WindowManager: No fallback.
01-10 13:59:31.139735   986  1071 D WindowManager: Unhandled key: win=Window{1a914c7 u0 com.android.email/com.android.email.activity.setup.AccountSetupFinal}, action=0, flags=8, keyCode=19, scanCode=0, metaState=0, repeatCount=0, policyFlags=1795162112
01-10 13:59:31.139845   986  1071 D WindowManager: No fallback.
01-10 13:59:31.143010   986  1071 D WindowManager: Unhandled key: win=Window{1a914c7 u0 com.android.email/com.android.email.activity.setup.AccountSetupFinal}, action=1, flags=8, keyCode=19, scanCode=0, metaState=0, repeatCount=0, policyFlags=1795162112
01-10 13:59:31.143381   986  1071 D WindowManager: No fallback.
01-10 13:59:31.748012   986  1173 V SettingsProvider: packageValueForCallResult, name = sound_effects_enabled, value : Bundle[{_track_generation=android.util.MemoryIntArray@62, value=1, _generation_index=2, _generation=6}]
01-10 13:59:34.235797   986  1339 V SettingsProvider: packageValueForCallResult, name = show_ime_with_hard_keyboard, value : Bundle[{_track_generation=android.util.MemoryIntArray@62, value=0, _generation_index=1, _generation=5}]
01-10 13:59:36.261105   986  1071 D WindowManager: Unhandled key: win=Window{1a914c7 u0 com.android.email/com.android.email.activity.setup.AccountSetupFinal}, action=0, flags=8, keyCode=149, scanCode=0, metaState=0, repeatCount=0, policyFlags=1795162112
01-10 13:59:36.261225   986  1071 D WindowManager: Fallback: keyCode=23 metaState=0
01-10 13:59:36.261821   986  1071 D WindowManager: Performing fallback: KeyEvent { action=ACTION_DOWN, keyCode=KEYCODE_DPAD_CENTER, scanCode=0, metaState=0, flags=0x408, repeatCount=0, eventTime=494446, downTime=494446, deviceId=-1, source=0x101 }
01-10 13:59:36.266970   986  1071 D WindowManager: Unhandled key: win=Window{1a914c7 u0 com.android.email/com.android.email.activity.setup.AccountSetupFinal}, action=1, flags=8, keyCode=149, scanCode=0, metaState=0, repeatCount=0, policyFlags=1795162112
01-10 13:59:36.267130   986  1071 D WindowManager: Fallback: keyCode=23 metaState=0
01-10 13:59:36.267550   986  1071 D WindowManager: Performing fallback: KeyEvent { action=ACTION_UP, keyCode=KEYCODE_DPAD_CENTER, scanCode=0, metaState=0, flags=0x408, repeatCount=0, eventTime=494451, downTime=494451, deviceId=-1, source=0x101 }
01-10 14:00:00.002642   986  1068 D DataShapingService: [isDataShapingWhitelistApp] packageName: android
01-10 14:00:00.003000   986  1068 D DataShapingUtils: [isDataShapingWhitelistApp] packageName: android, mWhitelist: []
01-10 14:00:00.003483   986  1068 D DataShapingService: [openLteDataUpLinkGate] isForce: false
01-10 14:00:00.003694   986  1068 D DataShapingService: Alarm manager openLteDataUpLinkGate: false
01-10 14:00:00.003838   986  1068 I DataShapingService: openLteGateSuccess = false
01-10 14:00:27.672746   986  1086 D WifiController: battery changed pluggedType: 2
01-10 14:01:00.002520   986  1068 D DataShapingService: [isDataShapingWhitelistApp] packageName: android
01-10 14:01:00.003287   986  1068 D DataShapingUtils: [isDataShapingWhitelistApp] packageName: android, mWhitelist: []
01-10 14:01:00.003785   986  1068 D DataShapingService: [openLteDataUpLinkGate] isForce: false
01-10 14:01:00.003959   986  1068 D DataShapingService: Alarm manager openLteDataUpLinkGate: false
01-10 14:01:00.004084   986  1068 I DataShapingService: openLteGateSuccess = false
01-10 14:01:02.972527   986  3509 I ActivityManager: START u0 {act=android.intent.action.MAIN cat=[android.intent.category.LAUNCHER] flg=0x10200000 cmp=com.gears42.surelock/.ClearDefaultsActivity} from uid 2000
01-10 14:01:02.995213   986   996 D DL-PowerManagerService: isBatteryCoverOpen
01-10 14:01:02.996354   986  1012 D DuraSpeed/DSPolicyBase: setCurrentLauncher, currentLauncher = com.android.launcher3
01-10 14:01:02.996456   986  1012 D DuraSpeed/DuraSpeedInternalManager: switchState, currentPackage = com.gears42.surelock, event = 1004
01-10 14:01:02.996486   986  1012 D DuraSpeed/DuraSpeedInternalManager: switchState, is activity pause, do noting.
01-10 14:01:03.001530   986   996 V WindowManager: Set focused app to: AppWindowToken{29e2bf2 token=Token{7aa08bc ActivityRecord{6dacaf u0 com.gears42.surelock/.ClearDefaultsActivity t386}}} old focus=AppWindowToken{f0ab248 token=Token{c66a03a ActivityRecord{bf41b65 u0 com.android.email/.activity.setup.AccountSetupFinal t385}}} moveFocusNow=true
01-10 14:01:03.002589   986   996 V WindowManager: Changing focus from Window{1a914c7 u0 com.android.email/com.android.email.activity.setup.AccountSetupFinal} to null Callers=com.android.server.wm.WindowManagerService.setFocusedApp:2744 com.android.server.am.ActivityManagerService.setResumedActivityUncheckLocked:3231 com.android.server.am.ActivityStack.setResumedActivityLocked:2284 com.android.server.am.ActivityStack.minimalResumeActivityLocked:1093 
01-10 14:01:03.002784   986   996 D WindowManager: Input focus has changed to null
01-10 14:01:03.012400   986  1009 I WindowManager: Focus moving from Window{1a914c7 u0 com.android.email/com.android.email.activity.setup.AccountSetupFinal} to null
01-10 14:01:03.042742   986   996 V SettingsProvider: packageValueForCallResult, name = null, value : Bundle[{_track_generation=android.util.MemoryIntArray@62, value=null, _generation_index=0, _generation=2}]
01-10 14:01:03.128933   986  3696 I ActivityManager: START u0 {cmp=com.gears42.surelock/.permissions_screens.SureLockPermissionsListStatusActivity (has extras)} from uid 10032
01-10 14:01:03.169790   986  1050 D DL-PowerManagerService: isBatteryCoverOpen
01-10 14:01:03.173105   986  1050 V WindowManager: Set focused app to: AppWindowToken{cca8b52 token=Token{2e6a233 ActivityRecord{93575a2 u0 com.gears42.surelock/.permissions_screens.SureLockPermissionsListStatusActivity t387}}} old focus=AppWindowToken{29e2bf2 token=Token{7aa08bc ActivityRecord{6dacaf u0 com.gears42.surelock/.ClearDefaultsActivity t386}}} moveFocusNow=true
01-10 14:01:03.283215   986  3509 I ActivityManager: START u0 {cmp=com.android.eainstaller/.EAInstallActivity} from uid 10032
01-10 14:01:03.326768   986  1012 D DuraSpeed/DSPolicyBase: setCurrentLauncher, currentLauncher = com.android.launcher3
01-10 14:01:03.326846   986  1012 D DuraSpeed/DuraSpeedInternalManager: switchState, currentPackage = com.android.eainstaller, event = 1004
01-10 14:01:03.326875   986  1012 D DuraSpeed/DuraSpeedInternalManager: switchState, is activity pause, do noting.
01-10 14:01:03.341682   986  3696 I ActivityManager: Start proc 3879:com.android.eainstaller/u0a43 for activity com.android.eainstaller/.EAInstallActivity
01-10 14:01:03.360092   986  3696 D DL-PowerManagerService: isBatteryCoverOpen
01-10 14:01:03.365386   986  1050 I WindowManager: Relayout Window{f0029e4 u0 com.gears42.surelock/com.gears42.surelock.permissions_screens.SureLockPermissionsListStatusActivity}: oldVis=4 newVis=0 focusMayChange = true
01-10 14:01:03.370178   986  1050 V WindowManager: Changing focus from null to Window{f0029e4 u0 com.gears42.surelock/com.gears42.surelock.permissions_screens.SureLockPermissionsListStatusActivity} Callers=com.android.server.wm.WindowManagerService.relayoutWindow:2176 com.android.server.wm.Session.relayout:239 android.view.IWindowSession$Stub.onTransact:286 com.android.server.wm.Session.onTransact:163 
01-10 14:01:03.370387   986  1050 D WindowManager: Input focus has changed to Window{f0029e4 u0 com.gears42.surelock/com.gears42.surelock.permissions_screens.SureLockPermissionsListStatusActivity}
01-10 14:01:03.374444   986  3696 V WindowManager: Set focused app to: AppWindowToken{e686d02 token=Token{35f2238 ActivityRecord{fe18e9b u0 com.android.eainstaller/.EAInstallActivity t388}}} old focus=AppWindowToken{cca8b52 token=Token{2e6a233 ActivityRecord{93575a2 u0 com.gears42.surelock/.permissions_screens.SureLockPermissionsListStatusActivity t387}}} moveFocusNow=true
01-10 14:01:03.374705   986  3696 V WindowManager: findFocusedWindow: Reached focused app=AppWindowToken{e686d02 token=Token{35f2238 ActivityRecord{fe18e9b u0 com.android.eainstaller/.EAInstallActivity t388}}}
01-10 14:01:03.374999   986  3696 V WindowManager: Changing focus from Window{f0029e4 u0 com.gears42.surelock/com.gears42.surelock.permissions_screens.SureLockPermissionsListStatusActivity} to null Callers=com.android.server.wm.WindowManagerService.setFocusedApp:2744 com.android.server.am.ActivityManagerService.setResumedActivityUncheckLocked:3231 com.android.server.am.ActivityStack.setResumedActivityLocked:2284 com.android.server.am.ActivityStack.minimalResumeActivityLocked:1093 
01-10 14:01:03.375128   986  3696 D WindowManager: Input focus has changed to null
01-10 14:01:03.447974   986  3696 V SettingsProvider: packageValueForCallResult, name = null, value : Bundle[{_track_generation=android.util.MemoryIntArray@62, value=null, _generation_index=0, _generation=2}]
01-10 14:01:03.481016   986  1001 V ActivityManager: Attempted to start a foreground service (ComponentInfo{com.android.eainstaller/com.android.eainstaller.EAInstallService}) with a broken notification (no icon: Notification(channel=my_channel_01 pri=0 contentView=null vibrate=null sound=null defaults=0x0 flags=0x40 color=0x00000000 vis=PRIVATE))
01-10 14:01:03.482356   986  1050 V WindowManager: Set focused app to: AppWindowToken{cca8b52 token=Token{2e6a233 ActivityRecord{93575a2 u0 com.gears42.surelock/.permissions_screens.SureLockPermissionsListStatusActivity t387}}} old focus=AppWindowToken{e686d02 token=Token{35f2238 ActivityRecord{fe18e9b u0 com.android.eainstaller/.EAInstallActivity t388}}} moveFocusNow=true
01-10 14:01:03.482968   986  1050 V WindowManager: Changing focus from null to Window{f0029e4 u0 com.gears42.surelock/com.gears42.surelock.permissions_screens.SureLockPermissionsListStatusActivity} Callers=com.android.server.wm.WindowManagerService.setFocusedApp:2744 com.android.server.am.ActivityManagerService.setResumedActivityUncheckLocked:3231 com.android.server.am.ActivityStack.setResumedActivityLocked:2284 com.android.server.am.ActivityStack.resumeTopActivityInnerLocked:2599 
01-10 14:01:03.483174   986  1050 D WindowManager: Input focus has changed to Window{f0029e4 u0 com.gears42.surelock/com.gears42.surelock.permissions_screens.SureLockPermissionsListStatusActivity}
01-10 14:01:03.488006   986  1050 D DL-PowerManagerService: isBatteryCoverOpen
01-10 14:01:03.489083   986  1009 I WindowManager: Focus moving from null to Window{f0029e4 u0 com.gears42.surelock/com.gears42.surelock.permissions_screens.SureLockPermissionsListStatusActivity}
01-10 14:01:03.498396   986  1012 D DuraSpeed/DSPolicyBase: setCurrentLauncher, currentLauncher = com.android.launcher3
01-10 14:01:03.498533   986  1012 D DuraSpeed/DuraSpeedInternalManager: switchState, currentPackage = com.gears42.surelock, event = 1004
