----- timezone:GMT
01-10 13:51:27.257383   367   367 I vold    : Vold 3.0 (the awakening) firing up
01-10 13:51:27.258128   367   367 V vold    : Detected support for: ext4 vfat
01-10 13:51:27.276789   367   367 W Vold    : Tearing down stale mount /mnt/cd-rom
01-10 13:51:27.289641   367   374 D vold    : e4crypt_init_user0
01-10 13:51:27.291818   367   374 D vold    : e4crypt_prepare_user_storage for volume null, user 0, serial 0, flags 1
01-10 13:51:27.291918   367   374 D vold    : Preparing: /data/system/users/0
01-10 13:51:27.292073   367   374 D vold    : Preparing: /data/misc/profiles/cur/0
01-10 13:51:27.292213   367   374 D vold    : Preparing: /data/system_de/0
01-10 13:51:27.292251   367   374 D vold    : Preparing: /data/misc_de/0
01-10 13:51:27.292295   367   374 D vold    : Preparing: /data/user_de/0
01-10 13:51:27.292435   367   374 D vold    : e4crypt_unlock_user_key 0 serial=0 token_present=0
01-10 13:51:27.292468   367   374 E vold    : Failed to chmod /data/system_ce/0: No such file or directory
01-10 13:51:27.292496   367   374 E vold    : Failed to chmod /data/misc_ce/0: No such file or directory
01-10 13:51:27.292546   367   374 E vold    : Failed to chmod /data/media/0: No such file or directory
01-10 13:51:27.702389   394   394 I android.hardware.wifi@1.0-service: Wifi Hal is booting up...
01-10 13:51:27.866621   367   427 I Cryptfs : cryptfs_check_passwd
01-10 13:51:27.868654   367   427 I Cryptfs : Using scrypt with keymaster for cryptfs KDF
01-10 13:51:28.306262   367   427 I Cryptfs : Signing safely-padded object
01-10 13:51:28.860691   367   427 I Cryptfs : Enabling support for allow_discards in dmcrypt.
01-10 13:51:29.276759   367   427 I Cryptfs : Password matches
01-10 13:51:29.282703   367   427 I vold    : [libfs_mgr]superblock s_max_mnt_count:10,/dev/block/dm-2
01-10 13:51:29.290855   367   427 I vold    : [libfs_mgr]check_fs(): mount(/dev/block/dm-2,/data,ext4)=0: Success
01-10 13:51:29.292070   367   427 I vold    : [libfs_mgr]check_fs(): unmount(/data) succeeded
01-10 13:51:29.292196   367   427 I vold    : [libfs_mgr]Running /system/bin/e2fsck on /dev/block/dm-2
01-10 13:51:29.353580   367   427 I vold    : [libfs_mgr]__mount(source=/dev/block/dm-2,target=/data,type=ext4)=0: Success
01-10 13:51:30.208168   535   535 I installd: installd firing up
01-10 13:51:30.366708   572   572 I sn      : Retry Times 15
01-10 13:51:30.366868   572   572 I sn      : Sleep Time 10 sec
01-10 13:51:30.366877   572   572 I sn      : Retry 0
01-10 13:51:30.366978   572   572 I sn      : Fail to access err=2
01-10 13:51:30.367010   572   572 I chatty  : uid=1000(system) /system/bin/sn identical 1 line
01-10 13:51:30.367025   572   572 I sn      : Fail to access err=2
01-10 13:51:30.367044   572   572 I sn      : Check all possible paths
01-10 13:51:30.465284   577   577 I md_ctrl : ro.crypto.state=encrypted, vold.decrypt=trigger_restart_framework, vold.encryption.type=, start/stop=1
01-10 13:51:30.570665   548   548 I wificond: wificond is starting up...
01-10 13:51:30.886626   577   577 E md_ctrl : encryption.type is default. ccci is waiting. No need to start/stop modem
01-10 13:51:30.918165   548   548 E wificond: No interface is found
01-10 13:51:34.559429   986   986 I SystemServer: InitBeforeStartServices
01-10 13:51:34.559740   986   986 I SystemServer: Entered the Android system server!
01-10 13:51:34.702072   547   638 E /system/bin/storaged: getService package_native failed
01-10 13:51:34.753174   547   638 I /system/bin/storaged: storaged: Start
01-10 13:51:34.950963   986   986 I SystemServer: StartServices
01-10 13:51:34.951168   986   986 I SystemServer: Reading configuration...
01-10 13:51:34.951199   986   986 I SystemServer: ReadingSystemConfig
01-10 13:51:34.952419   986   986 I SystemServer: StartInstaller
01-10 13:51:34.952605   986   986 I SystemServiceManager: Starting com.android.server.pm.Installer
01-10 13:51:34.956226   986   986 I SystemServer: DeviceIdentifiersPolicyService
01-10 13:51:34.956449   986   986 I SystemServiceManager: Starting com.android.server.os.DeviceIdentifiersPolicyService
01-10 13:51:34.958684   986   986 I SystemServer: StartActivityManager
01-10 13:51:34.958902   986   986 I SystemServiceManager: Starting com.android.server.am.ActivityManagerService$Lifecycle
01-10 13:51:35.000313   986   999 I SystemConfig: Non-xml file /system/etc/permissions/pms_sysapp_removable_system_list.txt in /system/etc/permissions directory, ignoring
01-10 13:51:35.000666   986   999 I SystemConfig: Non-xml file /system/etc/permissions/pms_sysapp_removable_system_list_cta.txt in /system/etc/permissions directory, ignoring
01-10 13:51:35.090613   986   986 I ActivityManager: Memory class: 128
01-10 13:51:35.108299   986   986 D BatteryStatsImpl: Reading daily items from /data/system/batterystats-daily.xml
01-10 13:51:35.129850   986  1004 E BatteryExternalStatsWorker: no controller energy info supplied for telephony
01-10 13:51:35.136234   986   999 I SystemConfig: Non-xml file /vendor/etc/permissions/pms_sysapp_removable_vendor_list.txt in /vendor/etc/permissions directory, ignoring
01-10 13:51:35.137032   986  1004 E KernelUidCpuFreqTimeReader: Failed to read /proc/uid_time_in_state: java.io.FileNotFoundException: /proc/uid_time_in_state (No such file or directory)
01-10 13:51:35.150970   986  1004 W KernelMemoryBandwidthStats: No kernel memory bandwidth stats available
01-10 13:51:35.229949   986   986 I IntentFirewall: Read new rules (A:0 B:0 S:0)
01-10 13:51:35.248033   986   986 D AppOps  : AppOpsService published
01-10 13:51:35.248956   986   986 I AnrManager: startAnrManagerService
01-10 13:51:35.305273   986   986 W ProcessCpuTracker: Skipping unknown process pid 552
01-10 13:51:35.305221   986  1010 W ProcessCpuTracker: Skipping unknown process pid 552
01-10 13:51:35.314434   986   986 I AnrManager: prepareStackTraceFile: /data/anr/mtk_traces.txt
01-10 13:51:35.316427   986   986 I AnrManager: prepareStackTraceFile: 
01-10 13:51:35.340855   986  1013 V AWSDBHelper: PM not ready, skip reading db
01-10 13:51:35.341068   986  1013 V DuraSpeed/AWSManager: Initialized done
01-10 13:51:35.350868   986   986 I DuraSpeed/FileUtilsController: prepareStackTraceFile: /data/duraspeed/package_list.txt
01-10 13:51:35.351099   986   986 I DuraSpeed/FileUtilsController: prepareStackTraceFile: /data/duraspeed/duraspeed_enable_status.txt
01-10 13:51:35.354487   986   986 D AmsExtImpl: isLowMemoryDevice=false
01-10 13:51:35.354794   986   986 W SystemServiceManager: Service com.android.server.am.ActivityManagerService$Lifecycle took 115 ms in onStart
01-10 13:51:35.354850   986   986 I SystemServer: StartPowerManager
01-10 13:51:35.354905   986   986 I SystemServiceManager: Starting com.android.server.power.PowerManagerService
01-10 13:51:35.367394   986   986 I SystemServer: InitPowerManagement
01-10 13:51:35.369945   986   986 I SystemServer: StartRecoverySystemService
01-10 13:51:35.370076   986   986 I SystemServiceManager: Starting com.android.server.RecoverySystemService
01-10 13:51:35.377175   986   986 W RescueParty: Noticed 1 events for UID 0 in last 13 sec
01-10 13:51:35.377268   986   986 I SystemServer: StartLightsService
01-10 13:51:35.377340   986   986 I SystemServiceManager: Starting com.android.server.lights.LightsService
01-10 13:51:35.377652   986   986 I SystemServer: StartDisplayManager
01-10 13:51:35.377813   986   986 I SystemServiceManager: Starting com.android.server.display.DisplayManagerService
01-10 13:51:35.383488   986   986 I SystemServer: WaitForDisplay
01-10 13:51:35.383941   986   986 I SystemServiceManager: Starting phase 100
01-10 13:51:35.388782   986  1009 I DisplayManagerService: Display device added: DisplayDeviceInfo{"内置屏幕": uniqueId="local:0", 720 x 1280, modeId 1, defaultModeId 1, supportedModes [{id=1, width=720, height=1280, fps=52.96}], colorMode 0, supportedColorModes [0], HdrCapabilities android.view.Display$HdrCapabilities@1d6308, density 320, 294.967 x 295.563 dpi, appVsyncOff 8300000, presDeadline 11582175, touch INTERNAL, rotation 0, type BUILT_IN, state UNKNOWN, FLAG_DEFAULT_DISPLAY, FLAG_ROTATES_WITH_CONTENT, FLAG_SECURE, FLAG_SUPPORTS_PROTECTED_BUFFERS}
01-10 13:51:35.416189   986  1009 I DisplayManagerService: Display device changed state: "内置屏幕", ON
01-10 13:51:35.416384   986   986 I SystemServer: StartPackageManagerService
01-10 13:51:35.459272   986   986 D SELinuxMMAC: Using policy file /system/etc/selinux/plat_mac_permissions.xml
01-10 13:51:35.462795   986   986 D SELinuxMMAC: Using policy file /vendor/etc/selinux/nonplat_mac_permissions.xml
01-10 13:51:35.650873   986   986 D PmsExtImpl: file in /vendor/etc/permissions/pms_operapp_upgrade_vendor_list.txt does not exist!
01-10 13:51:35.712815   986   986 W PackageManager: Failed to parse /system/framework/arm64: Missing base APK in /system/framework/arm64
01-10 13:51:35.712979   986   986 W PackageManager: Failed to parse /system/framework/arm: Missing base APK in /system/framework/arm
01-10 13:51:35.713184   986   986 W PackageManager: Failed to parse /system/framework/oat: Missing base APK in /system/framework/oat
01-10 13:51:36.101926   986   986 I PackageManager: Finished scanning system apps. Time: 457 ms, packageCount: 132 , timePerPackage: 3 , cached: 132
01-10 13:51:36.109379   986   986 I PackageManager: Finished scanning non-system apps. Time: 7 ms, packageCount: 1 , timePerPackage: 7 , cached: 1
01-10 13:51:36.118603   986   986 I PackageManager: Time to scan packages: 0.474 seconds
01-10 13:51:36.126999   986   986 V PackageManager: reconcileAppsData for null u0 0x3 migrateAppData=true
01-10 13:51:36.573994   986   986 V PackageManager: reconcileAppsData finished 26 packages
01-10 13:51:36.847439   986   986 I SystemServer: StartOtaDexOptService
01-10 13:51:36.849519   986   986 D OTADexopt: No upgrade, skipping A/B artifacts check.
01-10 13:51:36.849638   986   986 I SystemServer: StartUserManagerService
01-10 13:51:36.849904   986   986 I SystemServiceManager: Starting com.android.server.pm.UserManagerService$LifeCycle
01-10 13:51:36.851376   986   986 I SystemServer: InitAttributerCache
01-10 13:51:36.852042   986   986 I SystemServer: SetSystemProcess
01-10 13:51:36.876835   986   986 I SystemServer: StartOverlayManagerService
01-10 13:51:36.880386   986   986 I MtkSystemServerImpl: startMtkBootstrapServices
01-10 13:51:36.880625   986   986 I SystemServer: StartDropBoxManager
01-10 13:51:36.880956   986   986 I SystemServiceManager: Starting com.android.server.DropBoxManagerService
01-10 13:51:36.884197   986   986 I SystemServer: StartBatteryService
01-10 13:51:36.884722   986   986 I SystemServiceManager: Starting com.android.server.BatteryService
01-10 13:51:36.946165   986   986 W SystemServiceManager: Service com.android.server.BatteryService took 58 ms in onStart
01-10 13:51:36.946292   986   986 I SystemServer: StartUsageService
01-10 13:51:36.946799   986   986 I SystemServiceManager: Starting com.android.server.usage.UsageStatsService
01-10 13:51:36.955745   986   986 I SystemServer: StartWebViewUpdateService
01-10 13:51:36.956329   986   986 I SystemServiceManager: Starting com.android.server.webkit.WebViewUpdateService
01-10 13:51:36.961105   986   986 I MtkSystemServerImpl: startMtkCoreServices 
01-10 13:51:36.962062   986   986 E SystemServer: mEnableDLService=true
01-10 13:51:36.969977   986   999 I SystemServer: SecondaryZygotePreload
01-10 13:51:36.970038   986   986 I SystemServer: StartKeyAttestationApplicationIdProviderService
01-10 13:51:36.972402   986   986 I SystemServer: StartKeyChainSystemService
01-10 13:51:36.972867   986   986 I SystemServiceManager: Starting com.android.server.security.KeyChainSystemService
01-10 13:51:36.973800   986   986 I SystemServer: StartDatalogicDeviceManager
01-10 13:51:36.978953   986   986 I SystemServer: StartSchedulingPolicyService
01-10 13:51:36.981213   986   986 I SystemServer: StartTelecomLoaderService
01-10 13:51:36.982070   986   986 I SystemServiceManager: Starting com.android.server.telecom.TelecomLoaderService
01-10 13:51:36.982900   986   986 I SystemServer: StartTelephonyRegistry
01-10 13:51:36.989169   986   986 I SystemServer: StartEntropyMixer
01-10 13:51:36.992698   986   986 I EntropyMixer: Writing entropy...
01-10 13:51:36.999280   986   986 I SystemServer: StartAccountManagerService
01-10 13:51:37.000006   986   986 I SystemServiceManager: Starting com.android.server.accounts.AccountManagerService$Lifecycle
01-10 13:51:37.014414   986   986 I SystemServer: StartContentService
01-10 13:51:37.016455   986   986 I SystemServiceManager: Starting com.android.server.content.ContentService$Lifecycle
01-10 13:51:37.020623   986   986 I SystemServer: InstallSystemProviders
01-10 13:51:37.121186   986   986 V SettingsProvider: packageValueForCallResult, name = null, value : Bundle[{_track_generation=android.util.MemoryIntArray@62, value=null, _generation_index=0, _generation=1}]
01-10 13:51:37.123861   986   986 V SettingsProvider: packageValueForCallResult, name = multi_press_timeout, value : Bundle[{_track_generation=android.util.MemoryIntArray@62, value=300, _generation_index=1, _generation=1}]
01-10 13:51:37.124597   986   986 V SettingsProvider: packageValueForCallResult, name = null, value : Bundle[{_track_generation=android.util.MemoryIntArray@62, value=null, _generation_index=2, _generation=1}]
01-10 13:51:37.126012   986   986 I SystemServer: StartVibratorService
01-10 13:51:37.138198   986   986 I SystemServer: StartConsumerIrService
01-10 13:51:37.142659   986   986 I SystemServer: StartAlarmManagerService
01-10 13:51:37.142770   986   986 I MtkSystemServerImpl: startMtkAlarmManagerService
01-10 13:51:37.152609   986   986 I SystemServiceManager: Starting com.mediatek.server.MtkAlarmManagerService
01-10 13:51:37.169594   986   986 I SystemServer: InitWatchdog
01-10 13:51:37.172853   986   986 I SystemServer: StartInputManagerService
01-10 13:51:37.174328   986   986 I InputManager: Initializing input manager, mUseDevInputEventForAudioJack=true
01-10 13:51:37.177461   986   986 I SystemServer: StartWindowManagerService
01-10 13:51:37.199888   986  1009 I WindowManager: No existing display settings /data/system/display_settings.xml; starting empty
01-10 13:51:37.214044   986  1009 V WindowManager: Adding display=Display id 0: DisplayInfo{"内置屏幕", uniqueId "local:0", app 720 x 1280, real 720 x 1280, largest app 720 x 1280, smallest app 720 x 1280, mode 1, defaultMode 1, modes [{id=1, width=720, height=1280, fps=52.96}], colorMode 0, supportedColorModes [0], hdrCapabilities android.view.Display$HdrCapabilities@1d6308, rotation 0, density 320 (294.967 x 295.563) dpi, layerStack 0, appVsyncOff 8300000, presDeadline 11582175, type BUILT_IN, state ON, FLAG_SECURE, FLAG_SUPPORTS_PROTECTED_BUFFERS, removeMode 0}, DisplayMetrics{density=2.0, width=720, height=1280, scaledDensity=2.0, xdpi=294.967, ydpi=295.563}, isValid=true
01-10 13:51:37.214823   986  1009 D WindowManager: Registering PointerEventListener for DisplayId: 0
01-10 13:51:37.234601   986  1002 D WindowOrientationListener: ctor: com.android.server.policy.PhoneWindowManager$MyOrientationListener@c6fa99
01-10 13:51:37.252488   986   986 I SystemServer: StartVrManagerService
01-10 13:51:37.252714   986   986 I SystemServiceManager: Starting com.android.server.vr.VrManagerService
01-10 13:51:37.259496   986   986 I SystemServer: SetWindowManagerService
01-10 13:51:37.265284   986   986 I SystemServer: StartInputManager
01-10 13:51:37.265494   986   986 I InputManager: Starting input manager
01-10 13:51:37.270192   986   986 I SystemServer: DisplayManagerWindowManagerAndInputReady
01-10 13:51:37.270461   986   986 I SystemServer: StartBluetoothService
01-10 13:51:37.270820   986   986 I SystemServiceManager: Starting com.android.server.BluetoothService
01-10 13:51:37.274879   986   986 D BluetoothManagerService: Loading stored name and address
01-10 13:51:37.275451   986   986 D BluetoothManagerService: Stored bluetooth Name=MEMOR 10,Address=56:43:46:66:30:C2
01-10 13:51:37.275732   986   986 D BluetoothManagerService: Bluetooth persisted state: 0
01-10 13:51:37.276281   986   986 I SystemServer: IpConnectivityMetrics
01-10 13:51:37.276668   986   986 I SystemServiceManager: Starting com.android.server.connectivity.IpConnectivityMetrics
01-10 13:51:37.278650   986   986 I SystemServer: PinnerService
01-10 13:51:37.279148   986   986 I SystemServiceManager: Starting com.android.server.PinnerService
01-10 13:51:37.282311   986   986 I SystemServer: StartInputMethodManagerLifecycle
01-10 13:51:37.282947   986   986 I SystemServiceManager: Starting com.android.server.InputMethodManagerService$Lifecycle
01-10 13:51:37.300596   986   986 I SystemServer: StartAccessibilityManagerService
01-10 13:51:37.308552   986   986 I SystemServer: MakeDisplayReady
01-10 13:51:37.314498   986   986 I ActivityManager: Config changes=5df8 {1.0 ?mcc?mnc [zh_CN_#Hans] ldltr sw360dp w360dp h640dp 320dpi nrml long port ?uimode ?night -touch -keyb/v/h -nav/h appBounds=Rect(0, 0 - 720, 1280) s.2}
01-10 13:51:37.326367   986   986 I ActivityManager: Override config changes=40007dfc {1.0 ?mcc?mnc [zh_CN_#Hans] ldltr sw360dp w360dp h640dp 320dpi nrml long port ?uimode ?night -touch -keyb/v/h -nav/h appBounds=Rect(0, 0 - 720, 1280) s.2} for displayId=0
01-10 13:51:37.359903   986   986 I ActivityManager: Config changes=400 {1.0 ?mcc?mnc [zh_CN_#Hans] ldltr sw360dp w360dp h616dp 320dpi nrml long port ?uimode ?night -touch -keyb/v/h -nav/h appBounds=Rect(0, 0 - 720, 1280) s.3}
01-10 13:51:37.368811   986   986 I ActivityManager: Override config changes=400 {1.0 ?mcc?mnc [zh_CN_#Hans] ldltr sw360dp w360dp h616dp 320dpi nrml long port ?uimode ?night -touch -keyb/v/h -nav/h appBounds=Rect(0, 0 - 720, 1280) s.3} for displayId=0
01-10 13:51:37.376148   986   986 I SystemServer: StartStorageManagerService
01-10 13:51:37.376284   986   986 I MtkSystemServerImpl: StartMtkStorageManagerService
01-10 13:51:37.376383   986  1071 I ActivityManager: Config changes=8 {1.0 ?mcc?mnc [zh_CN_#Hans] ldltr sw360dp w360dp h616dp 320dpi nrml long port ?uimode ?night finger -keyb/v/h -nav/h appBounds=Rect(0, 0 - 720, 1280) s.4}
01-10 13:51:37.379550   986   986 I SystemServiceManager: Starting com.mediatek.server.MtkStorageManagerService$MtkStorageManagerServiceLifecycle
01-10 13:51:37.392002   986  1071 I ActivityManager: Override config changes=8 {1.0 ?mcc?mnc [zh_CN_#Hans] ldltr sw360dp w360dp h616dp 320dpi nrml long port ?uimode ?night finger -keyb/v/h -nav/h appBounds=Rect(0, 0 - 720, 1280) s.4} for displayId=0
01-10 13:51:37.395335   986  1000 I UsageStatsService: User[0] Rollover scheduled @ 2020-01-10 15:59:45(1578643185578)
01-10 13:51:37.401710   986   986 I SystemServer: StartStorageStatsService
01-10 13:51:37.402178   986  1074 D StorageManagerService: Thinking about init, mSystemReady=false, mDaemonConnected=true
01-10 13:51:37.402225   986   986 I SystemServiceManager: Starting com.android.server.usage.StorageStatsService$Lifecycle
01-10 13:51:37.402303   986  1074 D StorageManagerService: Thinking about reset, mSystemReady=false, mDaemonConnected=true
01-10 13:51:37.402376   986  1074 D StorageManagerService: Thinking about init, mSystemReady=false, mDaemonConnected=true
01-10 13:51:37.402404   986  1074 D StorageManagerService: Thinking about reset, mSystemReady=false, mDaemonConnected=true
01-10 13:51:37.402898   986  1074 D CryptdConnector: SND -> {1 cryptfs getfield SystemLocale}
01-10 13:51:37.409738   986   986 I SystemServer: StartUiModeManager
01-10 13:51:37.410243   986   986 I SystemServiceManager: Starting com.android.server.UiModeManagerService
01-10 13:51:37.413293   986  1059 I ActivityManager: Config changes=200 {1.0 ?mcc?mnc [zh_CN_#Hans] ldltr sw360dp w360dp h616dp 320dpi nrml long port finger -keyb/v/h -nav/h appBounds=Rect(0, 0 - 720, 1280) s.5}
01-10 13:51:37.414364   986   986 I SystemServer: UpdatePackagesIfNeeded
01-10 13:51:37.414544   986   986 I SystemServer: PerformFstrimIfNeeded
01-10 13:51:37.421998   986   986 I SystemServer: StartLockSettingsService
01-10 13:51:37.422515   986   986 I SystemServiceManager: Starting com.android.server.locksettings.LockSettingsService$Lifecycle
01-10 13:51:37.427027   986  1059 I ActivityManager: Override config changes=200 {1.0 ?mcc?mnc [zh_CN_#Hans] ldltr sw360dp w360dp h616dp 320dpi nrml long port finger -keyb/v/h -nav/h appBounds=Rect(0, 0 - 720, 1280) s.5} for displayId=0
01-10 13:51:37.448191   986   986 I SystemServer: StartPersistentDataBlock
01-10 13:51:37.448389   986   986 I SystemServiceManager: Starting com.android.server.PersistentDataBlockService
01-10 13:51:37.451777   986  1060 E PersistentDataBlockService: not able to find package 
01-10 13:51:37.451777   986  1060 E PersistentDataBlockService: android.content.pm.PackageManager$NameNotFoundException: 
01-10 13:51:37.451777   986  1060 E PersistentDataBlockService: 	at android.app.ApplicationPackageManager.getPackageUidAsUser(ApplicationPackageManager.java:282)
01-10 13:51:37.451777   986  1060 E PersistentDataBlockService: 	at com.android.server.PersistentDataBlockService.getAllowedUid(PersistentDataBlockService.java:112)
01-10 13:51:37.451777   986  1060 E PersistentDataBlockService: 	at com.android.server.PersistentDataBlockService.lambda$-com_android_server_PersistentDataBlockService_5033(PersistentDataBlockService.java:125)
01-10 13:51:37.451777   986  1060 E PersistentDataBlockService: 	at com.android.server.-$Lambda$VaVGUZuNs2jqHMhhxPzwNl4zK-M.$m$3(Unknown Source:4)
01-10 13:51:37.451777   986  1060 E PersistentDataBlockService: 	at com.android.server.-$Lambda$VaVGUZuNs2jqHMhhxPzwNl4zK-M.run(Unknown Source:23)
01-10 13:51:37.451777   986  1060 E PersistentDataBlockService: 	at java.util.concurrent.Executors$RunnableAdapter.call(Executors.java:457)
01-10 13:51:37.451777   986  1060 E PersistentDataBlockService: 	at java.util.concurrent.FutureTask.run(FutureTask.java:266)
01-10 13:51:37.451777   986  1060 E PersistentDataBlockService: 	at java.util.concurrent.ThreadPoolExecutor.runWorker(ThreadPoolExecutor.java:1162)
01-10 13:51:37.451777   986  1060 E PersistentDataBlockService: 	at java.util.concurrent.ThreadPoolExecutor$Worker.run(ThreadPoolExecutor.java:636)
01-10 13:51:37.451777   986  1060 E PersistentDataBlockService: 	at com.android.internal.util.ConcurrentUtils$1$1.run(ConcurrentUtils.java:59)
01-10 13:51:37.454274   986   986 I OemLock : OemLock HAL not present on device
01-10 13:51:37.454411   986   986 I SystemServer: StartOemLockService
01-10 13:51:37.454489   986   986 I SystemServiceManager: Starting com.android.server.oemlock.OemLockService
01-10 13:51:37.455965   986   986 I OemLock : OemLock HAL not present on device
01-10 13:51:37.456166   986   986 I OemLock : Using persistent data block based lock
01-10 13:51:37.457623   986  1076 D CryptdConnector: RCV <- {113 1 zh-Hans-CN}
01-10 13:51:37.458491   986  1076 D CryptdConnector: RCV <- {200 1 0}
01-10 13:51:37.459447   986  1074 D StorageManagerService: Got locale zh-Hans-CN from mount service
01-10 13:51:37.460803   986   986 I SystemServer: StartDeviceIdleController
01-10 13:51:37.461601   986  1074 I ActivityManager: Config changes=100 {1.0 ?mcc?mnc [zh_CN_#Hans] ldltr sw360dp w360dp h616dp 320dpi nrml long port finger -keyb/v/h -nav/h appBounds=Rect(0, 0 - 720, 1280) s.6}
01-10 13:51:37.461752   986   986 I SystemServiceManager: Starting com.android.server.DeviceIdleController
01-10 13:51:37.475626   986  1074 I ActivityManager: Override config changes=100 {1.0 ?mcc?mnc [zh_CN_#Hans] ldltr sw360dp w360dp h616dp 320dpi nrml long port finger -keyb/v/h -nav/h appBounds=Rect(0, 0 - 720, 1280) s.6} for displayId=0
01-10 13:51:37.479345   986  1074 D StorageManagerService: Setting system properties to zh-Hans-CN from mount service
01-10 13:51:37.480438   986  1009 I ActivityManager: Config changes=100 {1.0 ?mcc?mnc [zh_CN_#Hans] ldltr sw360dp w360dp h616dp 320dpi nrml long port finger -keyb/v/h -nav/h appBounds=Rect(0, 0 - 720, 1280) s.7}
01-10 13:51:37.482678   986   986 I SystemServer: StartDevicePolicyManager
01-10 13:51:37.483008   986   986 I SystemServiceManager: Starting com.android.server.devicepolicy.DevicePolicyManagerService$Lifecycle
01-10 13:51:37.487021   986  1074 W StorageManagerService: No primary storage mounted!
01-10 13:51:37.487250   986  1074 D VoldConnector: SND -> {1 asec list}
01-10 13:51:37.490094   986  1075 D VoldConnector: RCV <- {200 1 asec operation succeeded}
01-10 13:51:37.495169   986  1009 I ActivityManager: Override config changes=100 {1.0 ?mcc?mnc [zh_CN_#Hans] ldltr sw360dp w360dp h616dp 320dpi nrml long port finger -keyb/v/h -nav/h appBounds=Rect(0, 0 - 720, 1280) s.7} for displayId=0
01-10 13:51:37.504077   986   986 I SystemServer: StartStatusBarManagerService
01-10 13:51:37.510286   986   986 I SystemServer: StartClipboardService
01-10 13:51:37.510884   986   986 I SystemServiceManager: Starting com.android.server.clipboard.ClipboardService
01-10 13:51:37.514180   986   986 I SystemServer: StartNetworkManagementService
01-10 13:51:37.518948   986  1078 I NetworkManagement: onDaemonConnected()
01-10 13:51:37.522769   986   986 I SystemServer: StartTextServicesManager
01-10 13:51:37.523226   986   986 I SystemServiceManager: Starting com.android.server.TextServicesManagerService$Lifecycle
01-10 13:51:37.585165   986  1074 W StorageManagerService: No primary storage mounted!
01-10 13:51:37.585285   986  1074 D VoldConnector: SND -> {2 asec list}
01-10 13:51:37.586780   986  1075 D VoldConnector: RCV <- {200 2 asec operation succeeded}
01-10 13:51:37.636551   986   986 I SystemServer: StartNetworkScoreService
01-10 13:51:37.640144   986   986 I SystemServer: StartNetworkStatsService
01-10 13:51:37.660858   986   986 D MtkNetworkStatsService: MtkNetworkStatsService starting up
01-10 13:51:37.666310   986   986 I SystemServer: StartNetworkPolicyManagerService
01-10 13:51:37.679100   986   986 I SystemServer: StartWifi
01-10 13:51:37.691678   986   986 I SystemServiceManager: Starting com.android.server.wifi.WifiService
01-10 13:51:37.810729   548   548 E wificond: No interface is found
01-10 13:51:37.824522   986   986 I SystemServer: StartWifiScanning
01-10 13:51:37.826662   986   986 I SystemServiceManager: Starting com.android.server.wifi.scanner.WifiScanningService
01-10 13:51:37.831116   986   986 I SystemServer: StartWifiRtt
01-10 13:51:37.832857   986   986 I SystemServiceManager: Starting com.android.server.wifi.RttService
01-10 13:51:37.836515   986   986 I SystemServer: No Wi-Fi Aware Service (Aware support Not Present)
01-10 13:51:37.836767   986   986 I SystemServer: StartWifiP2P
01-10 13:51:37.837674   986   986 I SystemServiceManager: Starting com.android.server.wifi.p2p.WifiP2pService
01-10 13:51:37.849860   986  1093 D WifiP2pService: P2pDisabledState
01-10 13:51:37.851330   986   986 I SystemServer: StartEthernet
01-10 13:51:37.853046   986   986 I SystemServiceManager: Starting com.android.server.ethernet.EthernetService
01-10 13:51:37.868540   986   986 I SystemServer: StartConnectivityService
01-10 13:51:37.928975   986   986 D MtkConnectivityService: MtkConnectivityService starting up
01-10 13:51:37.933281   986   986 D MtkConnectivityService: wifiOnly=false
01-10 13:51:37.965620   986   986 D MtkConnectivityService: USP_SUPPORTED=false, isOp07=false
01-10 13:51:37.967762   986   986 I SystemServer: StartNsdService
01-10 13:51:37.972805   986   986 D NsdService: Network service discovery is enabled
01-10 13:51:37.979649   986   986 I SystemServer: StartUpdateLockService
01-10 13:51:37.982523   986   986 I SystemServer: WaitForAsecScan
01-10 13:51:37.982811   986   986 I SystemServer: StartNotificationManager
01-10 13:51:37.983676   986   986 I SystemServiceManager: Starting com.android.server.notification.NotificationManagerService
01-10 13:51:38.008739   986   986 D ConditionProviders.SCP: new ScheduleConditionProvider()
01-10 13:51:38.027492   986   986 I NotificationListeners: Read notification listener permissions from xml
01-10 13:51:38.027792   986   986 I NotificationListeners: Read notification listener permissions from xml
01-10 13:51:38.027891   986   986 I ConditionProviders: Read condition provider permissions from xml
01-10 13:51:38.027962   986   986 I chatty  : uid=1000 system_server identical 1 line
01-10 13:51:38.028033   986   986 I ConditionProviders: Read condition provider permissions from xml
01-10 13:51:38.035818   986   986 I SystemServer: StartDeviceMonitor
01-10 13:51:38.036348   986   986 I SystemServiceManager: Starting com.android.server.storage.DeviceStorageMonitorService
01-10 13:51:38.040293   986   986 I SystemServer: StartLocationManagerService
01-10 13:51:38.044928   986   986 I SystemServer: StartCountryDetectorService
01-10 13:51:38.047559   986   986 I SystemServer: StartSearchManagerService
01-10 13:51:38.048211   986   986 I SystemServiceManager: Starting com.android.server.search.SearchManagerService$Lifecycle
01-10 13:51:38.052754   986   986 I SystemServer: StartWallpaperManagerService
01-10 13:51:38.053515   986   986 I SystemServiceManager: Starting com.android.server.wallpaper.WallpaperManagerService$Lifecycle
01-10 13:51:38.057735   986   986 I WallpaperManagerService: No static wallpaper imagery; defaults will be shown
01-10 13:51:38.061254   986   986 I SystemServer: StartAudioService
01-10 13:51:38.062021   986   986 I SystemServiceManager: Starting com.android.server.audio.AudioService$Lifecycle
01-10 13:51:38.072742   986   986 V SettingsProvider: name : mode_ringer_streams_affected appId : 1000
01-10 13:51:38.115715   986   986 I SystemServer: StartDockObserver
01-10 13:51:38.116274   986   986 I SystemServiceManager: Starting com.android.server.DockObserver
01-10 13:51:38.117690   986   986 W DockObserver: This kernel does not have dock station support
01-10 13:51:38.120134   986   986 I SystemServer: StartWiredAccessoryManager
01-10 13:51:38.122575   986   986 W WiredAccessoryManager: This kernel does not have usb audio support
01-10 13:51:38.122836   986   986 W WiredAccessoryManager: This kernel does not have HDMI audio support
01-10 13:51:38.122958   986   986 I SystemServer: StartMidiManager
01-10 13:51:38.123570   986   986 I SystemServiceManager: Starting com.android.server.midi.MidiService$Lifecycle
01-10 13:51:38.127811   986   986 I SystemServer: StartUsbService
01-10 13:51:38.128593   986   986 I SystemServiceManager: Starting com.android.server.usb.UsbService$Lifecycle
01-10 13:51:38.136271   986   986 E UsbDeviceManager: failed to write to /sys/class/android_usb/android0/f_rndis/ethaddr
01-10 13:51:38.156875   986   986 E UsbPortManager: connectToProxy: usb hal service not found. Did the service fail to start?
01-10 13:51:38.156875   986   986 E UsbPortManager: java.util.NoSuchElementException
01-10 13:51:38.156875   986   986 E UsbPortManager: 	at android.os.HwBinder.getService(Native Method)
01-10 13:51:38.156875   986   986 E UsbPortManager: 	at android.hardware.usb.V1_0.IUsb.getService(IUsb.java:44)
01-10 13:51:38.156875   986   986 E UsbPortManager: 	at com.android.server.usb.UsbPortManager.connectToProxy(UsbPortManager.java:524)
01-10 13:51:38.156875   986   986 E UsbPortManager: 	at com.android.server.usb.UsbPortManager.<init>(UsbPortManager.java:130)
01-10 13:51:38.156875   986   986 E UsbPortManager: 	at com.android.server.usb.UsbService.<init>(UsbService.java:132)
01-10 13:51:38.156875   986   986 E UsbPortManager: 	at com.android.server.usb.UsbService$Lifecycle.onStart(UsbService.java:68)
01-10 13:51:38.156875   986   986 E UsbPortManager: 	at com.android.server.SystemServiceManager.startService(SystemServiceManager.java:124)
01-10 13:51:38.156875   986   986 E UsbPortManager: 	at com.android.server.SystemServiceManager.startService(SystemServiceManager.java:111)
01-10 13:51:38.156875   986   986 E UsbPortManager: 	at com.android.server.SystemServiceManager.startService(SystemServiceManager.java:70)
01-10 13:51:38.156875   986   986 E UsbPortManager: 	at com.android.server.SystemServer.startOtherServices(SystemServer.java:1384)
01-10 13:51:38.156875   986   986 E UsbPortManager: 	at com.android.server.SystemServer.run(SystemServer.java:434)
01-10 13:51:38.156875   986   986 E UsbPortManager: 	at com.android.server.SystemServer.main(SystemServer.java:299)
01-10 13:51:38.156875   986   986 E UsbPortManager: 	at java.lang.reflect.Method.invoke(Native Method)
01-10 13:51:38.156875   986   986 E UsbPortManager: 	at com.android.internal.os.RuntimeInit$MethodAndArgsCaller.run(RuntimeInit.java:438)
01-10 13:51:38.156875   986   986 E UsbPortManager: 	at com.android.internal.os.ZygoteInit.main(ZygoteInit.java:837)
01-10 13:51:38.162584   986   986 I SystemServer: StartSerialService
01-10 13:51:38.165201   986   986 I SystemServer: StartHardwarePropertiesManagerService
01-10 13:51:38.172256   986   986 I SystemServer: StartTwilightService
01-10 13:51:38.173291   986   986 I SystemServiceManager: Starting com.android.server.twilight.TwilightService
01-10 13:51:38.174243   986   986 I SystemServer: StartJobScheduler
01-10 13:51:38.174399   986   986 I SystemServiceManager: Starting com.android.server.job.JobSchedulerService
01-10 13:51:38.181751   986   986 I JobStore: Read 0 jobs
01-10 13:51:38.186066   986   986 D MtkConnectivityService: requestNetwork for uid/pid:1000/986 NetworkRequest [ TRACK_DEFAULT id=3, [ Capabilities: INTERNET&NOT_RESTRICTED&TRUSTED&NOT_VPN] ]
01-10 13:51:38.193488   986   986 I SystemServer: StartSoundTrigger
01-10 13:51:38.193978   986   986 I SystemServiceManager: Starting com.android.server.soundtrigger.SoundTriggerService
01-10 13:51:38.197698   986   986 I SystemServer: StartTrustManager
01-10 13:51:38.198958   986   986 I SystemServiceManager: Starting com.android.server.trust.TrustManagerService
01-10 13:51:38.201596   986   986 I SystemServer: StartBackupManager
01-10 13:51:38.202075   986   986 I SystemServiceManager: Starting com.android.server.backup.BackupManagerService$Lifecycle
01-10 13:51:38.206534   986   986 I SystemServer: StartAppWidgerService
01-10 13:51:38.207258   986   986 I SystemServiceManager: Starting com.android.server.appwidget.AppWidgetService
01-10 13:51:38.215659   986   986 I SystemServer: StartVoiceRecognitionManager
01-10 13:51:38.216307   986   986 I SystemServiceManager: Starting com.android.server.voiceinteraction.VoiceInteractionManagerService
01-10 13:51:38.219877   986   986 I SystemServer: StartGestureLauncher
01-10 13:51:38.220087   986   986 I SystemServiceManager: Starting com.android.server.GestureLauncherService
01-10 13:51:38.220917   986   986 I SystemServer: StartSensorNotification
01-10 13:51:38.221504   986   986 I SystemServiceManager: Starting com.android.server.SensorNotificationService
01-10 13:51:38.221931   986   986 I SystemServer: StartContextHubSystemService
01-10 13:51:38.222431   986   986 I SystemServiceManager: Starting com.android.server.ContextHubSystemService
01-10 13:51:38.223006   986   986 I SystemServer: StartDiskStatsService
01-10 13:51:38.226728   986   986 I SystemServer: StartNetworkTimeUpdateService
01-10 13:51:38.229993   986   986 I SystemServer: StartCommonTimeManagementService
01-10 13:51:38.232721   986   986 I SystemServer: CertBlacklister
01-10 13:51:38.234345   986   986 I SystemServer: StartEmergencyAffordanceService
01-10 13:51:38.234846   986   986 I SystemServiceManager: Starting com.android.server.emergency.EmergencyAffordanceService
01-10 13:51:38.235679   986   986 I SystemServer: StartDreamManager
01-10 13:51:38.235975   986   986 I SystemServiceManager: Starting com.android.server.dreams.DreamManagerService
01-10 13:51:38.239891   986   986 I SystemServer: AddGraphicsStatsService
01-10 13:51:38.245052   986   986 I SystemServer: StartPrintManager
01-10 13:51:38.245852   986   986 I SystemServiceManager: Starting com.android.server.print.PrintManagerService
01-10 13:51:38.250483   986   986 I SystemServer: StartCompanionDeviceManager
01-10 13:51:38.251504   986   986 I SystemServiceManager: Starting com.android.server.companion.CompanionDeviceManagerService
01-10 13:51:38.256039   986   986 I SystemServer: StartRestrictionManager
01-10 13:51:38.256583   986   986 I SystemServiceManager: Starting com.android.server.restrictions.RestrictionsManagerService
01-10 13:51:38.259611   986   986 I SystemServer: StartMediaSessionService
01-10 13:51:38.260508   986   986 I SystemServiceManager: Starting com.android.server.media.MediaSessionService
01-10 13:51:38.268471   986   986 I SystemServer: StartMediaResourceMonitor
01-10 13:51:38.268982   986   986 I SystemServiceManager: Starting com.android.server.media.MediaResourceMonitorService
01-10 13:51:38.270721   986   986 I SystemServer: StartMediaRouterService
01-10 13:51:38.274399   986   986 I SystemServer: StartBackgroundDexOptService
01-10 13:51:38.276023   986   986 I SystemServer: StartPruneInstantAppsJobService
01-10 13:51:38.276968   986   986 I SystemServer: StartShortcutServiceLifecycle
01-10 13:51:38.277317   986   986 I SystemServiceManager: Starting com.android.server.pm.ShortcutService$Lifecycle
01-10 13:51:38.283438   986   986 I SystemServer: StartLauncherAppsService
01-10 13:51:38.283879   986   986 I SystemServiceManager: Starting com.android.server.pm.LauncherAppsService
01-10 13:51:38.287157   986   986 I SystemServer: StartMediaProjectionManager
01-10 13:51:38.287677   986   986 I SystemServiceManager: Starting com.android.server.media.projection.MediaProjectionManagerService
01-10 13:51:38.297033   986   986 I SystemServer: StartCameraServiceProxy
01-10 13:51:38.297813   986   986 I SystemServiceManager: Starting com.android.server.camera.CameraServiceProxy
01-10 13:51:38.304178   986   986 I SystemServer: StartDatalogicKeyboardRemapService
01-10 13:51:38.316462   986   986 I SystemServer: StartDatalogicLedManagerService
01-10 13:51:38.318271   986   986 I SystemServer: StartDatalogicPowerManagerService
01-10 13:51:38.320911   986   986 I SystemServer: StartDatalogicBatteryManagerService
01-10 13:51:38.323184   986   986 I SystemServer: StartDatalogicCradleManagerService
01-10 13:51:38.324772   986   986 I SystemServer: StartDatalogicCryptoManagerService
01-10 13:51:38.328001   986   986 I SystemServer: StartJitCompilation
01-10 13:51:38.328088   986   986 I SystemServer: StartMmsService
01-10 13:51:38.328452   986   986 I SystemServiceManager: Starting com.android.server.MmsServiceBroker
01-10 13:51:38.332150   986   986 I SystemServer: StartAutoFillService
01-10 13:51:38.332928   986   986 I SystemServiceManager: Starting com.android.server.autofill.AutofillManagerService
01-10 13:51:38.334696   986   986 I AutofillManagerService: Setting debug to false
01-10 13:51:38.339901   986   986 I MtkSystemServerImpl: startOtherMtkService 
01-10 13:51:38.340120   986   986 I MtkSystemServerImpl: StartSearchEngineManagerService
01-10 13:51:38.343677   986   986 I MtkSystemServerImpl: start Omadm Service
01-10 13:51:38.354567   986   986 I MtkSystemServerImpl: StartDataShapingService
01-10 13:51:38.356753   986   986 I SystemServiceManager: Starting com.mediatek.datashaping.DataShapingService
01-10 13:51:38.357820   986   986 D DataShapingService: Start DataShaping Service.
01-10 13:51:38.359218   986   986 I MtkSystemServerImpl: StartPowerHalMgrService
01-10 13:51:38.360304   986   986 I SystemServiceManager: Starting com.mediatek.powerhalservice.PowerHalMgrService
01-10 13:51:38.365188   986   986 D PowerHalMgrService: Start PowerHalMgrService.
01-10 13:51:38.366788   986   986 I SystemServer: MakeVibratorServiceReady
01-10 13:51:38.369025   986   986 I SystemServer: MakeLockSettingsServiceReady
01-10 13:51:38.397496   986   986 I SyntheticPasswordManager: Device does not support weaver
01-10 13:51:38.399764   986   986 E LockSettingsStorage: Cannot read file java.io.FileNotFoundException: /data/system/gatekeeper.password.key: open failed: ENOENT (No such file or directory)
01-10 13:51:38.400247   986   986 E LockSettingsStorage: Cannot read file java.io.FileNotFoundException: /data/system/password.key: open failed: ENOENT (No such file or directory)
01-10 13:51:38.400661   986   986 E LockSettingsStorage: Cannot read file java.io.FileNotFoundException: /data/system/gatekeeper.pattern.key: open failed: ENOENT (No such file or directory)
01-10 13:51:38.401019   986   986 E LockSettingsStorage: Cannot read file java.io.FileNotFoundException: /data/system/gatekeeper.gesture.key: open failed: ENOENT (No such file or directory)
01-10 13:51:38.401277   986   986 E LockSettingsStorage: Cannot read file java.io.FileNotFoundException: /data/system/gesture.key: open failed: ENOENT (No such file or directory)
01-10 13:51:38.401834   986   986 I SystemServer: StartBootPhaseLockSettingsReady
01-10 13:51:38.401939   986   986 I SystemServiceManager: Starting phase 480
01-10 13:51:38.408464   986   986 I DevicePolicyManager: Set ro.device_owner property to false
01-10 13:51:38.412996   986   986 I SystemServer: StartBootPhaseSystemServicesReady
01-10 13:51:38.413155   986   986 I SystemServiceManager: Starting phase 500
01-10 13:51:38.422632   986   986 I VrManagerService: No default vr listener service found.
01-10 13:51:38.443230   986   986 I WifiService: WifiService starting up with Wi-Fi disabled
01-10 13:51:38.487242   986  1094 D MtkConnectivityService: Got NetworkFactory Messenger for Ethernet
01-10 13:51:38.497731   986   986 W SoundTriggerHelper: listModules status=0, # of modules=0
01-10 13:51:38.501493   986   986 D DataShapingService: unregisterListener get WindowManager fail !
01-10 13:51:38.501616   986   986 D DataShapingService: [setCurrentState]: set to STATE_OPEN_LOCKED
01-10 13:51:38.501651   986   986 D DataShapingService: start check user preference
01-10 13:51:38.502234   986   986 D DataShapingService: data shaping enabled, start handler thread!
01-10 13:51:38.503750   986   986 D DataShapingService: unregisterListener get WindowManager fail !
01-10 13:51:38.503819   986   986 D DataShapingService: [setCurrentState]: set to STATE_OPEN_LOCKED
01-10 13:51:38.503916   986  1110 D DataShapingService: [handleMessage] msg_init
01-10 13:51:38.503920   986   986 D DataShapingService: registerReceiver start
01-10 13:51:38.504919   986   986 D DataShapingService: registerReceiver end
01-10 13:51:38.505562   986   986 D DataShapingService: onParoleStateChanged is false
01-10 13:51:38.505710   986   986 D DataShapingService: addAppIdleStateChangeListener end
01-10 13:51:38.505784   986   986 D PowerHalMgrService: onBootPhase PowerHalMgrService.
01-10 13:51:38.505901   986   986 I SystemServer: MakeWindowManagerServiceReady
01-10 13:51:38.508898   986  1110 V DataShapingUtils: [initDataShapingWhitelist] has no data shaping whitelist exist !!
01-10 13:51:38.509324   986  1110 D GateOpenLockedState: [onAPPStandbyStateChanged] APPStandby parole state is =false
01-10 13:51:38.509631   986  1110 D DataShapingUtils: [isNetworkTypeLte] mCurrentNetworkType: 0
01-10 13:51:38.509948   986  1110 D DataShapingUtils: [isScreenOn] true
01-10 13:51:38.514794   986  1110 D DataShapingUtils: [isSharedDefaultApnEstablished] mTelephonyExService is null!
01-10 13:51:38.515278   986  1110 D DataShapingUtils: [isWifiTetheringEnabled] isWifiApEnabled: false
01-10 13:51:38.515392   986  1110 D DataShapingUtils: [isAppIdleParoleOn] App Standby isn't enable
01-10 13:51:38.515919   986  1110 D DataShapingUtils: [canTurnFromLockedToOpen] isNetworkTypeLte|false isScreenOn|true isSharedDefaultApnEstablised|true isUsbConnected|false isWifiTetheringEnabled|false isAppIdleParoleOn|false isDeviceIdleEnable|false isLteDataOn|false
01-10 13:51:38.516077   986  1110 D DataShapingUtils: [canTurnFromLockedToOpen]: false
01-10 13:51:38.516126   986  1110 D GateOpenLockedState: Still stay in Open Locked state!
01-10 13:51:38.518465   986   986 D DL-PowerManagerService: isBatteryCoverOpen
01-10 13:51:38.520306   986   986 I SystemServer: MakePowerManagerServiceReady
01-10 13:51:38.536030   986   986 I SystemServer: MakePackageManagerServiceReady
01-10 13:51:38.536321   986  1015 W KeyguardServiceDelegate: onScreenTurningOn(): no keyguard service!
01-10 13:51:38.542945   986   986 V UserDataPreparer: Found /data/user_de/0 with serial number 0
01-10 13:51:38.543145   986   986 V UserDataPreparer: Found /data/user_de/10 with serial number 10
01-10 13:51:38.543341   986   986 V UserDataPreparer: Found /data/user/0 with serial number 0
01-10 13:51:38.543455   986   986 V UserDataPreparer: Found /data/user/10 with serial number 10
01-10 13:51:38.543524   986   986 V UserDataPreparer: Found /data/system_de/0 with serial number 0
01-10 13:51:38.543661   986   986 V UserDataPreparer: Found /data/system_de/10 with serial number 10
01-10 13:51:38.543739   986   986 V UserDataPreparer: Found /data/system_ce/0 with serial number 0
01-10 13:51:38.543852   986   986 V UserDataPreparer: Found /data/system_ce/10 with serial number 10
01-10 13:51:38.543925   986   986 V UserDataPreparer: Found /data/misc_ce/0 with serial number 0
01-10 13:51:38.544040   986   986 V UserDataPreparer: Found /data/misc_ce/10 with serial number 10
01-10 13:51:38.545510   986   986 I SystemServer: MakeDisplayManagerServiceReady
01-10 13:51:38.547843   986   986 D AmsExtImpl: onSystemReady
01-10 13:51:38.548120   986   986 D IdleScreen: registerIdleScreenReceiver: android.app.ContextImpl@4c1bb2e
01-10 13:51:38.548787   986   986 D DuraSpeed/DuraSpeedService: [onSystemReady]
01-10 13:51:38.557107   986   986 I ActivityManager: System now ready
01-10 13:51:38.559522   986  1009 D WifiDisplayController: loadDebugLevel, debugLevel = 0
01-10 13:51:38.559784   986  1009 I WifiDisplayController: updateWfdEnableState(), mWifiDisplayOnSetting:false, mWifiP2pEnabled:false
01-10 13:51:38.559918   986  1009 I WifiDisplayController: updateWfdInfo(), enable:false,mWfdEnabling:false
01-10 13:51:38.560871   986  1009 D WifiDisplayController: reportFeatureState(), featureState = 2
01-10 13:51:38.561241   986  1009 I WifiDisplayController: updateScanState(), mSinkEnabled:falsemDiscoverPeersInProgress:false
01-10 13:51:38.561357   986  1009 I WifiDisplayController: disconnect, mRemoteDisplayInterface = null
01-10 13:51:38.561403   986  1009 I WifiDisplayController: updateScanState(), mSinkEnabled:falsemDiscoverPeersInProgress:false
01-10 13:51:38.561581   986  1093 D WifiP2pService: P2pDisabledState{ when=0 what=139323 arg2=1 obj=WFD enabled: falseWFD DeviceInfo: 0
01-10 13:51:38.561581   986  1093 D WifiP2pService:  WFD CtrlPort: 0
01-10 13:51:38.561581   986  1093 D WifiP2pService:  WFD MaxThroughput: 0 target=com.android.internal.util.StateMachine$SmHandler }
01-10 13:51:38.561675   986  1093 D WifiP2pService: DefaultState{ when=-1ms what=139323 arg2=1 obj=WFD enabled: falseWFD DeviceInfo: 0
01-10 13:51:38.561675   986  1093 D WifiP2pService:  WFD CtrlPort: 0
01-10 13:51:38.561675   986  1093 D WifiP2pService:  WFD MaxThroughput: 0 target=com.android.internal.util.StateMachine$SmHandler }
01-10 13:51:38.561723   986  1009 I WifiDisplayController: RealMetrics, Width = 720, Height = 1280
01-10 13:51:38.561975   986  1009 D WifiDisplayController: registerEMObserver(), tt:20,nt:60,res:0,ps:1,psd:10,so:1
01-10 13:51:38.562468   986   986 I ActivityManager: Config changes=104 {1.0 ?mcc?mnc [zh_CN_#Hans,en_US,ar_XB] ldltr sw360dp w360dp h616dp 320dpi nrml long port finger -keyb/v/h -nav/h appBounds=Rect(0, 0 - 720, 1280) s.8}
01-10 13:51:38.562591   986  1009 I WifiDisplayController: mResolution:0, resolutionIndex: 5
01-10 13:51:38.609162   986  1051 I PackageManager: Deferred reconcileAppsData finished 107 packages
01-10 13:51:38.629474   986   986 I ActivityManager: Override config changes=104 {1.0 ?mcc?mnc [zh_CN_#Hans,en_US,ar_XB] ldltr sw360dp w360dp h616dp 320dpi nrml long port finger -keyb/v/h -nav/h appBounds=Rect(0, 0 - 720, 1280) s.8} for displayId=0
01-10 13:51:38.630708   986   986 D DL-PowerManagerService: isBatteryCoverOpen
01-10 13:51:38.632516   986   986 D DL-PowerManagerService: isBatteryCoverOpen
01-10 13:51:38.634439   986   986 I SystemServer: Making services ready
01-10 13:51:38.634664   986   986 I SystemServer: StartActivityManagerReadyPhase
01-10 13:51:38.634698   986   986 I SystemServiceManager: Starting phase 550
01-10 13:51:38.647756   986  1009 I WifiDisplayController: actionAtDisconnected
01-10 13:51:38.648413   986  1009 E WifiDisplayController: actionAtDisconnected, null display
01-10 13:51:38.652583   986  1009 E WifiDisplayController: WFD disconnected, and WifiLock isn't Held!
01-10 13:51:38.653463   986  1009 D WifiDisplayController: updateChosenCapability(), connected:false, capability:, portrait:false
01-10 13:51:38.654521   986  1009 I WifiDisplayController: hideLatencyPanel
01-10 13:51:38.659418   986  1009 D WifiDisplayController: callback onFeatureStateChanged(): featureState = 2
01-10 13:51:38.661794   986  1009 D DL-PowerManagerService: isBatteryCoverOpen
01-10 13:51:38.662347   986  1009 I ActivityManager: Config changes=100 {1.0 ?mcc?mnc [zh_CN_#Hans,en_US,ar_XB] ldltr sw360dp w360dp h616dp 320dpi nrml long port finger -keyb/v/h -nav/h appBounds=Rect(0, 0 - 720, 1280) s.9}
01-10 13:51:38.676909   986  1009 I ActivityManager: Override config changes=100 {1.0 ?mcc?mnc [zh_CN_#Hans,en_US,ar_XB] ldltr sw360dp w360dp h616dp 320dpi nrml long port finger -keyb/v/h -nav/h appBounds=Rect(0, 0 - 720, 1280) s.9} for displayId=0
01-10 13:51:38.678126   986  1009 D DL-PowerManagerService: isBatteryCoverOpen
01-10 13:51:38.679355   986  1009 D DL-PowerManagerService: isBatteryCoverOpen
01-10 13:51:38.743009   986   986 I ActivityManager: Start proc 1114:com.android.inputmethod.latin/u0a60 for service com.android.inputmethod.latin/.LatinIME
01-10 13:51:38.743900   986   986 W SystemServiceManager: Service com.android.server.InputMethodManagerService$Lifecycle took 57 ms in onBootPhase
