01-10 13:51:40.842410  1126  1126 W StatusBar: 	at com.android.systemui.statusbar.phone.StatusBar.createAndAddWindows(StatusBar.java:3784)
01-10 13:51:40.842410  1126  1126 W StatusBar: 	at com.android.systemui.statusbar.phone.StatusBar.start(StatusBar.java:910)
01-10 13:51:40.842410  1126  1126 W StatusBar: 	at com.android.systemui.SystemBars.createStatusBarFromConfig(SystemBars.java:71)
01-10 13:51:40.842410  1126  1126 W StatusBar: 	at com.android.systemui.SystemBars.start(SystemBars.java:42)
01-10 13:51:40.842410  1126  1126 W StatusBar: 	at com.android.systemui.SystemUIApplication.startServicesIfNeeded(SystemUIApplication.java:215)
01-10 13:51:40.842410  1126  1126 W StatusBar: 	at com.android.systemui.SystemUIApplication.startServicesIfNeeded(SystemUIApplication.java:164)
01-10 13:51:40.842410  1126  1126 W StatusBar: 	at com.android.systemui.SystemUIService.onCreate(SystemUIService.java:33)
01-10 13:51:40.842410  1126  1126 W StatusBar: 	at android.app.ActivityThread.handleCreateService(ActivityThread.java:3380)
01-10 13:51:40.842410  1126  1126 W StatusBar: 	at android.app.ActivityThread.-wrap4(Unknown Source:0)
01-10 13:51:40.842410  1126  1126 W StatusBar: 	at android.app.ActivityThread$H.handleMessage(ActivityThread.java:1711)
01-10 13:51:40.842410  1126  1126 W StatusBar: 	at android.os.Handler.dispatchMessage(Handler.java:106)
01-10 13:51:40.842410  1126  1126 W StatusBar: 	at android.os.Looper.loop(Looper.java:164)
01-10 13:51:40.842410  1126  1126 W StatusBar: 	at android.app.ActivityThread.main(ActivityThread.java:6548)
01-10 13:51:40.842410  1126  1126 W StatusBar: 	at java.lang.reflect.Method.invoke(Native Method)
01-10 13:51:40.842410  1126  1126 W StatusBar: 	at com.android.internal.os.RuntimeInit$MethodAndArgsCaller.run(RuntimeInit.java:438)
01-10 13:51:40.842410  1126  1126 W StatusBar: 	at com.android.internal.os.ZygoteInit.main(ZygoteInit.java:857)
01-10 13:51:40.847436  1304  1304 I TelecomFramework: TtyManager: updateUiTtyMode -1 -> 0
01-10 13:51:41.034961   986  1224 D CryptdConnector: SND -> {4 cryptfs getpw}
01-10 13:51:41.035921   367   374 D VoldCryptCmdListener: cryptfs getpw
01-10 13:51:41.036230   986  1076 D CryptdConnector: RCV <- {200 4 -1}
01-10 13:51:41.037038   986  1224 D CryptdConnector: SND -> {5 cryptfs clearpw}
01-10 13:51:41.037624   367   374 D VoldCryptCmdListener: cryptfs clearpw
01-10 13:51:41.037830   986  1076 D CryptdConnector: RCV <- {200 5 0}
01-10 13:51:41.062053   986  1009 I WindowManager: performEnableScreen: mDisplayEnabled=false mForceDisplayEnabled=false mShowingBootMessages=false mSystemBooted=true mOnlyCore=false
01-10 13:51:41.062053   986  1009 I WindowManager: java.lang.RuntimeException: here
01-10 13:51:41.062053   986  1009 I WindowManager: 	at com.android.server.wm.WindowManagerService.performEnableScreen(WindowManagerService.java:3556)
01-10 13:51:41.062053   986  1009 I WindowManager: 	at com.android.server.wm.WindowManagerService.-wrap6(Unknown Source:0)
01-10 13:51:41.062053   986  1009 I WindowManager: 	at com.android.server.wm.WindowManagerService$H.handleMessage(WindowManagerService.java:5143)
01-10 13:51:41.062053   986  1009 I WindowManager: 	at android.os.Handler.dispatchMessage(Handler.java:106)
01-10 13:51:41.062053   986  1009 I WindowManager: 	at android.os.Looper.loop(Looper.java:164)
01-10 13:51:41.062053   986  1009 I WindowManager: 	at android.os.HandlerThread.run(HandlerThread.java:65)
01-10 13:51:41.062053   986  1009 I WindowManager: 	at com.android.server.ServiceThread.run(ServiceThread.java:46)
01-10 13:51:41.065783   986  1009 I chatty  : uid=1000(system) android.display identical 1 line
01-10 13:51:41.068617   986  1009 I WindowManager: performEnableScreen: mDisplayEnabled=false mForceDisplayEnabled=false mShowingBootMessages=false mSystemBooted=true mOnlyCore=false
01-10 13:51:41.068617   986  1009 I WindowManager: java.lang.RuntimeException: here
01-10 13:51:41.068617   986  1009 I WindowManager: 	at com.android.server.wm.WindowManagerService.performEnableScreen(WindowManagerService.java:3556)
01-10 13:51:41.068617   986  1009 I WindowManager: 	at com.android.server.wm.WindowManagerService.-wrap6(Unknown Source:0)
01-10 13:51:41.068617   986  1009 I WindowManager: 	at com.android.server.wm.WindowManagerService$H.handleMessage(WindowManagerService.java:5143)
01-10 13:51:41.068617   986  1009 I WindowManager: 	at android.os.Handler.dispatchMessage(Handler.java:106)
01-10 13:51:41.068617   986  1009 I WindowManager: 	at android.os.Looper.loop(Looper.java:164)
01-10 13:51:41.068617   986  1009 I WindowManager: 	at android.os.HandlerThread.run(HandlerThread.java:65)
01-10 13:51:41.068617   986  1009 I WindowManager: 	at com.android.server.ServiceThread.run(ServiceThread.java:46)
01-10 13:51:41.249875  1126  1126 I EmergencyButton: ss.getState()=1 ss.isEmergencyOnly()=false for simId=0
01-10 13:51:41.257180  1126  1126 I EmergencyButton: ss.getState()=1 ss.isEmergencyOnly()=false for simId=0
01-10 13:51:41.259976   986  1224 I Telecom : PhoneAccountRegistrar: Modify account: [ComponentInfo{com.android.phone/com.android.services.telephony.TelephonyConnectionService}, [****], UserHandle{0}]: TSI.rPA@AAo
01-10 13:51:41.265137  1304  1304 I TelecomFramework: AccountEntry: Registered phoneAccount: [[ ] PhoneAccount: ComponentInfo{com.android.phone/com.android.services.telephony.TelephonyConnectionService}, [****], UserHandle{0} Capabilities: CallProvider MultiUser PlaceEmerg SimSub  Audio Routes: BESW Schemes: tel voicemail  Extras: Bundle[{android.telecom.extra.SUPPORTS_VIDEO_CALLING_FALLBACK=false, android.telecom.extra.EXTRA_PHONE_ACCOUNT_SORT_KEY=0}] GroupId: [****]] with handle: ComponentInfo{com.android.phone/com.android.services.telephony.TelephonyConnectionService}, [****], UserHandle{0}
01-10 13:51:41.266193  1304  1304 I TelecomFramework: PstnIncomingCallNotifier: Registering: Handler (com.mediatek.internal.telephony.MtkGsmCdmaPhone) {ff44624}
01-10 13:51:41.270503  1126  1126 I EmergencyButton: ss.getState()=1 ss.isEmergencyOnly()=false for simId=0
01-10 13:51:41.347953   986  1009 I WindowManager: performEnableScreen: mDisplayEnabled=false mForceDisplayEnabled=false mShowingBootMessages=false mSystemBooted=true mOnlyCore=false
01-10 13:51:41.347953   986  1009 I WindowManager: java.lang.RuntimeException: here
01-10 13:51:41.347953   986  1009 I WindowManager: 	at com.android.server.wm.WindowManagerService.performEnableScreen(WindowManagerService.java:3556)
01-10 13:51:41.347953   986  1009 I WindowManager: 	at com.android.server.wm.WindowManagerService.-wrap6(Unknown Source:0)
01-10 13:51:41.347953   986  1009 I WindowManager: 	at com.android.server.wm.WindowManagerService$H.handleMessage(WindowManagerService.java:5143)
01-10 13:51:41.347953   986  1009 I WindowManager: 	at android.os.Handler.dispatchMessage(Handler.java:106)
01-10 13:51:41.347953   986  1009 I WindowManager: 	at android.os.Looper.loop(Looper.java:164)
01-10 13:51:41.347953   986  1009 I WindowManager: 	at android.os.HandlerThread.run(HandlerThread.java:65)
01-10 13:51:41.347953   986  1009 I WindowManager: 	at com.android.server.ServiceThread.run(ServiceThread.java:46)
01-10 13:51:41.350190   986  1009 I WindowManager: performEnableScreen: mDisplayEnabled=false mForceDisplayEnabled=false mShowingBootMessages=false mSystemBooted=true mOnlyCore=false
01-10 13:51:41.350190   986  1009 I WindowManager: java.lang.RuntimeException: here
01-10 13:51:41.350190   986  1009 I WindowManager: 	at com.android.server.wm.WindowManagerService.performEnableScreen(WindowManagerService.java:3556)
01-10 13:51:41.350190   986  1009 I WindowManager: 	at com.android.server.wm.WindowManagerService.-wrap6(Unknown Source:0)
01-10 13:51:41.350190   986  1009 I WindowManager: 	at com.android.server.wm.WindowManagerService$H.handleMessage(WindowManagerService.java:5143)
01-10 13:51:41.350190   986  1009 I WindowManager: 	at android.os.Handler.dispatchMessage(Handler.java:106)
01-10 13:51:41.350190   986  1009 I WindowManager: 	at android.os.Looper.loop(Looper.java:164)
01-10 13:51:41.350190   986  1009 I WindowManager: 	at android.os.HandlerThread.run(HandlerThread.java:65)
01-10 13:51:41.350190   986  1009 I WindowManager: 	at com.android.server.ServiceThread.run(ServiceThread.java:46)
01-10 13:51:41.367618   986  1086 D WifiService: New client listening to asynchronous messages
01-10 13:51:41.419419   986  1009 I WindowManager: performEnableScreen: mDisplayEnabled=false mForceDisplayEnabled=false mShowingBootMessages=false mSystemBooted=true mOnlyCore=false
01-10 13:51:41.419419   986  1009 I WindowManager: java.lang.RuntimeException: here
01-10 13:51:41.419419   986  1009 I WindowManager: 	at com.android.server.wm.WindowManagerService.performEnableScreen(WindowManagerService.java:3556)
01-10 13:51:41.419419   986  1009 I WindowManager: 	at com.android.server.wm.WindowManagerService.-wrap6(Unknown Source:0)
01-10 13:51:41.419419   986  1009 I WindowManager: 	at com.android.server.wm.WindowManagerService$H.handleMessage(WindowManagerService.java:5143)
01-10 13:51:41.419419   986  1009 I WindowManager: 	at android.os.Handler.dispatchMessage(Handler.java:106)
01-10 13:51:41.419419   986  1009 I WindowManager: 	at android.os.Looper.loop(Looper.java:164)
01-10 13:51:41.419419   986  1009 I WindowManager: 	at android.os.HandlerThread.run(HandlerThread.java:65)
01-10 13:51:41.419419   986  1009 I WindowManager: 	at com.android.server.ServiceThread.run(ServiceThread.java:46)
01-10 13:51:41.420600   986  1009 I chatty  : uid=1000(system) android.display identical 1 line
01-10 13:51:41.421326   986  1009 I WindowManager: performEnableScreen: mDisplayEnabled=false mForceDisplayEnabled=false mShowingBootMessages=false mSystemBooted=true mOnlyCore=false
01-10 13:51:41.421326   986  1009 I WindowManager: java.lang.RuntimeException: here
01-10 13:51:41.421326   986  1009 I WindowManager: 	at com.android.server.wm.WindowManagerService.performEnableScreen(WindowManagerService.java:3556)
01-10 13:51:41.421326   986  1009 I WindowManager: 	at com.android.server.wm.WindowManagerService.-wrap6(Unknown Source:0)
01-10 13:51:41.421326   986  1009 I WindowManager: 	at com.android.server.wm.WindowManagerService$H.handleMessage(WindowManagerService.java:5143)
01-10 13:51:41.421326   986  1009 I WindowManager: 	at android.os.Handler.dispatchMessage(Handler.java:106)
01-10 13:51:41.421326   986  1009 I WindowManager: 	at android.os.Looper.loop(Looper.java:164)
01-10 13:51:41.421326   986  1009 I WindowManager: 	at android.os.HandlerThread.run(HandlerThread.java:65)
01-10 13:51:41.421326   986  1009 I WindowManager: 	at com.android.server.ServiceThread.run(ServiceThread.java:46)
01-10 13:51:41.471525  1304  1304 I TelecomFramework: PstnPhoneCapabilitiesNotifier: handleVideoCapabilitesChanged. Video capability - false
01-10 13:51:41.491780   986  1173 I Telecom : PhoneAccountRegistrar: Modify account: [ComponentInfo{com.android.phone/com.android.services.telephony.TelephonyConnectionService}, [****], UserHandle{0}]: TSI.rPA@AA0
01-10 13:51:41.576247   986  1009 W WindowManager: App freeze timeout expired.
01-10 13:51:41.644972  1304  1304 I TelecomFramework: PstnIncomingCallNotifier: Unregistering: Handler (com.mediatek.internal.telephony.MtkGsmCdmaPhone) {ff44624}
01-10 13:51:41.659057   986  1173 I Telecom : PhoneAccountRegistrar: Modify account: [ComponentInfo{com.android.phone/com.android.services.telephony.TelephonyConnectionService}, [****], UserHandle{0}]: TSI.rPA@AA4
01-10 13:51:41.663282  1304  1304 I TelecomFramework: AccountEntry: Registered phoneAccount: [[ ] PhoneAccount: ComponentInfo{com.android.phone/com.android.services.telephony.TelephonyConnectionService}, [****], UserHandle{0} Capabilities: CallProvider MultiUser PlaceEmerg SimSub  Audio Routes: BESW Schemes: tel voicemail  Extras: Bundle[{android.telecom.extra.SUPPORTS_VIDEO_CALLING_FALLBACK=false, android.telecom.extra.EXTRA_PHONE_ACCOUNT_SORT_KEY=0}] GroupId: [****]] with handle: ComponentInfo{com.android.phone/com.android.services.telephony.TelephonyConnectionService}, [****], UserHandle{0}
01-10 13:51:41.663506  1304  1304 I TelecomFramework: PstnIncomingCallNotifier: Registering: Handler (com.mediatek.internal.telephony.MtkGsmCdmaPhone) {ff44624}
01-10 13:51:41.709519   986   986 V MediaRouterService: restoreBluetoothA2dp(false)
01-10 13:51:41.711279   986  1012 D DuraSpeed/DuraSpeedService: [onPlaybackConfigChanged], play music packageNames:[]
01-10 13:51:41.793646  1304  1304 I TelecomFramework: PstnPhoneCapabilitiesNotifier: handleVideoCapabilitesChanged. Video capability - false
01-10 13:51:41.807937   986  1173 I Telecom : PhoneAccountRegistrar: Modify account: [ComponentInfo{com.android.phone/com.android.services.telephony.TelephonyConnectionService}, [****], UserHandle{0}]: TSI.rPA@ABA
01-10 13:51:41.816371  1540  1540 W ContextImpl: Calling a method in the system process without a qualified user: android.app.ContextImpl.startService:1477 android.content.ContextWrapper.startService:650 android.content.ContextWrapper.startService:650 com.mediatek.ppl.PplReceiver.onReceive:65 android.app.ActivityThread.handleReceiver:3228 
01-10 13:51:41.835945  1540  1540 W ContextImpl: Calling a method in the system process without a qualified user: android.app.ContextImpl.startService:1477 android.content.ContextWrapper.startService:650 android.content.ContextWrapper.startService:650 com.mediatek.ppl.PplReceiver.onReceive:65 android.app.ActivityThread.handleReceiver:3228 
01-10 13:51:41.874504   986  1002 I WindowManager: Waiting for drawn Window{a04b9b8 u0 StatusBar}: removed=false visible=true mHasSurface=true drawState=1
01-10 13:51:41.877234   986  1058 I WindowManager: Waiting for drawn Window{a04b9b8 u0 StatusBar}: removed=false visible=true mHasSurface=true drawState=1
01-10 13:51:41.878076   986  1009 I WindowManager: performEnableScreen: mDisplayEnabled=false mForceDisplayEnabled=false mShowingBootMessages=false mSystemBooted=true mOnlyCore=false
01-10 13:51:41.878076   986  1009 I WindowManager: java.lang.RuntimeException: here
01-10 13:51:41.878076   986  1009 I WindowManager: 	at com.android.server.wm.WindowManagerService.performEnableScreen(WindowManagerService.java:3556)
01-10 13:51:41.878076   986  1009 I WindowManager: 	at com.android.server.wm.WindowManagerService.-wrap6(Unknown Source:0)
01-10 13:51:41.878076   986  1009 I WindowManager: 	at com.android.server.wm.WindowManagerService$H.handleMessage(WindowManagerService.java:5143)
01-10 13:51:41.878076   986  1009 I WindowManager: 	at android.os.Handler.dispatchMessage(Handler.java:106)
01-10 13:51:41.878076   986  1009 I WindowManager: 	at android.os.Looper.loop(Looper.java:164)
01-10 13:51:41.878076   986  1009 I WindowManager: 	at android.os.HandlerThread.run(HandlerThread.java:65)
01-10 13:51:41.878076   986  1009 I WindowManager: 	at com.android.server.ServiceThread.run(ServiceThread.java:46)
01-10 13:51:41.926097   986  1392 V WindowManager: Changing focus from null to Window{a04b9b8 u0 StatusBar} Callers=com.android.server.wm.WindowManagerService.relayoutWindow:2176 com.android.server.wm.Session.relayout:239 android.view.IWindowSession$Stub.onTransact:286 com.android.server.wm.Session.onTransact:163 
01-10 13:51:41.926570   986  1392 D WindowManager: Input focus has changed to Window{a04b9b8 u0 StatusBar}
01-10 13:51:41.938478   986  1392 I WindowManager: Waiting for drawn Window{a04b9b8 u0 StatusBar}: removed=false visible=true mHasSurface=true drawState=1
01-10 13:51:41.940385   986  1392 I WindowManager: Waiting for drawn Window{a04b9b8 u0 StatusBar}: removed=false visible=true mHasSurface=true drawState=1
01-10 13:51:41.940768   986  1009 I WindowManager: Focus moving from null to Window{a04b9b8 u0 StatusBar}
01-10 13:51:41.941922   986  1009 I WindowManager: performEnableScreen: mDisplayEnabled=false mForceDisplayEnabled=false mShowingBootMessages=false mSystemBooted=true mOnlyCore=false
01-10 13:51:41.941922   986  1009 I WindowManager: java.lang.RuntimeException: here
01-10 13:51:41.941922   986  1009 I WindowManager: 	at com.android.server.wm.WindowManagerService.performEnableScreen(WindowManagerService.java:3556)
01-10 13:51:41.941922   986  1009 I WindowManager: 	at com.android.server.wm.WindowManagerService.-wrap6(Unknown Source:0)
01-10 13:51:41.941922   986  1009 I WindowManager: 	at com.android.server.wm.WindowManagerService$H.handleMessage(WindowManagerService.java:5143)
01-10 13:51:41.941922   986  1009 I WindowManager: 	at android.os.Handler.dispatchMessage(Handler.java:106)
01-10 13:51:41.941922   986  1009 I WindowManager: 	at android.os.Looper.loop(Looper.java:164)
01-10 13:51:41.941922   986  1009 I WindowManager: 	at android.os.HandlerThread.run(HandlerThread.java:65)
01-10 13:51:41.941922   986  1009 I WindowManager: 	at com.android.server.ServiceThread.run(ServiceThread.java:46)
01-10 13:51:41.942690   986  1009 I WindowManager: performEnableScreen: mDisplayEnabled=false mForceDisplayEnabled=false mShowingBootMessages=false mSystemBooted=true mOnlyCore=false
01-10 13:51:41.942690   986  1009 I WindowManager: java.lang.RuntimeException: here
01-10 13:51:41.942690   986  1009 I WindowManager: 	at com.android.server.wm.WindowManagerService.performEnableScreen(WindowManagerService.java:3556)
01-10 13:51:41.942690   986  1009 I WindowManager: 	at com.android.server.wm.WindowManagerService.-wrap6(Unknown Source:0)
01-10 13:51:41.942690   986  1009 I WindowManager: 	at com.android.server.wm.WindowManagerService$H.handleMessage(WindowManagerService.java:5143)
01-10 13:51:41.942690   986  1009 I WindowManager: 	at android.os.Handler.dispatchMessage(Handler.java:106)
01-10 13:51:41.942690   986  1009 I WindowManager: 	at android.os.Looper.loop(Looper.java:164)
01-10 13:51:41.942690   986  1009 I WindowManager: 	at android.os.HandlerThread.run(HandlerThread.java:65)
01-10 13:51:41.942690   986  1009 I WindowManager: 	at com.android.server.ServiceThread.run(ServiceThread.java:46)
01-10 13:51:42.011384   986  1058 I WindowManager: Waiting for drawn Window{a04b9b8 u0 StatusBar}: removed=false visible=true mHasSurface=true drawState=4
01-10 13:51:42.011487   986  1058 D WindowManager: Window drawn win=Window{a04b9b8 u0 StatusBar}
01-10 13:51:42.011531   986  1058 D WindowManager: All windows drawn!
01-10 13:51:42.014341   986  1009 I WindowManager: performEnableScreen: mDisplayEnabled=false mForceDisplayEnabled=false mShowingBootMessages=false mSystemBooted=true mOnlyCore=false
01-10 13:51:42.014341   986  1009 I WindowManager: java.lang.RuntimeException: here
01-10 13:51:42.014341   986  1009 I WindowManager: 	at com.android.server.wm.WindowManagerService.performEnableScreen(WindowManagerService.java:3556)
01-10 13:51:42.014341   986  1009 I WindowManager: 	at com.android.server.wm.WindowManagerService.-wrap6(Unknown Source:0)
01-10 13:51:42.014341   986  1009 I WindowManager: 	at com.android.server.wm.WindowManagerService$H.handleMessage(WindowManagerService.java:5143)
01-10 13:51:42.014341   986  1009 I WindowManager: 	at android.os.Handler.dispatchMessage(Handler.java:106)
01-10 13:51:42.014341   986  1009 I WindowManager: 	at android.os.Looper.loop(Looper.java:164)
01-10 13:51:42.014341   986  1009 I WindowManager: 	at android.os.HandlerThread.run(HandlerThread.java:65)
01-10 13:51:42.014341   986  1009 I WindowManager: 	at com.android.server.ServiceThread.run(ServiceThread.java:46)
01-10 13:51:42.014640   986  1009 I WindowManager: ******** booted=true msg=false haveBoot=false haveApp=false haveWall=true wallEnabled=true haveKeyguard=false
01-10 13:51:42.015968   986  1009 I WindowManager: performEnableScreen: mDisplayEnabled=false mForceDisplayEnabled=false mShowingBootMessages=false mSystemBooted=true mOnlyCore=false
01-10 13:51:42.015968   986  1009 I WindowManager: java.lang.RuntimeException: here
01-10 13:51:42.015968   986  1009 I WindowManager: 	at com.android.server.wm.WindowManagerService.performEnableScreen(WindowManagerService.java:3556)
01-10 13:51:42.015968   986  1009 I WindowManager: 	at com.android.server.wm.WindowManagerService.-wrap6(Unknown Source:0)
01-10 13:51:42.015968   986  1009 I WindowManager: 	at com.android.server.wm.WindowManagerService$H.handleMessage(WindowManagerService.java:5143)
01-10 13:51:42.015968   986  1009 I WindowManager: 	at android.os.Handler.dispatchMessage(Handler.java:106)
01-10 13:51:42.015968   986  1009 I WindowManager: 	at android.os.Looper.loop(Looper.java:164)
01-10 13:51:42.015968   986  1009 I WindowManager: 	at android.os.HandlerThread.run(HandlerThread.java:65)
01-10 13:51:42.015968   986  1009 I WindowManager: 	at com.android.server.ServiceThread.run(ServiceThread.java:46)
01-10 13:51:42.016079   986  1009 I WindowManager: ******** booted=true msg=false haveBoot=false haveApp=false haveWall=true wallEnabled=true haveKeyguard=false
01-10 13:51:42.019256   986  1009 I WindowManager: performEnableScreen: mDisplayEnabled=false mForceDisplayEnabled=false mShowingBootMessages=false mSystemBooted=true mOnlyCore=false
01-10 13:51:42.019256   986  1009 I WindowManager: java.lang.RuntimeException: here
01-10 13:51:42.019256   986  1009 I WindowManager: 	at com.android.server.wm.WindowManagerService.performEnableScreen(WindowManagerService.java:3556)
01-10 13:51:42.019256   986  1009 I WindowManager: 	at com.android.server.wm.WindowManagerService.-wrap6(Unknown Source:0)
01-10 13:51:42.019256   986  1009 I WindowManager: 	at com.android.server.wm.WindowManagerService$H.handleMessage(WindowManagerService.java:5143)
01-10 13:51:42.019256   986  1009 I WindowManager: 	at android.os.Handler.dispatchMessage(Handler.java:106)
01-10 13:51:42.019256   986  1009 I WindowManager: 	at android.os.Looper.loop(Looper.java:164)
01-10 13:51:42.019256   986  1009 I WindowManager: 	at android.os.HandlerThread.run(HandlerThread.java:65)
01-10 13:51:42.019256   986  1009 I WindowManager: 	at com.android.server.ServiceThread.run(ServiceThread.java:46)
01-10 13:51:42.019386   986  1009 I WindowManager: ******** booted=true msg=false haveBoot=false haveApp=false haveWall=true wallEnabled=true haveKeyguard=true
01-10 13:51:42.022177   986  1009 I WindowManager: checkBootAnimationComplete: Waiting for anim complete
01-10 13:51:42.022261   986  1009 I WindowManager: performEnableScreen: Waiting for anim complete
01-10 13:51:42.023302   986  1009 I WindowManager: performEnableScreen: mDisplayEnabled=false mForceDisplayEnabled=false mShowingBootMessages=false mSystemBooted=true mOnlyCore=false
01-10 13:51:42.023302   986  1009 I WindowManager: java.lang.RuntimeException: here
01-10 13:51:42.023302   986  1009 I WindowManager: 	at com.android.server.wm.WindowManagerService.performEnableScreen(WindowManagerService.java:3556)
01-10 13:51:42.023302   986  1009 I WindowManager: 	at com.android.server.wm.WindowManagerService.-wrap6(Unknown Source:0)
01-10 13:51:42.023302   986  1009 I WindowManager: 	at com.android.server.wm.WindowManagerService$H.handleMessage(WindowManagerService.java:5143)
01-10 13:51:42.023302   986  1009 I WindowManager: 	at android.os.Handler.dispatchMessage(Handler.java:106)
01-10 13:51:42.023302   986  1009 I WindowManager: 	at android.os.Looper.loop(Looper.java:164)
01-10 13:51:42.023302   986  1009 I WindowManager: 	at android.os.HandlerThread.run(HandlerThread.java:65)
01-10 13:51:42.023302   986  1009 I WindowManager: 	at com.android.server.ServiceThread.run(ServiceThread.java:46)
01-10 13:51:42.023495   986  1009 I WindowManager: ******** booted=true msg=false haveBoot=false haveApp=false haveWall=true wallEnabled=true haveKeyguard=true
01-10 13:51:42.023599   986  1009 I WindowManager: checkBootAnimationComplete: Waiting for anim complete
01-10 13:51:42.023655   986  1009 I WindowManager: performEnableScreen: Waiting for anim complete
01-10 13:51:42.024138   986  1009 I WindowManager: performEnableScreen: mDisplayEnabled=false mForceDisplayEnabled=false mShowingBootMessages=false mSystemBooted=true mOnlyCore=false
01-10 13:51:42.024138   986  1009 I WindowManager: java.lang.RuntimeException: here
01-10 13:51:42.024138   986  1009 I WindowManager: 	at com.android.server.wm.WindowManagerService.performEnableScreen(WindowManagerService.java:3556)
01-10 13:51:42.024138   986  1009 I WindowManager: 	at com.android.server.wm.WindowManagerService.-wrap6(Unknown Source:0)
01-10 13:51:42.024138   986  1009 I WindowManager: 	at com.android.server.wm.WindowManagerService$H.handleMessage(WindowManagerService.java:5143)
01-10 13:51:42.024138   986  1009 I WindowManager: 	at android.os.Handler.dispatchMessage(Handler.java:106)
01-10 13:51:42.024138   986  1009 I WindowManager: 	at android.os.Looper.loop(Looper.java:164)
01-10 13:51:42.024138   986  1009 I WindowManager: 	at android.os.HandlerThread.run(HandlerThread.java:65)
01-10 13:51:42.024138   986  1009 I WindowManager: 	at com.android.server.ServiceThread.run(ServiceThread.java:46)
01-10 13:51:42.024226   986  1009 I WindowManager: ******** booted=true msg=false haveBoot=false haveApp=false haveWall=true wallEnabled=true haveKeyguard=true
01-10 13:51:42.024334   986  1009 I WindowManager: checkBootAnimationComplete: Waiting for anim complete
01-10 13:51:42.024348   986  1009 I WindowManager: performEnableScreen: Waiting for anim complete
01-10 13:51:42.025124   986  1009 I WindowManager: performEnableScreen: mDisplayEnabled=false mForceDisplayEnabled=false mShowingBootMessages=false mSystemBooted=true mOnlyCore=false
01-10 13:51:42.025124   986  1009 I WindowManager: java.lang.RuntimeException: here
01-10 13:51:42.025124   986  1009 I WindowManager: 	at com.android.server.wm.WindowManagerService.performEnableScreen(WindowManagerService.java:3556)
01-10 13:51:42.025124   986  1009 I WindowManager: 	at com.android.server.wm.WindowManagerService.-wrap6(Unknown Source:0)
01-10 13:51:42.025124   986  1009 I WindowManager: 	at com.android.server.wm.WindowManagerService$H.handleMessage(WindowManagerService.java:5143)
01-10 13:51:42.025124   986  1009 I WindowManager: 	at android.os.Handler.dispatchMessage(Handler.java:106)
01-10 13:51:42.025124   986  1009 I WindowManager: 	at android.os.Looper.loop(Looper.java:164)
01-10 13:51:42.025124   986  1009 I WindowManager: 	at android.os.HandlerThread.run(HandlerThread.java:65)
01-10 13:51:42.025124   986  1009 I WindowManager: 	at com.android.server.ServiceThread.run(ServiceThread.java:46)
01-10 13:51:42.025283   986  1009 I WindowManager: ******** booted=true msg=false haveBoot=false haveApp=false haveWall=true wallEnabled=true haveKeyguard=true
01-10 13:51:42.025358   986  1009 I WindowManager: checkBootAnimationComplete: Waiting for anim complete
01-10 13:51:42.025371   986  1009 I WindowManager: performEnableScreen: Waiting for anim complete
01-10 13:51:42.025817   986  1009 I WindowManager: performEnableScreen: mDisplayEnabled=false mForceDisplayEnabled=false mShowingBootMessages=false mSystemBooted=true mOnlyCore=false
01-10 13:51:42.025817   986  1009 I WindowManager: java.lang.RuntimeException: here
01-10 13:51:42.025817   986  1009 I WindowManager: 	at com.android.server.wm.WindowManagerService.performEnableScreen(WindowManagerService.java:3556)
01-10 13:51:42.025817   986  1009 I WindowManager: 	at com.android.server.wm.WindowManagerService.-wrap6(Unknown Source:0)
01-10 13:51:42.025817   986  1009 I WindowManager: 	at com.android.server.wm.WindowManagerService$H.handleMessage(WindowManagerService.java:5143)
01-10 13:51:42.025817   986  1009 I WindowManager: 	at android.os.Handler.dispatchMessage(Handler.java:106)
01-10 13:51:42.025817   986  1009 I WindowManager: 	at android.os.Looper.loop(Looper.java:164)
01-10 13:51:42.025817   986  1009 I WindowManager: 	at android.os.HandlerThread.run(HandlerThread.java:65)
01-10 13:51:42.025817   986  1009 I WindowManager: 	at com.android.server.ServiceThread.run(ServiceThread.java:46)
01-10 13:51:42.025942   986  1009 I WindowManager: ******** booted=true msg=false haveBoot=false haveApp=false haveWall=true wallEnabled=true haveKeyguard=true
01-10 13:51:42.026002   986  1009 I WindowManager: checkBootAnimationComplete: Waiting for anim complete
01-10 13:51:42.026015   986  1009 I WindowManager: performEnableScreen: Waiting for anim complete
01-10 13:51:42.057778  1126  1126 I EmergencyButton: ss.getState()=1 ss.isEmergencyOnly()=false for simId=0
01-10 13:51:42.096113  1126  1126 I EmergencyButton: ss.getState()=1 ss.isEmergencyOnly()=true for simId=0
01-10 13:51:42.110400  1304  1304 D MccTable: updateMccMncConfiguration mccmnc='46001' fromServiceState=true
01-10 13:51:42.111550  1304  1304 D MccTable: updateMccMncConfiguration defaultMccMnc=
01-10 13:51:42.111683  1304  1304 D MccTable: updateMccMncConfiguration: mcc=460, mnc=1
01-10 13:51:42.111771  1304  1304 D MccTable: WIFI_COUNTRY_CODE set to cn
01-10 13:51:42.116330   986  1339 I WifiService: WifiService trying to set country code to cn with persist set to false
01-10 13:51:42.119553  1126  1126 I EmergencyButton: ss.getState()=1 ss.isEmergencyOnly()=true for simId=0
01-10 13:51:42.179781   986  1009 I WindowManager: performEnableScreen: mDisplayEnabled=false mForceDisplayEnabled=false mShowingBootMessages=false mSystemBooted=true mOnlyCore=false
01-10 13:51:42.179781   986  1009 I WindowManager: java.lang.RuntimeException: here
01-10 13:51:42.179781   986  1009 I WindowManager: 	at com.android.server.wm.WindowManagerService.performEnableScreen(WindowManagerService.java:3556)
01-10 13:51:42.179781   986  1009 I WindowManager: 	at com.android.server.wm.WindowManagerService.-wrap6(Unknown Source:0)
01-10 13:51:42.179781   986  1009 I WindowManager: 	at com.android.server.wm.WindowManagerService$H.handleMessage(WindowManagerService.java:5143)
01-10 13:51:42.179781   986  1009 I WindowManager: 	at android.os.Handler.dispatchMessage(Handler.java:106)
01-10 13:51:42.179781   986  1009 I WindowManager: 	at android.os.Looper.loop(Looper.java:164)
01-10 13:51:42.179781   986  1009 I WindowManager: 	at android.os.HandlerThread.run(HandlerThread.java:65)
01-10 13:51:42.179781   986  1009 I WindowManager: 	at com.android.server.ServiceThread.run(ServiceThread.java:46)
01-10 13:51:42.180014   986  1009 I WindowManager: ******** booted=true msg=false haveBoot=false haveApp=false haveWall=true wallEnabled=true haveKeyguard=true
01-10 13:51:42.180104   986  1009 I WindowManager: checkBootAnimationComplete: Waiting for anim complete
01-10 13:51:42.180121   986  1009 I WindowManager: performEnableScreen: Waiting for anim complete
01-10 13:51:42.184634  1304  1304 I TelecomFramework: PstnIncomingCallNotifier: Unregistering: Handler (com.mediatek.internal.telephony.MtkGsmCdmaPhone) {ff44624}
01-10 13:51:42.206740   986  1339 I Telecom : PhoneAccountRegistrar: Modify account: [ComponentInfo{com.android.phone/com.android.services.telephony.TelephonyConnectionService}, [****], UserHandle{0}]: TSI.rPA@ABY
01-10 13:51:42.210330  1304  1304 I TelecomFramework: AccountEntry: Registered phoneAccount: [[ ] PhoneAccount: ComponentInfo{com.android.phone/com.android.services.telephony.TelephonyConnectionService}, [****], UserHandle{0} Capabilities: CallProvider MultiUser PlaceEmerg SimSub  Audio Routes: BESW Schemes: tel voicemail  Extras: Bundle[{android.telecom.extra.SUPPORTS_VIDEO_CALLING_FALLBACK=false, android.telecom.extra.EXTRA_PHONE_ACCOUNT_SORT_KEY=0}] GroupId: [****]] with handle: ComponentInfo{com.android.phone/com.android.services.telephony.TelephonyConnectionService}, [****], UserHandle{0}
01-10 13:51:42.210680  1304  1304 I TelecomFramework: PstnIncomingCallNotifier: Registering: Handler (com.mediatek.internal.telephony.MtkGsmCdmaPhone) {ff44624}
01-10 13:51:42.231833  1304  1304 I TelecomFramework: PstnPhoneCapabilitiesNotifier: handleVideoCapabilitesChanged. Video capability - false
01-10 13:51:42.242633   986  1009 I WindowManager: performEnableScreen: mDisplayEnabled=false mForceDisplayEnabled=false mShowingBootMessages=false mSystemBooted=true mOnlyCore=false
01-10 13:51:42.242633   986  1009 I WindowManager: java.lang.RuntimeException: here
01-10 13:51:42.242633   986  1009 I WindowManager: 	at com.android.server.wm.WindowManagerService.performEnableScreen(WindowManagerService.java:3556)
01-10 13:51:42.242633   986  1009 I WindowManager: 	at com.android.server.wm.WindowManagerService.-wrap6(Unknown Source:0)
01-10 13:51:42.242633   986  1009 I WindowManager: 	at com.android.server.wm.WindowManagerService$H.handleMessage(WindowManagerService.java:5143)
01-10 13:51:42.242633   986  1009 I WindowManager: 	at android.os.Handler.dispatchMessage(Handler.java:106)
01-10 13:51:42.242633   986  1009 I WindowManager: 	at android.os.Looper.loop(Looper.java:164)
01-10 13:51:42.242633   986  1009 I WindowManager: 	at android.os.HandlerThread.run(HandlerThread.java:65)
01-10 13:51:42.242633   986  1009 I WindowManager: 	at com.android.server.ServiceThread.run(ServiceThread.java:46)
01-10 13:51:42.243675   986  1009 I WindowManager: performEnableScreen: mDisplayEnabled=false mForceDisplayEnabled=false mShowingBootMessages=false mSystemBooted=true mOnlyCore=false
01-10 13:51:42.243675   986  1009 I WindowManager: java.lang.RuntimeException: here
01-10 13:51:42.243675   986  1009 I WindowManager: 	at com.android.server.wm.WindowManagerService.performEnableScreen(WindowManagerService.java:3556)
01-10 13:51:42.243675   986  1009 I WindowManager: 	at com.android.server.wm.WindowManagerService.-wrap6(Unknown Source:0)
01-10 13:51:42.243675   986  1009 I WindowManager: 	at com.android.server.wm.WindowManagerService$H.handleMessage(WindowManagerService.java:5143)
01-10 13:51:42.243675   986  1009 I WindowManager: 	at android.os.Handler.dispatchMessage(Handler.java:106)
01-10 13:51:42.243675   986  1009 I WindowManager: 	at android.os.Looper.loop(Looper.java:164)
01-10 13:51:42.243675   986  1009 I WindowManager: 	at android.os.HandlerThread.run(HandlerThread.java:65)
01-10 13:51:42.243675   986  1009 I WindowManager: 	at com.android.server.ServiceThread.run(ServiceThread.java:46)
01-10 13:51:42.255276   986   997 I Telecom : PhoneAccountRegistrar: Modify account: [ComponentInfo{com.android.phone/com.android.services.telephony.TelephonyConnectionService}, [****], UserHandle{0}]: TSI.rPA@ABg
01-10 13:51:42.267536   986  1009 I WindowManager: performEnableScreen: mDisplayEnabled=false mForceDisplayEnabled=false mShowingBootMessages=false mSystemBooted=true mOnlyCore=false
01-10 13:51:42.267536   986  1009 I WindowManager: java.lang.RuntimeException: here
01-10 13:51:42.267536   986  1009 I WindowManager: 	at com.android.server.wm.WindowManagerService.performEnableScreen(WindowManagerService.java:3556)
01-10 13:51:42.267536   986  1009 I WindowManager: 	at com.android.server.wm.WindowManagerService.-wrap6(Unknown Source:0)
01-10 13:51:42.267536   986  1009 I WindowManager: 	at com.android.server.wm.WindowManagerService$H.handleMessage(WindowManagerService.java:5143)
01-10 13:51:42.267536   986  1009 I WindowManager: 	at android.os.Handler.dispatchMessage(Handler.java:106)
01-10 13:51:42.267536   986  1009 I WindowManager: 	at android.os.Looper.loop(Looper.java:164)
01-10 13:51:42.267536   986  1009 I WindowManager: 	at android.os.HandlerThread.run(HandlerThread.java:65)
01-10 13:51:42.267536   986  1009 I WindowManager: 	at com.android.server.ServiceThread.run(ServiceThread.java:46)
01-10 13:51:42.270874   986  1009 I WindowManager: performEnableScreen: mDisplayEnabled=false mForceDisplayEnabled=false mShowingBootMessages=false mSystemBooted=true mOnlyCore=false
01-10 13:51:42.270874   986  1009 I WindowManager: java.lang.RuntimeException: here
01-10 13:51:42.270874   986  1009 I WindowManager: 	at com.android.server.wm.WindowManagerService.performEnableScreen(WindowManagerService.java:3556)
01-10 13:51:42.270874   986  1009 I WindowManager: 	at com.android.server.wm.WindowManagerService.-wrap6(Unknown Source:0)
01-10 13:51:42.270874   986  1009 I WindowManager: 	at com.android.server.wm.WindowManagerService$H.handleMessage(WindowManagerService.java:5143)
01-10 13:51:42.270874   986  1009 I WindowManager: 	at android.os.Handler.dispatchMessage(Handler.java:106)
01-10 13:51:42.270874   986  1009 I WindowManager: 	at android.os.Looper.loop(Looper.java:164)
01-10 13:51:42.270874   986  1009 I WindowManager: 	at android.os.HandlerThread.run(HandlerThread.java:65)
01-10 13:51:42.270874   986  1009 I WindowManager: 	at com.android.server.ServiceThread.run(ServiceThread.java:46)
01-10 13:51:42.271002   986  1009 I WindowManager: ******** booted=true msg=false haveBoot=false haveApp=false haveWall=true wallEnabled=true haveKeyguard=true
01-10 13:51:42.271079   986  1009 I WindowManager: checkBootAnimationComplete: Waiting for anim complete
01-10 13:51:42.271102   986  1009 I WindowManager: performEnableScreen: Waiting for anim complete
01-10 13:51:42.271514   986  1009 I WindowManager: performEnableScreen: mDisplayEnabled=false mForceDisplayEnabled=false mShowingBootMessages=false mSystemBooted=true mOnlyCore=false
01-10 13:51:42.271514   986  1009 I WindowManager: java.lang.RuntimeException: here
01-10 13:51:42.271514   986  1009 I WindowManager: 	at com.android.server.wm.WindowManagerService.performEnableScreen(WindowManagerService.java:3556)
01-10 13:51:42.271514   986  1009 I WindowManager: 	at com.android.server.wm.WindowManagerService.-wrap6(Unknown Source:0)
01-10 13:51:42.271514   986  1009 I WindowManager: 	at com.android.server.wm.WindowManagerService$H.handleMessage(WindowManagerService.java:5143)
01-10 13:51:42.271514   986  1009 I WindowManager: 	at android.os.Handler.dispatchMessage(Handler.java:106)
01-10 13:51:42.271514   986  1009 I WindowManager: 	at android.os.Looper.loop(Looper.java:164)
01-10 13:51:42.271514   986  1009 I WindowManager: 	at android.os.HandlerThread.run(HandlerThread.java:65)
01-10 13:51:42.271514   986  1009 I WindowManager: 	at com.android.server.ServiceThread.run(ServiceThread.java:46)
01-10 13:51:42.271618   986  1009 I WindowManager: ******** booted=true msg=false haveBoot=false haveApp=false haveWall=true wallEnabled=true haveKeyguard=true
01-10 13:51:42.271711   986  1009 I WindowManager: checkBootAnimationComplete: Waiting for anim complete
01-10 13:51:42.271730   986  1009 I WindowManager: performEnableScreen: Waiting for anim complete
01-10 13:51:42.279219  1126  1126 I EmergencyButton: ss.getState()=1 ss.isEmergencyOnly()=true for simId=0
01-10 13:51:42.279847   986  1009 I WindowManager: performEnableScreen: mDisplayEnabled=false mForceDisplayEnabled=false mShowingBootMessages=false mSystemBooted=true mOnlyCore=false
01-10 13:51:42.279847   986  1009 I WindowManager: java.lang.RuntimeException: here
01-10 13:51:42.279847   986  1009 I WindowManager: 	at com.android.server.wm.WindowManagerService.performEnableScreen(WindowManagerService.java:3556)
01-10 13:51:42.279847   986  1009 I WindowManager: 	at com.android.server.wm.WindowManagerService.-wrap6(Unknown Source:0)
01-10 13:51:42.279847   986  1009 I WindowManager: 	at com.android.server.wm.WindowManagerService$H.handleMessage(WindowManagerService.java:5143)
01-10 13:51:42.279847   986  1009 I WindowManager: 	at android.os.Handler.dispatchMessage(Handler.java:106)
01-10 13:51:42.279847   986  1009 I WindowManager: 	at android.os.Looper.loop(Looper.java:164)
01-10 13:51:42.279847   986  1009 I WindowManager: 	at android.os.HandlerThread.run(HandlerThread.java:65)
01-10 13:51:42.279847   986  1009 I WindowManager: 	at com.android.server.ServiceThread.run(ServiceThread.java:46)
01-10 13:51:42.279992   986  1009 I WindowManager: ******** booted=true msg=false haveBoot=false haveApp=false haveWall=true wallEnabled=true haveKeyguard=true
01-10 13:51:42.280078   986  1009 I WindowManager: checkBootAnimationComplete: Animation complete!
01-10 13:51:42.280558   986  1009 I WindowManager: ******* TELLING SURFACE FLINGER WE ARE BOOTED!
01-10 13:51:42.288193   986  1009 I WindowManager: ******************** ENABLING SCREEN!
01-10 13:51:42.288256   986  1009 V WindowManager: Setting event dispatching to true
01-10 13:51:42.290431   986  1009 I SystemServiceManager: Starting phase 1000
01-10 13:51:42.291882   986  1009 D BluetoothManagerService: Bluetooth boot completed
01-10 13:51:42.291923   986  1000 D DataShapingService: onParoleStateChanged is true
01-10 13:51:42.292109   986  1110 D GateOpenLockedState: [onAPPStandbyStateChanged] APPStandby parole state is =true
01-10 13:51:42.293089   986  1007 I UsbDeviceManager: Setting USB config to adb
01-10 13:51:42.294465   986  1009 V ActivityManager: broadcast BOOT_COMPLETED intent
01-10 13:51:42.296421   986   986 D DataShapingService: received broadcast, action is: android.hardware.usb.action.USB_STATE
01-10 13:51:42.296637   986  1110 D DataShapingService: [handleMessage] msg_usb_state_changed
01-10 13:51:42.296761   986  1110 D DataShapingUtils: [isUsbConnectedIntent] isUsbConnected: true,mIsUsbConnected:true
01-10 13:51:42.299031  1126  1126 I EmergencyButton: ss.getState()=1 ss.isEmergencyOnly()=true for simId=0
01-10 13:51:42.301062   986  1009 D ActivityManager: Finishing user boot 0
01-10 13:51:42.301256   986  1009 I ActivityManager: User 0 state changed from BOOTING to RUNNING_LOCKED
01-10 13:51:42.302957   986  1009 D StorageManagerService: Setting property: sys.user.0.ce_available=true
01-10 13:51:42.303657   986  1009 I ActivityManager: User 0 state changed from RUNNING_LOCKED to RUNNING_UNLOCKING
01-10 13:51:42.304073   986  1009 D CryptdConnector: SND -> {6 cryptfs prepare_user_storage ! 0 0 2}
01-10 13:51:42.304809   367   374 D vold    : e4crypt_prepare_user_storage for volume null, user 0, serial 0, flags 2
01-10 13:51:42.304966   367   374 D vold    : Preparing: /data/system_ce/0
01-10 13:51:42.305080   367   374 D vold    : Preparing: /data/misc_ce/0
01-10 13:51:42.305110   367   374 D vold    : Preparing: /data/media/0
01-10 13:51:42.305149   367   374 D vold    : Preparing: /data/data
01-10 13:51:42.305317   986  1076 D CryptdConnector: RCV <- {200 6 Command succeeded}
01-10 13:51:42.306356   986  1009 V UserDataPreparer: Found /data/user/0 with serial number 0
01-10 13:51:42.306481   986  1009 V UserDataPreparer: Found /data/system_ce/0 with serial number 0
01-10 13:51:42.306949   986  1009 V PackageManager: reconcileAppsData for null u0 0x2 migrateAppData=false
01-10 13:51:42.312525  1126  1126 I EmergencyButton: ss.getState()=1 ss.isEmergencyOnly()=true for simId=0
01-10 13:51:42.381367  1126  1126 I EmergencyButton: ss.getState()=1 ss.isEmergencyOnly()=true for simId=0
01-10 13:51:42.552388   986  1009 V PackageManager: reconcileAppsData finished 133 packages
01-10 13:51:42.555165   986  1001 I SystemServiceManager: Calling onUnlockUser u0
01-10 13:51:42.555496   986  1001 D BluetoothManagerService: User 0 unlocked
01-10 13:51:42.555655   986  1001 D StorageManagerService: onUnlockUser 0
01-10 13:51:42.555771   986  1001 D VoldConnector: SND -> {7 volume user_started 0}
01-10 13:51:42.556902   367   373 D vold    : Linking /storage/emulated/0 to /mnt/user/0/primary
01-10 13:51:42.557688   986  1075 D VoldConnector: RCV <- {200 7 Command succeeded}
01-10 13:51:42.558398   986  1008 D BluetoothManagerService: MESSAGE_USER_UNLOCKED
01-10 13:51:42.563349   986  1074 D StorageManagerService: Volume emulated broadcasting mounted to UserHandle{0}
01-10 13:51:42.575583  1126  1126 I EmergencyButton: ss.getState()=1 ss.isEmergencyOnly()=true for simId=0
01-10 13:51:42.588337   986   986 I ActivityManager: Start proc 1625:com.android.deskclock/1000 for broadcast com.android.deskclock/.AlarmInitReceiver
01-10 13:51:42.590534   986  1009 D DL-PowerManagerService: isBatteryCoverOpen
01-10 13:51:42.594686   986  1009 I WindowManager: CHECK_IF_BOOT_ANIMATION_FINISHED:
01-10 13:51:42.594882   986  1009 I WindowManager: checkBootAnimationComplete: Animation complete!
01-10 13:51:42.595306   986  1009 I WindowManager: performEnableScreen: mDisplayEnabled=true mForceDisplayEnabled=false mShowingBootMessages=false mSystemBooted=true mOnlyCore=false
01-10 13:51:42.595306   986  1009 I WindowManager: java.lang.RuntimeException: here
01-10 13:51:42.595306   986  1009 I WindowManager: 	at com.android.server.wm.WindowManagerService.performEnableScreen(WindowManagerService.java:3556)
01-10 13:51:42.595306   986  1009 I WindowManager: 	at com.android.server.wm.WindowManagerService.-wrap6(Unknown Source:0)
01-10 13:51:42.595306   986  1009 I WindowManager: 	at com.android.server.wm.WindowManagerService$H.handleMessage(WindowManagerService.java:5344)
01-10 13:51:42.595306   986  1009 I WindowManager: 	at android.os.Handler.dispatchMessage(Handler.java:106)
01-10 13:51:42.595306   986  1009 I WindowManager: 	at android.os.Looper.loop(Looper.java:164)
01-10 13:51:42.595306   986  1009 I WindowManager: 	at android.os.HandlerThread.run(HandlerThread.java:65)
01-10 13:51:42.595306   986  1009 I WindowManager: 	at com.android.server.ServiceThread.run(ServiceThread.java:46)
01-10 13:51:42.597833   986  1001 I BackupManagerService: Instantiating BackupManagerService
01-10 13:51:42.604045   986  1094 D MtkConnectivityService: Got NetworkFactory Messenger for WIFI
01-10 13:51:42.604291   986  1094 D MtkConnectivityService: Got NetworkFactory Messenger for WIFI_UT
01-10 13:51:42.605284   986  1093 D WifiP2pService: P2pDisabledState{ when=0 what=69633 target=com.android.internal.util.StateMachine$SmHandler }
01-10 13:51:42.605367   986  1093 D WifiP2pService: DefaultState{ when=0 what=69633 target=com.android.internal.util.StateMachine$SmHandler }
01-10 13:51:42.605514   986  1093 D WifiP2pService: P2pDisabledState{ when=-1ms what=69632 obj=com.android.server.wifi.util.WifiAsyncChannel@7393d98 target=com.android.internal.util.StateMachine$SmHandler }
01-10 13:51:42.605543   986  1093 D WifiP2pService: DefaultState{ when=-1ms what=69632 obj=com.android.server.wifi.util.WifiAsyncChannel@7393d98 target=com.android.internal.util.StateMachine$SmHandler }
01-10 13:51:42.605598   986  1093 D WifiP2pService: Full connection with WifiStateMachine established
01-10 13:51:42.616673   986  1001 V BackupManagerService: No ancestral data
01-10 13:51:42.636068   986  1001 I BackupManagerService: Package com.mobiiot.MaiduQ0.test not installed; dropping from full backup
01-10 13:51:42.636295   986  1001 I BackupManagerService: Package com.mobiiot.MaiduQ0 not installed; dropping from full backup
01-10 13:51:42.648209   986  1001 V BackupManagerService: Starting with transport android/com.android.internal.backup.LocalTransport
01-10 13:51:42.649481   986  1001 D BackupTransportManager: Binding to transport: android/com.android.internal.backup.LocalTransportService
01-10 13:51:42.652026   986  1001 I BackupManagerService: Backup enabled => false
01-10 13:51:42.658102   986   986 D BackupTransportManager: Bound to transport: android/com.android.internal.backup.LocalTransportService
01-10 13:51:42.662237   986  1001 W SystemServiceManager: Service com.android.server.backup.BackupManagerService$Lifecycle took 72 ms in onUnlockUser 
01-10 13:51:42.662285   986  1630 V KeyValueBackupJob: Scheduling k/v pass in 245 minutes
01-10 13:51:42.662901   986  1001 W VoiceInteractionManagerService: no available voice interaction services found for user 0
01-10 13:51:42.663227   986  1001 W VoiceInteractionManagerService: no available voice recognition services found for user 0
01-10 13:51:42.665252   986  1001 I ActivityManager: Loading recents for user 0 into memory.
01-10 13:51:42.715983   986  1630 I BackupManagerService: Found stale backup journal, scheduling
01-10 13:51:42.720588   986  1001 W ActivityManager: Removing auto-remove without activity: TaskRecord{f18535b #373 A=android.task.mms U=0 StackId=-1 sz=0}
01-10 13:51:42.740045   986  1001 I ActivityManager: Start proc 1645:com.datalogic.dxu/1000 for added application com.datalogic.dxu
01-10 13:51:42.755625   986  1001 I ActivityManager: Start proc 1658:com.android.nfc/1027 for added application com.android.nfc
01-10 13:51:42.769134   986  1007 I AppWidgetServiceImpl: Async processing of onUserUnlocked u0 took 106 ms
01-10 13:51:42.779497   986  1001 I ActivityManager: Start proc 1666:com.datalogic.service/1000 for added application com.datalogic.service
01-10 13:51:42.782392   986  1001 I ActivityManager: User 0 state changed from RUNNING_UNLOCKING to RUNNING_UNLOCKED
01-10 13:51:42.783092   986  1001 I ActivityManager: Sending BOOT_COMPLETE user #0
01-10 13:51:42.806442   986  1001 D AmsExtImpl: onSystemUserUnlock
01-10 13:51:42.806540   986  1001 D DuraSpeed/DuraSpeedService: [onSystemUserUnlock]
01-10 13:51:42.807036   986  1001 D DuraSpeed/DuraSpeedInternalManager: startDuraSpeedApp
01-10 13:51:42.823795   986  1000 I ActivityManager: Start proc 1684:com.android.printspooler/u0a62 for service com.android.printspooler/.model.PrintSpoolerService
01-10 13:51:42.844294   986   986 V NotificationListeners: enabling notification listener for 0: ComponentInfo{com.android.launcher3/com.android.launcher3.notification.NotificationListener}
01-10 13:51:42.869646   986  1224 I ActivityManager: Start proc 1706:com.android.smspush/u0a69 for service com.android.smspush/.WapPushManager
01-10 13:51:42.878411   986   986 V NotificationListeners: binding: Intent { act=android.service.notification.NotificationListenerService cmp=com.android.launcher3/.notification.NotificationListener (has extras) }
01-10 13:51:42.903144   986   986 I ActivityManager: Start proc 1721:com.android.launcher3/u0a18 for service com.android.launcher3/.notification.NotificationListener
01-10 13:51:42.903506   986   986 V NotificationListeners: enabling notification listener for 0: ComponentInfo{com.gears42.surelock/com.gears42.surelock.service.NotificationListService}
01-10 13:51:42.903970   986   986 V NotificationListeners: binding: Intent { act=android.service.notification.NotificationListenerService cmp=com.gears42.surelock/.service.NotificationListService (has extras) }
