01-10 14:01:03.498564   986  1012 D DuraSpeed/DuraSpeedInternalManager: switchState, is activity pause, do noting.
01-10 14:01:03.530507   986  1012 D DuraSpeed/DuraSpeedService: [onPlaybackConfigChanged], play music packageNames:[com.android.music]
01-10 14:01:03.531319   986  1012 D DuraSpeed/DSPolicyFactory: packageName: android, delay about 561819ms by now
01-10 14:01:03.695379   986  1050 D IdleScreen: activityIdleScreen: android.app.ContextImpl@4c1bb2e mNotifyNeeded: false idleIntent: Intent { cmp=com.android.email/.activity.setup.AccountSetupFinal (has extras) }
01-10 14:01:03.705853   986  1050 D IdleScreen: activityIdleScreen: android.app.ContextImpl@4c1bb2e mNotifyNeeded: false idleIntent: Intent { flg=0x10000000 cmp=com.gears42.surelock/.permissions_screens.SureLockPermissionsListStatusActivity (has extras) }
01-10 14:01:04.077876   986  1012 D DuraSpeed/DuraSpeedService: [onPlaybackConfigChanged], play music packageNames:[com.android.music, com.android.systemui]
01-10 14:01:04.078210   986  1012 D DuraSpeed/DSPolicyFactory: packageName: android, delay about 562366ms by now
01-10 14:01:04.084912   986  3696 V MediaRouterService: restoreBluetoothA2dp(false)
01-10 14:01:04.086284   986  1012 D DuraSpeed/DuraSpeedService: [onPlaybackConfigChanged], play music packageNames:[com.android.music]
01-10 14:01:04.086473   986  1012 D DuraSpeed/DSPolicyFactory: packageName: android, delay about 562375ms by now
01-10 14:01:04.424329   986  3696 I ActivityManager: START u0 {act=android.intent.action.VIEW dat=content://com.android.eainstaller.provider/files/EADec.apk typ=application/vnd.android.package-archive flg=0x10000003 cmp=com.android.packageinstaller/.InstallStart (has extras)} from uid 10043
01-10 14:01:04.946139   986  1001 W ActivityManager: Activity pause timeout for ActivityRecord{93575a2 u0 com.gears42.surelock/.permissions_screens.SureLockPermissionsListStatusActivity t387}
01-10 14:01:04.948771   986  1012 D DuraSpeed/DSPolicyBase: setCurrentLauncher, currentLauncher = com.android.launcher3
01-10 14:01:04.948864   986  1012 D DuraSpeed/DuraSpeedInternalManager: switchState, currentPackage = com.android.packageinstaller, event = 1004
01-10 14:01:04.948895   986  1012 D DuraSpeed/DuraSpeedInternalManager: switchState, is activity pause, do noting.
01-10 14:01:04.963261   986  1001 I ActivityManager: Start proc 3933:com.android.packageinstaller/u0a19 for activity com.android.packageinstaller/.InstallStart
01-10 14:01:04.979213   986  3696 D DL-PowerManagerService: isBatteryCoverOpen
01-10 14:01:04.985367   986  3696 V WindowManager: Set focused app to: AppWindowToken{419e6b0 token=Token{b4d91ac ActivityRecord{417035f u0 com.android.packageinstaller/.InstallStart t389}}} old focus=AppWindowToken{cca8b52 token=Token{2e6a233 ActivityRecord{93575a2 u0 com.gears42.surelock/.permissions_screens.SureLockPermissionsListStatusActivity t387}}} moveFocusNow=true
01-10 14:01:04.986124   986  3696 V WindowManager: Changing focus from Window{f0029e4 u0 com.gears42.surelock/com.gears42.surelock.permissions_screens.SureLockPermissionsListStatusActivity} to null Callers=com.android.server.wm.WindowManagerService.setFocusedApp:2744 com.android.server.am.ActivityManagerService.setResumedActivityUncheckLocked:3231 com.android.server.am.ActivityStack.setResumedActivityLocked:2284 com.android.server.am.ActivityStack.minimalResumeActivityLocked:1093 
01-10 14:01:04.986294   986  3696 D WindowManager: Input focus has changed to null
01-10 14:01:05.015468   986  1009 I WindowManager: Focus moving from Window{f0029e4 u0 com.gears42.surelock/com.gears42.surelock.permissions_screens.SureLockPermissionsListStatusActivity} to null
01-10 14:01:05.059768   986  3696 V SettingsProvider: packageValueForCallResult, name = null, value : Bundle[{_track_generation=android.util.MemoryIntArray@62, value=null, _generation_index=0, _generation=2}]
01-10 14:01:05.066008   986  1050 I ActivityManager: START u0 {act=android.intent.action.VIEW dat=content://com.android.eainstaller.provider/files/EADec.apk typ=application/vnd.android.package-archive flg=0x2000000 cmp=com.android.packageinstaller/.InstallStaging (has extras)} from uid 10019
01-10 14:01:05.092725   986  3509 D DL-PowerManagerService: isBatteryCoverOpen
01-10 14:01:05.095582   986  3509 V WindowManager: Set focused app to: AppWindowToken{2f2ec74 token=Token{10fb461 ActivityRecord{a57dbc8 u0 com.android.packageinstaller/.InstallStaging t389}}} old focus=AppWindowToken{419e6b0 token=Token{b4d91ac ActivityRecord{417035f u0 com.android.packageinstaller/.InstallStart t389}}} moveFocusNow=true
01-10 14:01:05.163946   986  3696 I WindowManager: Relayout Window{5018e99 u0 com.android.packageinstaller/com.android.packageinstaller.InstallStaging}: oldVis=4 newVis=0 focusMayChange = true
01-10 14:01:05.168807   986  3696 V WindowManager: Changing focus from null to Window{5018e99 u0 com.android.packageinstaller/com.android.packageinstaller.InstallStaging} Callers=com.android.server.wm.WindowManagerService.relayoutWindow:2176 com.android.server.wm.Session.relayout:239 android.view.IWindowSession$Stub.onTransact:286 com.android.server.wm.Session.onTransact:163 
01-10 14:01:05.168995   986  3696 D WindowManager: Input focus has changed to Window{5018e99 u0 com.android.packageinstaller/com.android.packageinstaller.InstallStaging}
01-10 14:01:05.174531   986  1009 I WindowManager: Focus moving from null to Window{5018e99 u0 com.android.packageinstaller/com.android.packageinstaller.InstallStaging}
01-10 14:01:05.179509  3933  3933 W ViewRootImpl[InstallStaging]: Dropping event due to no window focus: KeyEvent { action=ACTION_DOWN, keyCode=KEYCODE_MENU, scanCode=0, metaState=0, flags=0x8, repeatCount=0, eventTime=583194, downTime=583194, deviceId=-1, source=0x101 }
01-10 14:01:05.179939   986  1071 D WindowManager: Unhandled key: win=Window{5018e99 u0 com.android.packageinstaller/com.android.packageinstaller.InstallStaging}, action=0, flags=8, keyCode=82, scanCode=0, metaState=0, repeatCount=0, policyFlags=1795162112
01-10 14:01:05.180009   986  1071 D WindowManager: No fallback.
01-10 14:01:05.182381  3933  3933 W ViewRootImpl[InstallStaging]: Cancelling event due to no window focus: KeyEvent { action=ACTION_UP, keyCode=KEYCODE_MENU, scanCode=0, metaState=0, flags=0x28, repeatCount=0, eventTime=583364, downTime=583364, deviceId=-1, source=0x101 }
01-10 14:01:05.182809  3933  3933 I chatty  : uid=10019(com.android.packageinstaller) identical 4 lines
01-10 14:01:05.182860  3933  3933 W ViewRootImpl[InstallStaging]: Cancelling event due to no window focus: KeyEvent { action=ACTION_UP, keyCode=KEYCODE_MENU, scanCode=0, metaState=0, flags=0x28, repeatCount=0, eventTime=583364, downTime=583364, deviceId=-1, source=0x101 }
01-10 14:01:05.183089   986  1071 D WindowManager: Unhandled key: win=Window{5018e99 u0 com.android.packageinstaller/com.android.packageinstaller.InstallStaging}, action=1, flags=40, keyCode=82, scanCode=0, metaState=0, repeatCount=0, policyFlags=1795162112
01-10 14:01:05.183147   986  1071 D WindowManager: No fallback.
01-10 14:01:05.184949   986   996 I ActivityManager: START u0 {act=android.intent.action.VIEW dat=file:///data/user_de/0/com.android.packageinstaller/no_backup/package5951755726525534173.apk flg=0x10000 cmp=com.android.packageinstaller/.PackageInstallerActivity (has extras)} from uid 10019
01-10 14:01:05.238133   986  3696 D DL-PowerManagerService: isBatteryCoverOpen
01-10 14:01:05.239750   986  3696 V WindowManager: Set focused app to: AppWindowToken{5d996a token=Token{199d3f ActivityRecord{e72855e u0 com.android.packageinstaller/.PackageInstallerActivity t389}}} old focus=AppWindowToken{2f2ec74 token=Token{10fb461 ActivityRecord{a57dbc8 u0 com.android.packageinstaller/.InstallStaging t389}}} moveFocusNow=true
01-10 14:01:05.240375   986  3696 V WindowManager: Changing focus from Window{5018e99 u0 com.android.packageinstaller/com.android.packageinstaller.InstallStaging} to null Callers=com.android.server.wm.WindowManagerService.setFocusedApp:2744 com.android.server.am.ActivityManagerService.setResumedActivityUncheckLocked:3231 com.android.server.am.ActivityStack.setResumedActivityLocked:2284 com.android.server.am.ActivityStack.minimalResumeActivityLocked:1093 
01-10 14:01:05.240488   986  3696 D WindowManager: Input focus has changed to null
01-10 14:01:05.254220   986  1009 I WindowManager: Focus moving from Window{5018e99 u0 com.android.packageinstaller/com.android.packageinstaller.InstallStaging} to null
01-10 14:01:05.277406  3933  3933 W PackageParser: Ignoring duplicate uses-permissions/uses-permissions-sdk-m: android.permission.UPDATE_APP_OPS_STATS in package: com.gears42.enterpriseagent at: Binary XML file line #56
01-10 14:01:05.309079   986   996 V WindowManager: Set focused app to: AppWindowToken{2f2ec74 token=Token{10fb461 ActivityRecord{a57dbc8 u0 com.android.packageinstaller/.InstallStaging t389}}} old focus=AppWindowToken{5d996a token=Token{199d3f ActivityRecord{e72855e u0 com.android.packageinstaller/.PackageInstallerActivity t389}}} moveFocusNow=true
01-10 14:01:05.309718   986   996 V WindowManager: Changing focus from null to Window{5018e99 u0 com.android.packageinstaller/com.android.packageinstaller.InstallStaging} Callers=com.android.server.wm.WindowManagerService.setFocusedApp:2744 com.android.server.am.ActivityManagerService.setResumedActivityUncheckLocked:3231 com.android.server.am.ActivityStack.setResumedActivityLocked:2284 com.android.server.am.ActivityStack.resumeTopActivityInnerLocked:2599 
01-10 14:01:05.309950   986   996 D WindowManager: Input focus has changed to Window{5018e99 u0 com.android.packageinstaller/com.android.packageinstaller.InstallStaging}
01-10 14:01:05.312477   986   996 D DL-PowerManagerService: isBatteryCoverOpen
01-10 14:01:05.313387   986  1009 I WindowManager: Focus moving from null to Window{5018e99 u0 com.android.packageinstaller/com.android.packageinstaller.InstallStaging}
01-10 14:01:05.348185   986  3696 V WindowManager: Changing focus from Window{5018e99 u0 com.android.packageinstaller/com.android.packageinstaller.InstallStaging EXITING} to null Callers=com.android.server.wm.WindowManagerService.relayoutWindow:2176 com.android.server.wm.Session.relayout:239 android.view.IWindowSession$Stub.onTransact:286 com.android.server.wm.Session.onTransact:163 
01-10 14:01:05.348360   986  3696 D WindowManager: Input focus has changed to null
01-10 14:01:05.351025   986  1009 I WindowManager: Focus moving from Window{5018e99 u0 com.android.packageinstaller/com.android.packageinstaller.InstallStaging EXITING} to null
01-10 14:01:05.359441   986  3696 I WindowManager: Relayout Window{5018e99 u0 com.android.packageinstaller/com.android.packageinstaller.InstallStaging EXITING}: oldVis=8 newVis=0 focusMayChange = true
01-10 14:01:05.359672   986  3696 D WindowManager: relayoutVisibleWindow: Window{5018e99 u0 com.android.packageinstaller/com.android.packageinstaller.InstallStaging EXITING} mAnimatingExit=true, mRemoveOnExit=false, mDestroying=false
01-10 14:01:05.368566   986  3696 V WindowManager: Set focused app to: AppWindowToken{cca8b52 token=Token{2e6a233 ActivityRecord{93575a2 u0 com.gears42.surelock/.permissions_screens.SureLockPermissionsListStatusActivity t387}}} old focus=AppWindowToken{2f2ec74 token=Token{10fb461 ActivityRecord{a57dbc8 u0 com.android.packageinstaller/.InstallStaging t389}}} moveFocusNow=true
01-10 14:01:05.369013   986  3696 V WindowManager: Changing focus from null to Window{f0029e4 u0 com.gears42.surelock/com.gears42.surelock.permissions_screens.SureLockPermissionsListStatusActivity} Callers=com.android.server.wm.WindowManagerService.setFocusedApp:2744 com.android.server.am.ActivityManagerService.setResumedActivityUncheckLocked:3231 com.android.server.am.ActivityStack.setResumedActivityLocked:2284 com.android.server.am.ActivityStack.resumeTopActivityInnerLocked:2599 
01-10 14:01:05.369134   986  3696 D WindowManager: Input focus has changed to Window{f0029e4 u0 com.gears42.surelock/com.gears42.surelock.permissions_screens.SureLockPermissionsListStatusActivity}
01-10 14:01:05.370363   986  1012 D DuraSpeed/DSPolicyBase: setCurrentLauncher, currentLauncher = com.android.launcher3
01-10 14:01:05.370508   986  1012 D DuraSpeed/DuraSpeedInternalManager: switchState, currentPackage = com.gears42.surelock, event = 1004
01-10 14:01:05.370546   986  1012 D DuraSpeed/DuraSpeedInternalManager: switchState, is activity pause, do noting.
01-10 14:01:05.373559   986  3696 D DL-PowerManagerService: isBatteryCoverOpen
01-10 14:01:05.374432   986  1009 I WindowManager: Focus moving from null to Window{f0029e4 u0 com.gears42.surelock/com.gears42.surelock.permissions_screens.SureLockPermissionsListStatusActivity}
01-10 14:01:05.591292   986  1058 W WindowManager: Failed looking up window callers=com.android.server.wm.WindowManagerService.windowForClientLocked:5884 com.android.server.wm.WindowManagerService.removeWindow:1737 com.android.server.wm.Session.remove:222 
01-10 14:01:11.208787   986  1071 I WindowManager: Input event dispatching timed out sending to com.gears42.surelock/com.gears42.surelock.permissions_screens.SureLockPermissionsListStatusActivity.  Reason: Waiting to send key event because the focused window has not finished processing all of the input events that were previously delivered to it.  Outbound queue length: 0.  Wait queue length: 10.
01-10 14:01:11.230770   986  3509 W InputManager: Input event injection from pid 3853 timed out.
01-10 14:01:11.264111   986  1001 I AnrManager: startAnrDump
01-10 14:01:11.264405   986  1001 I AnrManager: isANRFlowSkipped() AnrFlow = 0
01-10 14:01:11.264492   986  1001 I AnrManager: enableTraceLog: false
01-10 14:01:11.270308   986  1001 I AnrManager: startAsyncDump: AnrDumpRecord{ Input dispatching timed out (Waiting to send key event because the focused window has not finished processing all of the input events that were previously delivered to it.  Outbound queue length: 0.  Wait queue length: 10.) ProcessRecord{7242d34 1730:com.gears42.surelock/u0a32} IsCompleted:false IsCancelled:false }
01-10 14:01:11.270612   986  1001 I AnrManager: appNotResponding-got this lock: ProcessRecord{7242d34 1730:com.gears42.surelock/u0a32} Input dispatching timed out (Waiting to send key event because the focused window has not finished processing all of the input events that were previously delivered to it.  Outbound queue length: 0.  Wait queue length: 10.),shuttingDown: false,notResponding: false,crashing: false
01-10 14:01:11.271016   986  1001 I AnrManager: dumpAnrDebugInfo begin: AnrDumpRecord{ Input dispatching timed out (Waiting to send key event because the focused window has not finished processing all of the input events that were previously delivered to it.  Outbound queue length: 0.  Wait queue length: 10.) ProcessRecord{7242d34 1730:com.gears42.surelock/u0a32} IsCompleted:false IsCancelled:false }, isAsyncDump = false
01-10 14:01:11.271169   986  1001 I AnrManager: dumpAnrDebugInfoLocked: AnrDumpRecord{ Input dispatching timed out (Waiting to send key event because the focused window has not finished processing all of the input events that were previously delivered to it.  Outbound queue length: 0.  Wait queue length: 10.) ProcessRecord{7242d34 1730:com.gears42.surelock/u0a32} IsCompleted:false IsCancelled:false }, isAsyncDump = false
01-10 14:01:11.277450   986  3989 I AnrManager: sys/kernel/debug/binder/timeout_log isn't exist
01-10 14:01:11.286867   986  1001 I AnrManager: dumpStackTraces begin!
01-10 14:01:11.474928   986  1001 W ProcessCpuTracker: Skipping unknown process pid 3987
01-10 14:01:11.771394   986  1011 I AnrManager: START_ANR_DUMP_MSG: AnrDumpRecord{ Input dispatching timed out (Waiting to send key event because the focused window has not finished processing all of the input events that were previously delivered to it.  Outbound queue length: 0.  Wait queue length: 10.) ProcessRecord{7242d34 1730:com.gears42.surelock/u0a32} IsCompleted:false IsCancelled:false }
01-10 14:01:11.771565   986  1011 I AnrManager: dumpAnrDebugInfo begin: AnrDumpRecord{ Input dispatching timed out (Waiting to send key event because the focused window has not finished processing all of the input events that were previously delivered to it.  Outbound queue length: 0.  Wait queue length: 10.) ProcessRecord{7242d34 1730:com.gears42.surelock/u0a32} IsCompleted:false IsCancelled:false }, isAsyncDump = true
01-10 14:01:16.242083   986  1071 I WindowManager: Input event dispatching timed out sending to com.gears42.surelock/com.gears42.surelock.permissions_screens.SureLockPermissionsListStatusActivity.  Reason: Waiting to send key event because the focused window has not finished processing all of the input events that were previously delivered to it.  Outbound queue length: 0.  Wait queue length: 10.
01-10 14:01:16.257983   986  3509 W InputManager: Input event injection from pid 3853 timed out.
01-10 14:01:22.323196   986  1071 I WindowManager: Input event dispatching timed out sending to com.gears42.surelock/com.gears42.surelock.permissions_screens.SureLockPermissionsListStatusActivity.  Reason: Waiting to send non-key event because the touched window has not finished processing certain input events that were delivered to it over 500.0ms ago.  Wait queue length: 10.  Wait queue head age: 16082.5ms.
01-10 14:01:22.556554   986  3509 W InputManager: Input event injection from pid 3853 timed out.
01-10 14:01:22.559042   986  3509 W InputManager: Input event injection from pid 3853 failed.
01-10 14:01:22.562244   986  3509 I chatty  : uid=1000(system) Binder:986_C identical 2 lines
01-10 14:01:22.564169   986  3509 W InputManager: Input event injection from pid 3853 failed.
01-10 14:01:23.971525   986  1001 I AnrManager: dumpStackTraces end!
01-10 14:01:24.002340   986  1001 I AnrManager: ANR in com.gears42.surelock (com.gears42.surelock/.permissions_screens.SureLockPermissionsListStatusActivity), time=589454
01-10 14:01:24.002340   986  1001 I AnrManager: Reason: Input dispatching timed out (Waiting to send key event because the focused window has not finished processing all of the input events that were previously delivered to it.  Outbound queue length: 0.  Wait queue length: 10.)
01-10 14:01:24.002340   986  1001 I AnrManager: Load: 22.93 / 19.91 / 11.01
01-10 14:01:24.002340   986  1001 I AnrManager: Android time :[2020-01-10 14:01:23.97] [602.162]
01-10 14:01:24.002340   986  1001 I AnrManager: CPU usage from 268954ms to 33ms ago (2020-01-10 13:56:42.310 to 2020-01-10 14:01:11.231):
01-10 14:01:24.002340   986  1001 I AnrManager:   20% 528/audioserver: 19% user + 0.7% kernel / faults: 463 minor
01-10 14:01:24.002340   986  1001 I AnrManager:   15% 540/mediaserver: 10% user + 4.5% kernel / faults: 2899 minor
01-10 14:01:24.002340   986  1001 I AnrManager:   10% 549/media.codec: 6.8% user + 3.7% kernel / faults: 2298 minor
01-10 14:01:24.002340   986  1001 I AnrManager:   8.2% 380/android.hardware.audio@2.0-service-mediatek: 6.1% user + 2% kernel / faults: 151 minor
01-10 14:01:24.002340   986  1001 I AnrManager:   3.1% 986/system_server: 2.1% user + 0.9% kernel / faults: 27173 minor 3 major
01-10 14:01:24.002340   986  1001 I AnrManager:   2.3% 401/surfaceflinger: 1.1% user + 1.1% kernel / faults: 1557 minor
01-10 14:01:24.002340   986  1001 I AnrManager:   1.7% 2239/com.android.email: 0.9% user + 0.7% kernel / faults: 8111 minor 11 major
01-10 14:01:24.002340   986  1001 I AnrManager:   1.2% 389/android.hardware.graphics.composer@2.1-service: 0.5% user + 0.6% kernel / faults: 2856 minor
01-10 14:01:24.002340   986  1001 I AnrManager:   1.1% 1623/adbd: 0.2% user + 0.9% kernel / faults: 20679 minor
01-10 14:01:24.002340   986  1001 I AnrManager:   1% 1126/com.android.systemui: 0.8% user + 0.1% kernel / faults: 10908 minor 1 major
01-10 14:01:24.002340   986  1001 I AnrManager:   0.7% 542/mobile_log_d: 0.3% user + 0.4% kernel / faults: 2456 minor
01-10 14:01:24.002340   986  1001 I AnrManager:   0.7% 1114/com.android.inputmethod.latin: 0.5% user + 0.1% kernel / faults: 17262 minor 2 major
01-10 14:01:24.002340   986  1001 I AnrManager:   0.5% 349/logd: 0.1% user + 0.3% kernel / faults: 62 minor
01-10 14:01:24.002340   986  1001 I AnrManager:   0.5% 1666/com.datalogic.service: 0.5% user + 0% kernel / faults: 10 minor 1 major
01-10 14:01:24.002340   986  1001 I AnrManager:   0.4% 1721/com.android.launcher3: 0.3% user + 0.1% kernel / faults: 10334 minor 4 major
01-10 14:01:24.002340   986  1001 I AnrManager:   0.4% 527/aal: 0.1% user + 0.3% kernel
01-10 14:01:24.002340   986  1001 I AnrManager:   0.4% 1730/com.gears42.surelock: 0.3% user + 0% kernel / faults: 6692 minor 18 major
01-10 14:01:24.002340   986  1001 I AnrManager:   0.3% 775/emdlogger1: 0.1% user + 0.2% kernel / faults: 4 minor
01-10 14:01:24.002340   986  1001 I AnrManager:   0.3% 238/ipi_cpu_dvfs_rt: 0% user + 0.3% kernel
01-10 14:01:24.002340   986  1001 I AnrManager:   0.3% 2066/com.datalogic.softspot: 0.2% user + 0% kernel / faults: 539 minor
01-10 14:01:24.002340   986  1001 I AnrManager:   0.3% 261/smart_det: 0.3% user + 0% kernel
01-10 14:01:24.002340   986  1001 I AnrManager:   0.2% 538/media.extractor: 0.2% user + 0% kernel / faults: 47 minor
01-10 14:01:24.002340   986  1001 I AnrManager:   0.2% 7/rcu_preempt: 0% user + 0.2% kernel
01-10 14:01:24.002340   986  1001 I AnrManager:   0.2% 1056/kworker/u16:11: 0% user + 0.2% kernel
01-10 14:01:24.002340   986  1001 I AnrManager:   0.2% 171/disp_idlemgr: 0% user + 0.2% kernel
01-10 14:01:24.002340   986  1001 I AnrManager:   0.2% 749/kworker/u17:2: 0% user + 0.2% kernel
01-10 14:01:24.002340   986  1001 I AnrManager:   0.2% 397/vendor.mediatek.hardware.power@1.1-service: 0% user + 0.1% kernel
01-10 14:01:24.002340   986  1001 I AnrManager:   0% 550/android.hardware.sensors@1.0-service-mediatek: 0% user + 0% kernel
01-10 14:01:24.002340   986  1001 I AnrManager:   0.1% 144/pbm: 0% user + 0.1% kernel
01-10 14:01:24.002340   986  1001 I AnrManager:   0.1% 69/kworker/u16:2: 0% user + 0.1% kernel
01-10 14:01:24.002340   986  1001 I AnrManager:   0.1% 908/mtkfusionrild: 0.1% user + 0% kernel / faults: 260 minor
01-10 14:01:24.002340   986  1001 I AnrManager:   0.1% 1053/kworker/u16:8: 0% user + 0.1% kernel
01-10 14:01:24.002340   986  1001 I AnrManager:   0.1% 266/charger_thread: 0% user + 0.1% kernel
01-10 14:01:24.002340   986  1001 I AnrManager:   0.1% 521/disp_queue_P0: 0% user + 0.1% kernel
01-10 14:01:24.002340   986  1001 I AnrManager:   0.1% 245/exe_cq: 0% user + 0.1% kernel
01-10 14:01:24.002340   986  1001 I AnrManager:   0.1% 3205/com.android.music: 0% user + 0% kernel / faults: 1409 minor
01-10 14:01:24.002340   986  1001 I AnrManager:   0.1% 1055/kworker/u16:10: 0% user + 0.1% kernel
01-10 14:01:24.002340   986  1001 I AnrManager:   0.1% 778/gsm0710muxd: 0% user + 0% kernel
01-10 14:01:24.002340   986  1001 I AnrManager:   0% 77/cfinteractive: 0% user + 0% kernel
01-10 14:01:24.002340   986  1001 I AnrManager:   0% 395/vendor.mediatek.hardware.dfps@1.0-service: 0% user + 0% kernel
01-10 14:01:24.002340   986  1001 I AnrManager:   0% 551/camerahalserver: 0% user + 0% kernel
01-10 14:01:24.002340   986  1001 I AnrManager:   0% 2141/com.mediatek.mtklogger: 0% user + 0% kernel / faults: 651 minor
01-10 14:01:24.002340   986  1001 I AnrManager:   0% 247/mmcqd/0: 0% user + 0% kernel
01-10 14:01:24.002340   986  1001 I AnrManager:   0% 3152/android.process.media: 0% user + 0% kernel / faults: 330 minor
01-10 14:01:24.002340   986  1001 I AnrManager:   0% 1340/com.android.settings: 0% user + 0% kernel / faults: 700 minor
01-10 14:01:24.002340   986  1001 I AnrManager:   0% 187/kworker/u17:1: 0% user + 0% kernel
01-10 14:01:24.002340   986  1001 I AnrManager:   0% 8/rcu_sched: 0% user + 0% kernel
01-10 14:01:24.002340   986  1001 I AnrManager:   0% 172/disp_check: 0% user + 0% kernel
01-10 14:01:24.002340   986  1001 I AnrManager:   0% 178/present_fence_w: 0% user + 0% kernel
01-10 14:01:24.002340   986  1001 I AnrManager:   0% 202/krtatm: 0% user + 0% kernel
01-10 14:01:24.002340   986  1001 I AnrManager:   0% 350/servicemanager: 0% user + 0% kernel
01-10 14:01:24.002340   986  1001 I AnrManager:   0% 79/ion_mm_heap: 0% user + 0% kernel
01-10 14:01:24.002340   986  1001 I AnrManager:   0% 388/android.hardware.graphics.allocator@2.0-service: 0% user + 0% kernel / faults: 87 minor
01-10 14:01:24.002340   986  1001 I AnrManager:   0% 499/jbd2/dm-2-8: 0% user + 0% kernel
01-10 14:01:24.002340   986  1001 I AnrManager:   0% 525/zygote64: 0% user + 0% kernel / faults: 713 minor
01-10 14:01:24.002340   986  1001 I AnrManager:   0% 1615/ged_srv: 0% user + 0% kernel / faults: 44 minor
01-10 14:01:24.002340   986  1001 I AnrManager:   0% 553/thermal: 0% user + 0% kernel
01-10 14:01:24.002340   986  1001 I AnrManager:   0% 1304/com.android.phone: 0% user + 0% kernel / faults: 
01-10 14:01:24.002527   986  1001 I AnrManager: dumpAnrDebugInfo end: AnrDumpRecord{ Input dispatching timed out (Waiting to send key event because the focused window has not finished processing all of the input events that were previously delivered to it.  Outbound queue length: 0.  Wait queue length: 10.) ProcessRecord{7242d34 1730:com.gears42.surelock/u0a32} IsCompleted:true IsCancelled:false }, isAsyncDump = false
01-10 14:01:24.002776   986  1011 I AnrManager: dumpAnrDebugInfoLocked: AnrDumpRecord{ Input dispatching timed out (Waiting to send key event because the focused window has not finished processing all of the input events that were previously delivered to it.  Outbound queue length: 0.  Wait queue length: 10.) ProcessRecord{7242d34 1730:com.gears42.surelock/u0a32} IsCompleted:true IsCancelled:false }, isAsyncDump = true
01-10 14:01:24.002848   986  1011 I AnrManager: dumpAnrDebugInfo end: AnrDumpRecord{ Input dispatching timed out (Waiting to send key event because the focused window has not finished processing all of the input events that were previously delivered to it.  Outbound queue length: 0.  Wait queue length: 10.) ProcessRecord{7242d34 1730:com.gears42.surelock/u0a32} IsCompleted:true IsCancelled:false }, isAsyncDump = true
01-10 14:01:24.007057   986  1001 I ActivityManager: Skipping duplicate ANR: ProcessRecord{7242d34 1730:com.gears42.surelock/u0a32} Input dispatching timed out (Waiting to send key event because the focused window has not finished processing all of the input events that were previously delivered to it.  Outbound queue length: 0.  Wait queue length: 10.)
01-10 14:01:24.007237   986  1001 W ActivityManager: Launch timeout has expired, giving up wake lock!
01-10 14:01:24.026509   986  1001 I AnrManager: startAnrDump
01-10 14:01:24.026680   986  1001 I AnrManager: isANRFlowSkipped() AnrFlow = 0
01-10 14:01:24.026729   986  1001 I AnrManager: enableTraceLog: false
01-10 14:01:24.036043   986  1001 I AnrManager: startAsyncDump: AnrDumpRecord{ Input dispatching timed out (Waiting to send key event because the focused window has not finished processing all of the input events that were previously delivered to it.  Outbound queue length: 0.  Wait queue length: 10.) ProcessRecord{7242d34 1730:com.gears42.surelock/u0a32} IsCompleted:false IsCancelled:false }
01-10 14:01:24.036259   986  1001 I AnrManager: appNotResponding-got this lock: ProcessRecord{7242d34 1730:com.gears42.surelock/u0a32} Input dispatching timed out (Waiting to send key event because the focused window has not finished processing all of the input events that were previously delivered to it.  Outbound queue length: 0.  Wait queue length: 10.),shuttingDown: false,notResponding: true,crashing: false
01-10 14:01:24.036298   986  1001 I AnrManager: enableTraceLog: true
01-10 14:01:24.044596   986  1001 I AnrManager: startAnrDump
01-10 14:01:24.044796   986  1001 I AnrManager: isANRFlowSkipped() AnrFlow = 0
01-10 14:01:24.044840   986  1001 I AnrManager: enableTraceLog: false
01-10 14:01:24.046254   986  4045 I AnrManager: sys/kernel/debug/binder/timeout_log isn't exist
01-10 14:01:24.049235   986  1001 I AnrManager: startAsyncDump: AnrDumpRecord{ Input dispatching timed out (Waiting to send non-key event because the touched window has not finished processing certain input events that were delivered to it over 500.0ms ago.  Wait queue length: 10.  Wait queue head age: 16082.5ms.) ProcessRecord{7242d34 1730:com.gears42.surelock/u0a32} IsCompleted:false IsCancelled:false }
01-10 14:01:24.049403   986  1001 I AnrManager: appNotResponding-got this lock: ProcessRecord{7242d34 1730:com.gears42.surelock/u0a32} Input dispatching timed out (Waiting to send non-key event because the touched window has not finished processing certain input events that were delivered to it over 500.0ms ago.  Wait queue length: 10.  Wait queue head age: 16082.5ms.),shuttingDown: false,notResponding: true,crashing: false
01-10 14:01:24.049484   986  1001 I AnrManager: enableTraceLog: true
01-10 14:01:24.055193   986  4046 I AnrManager: sys/kernel/debug/binder/timeout_log isn't exist
01-10 14:01:24.537174   986  1011 I AnrManager: START_ANR_DUMP_MSG: AnrDumpRecord{ Input dispatching timed out (Waiting to send key event because the focused window has not finished processing all of the input events that were previously delivered to it.  Outbound queue length: 0.  Wait queue length: 10.) ProcessRecord{7242d34 1730:com.gears42.surelock/u0a32} IsCompleted:false IsCancelled:true }
01-10 14:01:24.537793   986  1011 I AnrManager: dumpAnrDebugInfo begin: AnrDumpRecord{ Input dispatching timed out (Waiting to send key event because the focused window has not finished processing all of the input events that were previously delivered to it.  Outbound queue length: 0.  Wait queue length: 10.) ProcessRecord{7242d34 1730:com.gears42.surelock/u0a32} IsCompleted:false IsCancelled:true }, isAsyncDump = true
01-10 14:01:24.538141   986  1011 I AnrManager: dumpAnrDebugInfo dump stopped: AnrDumpRecord{ Input dispatching timed out (Waiting to send key event because the focused window has not finished processing all of the input events that were previously delivered to it.  Outbound queue length: 0.  Wait queue length: 10.) ProcessRecord{7242d34 1730:com.gears42.surelock/u0a32} IsCompleted:false IsCancelled:true }
01-10 14:01:24.549669   986  1011 I AnrManager: START_ANR_DUMP_MSG: AnrDumpRecord{ Input dispatching timed out (Waiting to send non-key event because the touched window has not finished processing certain input events that were delivered to it over 500.0ms ago.  Wait queue length: 10.  Wait queue head age: 16082.5ms.) ProcessRecord{7242d34 1730:com.gears42.surelock/u0a32} IsCompleted:false IsCancelled:true }
01-10 14:01:24.549935   986  1011 I AnrManager: dumpAnrDebugInfo begin: AnrDumpRecord{ Input dispatching timed out (Waiting to send non-key event because the touched window has not finished processing certain input events that were delivered to it over 500.0ms ago.  Wait queue length: 10.  Wait queue head age: 16082.5ms.) ProcessRecord{7242d34 1730:com.gears42.surelock/u0a32} IsCompleted:false IsCancelled:true }, isAsyncDump = true
01-10 14:01:24.550221   986  1011 I AnrManager: dumpAnrDebugInfo dump stopped: AnrDumpRecord{ Input dispatching timed out (Waiting to send non-key event because the touched window has not finished processing certain input events that were delivered to it over 500.0ms ago.  Wait queue length: 10.  Wait queue head age: 16082.5ms.) ProcessRecord{7242d34 1730:com.gears42.surelock/u0a32} IsCompleted:false IsCancelled:true }
01-10 14:01:28.585157   986  1071 I WindowManager: Input event dispatching timed out sending to com.gears42.surelock/com.gears42.surelock.permissions_screens.SureLockPermissionsListStatusActivity.  Reason: Waiting to send non-key event because the touched window has not finished processing certain input events that were delivered to it over 500.0ms ago.  Wait queue length: 10.  Wait queue head age: 22390.0ms.
01-10 14:01:28.631725   986  3509 W InputManager: Input event injection from pid 3853 timed out.
01-10 14:01:28.632261   986  1001 I AnrManager: startAnrDump
01-10 14:01:28.632707   986  1001 I AnrManager: isANRFlowSkipped() AnrFlow = 0
01-10 14:01:28.632892   986  1001 I AnrManager: enableTraceLog: false
01-10 14:01:28.643228   986  1001 I AnrManager: startAsyncDump: AnrDumpRecord{ Input dispatching timed out (Waiting to send non-key event because the touched window has not finished processing certain input events that were delivered to it over 500.0ms ago.  Wait queue length: 10.  Wait queue head age: 22390.0ms.) ProcessRecord{7242d34 1730:com.gears42.surelock/u0a32} IsCompleted:false IsCancelled:false }
01-10 14:01:28.644278   986  1001 I AnrManager: appNotResponding-got this lock: ProcessRecord{7242d34 1730:com.gears42.surelock/u0a32} Input dispatching timed out (Waiting to send non-key event because the touched window has not finished processing certain input events that were delivered to it over 500.0ms ago.  Wait queue length: 10.  Wait queue head age: 22390.0ms.),shuttingDown: false,notResponding: true,crashing: false
01-10 14:01:28.644432   986  1001 I AnrManager: enableTraceLog: true
01-10 14:01:28.662493   986  4054 I AnrManager: sys/kernel/debug/binder/timeout_log isn't exist
01-10 14:01:29.144525   986  1011 I AnrManager: START_ANR_DUMP_MSG: AnrDumpRecord{ Input dispatching timed out (Waiting to send non-key event because the touched window has not finished processing certain input events that were delivered to it over 500.0ms ago.  Wait queue length: 10.  Wait queue head age: 22390.0ms.) ProcessRecord{7242d34 1730:com.gears42.surelock/u0a32} IsCompleted:false IsCancelled:true }
01-10 14:01:29.144784   986  1011 I AnrManager: dumpAnrDebugInfo begin: AnrDumpRecord{ Input dispatching timed out (Waiting to send non-key event because the touched window has not finished processing certain input events that were delivered to it over 500.0ms ago.  Wait queue length: 10.  Wait queue head age: 22390.0ms.) ProcessRecord{7242d34 1730:com.gears42.surelock/u0a32} IsCompleted:false IsCancelled:true }, isAsyncDump = true
01-10 14:01:29.145045   986  1011 I AnrManager: dumpAnrDebugInfo dump stopped: AnrDumpRecord{ Input dispatching timed out (Waiting to send non-key event because the touched window has not finished processing certain input events that were delivered to it over 500.0ms ago.  Wait queue length: 10.  Wait queue head age: 22390.0ms.) ProcessRecord{7242d34 1730:com.gears42.surelock/u0a32} IsCompleted:false IsCancelled:true }
01-10 14:01:38.295311   986  3509 W InputManager: Input event injection from pid 3853 failed.
01-10 14:01:44.340027   986  1071 I WindowManager: Input event dispatching timed out sending to com.gears42.surelock/com.gears42.surelock.permissions_screens.SureLockPermissionsListStatusActivity.  Reason: Waiting to send key event because the focused window has not finished processing all of the input events that were previously delivered to it.  Outbound queue length: 0.  Wait queue length: 10.
01-10 14:01:44.391625   986  3509 W InputManager: Input event injection from pid 3853 timed out.
01-10 14:01:44.392244   986  1001 I AnrManager: startAnrDump
01-10 14:01:44.392747   986  1001 I AnrManager: isANRFlowSkipped() AnrFlow = 0
01-10 14:01:44.392923   986  1001 I AnrManager: enableTraceLog: false
01-10 14:01:44.401314   986  1001 I AnrManager: startAsyncDump: AnrDumpRecord{ Input dispatching timed out (Waiting to send key event because the focused window has not finished processing all of the input events that were previously delivered to it.  Outbound queue length: 0.  Wait queue length: 10.) ProcessRecord{7242d34 1730:com.gears42.surelock/u0a32} IsCompleted:false IsCancelled:false }
01-10 14:01:44.401781   986  1001 I AnrManager: appNotResponding-got this lock: ProcessRecord{7242d34 1730:com.gears42.surelock/u0a32} Input dispatching timed out (Waiting to send key event because the focused window has not finished processing all of the input events that were previously delivered to it.  Outbound queue length: 0.  Wait queue length: 10.),shuttingDown: false,notResponding: true,crashing: false
01-10 14:01:44.401861   986  1001 I AnrManager: enableTraceLog: true
01-10 14:01:44.410203   986  4084 I AnrManager: sys/kernel/debug/binder/timeout_log isn't exist
01-10 14:01:44.902869   986  1011 I AnrManager: START_ANR_DUMP_MSG: AnrDumpRecord{ Input dispatching timed out (Waiting to send key event because the focused window has not finished processing all of the input events that were previously delivered to it.  Outbound queue length: 0.  Wait queue length: 10.) ProcessRecord{7242d34 1730:com.gears42.surelock/u0a32} IsCompleted:false IsCancelled:true }
01-10 14:01:44.903552   986  1011 I AnrManager: dumpAnrDebugInfo begin: AnrDumpRecord{ Input dispatching timed out (Waiting to send key event because the focused window has not finished processing all of the input events that were previously delivered to it.  Outbound queue length: 0.  Wait queue length: 10.) ProcessRecord{7242d34 1730:com.gears42.surelock/u0a32} IsCompleted:false IsCancelled:true }, isAsyncDump = true
01-10 14:01:44.903839   986  1011 I AnrManager: dumpAnrDebugInfo dump stopped: AnrDumpRecord{ Input dispatching timed out (Waiting to send key event because the focused window has not finished processing all of the input events that were previously delivered to it.  Outbound queue length: 0.  Wait queue length: 10.) ProcessRecord{7242d34 1730:com.gears42.surelock/u0a32} IsCompleted:false IsCancelled:true }
01-10 14:01:49.414919   986  1071 I WindowManager: Input event dispatching timed out sending to com.gears42.surelock/com.gears42.surelock.permissions_screens.SureLockPermissionsListStatusActivity.  Reason: Waiting to send key event because the focused window has not finished processing all of the input events that were previously delivered to it.  Outbound queue length: 0.  Wait queue length: 10.
01-10 14:01:49.459468   986  3509 W InputManager: Input event injection from pid 3853 timed out.
01-10 14:01:49.540257   986  1001 I AnrManager: startAnrDump
01-10 14:01:49.540637   986  1001 I AnrManager: isANRFlowSkipped() AnrFlow = 0
01-10 14:01:49.540754   986  1001 I AnrManager: enableTraceLog: false
01-10 14:01:49.549965   986  1001 I AnrManager: startAsyncDump: AnrDumpRecord{ Input dispatching timed out (Waiting to send key event because the focused window has not finished processing all of the input events that were previously delivered to it.  Outbound queue length: 0.  Wait queue length: 10.) ProcessRecord{7242d34 1730:com.gears42.surelock/u0a32} IsCompleted:false IsCancelled:false }
01-10 14:01:49.550430   986  1001 I AnrManager: appNotResponding-got this lock: ProcessRecord{7242d34 1730:com.gears42.surelock/u0a32} Input dispatching timed out (Waiting to send key event because the focused window has not finished processing all of the input events that were previously delivered to it.  Outbound queue length: 0.  Wait queue length: 10.),shuttingDown: false,notResponding: true,crashing: false
01-10 14:01:49.550504   986  1001 I AnrManager: enableTraceLog: true
01-10 14:01:49.561172   986  4088 I AnrManager: sys/kernel/debug/binder/timeout_log isn't exist
01-10 14:01:50.050396   986  1011 I AnrManager: START_ANR_DUMP_MSG: AnrDumpRecord{ Input dispatching timed out (Waiting to send key event because the focused window has not finished processing all of the input events that were previously delivered to it.  Outbound queue length: 0.  Wait queue length: 10.) ProcessRecord{7242d34 1730:com.gears42.surelock/u0a32} IsCompleted:false IsCancelled:true }
01-10 14:01:50.050758   986  1011 I AnrManager: dumpAnrDebugInfo begin: AnrDumpRecord{ Input dispatching timed out (Waiting to send key event because the focused window has not finished processing all of the input events that were previously delivered to it.  Outbound queue length: 0.  Wait queue length: 10.) ProcessRecord{7242d34 1730:com.gears42.surelock/u0a32} IsCompleted:false IsCancelled:true }, isAsyncDump = true
01-10 14:01:50.051020   986  1011 I AnrManager: dumpAnrDebugInfo dump stopped: AnrDumpRecord{ Input dispatching timed out (Waiting to send key event because the focused window has not finished processing all of the input events that were previously delivered to it.  Outbound queue length: 0.  Wait queue length: 10.) ProcessRecord{7242d34 1730:com.gears42.surelock/u0a32} IsCompleted:false IsCancelled:true }
01-10 14:01:55.485538   986  1071 I WindowManager: Input event dispatching timed out sending to com.gears42.surelock/com.gears42.surelock.permissions_screens.SureLockPermissionsListStatusActivity.  Reason: Waiting to send key event because the focused window has not finished processing all of the input events that were previously delivered to it.  Outbound queue length: 0.  Wait queue length: 10.
01-10 14:01:55.530339   986  3509 W InputManager: Input event injection from pid 3853 timed out.
01-10 14:01:55.603692   986  1001 I AnrManager: startAnrDump
01-10 14:01:55.604113   986  1001 I AnrManager: isANRFlowSkipped() AnrFlow = 0
01-10 14:01:55.604199   986  1001 I AnrManager: enableTraceLog: false
01-10 14:01:55.614415   986  1001 I AnrManager: startAsyncDump: AnrDumpRecord{ Input dispatching timed out (Waiting to send key event because the focused window has not finished processing all of the input events that were previously delivered to it.  Outbound queue length: 0.  Wait queue length: 10.) ProcessRecord{7242d34 1730:com.gears42.surelock/u0a32} IsCompleted:false IsCancelled:false }
01-10 14:01:55.614854   986  1001 I AnrManager: appNotResponding-got this lock: ProcessRecord{7242d34 1730:com.gears42.surelock/u0a32} Input dispatching timed out (Waiting to send key event because the focused window has not finished processing all of the input events that were previously delivered to it.  Outbound queue length: 0.  Wait queue length: 10.),shuttingDown: false,notResponding: true,crashing: false
01-10 14:01:55.614960   986  1001 I AnrManager: enableTraceLog: true
01-10 14:01:55.631722   986  4100 I AnrManager: sys/kernel/debug/binder/timeout_log isn't exist
01-10 14:01:56.116139   986  1011 I AnrManager: START_ANR_DUMP_MSG: AnrDumpRecord{ Input dispatching timed out (Waiting to send key event because the focused window has not finished processing all of the input events that were previously delivered to it.  Outbound queue length: 0.  Wait queue length: 10.) ProcessRecord{7242d34 1730:com.gears42.surelock/u0a32} IsCompleted:false IsCancelled:true }
01-10 14:01:56.116496   986  1011 I AnrManager: dumpAnrDebugInfo begin: AnrDumpRecord{ Input dispatching timed out (Waiting to send key event because the focused window has not finished processing all of the input events that were previously delivered to it.  Outbound queue length: 0.  Wait queue length: 10.) ProcessRecord{7242d34 1730:com.gears42.surelock/u0a32} IsCompleted:false IsCancelled:true }, isAsyncDump = true
01-10 14:01:56.116744   986  1011 I AnrManager: dumpAnrDebugInfo dump stopped: AnrDumpRecord{ Input dispatching timed out (Waiting to send key event because the focused window has not finished processing all of the input events that were previously delivered to it.  Outbound queue length: 0.  Wait queue length: 10.) ProcessRecord{7242d34 1730:com.gears42.surelock/u0a32} IsCompleted:false IsCancelled:true }
01-10 14:02:00.002527   986  1068 D DataShapingService: [isDataShapingWhitelistApp] packageName: android
01-10 14:02:00.002881   986  1068 D DataShapingUtils: [isDataShapingWhitelistApp] packageName: android, mWhitelist: []
01-10 14:02:00.003358   986  1068 D DataShapingService: [openLteDataUpLinkGate] isForce: false
01-10 14:02:00.003647   986  1068 D DataShapingService: Alarm manager openLteDataUpLinkGate: true
01-10 14:02:00.003739   986  1068 I DataShapingService: openLteGateSuccess = true
01-10 14:02:00.004086   986  1110 D DataShapingService: [handleMessage] msg_alarm_manager_trigger
01-10 14:02:00.555157   986  1071 I WindowManager: Input event dispatching timed out sending to com.gears42.surelock/com.gears42.surelock.permissions_screens.SureLockPermissionsListStatusActivity.  Reason: Waiting to send key event because the focused window has not finished processing all of the input events that were previously delivered to it.  Outbound queue length: 0.  Wait queue length: 10.
01-10 14:02:00.602157   986  3509 W InputManager: Input event injection from pid 3853 timed out.
01-10 14:02:00.672051   986  1001 I AnrManager: startAnrDump
01-10 14:02:00.672482   986  1001 I AnrManager: isANRFlowSkipped() AnrFlow = 0
01-10 14:02:00.672592   986  1001 I AnrManager: enableTraceLog: false
01-10 14:02:00.681777   986  1001 I AnrManager: startAsyncDump: AnrDumpRecord{ Input dispatching timed out (Waiting to send key event because the focused window has not finished processing all of the input events that were previously delivered to it.  Outbound queue length: 0.  Wait queue length: 10.) ProcessRecord{7242d34 1730:com.gears42.surelock/u0a32} IsCompleted:false IsCancelled:false }
01-10 14:02:00.682162   986  1001 I AnrManager: appNotResponding-got this lock: ProcessRecord{7242d34 1730:com.gears42.surelock/u0a32} Input dispatching timed out (Waiting to send key event because the focused window has not finished processing all of the input events that were previously delivered to it.  Outbound queue length: 0.  Wait queue length: 10.),shuttingDown: false,notResponding: true,crashing: false
01-10 14:02:00.682255   986  1001 I AnrManager: enableTraceLog: true
01-10 14:02:00.692621   986  4108 I AnrManager: sys/kernel/debug/binder/timeout_log isn't exist
01-10 14:02:01.183368   986  1011 I AnrManager: START_ANR_DUMP_MSG: AnrDumpRecord{ Input dispatching timed out (Waiting to send key event because the focused window has not finished processing all of the input events that were previously delivered to it.  Outbound queue length: 0.  Wait queue length: 10.) ProcessRecord{7242d34 1730:com.gears42.surelock/u0a32} IsCompleted:false IsCancelled:true }
01-10 14:02:01.183815   986  1011 I AnrManager: dumpAnrDebugInfo begin: AnrDumpRecord{ Input dispatching timed out (Waiting to send key event because the focused window has not finished processing all of the input events that were previously delivered to it.  Outbound queue length: 0.  Wait queue length: 10.) ProcessRecord{7242d34 1730:com.gears42.surelock/u0a32} IsCompleted:false IsCancelled:true }, isAsyncDump = true
01-10 14:02:01.184072   986  1011 I AnrManager: dumpAnrDebugInfo dump stopped: AnrDumpRecord{ Input dispatching timed out (Waiting to send key event because the focused window has not finished processing all of the input events that were previously delivered to it.  Outbound queue length: 0.  Wait queue length: 10.) ProcessRecord{7242d34 1730:com.gears42.surelock/u0a32} IsCompleted:false IsCancelled:true }
01-10 14:02:06.621838   986  1071 I WindowManager: Input event dispatching timed out sending to com.gears42.surelock/com.gears42.surelock.permissions_screens.SureLockPermissionsListStatusActivity.  Reason: Waiting to send key event because the focused window has not finished processing all of the input events that were previously delivered to it.  Outbound queue length: 0.  Wait queue length: 10.
01-10 14:02:06.666969   986  3509 W InputManager: Input event injection from pid 3853 timed out.
01-10 14:02:06.728459   986  1001 I AnrManager: startAnrDump
01-10 14:02:06.728844   986  1001 I AnrManager: isANRFlowSkipped() AnrFlow = 0
01-10 14:02:06.728950   986  1001 I AnrManager: enableTraceLog: false
01-10 14:02:06.736704   986  1001 I AnrManager: startAsyncDump: AnrDumpRecord{ Input dispatching timed out (Waiting to send key event because the focused window has not finished processing all of the input events that were previously delivered to it.  Outbound queue length: 0.  Wait queue length: 10.) ProcessRecord{7242d34 1730:com.gears42.surelock/u0a32} IsCompleted:false IsCancelled:false }
01-10 14:02:06.736997   986  1001 I AnrManager: appNotResponding-got this lock: ProcessRecord{7242d34 1730:com.gears42.surelock/u0a32} Input dispatching timed out (Waiting to send key event because the focused window has not finished processing all of the input events that were previously delivered to it.  Outbound queue length: 0.  Wait queue length: 10.),shuttingDown: false,notResponding: true,crashing: false
01-10 14:02:06.737057   986  1001 I AnrManager: enableTraceLog: true
01-10 14:02:06.743406   986  4120 I AnrManager: sys/kernel/debug/binder/timeout_log isn't exist
01-10 14:02:07.237930   986  1011 I AnrManager: START_ANR_DUMP_MSG: AnrDumpRecord{ Input dispatching timed out (Waiting to send key event because the focused window has not finished processing all of the input events that were previously delivered to it.  Outbound queue length: 0.  Wait queue length: 10.) ProcessRecord{7242d34 1730:com.gears42.surelock/u0a32} IsCompleted:false IsCancelled:true }
01-10 14:02:07.238279   986  1011 I AnrManager: dumpAnrDebugInfo begin: AnrDumpRecord{ Input dispatching timed out (Waiting to send key event because the focused window has not finished processing all of the input events that were previously delivered to it.  Outbound queue length: 0.  Wait queue length: 10.) ProcessRecord{7242d34 1730:com.gears42.surelock/u0a32} IsCompleted:false IsCancelled:true }, isAsyncDump = true
01-10 14:02:07.238610   986  1011 I AnrManager: dumpAnrDebugInfo dump stopped: AnrDumpRecord{ Input dispatching timed out (Waiting to send key event because the focused window has not finished processing all of the input events that were previously delivered to it.  Outbound queue length: 0.  Wait queue length: 10.) ProcessRecord{7242d34 1730:com.gears42.surelock/u0a32} IsCompleted:false IsCancelled:true }
