01-10 14:12:26.634000   943   943 I auditd  : type=1400 audit(0.0:84): avc: denied { search } for comm="Binder:943_9" name="/" dev="mmcblk0p7" ino=2 scontext=u:r:system_server:s0 tcontext=u:object_r:enterprise_file:s0 tclass=dir permissive=0
01-10 14:12:26.780417   943   976 I am_kill : [0,1917,com.mediatek.simprocessor,906,empty #17]
01-10 14:12:26.784984   943   976 I am_uid_running: 10066
01-10 14:12:26.805037   943   976 I am_proc_start: [0,2484,10066,com.datalogic.setupwizardscanner,broadcast,com.datalogic.setupwizardscanner/.ScannerServiceReceiver]
01-10 14:12:26.806175   943  1214 I am_proc_died: [0,1917,com.mediatek.simprocessor,906,17]
01-10 14:12:26.829301   943  1214 I am_proc_bound: [0,2484,com.datalogic.setupwizardscanner]
01-10 14:12:26.878687   943  1214 I am_uid_running: 10005
01-10 14:12:26.896144   943  1214 I am_proc_start: [0,2498,10005,com.datalogic.systemupdate,broadcast,com.datalogic.systemupdate/.NotificationReceiver]
01-10 14:12:26.897707   943  1214 I am_kill : [0,1550,com.mediatek.ppl,906,empty #17]
01-10 14:12:26.919663   943  1214 I am_proc_bound: [0,2498,com.datalogic.systemupdate]
01-10 14:12:26.923211   943   976 I am_proc_died: [0,1550,com.mediatek.ppl,906,17]
01-10 14:12:26.984046   943   976 I am_proc_start: [0,2514,1000,com.example.factorydevelopx,broadcast,com.example.factorydevelopx/.BootBroadcastReceiver]
01-10 14:12:26.985476   943   976 I am_kill : [0,1978,com.mediatek.security,906,empty #17]
01-10 14:12:27.004484   943   976 I am_proc_died: [0,1978,com.mediatek.security,906,17]
01-10 14:12:27.007511   943  1715 I am_proc_bound: [0,2514,com.example.factorydevelopx]
01-10 14:12:27.100258   943  1715 I am_proc_start: [0,2528,1000,com.mediatek.batterywarning,broadcast,com.mediatek.batterywarning/.BatteryWarningReceiver]
01-10 14:12:27.101434   943  1715 I am_kill : [0,1931,com.mediatek.engineermode,906,empty #17]
01-10 14:12:27.115025   943  1715 I am_proc_died: [0,1931,com.mediatek.engineermode,906,17]
01-10 14:12:27.117212   943   976 I am_proc_bound: [0,2528,com.mediatek.batterywarning]
01-10 14:12:27.158556   943   943 I notification_enqueue: [10049,2138,com.mediatek.mtklogger,2130837539,NULL,0,Notification(channel=null pri=0 contentView=null vibrate=null sound=null tick defaults=0x0 flags=0x0 color=0x00000000 vis=PRIVATE),1]
01-10 14:12:27.173779   943   976 I am_kill : [0,2082,com.gears42.surefox,906,empty #17]
01-10 14:12:27.194000   548   548 I auditd  : type=1400 audit(0.0:85): avc: denied { add_name } for comm="HwBinder:548_2" name="shading_otp" scontext=u:r:mtk_hal_camera:s0 tcontext=u:object_r:system_data_file:s0 tclass=dir permissive=0
01-10 14:12:27.199810   943   976 I am_proc_died: [0,2082,com.gears42.surefox,906,17]
01-10 14:12:27.200284   943   976 I am_uid_stopped: 10030
01-10 14:12:27.228770   943   976 I am_proc_start: [0,2546,1000,com.mediatek.bluetooth.dtt,broadcast,com.mediatek.bluetooth.dtt/.BluetoothReceiver]
01-10 14:12:27.230238   943   976 I am_kill : [0,2184,com.android.contacts,906,empty #17]
01-10 14:12:27.247453   943   976 I am_proc_died: [0,2184,com.android.contacts,906,17]
01-10 14:12:27.247823   943   976 I am_uid_stopped: 10014
01-10 14:12:27.254129   943   976 I am_proc_bound: [0,2546,com.mediatek.bluetooth.dtt]
01-10 14:12:27.322707   943   976 I am_proc_start: [0,2561,1001,com.mediatek.engineermode,broadcast,com.mediatek.engineermode/.boot.EmBootupReceiver]
01-10 14:12:27.323857   943   976 I am_kill : [0,1625,com.android.deskclock,906,empty #17]
01-10 14:12:27.340824   943   976 I am_proc_died: [0,1625,com.android.deskclock,906,17]
01-10 14:12:27.343944   943  1730 I am_proc_bound: [0,2561,com.mediatek.engineermode]
01-10 14:12:27.424775   943  1730 I am_proc_start: [0,2582,10020,com.mediatek.omacp,broadcast,com.mediatek.omacp/.message.OmacpReceiver]
01-10 14:12:27.425964   943  1730 I am_kill : [0,2017,com.android.dialer,906,empty #17]
01-10 14:12:27.449905   943  1730 I am_proc_died: [0,2017,com.android.dialer,906,17]
01-10 14:12:27.450213   943  1730 I am_uid_stopped: 10016
01-10 14:12:27.452808   943   976 I am_proc_bound: [0,2582,com.mediatek.omacp]
01-10 14:12:27.534105   943   976 I am_proc_start: [0,2599,1000,com.mediatek.providers.drm,broadcast,com.mediatek.providers.drm/.BootCompletedReceiver]
01-10 14:12:27.542377   943  1730 I am_kill : [0,2277,com.android.gallery3d,906,empty #17]
01-10 14:12:27.554626   943  1730 I am_proc_bound: [0,2599,com.mediatek.providers.drm]
01-10 14:12:27.565829   943   976 I am_proc_died: [0,2277,com.android.gallery3d,906,17]
01-10 14:12:27.566156   943   976 I am_uid_stopped: 10054
01-10 14:12:27.621942   943   976 I am_proc_start: [0,2616,1000,com.mediatek.simprocessor,broadcast,com.mediatek.simprocessor/.BootCmpReceiver]
01-10 14:12:27.623247   943   976 I am_kill : [0,2251,com.android.exchange,906,empty #17]
01-10 14:12:27.638405   943  2574 I am_proc_died: [0,2251,com.android.exchange,906,17]
01-10 14:12:27.638708   943  2574 I am_uid_stopped: 10045
01-10 14:12:27.644920   943  2574 I am_proc_bound: [0,2616,com.mediatek.simprocessor]
01-10 14:12:27.715663   943   976 I am_proc_start: [0,2633,1000,com.mediatek.thermalmanager,broadcast,com.mediatek.thermalmanager/.ServiceStarter]
01-10 14:12:27.720387   943   943 I notification_enqueue: [1000,943,android,40,NULL,0,Notification(channel=FOREGROUND_SERVICE pri=0 contentView=null vibrate=null sound=null defaults=0x0 flags=0x2 color=0xff607d8b vis=PRIVATE),1]
01-10 14:12:27.722761   943   943 I notification_enqueue: [1000,2616,com.mediatek.simprocessor,404,NULL,0,Notification(channel=null pri=0 contentView=null vibrate=null sound=null tick defaults=0x0 flags=0x40 color=0x00000000 vis=PRIVATE),0]
01-10 14:12:27.744851   943   976 I am_proc_bound: [0,2633,com.mediatek.thermalmanager]
01-10 14:12:27.795048   943  1214 I am_uid_running: 10076
01-10 14:12:27.810651   943  1214 I am_proc_start: [0,2650,10076,com.mediatek.camera,broadcast,com.mediatek.camera/.DisableCameraReceiver]
01-10 14:12:27.811869   943  1214 I am_kill : [0,2323,com.android.managedprovisioning,906,empty #17]
01-10 14:12:27.825331   943  2574 I am_proc_died: [0,2323,com.android.managedprovisioning,906,17]
01-10 14:12:27.825780   943  2574 I am_uid_stopped: 10012
01-10 14:12:27.841281   943  2574 I am_proc_bound: [0,2650,com.mediatek.camera]
01-10 14:12:27.914439   943  1730 I am_proc_start: [0,2664,1000,com.mediatek.duraspeed,broadcast,com.mediatek.duraspeed/.view.RunningBoosterAppReceiver]
01-10 14:12:27.915795   943  1730 I am_kill : [0,2370,com.android.onetimeinitializer,906,empty #17]
01-10 14:12:27.931529   943  1730 I am_proc_died: [0,2370,com.android.onetimeinitializer,906,17]
01-10 14:12:27.931824   943  1730 I am_uid_stopped: 10022
01-10 14:12:27.934384   943  1214 I am_proc_bound: [0,2664,com.mediatek.duraspeed]
01-10 14:12:28.003273   943  1214 I am_proc_start: [0,2681,1000,com.mediatek.ppl,broadcast,com.mediatek.ppl/.PplReceiver]
01-10 14:12:28.019250   943  2574 I am_proc_bound: [0,2681,com.mediatek.ppl]
01-10 14:12:28.040741   943  1730 I am_kill : [0,2396,com.android.packageinstaller,906,empty #17]
01-10 14:12:28.055922   943  2574 I am_proc_died: [0,2396,com.android.packageinstaller,906,17]
01-10 14:12:28.056208   943  2574 I am_uid_stopped: 10019
01-10 14:12:28.069504   943   943 I notification_enqueue: [1000,943,android,40,NULL,0,Notification(channel=FOREGROUND_SERVICE pri=0 contentView=null vibrate=null sound=null defaults=0x0 flags=0x2 color=0xff607d8b vis=PRIVATE),1]
01-10 14:12:28.076872   943   943 I notification_enqueue: [1000,2681,com.mediatek.ppl,1,NULL,0,Notification(channel=null pri=0 contentView=null vibrate=null sound=null defaults=0x0 flags=0x40 color=0x00000000 vis=PRIVATE),0]
01-10 14:12:28.077947   943  1715 I am_kill : [0,2418,com.datalogic.battery,906,empty #17]
01-10 14:12:28.078530   943   943 I sysui_multi_action: [757,128,758,5,759,8,793,7,794,0,795,7,796,1,806,com.mediatek.ppl,857,miscellaneous,858,2,947,0]
01-10 14:12:28.078639   943   943 I notification_canceled: [0|com.mediatek.ppl|1|null|1000,8,7,7,0,NULL]
01-10 14:12:28.083828   943   943 I notification_enqueue: [1000,943,android,40,NULL,0,Notification(channel=FOREGROUND_SERVICE pri=0 contentView=null vibrate=null sound=null defaults=0x0 flags=0x2 color=0xff607d8b vis=PRIVATE),1]
01-10 14:12:28.097731   943  1214 I am_proc_died: [0,2418,com.datalogic.battery,906,17]
01-10 14:12:28.097999   943  1214 I am_uid_stopped: 10041
01-10 14:12:28.194000   548   548 I auditd  : type=1400 audit(0.0:86): avc: denied { add_name } for comm="HwBinder:548_2" name="shading_otp" scontext=u:r:mtk_hal_camera:s0 tcontext=u:object_r:system_data_file:s0 tclass=dir permissive=0
01-10 14:12:28.300495   943   943 I sysui_multi_action: [757,128,758,5,759,8,793,580,794,0,795,580,796,404,806,com.mediatek.simprocessor,857,miscellaneous,858,2,947,0]
01-10 14:12:28.300678   943   943 I notification_canceled: [0|com.mediatek.simprocessor|404|null|1000,8,580,580,0,NULL]
01-10 14:12:28.306307   943   976 I am_kill : [0,2435,com.datalogic.enterpriseupdater,906,empty #17]
01-10 14:12:28.313212   943   943 I notification_enqueue: [1000,943,android,40,NULL,0,Notification(channel=FOREGROUND_SERVICE pri=0 contentView=null vibrate=null sound=null defaults=0x0 flags=0x2 color=0xff607d8b vis=PRIVATE),1]
01-10 14:12:28.328891   943   976 I am_proc_died: [0,2435,com.datalogic.enterpriseupdater,906,17]
01-10 14:12:28.329160   943   976 I am_uid_stopped: 10042
01-10 14:12:29.042186   943  1715 I am_uid_running: 10030
01-10 14:12:29.058312   943  1715 I am_proc_start: [0,2719,10030,com.gears42.surefox,broadcast,com.gears42.surefox/.DxuReceiver]
01-10 14:12:29.093449   943  1715 I am_proc_bound: [0,2719,com.gears42.surefox]
01-10 14:12:29.194000   548   548 I auditd  : type=1400 audit(0.0:87): avc: denied { add_name } for comm="HwBinder:548_2" name="shading_otp" scontext=u:r:mtk_hal_camera:s0 tcontext=u:object_r:system_data_file:s0 tclass=dir permissive=0
01-10 14:12:30.198000   548   548 I auditd  : type=1400 audit(0.0:88): avc: denied { add_name } for comm="HwBinder:548_2" name="shading_otp" scontext=u:r:mtk_hal_camera:s0 tcontext=u:object_r:system_data_file:s0 tclass=dir permissive=0
01-10 14:12:30.677699   943  1214 I am_kill : [0,2453,com.datalogic.factory,906,empty #17]
01-10 14:12:30.693673   943  1214 I am_proc_died: [0,2453,com.datalogic.factory,906,17]
01-10 14:12:30.693921   943  1214 I am_uid_stopped: 10046
01-10 14:12:31.198000   548   548 I auditd  : type=1400 audit(0.0:89): avc: denied { add_name } for comm="HwBinder:548_2" name="shading_otp" scontext=u:r:mtk_hal_camera:s0 tcontext=u:object_r:system_data_file:s0 tclass=dir permissive=0
01-10 14:12:31.702425   943  1214 I force_gc: Binder
01-10 14:12:31.922657   943  1214 I am_wtf  : [0,943,system_server,-1,ActivityManager,Sending non-protected broadcast com.gears42.surelock.dxu from system 1646:com.datalogic.dxu/1000 pkg com.datalogic.dxu]
01-10 14:12:31.961250   943  1715 I am_wtf  : [0,943,system_server,-1,ActivityManager,Sending non-protected broadcast datalogic.com.softspot.SettingAction from system 1646:com.datalogic.dxu/1000 pkg com.datalogic.dxu]
01-10 14:12:32.198000   548   548 I auditd  : type=1400 audit(0.0:90): avc: denied { add_name } for comm="HwBinder:548_2" name="shading_otp" scontext=u:r:mtk_hal_camera:s0 tcontext=u:object_r:system_data_file:s0 tclass=dir permissive=0
01-10 14:12:33.198000   548   548 I auditd  : type=1400 audit(0.0:91): avc: denied { add_name } for comm="HwBinder:548_2" name="shading_otp" scontext=u:r:mtk_hal_camera:s0 tcontext=u:object_r:system_data_file:s0 tclass=dir permissive=0
01-10 14:12:34.095501   943   976 I am_wtf  : [0,943,system_server,-1,ActivityManager,Sending non-protected broadcast datalogic.com.softspot.SettingAction from system 1646:com.datalogic.dxu/1000 pkg com.datalogic.dxu]
01-10 14:12:34.126516   943  1715 I am_wtf  : [0,943,system_server,-1,ActivityManager,Sending non-protected broadcast com.gears42.surelock.dxu from system 1646:com.datalogic.dxu/1000 pkg com.datalogic.dxu]
01-10 14:12:34.198000   548   548 I auditd  : type=1400 audit(0.0:92): avc: denied { add_name } for comm="HwBinder:548_2" name="shading_otp" scontext=u:r:mtk_hal_camera:s0 tcontext=u:object_r:system_data_file:s0 tclass=dir permissive=0
01-10 14:12:35.198000   548   548 I auditd  : type=1400 audit(0.0:93): avc: denied { add_name } for comm="HwBinder:548_2" name="shading_otp" scontext=u:r:mtk_hal_camera:s0 tcontext=u:object_r:system_data_file:s0 tclass=dir permissive=0
01-10 14:12:35.980700   943   976 I am_wtf  : [0,943,system_server,-1,ActivityManager,Sending non-protected broadcast datalogic.com.softspot.SettingAction from system 1646:com.datalogic.dxu/1000 pkg com.datalogic.dxu]
01-10 14:12:36.008098   943  1214 I am_wtf  : [0,943,system_server,-1,ActivityManager,Sending non-protected broadcast com.gears42.surelock.dxu from system 1646:com.datalogic.dxu/1000 pkg com.datalogic.dxu]
01-10 14:12:36.202000   548   548 I auditd  : type=1400 audit(0.0:94): avc: denied { add_name } for comm="HwBinder:548_2" name="shading_otp" scontext=u:r:mtk_hal_camera:s0 tcontext=u:object_r:system_data_file:s0 tclass=dir permissive=0
01-10 14:12:45.210000   548   548 I chatty  : uid=1047(cameraserver) /vendor/bin/hw/camerahalserver identical 9 lines
01-10 14:12:46.210000   548   548 I auditd  : type=1400 audit(0.0:104): avc: denied { add_name } for comm="HwBinder:548_2" name="shading_otp" scontext=u:r:mtk_hal_camera:s0 tcontext=u:object_r:system_data_file:s0 tclass=dir permissive=0
01-10 14:12:46.452348   943  1007 I am_kill : [0,2484,com.datalogic.setupwizardscanner,906,empty #17]
01-10 14:12:46.453761   943  1007 I am_kill : [0,2469,com.datalogic.scan2deploy,906,empty #18]
01-10 14:12:46.455608   943  1007 I am_kill : [0,1766,android.process.media,906,empty #19]
01-10 14:12:46.505552   943  2574 I am_proc_died: [0,2484,com.datalogic.setupwizardscanner,906,17]
01-10 14:12:46.506078   943  2574 I am_uid_stopped: 10066
01-10 14:12:46.513707   943  1214 I am_proc_died: [0,2469,com.datalogic.scan2deploy,906,17]
01-10 14:12:46.514078   943  1214 I am_uid_stopped: 10064
01-10 14:12:46.544709   943  1214 I am_proc_died: [0,1766,android.process.media,906,17]
01-10 14:12:46.545393   943  1214 I am_uid_stopped: 10015
01-10 14:12:46.596424   943  1000 I am_pss  : [1746,10032,com.gears42.surelock,26128384,20217856,0]
01-10 14:12:46.669570   943  1000 I am_pss  : [2066,10068,com.datalogic.softspot,22491136,16257024,0]
01-10 14:12:46.717321   943  1000 I am_pss  : [2337,10020,com.android.mms,10188800,5738496,0]
01-10 14:12:46.763830   943  1000 I am_pss  : [1349,1000,com.android.settings,17062912,10194944,0]
01-10 14:12:46.797365   943  1000 I am_pss  : [2197,10072,com.mediatek.mtklogger.proxy,3951616,2277376,0]
01-10 14:12:46.828035   943  1000 I am_pss  : [2158,10051,com.android.calendar,5760000,3436544,0]
01-10 14:12:46.860685   943  1000 I am_pss  : [2138,10049,com.mediatek.mtklogger,7091200,4526080,0]
01-10 14:12:46.891313   943  1000 I am_pss  : [1845,10008,android.ext.services,5289984,2863104,0]
01-10 14:12:46.921490   943  1000 I am_pss  : [1829,10004,com.baidu.map.location,5294080,3403776,0]
01-10 14:12:46.952890   943  1000 I am_pss  : [1781,1000,system:ui,14374912,6713344,0]
01-10 14:12:46.983345   943  1000 I am_pss  : [1716,10018,com.android.launcher3,8412160,5787648,0]
01-10 14:12:47.013325   943  1000 I am_pss  : [1731,10069,com.android.smspush,3962880,2285568,0]
01-10 14:12:47.044533   943  1000 I am_pss  : [1117,10060,com.android.inputmethod.latin,12739584,9752576,0]
01-10 14:12:47.210000   548   548 I auditd  : type=1400 audit(0.0:105): avc: denied { add_name } for comm="HwBinder:548_2" name="shading_otp" scontext=u:r:mtk_hal_camera:s0 tcontext=u:object_r:system_data_file:s0 tclass=dir permissive=0
01-10 14:12:49.177570   943  1214 I am_proc_start: [0,2885,1000,com.android.keychain,service,com.android.keychain/.KeyChainService]
01-10 14:12:49.210000   548   548 I auditd  : type=1400 audit(0.0:107): avc: denied { add_name } for comm="HwBinder:548_2" name="shading_otp" scontext=u:r:mtk_hal_camera:s0 tcontext=u:object_r:system_data_file:s0 tclass=dir permissive=0
01-10 14:12:49.230591   943  1214 I am_proc_bound: [0,2885,com.android.keychain]
01-10 14:12:49.234785   943  1214 I am_kill : [0,2498,com.datalogic.systemupdate,906,empty #17]
01-10 14:12:49.264995   943  1214 I am_proc_died: [0,2498,com.datalogic.systemupdate,906,17]
01-10 14:12:49.265516   943  1214 I am_uid_stopped: 10005
01-10 14:12:49.320936   943  1214 I am_kill : [0,2514,com.example.factorydevelopx,906,empty #17]
01-10 14:12:49.342509   943  1214 I am_proc_died: [0,2514,com.example.factorydevelopx,906,17]
01-10 14:12:50.214000   548   548 I auditd  : type=1400 audit(0.0:108): avc: denied { add_name } for comm="HwBinder:548_2" name="shading_otp" scontext=u:r:mtk_hal_camera:s0 tcontext=u:object_r:system_data_file:s0 tclass=dir permissive=0
01-10 14:12:58.218000   548   548 I chatty  : uid=1047(cameraserver) /vendor/bin/hw/camerahalserver identical 8 lines
01-10 14:12:59.218000   548   548 I auditd  : type=1400 audit(0.0:117): avc: denied { add_name } for comm="HwBinder:548_2" name="shading_otp" scontext=u:r:mtk_hal_camera:s0 tcontext=u:object_r:system_data_file:s0 tclass=dir permissive=0
01-10 14:12:59.736841   943  1000 I am_pss  : [1956,10002,android.process.acore,13901824,10113024,0]
01-10 14:12:59.808994   943  1000 I am_pss  : [2236,10052,com.android.email,12324864,9015296,0]
01-10 14:12:59.858383   943  1000 I am_pss  : [2681,1000,com.mediatek.ppl,4645888,2506752,0]
01-10 14:12:59.900884   943  1000 I am_pss  : [2664,1000,com.mediatek.duraspeed,5051392,3014656,0]
01-10 14:12:59.935967   943  1000 I am_pss  : [2650,10076,com.mediatek.camera,5582848,3670016,0]
01-10 14:12:59.966290   943  1000 I am_pss  : [2633,1000,com.mediatek.thermalmanager,3847168,2207744,0]
01-10 14:12:59.996479   943  1000 I am_pss  : [2616,1000,com.mediatek.simprocessor,4595712,2519040,0]
01-10 14:13:00.026669   943  1000 I am_pss  : [2599,1000,com.mediatek.providers.drm,4362240,2322432,0]
01-10 14:13:00.058422   943  1000 I am_pss  : [2582,10020,com.mediatek.omacp,5264384,3092480,0]
01-10 14:13:00.089865   943  1000 I am_pss  : [2561,1001,com.mediatek.engineermode,6575104,4759552,0]
01-10 14:13:00.119913   943  1000 I am_pss  : [2546,1000,com.mediatek.bluetooth.dtt,4666368,3006464,0]
01-10 14:13:00.150239   943  1000 I am_pss  : [1690,10062,com.android.printspooler,4935680,3072000,0]
01-10 14:13:00.180205   943  1000 I am_pss  : [2528,1000,com.mediatek.batterywarning,3947520,2265088,0]
01-10 14:13:00.222000   548   548 I auditd  : type=1400 audit(0.0:118): avc: denied { add_name } for comm="HwBinder:548_2" name="shading_otp" scontext=u:r:mtk_hal_camera:s0 tcontext=u:object_r:system_data_file:s0 tclass=dir permissive=0
01-10 14:13:16.234000   548   548 I chatty  : uid=1047(cameraserver) /vendor/bin/hw/camerahalserver identical 16 lines
01-10 14:13:17.234000   548   548 I auditd  : type=1400 audit(0.0:135): avc: denied { add_name } for comm="HwBinder:548_2" name="shading_otp" scontext=u:r:mtk_hal_camera:s0 tcontext=u:object_r:system_data_file:s0 tclass=dir permissive=0
01-10 14:13:17.290674   943   943 I am_kill : [0,2158,com.android.calendar,906,empty #17]
01-10 14:13:17.313173   943  1084 I netstats_mobile_sample: [0,0,0,0,0,0,0,0,0,0,0,0,-1]
01-10 14:13:17.313564   943  1084 I netstats_wifi_sample: [0,0,0,0,0,0,0,0,0,0,0,0,-1]
01-10 14:13:17.338307   943  1214 I am_proc_died: [0,2158,com.android.calendar,906,17]
01-10 14:13:17.338826   943  1214 I am_uid_stopped: 10051
01-10 14:13:17.400637   943  1000 I am_pss  : [2719,10030,com.gears42.surefox,46806016,23191552,0]
01-10 14:13:18.234000   548   548 I auditd  : type=1400 audit(0.0:136): avc: denied { add_name } for comm="HwBinder:548_2" name="shading_otp" scontext=u:r:mtk_hal_camera:s0 tcontext=u:object_r:system_data_file:s0 tclass=dir permissive=0
01-10 14:13:25.238000   548   548 I chatty  : uid=1047(cameraserver) /vendor/bin/hw/camerahalserver identical 7 lines
01-10 14:13:26.242000   548   548 I auditd  : type=1400 audit(0.0:144): avc: denied { add_name } for comm="HwBinder:548_2" name="shading_otp" scontext=u:r:mtk_hal_camera:s0 tcontext=u:object_r:system_data_file:s0 tclass=dir permissive=0
01-10 14:13:27.176409   943  1001 I am_uid_idle: 10062
01-10 14:13:27.242000   548   548 I auditd  : type=1400 audit(0.0:145): avc: denied { add_name } for comm="HwBinder:548_2" name="shading_otp" scontext=u:r:mtk_hal_camera:s0 tcontext=u:object_r:system_data_file:s0 tclass=dir permissive=0
01-10 14:13:27.761977   943  1001 I am_uid_idle: 10002
01-10 14:13:28.242000   548   548 I auditd  : type=1400 audit(0.0:146): avc: denied { add_name } for comm="HwBinder:548_2" name="shading_otp" scontext=u:r:mtk_hal_camera:s0 tcontext=u:object_r:system_data_file:s0 tclass=dir permissive=0
01-10 14:13:58.266000   548   548 I chatty  : uid=1047(cameraserver) /vendor/bin/hw/camerahalserver identical 30 lines
01-10 14:13:59.266000   548   548 I auditd  : type=1400 audit(0.0:177): avc: denied { add_name } for comm="HwBinder:548_2" name="shading_otp" scontext=u:r:mtk_hal_camera:s0 tcontext=u:object_r:system_data_file:s0 tclass=dir permissive=0
01-10 14:14:00.128337   943  1000 I am_pss  : [2212,10011,com.android.providers.calendar,6477824,4112384,0]
01-10 14:14:00.183067   943  1000 I am_pss  : [2885,1000,com.android.keychain,4203520,2367488,0]
01-10 14:14:00.270000   548   548 I auditd  : type=1400 audit(0.0:178): avc: denied { add_name } for comm="HwBinder:548_2" name="shading_otp" scontext=u:r:mtk_hal_camera:s0 tcontext=u:object_r:system_data_file:s0 tclass=dir permissive=0
01-10 14:14:06.276622   943  2574 I battery_status: [5,2,1,2,Li-poly]
01-10 14:14:06.274000   548   548 I auditd  : type=1400 audit(0.0:184): avc: denied { add_name } for comm="HwBinder:548_2" name="shading_otp" scontext=u:r:mtk_hal_camera:s0 tcontext=u:object_r:system_data_file:s0 tclass=dir permissive=0
01-10 14:14:58.314000   548   548 I chatty  : uid=1047(cameraserver) /vendor/bin/hw/camerahalserver identical 52 lines
01-10 14:14:59.314000   548   548 I auditd  : type=1400 audit(0.0:237): avc: denied { add_name } for comm="HwBinder:548_2" name="shading_otp" scontext=u:r:mtk_hal_camera:s0 tcontext=u:object_r:system_data_file:s0 tclass=dir permissive=0
01-10 14:15:00.197054   943  1000 I am_pss  : [943,1000,system,132116480,105472000,0]
01-10 14:15:00.266280   943  1000 I am_pss  : [1130,10021,com.android.systemui,99777536,80973824,0]
01-10 14:15:00.318508   943  1000 I am_pss  : [1670,1000,com.datalogic.service,37129216,31510528,0]
01-10 14:15:00.314000   548   548 I auditd  : type=1400 audit(0.0:238): avc: denied { add_name } for comm="HwBinder:548_2" name="shading_otp" scontext=u:r:mtk_hal_camera:s0 tcontext=u:object_r:system_data_file:s0 tclass=dir permissive=0
01-10 14:15:00.353599   943  1000 I am_pss  : [1659,1027,com.android.nfc,11439104,6991872,0]
01-10 14:15:00.386324   943  1000 I am_pss  : [1646,1000,com.datalogic.dxu,28393472,23609344,0]
01-10 14:15:00.422836   943  1000 I am_pss  : [1311,1001,com.android.phone,28193792,20328448,0]
01-10 14:15:00.456013   943  1000 I am_pss  : [1299,1001,com.mediatek.ims,13277184,7614464,0]
01-10 14:15:01.318000   548   548 I auditd  : type=1400 audit(0.0:239): avc: denied { add_name } for comm="HwBinder:548_2" name="shading_otp" scontext=u:r:mtk_hal_camera:s0 tcontext=u:object_r:system_data_file:s0 tclass=dir permissive=0
01-10 14:27:58.974000   548   548 I chatty  : uid=1047(cameraserver) /vendor/bin/hw/camerahalserver identical 777 lines
01-10 14:27:59.974000   548   548 I auditd  : type=1400 audit(0.0:1017): avc: denied { add_name } for comm="HwBinder:548_2" name="shading_otp" scontext=u:r:mtk_hal_camera:s0 tcontext=u:object_r:system_data_file:s0 tclass=dir permissive=0
01-10 14:28:00.131652   943  1000 I am_pss  : [1845,10008,android.ext.services,5385216,2863104,0]
01-10 14:28:00.207465   943  1000 I am_pss  : [1746,10032,com.gears42.surelock,25792512,19496960,0]
01-10 14:28:00.265326   943  1000 I am_pss  : [2066,10068,com.datalogic.softspot,22649856,16326656,0]
01-10 14:28:00.312031   943  1000 I am_pss  : [2138,10049,com.mediatek.mtklogger,7290880,4616192,0]
01-10 14:28:00.346917   943  1000 I am_pss  : [1829,10004,com.baidu.map.location,5389312,3403776,0]
01-10 14:28:00.378583   943  1000 I am_pss  : [1781,1000,system:ui,14589952,6606848,0]
01-10 14:28:00.409133   943  1000 I am_pss  : [1716,10018,com.android.launcher3,8518656,5787648,0]
01-10 14:28:00.438931   943  1000 I am_pss  : [1731,10069,com.android.smspush,4049920,2285568,0]
01-10 14:28:00.469847   943  1000 I am_pss  : [1117,10060,com.android.inputmethod.latin,12811264,9723904,0]
01-10 14:28:00.978000   548   548 I auditd  : type=1400 audit(0.0:1018): avc: denied { add_name } for comm="HwBinder:548_2" name="shading_otp" scontext=u:r:mtk_hal_camera:s0 tcontext=u:object_r:system_data_file:s0 tclass=dir permissive=0
01-10 14:30:00.148190   943  1000 I am_pss  : [943,1000,system,127805440,100524032,0]
01-10 14:30:00.214225   943  1000 I am_pss  : [1130,10021,com.android.systemui,84379648,70119424,0]
01-10 14:30:00.263779   943  1000 I am_pss  : [1670,1000,com.datalogic.service,37129216,31510528,0]
01-10 14:30:00.298218   943  1000 I am_pss  : [1659,1027,com.android.nfc,11439104,6991872,0]
01-10 14:30:00.330773   943  1000 I am_pss  : [1646,1000,com.datalogic.dxu,28393472,23609344,0]
01-10 14:30:00.367321   943  1000 I am_pss  : [1311,1001,com.android.phone,28656640,20791296,0]
01-10 14:30:00.400478   943  1000 I am_pss  : [1299,1001,com.mediatek.ims,13277184,7614464,0]
01-10 14:30:01.074000   548   548 I auditd  : type=1400 audit(0.0:1138): avc: denied { add_name } for comm="HwBinder:548_2" name="shading_otp" scontext=u:r:mtk_hal_camera:s0 tcontext=u:object_r:system_data_file:s0 tclass=dir permissive=0
01-10 14:32:58.230000   548   548 I chatty  : uid=1047(cameraserver) /vendor/bin/hw/camerahalserver identical 177 lines
01-10 14:32:59.230000   548   548 I auditd  : type=1400 audit(0.0:1316): avc: denied { add_name } for comm="HwBinder:548_2" name="shading_otp" scontext=u:r:mtk_hal_camera:s0 tcontext=u:object_r:system_data_file:s0 tclass=dir permissive=0
01-10 14:33:00.132614   943  1000 I am_pss  : [2337,10020,com.android.mms,11098112,7356416,0]
01-10 14:33:00.207691   943  1000 I am_pss  : [1349,1000,com.android.settings,18355200,10739712,0]
01-10 14:33:00.230000   548   548 I auditd  : type=1400 audit(0.0:1317): avc: denied { add_name } for comm="HwBinder:548_2" name="shading_otp" scontext=u:r:mtk_hal_camera:s0 tcontext=u:object_r:system_data_file:s0 tclass=dir permissive=0
01-10 14:33:00.257759   943  1000 I am_pss  : [2197,10072,com.mediatek.mtklogger.proxy,4042752,2277376,0]
01-10 14:33:01.234000   548   548 I auditd  : type=1400 audit(0.0:1318): avc: denied { add_name } for comm="HwBinder:548_2" name="shading_otp" scontext=u:r:mtk_hal_camera:s0 tcontext=u:object_r:system_data_file:s0 tclass=dir permissive=0
01-10 14:42:06.298000   368   368 I auditd  : type=1400 audit(0.0:1863): avc: denied { write } for comm="kphd" name="/" dev="dm-2" ino=2 scontext=u:r:tkcore:s0 tcontext=u:object_r:system_data_file:s0 tclass=dir permissive=0
01-10 14:42:06.298000   368   368 I auditd  : type=1400 audit(0.0:1864): avc: denied { write } for comm="kphd" name="/" dev="dm-2" ino=2 scontext=u:r:tkcore:s0 tcontext=u:object_r:system_data_file:s0 tclass=dir permissive=0
01-10 14:42:06.678000   548   548 I auditd  : type=1400 audit(0.0:1865): avc: denied { add_name } for comm="HwBinder:548_2" name="shading_otp" scontext=u:r:mtk_hal_camera:s0 tcontext=u:object_r:system_data_file:s0 tclass=dir permissive=0
01-10 14:42:16.686000   548   548 I chatty  : uid=1047(cameraserver) /vendor/bin/hw/camerahalserver identical 10 lines
01-10 14:42:17.686000   548   548 I auditd  : type=1400 audit(0.0:1876): avc: denied { add_name } for comm="HwBinder:548_2" name="shading_otp" scontext=u:r:mtk_hal_camera:s0 tcontext=u:object_r:system_data_file:s0 tclass=dir permissive=0
01-10 14:42:17.945695   943  1084 I netstats_mobile_sample: [0,0,0,0,0,0,0,0,0,0,0,0,-1]
01-10 14:42:17.946032   943  1084 I netstats_wifi_sample: [0,0,0,0,0,0,0,0,0,0,0,0,-1]
01-10 14:42:18.686000   548   548 I auditd  : type=1400 audit(0.0:1877): avc: denied { add_name } for comm="HwBinder:548_2" name="shading_otp" scontext=u:r:mtk_hal_camera:s0 tcontext=u:object_r:system_data_file:s0 tclass=dir permissive=0
01-10 14:42:58.718000   548   548 I chatty  : uid=1047(cameraserver) /vendor/bin/hw/camerahalserver identical 40 lines
01-10 14:42:59.718000   548   548 I auditd  : type=1400 audit(0.0:1918): avc: denied { add_name } for comm="HwBinder:548_2" name="shading_otp" scontext=u:r:mtk_hal_camera:s0 tcontext=u:object_r:system_data_file:s0 tclass=dir permissive=0
01-10 14:43:00.008931   943   943 I am_kill : [0,2616,com.mediatek.simprocessor,904,empty for 1832s]
01-10 14:43:00.010543   943   943 I am_kill : [0,2599,com.mediatek.providers.drm,904,empty for 1832s]
01-10 14:43:00.011804   943   943 I am_kill : [0,2582,com.mediatek.omacp,904,empty for 1832s]
01-10 14:43:00.013134   943   943 I am_kill : [0,2561,com.mediatek.engineermode,904,empty for 1832s]
01-10 14:43:00.014873   943   943 I am_kill : [0,2546,com.mediatek.bluetooth.dtt,904,empty for 1832s]
01-10 14:43:00.016246   943   943 I am_kill : [0,1690,com.android.printspooler,906,empty for 1832s]
01-10 14:43:00.017649   943   943 I am_kill : [0,2528,com.mediatek.batterywarning,906,empty for 1832s]
01-10 14:43:00.070782   943  2574 I am_proc_died: [0,2582,com.mediatek.omacp,904,17]
01-10 14:43:00.082253   943  1214 I am_proc_died: [0,2616,com.mediatek.simprocessor,904,17]
01-10 14:43:00.089102   943  1371 I am_proc_died: [0,1690,com.android.printspooler,906,17]
01-10 14:43:00.089573   943  1371 I am_uid_stopped: 10062
01-10 14:43:00.100115   943  1272 I am_proc_died: [0,2561,com.mediatek.engineermode,904,17]
01-10 14:43:00.110848   943  1371 I am_proc_died: [0,2528,com.mediatek.batterywarning,906,17]
01-10 14:43:00.128795   943  1371 I am_proc_died: [0,2599,com.mediatek.providers.drm,904,17]
01-10 14:43:00.136667   943  1214 I am_proc_died: [0,2546,com.mediatek.bluetooth.dtt,904,17]
01-10 14:43:00.167044   943  1000 I am_pss  : [1956,10002,android.process.acore,14326784,9998336,0]
01-10 14:43:00.225073   943  1000 I am_pss  : [2236,10052,com.android.email,13730816,10719232,0]
01-10 14:43:00.268199   943  1000 I am_pss  : [2681,1000,com.mediatek.ppl,5178368,2506752,0]
01-10 14:43:00.309763   943  1000 I am_pss  : [2664,1000,com.mediatek.duraspeed,5586944,3014656,0]
01-10 14:43:00.342342   943  1000 I am_pss  : [2650,10076,com.mediatek.camera,6081536,3670016,0]
01-10 14:43:00.372138   943  1000 I am_pss  : [2633,1000,com.mediatek.thermalmanager,4347904,2215936,0]
01-10 14:43:00.402625   943  1000 I am_pss  : [1845,10008,android.ext.services,5815296,2863104,0]
01-10 14:43:00.436507   943  1000 I am_pss  : [1746,10032,com.gears42.surelock,26283008,19496960,0]
01-10 14:43:00.472187   943  1000 I am_pss  : [2066,10068,com.datalogic.softspot,23141376,16326656,0]
01-10 14:43:00.504897   943  1000 I am_pss  : [2138,10049,com.mediatek.mtklogger,8195072,4784128,0]
01-10 14:43:00.534918   943  1000 I am_pss  : [1829,10004,com.baidu.map.location,5848064,3403776,0]
01-10 14:43:00.565826   943  1000 I am_pss  : [1781,1000,system:ui,15067136,6606848,0]
01-10 14:43:00.596250   943  1000 I am_pss  : [1716,10018,com.android.launcher3,8984576,5791744,0]
01-10 14:43:00.626003   943  1000 I am_pss  : [1731,10069,com.android.smspush,4488192,2285568,0]
01-10 14:43:00.656849   943  1000 I am_pss  : [1117,10060,com.android.inputmethod.latin,13303808,9723904,0]
01-10 14:43:00.722000   548   548 I auditd  : type=1400 audit(0.0:1919): avc: denied { add_name } for comm="HwBinder:548_2" name="shading_otp" scontext=u:r:mtk_hal_camera:s0 tcontext=u:object_r:system_data_file:s0 tclass=dir permissive=0
01-10 14:43:58.770000   548   548 I chatty  : uid=1047(cameraserver) /vendor/bin/hw/camerahalserver identical 58 lines
01-10 14:43:59.770000   548   548 I auditd  : type=1400 audit(0.0:1978): avc: denied { add_name } for comm="HwBinder:548_2" name="shading_otp" scontext=u:r:mtk_hal_camera:s0 tcontext=u:object_r:system_data_file:s0 tclass=dir permissive=0
01-10 14:44:00.062888   943  1000 I am_pss  : [2212,10011,com.android.providers.calendar,6964224,4112384,0]
01-10 14:44:00.120723   943  1000 I am_pss  : [2885,1000,com.android.keychain,4653056,2367488,0]
01-10 14:44:00.175029   943  1000 I am_pss  : [2719,10030,com.gears42.surefox,46880768,23191552,0]
01-10 14:44:00.770000   548   548 I auditd  : type=1400 audit(0.0:1979): avc: denied { add_name } for comm="HwBinder:548_2" name="shading_otp" scontext=u:r:mtk_hal_camera:s0 tcontext=u:object_r:system_data_file:s0 tclass=dir permissive=0
01-10 14:44:58.822000   548   548 I chatty  : uid=1047(cameraserver) /vendor/bin/hw/camerahalserver identical 58 lines
01-10 14:44:59.822000   548   548 I auditd  : type=1400 audit(0.0:2038): avc: denied { add_name } for comm="HwBinder:548_2" name="shading_otp" scontext=u:r:mtk_hal_camera:s0 tcontext=u:object_r:system_data_file:s0 tclass=dir permissive=0
01-10 14:45:00.138902   943  1000 I am_pss  : [943,1000,system,132664320,104783872,0]
01-10 14:45:00.204671   943  1000 I am_pss  : [1130,10021,com.android.systemui,85907456,71106560,0]
01-10 14:45:00.256216   943  1000 I am_pss  : [1670,1000,com.datalogic.service,37609472,31510528,0]
01-10 14:45:00.291315   943  1000 I am_pss  : [1659,1027,com.android.nfc,11931648,6991872,0]
01-10 14:45:00.323909   943  1000 I am_pss  : [1646,1000,com.datalogic.dxu,28870656,23609344,0]
01-10 14:45:00.360356   943  1000 I am_pss  : [1311,1001,com.android.phone,29834240,21336064,0]
01-10 14:45:00.393398   943  1000 I am_pss  : [1299,1001,com.mediatek.ims,13845504,7614464,0]
01-10 14:45:00.822000   548   548 I auditd  : type=1400 audit(0.0:2039): avc: denied { add_name } for comm="HwBinder:548_2" name="shading_otp" scontext=u:r:mtk_hal_camera:s0 tcontext=u:object_r:system_data_file:s0 tclass=dir permissive=0
01-10 14:52:58.242000   548   548 I chatty  : uid=1047(cameraserver) /vendor/bin/hw/camerahalserver identical 477 lines
01-10 14:52:59.242000   548   548 I auditd  : type=1400 audit(0.0:2517): avc: denied { add_name } for comm="HwBinder:548_2" name="shading_otp" scontext=u:r:mtk_hal_camera:s0 tcontext=u:object_r:system_data_file:s0 tclass=dir permissive=0
01-10 14:53:00.112228   943  1000 I am_pss  : [2337,10020,com.android.mms,11701248,7397376,0]
01-10 14:53:00.169538   943  1000 I am_pss  : [1349,1000,com.android.settings,18837504,10739712,0]
01-10 14:53:00.218347   943  1000 I am_pss  : [2197,10072,com.mediatek.mtklogger.proxy,4492288,2277376,0]
01-10 14:53:00.242000   548   548 I auditd  : type=1400 audit(0.0:2518): avc: denied { add_name } for comm="HwBinder:548_2" name="shading_otp" scontext=u:r:mtk_hal_camera:s0 tcontext=u:object_r:system_data_file:s0 tclass=dir permissive=0
01-10 14:55:01.362000   548   548 I chatty  : uid=1047(cameraserver) /vendor/bin/hw/camerahalserver identical 121 lines
01-10 14:55:02.362000   548   548 I auditd  : type=1400 audit(0.0:2640): avc: denied { add_name } for comm="HwBinder:548_2" name="shading_otp" scontext=u:r:mtk_hal_camera:s0 tcontext=u:object_r:system_data_file:s0 tclass=dir permissive=0
01-10 14:55:03.273360   943  1272 I battery_status: [3,2,1,0,Li-poly]
01-10 14:55:03.366000   548   548 I auditd  : type=1400 audit(0.0:2641): avc: denied { add_name } for comm="HwBinder:548_2" name="shading_otp" scontext=u:r:mtk_hal_camera:s0 tcontext=u:object_r:system_data_file:s0 tclass=dir permissive=0
01-10 14:55:04.259927   943  1001 I am_uid_running: 10015
01-10 14:55:04.297838   943  1001 I am_proc_start: [0,4946,10015,android.process.media,broadcast,com.android.providers.media/.MtpReceiver]
01-10 14:55:04.333883   943  1371 I am_proc_bound: [0,4946,android.process.media]
01-10 14:55:04.366000   548   548 I auditd  : type=1400 audit(0.0:2642): avc: denied { add_name } for comm="HwBinder:548_2" name="shading_otp" scontext=u:r:mtk_hal_camera:s0 tcontext=u:object_r:system_data_file:s0 tclass=dir permissive=0
01-10 14:55:04.477587   943  1272 I am_kill : [0,2633,com.mediatek.thermalmanager,906,empty for 2556s]
01-10 14:55:04.505946   943  1371 I am_proc_start: [0,4963,1001,com.mediatek.engineermode,broadcast,com.mediatek.engineermode/.nsiot.UsbStateReceiverNsiot]
01-10 14:55:04.506773   943  1272 I am_proc_died: [0,2633,com.mediatek.thermalmanager,906,17]
01-10 14:55:04.528377   943  1371 I am_proc_bound: [0,4963,com.mediatek.engineermode]
01-10 14:55:04.577387   943  1371 I am_kill : [0,2650,com.mediatek.camera,906,empty for 2556s]
01-10 14:55:04.594933   943  1272 I am_proc_died: [0,2650,com.mediatek.camera,906,17]
01-10 14:55:04.595247   943  1272 I am_uid_stopped: 10076
01-10 14:55:05.366000   548   548 I auditd  : type=1400 audit(0.0:2643): avc: denied { add_name } for comm="HwBinder:548_2" name="shading_otp" scontext=u:r:mtk_hal_camera:s0 tcontext=u:object_r:system_data_file:s0 tclass=dir permissive=0
01-10 14:55:11.370000   548   548 I chatty  : uid=1047(cameraserver) /vendor/bin/hw/camerahalserver identical 6 lines
01-10 14:55:12.370000   548   548 I auditd  : type=1400 audit(0.0:2650): avc: denied { add_name } for comm="HwBinder:548_2" name="shading_otp" scontext=u:r:mtk_hal_camera:s0 tcontext=u:object_r:system_data_file:s0 tclass=dir permissive=0
01-10 14:55:13.298588   943  1015 I power_sleep_requested: 0
01-10 14:55:13.374000   548   548 I auditd  : type=1400 audit(0.0:2651): avc: denied { add_name } for comm="HwBinder:548_2" name="shading_otp" scontext=u:r:mtk_hal_camera:s0 tcontext=u:object_r:system_data_file:s0 tclass=dir permissive=0
01-10 14:55:14.162333   943   943 I sysui_multi_action: [757,198,758,2,759,3]
01-10 14:55:14.162514   943   943 I power_screen_state: [0,3,0,0,0]
01-10 14:55:14.162629   943   943 I screen_toggled: 0
01-10 14:55:14.162767   943   943 I sysui_histogram: [screen_timeout,2147483]
01-10 14:55:14.162985   943   943 I sysui_multi_action: [757,804,799,screen_timeout,801,2147483,802,1]
01-10 14:55:14.163504   943   943 I power_screen_broadcast_send: 1
01-10 14:55:14.200384   943  1730 I sysui_multi_action: [757,128,758,2,793,2568771,794,2568057,795,2567044,796,2130837539,798,0,806,com.mediatek.mtklogger,857,miscellaneous,858,2,947,0]
01-10 14:55:14.200559   943  1730 I notification_visibility: [0|com.mediatek.mtklogger|2130837539|null|10049,0,2568771,2567044,0,0]
01-10 14:55:14.200783   943  1730 I sysui_multi_action: [757,128,758,2,793,2570235,794,2569416,795,2570235,796,1,798,1,806,com.datalogic.softspot,857,com.datalogic.softspot.booting,858,2,947,0]
01-10 14:55:14.200944   943  1730 I notification_visibility: [0|com.datalogic.softspot|1|null|10068,0,2570235,2570235,0,1]
01-10 14:55:14.202292   943  1730 I sysui_view_visibility: [127,0]
01-10 14:55:14.202526   943  1730 I sysui_multi_action: [757,127,758,2]
01-10 14:55:14.202607   943  1730 I notification_panel_hidden: 
01-10 14:55:14.226708   943   943 I power_screen_broadcast_done: [1,63,1]
01-10 14:55:14.226859   943   943 I power_screen_broadcast_send: 1
01-10 14:55:14.262720   943   943 I power_screen_broadcast_done: [0,36,1]
01-10 14:55:14.374000   548   548 I auditd  : type=1400 audit(0.0:2652): avc: denied { add_name } for comm="HwBinder:548_2" name="shading_otp" scontext=u:r:mtk_hal_camera:s0 tcontext=u:object_r:system_data_file:s0 tclass=dir permissive=0
01-10 14:55:15.536000   361   361 I auditd  : type=1400 audit(0.0:2654): avc: denied { write } for comm="teed" name="/" dev="dm-2" ino=2 scontext=u:r:tkcore:s0 tcontext=u:object_r:system_data_file:s0 tclass=dir permissive=0
01-10 14:55:16.380000   548   548 I auditd  : type=1400 audit(0.0:2655): avc: denied { add_name } for comm="HwBinder:548_2" name="shading_otp" scontext=u:r:mtk_hal_camera:s0 tcontext=u:object_r:system_data_file:s0 tclass=dir permissive=0
01-10 14:55:19.524000   361   361 I auditd  : type=1400 audit(0.0:2656): avc: denied { write } for comm="teed" name="/" dev="dm-2" ino=2 scontext=u:r:tkcore:s0 tcontext=u:object_r:system_data_file:s0 tclass=dir permissive=0
01-10 14:55:20.028000   548   548 I auditd  : type=1400 audit(0.0:2657): avc: denied { add_name } for comm="HwBinder:548_2" name="shading_otp" scontext=u:r:mtk_hal_camera:s0 tcontext=u:object_r:system_data_file:s0 tclass=dir permissive=0
01-10 14:55:22.078000   361   361 I auditd  : type=1400 audit(0.0:2658): avc: denied { write } for comm="teed" name="/" dev="dm-2" ino=2 scontext=u:r:tkcore:s0 tcontext=u:object_r:system_data_file:s0 tclass=dir permissive=0
01-10 14:55:22.218000   548   548 I auditd  : type=1400 audit(0.0:2659): avc: denied { add_name } for comm="HwBinder:548_2" name="shading_otp" scontext=u:r:mtk_hal_camera:s0 tcontext=u:object_r:system_data_file:s0 tclass=dir permissive=0
01-10 14:55:24.637000   361   361 I auditd  : type=1400 audit(0.0:2661): avc: denied { write } for comm="teed" name="/" dev="dm-2" ino=2 scontext=u:r:tkcore:s0 tcontext=u:object_r:system_data_file:s0 tclass=dir permissive=0
01-10 14:55:25.361000   548   548 I auditd  : type=1400 audit(0.0:2662): avc: denied { add_name } for comm="HwBinder:548_2" name="shading_otp" scontext=u:r:mtk_hal_camera:s0 tcontext=u:object_r:system_data_file:s0 tclass=dir permissive=0
01-10 14:55:27.193000   361   361 I auditd  : type=1400 audit(0.0:2663): avc: denied { write } for comm="teed" name="/" dev="dm-2" ino=2 scontext=u:r:tkcore:s0 tcontext=u:object_r:system_data_file:s0 tclass=dir permissive=0
01-10 14:55:27.593000   548   548 I auditd  : type=1400 audit(0.0:2664): avc: denied { add_name } for comm="HwBinder:548_2" name="shading_otp" scontext=u:r:mtk_hal_camera:s0 tcontext=u:object_r:system_data_file:s0 tclass=dir permissive=0
01-10 14:55:29.736000   361   361 I auditd  : type=1400 audit(0.0:2665): avc: denied { write } for comm="teed" name="/" dev="dm-2" ino=2 scontext=u:r:tkcore:s0 tcontext=u:object_r:system_data_file:s0 tclass=dir permissive=0
01-10 14:55:29.804000   548   548 I auditd  : type=1400 audit(0.0:2666): avc: denied { add_name } for comm="HwBinder:548_2" name="shading_otp" scontext=u:r:mtk_hal_camera:s0 tcontext=u:object_r:system_data_file:s0 tclass=dir permissive=0
01-10 14:55:30.804000   548   548 I auditd  : type=1400 audit(0.0:2667): avc: denied { add_name } for comm="HwBinder:548_2" name="shading_otp" scontext=u:r:mtk_hal_camera:s0 tcontext=u:object_r:system_data_file:s0 tclass=dir permissive=0
01-10 14:55:32.323000   361   361 I auditd  : type=1400 audit(0.0:2668): avc: denied { write } for comm="teed" name="/" dev="dm-2" ino=2 scontext=u:r:tkcore:s0 tcontext=u:object_r:system_data_file:s0 tclass=dir permissive=0
01-10 14:55:33.043000   548   548 I auditd  : type=1400 audit(0.0:2669): avc: denied { add_name } for comm="HwBinder:548_2" name="shading_otp" scontext=u:r:mtk_hal_camera:s0 tcontext=u:object_r:system_data_file:s0 tclass=dir permissive=0
01-10 14:55:34.873000   361   361 I auditd  : type=1400 audit(0.0:2670): avc: denied { write } for comm="teed" name="/" dev="dm-2" ino=2 scontext=u:r:tkcore:s0 tcontext=u:object_r:system_data_file:s0 tclass=dir permissive=0
01-10 14:55:35.273000   548   548 I auditd  : type=1400 audit(0.0:2671): avc: denied { add_name } for comm="HwBinder:548_2" name="shading_otp" scontext=u:r:mtk_hal_camera:s0 tcontext=u:object_r:system_data_file:s0 tclass=dir permissive=0
01-10 14:55:37.414000   361   361 I auditd  : type=1400 audit(0.0:2672): avc: denied { write } for comm="teed" name="/" dev="dm-2" ino=2 scontext=u:r:tkcore:s0 tcontext=u:object_r:system_data_file:s0 tclass=dir permissive=0
01-10 14:55:37.482000   548   548 I auditd  : type=1400 audit(0.0:2673): avc: denied { add_name } for comm="HwBinder:548_2" name="shading_otp" scontext=u:r:mtk_hal_camera:s0 tcontext=u:object_r:system_data_file:s0 tclass=dir permissive=0
01-10 14:55:38.482000   548   548 I auditd  : type=1400 audit(0.0:2674): avc: denied { add_name } for comm="HwBinder:548_2" name="shading_otp" scontext=u:r:mtk_hal_camera:s0 tcontext=u:object_r:system_data_file:s0 tclass=dir permissive=0
01-10 14:55:39.971000   361   361 I auditd  : type=1400 audit(0.0:2675): avc: denied { write } for comm="teed" name="/" dev="dm-2" ino=2 scontext=u:r:tkcore:s0 tcontext=u:object_r:system_data_file:s0 tclass=dir permissive=0
01-10 14:55:40.695000   548   548 I auditd  : type=1400 audit(0.0:2676): avc: denied { add_name } for comm="HwBinder:548_2" name="shading_otp" scontext=u:r:mtk_hal_camera:s0 tcontext=u:object_r:system_data_file:s0 tclass=dir permissive=0
01-10 14:55:42.534000   361   361 I auditd  : type=1400 audit(0.0:2677): avc: denied { write } for comm="teed" name="/" dev="dm-2" ino=2 scontext=u:r:tkcore:s0 tcontext=u:object_r:system_data_file:s0 tclass=dir permissive=0
01-10 14:55:42.910000   548   548 I auditd  : type=1400 audit(0.0:2678): avc: denied { add_name } for comm="HwBinder:548_2" name="shading_otp" scontext=u:r:mtk_hal_camera:s0 tcontext=u:object_r:system_data_file:s0 tclass=dir permissive=0
01-10 14:55:45.097000   361   361 I auditd  : type=1400 audit(0.0:2679): avc: denied { write } for comm="teed" name="/" dev="dm-2" ino=2 scontext=u:r:tkcore:s0 tcontext=u:object_r:system_data_file:s0 tclass=dir permissive=0
01-10 14:55:45.121000   548   548 I auditd  : type=1400 audit(0.0:2680): avc: denied { add_name } for comm="HwBinder:548_2" name="shading_otp" scontext=u:r:mtk_hal_camera:s0 tcontext=u:object_r:system_data_file:s0 tclass=dir permissive=0
01-10 14:55:46.121000   548   548 I auditd  : type=1400 audit(0.0:2681): avc: denied { add_name } for comm="HwBinder:548_2" name="shading_otp" scontext=u:r:mtk_hal_camera:s0 tcontext=u:object_r:system_data_file:s0 tclass=dir permissive=0
01-10 14:55:46.449000   361   361 I auditd  : type=1400 audit(0.0:2682): avc: denied { write } for comm="teed" name="/" dev="dm-2" ino=2 scontext=u:r:tkcore:s0 tcontext=u:object_r:system_data_file:s0 tclass=dir permissive=0
01-10 14:55:47.121000   548   548 I auditd  : type=1400 audit(0.0:2683): avc: denied { add_name } for comm="HwBinder:548_2" name="shading_otp" scontext=u:r:mtk_hal_camera:s0 tcontext=u:object_r:system_data_file:s0 tclass=dir permissive=0
01-10 14:55:48.183000   361   361 I auditd  : type=1400 audit(0.0:2684): avc: denied { write } for comm="teed" name="/" dev="dm-2" ino=2 scontext=u:r:tkcore:s0 tcontext=u:object_r:system_data_file:s0 tclass=dir permissive=0
01-10 14:55:50.235000   361   361 I auditd  : type=1400 audit(0.0:2687): avc: denied { write } for comm="teed" name="/" dev="dm-2" ino=2 scontext=u:r:tkcore:s0 tcontext=u:object_r:system_data_file:s0 tclass=dir permissive=0
01-10 14:55:50.903000   548   548 I auditd  : type=1400 audit(0.0:2688): avc: denied { add_name } for comm="HwBinder:548_2" name="shading_otp" scontext=u:r:mtk_hal_camera:s0 tcontext=u:object_r:system_data_file:s0 tclass=dir permissive=0
01-10 14:55:52.776000   361   361 I auditd  : type=1400 audit(0.0:2689): avc: denied { write } for comm="teed" name="/" dev="dm-2" ino=2 scontext=u:r:tkcore:s0 tcontext=u:object_r:system_data_file:s0 tclass=dir permissive=0
01-10 14:55:53.116000   548   548 I auditd  : type=1400 audit(0.0:2690): avc: denied { add_name } for comm="HwBinder:548_2" name="shading_otp" scontext=u:r:mtk_hal_camera:s0 tcontext=u:object_r:system_data_file:s0 tclass=dir permissive=0
01-10 14:55:55.352000   361   361 I auditd  : type=1400 audit(0.0:2691): avc: denied { write } for comm="teed" name="/" dev="dm-2" ino=2 scontext=u:r:tkcore:s0 tcontext=u:object_r:system_data_file:s0 tclass=dir permissive=0
01-10 14:55:55.356000   548   548 I auditd  : type=1400 audit(0.0:2692): avc: denied { add_name } for comm="HwBinder:548_2" name="shading_otp" scontext=u:r:mtk_hal_camera:s0 tcontext=u:object_r:system_data_file:s0 tclass=dir permissive=0
01-10 14:55:56.360000   548   548 I auditd  : type=1400 audit(0.0:2693): avc: denied { add_name } for comm="HwBinder:548_2" name="shading_otp" scontext=u:r:mtk_hal_camera:s0 tcontext=u:object_r:system_data_file:s0 tclass=dir permissive=0
01-10 14:55:57.898000   361   361 I auditd  : type=1400 audit(0.0:2694): avc: denied { write } for comm="teed" name="/" dev="dm-2" ino=2 scontext=u:r:tkcore:s0 tcontext=u:object_r:system_data_file:s0 tclass=dir permissive=0
01-10 14:55:58.570000   548   548 I auditd  : type=1400 audit(0.0:2695): avc: denied { add_name } for comm="HwBinder:548_2" name="shading_otp" scontext=u:r:mtk_hal_camera:s0 tcontext=u:object_r:system_data_file:s0 tclass=dir permissive=0
01-10 14:56:00.453000   361   361 I auditd  : type=1400 audit(0.0:2696): avc: denied { write } for comm="teed" name="/" dev="dm-2" ino=2 scontext=u:r:tkcore:s0 tcontext=u:object_r:system_data_file:s0 tclass=dir permissive=0
01-10 14:56:00.601000   548   548 I auditd  : type=1400 audit(0.0:2697): avc: denied { add_name } for comm="HwBinder:548_2" name="shading_otp" scontext=u:r:mtk_hal_camera:s0 tcontext=u:object_r:system_data_file:s0 tclass=dir permissive=0
01-10 14:56:03.011000   361   361 I auditd  : type=1400 audit(0.0:2698): avc: denied { write } for comm="teed" name="/" dev="dm-2" ino=2 scontext=u:r:tkcore:s0 tcontext=u:object_r:system_data_file:s0 tclass=dir permissive=0
01-10 14:56:03.015000   548   548 I auditd  : type=1400 audit(0.0:2699): avc: denied { add_name } for comm="HwBinder:548_2" name="shading_otp" scontext=u:r:mtk_hal_camera:s0 tcontext=u:object_r:system_data_file:s0 tclass=dir permissive=0
01-10 14:56:04.015000   548   548 I auditd  : type=1400 audit(0.0:2700): avc: denied { add_name } for comm="HwBinder:548_2" name="shading_otp" scontext=u:r:mtk_hal_camera:s0 tcontext=u:object_r:system_data_file:s0 tclass=dir permissive=0
01-10 14:56:05.601000   361   361 I auditd  : type=1400 audit(0.0:2701): avc: denied { write } for comm="teed" name="/" dev="dm-2" ino=2 scontext=u:r:tkcore:s0 tcontext=u:object_r:system_data_file:s0 tclass=dir permissive=0
