01-10 15:00:01.807000   548   548 I auditd  : type=1400 audit(0.0:2939): avc: denied { add_name } for comm="HwBinder:548_2" name="shading_otp" scontext=u:r:mtk_hal_camera:s0 tcontext=u:object_r:system_data_file:s0 tclass=dir permissive=0
01-10 15:00:03.672000   361   361 I auditd  : type=1400 audit(0.0:2940): avc: denied { write } for comm="teed" name="/" dev="dm-2" ino=2 scontext=u:r:tkcore:s0 tcontext=u:object_r:system_data_file:s0 tclass=dir permissive=0
01-10 15:00:03.676000   548   548 I auditd  : type=1400 audit(0.0:2941): avc: denied { add_name } for comm="HwBinder:548_2" name="shading_otp" scontext=u:r:mtk_hal_camera:s0 tcontext=u:object_r:system_data_file:s0 tclass=dir permissive=0
01-10 15:00:04.676000   548   548 I auditd  : type=1400 audit(0.0:2942): avc: denied { add_name } for comm="HwBinder:548_2" name="shading_otp" scontext=u:r:mtk_hal_camera:s0 tcontext=u:object_r:system_data_file:s0 tclass=dir permissive=0
01-10 15:00:06.237000   361   361 I auditd  : type=1400 audit(0.0:2943): avc: denied { write } for comm="teed" name="/" dev="dm-2" ino=2 scontext=u:r:tkcore:s0 tcontext=u:object_r:system_data_file:s0 tclass=dir permissive=0
01-10 15:00:06.905000   548   548 I auditd  : type=1400 audit(0.0:2944): avc: denied { add_name } for comm="HwBinder:548_2" name="shading_otp" scontext=u:r:mtk_hal_camera:s0 tcontext=u:object_r:system_data_file:s0 tclass=dir permissive=0
01-10 15:00:08.793000   361   361 I auditd  : type=1400 audit(0.0:2945): avc: denied { write } for comm="teed" name="/" dev="dm-2" ino=2 scontext=u:r:tkcore:s0 tcontext=u:object_r:system_data_file:s0 tclass=dir permissive=0
01-10 15:00:09.129000   548   548 I auditd  : type=1400 audit(0.0:2946): avc: denied { add_name } for comm="HwBinder:548_2" name="shading_otp" scontext=u:r:mtk_hal_camera:s0 tcontext=u:object_r:system_data_file:s0 tclass=dir permissive=0
01-10 15:00:11.356000   361   361 I auditd  : type=1400 audit(0.0:2947): avc: denied { write } for comm="teed" name="/" dev="dm-2" ino=2 scontext=u:r:tkcore:s0 tcontext=u:object_r:system_data_file:s0 tclass=dir permissive=0
01-10 15:00:11.364000   548   548 I auditd  : type=1400 audit(0.0:2948): avc: denied { add_name } for comm="HwBinder:548_2" name="shading_otp" scontext=u:r:mtk_hal_camera:s0 tcontext=u:object_r:system_data_file:s0 tclass=dir permissive=0
01-10 15:00:12.368000   548   548 I auditd  : type=1400 audit(0.0:2949): avc: denied { add_name } for comm="HwBinder:548_2" name="shading_otp" scontext=u:r:mtk_hal_camera:s0 tcontext=u:object_r:system_data_file:s0 tclass=dir permissive=0
01-10 15:00:13.914000   361   361 I auditd  : type=1400 audit(0.0:2950): avc: denied { write } for comm="teed" name="/" dev="dm-2" ino=2 scontext=u:r:tkcore:s0 tcontext=u:object_r:system_data_file:s0 tclass=dir permissive=0
01-10 15:00:14.410000   548   548 I auditd  : type=1400 audit(0.0:2951): avc: denied { add_name } for comm="HwBinder:548_2" name="shading_otp" scontext=u:r:mtk_hal_camera:s0 tcontext=u:object_r:system_data_file:s0 tclass=dir permissive=0
01-10 15:00:16.479000   361   361 I auditd  : type=1400 audit(0.0:2952): avc: denied { write } for comm="teed" name="/" dev="dm-2" ino=2 scontext=u:r:tkcore:s0 tcontext=u:object_r:system_data_file:s0 tclass=dir permissive=0
01-10 15:00:16.635000   548   548 I auditd  : type=1400 audit(0.0:2953): avc: denied { add_name } for comm="HwBinder:548_2" name="shading_otp" scontext=u:r:mtk_hal_camera:s0 tcontext=u:object_r:system_data_file:s0 tclass=dir permissive=0
01-10 15:00:19.035000   361   361 I auditd  : type=1400 audit(0.0:2954): avc: denied { write } for comm="teed" name="/" dev="dm-2" ino=2 scontext=u:r:tkcore:s0 tcontext=u:object_r:system_data_file:s0 tclass=dir permissive=0
01-10 15:00:20.035000   548   548 I auditd  : type=1400 audit(0.0:2956): avc: denied { add_name } for comm="HwBinder:548_2" name="shading_otp" scontext=u:r:mtk_hal_camera:s0 tcontext=u:object_r:system_data_file:s0 tclass=dir permissive=0
01-10 15:00:21.591000   361   361 I auditd  : type=1400 audit(0.0:2957): avc: denied { write } for comm="teed" name="/" dev="dm-2" ino=2 scontext=u:r:tkcore:s0 tcontext=u:object_r:system_data_file:s0 tclass=dir permissive=0
01-10 15:00:22.263000   548   548 I auditd  : type=1400 audit(0.0:2958): avc: denied { add_name } for comm="HwBinder:548_2" name="shading_otp" scontext=u:r:mtk_hal_camera:s0 tcontext=u:object_r:system_data_file:s0 tclass=dir permissive=0
01-10 15:00:23.707000   361   361 I auditd  : type=1400 audit(0.0:2959): avc: denied { write } for comm="teed" name="/" dev="dm-2" ino=2 scontext=u:r:tkcore:s0 tcontext=u:object_r:system_data_file:s0 tclass=dir permissive=0
01-10 15:00:24.047000   548   548 I auditd  : type=1400 audit(0.0:2960): avc: denied { add_name } for comm="HwBinder:548_2" name="shading_otp" scontext=u:r:mtk_hal_camera:s0 tcontext=u:object_r:system_data_file:s0 tclass=dir permissive=0
01-10 15:00:24.984000   361   361 I auditd  : type=1400 audit(0.0:2961): avc: denied { write } for comm="teed" name="/" dev="dm-2" ino=2 scontext=u:r:tkcore:s0 tcontext=u:object_r:system_data_file:s0 tclass=dir permissive=0
01-10 15:00:25.048000   548   548 I auditd  : type=1400 audit(0.0:2962): avc: denied { add_name } for comm="HwBinder:548_2" name="shading_otp" scontext=u:r:mtk_hal_camera:s0 tcontext=u:object_r:system_data_file:s0 tclass=dir permissive=0
01-10 15:00:26.048000   548   548 I auditd  : type=1400 audit(0.0:2963): avc: denied { add_name } for comm="HwBinder:548_2" name="shading_otp" scontext=u:r:mtk_hal_camera:s0 tcontext=u:object_r:system_data_file:s0 tclass=dir permissive=0
01-10 15:00:26.714000   361   361 I auditd  : type=1400 audit(0.0:2964): avc: denied { write } for comm="teed" name="/" dev="dm-2" ino=2 scontext=u:r:tkcore:s0 tcontext=u:object_r:system_data_file:s0 tclass=dir permissive=0
01-10 15:00:27.446000   548   548 I auditd  : type=1400 audit(0.0:2965): avc: denied { add_name } for comm="HwBinder:548_2" name="shading_otp" scontext=u:r:mtk_hal_camera:s0 tcontext=u:object_r:system_data_file:s0 tclass=dir permissive=0
01-10 15:00:27.806000   361   361 I auditd  : type=1400 audit(0.0:2966): avc: denied { write } for comm="teed" name="/" dev="dm-2" ino=2 scontext=u:r:tkcore:s0 tcontext=u:object_r:system_data_file:s0 tclass=dir permissive=0
01-10 15:00:29.344000   548   548 I auditd  : type=1400 audit(0.0:2967): avc: denied { add_name } for comm="HwBinder:548_2" name="shading_otp" scontext=u:r:mtk_hal_camera:s0 tcontext=u:object_r:system_data_file:s0 tclass=dir permissive=0
01-10 15:00:30.344000   548   548 I auditd  : type=1400 audit(0.0:2968): avc: denied { add_name } for comm="HwBinder:548_2" name="shading_otp" scontext=u:r:mtk_hal_camera:s0 tcontext=u:object_r:system_data_file:s0 tclass=dir permissive=0
01-10 15:00:31.836000   361   361 I auditd  : type=1400 audit(0.0:2969): avc: denied { write } for comm="teed" name="/" dev="dm-2" ino=2 scontext=u:r:tkcore:s0 tcontext=u:object_r:system_data_file:s0 tclass=dir permissive=0
01-10 15:00:32.512000   548   548 I auditd  : type=1400 audit(0.0:2970): avc: denied { add_name } for comm="HwBinder:548_2" name="shading_otp" scontext=u:r:mtk_hal_camera:s0 tcontext=u:object_r:system_data_file:s0 tclass=dir permissive=0
01-10 15:00:34.402000   361   361 I auditd  : type=1400 audit(0.0:2971): avc: denied { write } for comm="teed" name="/" dev="dm-2" ino=2 scontext=u:r:tkcore:s0 tcontext=u:object_r:system_data_file:s0 tclass=dir permissive=0
01-10 15:00:34.738000   548   548 I auditd  : type=1400 audit(0.0:2972): avc: denied { add_name } for comm="HwBinder:548_2" name="shading_otp" scontext=u:r:mtk_hal_camera:s0 tcontext=u:object_r:system_data_file:s0 tclass=dir permissive=0
01-10 15:00:36.950000   361   361 I auditd  : type=1400 audit(0.0:2973): avc: denied { write } for comm="teed" name="/" dev="dm-2" ino=2 scontext=u:r:tkcore:s0 tcontext=u:object_r:system_data_file:s0 tclass=dir permissive=0
01-10 15:00:36.958000   548   548 I auditd  : type=1400 audit(0.0:2974): avc: denied { add_name } for comm="HwBinder:548_2" name="shading_otp" scontext=u:r:mtk_hal_camera:s0 tcontext=u:object_r:system_data_file:s0 tclass=dir permissive=0
01-10 15:00:39.521000   361   361 I auditd  : type=1400 audit(0.0:2976): avc: denied { write } for comm="teed" name="/" dev="dm-2" ino=2 scontext=u:r:tkcore:s0 tcontext=u:object_r:system_data_file:s0 tclass=dir permissive=0
01-10 15:00:40.193000   548   548 I auditd  : type=1400 audit(0.0:2977): avc: denied { add_name } for comm="HwBinder:548_2" name="shading_otp" scontext=u:r:mtk_hal_camera:s0 tcontext=u:object_r:system_data_file:s0 tclass=dir permissive=0
01-10 15:00:42.082000   361   361 I auditd  : type=1400 audit(0.0:2978): avc: denied { write } for comm="teed" name="/" dev="dm-2" ino=2 scontext=u:r:tkcore:s0 tcontext=u:object_r:system_data_file:s0 tclass=dir permissive=0
01-10 15:00:42.418000   548   548 I auditd  : type=1400 audit(0.0:2979): avc: denied { add_name } for comm="HwBinder:548_2" name="shading_otp" scontext=u:r:mtk_hal_camera:s0 tcontext=u:object_r:system_data_file:s0 tclass=dir permissive=0
01-10 15:00:43.258000   361   361 I auditd  : type=1400 audit(0.0:2980): avc: denied { write } for comm="teed" name="/" dev="dm-2" ino=2 scontext=u:r:tkcore:s0 tcontext=u:object_r:system_data_file:s0 tclass=dir permissive=0
01-10 15:00:43.418000   548   548 I auditd  : type=1400 audit(0.0:2981): avc: denied { add_name } for comm="HwBinder:548_2" name="shading_otp" scontext=u:r:mtk_hal_camera:s0 tcontext=u:object_r:system_data_file:s0 tclass=dir permissive=0
01-10 15:00:44.438000   361   361 I auditd  : type=1400 audit(0.0:2982): avc: denied { write } for comm="teed" name="/" dev="dm-2" ino=2 scontext=u:r:tkcore:s0 tcontext=u:object_r:system_data_file:s0 tclass=dir permissive=0
01-10 15:00:44.438000   548   548 I auditd  : type=1400 audit(0.0:2983): avc: denied { add_name } for comm="HwBinder:548_2" name="shading_otp" scontext=u:r:mtk_hal_camera:s0 tcontext=u:object_r:system_data_file:s0 tclass=dir permissive=0
01-10 15:00:45.438000   548   548 I auditd  : type=1400 audit(0.0:2984): avc: denied { add_name } for comm="HwBinder:548_2" name="shading_otp" scontext=u:r:mtk_hal_camera:s0 tcontext=u:object_r:system_data_file:s0 tclass=dir permissive=0
01-10 15:00:47.192000   361   361 I auditd  : type=1400 audit(0.0:2985): avc: denied { write } for comm="teed" name="/" dev="dm-2" ino=2 scontext=u:r:tkcore:s0 tcontext=u:object_r:system_data_file:s0 tclass=dir permissive=0
01-10 15:00:47.680000   548   548 I auditd  : type=1400 audit(0.0:2986): avc: denied { add_name } for comm="HwBinder:548_2" name="shading_otp" scontext=u:r:mtk_hal_camera:s0 tcontext=u:object_r:system_data_file:s0 tclass=dir permissive=0
01-10 15:00:48.596000   361   361 I auditd  : type=1400 audit(0.0:2987): avc: denied { write } for comm="teed" name="/" dev="dm-2" ino=2 scontext=u:r:tkcore:s0 tcontext=u:object_r:system_data_file:s0 tclass=dir permissive=0
01-10 15:00:48.680000   548   548 I auditd  : type=1400 audit(0.0:2988): avc: denied { add_name } for comm="HwBinder:548_2" name="shading_otp" scontext=u:r:mtk_hal_camera:s0 tcontext=u:object_r:system_data_file:s0 tclass=dir permissive=0
01-10 15:00:49.680000   548   548 I auditd  : type=1400 audit(0.0:2989): avc: denied { add_name } for comm="HwBinder:548_2" name="shading_otp" scontext=u:r:mtk_hal_camera:s0 tcontext=u:object_r:system_data_file:s0 tclass=dir permissive=0
01-10 15:00:49.688000   361   361 I auditd  : type=1400 audit(0.0:2990): avc: denied { write } for comm="teed" name="/" dev="dm-2" ino=2 scontext=u:r:tkcore:s0 tcontext=u:object_r:system_data_file:s0 tclass=dir permissive=0
01-10 15:00:50.684000   548   548 I auditd  : type=1400 audit(0.0:2991): avc: denied { add_name } for comm="HwBinder:548_2" name="shading_otp" scontext=u:r:mtk_hal_camera:s0 tcontext=u:object_r:system_data_file:s0 tclass=dir permissive=0
01-10 15:00:50.880000   361   361 I auditd  : type=1400 audit(0.0:2992): avc: denied { write } for comm="teed" name="/" dev="dm-2" ino=2 scontext=u:r:tkcore:s0 tcontext=u:object_r:system_data_file:s0 tclass=dir permissive=0
01-10 15:00:51.680000   548   548 I auditd  : type=1400 audit(0.0:2993): avc: denied { add_name } for comm="HwBinder:548_2" name="shading_otp" scontext=u:r:mtk_hal_camera:s0 tcontext=u:object_r:system_data_file:s0 tclass=dir permissive=0
01-10 15:00:54.874000   361   361 I auditd  : type=1400 audit(0.0:2994): avc: denied { write } for comm="teed" name="/" dev="dm-2" ino=2 scontext=u:r:tkcore:s0 tcontext=u:object_r:system_data_file:s0 tclass=dir permissive=0
01-10 15:00:55.338000   548   548 I auditd  : type=1400 audit(0.0:2995): avc: denied { add_name } for comm="HwBinder:548_2" name="shading_otp" scontext=u:r:mtk_hal_camera:s0 tcontext=u:object_r:system_data_file:s0 tclass=dir permissive=0
01-10 15:00:57.440000   361   361 I auditd  : type=1400 audit(0.0:2996): avc: denied { write } for comm="teed" name="/" dev="dm-2" ino=2 scontext=u:r:tkcore:s0 tcontext=u:object_r:system_data_file:s0 tclass=dir permissive=0
01-10 15:00:57.572000   548   548 I auditd  : type=1400 audit(0.0:2997): avc: denied { add_name } for comm="HwBinder:548_2" name="shading_otp" scontext=u:r:mtk_hal_camera:s0 tcontext=u:object_r:system_data_file:s0 tclass=dir permissive=0
01-10 15:00:59.995000   361   361 I auditd  : type=1400 audit(0.0:2998): avc: denied { write } for comm="teed" name="/" dev="dm-2" ino=2 scontext=u:r:tkcore:s0 tcontext=u:object_r:system_data_file:s0 tclass=dir permissive=0
01-10 15:00:59.999000   548   548 I auditd  : type=1400 audit(0.0:2999): avc: denied { add_name } for comm="HwBinder:548_2" name="shading_otp" scontext=u:r:mtk_hal_camera:s0 tcontext=u:object_r:system_data_file:s0 tclass=dir permissive=0
01-10 15:01:00.999000   548   548 I auditd  : type=1400 audit(0.0:3000): avc: denied { add_name } for comm="HwBinder:548_2" name="shading_otp" scontext=u:r:mtk_hal_camera:s0 tcontext=u:object_r:system_data_file:s0 tclass=dir permissive=0
01-10 15:01:02.563000   361   361 I auditd  : type=1400 audit(0.0:3001): avc: denied { write } for comm="teed" name="/" dev="dm-2" ino=2 scontext=u:r:tkcore:s0 tcontext=u:object_r:system_data_file:s0 tclass=dir permissive=0
01-10 15:01:02.995000   548   548 I auditd  : type=1400 audit(0.0:3002): avc: denied { add_name } for comm="HwBinder:548_2" name="shading_otp" scontext=u:r:mtk_hal_camera:s0 tcontext=u:object_r:system_data_file:s0 tclass=dir permissive=0
01-10 15:01:05.117000   361   361 I auditd  : type=1400 audit(0.0:3003): avc: denied { write } for comm="teed" name="/" dev="dm-2" ino=2 scontext=u:r:tkcore:s0 tcontext=u:object_r:system_data_file:s0 tclass=dir permissive=0
01-10 15:01:05.229000   548   548 I auditd  : type=1400 audit(0.0:3004): avc: denied { add_name } for comm="HwBinder:548_2" name="shading_otp" scontext=u:r:mtk_hal_camera:s0 tcontext=u:object_r:system_data_file:s0 tclass=dir permissive=0
01-10 15:01:07.674000   548   548 I auditd  : type=1400 audit(0.0:3005): avc: denied { add_name } for comm="HwBinder:548_2" name="shading_otp" scontext=u:r:mtk_hal_camera:s0 tcontext=u:object_r:system_data_file:s0 tclass=dir permissive=0
01-10 15:01:07.674000   361   361 I auditd  : type=1400 audit(0.0:3006): avc: denied { write } for comm="teed" name="/" dev="dm-2" ino=2 scontext=u:r:tkcore:s0 tcontext=u:object_r:system_data_file:s0 tclass=dir permissive=0
01-10 15:01:08.678000   548   548 I auditd  : type=1400 audit(0.0:3007): avc: denied { add_name } for comm="HwBinder:548_2" name="shading_otp" scontext=u:r:mtk_hal_camera:s0 tcontext=u:object_r:system_data_file:s0 tclass=dir permissive=0
01-10 15:01:10.239000   361   361 I auditd  : type=1400 audit(0.0:3008): avc: denied { write } for comm="teed" name="/" dev="dm-2" ino=2 scontext=u:r:tkcore:s0 tcontext=u:object_r:system_data_file:s0 tclass=dir permissive=0
01-10 15:01:10.907000   548   548 I auditd  : type=1400 audit(0.0:3009): avc: denied { add_name } for comm="HwBinder:548_2" name="shading_otp" scontext=u:r:mtk_hal_camera:s0 tcontext=u:object_r:system_data_file:s0 tclass=dir permissive=0
01-10 15:01:12.795000   361   361 I auditd  : type=1400 audit(0.0:3010): avc: denied { write } for comm="teed" name="/" dev="dm-2" ino=2 scontext=u:r:tkcore:s0 tcontext=u:object_r:system_data_file:s0 tclass=dir permissive=0
01-10 15:01:13.139000   548   548 I auditd  : type=1400 audit(0.0:3011): avc: denied { add_name } for comm="HwBinder:548_2" name="shading_otp" scontext=u:r:mtk_hal_camera:s0 tcontext=u:object_r:system_data_file:s0 tclass=dir permissive=0
01-10 15:01:13.971000   361   361 I auditd  : type=1400 audit(0.0:3012): avc: denied { write } for comm="teed" name="/" dev="dm-2" ino=2 scontext=u:r:tkcore:s0 tcontext=u:object_r:system_data_file:s0 tclass=dir permissive=0
01-10 15:01:14.139000   548   548 I auditd  : type=1400 audit(0.0:3013): avc: denied { add_name } for comm="HwBinder:548_2" name="shading_otp" scontext=u:r:mtk_hal_camera:s0 tcontext=u:object_r:system_data_file:s0 tclass=dir permissive=0
01-10 15:01:15.139000   548   548 I auditd  : type=1400 audit(0.0:3014): avc: denied { add_name } for comm="HwBinder:548_2" name="shading_otp" scontext=u:r:mtk_hal_camera:s0 tcontext=u:object_r:system_data_file:s0 tclass=dir permissive=0
01-10 15:01:15.814000   361   361 I auditd  : type=1400 audit(0.0:3015): avc: denied { write } for comm="teed" name="/" dev="dm-2" ino=2 scontext=u:r:tkcore:s0 tcontext=u:object_r:system_data_file:s0 tclass=dir permissive=0
01-10 15:01:16.138000   548   548 I auditd  : type=1400 audit(0.0:3016): avc: denied { add_name } for comm="HwBinder:548_2" name="shading_otp" scontext=u:r:mtk_hal_camera:s0 tcontext=u:object_r:system_data_file:s0 tclass=dir permissive=0
01-10 15:01:17.150000   361   361 I auditd  : type=1400 audit(0.0:3017): avc: denied { write } for comm="teed" name="/" dev="dm-2" ino=2 scontext=u:r:tkcore:s0 tcontext=u:object_r:system_data_file:s0 tclass=dir permissive=0
01-10 15:01:17.154000   548   548 I auditd  : type=1400 audit(0.0:3018): avc: denied { add_name } for comm="HwBinder:548_2" name="shading_otp" scontext=u:r:mtk_hal_camera:s0 tcontext=u:object_r:system_data_file:s0 tclass=dir permissive=0
01-10 15:01:18.154000   548   548 I chatty  : uid=1047(cameraserver) /vendor/bin/hw/camerahalserver identical 1 line
01-10 15:01:20.481000   548   548 I auditd  : type=1400 audit(0.0:3020): avc: denied { add_name } for comm="HwBinder:548_2" name="shading_otp" scontext=u:r:mtk_hal_camera:s0 tcontext=u:object_r:system_data_file:s0 tclass=dir permissive=0
01-10 15:01:20.489000   361   361 I auditd  : type=1400 audit(0.0:3021): avc: denied { write } for comm="teed" name="/" dev="dm-2" ino=2 scontext=u:r:tkcore:s0 tcontext=u:object_r:system_data_file:s0 tclass=dir permissive=0
01-10 15:01:21.481000   548   548 I auditd  : type=1400 audit(0.0:3022): avc: denied { add_name } for comm="HwBinder:548_2" name="shading_otp" scontext=u:r:mtk_hal_camera:s0 tcontext=u:object_r:system_data_file:s0 tclass=dir permissive=0
01-10 15:01:22.036000   361   361 I auditd  : type=1400 audit(0.0:3023): avc: denied { write } for comm="teed" name="/" dev="dm-2" ino=2 scontext=u:r:tkcore:s0 tcontext=u:object_r:system_data_file:s0 tclass=dir permissive=0
01-10 15:01:22.484000   548   548 I auditd  : type=1400 audit(0.0:3024): avc: denied { add_name } for comm="HwBinder:548_2" name="shading_otp" scontext=u:r:mtk_hal_camera:s0 tcontext=u:object_r:system_data_file:s0 tclass=dir permissive=0
01-10 15:01:25.587000   361   361 I auditd  : type=1400 audit(0.0:3025): avc: denied { write } for comm="teed" name="/" dev="dm-2" ino=2 scontext=u:r:tkcore:s0 tcontext=u:object_r:system_data_file:s0 tclass=dir permissive=0
01-10 15:01:25.707000   548   548 I auditd  : type=1400 audit(0.0:3026): avc: denied { add_name } for comm="HwBinder:548_2" name="shading_otp" scontext=u:r:mtk_hal_camera:s0 tcontext=u:object_r:system_data_file:s0 tclass=dir permissive=0
01-10 15:01:28.157000   361   361 I auditd  : type=1400 audit(0.0:3027): avc: denied { write } for comm="teed" name="/" dev="dm-2" ino=2 scontext=u:r:tkcore:s0 tcontext=u:object_r:system_data_file:s0 tclass=dir permissive=0
01-10 15:01:28.157000   548   548 I auditd  : type=1400 audit(0.0:3028): avc: denied { add_name } for comm="HwBinder:548_2" name="shading_otp" scontext=u:r:mtk_hal_camera:s0 tcontext=u:object_r:system_data_file:s0 tclass=dir permissive=0
01-10 15:01:29.157000   548   548 I auditd  : type=1400 audit(0.0:3029): avc: denied { add_name } for comm="HwBinder:548_2" name="shading_otp" scontext=u:r:mtk_hal_camera:s0 tcontext=u:object_r:system_data_file:s0 tclass=dir permissive=0
01-10 15:01:30.722000   361   361 I auditd  : type=1400 audit(0.0:3030): avc: denied { write } for comm="teed" name="/" dev="dm-2" ino=2 scontext=u:r:tkcore:s0 tcontext=u:object_r:system_data_file:s0 tclass=dir permissive=0
01-10 15:01:31.386000   548   548 I auditd  : type=1400 audit(0.0:3031): avc: denied { add_name } for comm="HwBinder:548_2" name="shading_otp" scontext=u:r:mtk_hal_camera:s0 tcontext=u:object_r:system_data_file:s0 tclass=dir permissive=0
01-10 15:01:33.282000   361   361 I auditd  : type=1400 audit(0.0:3032): avc: denied { write } for comm="teed" name="/" dev="dm-2" ino=2 scontext=u:r:tkcore:s0 tcontext=u:object_r:system_data_file:s0 tclass=dir permissive=0
01-10 15:01:33.618000   548   548 I auditd  : type=1400 audit(0.0:3033): avc: denied { add_name } for comm="HwBinder:548_2" name="shading_otp" scontext=u:r:mtk_hal_camera:s0 tcontext=u:object_r:system_data_file:s0 tclass=dir permissive=0
01-10 15:01:34.622000   548   548 I auditd  : type=1400 audit(0.0:3034): avc: denied { add_name } for comm="HwBinder:548_2" name="shading_otp" scontext=u:r:mtk_hal_camera:s0 tcontext=u:object_r:system_data_file:s0 tclass=dir permissive=0
01-10 15:01:35.838000   361   361 I auditd  : type=1400 audit(0.0:3035): avc: denied { write } for comm="teed" name="/" dev="dm-2" ino=2 scontext=u:r:tkcore:s0 tcontext=u:object_r:system_data_file:s0 tclass=dir permissive=0
01-10 15:01:36.482000   548   548 I auditd  : type=1400 audit(0.0:3036): avc: denied { add_name } for comm="HwBinder:548_2" name="shading_otp" scontext=u:r:mtk_hal_camera:s0 tcontext=u:object_r:system_data_file:s0 tclass=dir permissive=0
01-10 15:01:37.482000   548   548 I auditd  : type=1400 audit(0.0:3037): avc: denied { add_name } for comm="HwBinder:548_2" name="shading_otp" scontext=u:r:mtk_hal_camera:s0 tcontext=u:object_r:system_data_file:s0 tclass=dir permissive=0
01-10 15:01:37.702000   361   361 I auditd  : type=1400 audit(0.0:3038): avc: denied { write } for comm="teed" name="/" dev="dm-2" ino=2 scontext=u:r:tkcore:s0 tcontext=u:object_r:system_data_file:s0 tclass=dir permissive=0
01-10 15:01:38.482000   548   548 I auditd  : type=1400 audit(0.0:3039): avc: denied { add_name } for comm="HwBinder:548_2" name="shading_otp" scontext=u:r:mtk_hal_camera:s0 tcontext=u:object_r:system_data_file:s0 tclass=dir permissive=0
01-10 15:01:38.882000   361   361 I auditd  : type=1400 audit(0.0:3040): avc: denied { write } for comm="teed" name="/" dev="dm-2" ino=2 scontext=u:r:tkcore:s0 tcontext=u:object_r:system_data_file:s0 tclass=dir permissive=0
01-10 15:01:39.482000   548   548 I auditd  : type=1400 audit(0.0:3041): avc: denied { add_name } for comm="HwBinder:548_2" name="shading_otp" scontext=u:r:mtk_hal_camera:s0 tcontext=u:object_r:system_data_file:s0 tclass=dir permissive=0
01-10 15:01:40.959000   361   361 I auditd  : type=1400 audit(0.0:3042): avc: denied { write } for comm="teed" name="/" dev="dm-2" ino=2 scontext=u:r:tkcore:s0 tcontext=u:object_r:system_data_file:s0 tclass=dir permissive=0
01-10 15:01:41.219000   548   548 I auditd  : type=1400 audit(0.0:3043): avc: denied { add_name } for comm="HwBinder:548_2" name="shading_otp" scontext=u:r:mtk_hal_camera:s0 tcontext=u:object_r:system_data_file:s0 tclass=dir permissive=0
01-10 15:01:43.517000   361   361 I auditd  : type=1400 audit(0.0:3044): avc: denied { write } for comm="teed" name="/" dev="dm-2" ino=2 scontext=u:r:tkcore:s0 tcontext=u:object_r:system_data_file:s0 tclass=dir permissive=0
01-10 15:01:43.521000   548   548 I auditd  : type=1400 audit(0.0:3045): avc: denied { add_name } for comm="HwBinder:548_2" name="shading_otp" scontext=u:r:mtk_hal_camera:s0 tcontext=u:object_r:system_data_file:s0 tclass=dir permissive=0
01-10 15:01:46.076000   361   361 I auditd  : type=1400 audit(0.0:3047): avc: denied { write } for comm="teed" name="/" dev="dm-2" ino=2 scontext=u:r:tkcore:s0 tcontext=u:object_r:system_data_file:s0 tclass=dir permissive=0
01-10 15:01:46.752000   548   548 I auditd  : type=1400 audit(0.0:3048): avc: denied { add_name } for comm="HwBinder:548_2" name="shading_otp" scontext=u:r:mtk_hal_camera:s0 tcontext=u:object_r:system_data_file:s0 tclass=dir permissive=0
01-10 15:01:48.633000   361   361 I auditd  : type=1400 audit(0.0:3049): avc: denied { write } for comm="teed" name="/" dev="dm-2" ino=2 scontext=u:r:tkcore:s0 tcontext=u:object_r:system_data_file:s0 tclass=dir permissive=0
01-10 15:01:48.981000   548   548 I auditd  : type=1400 audit(0.0:3050): avc: denied { add_name } for comm="HwBinder:548_2" name="shading_otp" scontext=u:r:mtk_hal_camera:s0 tcontext=u:object_r:system_data_file:s0 tclass=dir permissive=0
01-10 15:01:51.197000   361   361 I auditd  : type=1400 audit(0.0:3051): avc: denied { write } for comm="teed" name="/" dev="dm-2" ino=2 scontext=u:r:tkcore:s0 tcontext=u:object_r:system_data_file:s0 tclass=dir permissive=0
01-10 15:01:51.217000   548   548 I auditd  : type=1400 audit(0.0:3052): avc: denied { add_name } for comm="HwBinder:548_2" name="shading_otp" scontext=u:r:mtk_hal_camera:s0 tcontext=u:object_r:system_data_file:s0 tclass=dir permissive=0
01-10 15:01:52.289000   361   361 I auditd  : type=1400 audit(0.0:3054): avc: denied { write } for comm="teed" name="/" dev="dm-2" ino=2 scontext=u:r:tkcore:s0 tcontext=u:object_r:system_data_file:s0 tclass=dir permissive=0
01-10 15:01:54.119000   548   548 I auditd  : type=1400 audit(0.0:3055): avc: denied { add_name } for comm="HwBinder:548_2" name="shading_otp" scontext=u:r:mtk_hal_camera:s0 tcontext=u:object_r:system_data_file:s0 tclass=dir permissive=0
01-10 15:01:56.313000   361   361 I auditd  : type=1400 audit(0.0:3056): avc: denied { write } for comm="teed" name="/" dev="dm-2" ino=2 scontext=u:r:tkcore:s0 tcontext=u:object_r:system_data_file:s0 tclass=dir permissive=0
01-10 15:01:56.353000   548   548 I auditd  : type=1400 audit(0.0:3057): avc: denied { add_name } for comm="HwBinder:548_2" name="shading_otp" scontext=u:r:mtk_hal_camera:s0 tcontext=u:object_r:system_data_file:s0 tclass=dir permissive=0
01-10 15:01:57.357000   548   548 I auditd  : type=1400 audit(0.0:3058): avc: denied { add_name } for comm="HwBinder:548_2" name="shading_otp" scontext=u:r:mtk_hal_camera:s0 tcontext=u:object_r:system_data_file:s0 tclass=dir permissive=0
01-10 15:01:58.875000   361   361 I auditd  : type=1400 audit(0.0:3059): avc: denied { write } for comm="teed" name="/" dev="dm-2" ino=2 scontext=u:r:tkcore:s0 tcontext=u:object_r:system_data_file:s0 tclass=dir permissive=0
01-10 15:01:59.587000   548   548 I auditd  : type=1400 audit(0.0:3060): avc: denied { add_name } for comm="HwBinder:548_2" name="shading_otp" scontext=u:r:mtk_hal_camera:s0 tcontext=u:object_r:system_data_file:s0 tclass=dir permissive=0
01-10 15:02:01.439000   361   361 I auditd  : type=1400 audit(0.0:3061): avc: denied { write } for comm="teed" name="/" dev="dm-2" ino=2 scontext=u:r:tkcore:s0 tcontext=u:object_r:system_data_file:s0 tclass=dir permissive=0
01-10 15:02:01.815000   548   548 I auditd  : type=1400 audit(0.0:3062): avc: denied { add_name } for comm="HwBinder:548_2" name="shading_otp" scontext=u:r:mtk_hal_camera:s0 tcontext=u:object_r:system_data_file:s0 tclass=dir permissive=0
01-10 15:02:02.815000   548   548 I auditd  : type=1400 audit(0.0:3063): avc: denied { add_name } for comm="HwBinder:548_2" name="shading_otp" scontext=u:r:mtk_hal_camera:s0 tcontext=u:object_r:system_data_file:s0 tclass=dir permissive=0
01-10 15:02:03.458000   361   361 I auditd  : type=1400 audit(0.0:3064): avc: denied { write } for comm="teed" name="/" dev="dm-2" ino=2 scontext=u:r:tkcore:s0 tcontext=u:object_r:system_data_file:s0 tclass=dir permissive=0
01-10 15:02:03.818000   548   548 I auditd  : type=1400 audit(0.0:3065): avc: denied { add_name } for comm="HwBinder:548_2" name="shading_otp" scontext=u:r:mtk_hal_camera:s0 tcontext=u:object_r:system_data_file:s0 tclass=dir permissive=0
01-10 15:02:04.634000   361   361 I auditd  : type=1400 audit(0.0:3066): avc: denied { write } for comm="teed" name="/" dev="dm-2" ino=2 scontext=u:r:tkcore:s0 tcontext=u:object_r:system_data_file:s0 tclass=dir permissive=0
01-10 15:02:04.818000   548   548 I auditd  : type=1400 audit(0.0:3067): avc: denied { add_name } for comm="HwBinder:548_2" name="shading_otp" scontext=u:r:mtk_hal_camera:s0 tcontext=u:object_r:system_data_file:s0 tclass=dir permissive=0
01-10 15:02:06.547000   361   361 I auditd  : type=1400 audit(0.0:3068): avc: denied { write } for comm="teed" name="/" dev="dm-2" ino=2 scontext=u:r:tkcore:s0 tcontext=u:object_r:system_data_file:s0 tclass=dir permissive=0
01-10 15:02:06.551000   548   548 I auditd  : type=1400 audit(0.0:3069): avc: denied { add_name } for comm="HwBinder:548_2" name="shading_otp" scontext=u:r:mtk_hal_camera:s0 tcontext=u:object_r:system_data_file:s0 tclass=dir permissive=0
01-10 15:02:09.117000   361   361 I auditd  : type=1400 audit(0.0:3071): avc: denied { write } for comm="teed" name="/" dev="dm-2" ino=2 scontext=u:r:tkcore:s0 tcontext=u:object_r:system_data_file:s0 tclass=dir permissive=0
01-10 15:02:09.789000   548   548 I auditd  : type=1400 audit(0.0:3072): avc: denied { add_name } for comm="HwBinder:548_2" name="shading_otp" scontext=u:r:mtk_hal_camera:s0 tcontext=u:object_r:system_data_file:s0 tclass=dir permissive=0
01-10 15:02:11.672000   361   361 I auditd  : type=1400 audit(0.0:3073): avc: denied { write } for comm="teed" name="/" dev="dm-2" ino=2 scontext=u:r:tkcore:s0 tcontext=u:object_r:system_data_file:s0 tclass=dir permissive=0
01-10 15:02:12.012000   548   548 I auditd  : type=1400 audit(0.0:3074): avc: denied { add_name } for comm="HwBinder:548_2" name="shading_otp" scontext=u:r:mtk_hal_camera:s0 tcontext=u:object_r:system_data_file:s0 tclass=dir permissive=0
01-10 15:02:14.246000   361   361 I auditd  : type=1400 audit(0.0:3075): avc: denied { write } for comm="teed" name="/" dev="dm-2" ino=2 scontext=u:r:tkcore:s0 tcontext=u:object_r:system_data_file:s0 tclass=dir permissive=0
01-10 15:02:14.250000   548   548 I auditd  : type=1400 audit(0.0:3076): avc: denied { add_name } for comm="HwBinder:548_2" name="shading_otp" scontext=u:r:mtk_hal_camera:s0 tcontext=u:object_r:system_data_file:s0 tclass=dir permissive=0
01-10 15:02:15.250000   548   548 I auditd  : type=1400 audit(0.0:3077): avc: denied { add_name } for comm="HwBinder:548_2" name="shading_otp" scontext=u:r:mtk_hal_camera:s0 tcontext=u:object_r:system_data_file:s0 tclass=dir permissive=0
01-10 15:02:16.789000   361   361 I auditd  : type=1400 audit(0.0:3078): avc: denied { write } for comm="teed" name="/" dev="dm-2" ino=2 scontext=u:r:tkcore:s0 tcontext=u:object_r:system_data_file:s0 tclass=dir permissive=0
01-10 15:02:17.477000   548   548 I auditd  : type=1400 audit(0.0:3079): avc: denied { add_name } for comm="HwBinder:548_2" name="shading_otp" scontext=u:r:mtk_hal_camera:s0 tcontext=u:object_r:system_data_file:s0 tclass=dir permissive=0
01-10 15:02:19.062000   361   361 I auditd  : type=1400 audit(0.0:3080): avc: denied { write } for comm="teed" name="/" dev="dm-2" ino=2 scontext=u:r:tkcore:s0 tcontext=u:object_r:system_data_file:s0 tclass=dir permissive=0
01-10 15:02:19.390000   548   548 I auditd  : type=1400 audit(0.0:3081): avc: denied { add_name } for comm="HwBinder:548_2" name="shading_otp" scontext=u:r:mtk_hal_camera:s0 tcontext=u:object_r:system_data_file:s0 tclass=dir permissive=0
01-10 15:02:21.910000   361   361 I auditd  : type=1400 audit(0.0:3082): avc: denied { write } for comm="teed" name="/" dev="dm-2" ino=2 scontext=u:r:tkcore:s0 tcontext=u:object_r:system_data_file:s0 tclass=dir permissive=0
01-10 15:02:21.914000   548   548 I auditd  : type=1400 audit(0.0:3083): avc: denied { add_name } for comm="HwBinder:548_2" name="shading_otp" scontext=u:r:mtk_hal_camera:s0 tcontext=u:object_r:system_data_file:s0 tclass=dir permissive=0
01-10 15:02:22.918000   548   548 I auditd  : type=1400 audit(0.0:3084): avc: denied { add_name } for comm="HwBinder:548_2" name="shading_otp" scontext=u:r:mtk_hal_camera:s0 tcontext=u:object_r:system_data_file:s0 tclass=dir permissive=0
01-10 15:02:24.466000   361   361 I auditd  : type=1400 audit(0.0:3085): avc: denied { write } for comm="teed" name="/" dev="dm-2" ino=2 scontext=u:r:tkcore:s0 tcontext=u:object_r:system_data_file:s0 tclass=dir permissive=0
01-10 15:02:25.142000   548   548 I auditd  : type=1400 audit(0.0:3086): avc: denied { add_name } for comm="HwBinder:548_2" name="shading_otp" scontext=u:r:mtk_hal_camera:s0 tcontext=u:object_r:system_data_file:s0 tclass=dir permissive=0
01-10 15:02:27.035000   361   361 I auditd  : type=1400 audit(0.0:3087): avc: denied { write } for comm="teed" name="/" dev="dm-2" ino=2 scontext=u:r:tkcore:s0 tcontext=u:object_r:system_data_file:s0 tclass=dir permissive=0
01-10 15:02:27.379000   548   548 I auditd  : type=1400 audit(0.0:3088): avc: denied { add_name } for comm="HwBinder:548_2" name="shading_otp" scontext=u:r:mtk_hal_camera:s0 tcontext=u:object_r:system_data_file:s0 tclass=dir permissive=0
01-10 15:02:28.351000   361   361 I auditd  : type=1400 audit(0.0:3089): avc: denied { write } for comm="teed" name="/" dev="dm-2" ino=2 scontext=u:r:tkcore:s0 tcontext=u:object_r:system_data_file:s0 tclass=dir permissive=0
01-10 15:02:28.375000   548   548 I auditd  : type=1400 audit(0.0:3090): avc: denied { add_name } for comm="HwBinder:548_2" name="shading_otp" scontext=u:r:mtk_hal_camera:s0 tcontext=u:object_r:system_data_file:s0 tclass=dir permissive=0
01-10 15:02:29.379000   548   548 I auditd  : type=1400 audit(0.0:3091): avc: denied { add_name } for comm="HwBinder:548_2" name="shading_otp" scontext=u:r:mtk_hal_camera:s0 tcontext=u:object_r:system_data_file:s0 tclass=dir permissive=0
01-10 15:02:32.158000   361   361 I auditd  : type=1400 audit(0.0:3092): avc: denied { write } for comm="teed" name="/" dev="dm-2" ino=2 scontext=u:r:tkcore:s0 tcontext=u:object_r:system_data_file:s0 tclass=dir permissive=0
01-10 15:02:32.850000   548   548 I auditd  : type=1400 audit(0.0:3093): avc: denied { add_name } for comm="HwBinder:548_2" name="shading_otp" scontext=u:r:mtk_hal_camera:s0 tcontext=u:object_r:system_data_file:s0 tclass=dir permissive=0
01-10 15:02:34.714000   361   361 I auditd  : type=1400 audit(0.0:3094): avc: denied { write } for comm="teed" name="/" dev="dm-2" ino=2 scontext=u:r:tkcore:s0 tcontext=u:object_r:system_data_file:s0 tclass=dir permissive=0
01-10 15:02:35.074000   548   548 I auditd  : type=1400 audit(0.0:3095): avc: denied { add_name } for comm="HwBinder:548_2" name="shading_otp" scontext=u:r:mtk_hal_camera:s0 tcontext=u:object_r:system_data_file:s0 tclass=dir permissive=0
01-10 15:02:37.282000   361   361 I auditd  : type=1400 audit(0.0:3096): avc: denied { write } for comm="teed" name="/" dev="dm-2" ino=2 scontext=u:r:tkcore:s0 tcontext=u:object_r:system_data_file:s0 tclass=dir permissive=0
01-10 15:02:37.306000   548   548 I auditd  : type=1400 audit(0.0:3097): avc: denied { add_name } for comm="HwBinder:548_2" name="shading_otp" scontext=u:r:mtk_hal_camera:s0 tcontext=u:object_r:system_data_file:s0 tclass=dir permissive=0
01-10 15:02:38.306000   548   548 I auditd  : type=1400 audit(0.0:3098): avc: denied { add_name } for comm="HwBinder:548_2" name="shading_otp" scontext=u:r:mtk_hal_camera:s0 tcontext=u:object_r:system_data_file:s0 tclass=dir permissive=0
01-10 15:02:39.836000   361   361 I auditd  : type=1400 audit(0.0:3099): avc: denied { write } for comm="teed" name="/" dev="dm-2" ino=2 scontext=u:r:tkcore:s0 tcontext=u:object_r:system_data_file:s0 tclass=dir permissive=0
01-10 15:02:40.532000   548   548 I auditd  : type=1400 audit(0.0:3100): avc: denied { add_name } for comm="HwBinder:548_2" name="shading_otp" scontext=u:r:mtk_hal_camera:s0 tcontext=u:object_r:system_data_file:s0 tclass=dir permissive=0
01-10 15:02:42.398000   361   361 I auditd  : type=1400 audit(0.0:3101): avc: denied { write } for comm="teed" name="/" dev="dm-2" ino=2 scontext=u:r:tkcore:s0 tcontext=u:object_r:system_data_file:s0 tclass=dir permissive=0
01-10 15:02:42.766000   548   548 I auditd  : type=1400 audit(0.0:3102): avc: denied { add_name } for comm="HwBinder:548_2" name="shading_otp" scontext=u:r:mtk_hal_camera:s0 tcontext=u:object_r:system_data_file:s0 tclass=dir permissive=0
01-10 15:02:44.951000   361   361 I auditd  : type=1400 audit(0.0:3103): avc: denied { write } for comm="teed" name="/" dev="dm-2" ino=2 scontext=u:r:tkcore:s0 tcontext=u:object_r:system_data_file:s0 tclass=dir permissive=0
01-10 15:02:44.987000   548   548 I auditd  : type=1400 audit(0.0:3104): avc: denied { add_name } for comm="HwBinder:548_2" name="shading_otp" scontext=u:r:mtk_hal_camera:s0 tcontext=u:object_r:system_data_file:s0 tclass=dir permissive=0
01-10 15:02:45.991000   548   548 I auditd  : type=1400 audit(0.0:3105): avc: denied { add_name } for comm="HwBinder:548_2" name="shading_otp" scontext=u:r:mtk_hal_camera:s0 tcontext=u:object_r:system_data_file:s0 tclass=dir permissive=0
01-10 15:02:47.512000   361   361 I auditd  : type=1400 audit(0.0:3106): avc: denied { write } for comm="teed" name="/" dev="dm-2" ino=2 scontext=u:r:tkcore:s0 tcontext=u:object_r:system_data_file:s0 tclass=dir permissive=0
01-10 15:02:48.220000   548   548 I auditd  : type=1400 audit(0.0:3107): avc: denied { add_name } for comm="HwBinder:548_2" name="shading_otp" scontext=u:r:mtk_hal_camera:s0 tcontext=u:object_r:system_data_file:s0 tclass=dir permissive=0
01-10 15:02:50.075000   361   361 I auditd  : type=1400 audit(0.0:3108): avc: denied { write } for comm="teed" name="/" dev="dm-2" ino=2 scontext=u:r:tkcore:s0 tcontext=u:object_r:system_data_file:s0 tclass=dir permissive=0
01-10 15:02:50.451000   548   548 I auditd  : type=1400 audit(0.0:3109): avc: denied { add_name } for comm="HwBinder:548_2" name="shading_otp" scontext=u:r:mtk_hal_camera:s0 tcontext=u:object_r:system_data_file:s0 tclass=dir permissive=0
01-10 15:02:52.637000   361   361 I auditd  : type=1400 audit(0.0:3110): avc: denied { write } for comm="teed" name="/" dev="dm-2" ino=2 scontext=u:r:tkcore:s0 tcontext=u:object_r:system_data_file:s0 tclass=dir permissive=0
01-10 15:02:52.677000   548   548 I auditd  : type=1400 audit(0.0:3111): avc: denied { add_name } for comm="HwBinder:548_2" name="shading_otp" scontext=u:r:mtk_hal_camera:s0 tcontext=u:object_r:system_data_file:s0 tclass=dir permissive=0
01-10 15:02:55.202000   361   361 I auditd  : type=1400 audit(0.0:3113): avc: denied { write } for comm="teed" name="/" dev="dm-2" ino=2 scontext=u:r:tkcore:s0 tcontext=u:object_r:system_data_file:s0 tclass=dir permissive=0
01-10 15:02:55.906000   548   548 I auditd  : type=1400 audit(0.0:3114): avc: denied { add_name } for comm="HwBinder:548_2" name="shading_otp" scontext=u:r:mtk_hal_camera:s0 tcontext=u:object_r:system_data_file:s0 tclass=dir permissive=0
01-10 15:02:56.290000   361   361 I auditd  : type=1400 audit(0.0:3115): avc: denied { write } for comm="teed" name="/" dev="dm-2" ino=2 scontext=u:r:tkcore:s0 tcontext=u:object_r:system_data_file:s0 tclass=dir permissive=0
01-10 15:02:56.908000   548   548 I auditd  : type=1400 audit(0.0:3116): avc: denied { add_name } for comm="HwBinder:548_2" name="shading_otp" scontext=u:r:mtk_hal_camera:s0 tcontext=u:object_r:system_data_file:s0 tclass=dir permissive=0
01-10 15:02:57.908000   548   548 I auditd  : type=1400 audit(0.0:3117): avc: denied { add_name } for comm="HwBinder:548_2" name="shading_otp" scontext=u:r:mtk_hal_camera:s0 tcontext=u:object_r:system_data_file:s0 tclass=dir permissive=0
01-10 15:03:00.314000   361   361 I auditd  : type=1400 audit(0.0:3118): avc: denied { write } for comm="teed" name="/" dev="dm-2" ino=2 scontext=u:r:tkcore:s0 tcontext=u:object_r:system_data_file:s0 tclass=dir permissive=0
01-10 15:03:00.421073   943  1000 I am_pss  : [1845,10008,android.ext.services,5812224,2863104,0]
01-10 15:03:00.491227   943  1000 I am_pss  : [1746,10032,com.gears42.surelock,26272768,19525632,0]
01-10 15:03:00.546115   943  1000 I am_pss  : [2066,10068,com.datalogic.softspot,23190528,16388096,0]
01-10 15:03:00.591092   943  1000 I am_pss  : [2138,10049,com.mediatek.mtklogger,8254464,4878336,0]
01-10 15:03:00.626207   943  1000 I am_pss  : [1829,10004,com.baidu.map.location,5844992,3407872,0]
01-10 15:03:00.658400   943  1000 I am_pss  : [1781,1000,system:ui,15041536,6606848,0]
01-10 15:03:00.690048   943  1000 I am_pss  : [1716,10018,com.android.launcher3,8977408,5791744,0]
01-10 15:03:00.721766   943  1000 I am_pss  : [1731,10069,com.android.smspush,4497408,2293760,0]
01-10 15:03:00.754351   943  1000 I am_pss  : [1117,10060,com.android.inputmethod.latin,13281280,9728000,0]
01-10 15:03:01.010000   548   548 I auditd  : type=1400 audit(0.0:3119): avc: denied { add_name } for comm="HwBinder:548_2" name="shading_otp" scontext=u:r:mtk_hal_camera:s0 tcontext=u:object_r:system_data_file:s0 tclass=dir permissive=0
01-10 15:03:01.406000   361   361 I auditd  : type=1400 audit(0.0:3120): avc: denied { write } for comm="teed" name="/" dev="dm-2" ino=2 scontext=u:r:tkcore:s0 tcontext=u:object_r:system_data_file:s0 tclass=dir permissive=0
01-10 15:03:02.914000   548   548 I auditd  : type=1400 audit(0.0:3121): avc: denied { add_name } for comm="HwBinder:548_2" name="shading_otp" scontext=u:r:mtk_hal_camera:s0 tcontext=u:object_r:system_data_file:s0 tclass=dir permissive=0
01-10 15:03:03.918000   548   548 I auditd  : type=1400 audit(0.0:3122): avc: denied { add_name } for comm="HwBinder:548_2" name="shading_otp" scontext=u:r:mtk_hal_camera:s0 tcontext=u:object_r:system_data_file:s0 tclass=dir permissive=0
01-10 15:03:05.433000   361   361 I auditd  : type=1400 audit(0.0:3123): avc: denied { write } for comm="teed" name="/" dev="dm-2" ino=2 scontext=u:r:tkcore:s0 tcontext=u:object_r:system_data_file:s0 tclass=dir permissive=0
01-10 15:03:06.145000   548   548 I auditd  : type=1400 audit(0.0:3124): avc: denied { add_name } for comm="HwBinder:548_2" name="shading_otp" scontext=u:r:mtk_hal_camera:s0 tcontext=u:object_r:system_data_file:s0 tclass=dir permissive=0
01-10 15:03:06.611000   361   361 I auditd  : type=1400 audit(0.0:3125): avc: denied { write } for comm="teed" name="/" dev="dm-2" ino=2 scontext=u:r:tkcore:s0 tcontext=u:object_r:system_data_file:s0 tclass=dir permissive=0
01-10 15:03:07.147000   548   548 I auditd  : type=1400 audit(0.0:3126): avc: denied { add_name } for comm="HwBinder:548_2" name="shading_otp" scontext=u:r:mtk_hal_camera:s0 tcontext=u:object_r:system_data_file:s0 tclass=dir permissive=0
01-10 15:03:07.787000   361   361 I auditd  : type=1400 audit(0.0:3127): avc: denied { write } for comm="teed" name="/" dev="dm-2" ino=2 scontext=u:r:tkcore:s0 tcontext=u:object_r:system_data_file:s0 tclass=dir permissive=0
01-10 15:03:08.147000   548   548 I auditd  : type=1400 audit(0.0:3128): avc: denied { add_name } for comm="HwBinder:548_2" name="shading_otp" scontext=u:r:mtk_hal_camera:s0 tcontext=u:object_r:system_data_file:s0 tclass=dir permissive=0
01-10 15:03:10.553000   361   361 I auditd  : type=1400 audit(0.0:3129): avc: denied { write } for comm="teed" name="/" dev="dm-2" ino=2 scontext=u:r:tkcore:s0 tcontext=u:object_r:system_data_file:s0 tclass=dir permissive=0
01-10 15:03:10.557000   548   548 I auditd  : type=1400 audit(0.0:3130): avc: denied { add_name } for comm="HwBinder:548_2" name="shading_otp" scontext=u:r:mtk_hal_camera:s0 tcontext=u:object_r:system_data_file:s0 tclass=dir permissive=0
01-10 15:03:11.557000   548   548 I auditd  : type=1400 audit(0.0:3131): avc: denied { add_name } for comm="HwBinder:548_2" name="shading_otp" scontext=u:r:mtk_hal_camera:s0 tcontext=u:object_r:system_data_file:s0 tclass=dir permissive=0
01-10 15:03:13.121000   361   361 I auditd  : type=1400 audit(0.0:3132): avc: denied { write } for comm="teed" name="/" dev="dm-2" ino=2 scontext=u:r:tkcore:s0 tcontext=u:object_r:system_data_file:s0 tclass=dir permissive=0
01-10 15:03:13.785000   548   548 I auditd  : type=1400 audit(0.0:3133): avc: denied { add_name } for comm="HwBinder:548_2" name="shading_otp" scontext=u:r:mtk_hal_camera:s0 tcontext=u:object_r:system_data_file:s0 tclass=dir permissive=0
01-10 15:03:15.675000   361   361 I auditd  : type=1400 audit(0.0:3134): avc: denied { write } for comm="teed" name="/" dev="dm-2" ino=2 scontext=u:r:tkcore:s0 tcontext=u:object_r:system_data_file:s0 tclass=dir permissive=0
01-10 15:03:16.011000   548   548 I auditd  : type=1400 audit(0.0:3135): avc: denied { add_name } for comm="HwBinder:548_2" name="shading_otp" scontext=u:r:mtk_hal_camera:s0 tcontext=u:object_r:system_data_file:s0 tclass=dir permissive=0
01-10 15:03:18.238000   361   361 I auditd  : type=1400 audit(0.0:3136): avc: denied { write } for comm="teed" name="/" dev="dm-2" ino=2 scontext=u:r:tkcore:s0 tcontext=u:object_r:system_data_file:s0 tclass=dir permissive=0
01-10 15:03:18.242000   548   548 I auditd  : type=1400 audit(0.0:3137): avc: denied { add_name } for comm="HwBinder:548_2" name="shading_otp" scontext=u:r:mtk_hal_camera:s0 tcontext=u:object_r:system_data_file:s0 tclass=dir permissive=0
01-10 15:03:20.797000   361   361 I auditd  : type=1400 audit(0.0:3139): avc: denied { write } for comm="teed" name="/" dev="dm-2" ino=2 scontext=u:r:tkcore:s0 tcontext=u:object_r:system_data_file:s0 tclass=dir permissive=0
01-10 15:03:21.473000   548   548 I auditd  : type=1400 audit(0.0:3140): avc: denied { add_name } for comm="HwBinder:548_2" name="shading_otp" scontext=u:r:mtk_hal_camera:s0 tcontext=u:object_r:system_data_file:s0 tclass=dir permissive=0
01-10 15:03:22.294000   361   361 I auditd  : type=1400 audit(0.0:3141): avc: denied { write } for comm="teed" name="/" dev="dm-2" ino=2 scontext=u:r:tkcore:s0 tcontext=u:object_r:system_data_file:s0 tclass=dir permissive=0
01-10 15:03:22.474000   548   548 I auditd  : type=1400 audit(0.0:3142): avc: denied { add_name } for comm="HwBinder:548_2" name="shading_otp" scontext=u:r:mtk_hal_camera:s0 tcontext=u:object_r:system_data_file:s0 tclass=dir permissive=0
01-10 15:03:23.478000   548   548 I auditd  : type=1400 audit(0.0:3143): avc: denied { add_name } for comm="HwBinder:548_2" name="shading_otp" scontext=u:r:mtk_hal_camera:s0 tcontext=u:object_r:system_data_file:s0 tclass=dir permissive=0
01-10 15:03:23.478000   361   361 I auditd  : type=1400 audit(0.0:3144): avc: denied { write } for comm="teed" name="/" dev="dm-2" ino=2 scontext=u:r:tkcore:s0 tcontext=u:object_r:system_data_file:s0 tclass=dir permissive=0
01-10 15:03:24.478000   548   548 I auditd  : type=1400 audit(0.0:3145): avc: denied { add_name } for comm="HwBinder:548_2" name="shading_otp" scontext=u:r:mtk_hal_camera:s0 tcontext=u:object_r:system_data_file:s0 tclass=dir permissive=0
01-10 15:03:25.916000   361   361 I auditd  : type=1400 audit(0.0:3146): avc: denied { write } for comm="teed" name="/" dev="dm-2" ino=2 scontext=u:r:tkcore:s0 tcontext=u:object_r:system_data_file:s0 tclass=dir permissive=0
01-10 15:03:26.584000   548   548 I auditd  : type=1400 audit(0.0:3147): avc: denied { add_name } for comm="HwBinder:548_2" name="shading_otp" scontext=u:r:mtk_hal_camera:s0 tcontext=u:object_r:system_data_file:s0 tclass=dir permissive=0
01-10 15:03:28.471000   361   361 I auditd  : type=1400 audit(0.0:3148): avc: denied { write } for comm="teed" name="/" dev="dm-2" ino=2 scontext=u:r:tkcore:s0 tcontext=u:object_r:system_data_file:s0 tclass=dir permissive=0
01-10 15:03:28.815000   548   548 I auditd  : type=1400 audit(0.0:3149): avc: denied { add_name } for comm="HwBinder:548_2" name="shading_otp" scontext=u:r:mtk_hal_camera:s0 tcontext=u:object_r:system_data_file:s0 tclass=dir permissive=0
01-10 15:03:31.032000   361   361 I auditd  : type=1400 audit(0.0:3150): avc: denied { write } for comm="teed" name="/" dev="dm-2" ino=2 scontext=u:r:tkcore:s0 tcontext=u:object_r:system_data_file:s0 tclass=dir permissive=0
01-10 15:03:31.044000   548   548 I auditd  : type=1400 audit(0.0:3151): avc: denied { add_name } for comm="HwBinder:548_2" name="shading_otp" scontext=u:r:mtk_hal_camera:s0 tcontext=u:object_r:system_data_file:s0 tclass=dir permissive=0
01-10 15:03:32.048000   548   548 I auditd  : type=1400 audit(0.0:3152): avc: denied { add_name } for comm="HwBinder:548_2" name="shading_otp" scontext=u:r:mtk_hal_camera:s0 tcontext=u:object_r:system_data_file:s0 tclass=dir permissive=0
01-10 15:03:33.592000   361   361 I auditd  : type=1400 audit(0.0:3153): avc: denied { write } for comm="teed" name="/" dev="dm-2" ino=2 scontext=u:r:tkcore:s0 tcontext=u:object_r:system_data_file:s0 tclass=dir permissive=0
01-10 15:03:34.276000   548   548 I auditd  : type=1400 audit(0.0:3154): avc: denied { add_name } for comm="HwBinder:548_2" name="shading_otp" scontext=u:r:mtk_hal_camera:s0 tcontext=u:object_r:system_data_file:s0 tclass=dir permissive=0
01-10 15:03:36.160000   361   361 I auditd  : type=1400 audit(0.0:3155): avc: denied { write } for comm="teed" name="/" dev="dm-2" ino=2 scontext=u:r:tkcore:s0 tcontext=u:object_r:system_data_file:s0 tclass=dir permissive=0
01-10 15:03:36.516000   548   548 I auditd  : type=1400 audit(0.0:3156): avc: denied { add_name } for comm="HwBinder:548_2" name="shading_otp" scontext=u:r:mtk_hal_camera:s0 tcontext=u:object_r:system_data_file:s0 tclass=dir permissive=0
01-10 15:03:37.304000   361   361 I auditd  : type=1400 audit(0.0:3157): avc: denied { write } for comm="teed" name="/" dev="dm-2" ino=2 scontext=u:r:tkcore:s0 tcontext=u:object_r:system_data_file:s0 tclass=dir permissive=0
