----- timezone:GMT
01-10 14:12:01.623385   347   347 I auditd  : type=2000 audit(0.0:1): initialized
01-10 14:12:04.378000   347   347 I auditd  : type=1403 audit(0.0:2): policy loaded auid=4294967295 ses=4294967295
01-10 14:12:04.382000   347   347 I auditd  : type=1404 audit(0.0:3): enforcing=1 old_enforcing=0 auid=4294967295 ses=4294967295
01-10 14:12:05.762000   341   341 I auditd  : type=1400 audit(0.0:4): avc: denied { read } for comm="e2fsck" name="mmcblk0p7" dev="tmpfs" ino=2134 scontext=u:r:fsck:s0 tcontext=u:object_r:frp_block_device:s0 tclass=blk_file permissive=0
01-10 14:12:05.762000   341   341 I auditd  : type=1400 audit(0.0:5): avc: denied { read write } for comm="e2fsck" name="mmcblk0p7" dev="tmpfs" ino=2134 scontext=u:r:fsck:s0 tcontext=u:object_r:frp_block_device:s0 tclass=blk_file permissive=0
01-10 14:12:06.060683   348   348 I auditd  : SELinux: Loaded service_contexts from:
01-10 14:12:06.066568   348   348 I auditd  :     /system/etc/selinux/plat_service_contexts
01-10 14:12:06.138717   350   350 I auditd  : SELinux: Loaded service_contexts from:
01-10 14:12:06.139896   350   350 I auditd  :     /vendor/etc/selinux/vndservice_contexts
01-10 14:12:06.226000   361   361 I auditd  : type=1400 audit(0.0:6): avc: denied { write } for comm="teed" name="/" dev="tmpfs" ino=2155 scontext=u:r:tkcore:s0 tcontext=u:object_r:system_data_file:s0 tclass=dir permissive=0
01-10 14:12:06.226000   361   361 I chatty  : uid=1000(system) /vendor/bin/teed identical 4 lines
01-10 14:12:06.226000   361   361 I auditd  : type=1400 audit(0.0:11): avc: denied { write } for comm="teed" name="/" dev="tmpfs" ino=2155 scontext=u:r:tkcore:s0 tcontext=u:object_r:system_data_file:s0 tclass=dir permissive=0
01-10 14:12:06.262000   361   361 I auditd  : type=1400 audit(0.0:12): avc: denied { write } for comm="tkearlyinit" name="/" dev="tmpfs" ino=2155 scontext=u:r:tkcore:s0 tcontext=u:object_r:system_data_file:s0 tclass=dir permissive=0
01-10 14:12:06.282000   361   361 I auditd  : type=1400 audit(0.0:13): avc: denied { write } for comm="tkearlyinit" name="/" dev="tmpfs" ino=2155 scontext=u:r:tkcore:s0 tcontext=u:object_r:system_data_file:s0 tclass=dir permissive=0
01-10 14:12:06.282000   361   361 I auditd  : type=1400 audit(0.0:14): avc: denied { write } for comm="teed" name="/" dev="tmpfs" ino=2155 scontext=u:r:tkcore:s0 tcontext=u:object_r:system_data_file:s0 tclass=dir permissive=0
01-10 14:12:06.282000   361   361 I chatty  : uid=1000(system) /vendor/bin/teed identical 2 lines
01-10 14:12:06.282000   361   361 I auditd  : type=1400 audit(0.0:17): avc: denied { write } for comm="teed" name="/" dev="tmpfs" ino=2155 scontext=u:r:tkcore:s0 tcontext=u:object_r:system_data_file:s0 tclass=dir permissive=0
01-10 14:12:06.282000   361   361 I auditd  : type=1400 audit(0.0:18): avc: denied { write } for comm="tkuinit" name="/" dev="tmpfs" ino=2155 scontext=u:r:tkcore:s0 tcontext=u:object_r:system_data_file:s0 tclass=dir permissive=0
01-10 14:12:06.286000   361   361 I auditd  : type=1400 audit(0.0:19): avc: denied { write } for comm="tkuinit" name="/" dev="tmpfs" ino=2155 scontext=u:r:tkcore:s0 tcontext=u:object_r:system_data_file:s0 tclass=dir permissive=0
01-10 14:12:06.286000   361   361 I auditd  : type=1400 audit(0.0:20): avc: denied { write } for comm="teed" name="/" dev="tmpfs" ino=2155 scontext=u:r:tkcore:s0 tcontext=u:object_r:system_data_file:s0 tclass=dir permissive=0
01-10 14:12:06.326000   361   361 I chatty  : uid=1000(system) /vendor/bin/teed identical 2 lines
01-10 14:12:06.330000   361   361 I auditd  : type=1400 audit(0.0:23): avc: denied { write } for comm="teed" name="/" dev="tmpfs" ino=2155 scontext=u:r:tkcore:s0 tcontext=u:object_r:system_data_file:s0 tclass=dir permissive=0
01-10 14:12:06.334000   362   362 I auditd  : type=1400 audit(0.0:24): avc: denied { write } for comm="android.hardwar" name="/" dev="tmpfs" ino=2155 scontext=u:r:hal_keymaster_default:s0 tcontext=u:object_r:system_data_file:s0 tclass=dir permissive=0
01-10 14:12:06.698000   361   361 I auditd  : type=1400 audit(0.0:25): avc: denied { write } for comm="teed" name="/" dev="tmpfs" ino=2155 scontext=u:r:tkcore:s0 tcontext=u:object_r:system_data_file:s0 tclass=dir permissive=0
01-10 14:12:07.342000   361   361 I chatty  : uid=1000(system) /vendor/bin/teed identical 6 lines
01-10 14:12:07.342000   361   361 I auditd  : type=1400 audit(0.0:32): avc: denied { write } for comm="teed" name="/" dev="tmpfs" ino=2155 scontext=u:r:tkcore:s0 tcontext=u:object_r:system_data_file:s0 tclass=dir permissive=0
01-10 14:12:09.650000   544   544 I auditd  : type=1400 audit(0.0:33): avc: denied { read } for comm="storaged" path="/sys/kernel/debug/mmc0/mmc0:0001/ext_csd" dev="debugfs" ino=96 scontext=u:r:storaged:s0 tcontext=u:object_r:debugfs_mmc:s0 tclass=file permissive=0
01-10 14:12:09.903952   521   521 I boot_progress_start: 9044
01-10 14:12:10.560440   349   349 I auditd  : avc:  denied  { find } for interface=android.hardware.configstore::ISurfaceFlingerConfigs sid=u:r:program_binary:s0 pid=621 scontext=u:r:program_binary:s0 tcontext=u:object_r:hal_configstore_ISurfaceFlingerConfigs:s0 tclass=hwservice_manager permissive=0
01-10 14:12:10.954000   763   763 I auditd  : type=1400 audit(0.0:34): avc: denied { getattr } for comm="aee" path="/sys/devices/virtual/BOOT/BOOT/boot/boot_mode" dev="sysfs" ino=5378 scontext=u:r:mobile_log_d:s0 tcontext=u:object_r:sysfs:s0 tclass=file permissive=0
01-10 14:12:11.428574   521   521 I sysui_histogram: [boot_zygote_init,10569]
01-10 14:12:11.430095   521   521 I sysui_multi_action: [757,804,799,boot_zygote_init,801,10569,802,1]
01-10 14:12:11.430828   521   521 I boot_progress_preload_start: 10571
01-10 14:12:11.506000   805   805 I auditd  : type=1400 audit(0.0:35): avc: denied { read } for comm="bip" name="u:object_r:net_dns_prop:s0" dev="tmpfs" ino=11773 scontext=u:r:bip:s0 tcontext=u:object_r:net_dns_prop:s0 tclass=file permissive=0
01-10 14:12:11.510000   805   805 I auditd  : type=1400 audit(0.0:36): avc: denied { read } for comm="bip" name="u:object_r:net_dns_prop:s0" dev="tmpfs" ino=11773 scontext=u:r:bip:s0 tcontext=u:object_r:net_dns_prop:s0 tclass=file permissive=0
01-10 14:12:12.041185   522   522 I sysui_histogram: [boot_zygote_init,11180]
01-10 14:12:12.044830   522   522 I sysui_multi_action: [757,804,799,boot_zygote_init,801,11180,802,1]
01-10 14:12:12.186000   548   548 I auditd  : type=1400 audit(0.0:37): avc: denied { add_name } for comm="HwBinder:548_2" name="shading_otp" scontext=u:r:mtk_hal_camera:s0 tcontext=u:object_r:system_data_file:s0 tclass=dir permissive=0
01-10 14:12:13.081960   521   521 I boot_progress_preload_end: 12222
01-10 14:12:13.186000   548   548 I auditd  : type=1400 audit(0.0:38): avc: denied { add_name } for comm="HwBinder:548_2" name="shading_otp" scontext=u:r:mtk_hal_camera:s0 tcontext=u:object_r:system_data_file:s0 tclass=dir permissive=0
01-10 14:12:13.420245   943   943 I boot_progress_system_run: 12560
01-10 14:12:13.421476   943   943 I sysui_histogram: [boot_system_server_init,12560]
01-10 14:12:13.421643   943   943 I sysui_multi_action: [757,804,799,boot_system_server_init,801,12560,802,1]
01-10 14:12:13.518000   361   361 I auditd  : type=1400 audit(0.0:39): avc: denied { write } for comm="teed" name="/" dev="dm-2" ino=2 scontext=u:r:tkcore:s0 tcontext=u:object_r:system_data_file:s0 tclass=dir permissive=0
01-10 14:12:13.518000   361   361 I auditd  : type=1400 audit(0.0:40): avc: denied { write } for comm="teed" name="/" dev="dm-2" ino=2 scontext=u:r:tkcore:s0 tcontext=u:object_r:system_data_file:s0 tclass=dir permissive=0
01-10 14:12:13.963319   544   637 I storaged_emmc_info: [emmc 5.1,1,1,1]
01-10 14:12:14.186000   548   548 I auditd  : type=1400 audit(0.0:41): avc: denied { add_name } for comm="HwBinder:548_2" name="shading_otp" scontext=u:r:mtk_hal_camera:s0 tcontext=u:object_r:system_data_file:s0 tclass=dir permissive=0
01-10 14:12:14.324881   943   943 I rescue_note: [0,1,13461]
01-10 14:12:14.365624   943   943 I sysui_histogram: [boot_package_manager_init_start,13506]
01-10 14:12:14.365843   943   943 I sysui_multi_action: [757,804,799,boot_package_manager_init_start,801,13506,802,1]
01-10 14:12:14.396031   943   943 I boot_progress_pms_start: 13536
01-10 14:12:14.601180   943   943 I boot_progress_pms_system_scan_start: 13741
01-10 14:12:15.030000   943   943 I auditd  : type=1400 audit(0.0:42): avc: denied { getattr } for comm="system_server" path="/vendor/app/t6" dev="dm-1" ino=31 scontext=u:r:system_server:s0 tcontext=u:object_r:tkcore_systa_dir:s0 tclass=dir permissive=0
01-10 14:12:15.081338   943   943 I boot_progress_pms_data_scan_start: 14221
01-10 14:12:15.096907   943   943 I boot_progress_pms_scan_end: 14237
01-10 14:12:15.190000   548   548 I auditd  : type=1400 audit(0.0:43): avc: denied { add_name } for comm="HwBinder:548_2" name="shading_otp" scontext=u:r:mtk_hal_camera:s0 tcontext=u:object_r:system_data_file:s0 tclass=dir permissive=0
01-10 14:12:15.683545   943   943 I boot_progress_pms_ready: 14824
01-10 14:12:15.845446   943   943 I sysui_histogram: [boot_package_manager_init_ready,14985]
01-10 14:12:15.845851   943   943 I sysui_multi_action: [757,804,799,boot_package_manager_init_ready,801,14985,802,1]
01-10 14:12:15.873817   943   943 I am_uid_running: 1000
01-10 14:12:15.878690   943   943 I am_uid_active: 1000
01-10 14:12:15.950708   943   977 I battery_status: [2,2,1,2,Li-poly]
01-10 14:12:15.950852   943   977 I battery_level: [100,4321,225]
01-10 14:12:16.190000   548   548 I auditd  : type=1400 audit(0.0:44): avc: denied { add_name } for comm="HwBinder:548_2" name="shading_otp" scontext=u:r:mtk_hal_camera:s0 tcontext=u:object_r:system_data_file:s0 tclass=dir permissive=0
01-10 14:12:16.270081   943   943 I wm_stack_created: 0
01-10 14:12:16.321851   943   943 I configuration_changed: 24056
01-10 14:12:16.353715   943   943 I configuration_changed: 1024
01-10 14:12:16.368183   943  1074 I configuration_changed: 8
01-10 14:12:16.413117   943  1060 I configuration_changed: 512
01-10 14:12:16.461911   943  1076 I configuration_changed: 256
01-10 14:12:16.479680   943  1008 I configuration_changed: 256
01-10 14:12:17.058514   943  1104 I storage_state: [41217664-9172-527a-b3d5-edabb50a7d69,0,0,25460121600,25830957056]
01-10 14:12:17.114867   943   943 I stream_devices_changed: [0,0,1]
01-10 14:12:17.115568   943   943 I stream_devices_changed: [2,0,2]
01-10 14:12:17.116138   943   943 I stream_devices_changed: [3,0,2]
01-10 14:12:17.116623   943   943 I stream_devices_changed: [4,0,2]
01-10 14:12:17.117259   943   943 I stream_devices_changed: [6,0,1]
01-10 14:12:17.190000   548   548 I auditd  : type=1400 audit(0.0:45): avc: denied { add_name } for comm="HwBinder:548_2" name="shading_otp" scontext=u:r:mtk_hal_camera:s0 tcontext=u:object_r:system_data_file:s0 tclass=dir permissive=0
01-10 14:12:17.535118   943   943 I boot_progress_ams_ready: 16675
01-10 14:12:17.540842   943   943 I configuration_changed: 260
01-10 14:12:17.642436   943  1008 I configuration_changed: 256
01-10 14:12:17.702655   943   943 I am_uid_running: 10060
01-10 14:12:17.724674   943   943 I am_proc_start: [0,1117,10060,com.android.inputmethod.latin,service,com.android.inputmethod.latin/.LatinIME]
01-10 14:12:17.737931   943   943 I am_uid_running: 10021
01-10 14:12:17.762145   943   943 I am_proc_start: [0,1130,10021,com.android.systemui,service,com.android.systemui/.ImageWallpaper]
01-10 14:12:17.766345   943   977 I am_proc_bound: [0,1117,com.android.inputmethod.latin]
01-10 14:12:17.770126   943   977 I am_uid_active: 10060
01-10 14:12:17.800804   943  1135 I am_proc_bound: [0,1130,com.android.systemui]
01-10 14:12:17.803568   943  1135 I am_uid_active: 10021
01-10 14:12:17.826582   943  1061 I am_uid_running: 1037
01-10 14:12:17.893486   943  1061 I am_proc_start: [0,1176,1037,WebViewLoader-armeabi-v7a,,]
01-10 14:12:17.913198   943  1061 I am_proc_start: [0,1189,1037,WebViewLoader-arm64-v8a,,]
01-10 14:12:17.930156   943  1084 I netstats_mobile_sample: [0,0,0,0,0,0,0,0,0,0,0,0,-1]
01-10 14:12:17.930530   943  1084 I netstats_wifi_sample: [0,0,0,0,0,0,0,0,0,0,0,0,-1]
01-10 14:12:17.932491   943  1135 I am_proc_bound: [0,1176,WebViewLoader-armeabi-v7a]
01-10 14:12:17.934475   943  1135 I am_uid_active: 1037
01-10 14:12:17.954850   943  1135 I am_proc_bound: [0,1189,WebViewLoader-arm64-v8a]
01-10 14:12:18.093220   943   977 I am_proc_died: [0,1176,WebViewLoader-armeabi-v7a,-700,0]
01-10 14:12:18.096042   943   977 I am_mem_factor: [3,0]
01-10 14:12:18.097121   943   977 I am_low_memory: 4
01-10 14:12:18.120867   943   977 I am_proc_died: [0,1189,WebViewLoader-arm64-v8a,-700,0]
01-10 14:12:18.121043   943   977 I am_uid_stopped: 1037
01-10 14:12:18.122730   943   977 I am_low_memory: 3
01-10 14:12:18.190000   548   548 I auditd  : type=1400 audit(0.0:46): avc: denied { add_name } for comm="HwBinder:548_2" name="shading_otp" scontext=u:r:mtk_hal_camera:s0 tcontext=u:object_r:system_data_file:s0 tclass=dir permissive=0
01-10 14:12:18.257921  1130  1278 I sysui_action: [213,2]
01-10 14:12:18.259924  1130  1278 I sysui_multi_action: [757,213,758,4,759,2]
01-10 14:12:18.338628   943   943 I am_uid_running: 1001
01-10 14:12:18.330000   943   943 I auditd  : type=1400 audit(0.0:47): avc: denied { search } for comm="system_server" name="/" dev="mmcblk0p7" ino=2 scontext=u:r:system_server:s0 tcontext=u:object_r:enterprise_file:s0 tclass=dir permissive=0
01-10 14:12:18.355040   943   943 I am_proc_start: [0,1299,1001,com.mediatek.ims,added application,com.mediatek.ims]
01-10 14:12:18.378372   943   943 I am_proc_start: [0,1311,1001,com.android.phone,added application,com.android.phone]
01-10 14:12:18.470681   943   943 I wm_task_created: [1,0]
01-10 14:12:18.471615   943   943 I wm_task_moved: [1,1,0]
01-10 14:12:18.472136   943   943 I wm_task_moved: [1,1,0]
01-10 14:12:18.472476   943   943 I am_create_task: [0,1]
01-10 14:12:18.472639   943   943 I am_create_activity: [0,64984146,1,com.android.settings/.FallbackHome,android.intent.action.MAIN,NULL,NULL,276824320]
01-10 14:12:18.476783   943   943 I wm_task_moved: [1,1,0]
01-10 14:12:18.493334   943   943 I am_proc_start: [0,1349,1000,com.android.settings,activity,com.android.settings/.FallbackHome]
01-10 14:12:18.522466   943  1272 I am_proc_bound: [0,1299,com.mediatek.ims]
01-10 14:12:18.524809   943   943 I sysui_histogram: [boot_system_server_ready,17665]
01-10 14:12:18.524943   943   943 I sysui_multi_action: [757,804,799,boot_system_server_ready,801,17665,802,1]
01-10 14:12:18.526298   943  1272 I am_uid_active: 1001
01-10 14:12:18.526679   943   977 I am_proc_bound: [0,1311,com.android.phone]
01-10 14:12:18.531570   943  1135 I am_proc_bound: [0,1349,com.android.settings]
01-10 14:12:18.537056   943  1135 I am_restart_activity: [0,64984146,1,com.android.settings/.FallbackHome]
01-10 14:12:18.538628   943  1135 I am_set_resumed_activity: [0,com.android.settings/.FallbackHome,minimalResumeActivityLocked]
01-10 14:12:18.700897  1349  1349 I am_on_resume_called: [0,com.android.settings.FallbackHome,LAUNCH_ACTIVITY]
01-10 14:12:18.814801   943  1001 I boot_progress_enable_screen: 17955
01-10 14:12:18.815263   943  1008 I am_activity_launch_time: [0,64984146,com.android.settings/.FallbackHome,328,328]
01-10 14:12:18.816520   943  1001 I screen_toggled: 1
01-10 14:12:18.878206   943  1214 I force_gc: Binder
01-10 14:12:18.926000  1200  1200 I auditd  : type=1400 audit(0.0:48): avc: denied { open } for comm="main" path="/proc/uptime" dev="proc" ino=4026532104 scontext=u:r:webview_zygote:s0 tcontext=u:object_r:proc:s0 tclass=file permissive=0
01-10 14:12:19.014316  1130  1130 I sysui_multi_action: [757,1093,758,4,793,11,1094,0,1095,0]
01-10 14:12:19.190000   548   548 I auditd  : type=1400 audit(0.0:49): avc: denied { add_name } for comm="HwBinder:548_2" name="shading_otp" scontext=u:r:mtk_hal_camera:s0 tcontext=u:object_r:system_data_file:s0 tclass=dir permissive=0
01-10 14:12:19.378275   943   943 I notification_enqueue: [1000,943,android,32,NULL,-1,Notification(channel=USB pri=0 contentView=null vibrate=null sound=null tick defaults=0x0 flags=0x2 color=0xff607d8b vis=PUBLIC),0]
01-10 14:12:19.378925   943   943 I notification_enqueue: [1000,943,android,26,NULL,-1,Notification(channel=DEVELOPER pri=0 contentView=null vibrate=null sound=null tick defaults=0x0 flags=0x2 color=0xff607d8b vis=PUBLIC),0]
01-10 14:12:19.426386   943   976 I am_pause_activity: [0,64984146,com.android.settings/.FallbackHome]
01-10 14:12:19.451270  1349  1349 I am_on_paused_called: [0,com.android.settings.FallbackHome,handlePauseActivity]
01-10 14:12:19.454429   943  1001 I am_stop_activity: [0,64984146,com.android.settings/.FallbackHome]
01-10 14:12:19.455167  1349  1349 I am_on_stop_called: [0,com.android.settings.FallbackHome,handleStopActivity]
01-10 14:12:19.455259   943  1001 I sysui_count: [window_time_0,5]
01-10 14:12:19.455366   943  1001 I sysui_multi_action: [757,803,799,window_time_0,802,5]
01-10 14:12:19.526144   943   943 I am_proc_start: [0,1550,1000,com.mediatek.ppl,broadcast,com.mediatek.ppl/.PplReceiver]
01-10 14:12:19.533688  1311  1311 I gsm_service_state_change: [1,1,3,3]
01-10 14:12:19.553060   943   943 I notification_enqueue: [1000,943,android,26,NULL,-1,Notification(channel=DEVELOPER pri=0 contentView=null vibrate=null sound=null tick defaults=0x0 flags=0x2 color=0xff607d8b vis=PUBLIC),0]
01-10 14:12:19.554007   943   943 I notification_enqueue: [1000,943,android,32,NULL,-1,Notification(channel=USB pri=0 contentView=null vibrate=null sound=null tick defaults=0x0 flags=0x2 color=0xff607d8b vis=PUBLIC),0]
01-10 14:12:19.564956   943   976 I am_proc_bound: [0,1550,com.mediatek.ppl]
01-10 14:12:19.605118   943   943 I sysui_multi_action: [757,128,758,5,759,8,793,1811,794,0,795,1811,796,26,806,android,857,DEVELOPER,858,2,947,0]
01-10 14:12:19.605299   943   943 I notification_canceled: [-1|android|26|null|1000,8,1811,1811,0,NULL]
01-10 14:12:19.605916   943   943 I sysui_multi_action: [757,128,758,5,759,8,793,1821,794,0,795,1821,796,32,806,android,857,USB,858,1,947,0]
01-10 14:12:19.606039   943   943 I notification_canceled: [-1|android|32|null|1000,8,1821,1821,0,NULL]
01-10 14:12:19.656217   943   943 I notification_enqueue: [1000,1550,com.mediatek.ppl,1,NULL,0,Notification(channel=null pri=0 contentView=null vibrate=null sound=null defaults=0x0 flags=0x40 color=0x00000000 vis=PRIVATE),0]
01-10 14:12:19.664548   943   943 I sysui_multi_action: [757,128,758,5,759,8,793,10,794,0,795,10,796,1,806,com.mediatek.ppl,857,miscellaneous,858,2,947,0]
01-10 14:12:19.664682   943   943 I notification_canceled: [0|com.mediatek.ppl|1|null|1000,8,10,10,0,NULL]
01-10 14:12:19.807094   943   976 I force_gc: Binder
01-10 14:12:20.190000   548   548 I auditd  : type=1400 audit(0.0:50): avc: denied { add_name } for comm="HwBinder:548_2" name="shading_otp" scontext=u:r:mtk_hal_camera:s0 tcontext=u:object_r:system_data_file:s0 tclass=dir permissive=0
01-10 14:12:20.805253   943   943 I notification_enqueue: [1000,1550,com.mediatek.ppl,1,NULL,0,Notification(channel=null pri=0 contentView=null vibrate=null sound=null defaults=0x0 flags=0x40 color=0x00000000 vis=PRIVATE),0]
01-10 14:12:20.813067   943   943 I sysui_multi_action: [757,128,758,5,759,8,793,11,794,0,795,11,796,1,806,com.mediatek.ppl,857,miscellaneous,858,2,947,0]
01-10 14:12:20.813149   943   943 I notification_canceled: [0|com.mediatek.ppl|1|null|1000,8,11,11,0,NULL]
01-10 14:12:20.828660   943   943 I notification_enqueue: [1000,1550,com.mediatek.ppl,1,NULL,0,Notification(channel=null pri=0 contentView=null vibrate=null sound=null defaults=0x0 flags=0x40 color=0x00000000 vis=PRIVATE),0]
01-10 14:12:20.831264   943   943 I sysui_multi_action: [757,128,758,5,759,8,793,5,794,0,795,5,796,1,806,com.mediatek.ppl,857,miscellaneous,858,2,947,0]
01-10 14:12:20.831351   943   943 I notification_canceled: [0|com.mediatek.ppl|1|null|1000,8,5,5,0,NULL]
01-10 14:12:20.898580  1130  1130 I sysui_view_visibility: [111,100]
01-10 14:12:20.898848  1130  1130 I sysui_multi_action: [757,111,758,1]
01-10 14:12:20.899132  1130  1130 I sysui_multi_action: [757,126,758,1,759,126,833,0,927,0,928,0]
01-10 14:12:20.899309  1130  1130 I sysui_multi_action: [757,113,758,1,759,113,833,0,927,1,928,0]
01-10 14:12:20.899526  1130  1130 I sysui_multi_action: [757,118,758,1,759,118,833,0,927,2,928,0]
01-10 14:12:20.899633  1130  1130 I sysui_multi_action: [757,119,758,1,759,119,833,0,927,3,928,0]
01-10 14:12:20.899735  1130  1130 I sysui_multi_action: [757,123,758,1,759,123,833,0,927,4,928,0]
01-10 14:12:20.899814  1130  1130 I sysui_multi_action: [757,261,758,1,759,261,833,0,927,5,928,0]
01-10 14:12:20.932536  1130  1130 I sysui_multi_action: [757,196,758,1,759,0]
01-10 14:12:20.932808  1130  1130 I sysui_status_bar_state: [1,1,0,0,0,1]
01-10 14:12:20.940059   943   977 I sysui_view_visibility: [127,100]
01-10 14:12:20.940313   943   977 I sysui_multi_action: [757,127,758,1]
01-10 14:12:20.940432   943   977 I sysui_histogram: [note_load,0]
01-10 14:12:20.940521   943   977 I sysui_multi_action: [757,804,799,note_load,801,0,802,1]
01-10 14:12:20.940547   943   977 I notification_panel_revealed: 0
01-10 14:12:20.918000   530   530 I auditd  : type=1400 audit(0.0:51): avc: denied { open } for comm=494D4342206D73672068616E646C65 path="/dev/__properties__/u:object_r:mtk_em_video_log_vdec_prop:s0" dev="tmpfs" ino=11722 scontext=u:r:vtservice:s0 tcontext=u:object_r:mtk_em_video_log_vdec_prop:s0 tclass=file permissive=0
01-10 14:12:20.926000   530   530 I auditd  : type=1400 audit(0.0:52): avc: denied { open } for comm=494D4342206D73672068616E646C65 path="/dev/__properties__/u:object_r:mtk_em_video_log_omx_prop:s0" dev="tmpfs" ino=11724 scontext=u:r:vtservice:s0 tcontext=u:object_r:mtk_em_video_log_omx_prop:s0 tclass=file permissive=0
01-10 14:12:20.934000   530   530 I auditd  : type=1400 audit(0.0:53): avc: denied { open } for comm=494D4342206D73672068616E646C65 path="/dev/__properties__/u:object_r:mtk_em_video_log_omx_prop:s0" dev="tmpfs" ino=11724 scontext=u:r:vtservice:s0 tcontext=u:object_r:mtk_em_video_log_omx_prop:s0 tclass=file permissive=0
01-10 14:12:20.949022  1130  1284 I sysui_multi_action: [757,1093,758,4,793,1934,1094,605028353,1095,4]
01-10 14:12:20.942000   530   530 I auditd  : type=1400 audit(0.0:54): avc: denied { open } for comm=494D4342206D73672068616E646C65 path="/dev/__properties__/u:object_r:mtk_em_video_log_omx_prop:s0" dev="tmpfs" ino=11724 scontext=u:r:vtservice:s0 tcontext=u:object_r:mtk_em_video_log_omx_prop:s0 tclass=file permissive=0
01-10 14:12:21.070000   530   530 I chatty  : uid=1000(system) /system/bin/vtservice identical 12 lines
01-10 14:12:21.082000   530   530 I auditd  : type=1400 audit(0.0:67): avc: denied { open } for comm=494D4342206D73672068616E646C65 path="/dev/__properties__/u:object_r:mtk_em_video_log_omx_prop:s0" dev="tmpfs" ino=11724 scontext=u:r:vtservice:s0 tcontext=u:object_r:mtk_em_video_log_omx_prop:s0 tclass=file permissive=0
01-10 14:12:21.190000   548   548 I auditd  : type=1400 audit(0.0:68): avc: denied { add_name } for comm="HwBinder:548_2" name="shading_otp" scontext=u:r:mtk_hal_camera:s0 tcontext=u:object_r:system_data_file:s0 tclass=dir permissive=0
01-10 14:12:21.415627   398  1416 I sf_stop_bootanim: 20556
01-10 14:12:21.420368   943  1008 I wm_boot_animation_done: 20560
01-10 14:12:21.431352   943  1008 I am_user_state_changed: [0,1]
01-10 14:12:21.431597   943  1008 I sysui_histogram: [framework_locked_boot_completed,20]
01-10 14:12:21.431720   943  1008 I sysui_multi_action: [757,804,799,framework_locked_boot_completed,801,20,802,1]
01-10 14:12:21.433737   943  1008 I am_user_state_changed: [0,2]
01-10 14:12:21.494136  1612  1612 I sysui_multi_action: [757,1098,758,4,1099,wdt_by_pass_pwk]
01-10 14:12:21.512755  1613  1613 I sysui_multi_action: [757,804,799,factory_reset_current_time,801,1578636741,802,1]
01-10 14:12:21.513847  1613  1613 I sysui_multi_action: [757,804,799,factory_reset_record_value,801,1262304056,802,1]
01-10 14:12:21.539974  1614  1614 I sysui_multi_action: [757,804,799,post_decrypt_time_elapsed,801,7,802,1]
01-10 14:12:21.541653  1614  1614 I sysui_multi_action: [757,804,799,last_boot_time_utc,801,1578636741,802,1]
01-10 14:12:21.541687  1614  1614 I sysui_multi_action: [757,804,799,build_date,801,1577435794,802,1]
01-10 14:12:21.541716  1614  1614 I sysui_multi_action: [757,804,799,boot_decryption_complete,801,20,802,1]
01-10 14:12:21.541743  1614  1614 I sysui_multi_action: [757,804,799,factory_reset_boot_complete_post_decrypt,801,25,802,1]
01-10 14:12:21.541771  1614  1614 I sysui_multi_action: [757,804,799,factory_reset_boot_complete,801,47,802,1]
01-10 14:12:21.541798  1614  1614 I sysui_multi_action: [757,804,799,ro.boottime.init,801,2724,802,1]
01-10 14:12:21.541826  1614  1614 I sysui_multi_action: [757,804,799,ro.boottime.init.selinux,801,142,802,1]
01-10 14:12:21.541853  1614  1614 I sysui_multi_action: [757,804,799,ro.boottime.init.cold_boot_wait,801,636,802,1]
01-10 14:12:21.541881  1614  1614 I sysui_multi_action: [757,804,799,boottime.bootloader.total,801,0,802,1]
01-10 14:12:21.541908  1614  1614 I sysui_multi_action: [757,804,799,absolute_boot_time,801,20,802,1]
01-10 14:12:21.541936  1614  1614 I sysui_multi_action: [757,804,799,boot_reason,801,1,802,1]
01-10 14:12:21.541963  1614  1614 I sysui_multi_action: [757,804,799,factory_reset_current_time,801,1578636741,802,1]
01-10 14:12:21.541990  1614  1614 I sysui_multi_action: [757,804,799,factory_reset,801,1262304056,802,1]
01-10 14:12:21.542017  1614  1614 I sysui_multi_action: [757,804,799,time_since_last_boot,801,1239,802,1]
01-10 14:12:21.542044  1614  1614 I sysui_multi_action: [757,804,799,boot_complete_post_decrypt,801,13,802,1]
01-10 14:12:21.542071  1614  1614 I sysui_multi_action: [757,804,799,boot_complete,801,20,802,1]
01-10 14:12:21.542098  1614  1614 I sysui_multi_action: [757,804,799,factory_reset_record_value,801,1262304056,802,1]
01-10 14:12:21.542126  1614  1614 I sysui_multi_action: [757,804,799,time_since_factory_reset,801,316332685,802,1]
01-10 14:12:21.726287   943   943 I am_proc_start: [0,1625,1000,com.android.deskclock,broadcast,com.android.deskclock/.AlarmInitReceiver]
01-10 14:12:21.771678   943  1272 I am_proc_bound: [0,1625,com.android.deskclock]
01-10 14:12:21.807515   943   943 I backup_transport_lifecycle: [android/com.android.internal.backup.LocalTransportService,1]
01-10 14:12:21.886764   943  1001 I am_proc_start: [0,1646,1000,com.datalogic.dxu,added application,com.datalogic.dxu]
01-10 14:12:21.887928   943  1001 I am_uid_running: 1027
01-10 14:12:21.904720   943  1001 I am_proc_start: [0,1659,1027,com.android.nfc,added application,com.android.nfc]
01-10 14:12:21.920740   943  1001 I am_proc_start: [0,1670,1000,com.datalogic.service,added application,com.datalogic.service]
01-10 14:12:21.924046   943   976 I am_proc_bound: [0,1646,com.datalogic.dxu]
01-10 14:12:21.926951   943  1001 I am_user_state_changed: [0,3]
01-10 14:12:21.927752   943  1001 I sysui_histogram: [framework_boot_completed,21]
01-10 14:12:21.927892   943  1001 I sysui_multi_action: [757,804,799,framework_boot_completed,801,21,802,1]
01-10 14:12:21.952205   943   976 I am_proc_bound: [0,1659,com.android.nfc]
01-10 14:12:21.954514   943   976 I am_uid_active: 1027
01-10 14:12:21.956346   943  1000 I am_uid_running: 10062
01-10 14:12:22.008093   943  1000 I am_proc_start: [0,1690,10062,com.android.printspooler,service,com.android.printspooler/.model.PrintSpoolerService]
01-10 14:12:22.008943   943  1371 I am_proc_bound: [0,1670,com.datalogic.service]
01-10 14:12:22.020524   943   976 I am_proc_bound: [0,1690,com.android.printspooler]
01-10 14:12:22.022670   943   976 I am_uid_active: 10062
01-10 14:12:22.025944   943   943 I am_uid_running: 10018
01-10 14:12:22.047243   943   943 I am_proc_start: [0,1716,10018,com.android.launcher3,service,com.android.launcher3/.notification.NotificationListener]
01-10 14:12:22.048566   943  1371 I am_finish_activity: [0,64984146,1,com.android.settings/.FallbackHome,app-request]
01-10 14:12:22.049426   943  1371 I wm_task_moved: [1,1,0]
01-10 14:12:22.050148   943  1371 I am_destroy_activity: [0,64984146,1,com.android.settings/.FallbackHome,finish-imm]
01-10 14:12:22.056941   943  1214 I am_uid_running: 10069
01-10 14:12:22.080404   943  1214 I am_proc_start: [0,1731,10069,com.android.smspush,service,com.android.smspush/.WapPushManager]
01-10 14:12:22.087373   943   943 I am_uid_running: 10032
01-10 14:12:22.104361   943   943 I am_proc_start: [0,1746,10032,com.gears42.surelock,service,com.gears42.surelock/.service.NotificationListService]
01-10 14:12:22.106256   943  1715 I wm_task_removed: [1,removeAppToken: last token]
01-10 14:12:22.106788   943  1715 I wm_task_removed: [1,removeTask]
01-10 14:12:22.109989   943  1715 I wm_stack_created: 1
01-10 14:12:22.110840   943  1715 I wm_task_created: [388,1]
01-10 14:12:22.111806   943  1715 I wm_task_moved: [388,1,0]
01-10 14:12:22.112075   943  1715 I am_focused_stack: [0,1,0,reuseOrNewTask]
01-10 14:12:22.112200   943  1715 I wm_task_moved: [388,1,0]
01-10 14:12:22.112592   943  1715 I am_create_task: [0,388]
01-10 14:12:22.112680   943  1715 I am_create_activity: [0,16861114,388,android/com.android.internal.app.ResolverActivity,android.intent.action.MAIN,NULL,NULL,276824320]
01-10 14:12:22.114790   943  1715 I wm_task_moved: [388,1,0]
01-10 14:12:22.120677   943  1214 I am_proc_bound: [0,1731,com.android.smspush]
01-10 14:12:22.122398   943  1214 I am_uid_active: 10069
01-10 14:12:22.123641   943  1135 I am_proc_bound: [0,1716,com.android.launcher3]
01-10 14:12:22.125546   943  1135 I am_uid_active: 10018
01-10 14:12:22.126530   943   977 I am_proc_bound: [0,1746,com.gears42.surelock]
01-10 14:12:22.128255   943   977 I am_uid_active: 10032
01-10 14:12:22.132787   943  1001 I am_uid_running: 10015
01-10 14:12:22.149592   943  1001 I am_proc_start: [0,1766,10015,android.process.media,broadcast,com.android.providers.media/.MtpReceiver]
01-10 14:12:22.151624   943  1001 I sysui_count: [window_time_0,3]
01-10 14:12:22.151803   943  1001 I sysui_multi_action: [757,803,799,window_time_0,802,3]
01-10 14:12:22.185628   943  1001 I am_proc_start: [0,1781,1000,system:ui,activity,android/com.android.internal.app.ResolverActivity]
01-10 14:12:22.190000   548   548 I auditd  : type=1400 audit(0.0:69): avc: denied { add_name } for comm="HwBinder:548_2" name="shading_otp" scontext=u:r:mtk_hal_camera:s0 tcontext=u:object_r:system_data_file:s0 tclass=dir permissive=0
01-10 14:12:22.239519   943  1000 I am_proc_start: [0,1795,1000,com.android.keychain,service,com.android.keychain/.KeyChainService]
01-10 14:12:22.241781   943  1364 I am_proc_bound: [0,1766,android.process.media]
01-10 14:12:22.244521   943  1715 I am_proc_bound: [0,1781,system:ui]
01-10 14:12:22.249932   943  1715 I am_restart_activity: [0,16861114,388,android/com.android.internal.app.ResolverActivity]
01-10 14:12:22.250992   943  1715 I am_set_resumed_activity: [0,android/com.android.internal.app.ResolverActivity,minimalResumeActivityLocked]
01-10 14:12:22.253545   943  1715 I am_pause_activity: [0,16861114,android/com.android.internal.app.ResolverActivity]
01-10 14:12:22.255062   943  1734 I am_proc_bound: [0,1795,com.android.keychain]
01-10 14:12:22.340939   943  1000 I am_uid_running: 10004
01-10 14:12:22.389560   943  1000 I am_proc_start: [0,1829,10004,com.baidu.map.location,service,com.baidu.map.location/.BaiduNetworkLocationService]
01-10 14:12:22.395316   943  1715 I am_uid_running: 10008
01-10 14:12:22.415745   943  1715 I am_proc_start: [0,1845,10008,android.ext.services,service,android.ext.services/.resolver.LRResolverRankerService]
01-10 14:12:22.417019   943  1135 I am_proc_bound: [0,1829,com.baidu.map.location]
01-10 14:12:22.421006  1781  1781 I sysui_action: [451,android.intent.action.MAIN:null:[android.intent.category.HOME]]
01-10 14:12:22.422524  1781  1781 I sysui_multi_action: [757,451,758,4,806,android.intent.action.MAIN:null:[android.intent.category.HOME]]
01-10 14:12:22.428044  1781  1781 I am_on_resume_called: [0,com.android.internal.app.ResolverActivity,LAUNCH_ACTIVITY]
01-10 14:12:22.447353   943  1214 I am_uid_running: 10066
01-10 14:12:22.468470   943  1214 I am_proc_start: [0,1863,10066,com.datalogic.setupwizardscanner,broadcast,com.datalogic.setupwizardscanner/.ScannerServiceReceiver]
01-10 14:12:22.469432   943  1371 I am_proc_bound: [0,1845,android.ext.services]
01-10 14:12:22.469499  1781  1781 I am_on_paused_called: [0,com.android.internal.app.ResolverActivity,handlePauseActivity]
01-10 14:12:22.472660   943  1371 I am_uid_active: 10008
01-10 14:12:22.476705   943  1001 I am_stop_activity: [0,16861114,android/com.android.internal.app.ResolverActivity]
01-10 14:12:22.477698   943  1001 I sysui_count: [window_time_0,0]
01-10 14:12:22.477872   943  1001 I sysui_multi_action: [757,803,799,window_time_0,802,0]
01-10 14:12:22.510233   943   976 I am_proc_bound: [0,1863,com.datalogic.setupwizardscanner]
01-10 14:12:22.527503  1781  1781 I am_on_stop_called: [0,com.android.internal.app.ResolverActivity,handleStopActivity]
01-10 14:12:22.578000  1659  1659 I auditd  : type=1400 audit(0.0:70): avc: denied { read } for comm="SoundPoolThread" path="/vendor/app/NfcNci/NfcNci.apk" dev="dm-1" ino=24 scontext=u:r:drmserver:s0 tcontext=u:object_r:vendor_app_file:s0 tclass=file permissive=0
01-10 14:12:22.582000  1659  1659 I auditd  : type=1400 audit(0.0:71): avc: denied { read } for comm="SoundPoolThread" path="/vendor/app/NfcNci/NfcNci.apk" dev="dm-1" ino=24 scontext=u:r:drmserver:s0 tcontext=u:object_r:vendor_app_file:s0 tclass=file permissive=0
01-10 14:12:22.601123   943   976 I am_mem_factor: [2,3]
01-10 14:12:22.661656   943  1371 I am_proc_start: [0,1917,1000,com.mediatek.simprocessor,broadcast,com.mediatek.simprocessor/.BootCmpReceiver]
01-10 14:12:22.695532   943   976 I am_proc_start: [0,1931,1001,com.mediatek.engineermode,broadcast,com.mediatek.engineermode/.nsiot.UsbStateReceiverNsiot]
01-10 14:12:22.697356   943   976 I am_proc_bound: [0,1917,com.mediatek.simprocessor]
01-10 14:12:22.731965   943  1711 I am_proc_bound: [0,1931,com.mediatek.engineermode]
01-10 14:12:22.762043   943   943 I notification_enqueue: [1000,1917,com.mediatek.simprocessor,404,NULL,0,Notification(channel=null pri=0 contentView=null vibrate=null sound=null tick defaults=0x0 flags=0x40 color=0x00000000 vis=PRIVATE),0]
01-10 14:12:22.782754   943  1272 I am_uid_running: 10002
01-10 14:12:22.798000  1659  1659 I auditd  : type=1400 audit(0.0:72): avc: denied { read } for comm="SoundPoolThread" path="/vendor/app/NfcNci/NfcNci.apk" dev="dm-1" ino=24 scontext=u:r:drmserver:s0 tcontext=u:object_r:vendor_app_file:s0 tclass=file permissive=0
01-10 14:12:22.802000  1659  1659 I auditd  : type=1400 audit(0.0:73): avc: denied { read } for comm="SoundPoolThread" path="/vendor/app/NfcNci/NfcNci.apk" dev="dm-1" ino=24 scontext=u:r:drmserver:s0 tcontext=u:object_r:vendor_app_file:s0 tclass=file permissive=0
01-10 14:12:22.807518   943  1272 I am_proc_start: [0,1956,10002,android.process.acore,content provider,com.android.providers.contacts/.ContactsProvider2]
01-10 14:12:22.862913   943  1711 I am_proc_start: [0,1978,1000,com.mediatek.security,broadcast,com.mediatek.security/.service.PermControlReceiver]
01-10 14:12:22.866242   943  1715 I am_proc_bound: [0,1956,android.process.acore]
01-10 14:12:22.868833   943  1715 I am_uid_active: 10002
01-10 14:12:22.872732   943   943 I notification_enqueue: [1000,1550,com.mediatek.ppl,1,NULL,0,Notification(channel=null pri=0 contentView=null vibrate=null sound=null defaults=0x0 flags=0x40 color=0x00000000 vis=PRIVATE),0]
01-10 14:12:22.882331   943   943 I sysui_multi_action: [757,128,758,5,759,8,793,12,794,0,795,12,796,1,806,com.mediatek.ppl,857,miscellaneous,858,2,947,0]
01-10 14:12:22.882496   943   943 I notification_canceled: [0|com.mediatek.ppl|1|null|1000,8,12,12,0,NULL]
01-10 14:12:22.909230   943  1711 I am_proc_bound: [0,1978,com.mediatek.security]
01-10 14:12:22.917659   943  1214 I force_gc: Binder
01-10 14:12:22.986000  1659  1659 I auditd  : type=1400 audit(0.0:74): avc: denied { read } for comm="SoundPoolThread" path="/vendor/app/NfcNci/NfcNci.apk" dev="dm-1" ino=24 scontext=u:r:drmserver:s0 tcontext=u:object_r:vendor_app_file:s0 tclass=file permissive=0
01-10 14:12:22.990000  1659  1659 I auditd  : type=1400 audit(0.0:75): avc: denied { read } for comm="SoundPoolThread" path="/vendor/app/NfcNci/NfcNci.apk" dev="dm-1" ino=24 scontext=u:r:drmserver:s0 tcontext=u:object_r:vendor_app_file:s0 tclass=file permissive=0
01-10 14:12:23.008416   943  1214 I am_mem_factor: [1,2]
01-10 14:12:23.190000   548   548 I auditd  : type=1400 audit(0.0:76): avc: denied { add_name } for comm="HwBinder:548_2" name="shading_otp" scontext=u:r:mtk_hal_camera:s0 tcontext=u:object_r:system_data_file:s0 tclass=dir permissive=0
01-10 14:12:23.263853   943   943 I am_uid_running: 10016
01-10 14:12:23.281011   943   943 I am_proc_start: [0,2017,10016,com.android.dialer,broadcast,com.android.dialer/.app.calllog.CallLogReceiver]
01-10 14:12:23.324544   943  1272 I am_proc_bound: [0,2017,com.android.dialer]
01-10 14:12:23.332273   943  2016 I sysui_histogram: [boot_fs_shutdown_umount_stat,4]
01-10 14:12:23.332495   943  2016 I sysui_multi_action: [757,804,799,boot_fs_shutdown_umount_stat,801,4,802,1]
01-10 14:12:23.332837   943  2016 I sysui_histogram: [boot_mount_all_duration_default,350]
01-10 14:12:23.332958   943  2016 I sysui_multi_action: [757,804,799,boot_mount_all_duration_default,801,350,802,1]
01-10 14:12:23.333866   943  2016 I sysui_histogram: [boot_fs_stat_cache,1]
01-10 14:12:23.334063   943  2016 I sysui_multi_action: [757,804,799,boot_fs_stat_cache,801,1,802,1]
01-10 14:12:23.334231   943  2016 I sysui_histogram: [boot_fs_stat_protect1,3]
01-10 14:12:23.334353   943  2016 I sysui_multi_action: [757,804,799,boot_fs_stat_protect1,801,3,802,1]
01-10 14:12:23.334464   943  2016 I sysui_histogram: [boot_fs_stat_protect2,3]
01-10 14:12:23.334517   943  2016 I sysui_multi_action: [757,804,799,boot_fs_stat_protect2,801,3,802,1]
01-10 14:12:23.334605   943  2016 I sysui_histogram: [boot_fs_stat_nvdata,3]
01-10 14:12:23.334650   943  2016 I sysui_multi_action: [757,804,799,boot_fs_stat_nvdata,801,3,802,1]
01-10 14:12:23.335506   943  2016 I sysui_histogram: [boot_fs_stat_nvcfg,3]
01-10 14:12:23.335664   943  2016 I sysui_multi_action: [757,804,799,boot_fs_stat_nvcfg,801,3,802,1]
01-10 14:12:23.336008   943  2016 I sysui_histogram: [boot_fs_stat_enterprise,1025]
01-10 14:12:23.336179   943  2016 I sysui_multi_action: [757,804,799,boot_fs_stat_enterprise,801,1025,802,1]
01-10 14:12:23.470000   943   943 I auditd  : type=1400 audit(0.0:77): avc: denied { search } for comm="Binder:943_1" name="/" dev="mmcblk0p7" ino=2 scontext=u:r:system_server:s0 tcontext=u:object_r:enterprise_file:s0 tclass=dir permissive=0
01-10 14:12:23.599630   943   976 I sysui_multi_action: [757,128,758,1,793,839,794,0,795,839,796,404,798,0,806,com.mediatek.simprocessor,857,miscellaneous,858,2,947,0]
01-10 14:12:23.599803   943   976 I sysui_histogram: [note_freshness,839]
01-10 14:12:23.599881   943   976 I sysui_multi_action: [757,804,799,note_freshness,801,839,802,1]
01-10 14:12:23.599941   943   976 I notification_visibility: [0|com.mediatek.simprocessor|404|null|1000,1,839,839,0,0]
01-10 14:12:23.647183   943  1000 I am_meminfo: [560570368,1243152384,4096,208982016,426382336]
01-10 14:12:23.742000   943   943 I auditd  : type=1400 audit(0.0:78): avc: denied { sys_module } for comm="system_server" capability=16 scontext=u:r:system_server:s0 tcontext=u:r:system_server:s0 tclass=capability permissive=0
01-10 14:12:23.780601   943  1734 I am_uid_running: 10068
01-10 14:12:23.794997   943  1734 I am_proc_start: [0,2066,10068,com.datalogic.softspot,broadcast,com.datalogic.softspot/.boot.BootReceiver]
01-10 14:12:23.811342   943   976 I am_proc_bound: [0,2066,com.datalogic.softspot]
01-10 14:12:23.898883   943   976 I am_uid_running: 10030
01-10 14:12:23.910100   943   976 I am_proc_start: [0,2082,10030,com.gears42.surefox,broadcast,com.gears42.surefox/.settings.BootReceiver]
01-10 14:12:23.924204   943  1272 I am_proc_bound: [0,2082,com.gears42.surefox]
01-10 14:12:23.939606   943  1711 I am_uid_active: 10068
01-10 14:12:23.953815   943   943 I sysui_multi_action: [757,128,758,5,759,8,793,1193,794,354,795,1193,796,404,806,com.mediatek.simprocessor,857,miscellaneous,858,2,947,0]
01-10 14:12:23.953903   943   943 I notification_canceled: [0|com.mediatek.simprocessor|404|null|1000,8,1193,1193,354,NULL]
01-10 14:12:23.965885   943   943 I notification_enqueue: [1000,943,android,40,NULL,0,Notification(channel=FOREGROUND_SERVICE pri=0 contentView=null vibrate=null sound=null defaults=0x0 flags=0x2 color=0xff607d8b vis=PRIVATE),0]
01-10 14:12:23.968386   943   943 I notification_enqueue: [10068,2066,com.datalogic.softspot,1,NULL,0,Notification(channel=com.datalogic.softspot.booting pri=0 contentView=null vibrate=null sound=null defaults=0x0 flags=0x52 color=0x00000000 vis=PRIVATE),0]
01-10 14:12:24.194000   548   548 I auditd  : type=1400 audit(0.0:79): avc: denied { add_name } for comm="HwBinder:548_2" name="shading_otp" scontext=u:r:mtk_hal_camera:s0 tcontext=u:object_r:system_data_file:s0 tclass=dir permissive=0
01-10 14:12:24.294221   943  1272 I am_uid_running: 10049
01-10 14:12:24.307652   943  1272 I am_proc_start: [0,2138,10049,com.mediatek.mtklogger,broadcast,com.mediatek.mtklogger/.framework.LogReceiver]
01-10 14:12:24.315752   943  1711 I am_mem_factor: [0,1]
01-10 14:12:24.325585   943  1272 I am_proc_bound: [0,2138,com.mediatek.mtklogger]
01-10 14:12:24.384199   943  1711 I am_uid_running: 10051
01-10 14:12:24.399017   943  1711 I am_proc_start: [0,2158,10051,com.android.calendar,broadcast,com.android.calendar/.alerts.AlertReceiver]
01-10 14:12:24.415744   943  1734 I am_proc_bound: [0,2158,com.android.calendar]
01-10 14:12:24.493131   943  1734 I am_uid_running: 10014
01-10 14:12:24.502000  2138  2138 I auditd  : type=1400 audit(0.0:80): avc: denied { connectto } for comm="Thread-4" path=006770736C6F6764 scontext=u:r:platform_app:s0:c512,c768 tcontext=u:r:mnld:s0 tclass=unix_stream_socket permissive=0
01-10 14:12:24.511988   943  1734 I am_proc_start: [0,2184,10014,com.android.contacts,broadcast,com.android.contacts/.interactions.OnBootOrUpgradeReceiver]
01-10 14:12:24.515043   943  1001 I am_uid_running: 10072
01-10 14:12:24.532879   943  1001 I am_proc_start: [0,2197,10072,com.mediatek.mtklogger.proxy,broadcast,com.mediatek.mtklogger.proxy/.ProxyReceiver]
01-10 14:12:24.534496   943  1272 I am_uid_running: 10011
01-10 14:12:24.555500   943  1272 I am_proc_start: [0,2212,10011,com.android.providers.calendar,content provider,com.android.providers.calendar/.CalendarProvider2]
01-10 14:12:24.556421   943  1711 I am_proc_bound: [0,2184,com.android.contacts]
01-10 14:12:24.559366   943   976 I am_proc_bound: [0,2197,com.mediatek.mtklogger.proxy]
01-10 14:12:24.572932   943  1734 I am_proc_bound: [0,2212,com.android.providers.calendar]
01-10 14:12:24.654175   943   943 I notification_cancel_all: [10014,2184,com.android.contacts,0,0,64,9,NULL]
01-10 14:12:24.709529   943   976 I am_uid_running: 10052
01-10 14:12:24.722926   943   976 I am_proc_start: [0,2236,10052,com.android.email,broadcast,com.android.email/.service.EmailBroadcastReceiver]
01-10 14:12:24.739953   943  1734 I am_proc_bound: [0,2236,com.android.email]
01-10 14:12:24.784871   943  1734 I sysui_multi_action: [757,128,758,1,793,819,794,0,795,819,796,1,798,1,806,com.datalogic.softspot,857,com.datalogic.softspot.booting,858,2,947,0]
01-10 14:12:24.784966   943  1734 I sysui_histogram: [note_freshness,819]
01-10 14:12:24.785024   943  1734 I sysui_multi_action: [757,804,799,note_freshness,801,819,802,1]
01-10 14:12:24.785060   943  1734 I notification_visibility: [0|com.datalogic.softspot|1|null|10068,1,819,819,0,1]
01-10 14:12:24.855884   943  1734 I am_uid_running: 10045
01-10 14:12:24.870734   943  1734 I am_proc_start: [0,2251,10045,com.android.exchange,service,com.android.exchange/.service.EasService]
01-10 14:12:24.886636   943  1734 I am_proc_bound: [0,2251,com.android.exchange]
01-10 14:12:24.916338   943  1272 I force_gc: Binder
01-10 14:12:24.939717   943  1272 I am_uid_running: 10054
01-10 14:12:24.956431   943  1272 I am_proc_start: [0,2277,10054,com.android.gallery3d,broadcast,com.android.gallery3d/com.mediatek.gallery3d.adapter.FeatureServiceStart]
01-10 14:12:24.977915   943   976 I am_proc_bound: [0,2277,com.android.gallery3d]
01-10 14:12:25.084144   943   976 I am_uid_running: 10012
01-10 14:12:25.101195   943   976 I am_proc_start: [0,2323,10012,com.android.managedprovisioning,broadcast,com.android.managedprovisioning/.preprovisioning.BootReminder]
01-10 14:12:25.116641   943   976 I am_proc_bound: [0,2323,com.android.managedprovisioning]
01-10 14:12:25.195301   943   976 I am_uid_running: 10020
01-10 14:12:25.194000   548   548 I auditd  : type=1400 audit(0.0:81): avc: denied { add_name } for comm="HwBinder:548_2" name="shading_otp" scontext=u:r:mtk_hal_camera:s0 tcontext=u:object_r:system_data_file:s0 tclass=dir permissive=0
01-10 14:12:25.212141   943   976 I am_proc_start: [0,2337,10020,com.android.mms,broadcast,com.android.mms/.transaction.MmsSystemEventReceiver]
01-10 14:12:25.232350   943   976 I am_proc_bound: [0,2337,com.android.mms]
01-10 14:12:25.421499   943  1272 I am_uid_active: 10049
01-10 14:12:25.429341   943   943 I notification_enqueue: [1000,943,android,40,NULL,0,Notification(channel=FOREGROUND_SERVICE pri=0 contentView=null vibrate=null sound=null defaults=0x0 flags=0x2 color=0xff607d8b vis=PRIVATE),1]
01-10 14:12:25.433059   943   943 I notification_enqueue: [10049,2138,com.mediatek.mtklogger,2130837539,NULL,0,Notification(channel=null pri=0 contentView=com.mediatek.mtklogger/0x109008e vibrate=null sound=null tick defaults=0x0 flags=0x40 color=0x00000000 vis=PRIVATE),0]
01-10 14:12:25.437366   943   943 I notification_enqueue: [10049,2138,com.mediatek.mtklogger,2130837539,NULL,0,Notification(channel=null pri=0 contentView=null vibrate=null sound=null tick defaults=0x0 flags=0x0 color=0x00000000 vis=PRIVATE),1]
01-10 14:12:25.532328   943  1711 I am_uid_running: 10022
01-10 14:12:25.551530   943  1711 I am_proc_start: [0,2370,10022,com.android.onetimeinitializer,broadcast,com.android.onetimeinitializer/.OneTimeInitializerReceiver]
01-10 14:12:25.593824   943  1734 I am_wtf  : [0,943,system_server,-1,ActivityManager,Sending non-protected broadcast com.gears42.surelock.dxu from system 1646:com.datalogic.dxu/1000 pkg com.datalogic.dxu]
01-10 14:12:25.609358   943  1715 I am_wtf  : [0,943,system_server,-1,ActivityManager,Sending non-protected broadcast datalogic.com.softspot.SettingAction from system 1646:com.datalogic.dxu/1000 pkg com.datalogic.dxu]
01-10 14:12:25.624461   943   976 I am_proc_bound: [0,2370,com.android.onetimeinitializer]
01-10 14:12:25.675543   943   976 I am_uid_running: 10019
01-10 14:12:25.690320   943   976 I am_proc_start: [0,2396,10019,com.android.packageinstaller,broadcast,com.android.packageinstaller/.TemporaryFileManager]
01-10 14:12:25.708412   943   976 I am_proc_bound: [0,2396,com.android.packageinstaller]
01-10 14:12:25.981082   943  1272 I am_uid_running: 10041
01-10 14:12:26.002651   943  1272 I am_proc_start: [0,2418,10041,com.datalogic.battery,broadcast,com.datalogic.battery/.receiver.BootReceiver]
01-10 14:12:26.034830   943  1715 I am_proc_bound: [0,2418,com.datalogic.battery]
01-10 14:12:26.118230   943  1715 I am_uid_running: 10042
01-10 14:12:26.137330   943  1715 I am_proc_start: [0,2435,10042,com.datalogic.enterpriseupdater,broadcast,com.datalogic.enterpriseupdater/.receiver.BootReceiver]
01-10 14:12:26.144064   943  1715 I sysui_multi_action: [757,128,758,1,793,714,794,0,795,714,796,2130837539,798,1,806,com.mediatek.mtklogger,857,miscellaneous,858,2,947,0]
01-10 14:12:26.144204   943  1715 I sysui_histogram: [note_freshness,714]
01-10 14:12:26.144323   943  1715 I sysui_multi_action: [757,804,799,note_freshness,801,714,802,1]
01-10 14:12:26.144387   943  1715 I notification_visibility: [0|com.mediatek.mtklogger|2130837539|null|10049,1,714,714,0,1]
01-10 14:12:26.159536   943  1715 I am_proc_bound: [0,2435,com.datalogic.enterpriseupdater]
01-10 14:12:26.194000   548   548 I auditd  : type=1400 audit(0.0:82): avc: denied { add_name } for comm="HwBinder:548_2" name="shading_otp" scontext=u:r:mtk_hal_camera:s0 tcontext=u:object_r:system_data_file:s0 tclass=dir permissive=0
01-10 14:12:26.246000   943   943 I auditd  : type=1400 audit(0.0:83): avc: denied { search } for comm="Binder:943_9" name="/" dev="mmcblk0p7" ino=2 scontext=u:r:system_server:s0 tcontext=u:object_r:enterprise_file:s0 tclass=dir permissive=0
01-10 14:12:26.385948   943  1715 I am_uid_running: 10046
01-10 14:12:26.407612   943  1715 I am_proc_start: [0,2453,10046,com.datalogic.factory,broadcast,com.datalogic.factory/.FactoryReceiver]
01-10 14:12:26.409364   943  1715 I am_kill : [0,1795,com.android.keychain,906,empty #17]
01-10 14:12:26.444109   943  1715 I am_proc_died: [0,1795,com.android.keychain,906,17]
01-10 14:12:26.446946   943   976 I am_proc_bound: [0,2453,com.datalogic.factory]
01-10 14:12:26.505297   943   976 I am_uid_running: 10064
01-10 14:12:26.522163   943   976 I am_proc_start: [0,2469,10064,com.datalogic.scan2deploy,broadcast,com.datalogic.scan2deploy/.BootReceiver]
01-10 14:12:26.528328   943  1715 I am_kill : [0,1863,com.datalogic.setupwizardscanner,906,empty #17]
01-10 14:12:26.541104   943  1715 I am_proc_bound: [0,2469,com.datalogic.scan2deploy]
01-10 14:12:26.545327   943   976 I am_proc_died: [0,1863,com.datalogic.setupwizardscanner,906,17]
01-10 14:12:26.545579   943   976 I am_uid_stopped: 10066
