01-10 15:22:56.158000   548   548 I auditd  : type=1400 audit(0.0:4289): avc: denied { add_name } for comm="HwBinder:548_2" name="shading_otp" scontext=u:r:mtk_hal_camera:s0 tcontext=u:object_r:system_data_file:s0 tclass=dir permissive=0
01-10 15:22:58.395000   361   361 I auditd  : type=1400 audit(0.0:4290): avc: denied { write } for comm="teed" name="/" dev="dm-2" ino=2 scontext=u:r:tkcore:s0 tcontext=u:object_r:system_data_file:s0 tclass=dir permissive=0
01-10 15:22:58.403000   548   548 I auditd  : type=1400 audit(0.0:4291): avc: denied { add_name } for comm="HwBinder:548_2" name="shading_otp" scontext=u:r:mtk_hal_camera:s0 tcontext=u:object_r:system_data_file:s0 tclass=dir permissive=0
01-10 15:22:59.403000   548   548 I auditd  : type=1400 audit(0.0:4292): avc: denied { add_name } for comm="HwBinder:548_2" name="shading_otp" scontext=u:r:mtk_hal_camera:s0 tcontext=u:object_r:system_data_file:s0 tclass=dir permissive=0
01-10 15:23:00.956000   361   361 I auditd  : type=1400 audit(0.0:4293): avc: denied { write } for comm="teed" name="/" dev="dm-2" ino=2 scontext=u:r:tkcore:s0 tcontext=u:object_r:system_data_file:s0 tclass=dir permissive=0
01-10 15:23:01.628000   548   548 I auditd  : type=1400 audit(0.0:4294): avc: denied { add_name } for comm="HwBinder:548_2" name="shading_otp" scontext=u:r:mtk_hal_camera:s0 tcontext=u:object_r:system_data_file:s0 tclass=dir permissive=0
01-10 15:23:03.509000   361   361 I auditd  : type=1400 audit(0.0:4295): avc: denied { write } for comm="teed" name="/" dev="dm-2" ino=2 scontext=u:r:tkcore:s0 tcontext=u:object_r:system_data_file:s0 tclass=dir permissive=0
01-10 15:23:03.853000   548   548 I auditd  : type=1400 audit(0.0:4296): avc: denied { add_name } for comm="HwBinder:548_2" name="shading_otp" scontext=u:r:mtk_hal_camera:s0 tcontext=u:object_r:system_data_file:s0 tclass=dir permissive=0
01-10 15:23:04.695000   361   361 I auditd  : type=1400 audit(0.0:4297): avc: denied { write } for comm="teed" name="/" dev="dm-2" ino=2 scontext=u:r:tkcore:s0 tcontext=u:object_r:system_data_file:s0 tclass=dir permissive=0
01-10 15:23:04.855000   548   548 I auditd  : type=1400 audit(0.0:4298): avc: denied { add_name } for comm="HwBinder:548_2" name="shading_otp" scontext=u:r:mtk_hal_camera:s0 tcontext=u:object_r:system_data_file:s0 tclass=dir permissive=0
01-10 15:23:06.951000   361   361 I auditd  : type=1400 audit(0.0:4301): avc: denied { write } for comm="teed" name="/" dev="dm-2" ino=2 scontext=u:r:tkcore:s0 tcontext=u:object_r:system_data_file:s0 tclass=dir permissive=0
01-10 15:23:07.859000   548   548 I auditd  : type=1400 audit(0.0:4302): avc: denied { add_name } for comm="HwBinder:548_2" name="shading_otp" scontext=u:r:mtk_hal_camera:s0 tcontext=u:object_r:system_data_file:s0 tclass=dir permissive=0
01-10 15:23:11.201000   361   361 I auditd  : type=1400 audit(0.0:4303): avc: denied { write } for comm="teed" name="/" dev="dm-2" ino=2 scontext=u:r:tkcore:s0 tcontext=u:object_r:system_data_file:s0 tclass=dir permissive=0
01-10 15:23:11.773000   548   548 I auditd  : type=1400 audit(0.0:4304): avc: denied { add_name } for comm="HwBinder:548_2" name="shading_otp" scontext=u:r:mtk_hal_camera:s0 tcontext=u:object_r:system_data_file:s0 tclass=dir permissive=0
01-10 15:23:13.761000   361   361 I auditd  : type=1400 audit(0.0:4305): avc: denied { write } for comm="teed" name="/" dev="dm-2" ino=2 scontext=u:r:tkcore:s0 tcontext=u:object_r:system_data_file:s0 tclass=dir permissive=0
01-10 15:23:14.001000   548   548 I auditd  : type=1400 audit(0.0:4306): avc: denied { add_name } for comm="HwBinder:548_2" name="shading_otp" scontext=u:r:mtk_hal_camera:s0 tcontext=u:object_r:system_data_file:s0 tclass=dir permissive=0
01-10 15:23:16.310000   548   548 I auditd  : type=1400 audit(0.0:4307): avc: denied { add_name } for comm="HwBinder:548_2" name="shading_otp" scontext=u:r:mtk_hal_camera:s0 tcontext=u:object_r:system_data_file:s0 tclass=dir permissive=0
01-10 15:23:16.314000   361   361 I auditd  : type=1400 audit(0.0:4308): avc: denied { write } for comm="teed" name="/" dev="dm-2" ino=2 scontext=u:r:tkcore:s0 tcontext=u:object_r:system_data_file:s0 tclass=dir permissive=0
01-10 15:23:17.314000   548   548 I auditd  : type=1400 audit(0.0:4309): avc: denied { add_name } for comm="HwBinder:548_2" name="shading_otp" scontext=u:r:mtk_hal_camera:s0 tcontext=u:object_r:system_data_file:s0 tclass=dir permissive=0
01-10 15:23:18.879000   361   361 I auditd  : type=1400 audit(0.0:4310): avc: denied { write } for comm="teed" name="/" dev="dm-2" ino=2 scontext=u:r:tkcore:s0 tcontext=u:object_r:system_data_file:s0 tclass=dir permissive=0
01-10 15:23:19.551000   548   548 I auditd  : type=1400 audit(0.0:4311): avc: denied { add_name } for comm="HwBinder:548_2" name="shading_otp" scontext=u:r:mtk_hal_camera:s0 tcontext=u:object_r:system_data_file:s0 tclass=dir permissive=0
01-10 15:23:20.551000   548   548 I auditd  : type=1400 audit(0.0:4312): avc: denied { add_name } for comm="HwBinder:548_2" name="shading_otp" scontext=u:r:mtk_hal_camera:s0 tcontext=u:object_r:system_data_file:s0 tclass=dir permissive=0
01-10 15:23:20.754000   361   361 I auditd  : type=1400 audit(0.0:4313): avc: denied { write } for comm="teed" name="/" dev="dm-2" ino=2 scontext=u:r:tkcore:s0 tcontext=u:object_r:system_data_file:s0 tclass=dir permissive=0
01-10 15:23:21.550000   548   548 I auditd  : type=1400 audit(0.0:4314): avc: denied { add_name } for comm="HwBinder:548_2" name="shading_otp" scontext=u:r:mtk_hal_camera:s0 tcontext=u:object_r:system_data_file:s0 tclass=dir permissive=0
01-10 15:23:22.157000   361   361 I auditd  : type=1400 audit(0.0:4315): avc: denied { write } for comm="teed" name="/" dev="dm-2" ino=2 scontext=u:r:tkcore:s0 tcontext=u:object_r:system_data_file:s0 tclass=dir permissive=0
01-10 15:23:22.549000   548   548 I auditd  : type=1400 audit(0.0:4316): avc: denied { add_name } for comm="HwBinder:548_2" name="shading_otp" scontext=u:r:mtk_hal_camera:s0 tcontext=u:object_r:system_data_file:s0 tclass=dir permissive=0
01-10 15:23:23.549000   548   548 I auditd  : type=1400 audit(0.0:4317): avc: denied { add_name } for comm="HwBinder:548_2" name="shading_otp" scontext=u:r:mtk_hal_camera:s0 tcontext=u:object_r:system_data_file:s0 tclass=dir permissive=0
01-10 15:23:23.749000   361   361 I auditd  : type=1400 audit(0.0:4318): avc: denied { write } for comm="teed" name="/" dev="dm-2" ino=2 scontext=u:r:tkcore:s0 tcontext=u:object_r:system_data_file:s0 tclass=dir permissive=0
01-10 15:23:24.553000   548   548 I auditd  : type=1400 audit(0.0:4319): avc: denied { add_name } for comm="HwBinder:548_2" name="shading_otp" scontext=u:r:mtk_hal_camera:s0 tcontext=u:object_r:system_data_file:s0 tclass=dir permissive=0
01-10 15:23:26.555000   361   361 I auditd  : type=1400 audit(0.0:4320): avc: denied { write } for comm="teed" name="/" dev="dm-2" ino=2 scontext=u:r:tkcore:s0 tcontext=u:object_r:system_data_file:s0 tclass=dir permissive=0
01-10 15:23:26.823000   548   548 I auditd  : type=1400 audit(0.0:4321): avc: denied { add_name } for comm="HwBinder:548_2" name="shading_otp" scontext=u:r:mtk_hal_camera:s0 tcontext=u:object_r:system_data_file:s0 tclass=dir permissive=0
01-10 15:23:29.120000   361   361 I auditd  : type=1400 audit(0.0:4322): avc: denied { write } for comm="teed" name="/" dev="dm-2" ino=2 scontext=u:r:tkcore:s0 tcontext=u:object_r:system_data_file:s0 tclass=dir permissive=0
01-10 15:23:29.128000   548   548 I auditd  : type=1400 audit(0.0:4323): avc: denied { add_name } for comm="HwBinder:548_2" name="shading_otp" scontext=u:r:mtk_hal_camera:s0 tcontext=u:object_r:system_data_file:s0 tclass=dir permissive=0
01-10 15:23:30.455000   361   361 I auditd  : type=1400 audit(0.0:4325): avc: denied { write } for comm="teed" name="/" dev="dm-2" ino=2 scontext=u:r:tkcore:s0 tcontext=u:object_r:system_data_file:s0 tclass=dir permissive=0
01-10 15:23:31.131000   548   548 I auditd  : type=1400 audit(0.0:4326): avc: denied { add_name } for comm="HwBinder:548_2" name="shading_otp" scontext=u:r:mtk_hal_camera:s0 tcontext=u:object_r:system_data_file:s0 tclass=dir permissive=0
01-10 15:23:32.131000   548   548 I auditd  : type=1400 audit(0.0:4327): avc: denied { add_name } for comm="HwBinder:548_2" name="shading_otp" scontext=u:r:mtk_hal_camera:s0 tcontext=u:object_r:system_data_file:s0 tclass=dir permissive=0
01-10 15:23:32.295000   361   361 I auditd  : type=1400 audit(0.0:4328): avc: denied { write } for comm="teed" name="/" dev="dm-2" ino=2 scontext=u:r:tkcore:s0 tcontext=u:object_r:system_data_file:s0 tclass=dir permissive=0
01-10 15:23:33.131000   548   548 I auditd  : type=1400 audit(0.0:4329): avc: denied { add_name } for comm="HwBinder:548_2" name="shading_otp" scontext=u:r:mtk_hal_camera:s0 tcontext=u:object_r:system_data_file:s0 tclass=dir permissive=0
01-10 15:23:34.227000   361   361 I auditd  : type=1400 audit(0.0:4330): avc: denied { write } for comm="teed" name="/" dev="dm-2" ino=2 scontext=u:r:tkcore:s0 tcontext=u:object_r:system_data_file:s0 tclass=dir permissive=0
01-10 15:23:34.739000   548   548 I auditd  : type=1400 audit(0.0:4331): avc: denied { add_name } for comm="HwBinder:548_2" name="shading_otp" scontext=u:r:mtk_hal_camera:s0 tcontext=u:object_r:system_data_file:s0 tclass=dir permissive=0
01-10 15:23:36.792000   361   361 I auditd  : type=1400 audit(0.0:4332): avc: denied { write } for comm="teed" name="/" dev="dm-2" ino=2 scontext=u:r:tkcore:s0 tcontext=u:object_r:system_data_file:s0 tclass=dir permissive=0
01-10 15:23:36.968000   548   548 I auditd  : type=1400 audit(0.0:4333): avc: denied { add_name } for comm="HwBinder:548_2" name="shading_otp" scontext=u:r:mtk_hal_camera:s0 tcontext=u:object_r:system_data_file:s0 tclass=dir permissive=0
01-10 15:23:39.352000   361   361 I auditd  : type=1400 audit(0.0:4334): avc: denied { write } for comm="teed" name="/" dev="dm-2" ino=2 scontext=u:r:tkcore:s0 tcontext=u:object_r:system_data_file:s0 tclass=dir permissive=0
01-10 15:23:39.356000   548   548 I auditd  : type=1400 audit(0.0:4335): avc: denied { add_name } for comm="HwBinder:548_2" name="shading_otp" scontext=u:r:mtk_hal_camera:s0 tcontext=u:object_r:system_data_file:s0 tclass=dir permissive=0
01-10 15:23:40.356000   548   548 I auditd  : type=1400 audit(0.0:4336): avc: denied { add_name } for comm="HwBinder:548_2" name="shading_otp" scontext=u:r:mtk_hal_camera:s0 tcontext=u:object_r:system_data_file:s0 tclass=dir permissive=0
01-10 15:23:40.904000   361   361 I auditd  : type=1400 audit(0.0:4337): avc: denied { write } for comm="teed" name="/" dev="dm-2" ino=2 scontext=u:r:tkcore:s0 tcontext=u:object_r:system_data_file:s0 tclass=dir permissive=0
01-10 15:23:41.356000   548   548 I auditd  : type=1400 audit(0.0:4338): avc: denied { add_name } for comm="HwBinder:548_2" name="shading_otp" scontext=u:r:mtk_hal_camera:s0 tcontext=u:object_r:system_data_file:s0 tclass=dir permissive=0
01-10 15:23:42.356000   548   548 I auditd  : type=1400 audit(0.0:4339): avc: denied { add_name } for comm="HwBinder:548_2" name="shading_otp" scontext=u:r:mtk_hal_camera:s0 tcontext=u:object_r:system_data_file:s0 tclass=dir permissive=0
01-10 15:23:42.488000   361   361 I auditd  : type=1400 audit(0.0:4340): avc: denied { write } for comm="teed" name="/" dev="dm-2" ino=2 scontext=u:r:tkcore:s0 tcontext=u:object_r:system_data_file:s0 tclass=dir permissive=0
01-10 15:23:43.360000   548   548 I auditd  : type=1400 audit(0.0:4341): avc: denied { add_name } for comm="HwBinder:548_2" name="shading_otp" scontext=u:r:mtk_hal_camera:s0 tcontext=u:object_r:system_data_file:s0 tclass=dir permissive=0
01-10 15:23:44.473000   361   361 I auditd  : type=1400 audit(0.0:4342): avc: denied { write } for comm="teed" name="/" dev="dm-2" ino=2 scontext=u:r:tkcore:s0 tcontext=u:object_r:system_data_file:s0 tclass=dir permissive=0
01-10 15:23:45.009000   548   548 I auditd  : type=1400 audit(0.0:4343): avc: denied { add_name } for comm="HwBinder:548_2" name="shading_otp" scontext=u:r:mtk_hal_camera:s0 tcontext=u:object_r:system_data_file:s0 tclass=dir permissive=0
01-10 15:23:47.038000   361   361 I auditd  : type=1400 audit(0.0:4344): avc: denied { write } for comm="teed" name="/" dev="dm-2" ino=2 scontext=u:r:tkcore:s0 tcontext=u:object_r:system_data_file:s0 tclass=dir permissive=0
01-10 15:23:47.246000   548   548 I auditd  : type=1400 audit(0.0:4345): avc: denied { add_name } for comm="HwBinder:548_2" name="shading_otp" scontext=u:r:mtk_hal_camera:s0 tcontext=u:object_r:system_data_file:s0 tclass=dir permissive=0
01-10 15:23:49.589000   361   361 I auditd  : type=1400 audit(0.0:4346): avc: denied { write } for comm="teed" name="/" dev="dm-2" ino=2 scontext=u:r:tkcore:s0 tcontext=u:object_r:system_data_file:s0 tclass=dir permissive=0
01-10 15:23:49.593000   548   548 I auditd  : type=1400 audit(0.0:4347): avc: denied { add_name } for comm="HwBinder:548_2" name="shading_otp" scontext=u:r:mtk_hal_camera:s0 tcontext=u:object_r:system_data_file:s0 tclass=dir permissive=0
01-10 15:23:52.159000   361   361 I auditd  : type=1400 audit(0.0:4349): avc: denied { write } for comm="teed" name="/" dev="dm-2" ino=2 scontext=u:r:tkcore:s0 tcontext=u:object_r:system_data_file:s0 tclass=dir permissive=0
01-10 15:23:52.831000   548   548 I auditd  : type=1400 audit(0.0:4350): avc: denied { add_name } for comm="HwBinder:548_2" name="shading_otp" scontext=u:r:mtk_hal_camera:s0 tcontext=u:object_r:system_data_file:s0 tclass=dir permissive=0
01-10 15:23:53.535000   361   361 I auditd  : type=1400 audit(0.0:4351): avc: denied { write } for comm="teed" name="/" dev="dm-2" ino=2 scontext=u:r:tkcore:s0 tcontext=u:object_r:system_data_file:s0 tclass=dir permissive=0
01-10 15:23:53.831000   548   548 I auditd  : type=1400 audit(0.0:4352): avc: denied { add_name } for comm="HwBinder:548_2" name="shading_otp" scontext=u:r:mtk_hal_camera:s0 tcontext=u:object_r:system_data_file:s0 tclass=dir permissive=0
01-10 15:23:57.276000   548   548 I auditd  : type=1400 audit(0.0:4353): avc: denied { add_name } for comm="HwBinder:548_2" name="shading_otp" scontext=u:r:mtk_hal_camera:s0 tcontext=u:object_r:system_data_file:s0 tclass=dir permissive=0
01-10 15:23:57.276000   361   361 I auditd  : type=1400 audit(0.0:4354): avc: denied { write } for comm="teed" name="/" dev="dm-2" ino=2 scontext=u:r:tkcore:s0 tcontext=u:object_r:system_data_file:s0 tclass=dir permissive=0
01-10 15:23:58.276000   548   548 I auditd  : type=1400 audit(0.0:4355): avc: denied { add_name } for comm="HwBinder:548_2" name="shading_otp" scontext=u:r:mtk_hal_camera:s0 tcontext=u:object_r:system_data_file:s0 tclass=dir permissive=0
01-10 15:23:59.842000   361   361 I auditd  : type=1400 audit(0.0:4356): avc: denied { write } for comm="teed" name="/" dev="dm-2" ino=2 scontext=u:r:tkcore:s0 tcontext=u:object_r:system_data_file:s0 tclass=dir permissive=0
01-10 15:24:00.474000   548   548 I auditd  : type=1400 audit(0.0:4357): avc: denied { add_name } for comm="HwBinder:548_2" name="shading_otp" scontext=u:r:mtk_hal_camera:s0 tcontext=u:object_r:system_data_file:s0 tclass=dir permissive=0
01-10 15:24:02.392000   361   361 I auditd  : type=1400 audit(0.0:4358): avc: denied { write } for comm="teed" name="/" dev="dm-2" ino=2 scontext=u:r:tkcore:s0 tcontext=u:object_r:system_data_file:s0 tclass=dir permissive=0
01-10 15:24:02.704000   548   548 I auditd  : type=1400 audit(0.0:4359): avc: denied { add_name } for comm="HwBinder:548_2" name="shading_otp" scontext=u:r:mtk_hal_camera:s0 tcontext=u:object_r:system_data_file:s0 tclass=dir permissive=0
01-10 15:24:04.959000   361   361 I auditd  : type=1400 audit(0.0:4360): avc: denied { write } for comm="teed" name="/" dev="dm-2" ino=2 scontext=u:r:tkcore:s0 tcontext=u:object_r:system_data_file:s0 tclass=dir permissive=0
01-10 15:24:04.967000   548   548 I auditd  : type=1400 audit(0.0:4361): avc: denied { add_name } for comm="HwBinder:548_2" name="shading_otp" scontext=u:r:mtk_hal_camera:s0 tcontext=u:object_r:system_data_file:s0 tclass=dir permissive=0
01-10 15:24:05.967000   548   548 I auditd  : type=1400 audit(0.0:4362): avc: denied { add_name } for comm="HwBinder:548_2" name="shading_otp" scontext=u:r:mtk_hal_camera:s0 tcontext=u:object_r:system_data_file:s0 tclass=dir permissive=0
01-10 15:24:07.515000   361   361 I auditd  : type=1400 audit(0.0:4363): avc: denied { write } for comm="teed" name="/" dev="dm-2" ino=2 scontext=u:r:tkcore:s0 tcontext=u:object_r:system_data_file:s0 tclass=dir permissive=0
01-10 15:24:08.191000   548   548 I auditd  : type=1400 audit(0.0:4364): avc: denied { add_name } for comm="HwBinder:548_2" name="shading_otp" scontext=u:r:mtk_hal_camera:s0 tcontext=u:object_r:system_data_file:s0 tclass=dir permissive=0
01-10 15:24:08.695000   361   361 I auditd  : type=1400 audit(0.0:4365): avc: denied { write } for comm="teed" name="/" dev="dm-2" ino=2 scontext=u:r:tkcore:s0 tcontext=u:object_r:system_data_file:s0 tclass=dir permissive=0
01-10 15:24:09.191000   548   548 I auditd  : type=1400 audit(0.0:4366): avc: denied { add_name } for comm="HwBinder:548_2" name="shading_otp" scontext=u:r:mtk_hal_camera:s0 tcontext=u:object_r:system_data_file:s0 tclass=dir permissive=0
01-10 15:24:09.875000   361   361 I auditd  : type=1400 audit(0.0:4367): avc: denied { write } for comm="teed" name="/" dev="dm-2" ino=2 scontext=u:r:tkcore:s0 tcontext=u:object_r:system_data_file:s0 tclass=dir permissive=0
01-10 15:24:10.191000   548   548 I auditd  : type=1400 audit(0.0:4368): avc: denied { add_name } for comm="HwBinder:548_2" name="shading_otp" scontext=u:r:mtk_hal_camera:s0 tcontext=u:object_r:system_data_file:s0 tclass=dir permissive=0
01-10 15:24:12.634000   361   361 I auditd  : type=1400 audit(0.0:4369): avc: denied { write } for comm="teed" name="/" dev="dm-2" ino=2 scontext=u:r:tkcore:s0 tcontext=u:object_r:system_data_file:s0 tclass=dir permissive=0
01-10 15:24:12.638000   548   548 I auditd  : type=1400 audit(0.0:4370): avc: denied { add_name } for comm="HwBinder:548_2" name="shading_otp" scontext=u:r:mtk_hal_camera:s0 tcontext=u:object_r:system_data_file:s0 tclass=dir permissive=0
01-10 15:24:13.638000   548   548 I auditd  : type=1400 audit(0.0:4371): avc: denied { add_name } for comm="HwBinder:548_2" name="shading_otp" scontext=u:r:mtk_hal_camera:s0 tcontext=u:object_r:system_data_file:s0 tclass=dir permissive=0
01-10 15:24:13.730000   361   361 I auditd  : type=1400 audit(0.0:4372): avc: denied { write } for comm="teed" name="/" dev="dm-2" ino=2 scontext=u:r:tkcore:s0 tcontext=u:object_r:system_data_file:s0 tclass=dir permissive=0
01-10 15:24:15.538000   548   548 I auditd  : type=1400 audit(0.0:4373): avc: denied { add_name } for comm="HwBinder:548_2" name="shading_otp" scontext=u:r:mtk_hal_camera:s0 tcontext=u:object_r:system_data_file:s0 tclass=dir permissive=0
01-10 15:24:17.757000   361   361 I auditd  : type=1400 audit(0.0:4374): avc: denied { write } for comm="teed" name="/" dev="dm-2" ino=2 scontext=u:r:tkcore:s0 tcontext=u:object_r:system_data_file:s0 tclass=dir permissive=0
01-10 15:24:17.761000   548   548 I auditd  : type=1400 audit(0.0:4375): avc: denied { add_name } for comm="HwBinder:548_2" name="shading_otp" scontext=u:r:mtk_hal_camera:s0 tcontext=u:object_r:system_data_file:s0 tclass=dir permissive=0
01-10 15:24:19.055000   361   361 I auditd  : type=1400 audit(0.0:4377): avc: denied { write } for comm="teed" name="/" dev="dm-2" ino=2 scontext=u:r:tkcore:s0 tcontext=u:object_r:system_data_file:s0 tclass=dir permissive=0
01-10 15:24:19.763000   548   548 I auditd  : type=1400 audit(0.0:4378): avc: denied { add_name } for comm="HwBinder:548_2" name="shading_otp" scontext=u:r:mtk_hal_camera:s0 tcontext=u:object_r:system_data_file:s0 tclass=dir permissive=0
01-10 15:24:22.885000   361   361 I auditd  : type=1400 audit(0.0:4379): avc: denied { write } for comm="teed" name="/" dev="dm-2" ino=2 scontext=u:r:tkcore:s0 tcontext=u:object_r:system_data_file:s0 tclass=dir permissive=0
01-10 15:24:23.253000   548   548 I auditd  : type=1400 audit(0.0:4380): avc: denied { add_name } for comm="HwBinder:548_2" name="shading_otp" scontext=u:r:mtk_hal_camera:s0 tcontext=u:object_r:system_data_file:s0 tclass=dir permissive=0
01-10 15:24:25.359000   361   361 I auditd  : type=1400 audit(0.0:4381): avc: denied { write } for comm="teed" name="/" dev="dm-2" ino=2 scontext=u:r:tkcore:s0 tcontext=u:object_r:system_data_file:s0 tclass=dir permissive=0
01-10 15:24:25.403000   548   548 I auditd  : type=1400 audit(0.0:4382): avc: denied { add_name } for comm="HwBinder:548_2" name="shading_otp" scontext=u:r:mtk_hal_camera:s0 tcontext=u:object_r:system_data_file:s0 tclass=dir permissive=0
01-10 15:24:26.403000   548   548 I auditd  : type=1400 audit(0.0:4383): avc: denied { add_name } for comm="HwBinder:548_2" name="shading_otp" scontext=u:r:mtk_hal_camera:s0 tcontext=u:object_r:system_data_file:s0 tclass=dir permissive=0
01-10 15:24:27.993000   361   361 I auditd  : type=1400 audit(0.0:4384): avc: denied { write } for comm="teed" name="/" dev="dm-2" ino=2 scontext=u:r:tkcore:s0 tcontext=u:object_r:system_data_file:s0 tclass=dir permissive=0
01-10 15:24:28.685000   548   548 I auditd  : type=1400 audit(0.0:4385): avc: denied { add_name } for comm="HwBinder:548_2" name="shading_otp" scontext=u:r:mtk_hal_camera:s0 tcontext=u:object_r:system_data_file:s0 tclass=dir permissive=0
01-10 15:24:30.556000   361   361 I auditd  : type=1400 audit(0.0:4386): avc: denied { write } for comm="teed" name="/" dev="dm-2" ino=2 scontext=u:r:tkcore:s0 tcontext=u:object_r:system_data_file:s0 tclass=dir permissive=0
01-10 15:24:30.912000   548   548 I auditd  : type=1400 audit(0.0:4387): avc: denied { add_name } for comm="HwBinder:548_2" name="shading_otp" scontext=u:r:mtk_hal_camera:s0 tcontext=u:object_r:system_data_file:s0 tclass=dir permissive=0
01-10 15:24:31.737000   361   361 I auditd  : type=1400 audit(0.0:4388): avc: denied { write } for comm="teed" name="/" dev="dm-2" ino=2 scontext=u:r:tkcore:s0 tcontext=u:object_r:system_data_file:s0 tclass=dir permissive=0
01-10 15:24:31.913000   548   548 I auditd  : type=1400 audit(0.0:4389): avc: denied { add_name } for comm="HwBinder:548_2" name="shading_otp" scontext=u:r:mtk_hal_camera:s0 tcontext=u:object_r:system_data_file:s0 tclass=dir permissive=0
01-10 15:24:32.913000   548   548 I auditd  : type=1400 audit(0.0:4390): avc: denied { add_name } for comm="HwBinder:548_2" name="shading_otp" scontext=u:r:mtk_hal_camera:s0 tcontext=u:object_r:system_data_file:s0 tclass=dir permissive=0
01-10 15:24:32.917000   361   361 I auditd  : type=1400 audit(0.0:4391): avc: denied { write } for comm="teed" name="/" dev="dm-2" ino=2 scontext=u:r:tkcore:s0 tcontext=u:object_r:system_data_file:s0 tclass=dir permissive=0
01-10 15:24:33.917000   548   548 I auditd  : type=1400 audit(0.0:4392): avc: denied { add_name } for comm="HwBinder:548_2" name="shading_otp" scontext=u:r:mtk_hal_camera:s0 tcontext=u:object_r:system_data_file:s0 tclass=dir permissive=0
01-10 15:24:34.263000   361   361 I auditd  : type=1400 audit(0.0:4393): avc: denied { write } for comm="teed" name="/" dev="dm-2" ino=2 scontext=u:r:tkcore:s0 tcontext=u:object_r:system_data_file:s0 tclass=dir permissive=0
01-10 15:24:34.399993   544   637 I storaged_disk_stats: [regular,13105,3613353,4479,2153,456596,5228,19537,5448,300752,14672,0,9320,19884]
01-10 15:24:34.915000   548   548 I auditd  : type=1400 audit(0.0:4394): avc: denied { add_name } for comm="HwBinder:548_2" name="shading_otp" scontext=u:r:mtk_hal_camera:s0 tcontext=u:object_r:system_data_file:s0 tclass=dir permissive=0
01-10 15:24:38.234000   361   361 I auditd  : type=1400 audit(0.0:4395): avc: denied { write } for comm="teed" name="/" dev="dm-2" ino=2 scontext=u:r:tkcore:s0 tcontext=u:object_r:system_data_file:s0 tclass=dir permissive=0
01-10 15:24:38.554000   548   548 I auditd  : type=1400 audit(0.0:4396): avc: denied { add_name } for comm="HwBinder:548_2" name="shading_otp" scontext=u:r:mtk_hal_camera:s0 tcontext=u:object_r:system_data_file:s0 tclass=dir permissive=0
01-10 15:24:40.796000   361   361 I auditd  : type=1400 audit(0.0:4397): avc: denied { write } for comm="teed" name="/" dev="dm-2" ino=2 scontext=u:r:tkcore:s0 tcontext=u:object_r:system_data_file:s0 tclass=dir permissive=0
01-10 15:24:40.800000   548   548 I auditd  : type=1400 audit(0.0:4398): avc: denied { add_name } for comm="HwBinder:548_2" name="shading_otp" scontext=u:r:mtk_hal_camera:s0 tcontext=u:object_r:system_data_file:s0 tclass=dir permissive=0
01-10 15:24:41.800000   548   548 I auditd  : type=1400 audit(0.0:4399): avc: denied { add_name } for comm="HwBinder:548_2" name="shading_otp" scontext=u:r:mtk_hal_camera:s0 tcontext=u:object_r:system_data_file:s0 tclass=dir permissive=0
01-10 15:24:43.355000   361   361 I auditd  : type=1400 audit(0.0:4400): avc: denied { write } for comm="teed" name="/" dev="dm-2" ino=2 scontext=u:r:tkcore:s0 tcontext=u:object_r:system_data_file:s0 tclass=dir permissive=0
01-10 15:24:44.027000   548   548 I auditd  : type=1400 audit(0.0:4401): avc: denied { add_name } for comm="HwBinder:548_2" name="shading_otp" scontext=u:r:mtk_hal_camera:s0 tcontext=u:object_r:system_data_file:s0 tclass=dir permissive=0
01-10 15:24:44.688000   361   361 I auditd  : type=1400 audit(0.0:4402): avc: denied { write } for comm="teed" name="/" dev="dm-2" ino=2 scontext=u:r:tkcore:s0 tcontext=u:object_r:system_data_file:s0 tclass=dir permissive=0
01-10 15:24:45.028000   548   548 I auditd  : type=1400 audit(0.0:4403): avc: denied { add_name } for comm="HwBinder:548_2" name="shading_otp" scontext=u:r:mtk_hal_camera:s0 tcontext=u:object_r:system_data_file:s0 tclass=dir permissive=0
01-10 15:24:46.032000   548   548 I auditd  : type=1400 audit(0.0:4404): avc: denied { add_name } for comm="HwBinder:548_2" name="shading_otp" scontext=u:r:mtk_hal_camera:s0 tcontext=u:object_r:system_data_file:s0 tclass=dir permissive=0
01-10 15:24:46.527000   361   361 I auditd  : type=1400 audit(0.0:4405): avc: denied { write } for comm="teed" name="/" dev="dm-2" ino=2 scontext=u:r:tkcore:s0 tcontext=u:object_r:system_data_file:s0 tclass=dir permissive=0
01-10 15:24:47.031000   548   548 I auditd  : type=1400 audit(0.0:4406): avc: denied { add_name } for comm="HwBinder:548_2" name="shading_otp" scontext=u:r:mtk_hal_camera:s0 tcontext=u:object_r:system_data_file:s0 tclass=dir permissive=0
01-10 15:24:48.474000   361   361 I auditd  : type=1400 audit(0.0:4407): avc: denied { write } for comm="teed" name="/" dev="dm-2" ino=2 scontext=u:r:tkcore:s0 tcontext=u:object_r:system_data_file:s0 tclass=dir permissive=0
01-10 15:24:48.646000   548   548 I auditd  : type=1400 audit(0.0:4408): avc: denied { add_name } for comm="HwBinder:548_2" name="shading_otp" scontext=u:r:mtk_hal_camera:s0 tcontext=u:object_r:system_data_file:s0 tclass=dir permissive=0
01-10 15:24:51.034000   361   361 I auditd  : type=1400 audit(0.0:4409): avc: denied { write } for comm="teed" name="/" dev="dm-2" ino=2 scontext=u:r:tkcore:s0 tcontext=u:object_r:system_data_file:s0 tclass=dir permissive=0
01-10 15:24:51.038000   548   548 I auditd  : type=1400 audit(0.0:4410): avc: denied { add_name } for comm="HwBinder:548_2" name="shading_otp" scontext=u:r:mtk_hal_camera:s0 tcontext=u:object_r:system_data_file:s0 tclass=dir permissive=0
01-10 15:24:52.038000   548   548 I auditd  : type=1400 audit(0.0:4411): avc: denied { add_name } for comm="HwBinder:548_2" name="shading_otp" scontext=u:r:mtk_hal_camera:s0 tcontext=u:object_r:system_data_file:s0 tclass=dir permissive=0
01-10 15:24:53.595000   361   361 I auditd  : type=1400 audit(0.0:4412): avc: denied { write } for comm="teed" name="/" dev="dm-2" ino=2 scontext=u:r:tkcore:s0 tcontext=u:object_r:system_data_file:s0 tclass=dir permissive=0
01-10 15:24:54.099000   548   548 I auditd  : type=1400 audit(0.0:4413): avc: denied { add_name } for comm="HwBinder:548_2" name="shading_otp" scontext=u:r:mtk_hal_camera:s0 tcontext=u:object_r:system_data_file:s0 tclass=dir permissive=0
01-10 15:24:56.156000   361   361 I auditd  : type=1400 audit(0.0:4414): avc: denied { write } for comm="teed" name="/" dev="dm-2" ino=2 scontext=u:r:tkcore:s0 tcontext=u:object_r:system_data_file:s0 tclass=dir permissive=0
01-10 15:24:56.328000   548   548 I auditd  : type=1400 audit(0.0:4415): avc: denied { add_name } for comm="HwBinder:548_2" name="shading_otp" scontext=u:r:mtk_hal_camera:s0 tcontext=u:object_r:system_data_file:s0 tclass=dir permissive=0
01-10 15:24:58.712000   361   361 I auditd  : type=1400 audit(0.0:4416): avc: denied { write } for comm="teed" name="/" dev="dm-2" ino=2 scontext=u:r:tkcore:s0 tcontext=u:object_r:system_data_file:s0 tclass=dir permissive=0
01-10 15:24:58.716000   548   548 I auditd  : type=1400 audit(0.0:4417): avc: denied { add_name } for comm="HwBinder:548_2" name="shading_otp" scontext=u:r:mtk_hal_camera:s0 tcontext=u:object_r:system_data_file:s0 tclass=dir permissive=0
01-10 15:24:59.716000   548   548 I auditd  : type=1400 audit(0.0:4418): avc: denied { add_name } for comm="HwBinder:548_2" name="shading_otp" scontext=u:r:mtk_hal_camera:s0 tcontext=u:object_r:system_data_file:s0 tclass=dir permissive=0
01-10 15:25:01.273000   361   361 I auditd  : type=1400 audit(0.0:4419): avc: denied { write } for comm="teed" name="/" dev="dm-2" ino=2 scontext=u:r:tkcore:s0 tcontext=u:object_r:system_data_file:s0 tclass=dir permissive=0
01-10 15:25:01.949000   548   548 I auditd  : type=1400 audit(0.0:4420): avc: denied { add_name } for comm="HwBinder:548_2" name="shading_otp" scontext=u:r:mtk_hal_camera:s0 tcontext=u:object_r:system_data_file:s0 tclass=dir permissive=0
01-10 15:25:02.421000   361   361 I auditd  : type=1400 audit(0.0:4421): avc: denied { write } for comm="teed" name="/" dev="dm-2" ino=2 scontext=u:r:tkcore:s0 tcontext=u:object_r:system_data_file:s0 tclass=dir permissive=0
01-10 15:25:02.949000   548   548 I auditd  : type=1400 audit(0.0:4422): avc: denied { add_name } for comm="HwBinder:548_2" name="shading_otp" scontext=u:r:mtk_hal_camera:s0 tcontext=u:object_r:system_data_file:s0 tclass=dir permissive=0
01-10 15:25:03.949000   548   548 I auditd  : type=1400 audit(0.0:4423): avc: denied { add_name } for comm="HwBinder:548_2" name="shading_otp" scontext=u:r:mtk_hal_camera:s0 tcontext=u:object_r:system_data_file:s0 tclass=dir permissive=0
01-10 15:25:04.693000   361   361 I auditd  : type=1400 audit(0.0:4424): avc: denied { write } for comm="teed" name="/" dev="dm-2" ino=2 scontext=u:r:tkcore:s0 tcontext=u:object_r:system_data_file:s0 tclass=dir permissive=0
01-10 15:25:04.949000   548   548 I auditd  : type=1400 audit(0.0:4425): avc: denied { add_name } for comm="HwBinder:548_2" name="shading_otp" scontext=u:r:mtk_hal_camera:s0 tcontext=u:object_r:system_data_file:s0 tclass=dir permissive=0
01-10 15:25:06.403000   548   548 I auditd  : type=1400 audit(0.0:4426): avc: denied { add_name } for comm="HwBinder:548_2" name="shading_otp" scontext=u:r:mtk_hal_camera:s0 tcontext=u:object_r:system_data_file:s0 tclass=dir permissive=0
01-10 15:25:06.407000   361   361 I auditd  : type=1400 audit(0.0:4427): avc: denied { write } for comm="teed" name="/" dev="dm-2" ino=2 scontext=u:r:tkcore:s0 tcontext=u:object_r:system_data_file:s0 tclass=dir permissive=0
01-10 15:25:07.403000   548   548 I auditd  : type=1400 audit(0.0:4428): avc: denied { add_name } for comm="HwBinder:548_2" name="shading_otp" scontext=u:r:mtk_hal_camera:s0 tcontext=u:object_r:system_data_file:s0 tclass=dir permissive=0
01-10 15:25:08.011000   361   361 I auditd  : type=1400 audit(0.0:4429): avc: denied { write } for comm="teed" name="/" dev="dm-2" ino=2 scontext=u:r:tkcore:s0 tcontext=u:object_r:system_data_file:s0 tclass=dir permissive=0
01-10 15:25:08.403000   548   548 I auditd  : type=1400 audit(0.0:4430): avc: denied { add_name } for comm="HwBinder:548_2" name="shading_otp" scontext=u:r:mtk_hal_camera:s0 tcontext=u:object_r:system_data_file:s0 tclass=dir permissive=0
01-10 15:25:11.510000   361   361 I auditd  : type=1400 audit(0.0:4431): avc: denied { write } for comm="teed" name="/" dev="dm-2" ino=2 scontext=u:r:tkcore:s0 tcontext=u:object_r:system_data_file:s0 tclass=dir permissive=0
01-10 15:25:11.574000   548   548 I auditd  : type=1400 audit(0.0:4432): avc: denied { add_name } for comm="HwBinder:548_2" name="shading_otp" scontext=u:r:mtk_hal_camera:s0 tcontext=u:object_r:system_data_file:s0 tclass=dir permissive=0
01-10 15:25:12.574000   548   548 I auditd  : type=1400 audit(0.0:4433): avc: denied { add_name } for comm="HwBinder:548_2" name="shading_otp" scontext=u:r:mtk_hal_camera:s0 tcontext=u:object_r:system_data_file:s0 tclass=dir permissive=0
01-10 15:25:14.074000   361   361 I auditd  : type=1400 audit(0.0:4434): avc: denied { write } for comm="teed" name="/" dev="dm-2" ino=2 scontext=u:r:tkcore:s0 tcontext=u:object_r:system_data_file:s0 tclass=dir permissive=0
01-10 15:25:14.814000   548   548 I auditd  : type=1400 audit(0.0:4435): avc: denied { add_name } for comm="HwBinder:548_2" name="shading_otp" scontext=u:r:mtk_hal_camera:s0 tcontext=u:object_r:system_data_file:s0 tclass=dir permissive=0
01-10 15:25:16.636000   361   361 I auditd  : type=1400 audit(0.0:4436): avc: denied { write } for comm="teed" name="/" dev="dm-2" ino=2 scontext=u:r:tkcore:s0 tcontext=u:object_r:system_data_file:s0 tclass=dir permissive=0
01-10 15:25:17.036000   548   548 I auditd  : type=1400 audit(0.0:4437): avc: denied { add_name } for comm="HwBinder:548_2" name="shading_otp" scontext=u:r:mtk_hal_camera:s0 tcontext=u:object_r:system_data_file:s0 tclass=dir permissive=0
01-10 15:25:19.192000   361   361 I auditd  : type=1400 audit(0.0:4438): avc: denied { write } for comm="teed" name="/" dev="dm-2" ino=2 scontext=u:r:tkcore:s0 tcontext=u:object_r:system_data_file:s0 tclass=dir permissive=0
01-10 15:25:19.264000   548   548 I auditd  : type=1400 audit(0.0:4439): avc: denied { add_name } for comm="HwBinder:548_2" name="shading_otp" scontext=u:r:mtk_hal_camera:s0 tcontext=u:object_r:system_data_file:s0 tclass=dir permissive=0
01-10 15:25:20.264000   548   548 I auditd  : type=1400 audit(0.0:4440): avc: denied { add_name } for comm="HwBinder:548_2" name="shading_otp" scontext=u:r:mtk_hal_camera:s0 tcontext=u:object_r:system_data_file:s0 tclass=dir permissive=0
01-10 15:25:21.758000   361   361 I auditd  : type=1400 audit(0.0:4441): avc: denied { write } for comm="teed" name="/" dev="dm-2" ino=2 scontext=u:r:tkcore:s0 tcontext=u:object_r:system_data_file:s0 tclass=dir permissive=0
01-10 15:25:22.494000   548   548 I auditd  : type=1400 audit(0.0:4442): avc: denied { add_name } for comm="HwBinder:548_2" name="shading_otp" scontext=u:r:mtk_hal_camera:s0 tcontext=u:object_r:system_data_file:s0 tclass=dir permissive=0
01-10 15:25:24.307000   361   361 I auditd  : type=1400 audit(0.0:4443): avc: denied { write } for comm="teed" name="/" dev="dm-2" ino=2 scontext=u:r:tkcore:s0 tcontext=u:object_r:system_data_file:s0 tclass=dir permissive=0
01-10 15:25:24.719000   548   548 I auditd  : type=1400 audit(0.0:4444): avc: denied { add_name } for comm="HwBinder:548_2" name="shading_otp" scontext=u:r:mtk_hal_camera:s0 tcontext=u:object_r:system_data_file:s0 tclass=dir permissive=0
01-10 15:25:26.878000   361   361 I auditd  : type=1400 audit(0.0:4445): avc: denied { write } for comm="teed" name="/" dev="dm-2" ino=2 scontext=u:r:tkcore:s0 tcontext=u:object_r:system_data_file:s0 tclass=dir permissive=0
01-10 15:25:26.954000   548   548 I auditd  : type=1400 audit(0.0:4446): avc: denied { add_name } for comm="HwBinder:548_2" name="shading_otp" scontext=u:r:mtk_hal_camera:s0 tcontext=u:object_r:system_data_file:s0 tclass=dir permissive=0
01-10 15:25:27.970000   361   361 I auditd  : type=1400 audit(0.0:4448): avc: denied { write } for comm="teed" name="/" dev="dm-2" ino=2 scontext=u:r:tkcore:s0 tcontext=u:object_r:system_data_file:s0 tclass=dir permissive=0
01-10 15:25:28.948000   548   548 I auditd  : type=1400 audit(0.0:4449): avc: denied { add_name } for comm="HwBinder:548_2" name="shading_otp" scontext=u:r:mtk_hal_camera:s0 tcontext=u:object_r:system_data_file:s0 tclass=dir permissive=0
01-10 15:25:32.000000   361   361 I auditd  : type=1400 audit(0.0:4450): avc: denied { write } for comm="teed" name="/" dev="dm-2" ino=2 scontext=u:r:tkcore:s0 tcontext=u:object_r:system_data_file:s0 tclass=dir permissive=0
01-10 15:25:33.339000   361   361 I auditd  : type=1400 audit(0.0:4453): avc: denied { write } for comm="teed" name="/" dev="dm-2" ino=2 scontext=u:r:tkcore:s0 tcontext=u:object_r:system_data_file:s0 tclass=dir permissive=0
01-10 15:25:34.003000   548   548 I auditd  : type=1400 audit(0.0:4454): avc: denied { add_name } for comm="HwBinder:548_2" name="shading_otp" scontext=u:r:mtk_hal_camera:s0 tcontext=u:object_r:system_data_file:s0 tclass=dir permissive=0
01-10 15:25:35.691000   361   361 I auditd  : type=1400 audit(0.0:4456): avc: denied { write } for comm="teed" name="/" dev="dm-2" ino=2 scontext=u:r:tkcore:s0 tcontext=u:object_r:system_data_file:s0 tclass=dir permissive=0
01-10 15:25:36.003000   548   548 I auditd  : type=1400 audit(0.0:4457): avc: denied { add_name } for comm="HwBinder:548_2" name="shading_otp" scontext=u:r:mtk_hal_camera:s0 tcontext=u:object_r:system_data_file:s0 tclass=dir permissive=0
01-10 15:25:39.677000   361   361 I auditd  : type=1400 audit(0.0:4458): avc: denied { write } for comm="teed" name="/" dev="dm-2" ino=2 scontext=u:r:tkcore:s0 tcontext=u:object_r:system_data_file:s0 tclass=dir permissive=0
01-10 15:25:39.685000   548   548 I auditd  : type=1400 audit(0.0:4459): avc: denied { add_name } for comm="HwBinder:548_2" name="shading_otp" scontext=u:r:mtk_hal_camera:s0 tcontext=u:object_r:system_data_file:s0 tclass=dir permissive=0
01-10 15:25:40.685000   548   548 I auditd  : type=1400 audit(0.0:4460): avc: denied { add_name } for comm="HwBinder:548_2" name="shading_otp" scontext=u:r:mtk_hal_camera:s0 tcontext=u:object_r:system_data_file:s0 tclass=dir permissive=0
01-10 15:25:42.233000   361   361 I auditd  : type=1400 audit(0.0:4461): avc: denied { write } for comm="teed" name="/" dev="dm-2" ino=2 scontext=u:r:tkcore:s0 tcontext=u:object_r:system_data_file:s0 tclass=dir permissive=0
01-10 15:25:42.913000   548   548 I auditd  : type=1400 audit(0.0:4462): avc: denied { add_name } for comm="HwBinder:548_2" name="shading_otp" scontext=u:r:mtk_hal_camera:s0 tcontext=u:object_r:system_data_file:s0 tclass=dir permissive=0
01-10 15:25:43.413000   361   361 I auditd  : type=1400 audit(0.0:4463): avc: denied { write } for comm="teed" name="/" dev="dm-2" ino=2 scontext=u:r:tkcore:s0 tcontext=u:object_r:system_data_file:s0 tclass=dir permissive=0
01-10 15:25:43.913000   548   548 I auditd  : type=1400 audit(0.0:4464): avc: denied { add_name } for comm="HwBinder:548_2" name="shading_otp" scontext=u:r:mtk_hal_camera:s0 tcontext=u:object_r:system_data_file:s0 tclass=dir permissive=0
01-10 15:25:47.360000   361   361 I auditd  : type=1400 audit(0.0:4465): avc: denied { write } for comm="teed" name="/" dev="dm-2" ino=2 scontext=u:r:tkcore:s0 tcontext=u:object_r:system_data_file:s0 tclass=dir permissive=0
01-10 15:25:47.524000   548   548 I auditd  : type=1400 audit(0.0:4466): avc: denied { add_name } for comm="HwBinder:548_2" name="shading_otp" scontext=u:r:mtk_hal_camera:s0 tcontext=u:object_r:system_data_file:s0 tclass=dir permissive=0
01-10 15:25:49.920000   361   361 I auditd  : type=1400 audit(0.0:4468): avc: denied { write } for comm="teed" name="/" dev="dm-2" ino=2 scontext=u:r:tkcore:s0 tcontext=u:object_r:system_data_file:s0 tclass=dir permissive=0
01-10 15:25:50.532000   548   548 I auditd  : type=1400 audit(0.0:4469): avc: denied { add_name } for comm="HwBinder:548_2" name="shading_otp" scontext=u:r:mtk_hal_camera:s0 tcontext=u:object_r:system_data_file:s0 tclass=dir permissive=0
01-10 15:25:52.475000   361   361 I auditd  : type=1400 audit(0.0:4470): avc: denied { write } for comm="teed" name="/" dev="dm-2" ino=2 scontext=u:r:tkcore:s0 tcontext=u:object_r:system_data_file:s0 tclass=dir permissive=0
01-10 15:25:52.763000   548   548 I auditd  : type=1400 audit(0.0:4471): avc: denied { add_name } for comm="HwBinder:548_2" name="shading_otp" scontext=u:r:mtk_hal_camera:s0 tcontext=u:object_r:system_data_file:s0 tclass=dir permissive=0
01-10 15:25:55.035000   361   361 I auditd  : type=1400 audit(0.0:4472): avc: denied { write } for comm="teed" name="/" dev="dm-2" ino=2 scontext=u:r:tkcore:s0 tcontext=u:object_r:system_data_file:s0 tclass=dir permissive=0
01-10 15:25:55.043000   548   548 I auditd  : type=1400 audit(0.0:4473): avc: denied { add_name } for comm="HwBinder:548_2" name="shading_otp" scontext=u:r:mtk_hal_camera:s0 tcontext=u:object_r:system_data_file:s0 tclass=dir permissive=0
01-10 15:25:56.043000   548   548 I auditd  : type=1400 audit(0.0:4474): avc: denied { add_name } for comm="HwBinder:548_2" name="shading_otp" scontext=u:r:mtk_hal_camera:s0 tcontext=u:object_r:system_data_file:s0 tclass=dir permissive=0
01-10 15:25:57.594000   361   361 I auditd  : type=1400 audit(0.0:4475): avc: denied { write } for comm="teed" name="/" dev="dm-2" ino=2 scontext=u:r:tkcore:s0 tcontext=u:object_r:system_data_file:s0 tclass=dir permissive=0
01-10 15:25:58.270000   548   548 I auditd  : type=1400 audit(0.0:4476): avc: denied { add_name } for comm="HwBinder:548_2" name="shading_otp" scontext=u:r:mtk_hal_camera:s0 tcontext=u:object_r:system_data_file:s0 tclass=dir permissive=0
01-10 15:26:00.147000   361   361 I auditd  : type=1400 audit(0.0:4477): avc: denied { write } for comm="teed" name="/" dev="dm-2" ino=2 scontext=u:r:tkcore:s0 tcontext=u:object_r:system_data_file:s0 tclass=dir permissive=0
01-10 15:26:00.499000   548   548 I auditd  : type=1400 audit(0.0:4478): avc: denied { add_name } for comm="HwBinder:548_2" name="shading_otp" scontext=u:r:mtk_hal_camera:s0 tcontext=u:object_r:system_data_file:s0 tclass=dir permissive=0
01-10 15:26:01.423000   361   361 I auditd  : type=1400 audit(0.0:4479): avc: denied { write } for comm="teed" name="/" dev="dm-2" ino=2 scontext=u:r:tkcore:s0 tcontext=u:object_r:system_data_file:s0 tclass=dir permissive=0
01-10 15:26:01.499000   548   548 I auditd  : type=1400 audit(0.0:4480): avc: denied { add_name } for comm="HwBinder:548_2" name="shading_otp" scontext=u:r:mtk_hal_camera:s0 tcontext=u:object_r:system_data_file:s0 tclass=dir permissive=0
01-10 15:26:02.503000   548   548 I auditd  : type=1400 audit(0.0:4481): avc: denied { add_name } for comm="HwBinder:548_2" name="shading_otp" scontext=u:r:mtk_hal_camera:s0 tcontext=u:object_r:system_data_file:s0 tclass=dir permissive=0
01-10 15:26:05.273000   361   361 I auditd  : type=1400 audit(0.0:4482): avc: denied { write } for comm="teed" name="/" dev="dm-2" ino=2 scontext=u:r:tkcore:s0 tcontext=u:object_r:system_data_file:s0 tclass=dir permissive=0
01-10 15:26:06.021000   548   548 I auditd  : type=1400 audit(0.0:4483): avc: denied { add_name } for comm="HwBinder:548_2" name="shading_otp" scontext=u:r:mtk_hal_camera:s0 tcontext=u:object_r:system_data_file:s0 tclass=dir permissive=0
01-10 15:26:07.838000   361   361 I auditd  : type=1400 audit(0.0:4484): avc: denied { write } for comm="teed" name="/" dev="dm-2" ino=2 scontext=u:r:tkcore:s0 tcontext=u:object_r:system_data_file:s0 tclass=dir permissive=0
01-10 15:26:08.254000   548   548 I auditd  : type=1400 audit(0.0:4485): avc: denied { add_name } for comm="HwBinder:548_2" name="shading_otp" scontext=u:r:mtk_hal_camera:s0 tcontext=u:object_r:system_data_file:s0 tclass=dir permissive=0
01-10 15:26:10.395000   361   361 I auditd  : type=1400 audit(0.0:4486): avc: denied { write } for comm="teed" name="/" dev="dm-2" ino=2 scontext=u:r:tkcore:s0 tcontext=u:object_r:system_data_file:s0 tclass=dir permissive=0
01-10 15:26:10.399000   548   548 I auditd  : type=1400 audit(0.0:4487): avc: denied { add_name } for comm="HwBinder:548_2" name="shading_otp" scontext=u:r:mtk_hal_camera:s0 tcontext=u:object_r:system_data_file:s0 tclass=dir permissive=0
01-10 15:26:11.399000   548   548 I auditd  : type=1400 audit(0.0:4488): avc: denied { add_name } for comm="HwBinder:548_2" name="shading_otp" scontext=u:r:mtk_hal_camera:s0 tcontext=u:object_r:system_data_file:s0 tclass=dir permissive=0
01-10 15:26:12.958000   361   361 I auditd  : type=1400 audit(0.0:4489): avc: denied { write } for comm="teed" name="/" dev="dm-2" ino=2 scontext=u:r:tkcore:s0 tcontext=u:object_r:system_data_file:s0 tclass=dir permissive=0
01-10 15:26:13.626000   548   548 I auditd  : type=1400 audit(0.0:4490): avc: denied { add_name } for comm="HwBinder:548_2" name="shading_otp" scontext=u:r:mtk_hal_camera:s0 tcontext=u:object_r:system_data_file:s0 tclass=dir permissive=0
01-10 15:26:15.523000   361   361 I auditd  : type=1400 audit(0.0:4491): avc: denied { write } for comm="teed" name="/" dev="dm-2" ino=2 scontext=u:r:tkcore:s0 tcontext=u:object_r:system_data_file:s0 tclass=dir permissive=0
01-10 15:26:15.847000   548   548 I auditd  : type=1400 audit(0.0:4492): avc: denied { add_name } for comm="HwBinder:548_2" name="shading_otp" scontext=u:r:mtk_hal_camera:s0 tcontext=u:object_r:system_data_file:s0 tclass=dir permissive=0
01-10 15:26:18.067000   548   548 I auditd  : type=1400 audit(0.0:4493): avc: denied { add_name } for comm="HwBinder:548_2" name="shading_otp" scontext=u:r:mtk_hal_camera:s0 tcontext=u:object_r:system_data_file:s0 tclass=dir permissive=0
01-10 15:26:18.071000   361   361 I auditd  : type=1400 audit(0.0:4494): avc: denied { write } for comm="teed" name="/" dev="dm-2" ino=2 scontext=u:r:tkcore:s0 tcontext=u:object_r:system_data_file:s0 tclass=dir permissive=0
01-10 15:26:19.071000   548   548 I auditd  : type=1400 audit(0.0:4495): avc: denied { add_name } for comm="HwBinder:548_2" name="shading_otp" scontext=u:r:mtk_hal_camera:s0 tcontext=u:object_r:system_data_file:s0 tclass=dir permissive=0
01-10 15:26:20.630000   361   361 I auditd  : type=1400 audit(0.0:4496): avc: denied { write } for comm="teed" name="/" dev="dm-2" ino=2 scontext=u:r:tkcore:s0 tcontext=u:object_r:system_data_file:s0 tclass=dir permissive=0
01-10 15:26:21.302000   548   548 I auditd  : type=1400 audit(0.0:4497): avc: denied { add_name } for comm="HwBinder:548_2" name="shading_otp" scontext=u:r:mtk_hal_camera:s0 tcontext=u:object_r:system_data_file:s0 tclass=dir permissive=0
01-10 15:26:23.195000   361   361 I auditd  : type=1400 audit(0.0:4498): avc: denied { write } for comm="teed" name="/" dev="dm-2" ino=2 scontext=u:r:tkcore:s0 tcontext=u:object_r:system_data_file:s0 tclass=dir permissive=0
01-10 15:26:23.523000   548   548 I auditd  : type=1400 audit(0.0:4499): avc: denied { add_name } for comm="HwBinder:548_2" name="shading_otp" scontext=u:r:mtk_hal_camera:s0 tcontext=u:object_r:system_data_file:s0 tclass=dir permissive=0
01-10 15:26:24.369000   361   361 I auditd  : type=1400 audit(0.0:4500): avc: denied { write } for comm="teed" name="/" dev="dm-2" ino=2 scontext=u:r:tkcore:s0 tcontext=u:object_r:system_data_file:s0 tclass=dir permissive=0
01-10 15:26:24.521000   548   548 I auditd  : type=1400 audit(0.0:4501): avc: denied { add_name } for comm="HwBinder:548_2" name="shading_otp" scontext=u:r:mtk_hal_camera:s0 tcontext=u:object_r:system_data_file:s0 tclass=dir permissive=0
01-10 15:26:25.549000   361   361 I auditd  : type=1400 audit(0.0:4502): avc: denied { write } for comm="teed" name="/" dev="dm-2" ino=2 scontext=u:r:tkcore:s0 tcontext=u:object_r:system_data_file:s0 tclass=dir permissive=0
01-10 15:26:25.553000   548   548 I auditd  : type=1400 audit(0.0:4503): avc: denied { add_name } for comm="HwBinder:548_2" name="shading_otp" scontext=u:r:mtk_hal_camera:s0 tcontext=u:object_r:system_data_file:s0 tclass=dir permissive=0
01-10 15:26:26.553000   548   548 I auditd  : type=1400 audit(0.0:4504): avc: denied { add_name } for comm="HwBinder:548_2" name="shading_otp" scontext=u:r:mtk_hal_camera:s0 tcontext=u:object_r:system_data_file:s0 tclass=dir permissive=0
01-10 15:26:27.301000   361   361 I auditd  : type=1400 audit(0.0:4505): avc: denied { write } for comm="teed" name="/" dev="dm-2" ino=2 scontext=u:r:tkcore:s0 tcontext=u:object_r:system_data_file:s0 tclass=dir permissive=0
01-10 15:26:27.553000   548   548 I auditd  : type=1400 audit(0.0:4506): avc: denied { add_name } for comm="HwBinder:548_2" name="shading_otp" scontext=u:r:mtk_hal_camera:s0 tcontext=u:object_r:system_data_file:s0 tclass=dir permissive=0
01-10 15:26:30.878000   361   361 I auditd  : type=1400 audit(0.0:4507): avc: denied { write } for comm="teed" name="/" dev="dm-2" ino=2 scontext=u:r:tkcore:s0 tcontext=u:object_r:system_data_file:s0 tclass=dir permissive=0
01-10 15:26:30.882000   548   548 I auditd  : type=1400 audit(0.0:4508): avc: denied { add_name } for comm="HwBinder:548_2" name="shading_otp" scontext=u:r:mtk_hal_camera:s0 tcontext=u:object_r:system_data_file:s0 tclass=dir permissive=0
01-10 15:26:30.910836   943  1084 I netstats_mobile_sample: [0,0,0,0,0,0,0,0,0,0,0,0,-1]
01-10 15:26:30.911045   943  1084 I netstats_wifi_sample: [0,0,0,0,0,0,0,0,0,0,0,0,-1]
01-10 15:26:31.030878   943  1000 I am_pss  : [943,1000,system,137871360,104112128,0]
01-10 15:26:31.088071   943  1000 I am_pss  : [1130,10021,com.android.systemui,83780608,69177344,0]
01-10 15:26:31.130368   943  1000 I am_pss  : [1956,10002,android.process.acore,14303232,9998336,0]
01-10 15:26:31.165239   943  1000 I am_pss  : [2236,10052,com.android.email,13696000,10719232,0]
01-10 15:26:31.197067   943  1000 I am_pss  : [2337,10020,com.android.mms,11682816,7397376,0]
01-10 15:26:31.227000   943  1000 I am_pss  : [2681,1000,com.mediatek.ppl,5177344,2510848,0]
01-10 15:26:31.257070   943  1000 I am_pss  : [2664,1000,com.mediatek.duraspeed,5576704,3026944,0]
01-10 15:26:31.290197   943  1000 I am_pss  : [1349,1000,com.android.settings,18835456,10756096,0]
01-10 15:26:31.320304   943  1000 I am_pss  : [2197,10072,com.mediatek.mtklogger.proxy,4497408,2281472,0]
01-10 15:26:31.358190   943  1000 I am_pss  : [1670,1000,com.datalogic.service,34178048,28082176,0]
