01-10 14:13:49.539007   925  2957 I RilOemClient: executeThermal
01-10 14:13:49.539255   925  2957 D RilOemClient: Thermal line = THERMAL,0,-1
01-10 14:13:49.539255   925  2957 D RilOemClient: , cmd:THERMAL, slotId:0, targetSim: 0
01-10 14:13:49.539376   925  2957 I RilOemClient: arg : -1
01-10 14:13:49.541893   925   966 D RmcOemRequestHandler: [0] onHandleRequest: RFX_MSG_REQUEST_QUERY_MODEM_THERMAL(55019)
01-10 14:13:49.542063   925   966 I RmcOemRequestHandler: requestQueryThermal Enter: -1
01-10 14:13:49.542179   925   966 I AT      : [0] AT> AT+ETHERMAL (RIL_CMD_READER_1, tid:525055653104)
01-10 14:13:49.554131   925   965 I AT      : [0] AT< +ETHERMAL: 2, 32767, -127, -30932, 32767, 8 (RIL_CMD_READER_1, tid:525061870832)
01-10 14:13:49.554743   925   965 I AT      : [0] AT< OK (RIL_CMD_READER_1, tid:525061870832)
01-10 14:13:49.555112   925   966 I RmcOemRequestHandler: requestQueryThermal success
01-10 14:13:49.556629   925   957 D RtcRilClientController: client 1001 handle requestComplete
01-10 14:13:49.556790   925   957 I RilOemClient: request for THERMAL returned
01-10 14:13:49.556896   925   957 I RilOemClient: mThermalFd is valid strResult is  2, 32767, -127, -30932, 32767, 8
01-10 14:13:49.558046   925  2958 D RilOemClient: stream null here
01-10 14:13:49.559596   925  2959 I RilClient: start listen on fd: 11, soicket name: rild-oem
01-10 14:13:53.706500   925   959 I AT      : [0] AT< +ECSQ: 69,43,1,-206,-12,1,1,4,32767,1 (RIL_URC_READER, tid:525060834544)
01-10 14:13:58.827736   925   959 I AT      : [0] AT< +ECSQ: 70,43,1,-204,-11,1,1,4,32767,1 (RIL_URC_READER, tid:525060834544)
01-10 14:13:59.564999   925  2959 I RilClient: initialize: commandFd is 68
01-10 14:13:59.567004   925  2965 I RilOemClient: NUMBER:1
01-10 14:13:59.567351   925  2965 I RilOemClient: arg len:14
01-10 14:13:59.567631   925  2965 I RilOemClient: ARGS[0]:THERMAL,0,-1
01-10 14:13:59.567843   925  2965 I RilOemClient: executeThermal
01-10 14:13:59.568092   925  2965 D RilOemClient: Thermal line = THERMAL,0,-1
01-10 14:13:59.568092   925  2965 D RilOemClient: , cmd:THERMAL, slotId:0, targetSim: 0
01-10 14:13:59.568217   925  2965 I RilOemClient: arg : -1
01-10 14:13:59.570570   925   966 D RmcOemRequestHandler: [0] onHandleRequest: RFX_MSG_REQUEST_QUERY_MODEM_THERMAL(55019)
01-10 14:13:59.570738   925   966 I RmcOemRequestHandler: requestQueryThermal Enter: -1
01-10 14:13:59.570858   925   966 I AT      : [0] AT> AT+ETHERMAL (RIL_CMD_READER_1, tid:525055653104)
01-10 14:13:59.582854   925   965 I AT      : [0] AT< +ETHERMAL: 2, 32767, -127, -5303, 32767, 8 (RIL_CMD_READER_1, tid:525061870832)
01-10 14:13:59.583690   925   965 I AT      : [0] AT< OK (RIL_CMD_READER_1, tid:525061870832)
01-10 14:13:59.584097   925   966 I RmcOemRequestHandler: requestQueryThermal success
01-10 14:13:59.585615   925   957 D RtcRilClientController: client 1001 handle requestComplete
01-10 14:13:59.585759   925   957 I RilOemClient: request for THERMAL returned
01-10 14:13:59.585864   925   957 I RilOemClient: mThermalFd is valid strResult is  2, 32767, -127, -5303, 32767, 8
01-10 14:13:59.586967   925  2966 D RilOemClient: stream null here
01-10 14:13:59.588356   925  2967 I RilClient: start listen on fd: 11, soicket name: rild-oem
01-10 14:14:03.948929   925   959 I AT      : [0] AT< +ECSQ: 68,43,1,-212,-12,1,1,4,32767,1 (RIL_URC_READER, tid:525060834544)
01-10 14:14:03.950998   925   960 D RmcNwHdlr: [0] handleSignalStrength, sig1:99, sig2:-1, cdma_dbm:-1, cdma_ecio:-1, evdo_dbm:-1,evdo_ecio:-1, evdo_snr:-1, lte_sig:99, lte_rsrp:2147483647, lte_rsrq:2147483647, lte_rssnr:2147483647, lte_cqi:2147483647,lte_timing_advance:2147483647, td_scdma_rscp:53
01-10 14:14:03.954356  1311  1311 D MTKSST  : [CdmaLteSST0] old:{level:0, raw:SignalStrength: 99 -1 -120 -160 -120 -1 -1 99 2147483647 2147483647 2147483647 2147483647 0 -51 cdma}, new:{level:0, raw:SignalStrength: 99 -1 -120 -160 -120 -1 -1 99 2147483647 2147483647 2147483647 2147483647 0 -53 cdma}
01-10 14:14:09.069892   925   959 I AT      : [0] AT< +ECSQ: 68,42,1,-212,-13,1,1,4,32767,1 (RIL_URC_READER, tid:525060834544)
01-10 14:14:09.594109   925  2967 I RilClient: initialize: commandFd is 0
01-10 14:14:09.596023   925  2973 I RilOemClient: NUMBER:1
01-10 14:14:09.596371   925  2973 I RilOemClient: arg len:14
01-10 14:14:09.596517   925  2973 I RilOemClient: ARGS[0]:THERMAL,0,-1
01-10 14:14:09.596721   925  2973 I RilOemClient: executeThermal
01-10 14:14:09.596966   925  2973 D RilOemClient: Thermal line = THERMAL,0,-1
01-10 14:14:09.596966   925  2973 D RilOemClient: , cmd:THERMAL, slotId:0, targetSim: 0
01-10 14:14:09.597090   925  2973 I RilOemClient: arg : -1
01-10 14:14:09.599517   925   966 D RmcOemRequestHandler: [0] onHandleRequest: RFX_MSG_REQUEST_QUERY_MODEM_THERMAL(55019)
01-10 14:14:09.599695   925   966 I RmcOemRequestHandler: requestQueryThermal Enter: -1
01-10 14:14:09.599814   925   966 I AT      : [0] AT> AT+ETHERMAL (RIL_CMD_READER_1, tid:525055653104)
01-10 14:14:09.611643   925   965 I AT      : [0] AT< +ETHERMAL: 2, 32767, -127, 20324, 32767, 8 (RIL_CMD_READER_1, tid:525061870832)
01-10 14:14:09.612327   925   965 I AT      : [0] AT< OK (RIL_CMD_READER_1, tid:525061870832)
01-10 14:14:09.612989   925   966 I RmcOemRequestHandler: requestQueryThermal success
01-10 14:14:09.614406   925   957 D RtcRilClientController: client 1001 handle requestComplete
01-10 14:14:09.614556   925   957 I RilOemClient: request for THERMAL returned
01-10 14:14:09.614661   925   957 I RilOemClient: mThermalFd is valid strResult is  2, 32767, -127, 20324, 32767, 8
01-10 14:14:09.615900   925  2974 D RilOemClient: stream null here
01-10 14:14:09.617277   925  2975 I RilClient: start listen on fd: 11, soicket name: rild-oem
01-10 14:14:14.192513   925   959 I AT      : [0] AT< +ECSQ: 68,43,1,-209,-12,1,1,4,32767,1 (RIL_URC_READER, tid:525060834544)
01-10 14:14:14.194809   925   960 D RmcNwHdlr: [0] handleSignalStrength, sig1:99, sig2:-1, cdma_dbm:-1, cdma_ecio:-1, evdo_dbm:-1,evdo_ecio:-1, evdo_snr:-1, lte_sig:99, lte_rsrp:2147483647, lte_rsrq:2147483647, lte_rssnr:2147483647, lte_cqi:2147483647,lte_timing_advance:2147483647, td_scdma_rscp:52
01-10 14:14:14.198082  1311  1311 D MTKSST  : [CdmaLteSST0] old:{level:0, raw:SignalStrength: 99 -1 -120 -160 -120 -1 -1 99 2147483647 2147483647 2147483647 2147483647 0 -53 cdma}, new:{level:0, raw:SignalStrength: 99 -1 -120 -160 -120 -1 -1 99 2147483647 2147483647 2147483647 2147483647 0 -52 cdma}
01-10 14:14:19.303784   925   959 I AT      : [0] AT< +ECSQ: 67,42,1,-214,-13,1,1,4,32767,1 (RIL_URC_READER, tid:525060834544)
01-10 14:14:19.306256   925   960 D RmcNwHdlr: [0] handleSignalStrength, sig1:99, sig2:-1, cdma_dbm:-1, cdma_ecio:-1, evdo_dbm:-1,evdo_ecio:-1, evdo_snr:-1, lte_sig:99, lte_rsrp:2147483647, lte_rsrq:2147483647, lte_rssnr:2147483647, lte_cqi:2147483647,lte_timing_advance:2147483647, td_scdma_rscp:53
01-10 14:14:19.309687  1311  1311 D MTKSST  : [CdmaLteSST0] old:{level:0, raw:SignalStrength: 99 -1 -120 -160 -120 -1 -1 99 2147483647 2147483647 2147483647 2147483647 0 -52 cdma}, new:{level:0, raw:SignalStrength: 99 -1 -120 -160 -120 -1 -1 99 2147483647 2147483647 2147483647 2147483647 0 -53 cdma}
01-10 14:14:19.623144   925  2975 I RilClient: initialize: commandFd is 68
01-10 14:14:19.624937   925  2981 I RilOemClient: NUMBER:1
01-10 14:14:19.625277   925  2981 I RilOemClient: arg len:14
01-10 14:14:19.625419   925  2981 I RilOemClient: ARGS[0]:THERMAL,0,-1
01-10 14:14:19.625618   925  2981 I RilOemClient: executeThermal
01-10 14:14:19.625857   925  2981 D RilOemClient: Thermal line = THERMAL,0,-1
01-10 14:14:19.625857   925  2981 D RilOemClient: , cmd:THERMAL, slotId:0, targetSim: 0
01-10 14:14:19.625983   925  2981 I RilOemClient: arg : -1
01-10 14:14:19.628975   925   966 D RmcOemRequestHandler: [0] onHandleRequest: RFX_MSG_REQUEST_QUERY_MODEM_THERMAL(55019)
01-10 14:14:19.629162   925   966 I RmcOemRequestHandler: requestQueryThermal Enter: -1
01-10 14:14:19.629281   925   966 I AT      : [0] AT> AT+ETHERMAL (RIL_CMD_READER_1, tid:525055653104)
01-10 14:14:19.641245   925   965 I AT      : [0] AT< +ETHERMAL: 2, 32767, -127, -19575, 32767, 8 (RIL_CMD_READER_1, tid:525061870832)
01-10 14:14:19.641859   925   965 I AT      : [0] AT< OK (RIL_CMD_READER_1, tid:525061870832)
01-10 14:14:19.642318   925   966 I RmcOemRequestHandler: requestQueryThermal success
01-10 14:14:19.643768   925   957 D RtcRilClientController: client 1001 handle requestComplete
01-10 14:14:19.643920   925   957 I RilOemClient: request for THERMAL returned
01-10 14:14:19.644024   925   957 I RilOemClient: mThermalFd is valid strResult is  2, 32767, -127, -19575, 32767, 8
01-10 14:14:19.645276   925  2982 D RilOemClient: stream null here
01-10 14:14:19.646565   925  2983 I RilClient: start listen on fd: 11, soicket name: rild-oem
01-10 14:14:22.979671   555  1983 E RPC     : entry g_lowpower_mode
01-10 14:14:24.440655   925   959 I AT      : [0] AT< +ECSQ: 68,42,1,-209,-13,1,1,4,32767,1 (RIL_URC_READER, tid:525060834544)
01-10 14:14:24.443006   925   960 D RmcNwHdlr: [0] handleSignalStrength, sig1:99, sig2:-1, cdma_dbm:-1, cdma_ecio:-1, evdo_dbm:-1,evdo_ecio:-1, evdo_snr:-1, lte_sig:99, lte_rsrp:2147483647, lte_rsrq:2147483647, lte_rssnr:2147483647, lte_cqi:2147483647,lte_timing_advance:2147483647, td_scdma_rscp:52
01-10 14:14:24.446287  1311  1311 D MTKSST  : [CdmaLteSST0] old:{level:0, raw:SignalStrength: 99 -1 -120 -160 -120 -1 -1 99 2147483647 2147483647 2147483647 2147483647 0 -53 cdma}, new:{level:0, raw:SignalStrength: 99 -1 -120 -160 -120 -1 -1 99 2147483647 2147483647 2147483647 2147483647 0 -52 cdma}
01-10 14:14:29.652633   925  2983 I RilClient: initialize: commandFd is 0
01-10 14:14:29.654616   925  2989 I RilOemClient: NUMBER:1
01-10 14:14:29.654960   925  2989 I RilOemClient: arg len:14
01-10 14:14:29.655104   925  2989 I RilOemClient: ARGS[0]:THERMAL,0,-1
01-10 14:14:29.655297   925  2989 I RilOemClient: executeThermal
01-10 14:14:29.655716   925  2989 D RilOemClient: Thermal line = THERMAL,0,-1
01-10 14:14:29.655716   925  2989 D RilOemClient: , cmd:THERMAL, slotId:0, targetSim: 0
01-10 14:14:29.655854   925  2989 I RilOemClient: arg : -1
01-10 14:14:29.658231   925   966 D RmcOemRequestHandler: [0] onHandleRequest: RFX_MSG_REQUEST_QUERY_MODEM_THERMAL(55019)
01-10 14:14:29.658396   925   966 I RmcOemRequestHandler: requestQueryThermal Enter: -1
01-10 14:14:29.658515   925   966 I AT      : [0] AT> AT+ETHERMAL (RIL_CMD_READER_1, tid:525055653104)
01-10 14:14:29.670859   925   965 I AT      : [0] AT< +ETHERMAL: 2, 32767, -127, 6067, 32767, 8 (RIL_CMD_READER_1, tid:525061870832)
01-10 14:14:29.671587   925   965 I AT      : [0] AT< OK (RIL_CMD_READER_1, tid:525061870832)
01-10 14:14:29.672107   925   966 I RmcOemRequestHandler: requestQueryThermal success
01-10 14:14:29.673520   925   957 D RtcRilClientController: client 1001 handle requestComplete
01-10 14:14:29.673670   925   957 I RilOemClient: request for THERMAL returned
01-10 14:14:29.673774   925   957 I RilOemClient: mThermalFd is valid strResult is  2, 32767, -127, 6067, 32767, 8
01-10 14:14:29.674969   925  2990 D RilOemClient: stream null here
01-10 14:14:29.676559   925  2991 I RilClient: start listen on fd: 11, soicket name: rild-oem
01-10 14:14:34.683497   925   959 I AT      : [0] AT< +ECSQ: 68,42,1,-212,-14,1,1,4,32767,1 (RIL_URC_READER, tid:525060834544)
01-10 14:14:34.685826   925   960 D RmcNwHdlr: [0] handleSignalStrength, sig1:99, sig2:-1, cdma_dbm:-1, cdma_ecio:-1, evdo_dbm:-1,evdo_ecio:-1, evdo_snr:-1, lte_sig:99, lte_rsrp:2147483647, lte_rsrq:2147483647, lte_rssnr:2147483647, lte_cqi:2147483647,lte_timing_advance:2147483647, td_scdma_rscp:53
01-10 14:14:34.689176  1311  1311 D MTKSST  : [CdmaLteSST0] old:{level:0, raw:SignalStrength: 99 -1 -120 -160 -120 -1 -1 99 2147483647 2147483647 2147483647 2147483647 0 -52 cdma}, new:{level:0, raw:SignalStrength: 99 -1 -120 -160 -120 -1 -1 99 2147483647 2147483647 2147483647 2147483647 0 -53 cdma}
01-10 14:14:37.393537   555  1169 E RPC     : entry g_lowpower_mode
01-10 14:14:39.681963   925  2991 I RilClient: initialize: commandFd is 68
01-10 14:14:39.684059   925  2997 I RilOemClient: NUMBER:1
01-10 14:14:39.684412   925  2997 I RilOemClient: arg len:14
01-10 14:14:39.684553   925  2997 I RilOemClient: ARGS[0]:THERMAL,0,-1
01-10 14:14:39.684692   925  2997 I RilOemClient: executeThermal
01-10 14:14:39.684889   925  2997 D RilOemClient: Thermal line = THERMAL,0,-1
01-10 14:14:39.684889   925  2997 D RilOemClient: , cmd:THERMAL, slotId:0, targetSim: 0
01-10 14:14:39.685015   925  2997 I RilOemClient: arg : -1
01-10 14:14:39.687974   925   966 D RmcOemRequestHandler: [0] onHandleRequest: RFX_MSG_REQUEST_QUERY_MODEM_THERMAL(55019)
01-10 14:14:39.688152   925   966 I RmcOemRequestHandler: requestQueryThermal Enter: -1
01-10 14:14:39.688270   925   966 I AT      : [0] AT> AT+ETHERMAL (RIL_CMD_READER_1, tid:525055653104)
01-10 14:14:39.700470   925   965 I AT      : [0] AT< +ETHERMAL: 2, 32767, -127, 31709, 32767, 8 (RIL_CMD_READER_1, tid:525061870832)
01-10 14:14:39.701055   925   965 I AT      : [0] AT< OK (RIL_CMD_READER_1, tid:525061870832)
01-10 14:14:39.701464   925   966 I RmcOemRequestHandler: requestQueryThermal success
01-10 14:14:39.702814   925   957 D RtcRilClientController: client 1001 handle requestComplete
01-10 14:14:39.702961   925   957 I RilOemClient: request for THERMAL returned
01-10 14:14:39.703066   925   957 I RilOemClient: mThermalFd is valid strResult is  2, 32767, -127, 31709, 32767, 8
01-10 14:14:39.704343   925  2998 D RilOemClient: stream null here
01-10 14:14:39.706046   925  2999 I RilClient: start listen on fd: 11, soicket name: rild-oem
01-10 14:14:39.788553   925   959 I AT      : [0] AT< +ECSQ: 68,39,1,-211,-19,1,1,4,32767,1 (RIL_URC_READER, tid:525060834544)
01-10 14:14:39.790766   925   960 D RmcNwHdlr: [0] handleSignalStrength, sig1:99, sig2:-1, cdma_dbm:-1, cdma_ecio:-1, evdo_dbm:-1,evdo_ecio:-1, evdo_snr:-1, lte_sig:99, lte_rsrp:2147483647, lte_rsrq:2147483647, lte_rssnr:2147483647, lte_cqi:2147483647,lte_timing_advance:2147483647, td_scdma_rscp:52
01-10 14:14:39.794034  1311  1311 D MTKSST  : [CdmaLteSST0] old:{level:0, raw:SignalStrength: 99 -1 -120 -160 -120 -1 -1 99 2147483647 2147483647 2147483647 2147483647 0 -53 cdma}, new:{level:0, raw:SignalStrength: 99 -1 -120 -160 -120 -1 -1 99 2147483647 2147483647 2147483647 2147483647 0 -52 cdma}
01-10 14:14:44.907284   925   959 I AT      : [0] AT< +ECSQ: 69,42,1,-208,-13,1,1,4,32767,1 (RIL_URC_READER, tid:525060834544)
01-10 14:14:49.709225   925  2999 I RilClient: initialize: commandFd is 0
01-10 14:14:49.710701   925  3005 I RilOemClient: NUMBER:1
01-10 14:14:49.711046   925  3005 I RilOemClient: arg len:14
01-10 14:14:49.711188   925  3005 I RilOemClient: ARGS[0]:THERMAL,0,-1
01-10 14:14:49.711360   925  3005 I RilOemClient: executeThermal
01-10 14:14:49.711823   925  3005 D RilOemClient: Thermal line = THERMAL,0,-1
01-10 14:14:49.711823   925  3005 D RilOemClient: , cmd:THERMAL, slotId:0, targetSim: 0
01-10 14:14:49.711960   925  3005 I RilOemClient: arg : -1
01-10 14:14:49.714545   925   966 D RmcOemRequestHandler: [0] onHandleRequest: RFX_MSG_REQUEST_QUERY_MODEM_THERMAL(55019)
01-10 14:14:49.714726   925   966 I RmcOemRequestHandler: requestQueryThermal Enter: -1
01-10 14:14:49.714843   925   966 I AT      : [0] AT> AT+ETHERMAL (RIL_CMD_READER_1, tid:525055653104)
01-10 14:14:49.727568   925   965 I AT      : [0] AT< +ETHERMAL: 2, 32767, -127, -8233, 32767, 8 (RIL_CMD_READER_1, tid:525061870832)
01-10 14:14:49.728602   925   965 I AT      : [0] AT< OK (RIL_CMD_READER_1, tid:525061870832)
01-10 14:14:49.729244   925   966 I RmcOemRequestHandler: requestQueryThermal success
01-10 14:14:49.730614   925   957 D RtcRilClientController: client 1001 handle requestComplete
01-10 14:14:49.730763   925   957 I RilOemClient: request for THERMAL returned
01-10 14:14:49.730867   925   957 I RilOemClient: mThermalFd is valid strResult is  2, 32767, -127, -8233, 32767, 8
01-10 14:14:49.732158   925  3006 D RilOemClient: stream null here
01-10 14:14:49.733478   925  3007 I RilClient: start listen on fd: 11, soicket name: rild-oem
01-10 14:14:50.030632   925   959 I AT      : [0] AT< +ECSQ: 68,42,1,-211,-13,1,1,4,32767,1 (RIL_URC_READER, tid:525060834544)
01-10 14:14:55.151527   925   959 I AT      : [0] AT< +ECSQ: 68,41,1,-212,-16,1,1,4,32767,1 (RIL_URC_READER, tid:525060834544)
01-10 14:14:55.153342   925   960 D RmcNwHdlr: [0] handleSignalStrength, sig1:99, sig2:-1, cdma_dbm:-1, cdma_ecio:-1, evdo_dbm:-1,evdo_ecio:-1, evdo_snr:-1, lte_sig:99, lte_rsrp:2147483647, lte_rsrq:2147483647, lte_rssnr:2147483647, lte_cqi:2147483647,lte_timing_advance:2147483647, td_scdma_rscp:53
01-10 14:14:55.156162  1311  1311 D MTKSST  : [CdmaLteSST0] old:{level:0, raw:SignalStrength: 99 -1 -120 -160 -120 -1 -1 99 2147483647 2147483647 2147483647 2147483647 0 -52 cdma}, new:{level:0, raw:SignalStrength: 99 -1 -120 -160 -120 -1 -1 99 2147483647 2147483647 2147483647 2147483647 0 -53 cdma}
01-10 14:14:59.739104   925  3007 I RilClient: initialize: commandFd is 68
01-10 14:14:59.741226   925  3013 I RilOemClient: NUMBER:1
01-10 14:14:59.741579   925  3013 I RilOemClient: arg len:14
01-10 14:14:59.741725   925  3013 I RilOemClient: ARGS[0]:THERMAL,0,-1
01-10 14:14:59.741901   925  3013 I RilOemClient: executeThermal
01-10 14:14:59.742147   925  3013 D RilOemClient: Thermal line = THERMAL,0,-1
01-10 14:14:59.742147   925  3013 D RilOemClient: , cmd:THERMAL, slotId:0, targetSim: 0
01-10 14:14:59.742270   925  3013 I RilOemClient: arg : -1
01-10 14:14:59.744914   925   966 D RmcOemRequestHandler: [0] onHandleRequest: RFX_MSG_REQUEST_QUERY_MODEM_THERMAL(55019)
01-10 14:14:59.745102   925   966 I RmcOemRequestHandler: requestQueryThermal Enter: -1
01-10 14:14:59.745218   925   966 I AT      : [0] AT> AT+ETHERMAL (RIL_CMD_READER_1, tid:525055653104)
01-10 14:14:59.757372   925   965 I AT      : [0] AT< +ETHERMAL: 2, 32767, -127, 17419, 32767, 8 (RIL_CMD_READER_1, tid:525061870832)
01-10 14:14:59.758128   925   965 I AT      : [0] AT< OK (RIL_CMD_READER_1, tid:525061870832)
01-10 14:14:59.758569   925   966 I RmcOemRequestHandler: requestQueryThermal success
01-10 14:14:59.759867   925   957 D RtcRilClientController: client 1001 handle requestComplete
01-10 14:14:59.760017   925   957 I RilOemClient: request for THERMAL returned
01-10 14:14:59.760125   925   957 I RilOemClient: mThermalFd is valid strResult is  2, 32767, -127, 17419, 32767, 8
01-10 14:14:59.761959   925  3014 D RilOemClient: stream null here
01-10 14:14:59.763141   925  3015 I RilClient: start listen on fd: 11, soicket name: rild-oem
01-10 14:15:00.261000   925   959 I AT      : [0] AT< +ECSQ: 69,43,1,-208,-11,1,1,4,32767,1 (RIL_URC_READER, tid:525060834544)
01-10 14:15:00.261798   925   960 D RmcNwHdlr: [0] handleSignalStrength, sig1:99, sig2:-1, cdma_dbm:-1, cdma_ecio:-1, evdo_dbm:-1,evdo_ecio:-1, evdo_snr:-1, lte_sig:99, lte_rsrp:2147483647, lte_rsrq:2147483647, lte_rssnr:2147483647, lte_cqi:2147483647,lte_timing_advance:2147483647, td_scdma_rscp:52
01-10 14:15:00.263146  1311  1311 D MTKSST  : [CdmaLteSST0] old:{level:0, raw:SignalStrength: 99 -1 -120 -160 -120 -1 -1 99 2147483647 2147483647 2147483647 2147483647 0 -53 cdma}, new:{level:0, raw:SignalStrength: 99 -1 -120 -160 -120 -1 -1 99 2147483647 2147483647 2147483647 2147483647 0 -52 cdma}
01-10 14:15:05.400135   925   959 I AT      : [0] AT< +ECSQ: 68,42,1,-211,-14,1,1,4,32767,1 (RIL_URC_READER, tid:525060834544)
01-10 14:15:09.768877   925  3015 I RilClient: initialize: commandFd is 0
01-10 14:15:09.770907   925  3021 I RilOemClient: NUMBER:1
01-10 14:15:09.771261   925  3021 I RilOemClient: arg len:14
01-10 14:15:09.771488   925  3021 I RilOemClient: ARGS[0]:THERMAL,0,-1
01-10 14:15:09.771631   925  3021 I RilOemClient: executeThermal
01-10 14:15:09.771952   925  3021 D RilOemClient: Thermal line = THERMAL,0,-1
01-10 14:15:09.771952   925  3021 D RilOemClient: , cmd:THERMAL, slotId:0, targetSim: 0
01-10 14:15:09.772078   925  3021 I RilOemClient: arg : -1
01-10 14:15:09.774820   925   966 D RmcOemRequestHandler: [0] onHandleRequest: RFX_MSG_REQUEST_QUERY_MODEM_THERMAL(55019)
01-10 14:15:09.774997   925   966 I RmcOemRequestHandler: requestQueryThermal Enter: -1
01-10 14:15:09.775116   925   966 I AT      : [0] AT> AT+ETHERMAL (RIL_CMD_READER_1, tid:525055653104)
01-10 14:15:09.787244   925   965 I AT      : [0] AT< +ETHERMAL: 2, 32767, -127, -22468, 32767, 8 (RIL_CMD_READER_1, tid:525061870832)
01-10 14:15:09.788572   925   965 I AT      : [0] AT< OK (RIL_CMD_READER_1, tid:525061870832)
01-10 14:15:09.789125   925   966 I RmcOemRequestHandler: requestQueryThermal success
01-10 14:15:09.790494   925   957 D RtcRilClientController: client 1001 handle requestComplete
01-10 14:15:09.790644   925   957 I RilOemClient: request for THERMAL returned
01-10 14:15:09.790750   925   957 I RilOemClient: mThermalFd is valid strResult is  2, 32767, -127, -22468, 32767, 8
01-10 14:15:09.792276   925  3022 D RilOemClient: stream null here
01-10 14:15:09.793630   925  3023 I RilClient: start listen on fd: 11, soicket name: rild-oem
01-10 14:15:10.506200   925   959 I AT      : [0] AT< +ECSQ: 68,42,1,-210,-13,1,1,4,32767,1 (RIL_URC_READER, tid:525060834544)
01-10 14:15:15.627030   925   959 I AT      : [0] AT< +ECSQ: 68,42,1,-212,-14,1,1,4,32767,1 (RIL_URC_READER, tid:525060834544)
01-10 14:15:15.629540   925   960 D RmcNwHdlr: [0] handleSignalStrength, sig1:99, sig2:-1, cdma_dbm:-1, cdma_ecio:-1, evdo_dbm:-1,evdo_ecio:-1, evdo_snr:-1, lte_sig:99, lte_rsrp:2147483647, lte_rsrq:2147483647, lte_rssnr:2147483647, lte_cqi:2147483647,lte_timing_advance:2147483647, td_scdma_rscp:53
01-10 14:15:15.632969  1311  1311 D MTKSST  : [CdmaLteSST0] old:{level:0, raw:SignalStrength: 99 -1 -120 -160 -120 -1 -1 99 2147483647 2147483647 2147483647 2147483647 0 -52 cdma}, new:{level:0, raw:SignalStrength: 99 -1 -120 -160 -120 -1 -1 99 2147483647 2147483647 2147483647 2147483647 0 -53 cdma}
01-10 14:15:19.798708   925  3023 I RilClient: initialize: commandFd is 68
01-10 14:15:19.800583   925  3029 I RilOemClient: NUMBER:1
01-10 14:15:19.800922   925  3029 I RilOemClient: arg len:14
01-10 14:15:19.801063   925  3029 I RilOemClient: ARGS[0]:THERMAL,0,-1
01-10 14:15:19.801234   925  3029 I RilOemClient: executeThermal
01-10 14:15:19.801477   925  3029 D RilOemClient: Thermal line = THERMAL,0,-1
01-10 14:15:19.801477   925  3029 D RilOemClient: , cmd:THERMAL, slotId:0, targetSim: 0
01-10 14:15:19.801598   925  3029 I RilOemClient: arg : -1
01-10 14:15:19.804298   925   966 D RmcOemRequestHandler: [0] onHandleRequest: RFX_MSG_REQUEST_QUERY_MODEM_THERMAL(55019)
01-10 14:15:19.804475   925   966 I RmcOemRequestHandler: requestQueryThermal Enter: -1
01-10 14:15:19.804594   925   966 I AT      : [0] AT> AT+ETHERMAL (RIL_CMD_READER_1, tid:525055653104)
01-10 14:15:19.816379   925   965 I AT      : [0] AT< +ETHERMAL: 2, 32767, -127, 3168, 32767, 8 (RIL_CMD_READER_1, tid:525061870832)
01-10 14:15:19.817258   925   965 I AT      : [0] AT< OK (RIL_CMD_READER_1, tid:525061870832)
01-10 14:15:19.817906   925   966 I RmcOemRequestHandler: requestQueryThermal success
01-10 14:15:19.819248   925   957 D RtcRilClientController: client 1001 handle requestComplete
01-10 14:15:19.819490   925   957 I RilOemClient: request for THERMAL returned
01-10 14:15:19.819605   925   957 I RilOemClient: mThermalFd is valid strResult is  2, 32767, -127, 3168, 32767, 8
01-10 14:15:19.820830   925  3030 D RilOemClient: stream null here
01-10 14:15:19.822103   925  3031 I RilClient: start listen on fd: 11, soicket name: rild-oem
01-10 14:15:20.748459   925   959 I AT      : [0] AT< +ECSQ: 68,42,1,-211,-13,1,1,4,32767,1 (RIL_URC_READER, tid:525060834544)
01-10 14:15:20.750743   925   960 D RmcNwHdlr: [0] handleSignalStrength, sig1:99, sig2:-1, cdma_dbm:-1, cdma_ecio:-1, evdo_dbm:-1,evdo_ecio:-1, evdo_snr:-1, lte_sig:99, lte_rsrp:2147483647, lte_rsrq:2147483647, lte_rssnr:2147483647, lte_cqi:2147483647,lte_timing_advance:2147483647, td_scdma_rscp:52
01-10 14:15:20.754484  1311  1311 D MTKSST  : [CdmaLteSST0] old:{level:0, raw:SignalStrength: 99 -1 -120 -160 -120 -1 -1 99 2147483647 2147483647 2147483647 2147483647 0 -53 cdma}, new:{level:0, raw:SignalStrength: 99 -1 -120 -160 -120 -1 -1 99 2147483647 2147483647 2147483647 2147483647 0 -52 cdma}
01-10 14:15:22.999829   555  1983 E RPC     : entry g_lowpower_mode
01-10 14:15:25.869888   925   959 I AT      : [0] AT< +ECSQ: 68,42,1,-210,-13,1,1,4,32767,1 (RIL_URC_READER, tid:525060834544)
01-10 14:15:29.828519   925  3031 I RilClient: initialize: commandFd is 0
01-10 14:15:29.830586   925  3036 I RilOemClient: NUMBER:1
01-10 14:15:29.830927   925  3036 I RilOemClient: arg len:14
01-10 14:15:29.831069   925  3036 I RilOemClient: ARGS[0]:THERMAL,0,-1
01-10 14:15:29.831264   925  3036 I RilOemClient: executeThermal
01-10 14:15:29.831685   925  3036 D RilOemClient: Thermal line = THERMAL,0,-1
01-10 14:15:29.831685   925  3036 D RilOemClient: , cmd:THERMAL, slotId:0, targetSim: 0
01-10 14:15:29.831834   925  3036 I RilOemClient: arg : -1
01-10 14:15:29.834597   925   966 D RmcOemRequestHandler: [0] onHandleRequest: RFX_MSG_REQUEST_QUERY_MODEM_THERMAL(55019)
01-10 14:15:29.834773   925   966 I RmcOemRequestHandler: requestQueryThermal Enter: -1
01-10 14:15:29.834890   925   966 I AT      : [0] AT> AT+ETHERMAL (RIL_CMD_READER_1, tid:525055653104)
01-10 14:15:29.847366   925   965 I AT      : [0] AT< +ETHERMAL: 2, 32767, -127, 28822, 32767, 8 (RIL_CMD_READER_1, tid:525061870832)
01-10 14:15:29.849062   925   965 I AT      : [0] AT< OK (RIL_CMD_READER_1, tid:525061870832)
01-10 14:15:29.849528   925   966 I RmcOemRequestHandler: requestQueryThermal success
01-10 14:15:29.851214   925   957 D RtcRilClientController: client 1001 handle requestComplete
01-10 14:15:29.851328   925   957 I RilOemClient: request for THERMAL returned
01-10 14:15:29.851532   925   957 I RilOemClient: mThermalFd is valid strResult is  2, 32767, -127, 28822, 32767, 8
01-10 14:15:29.853705   925  3038 D RilOemClient: stream null here
01-10 14:15:29.854946   925  3039 I RilClient: start listen on fd: 11, soicket name: rild-oem
01-10 14:15:30.990470   925   959 I AT      : [0] AT< +ECSQ: 68,40,1,-209,-17,1,1,4,32767,1 (RIL_URC_READER, tid:525060834544)
01-10 14:15:36.112347   925   959 I AT      : [0] AT< +ECSQ: 68,42,1,-210,-14,1,1,4,32767,1 (RIL_URC_READER, tid:525060834544)
01-10 14:15:37.415927   555  1169 E RPC     : entry g_lowpower_mode
01-10 14:15:39.859575   925  3039 I RilClient: initialize: commandFd is 68
01-10 14:15:39.861587   925  3044 I RilOemClient: NUMBER:1
01-10 14:15:39.861928   925  3044 I RilOemClient: arg len:14
01-10 14:15:39.862072   925  3044 I RilOemClient: ARGS[0]:THERMAL,0,-1
01-10 14:15:39.862258   925  3044 I RilOemClient: executeThermal
01-10 14:15:39.862462   925  3044 D RilOemClient: Thermal line = THERMAL,0,-1
01-10 14:15:39.862462   925  3044 D RilOemClient: , cmd:THERMAL, slotId:0, targetSim: 0
01-10 14:15:39.862586   925  3044 I RilOemClient: arg : -1
01-10 14:15:39.865168   925   966 D RmcOemRequestHandler: [0] onHandleRequest: RFX_MSG_REQUEST_QUERY_MODEM_THERMAL(55019)
01-10 14:15:39.865354   925   966 I RmcOemRequestHandler: requestQueryThermal Enter: -1
01-10 14:15:39.865475   925   966 I AT      : [0] AT> AT+ETHERMAL (RIL_CMD_READER_1, tid:525055653104)
01-10 14:15:39.877622   925   965 I AT      : [0] AT< +ETHERMAL: 2, 32767, -127, -11061, 32767, 8 (RIL_CMD_READER_1, tid:525061870832)
01-10 14:15:39.878402   925   965 I AT      : [0] AT< OK (RIL_CMD_READER_1, tid:525061870832)
01-10 14:15:39.878748   925   966 I RmcOemRequestHandler: requestQueryThermal success
01-10 14:15:39.880421   925   957 D RtcRilClientController: client 1001 handle requestComplete
01-10 14:15:39.880585   925   957 I RilOemClient: request for THERMAL returned
01-10 14:15:39.880691   925   957 I RilOemClient: mThermalFd is valid strResult is  2, 32767, -127, -11061, 32767, 8
01-10 14:15:39.881875   925  3045 D RilOemClient: stream null here
01-10 14:15:39.883254   925  3046 I RilClient: start listen on fd: 11, soicket name: rild-oem
01-10 14:15:41.222691   925   959 I AT      : [0] AT< +ECSQ: 68,44,1,-210,-9,1,1,4,32767,1 (RIL_URC_READER, tid:525060834544)
01-10 14:15:46.342267   925   959 I AT      : [0] AT< +ECSQ: 69,42,1,-207,-13,1,1,4,32767,1 (RIL_URC_READER, tid:525060834544)
01-10 14:15:46.343597   925   960 D RmcNwHdlr: [0] handleSignalStrength, sig1:99, sig2:-1, cdma_dbm:-1, cdma_ecio:-1, evdo_dbm:-1,evdo_ecio:-1, evdo_snr:-1, lte_sig:99, lte_rsrp:2147483647, lte_rsrq:2147483647, lte_rssnr:2147483647, lte_cqi:2147483647,lte_timing_advance:2147483647, td_scdma_rscp:51
01-10 14:15:46.346790  1311  1311 D MTKSST  : [CdmaLteSST0] old:{level:0, raw:SignalStrength: 99 -1 -120 -160 -120 -1 -1 99 2147483647 2147483647 2147483647 2147483647 0 -52 cdma}, new:{level:0, raw:SignalStrength: 99 -1 -120 -160 -120 -1 -1 99 2147483647 2147483647 2147483647 2147483647 0 -51 cdma}
01-10 14:15:49.888496   925  3046 I RilClient: initialize: commandFd is 0
01-10 14:15:49.890634   925  3052 I RilOemClient: NUMBER:1
01-10 14:15:49.890980   925  3052 I RilOemClient: arg len:14
01-10 14:15:49.891124   925  3052 I RilOemClient: ARGS[0]:THERMAL,0,-1
01-10 14:15:49.891300   925  3052 I RilOemClient: executeThermal
01-10 14:15:49.891673   925  3052 D RilOemClient: Thermal line = THERMAL,0,-1
01-10 14:15:49.891673   925  3052 D RilOemClient: , cmd:THERMAL, slotId:0, targetSim: 0
01-10 14:15:49.891818   925  3052 I RilOemClient: arg : -1
01-10 14:15:49.894398   925   966 D RmcOemRequestHandler: [0] onHandleRequest: RFX_MSG_REQUEST_QUERY_MODEM_THERMAL(55019)
01-10 14:15:49.894575   925   966 I RmcOemRequestHandler: requestQueryThermal Enter: -1
01-10 14:15:49.894692   925   966 I AT      : [0] AT> AT+ETHERMAL (RIL_CMD_READER_1, tid:525055653104)
01-10 14:15:49.909013   925   965 I AT      : [0] AT< +ETHERMAL: 2, 32767, -127, 14575, 32767, 8 (RIL_CMD_READER_1, tid:525061870832)
01-10 14:15:49.909803   925   965 I AT      : [0] AT< OK (RIL_CMD_READER_1, tid:525061870832)
01-10 14:15:49.910154   925   966 I RmcOemRequestHandler: requestQueryThermal success
01-10 14:15:49.912082   925   957 D RtcRilClientController: client 1001 handle requestComplete
01-10 14:15:49.912246   925   957 I RilOemClient: request for THERMAL returned
01-10 14:15:49.912351   925   957 I RilOemClient: mThermalFd is valid strResult is  2, 32767, -127, 14575, 32767, 8
01-10 14:15:49.913653   925  3053 D RilOemClient: stream null here
01-10 14:15:49.915056   925  3054 I RilClient: start listen on fd: 11, soicket name: rild-oem
01-10 14:15:51.465667   925   959 I AT      : [0] AT< +ECSQ: 68,42,1,-211,-13,1,1,4,32767,1 (RIL_URC_READER, tid:525060834544)
01-10 14:15:51.468112   925   960 D RmcNwHdlr: [0] handleSignalStrength, sig1:99, sig2:-1, cdma_dbm:-1, cdma_ecio:-1, evdo_dbm:-1,evdo_ecio:-1, evdo_snr:-1, lte_sig:99, lte_rsrp:2147483647, lte_rsrq:2147483647, lte_rssnr:2147483647, lte_cqi:2147483647,lte_timing_advance:2147483647, td_scdma_rscp:52
01-10 14:15:51.471638  1311  1311 D MTKSST  : [CdmaLteSST0] old:{level:0, raw:SignalStrength: 99 -1 -120 -160 -120 -1 -1 99 2147483647 2147483647 2147483647 2147483647 0 -51 cdma}, new:{level:0, raw:SignalStrength: 99 -1 -120 -160 -120 -1 -1 99 2147483647 2147483647 2147483647 2147483647 0 -52 cdma}
01-10 14:15:56.586273   925   959 I AT      : [0] AT< +ECSQ: 68,42,1,-212,-13,1,1,4,32767,1 (RIL_URC_READER, tid:525060834544)
01-10 14:15:56.588376   925   960 D RmcNwHdlr: [0] handleSignalStrength, sig1:99, sig2:-1, cdma_dbm:-1, cdma_ecio:-1, evdo_dbm:-1,evdo_ecio:-1, evdo_snr:-1, lte_sig:99, lte_rsrp:2147483647, lte_rsrq:2147483647, lte_rssnr:2147483647, lte_cqi:2147483647,lte_timing_advance:2147483647, td_scdma_rscp:53
01-10 14:15:56.591647  1311  1311 D MTKSST  : [CdmaLteSST0] old:{level:0, raw:SignalStrength: 99 -1 -120 -160 -120 -1 -1 99 2147483647 2147483647 2147483647 2147483647 0 -52 cdma}, new:{level:0, raw:SignalStrength: 99 -1 -120 -160 -120 -1 -1 99 2147483647 2147483647 2147483647 2147483647 0 -53 cdma}
01-10 14:15:59.920859   925  3054 I RilClient: initialize: commandFd is 68
01-10 14:15:59.922638   925  3060 I RilOemClient: NUMBER:1
01-10 14:15:59.922977   925  3060 I RilOemClient: arg len:14
01-10 14:15:59.923121   925  3060 I RilOemClient: ARGS[0]:THERMAL,0,-1
01-10 14:15:59.923304   925  3060 I RilOemClient: executeThermal
01-10 14:15:59.923630   925  3060 D RilOemClient: Thermal line = THERMAL,0,-1
01-10 14:15:59.923630   925  3060 D RilOemClient: , cmd:THERMAL, slotId:0, targetSim: 0
01-10 14:15:59.923767   925  3060 I RilOemClient: arg : -1
01-10 14:15:59.926150   925   966 D RmcOemRequestHandler: [0] onHandleRequest: RFX_MSG_REQUEST_QUERY_MODEM_THERMAL(55019)
01-10 14:15:59.926317   925   966 I RmcOemRequestHandler: requestQueryThermal Enter: -1
01-10 14:15:59.926436   925   966 I AT      : [0] AT> AT+ETHERMAL (RIL_CMD_READER_1, tid:525055653104)
01-10 14:15:59.938245   925   965 I AT      : [0] AT< +ETHERMAL: 2, 32767, -127, -25288, 32767, 8 (RIL_CMD_READER_1, tid:525061870832)
01-10 14:15:59.939035   925   965 I AT      : [0] AT< OK (RIL_CMD_READER_1, tid:525061870832)
01-10 14:15:59.939574   925   966 I RmcOemRequestHandler: requestQueryThermal success
01-10 14:15:59.940960   925   957 D RtcRilClientController: client 1001 handle requestComplete
01-10 14:15:59.941117   925   957 I RilOemClient: request for THERMAL returned
01-10 14:15:59.941225   925   957 I RilOemClient: mThermalFd is valid strResult is  2, 32767, -127, -25288, 32767, 8
01-10 14:15:59.943087   925  3061 D RilOemClient: stream null here
01-10 14:15:59.944556   925  3062 I RilClient: start listen on fd: 11, soicket name: rild-oem
01-10 14:16:01.707887   925   959 I AT      : [0] AT< +ECSQ: 68,42,1,-210,-13,1,1,4,32767,1 (RIL_URC_READER, tid:525060834544)
01-10 14:16:01.709689   925   960 D RmcNwHdlr: [0] handleSignalStrength, sig1:99, sig2:-1, cdma_dbm:-1, cdma_ecio:-1, evdo_dbm:-1,evdo_ecio:-1, evdo_snr:-1, lte_sig:99, lte_rsrp:2147483647, lte_rsrq:2147483647, lte_rssnr:2147483647, lte_cqi:2147483647,lte_timing_advance:2147483647, td_scdma_rscp:52
01-10 14:16:01.713259  1311  1311 D MTKSST  : [CdmaLteSST0] old:{level:0, raw:SignalStrength: 99 -1 -120 -160 -120 -1 -1 99 2147483647 2147483647 2147483647 2147483647 0 -53 cdma}, new:{level:0, raw:SignalStrength: 99 -1 -120 -160 -120 -1 -1 99 2147483647 2147483647 2147483647 2147483647 0 -52 cdma}
01-10 14:16:06.827628   925   959 I AT      : [0] AT< +ECSQ: 68,42,1,-210,-14,1,1,4,32767,1 (RIL_URC_READER, tid:525060834544)
01-10 14:16:09.950065   925  3062 I RilClient: initialize: commandFd is 0
01-10 14:16:09.952264   925  3068 I RilOemClient: NUMBER:1
01-10 14:16:09.952621   925  3068 I RilOemClient: arg len:14
01-10 14:16:09.952763   925  3068 I RilOemClient: ARGS[0]:THERMAL,0,-1
01-10 14:16:09.952899   925  3068 I RilOemClient: executeThermal
01-10 14:16:09.953091   925  3068 D RilOemClient: Thermal line = THERMAL,0,-1
01-10 14:16:09.953091   925  3068 D RilOemClient: , cmd:THERMAL, slotId:0, targetSim: 0
01-10 14:16:09.953221   925  3068 I RilOemClient: arg : -1
01-10 14:16:09.956024   925   966 D RmcOemRequestHandler: [0] onHandleRequest: RFX_MSG_REQUEST_QUERY_MODEM_THERMAL(55019)
01-10 14:16:09.956198   925   966 I RmcOemRequestHandler: requestQueryThermal Enter: -1
01-10 14:16:09.956317   925   966 I AT      : [0] AT> AT+ETHERMAL (RIL_CMD_READER_1, tid:525055653104)
01-10 14:16:09.968893   925   965 I AT      : [0] AT< +ETHERMAL: 2, 32767, -127, 358, 32767, 8 (RIL_CMD_READER_1, tid:525061870832)
01-10 14:16:09.969523   925   965 I AT      : [0] AT< OK (RIL_CMD_READER_1, tid:525061870832)
01-10 14:16:09.969868   925   966 I RmcOemRequestHandler: requestQueryThermal success
01-10 14:16:09.970969   925   957 D RtcRilClientController: client 1001 handle requestComplete
01-10 14:16:09.971116   925   957 I RilOemClient: request for THERMAL returned
01-10 14:16:09.971222   925   957 I RilOemClient: mThermalFd is valid strResult is  2, 32767, -127, 358, 32767, 8
01-10 14:16:09.972702   925  3069 D RilOemClient: stream null here
01-10 14:16:09.974157   925  3070 I RilClient: start listen on fd: 11, soicket name: rild-oem
01-10 14:16:11.949921   925   959 I AT      : [0] AT< +ECSQ: 69,42,1,-207,-13,1,1,4,32767,1 (RIL_URC_READER, tid:525060834544)
01-10 14:16:11.952066   925   960 D RmcNwHdlr: [0] handleSignalStrength, sig1:99, sig2:-1, cdma_dbm:-1, cdma_ecio:-1, evdo_dbm:-1,evdo_ecio:-1, evdo_snr:-1, lte_sig:99, lte_rsrp:2147483647, lte_rsrq:2147483647, lte_rssnr:2147483647, lte_cqi:2147483647,lte_timing_advance:2147483647, td_scdma_rscp:51
01-10 14:16:11.954998  1311  1311 D MTKSST  : [CdmaLteSST0] old:{level:0, raw:SignalStrength: 99 -1 -120 -160 -120 -1 -1 99 2147483647 2147483647 2147483647 2147483647 0 -52 cdma}, new:{level:0, raw:SignalStrength: 99 -1 -120 -160 -120 -1 -1 99 2147483647 2147483647 2147483647 2147483647 0 -51 cdma}
01-10 14:16:17.072354   925   959 I AT      : [0] AT< +ECSQ: 69,42,1,-207,-14,1,1,4,32767,1 (RIL_URC_READER, tid:525060834544)
01-10 14:16:19.979349   925  3070 I RilClient: initialize: commandFd is 68
01-10 14:16:19.981027   925  3076 I RilOemClient: NUMBER:1
01-10 14:16:19.981346   925  3076 I RilOemClient: arg len:14
01-10 14:16:19.981488   925  3076 I RilOemClient: ARGS[0]:THERMAL,0,-1
01-10 14:16:19.981656   925  3076 I RilOemClient: executeThermal
01-10 14:16:19.981911   925  3076 D RilOemClient: Thermal line = THERMAL,0,-1
01-10 14:16:19.981911   925  3076 D RilOemClient: , cmd:THERMAL, slotId:0, targetSim: 0
01-10 14:16:19.982035   925  3076 I RilOemClient: arg : -1
01-10 14:16:19.984595   925   966 D RmcOemRequestHandler: [0] onHandleRequest: RFX_MSG_REQUEST_QUERY_MODEM_THERMAL(55019)
01-10 14:16:19.984775   925   966 I RmcOemRequestHandler: requestQueryThermal Enter: -1
01-10 14:16:19.984891   925   966 I AT      : [0] AT> AT+ETHERMAL (RIL_CMD_READER_1, tid:525055653104)
01-10 14:16:19.996527   925   965 I AT      : [0] AT< +ETHERMAL: 2, 32767, -127, 25979, 32767, 8 (RIL_CMD_READER_1, tid:525061870832)
01-10 14:16:19.997327   925   965 I AT      : [0] AT< OK (RIL_CMD_READER_1, tid:525061870832)
01-10 14:16:19.997758   925   966 I RmcOemRequestHandler: requestQueryThermal success
01-10 14:16:19.998902   925   957 D RtcRilClientController: client 1001 handle requestComplete
01-10 14:16:19.999045   925   957 I RilOemClient: request for THERMAL returned
01-10 14:16:19.999150   925   957 I RilOemClient: mThermalFd is valid strResult is  2, 32767, -127, 25979, 32767, 8
01-10 14:16:20.000897   925  3077 D RilOemClient: stream null here
01-10 14:16:20.002112   925  3078 I RilClient: start listen on fd: 11, soicket name: rild-oem
01-10 14:16:22.181400   925   959 I AT      : [0] AT< +ECSQ: 69,43,1,-206,-12,1,1,4,32767,1 (RIL_URC_READER, tid:525060834544)
01-10 14:16:23.060529   555  1983 E RPC     : entry g_lowpower_mode
01-10 14:16:27.301930   925   959 I AT      : [0] AT< +ECSQ: 69,42,1,-205,-14,1,1,4,32767,1 (RIL_URC_READER, tid:525060834544)
01-10 14:16:30.007624   925  3078 I RilClient: initialize: commandFd is 0
01-10 14:16:30.009141   925  3084 I RilOemClient: NUMBER:1
01-10 14:16:30.009473   925  3084 I RilOemClient: arg len:14
01-10 14:16:30.009616   925  3084 I RilOemClient: ARGS[0]:THERMAL,0,-1
01-10 14:16:30.009798   925  3084 I RilOemClient: executeThermal
01-10 14:16:30.010047   925  3084 D RilOemClient: Thermal line = THERMAL,0,-1
01-10 14:16:30.010047   925  3084 D RilOemClient: , cmd:THERMAL, slotId:0, targetSim: 0
01-10 14:16:30.010173   925  3084 I RilOemClient: arg : -1
01-10 14:16:30.012647   925   966 D RmcOemRequestHandler: [0] onHandleRequest: RFX_MSG_REQUEST_QUERY_MODEM_THERMAL(55019)
01-10 14:16:30.012822   925   966 I RmcOemRequestHandler: requestQueryThermal Enter: -1
01-10 14:16:30.012939   925   966 I AT      : [0] AT> AT+ETHERMAL (RIL_CMD_READER_1, tid:525055653104)
01-10 14:16:30.024498   925   965 I AT      : [0] AT< +ETHERMAL: 2, 32767, -127, -13940, 32767, 8 (RIL_CMD_READER_1, tid:525061870832)
01-10 14:16:30.025290   925   965 I AT      : [0] AT< OK (RIL_CMD_READER_1, tid:525061870832)
01-10 14:16:30.025714   925   966 I RmcOemRequestHandler: requestQueryThermal success
01-10 14:16:30.026935   925   957 D RtcRilClientController: client 1001 handle requestComplete
01-10 14:16:30.027084   925   957 I RilOemClient: request for THERMAL returned
01-10 14:16:30.027190   925   957 I RilOemClient: mThermalFd is valid strResult is  2, 32767, -127, -13940, 32767, 8
01-10 14:16:30.028493   925  3085 D RilOemClient: stream null here
01-10 14:16:30.029829   925  3086 I RilClient: start listen on fd: 11, soicket name: rild-oem
01-10 14:16:32.425975   925   959 I AT      : [0] AT< +ECSQ: 69,41,1,-205,-15,1,1,4,32767,1 (RIL_URC_READER, tid:525060834544)
01-10 14:16:37.428259   555  1169 E RPC     : entry g_lowpower_mode
01-10 14:16:37.546084   925   959 I AT      : [0] AT< +ECSQ: 69,41,1,-208,-15,1,1,4,32767,1 (RIL_URC_READER, tid:525060834544)
01-10 14:16:37.548072   925   960 D RmcNwHdlr: [0] handleSignalStrength, sig1:99, sig2:-1, cdma_dbm:-1, cdma_ecio:-1, evdo_dbm:-1,evdo_ecio:-1, evdo_snr:-1, lte_sig:99, lte_rsrp:2147483647, lte_rsrq:2147483647, lte_rssnr:2147483647, lte_cqi:2147483647,lte_timing_advance:2147483647, td_scdma_rscp:52
01-10 14:16:37.551271  1311  1311 D MTKSST  : [CdmaLteSST0] old:{level:0, raw:SignalStrength: 99 -1 -120 -160 -120 -1 -1 99 2147483647 2147483647 2147483647 2147483647 0 -51 cdma}, new:{level:0, raw:SignalStrength: 99 -1 -120 -160 -120 -1 -1 99 2147483647 2147483647 2147483647 2147483647 0 -52 cdma}
01-10 14:16:40.035763   925  3086 I RilClient: initialize: commandFd is 68
01-10 14:16:40.037253   925  3092 I RilOemClient: NUMBER:1
01-10 14:16:40.037590   925  3092 I RilOemClient: arg len:14
01-10 14:16:40.037731   925  3092 I RilOemClient: ARGS[0]:THERMAL,0,-1
01-10 14:16:40.037919   925  3092 I RilOemClient: executeThermal
01-10 14:16:40.038170   925  3092 D RilOemClient: Thermal line = THERMAL,0,-1
01-10 14:16:40.038170   925  3092 D RilOemClient: , cmd:THERMAL, slotId:0, targetSim: 0
01-10 14:16:40.038304   925  3092 I RilOemClient: arg : -1
01-10 14:16:40.041388   925   966 D RmcOemRequestHandler: [0] onHandleRequest: RFX_MSG_REQUEST_QUERY_MODEM_THERMAL(55019)
01-10 14:16:40.041595   925   966 I RmcOemRequestHandler: requestQueryThermal Enter: -1
01-10 14:16:40.041715   925   966 I AT      : [0] AT> AT+ETHERMAL (RIL_CMD_READER_1, tid:525055653104)
01-10 14:16:40.054169   925   965 I AT      : [0] AT< +ETHERMAL: 2, 32767, -127, 11691, 32767, 8 (RIL_CMD_READER_1, tid:525061870832)
01-10 14:16:40.054953   925   965 I AT      : [0] AT< OK (RIL_CMD_READER_1, tid:525061870832)
01-10 14:16:40.055283   925   966 I RmcOemRequestHandler: requestQueryThermal success
01-10 14:16:40.056612   925   957 D RtcRilClientController: client 1001 handle requestComplete
01-10 14:16:40.056764   925   957 I RilOemClient: request for THERMAL returned
01-10 14:16:40.056869   925   957 I RilOemClient: mThermalFd is valid strResult is  2, 32767, -127, 11691, 32767, 8
01-10 14:16:40.058461   925  3093 D RilOemClient: stream null here
01-10 14:16:40.059745   925  3094 I RilClient: start listen on fd: 11, soicket name: rild-oem
01-10 14:16:42.665758   925   959 I AT      : [0] AT< +ECSQ: 68,42,1,-211,-13,1,1,4,32767,1 (RIL_URC_READER, tid:525060834544)
01-10 14:16:47.789665   925   959 I AT      : [0] AT< +ECSQ: 67,42,1,-213,-13,1,1,4,32767,1 (RIL_URC_READER, tid:525060834544)
01-10 14:16:47.792062   925   960 D RmcNwHdlr: [0] handleSignalStrength, sig1:99, sig2:-1, cdma_dbm:-1, cdma_ecio:-1, evdo_dbm:-1,evdo_ecio:-1, evdo_snr:-1, lte_sig:99, lte_rsrp:2147483647, lte_rsrq:2147483647, lte_rssnr:2147483647, lte_cqi:2147483647,lte_timing_advance:2147483647, td_scdma_rscp:53
01-10 14:16:47.795625  1311  1311 D MTKSST  : [CdmaLteSST0] old:{level:0, raw:SignalStrength: 99 -1 -120 -160 -120 -1 -1 99 2147483647 2147483647 2147483647 2147483647 0 -52 cdma}, new:{level:0, raw:SignalStrength: 99 -1 -120 -160 -120 -1 -1 99 2147483647 2147483647 2147483647 2147483647 0 -53 cdma}
01-10 14:16:50.064685   925  3094 I RilClient: initialize: commandFd is 0
01-10 14:16:50.066689   925  3100 I RilOemClient: NUMBER:1
01-10 14:16:50.067026   925  3100 I RilOemClient: arg len:14
01-10 14:16:50.067168   925  3100 I RilOemClient: ARGS[0]:THERMAL,0,-1
01-10 14:16:50.067376   925  3100 I RilOemClient: executeThermal
01-10 14:16:50.067724   925  3100 D RilOemClient: Thermal line = THERMAL,0,-1
01-10 14:16:50.067724   925  3100 D RilOemClient: , cmd:THERMAL, slotId:0, targetSim: 0
01-10 14:16:50.067856   925  3100 I RilOemClient: arg : -1
01-10 14:16:50.070229   925   966 D RmcOemRequestHandler: [0] onHandleRequest: RFX_MSG_REQUEST_QUERY_MODEM_THERMAL(55019)
01-10 14:16:50.070403   925   966 I RmcOemRequestHandler: requestQueryThermal Enter: -1
01-10 14:16:50.070522   925   966 I AT      : [0] AT> AT+ETHERMAL (RIL_CMD_READER_1, tid:525055653104)
01-10 14:16:50.082323   925   965 I AT      : [0] AT< +ETHERMAL: 2, 32767, -127, -28218, 32767, 8 (RIL_CMD_READER_1, tid:525061870832)
01-10 14:16:50.082912   925   965 I AT      : [0] AT< OK (RIL_CMD_READER_1, tid:525061870832)
01-10 14:16:50.083304   925   966 I RmcOemRequestHandler: requestQueryThermal success
01-10 14:16:50.085332   925   957 D RtcRilClientController: client 1001 handle requestComplete
01-10 14:16:50.085483   925   957 I RilOemClient: request for THERMAL returned
01-10 14:16:50.085588   925   957 I RilOemClient: mThermalFd is valid strResult is  2, 32767, -127, -28218, 32767, 8
01-10 14:16:50.086686   925  3101 D RilOemClient: stream null here
01-10 14:16:50.088005   925  3102 I RilClient: start listen on fd: 11, soicket name: rild-oem
01-10 14:16:52.910500   925   959 I AT      : [0] AT< +ECSQ: 68,42,1,-212,-14,1,1,4,32767,1 (RIL_URC_READER, tid:525060834544)
01-10 14:16:58.031804   925   959 I AT      : [0] AT< +ECSQ: 68,41,1,-212,-15,1,1,4,32767,1 (RIL_URC_READER, tid:525060834544)
01-10 14:17:00.093369   925  3102 I RilClient: initialize: commandFd is 68
01-10 14:17:00.095848   925  3108 I RilOemClient: NUMBER:1
01-10 14:17:00.097319   925  3108 I RilOemClient: arg len:14
01-10 14:17:00.097589   925  3108 I RilOemClient: ARGS[0]:THERMAL,0,-1
01-10 14:17:00.097752   925  3108 I RilOemClient: executeThermal
01-10 14:17:00.098055   925  3108 D RilOemClient: Thermal line = THERMAL,0,-1
01-10 14:17:00.098055   925  3108 D RilOemClient: , cmd:THERMAL, slotId:0, targetSim: 0
01-10 14:17:00.098146   925  3108 I RilOemClient: arg : -1
01-10 14:17:00.101148   925   966 D RmcOemRequestHandler: [0] onHandleRequest: RFX_MSG_REQUEST_QUERY_MODEM_THERMAL(55019)
01-10 14:17:00.101361   925   966 I RmcOemRequestHandler: requestQueryThermal Enter: -1
01-10 14:17:00.101542   925   966 I AT      : [0] AT> AT+ETHERMAL (RIL_CMD_READER_1, tid:525055653104)
01-10 14:17:00.113376   925   965 I AT      : [0] AT< +ETHERMAL: 2, 32767, -127, -2554, 32767, 8 (RIL_CMD_READER_1, tid:525061870832)
01-10 14:17:00.114150   925   965 I AT      : [0] AT< OK (RIL_CMD_READER_1, tid:525061870832)
01-10 14:17:00.114505   925   966 I RmcOemRequestHandler: requestQueryThermal success
01-10 14:17:00.115928   925   957 D RtcRilClientController: client 1001 handle requestComplete
01-10 14:17:00.116130   925   957 I RilOemClient: request for THERMAL returned
01-10 14:17:00.116247   925   957 I RilOemClient: mThermalFd is valid strResult is  2, 32767, -127, -2554, 32767, 8
01-10 14:17:00.117340   925  3109 D RilOemClient: stream null here
01-10 14:17:00.118704   925  3110 I RilClient: start listen on fd: 11, soicket name: rild-oem
01-10 14:17:03.142714   925   959 I AT      : [0] AT< +ECSQ: 69,45,1,-205,-8,1,1,4,32767,1 (RIL_URC_READER, tid:525060834544)
01-10 14:17:03.144777   925   960 D RmcNwHdlr: [0] handleSignalStrength, sig1:99, sig2:-1, cdma_dbm:-1, cdma_ecio:-1, evdo_dbm:-1,evdo_ecio:-1, evdo_snr:-1, lte_sig:99, lte_rsrp:2147483647, lte_rsrq:2147483647, lte_rssnr:2147483647, lte_cqi:2147483647,lte_timing_advance:2147483647, td_scdma_rscp:51
01-10 14:17:03.147951  1311  1311 D MTKSST  : [CdmaLteSST0] old:{level:0, raw:SignalStrength: 99 -1 -120 -160 -120 -1 -1 99 2147483647 2147483647 2147483647 2147483647 0 -53 cdma}, new:{level:0, raw:SignalStrength: 99 -1 -120 -160 -120 -1 -1 99 2147483647 2147483647 2147483647 2147483647 0 -51 cdma}
01-10 14:17:08.264067   925   959 I AT      : [0] AT< +ECSQ: 68,43,1,-209,-11,1,1,4,32767,1 (RIL_URC_READER, tid:525060834544)
01-10 14:17:08.265955   925   960 D RmcNwHdlr: [0] handleSignalStrength, sig1:99, sig2:-1, cdma_dbm:-1, cdma_ecio:-1, evdo_dbm:-1,evdo_ecio:-1, evdo_snr:-1, lte_sig:99, lte_rsrp:2147483647, lte_rsrq:2147483647, lte_rssnr:2147483647, lte_cqi:2147483647,lte_timing_advance:2147483647, td_scdma_rscp:52
01-10 14:17:08.268902  1311  1311 D MTKSST  : [CdmaLteSST0] old:{level:0, raw:SignalStrength: 99 -1 -120 -160 -120 -1 -1 99 2147483647 2147483647 2147483647 2147483647 0 -51 cdma}, new:{level:0, raw:SignalStrength: 99 -1 -120 -160 -120 -1 -1 99 2147483647 2147483647 2147483647 2147483647 0 -52 cdma}
01-10 14:17:10.124417   925  3110 I RilClient: initialize: commandFd is 0
01-10 14:17:10.125992   925  3116 I RilOemClient: NUMBER:1
01-10 14:17:10.126333   925  3116 I RilOemClient: arg len:14
01-10 14:17:10.126470   925  3116 I RilOemClient: ARGS[0]:THERMAL,0,-1
01-10 14:17:10.126659   925  3116 I RilOemClient: executeThermal
01-10 14:17:10.126895   925  3116 D RilOemClient: Thermal line = THERMAL,0,-1
01-10 14:17:10.126895   925  3116 D RilOemClient: , cmd:THERMAL, slotId:0, targetSim: 0
01-10 14:17:10.127019   925  3116 I RilOemClient: arg : -1
01-10 14:17:10.129567   925   966 D RmcOemRequestHandler: [0] onHandleRequest: RFX_MSG_REQUEST_QUERY_MODEM_THERMAL(55019)
01-10 14:17:10.129742   925   966 I RmcOemRequestHandler: requestQueryThermal Enter: -1
01-10 14:17:10.129857   925   966 I AT      : [0] AT> AT+ETHERMAL (RIL_CMD_READER_1, tid:525055653104)
