01-10 14:12:20.315708  1311  1311 W MtkSpnOverride: test mccmncspn = 20801NRJ Mobile, name = NRJ Mobile
01-10 14:12:20.315763  1311  1311 W MtkSpnOverride: test mccmncspn = 20810A MOBILE, name = A MOBILE
01-10 14:12:20.315793  1311  1311 W MtkSpnOverride: test mccmncspn = 20810AfoneMobile, name = Afone
01-10 14:12:20.315832  1311  1311 W MtkSpnOverride: test mccmncspn = 20810C le mobile, name = NRJ
01-10 14:12:20.315878  1311  1311 W MtkSpnOverride: test mccmncspn = 20810La Poste Mobile, name = La Poste Mobile
01-10 14:12:20.315920  1311  1311 W MtkSpnOverride: test mccmncspn = 20810NRJ Mobile, name = NRJ
01-10 14:12:20.315956  1311  1311 W MtkSpnOverride: test mccmncspn = 20810Simplicime, name = Simplicime
01-10 14:12:20.316001  1311  1311 W MtkSpnOverride: test mccmncspn = 22201tiscalimobile, name = Tiscali Mobile
01-10 14:12:20.316037  1311  1311 W MtkSpnOverride: test mccmncspn = 22201COOP, name = Coop
01-10 14:12:20.316079  1311  1311 W MtkSpnOverride: test mccmncspn = 22201Noverca, name = Noverca
01-10 14:12:20.316108  1311  1311 W MtkSpnOverride: test mccmncspn = 22207Noverca, name = Noverca
01-10 14:12:20.316139  1311  1311 W MtkSpnOverride: test mccmncspn = 22210BT Italia, name = BT Italia Mobile
01-10 14:12:20.316168  1311  1311 W MtkSpnOverride: test mccmncspn = 22210ERG, name = ERG Mobile
01-10 14:12:20.316209  1311  1311 W MtkSpnOverride: test mccmncspn = 22210ERG mobile, name = ERG Mobile
01-10 14:12:20.316254  1311  1311 W MtkSpnOverride: test mccmncspn = 22210PosteMobile, name = Poste Mobile
01-10 14:12:20.316298  1311  1311 W MtkSpnOverride: test mccmncspn = 22299FASTWEB, name = Fastweb
01-10 14:12:20.316365  1311  1311 W MtkSpnOverride: test mccmncspn = 23401Vectone Mobile, name = Vectone
01-10 14:12:20.316406  1311  1311 W MtkSpnOverride: test mccmncspn = 23410TESCO, name = TESCO
01-10 14:12:20.316447  1311  1311 W MtkSpnOverride: test mccmncspn = 23415ASDA Mobile, name = ASDA Mobile
01-10 14:12:20.316488  1311  1311 W MtkSpnOverride: test mccmncspn = 23415BT, name = BT Mobile
01-10 14:12:20.316530  1311  1311 W MtkSpnOverride: test mccmncspn = 23415Lebara, name = Lebara
01-10 14:12:20.316572  1311  1311 W MtkSpnOverride: test mccmncspn = 23420Lebara, name = Lebara
01-10 14:12:20.316612  1311  1311 W MtkSpnOverride: test mccmncspn = 23426GT mobile, name = GT mobile
01-10 14:12:20.316657  1311  1311 W MtkSpnOverride: test mccmncspn = 23426Lycamobile, name = Lycamobile
01-10 14:12:20.316699  1311  1311 W MtkSpnOverride: test mccmncspn = 23430Virgin, name = Virgin
01-10 14:12:20.316740  1311  1311 W MtkSpnOverride: test mccmncspn = 23431Virgin, name = Virgin
01-10 14:12:20.316782  1311  1311 W MtkSpnOverride: test mccmncspn = 23432Virgin, name = Virgin
01-10 14:12:20.316824  1311  1311 W MtkSpnOverride: test mccmncspn = 23433Now mobile, name = Now mobile
01-10 14:12:20.316864  1311  1311 W MtkSpnOverride: test mccmncspn = 26201congstar, name = Telekom.de
01-10 14:12:20.316902  1311  1311 W MtkSpnOverride: test mccmncspn = 26203blau.de, name = blau.de
01-10 14:12:20.316941  1311  1311 W MtkSpnOverride: test mccmncspn = 26203AY YILDIZ, name = AY YILDIZ
01-10 14:12:20.316987  1311  1311 W MtkSpnOverride: test mccmncspn = 26203simVOICE, name = simVOICE
01-10 14:12:20.317028  1311  1311 W MtkSpnOverride: test mccmncspn = 26203ptt-mobile, name = ptt-mobile
01-10 14:12:20.317067  1311  1311 W MtkSpnOverride: test mccmncspn = 466017-Mobile, name = 7-Mobile
01-10 14:12:20.317100  1311  1311 W MtkSpnOverride: test mccmncspn = 46601, name = 
01-10 14:12:20.317130  1311  1311 W MtkSpnOverride: test mccmncspn = 46692, name = 
01-10 14:12:20.317159  1311  1311 W MtkSpnOverride: test mccmncspn = 20404, name = 
01-10 14:12:20.317186  1311  1311 W MtkSpnOverride: test mccmncspn = 45403, name = 
01-10 14:12:20.317229  1311  1311 W MtkSpnOverride: test mccmncspn = 46001, name = 
01-10 14:12:20.317262  1311  1311 W MtkSpnOverride: test mccmncspn = 46001, name = 
01-10 14:12:20.317296  1311  1311 W MtkSpnOverride: test mccmncspn = 204048.ta , name = 8.ta
01-10 14:12:20.319878  1311  1311 W MtkSpnOverride: test imsipattern = 2080120801xxx67xxxxx, name = Virgin
01-10 14:12:20.322755  1311  1311 W MtkSpnOverride: test mccmncpnn = 26203Ortel D, name = Ortel D
01-10 14:12:20.322948  1311  1311 W MtkSpnOverride: test mccmncpnn = 23430EE, name = EE
01-10 14:12:20.325219  1311  1311 W MtkSpnOverride: test mccmncgid1 = 2343040, name = Virgin
01-10 14:12:20.326107  1311  1311 D MtkRILJ : plmn name update to MVNO: 
01-10 14:12:20.326270  1311  1311 D MtkRILJ : subId=-2 numeric= desireLongName=false nLac=-1
01-10 14:12:20.326389  1311  1311 D MtkRILJ : plmn name update to Nitz: 
01-10 14:12:20.326979  1311  1311 D MtkRILJ : plmn name update to MVNO: 
01-10 14:12:20.327172  1311  1311 D MTKSST  : [CdmaLteSST0] refreshSpn: , , mForceBroadcastServiceState=true
01-10 14:12:20.329186  1311  1311 D MTKSST  : [CdmaLteSST0] Poll ServiceState done:  oldSS=[{mVoiceRegState=1(OUT_OF_SERVICE), mDataRegState=1(OUT_OF_SERVICE), mVoiceRoamingType=home, mDataRoamingType=home, mVoiceOperatorAlphaLong=null, mVoiceOperatorAlphaShort=null, mDataOperatorAlphaLong=null, mDataOperatorAlphaShort=null, isManualNetworkSelection=false(automatic), mRilVoiceRadioTechnology=0(Unknown), mRilDataRadioTechnology=0(Unknown), mCssIndicator=unsupported, mNetworkId=0, mSystemId=0, mCdmaRoamingIndicator=-1, mCdmaDefaultRoamingIndicator=-1, mIsEmergencyOnly=false, mIsDataRoamingFromRegistration=false, mIsUsingCarrierAggregation=false, mLteEarfcnRsrpBoost=0, Ril Voice Regist state=0, Ril Data Regist state=0, mProprietaryDataRadioTechnology=0, VoiceRejectCause=-1, DataRejectCause=-1}] newSS=[{mVoiceRegState=1(OUT_OF_SERVICE), mDataRegState=1(OUT_OF_SERVICE), mVoiceRoamingType=home, mDataRoamingType=home, mVoiceOperatorAlphaLong=, mVoiceOperatorAlphaShort=, mDataOperatorAlphaLong=, mDataOperatorAlphaShort=, isManualNetworkSelection=false(automatic), mRilVoiceRadioTechnology=0(Unknown), mRilDataRadioTechnology=0(Unknown), mCssIndicator=unsupported, mNetworkId=0, mSystemId=0, mCdmaRoamingIndicator=1, mCdmaDefaultRoamingIndicator=0, mIsEmergencyOnly=false, mIsDataRoamingFromRegistration=false, mIsUsingCarrierAggregation=false, mLteEarfcnRsrpBoost=0, Ril Voice Regist state=10, Ril Data Regist state=0, mProprietaryDataRadioTechnology=0, VoiceRejectCause=-1, DataRejectCause=-1}] oldMaxDataCalls=1 mNewMaxDataCalls=1 oldReasonDataDenied=-1 mNewReasonDataDenied=-1
01-10 14:12:20.329552  1311  1311 D MTKSST  : [CdmaLteSST0] pollStateDone: hasRegistered=false hasDeregistered=false hasDataAttached=false hasDataDetached=false hasDataRegStateChanged=false hasRilVoiceRadioTechnologyChanged= false hasRilDataRadioTechnologyChanged=false hasChanged=true hasVoiceRoamingOn=false hasVoiceRoamingOff=false hasDataRoamingOn=false hasDataRoamingOff=false hasLocationChanged=true has4gHandoff = false hasMultiApnSupport=false hasLostMultiApnSupport=false
01-10 14:12:20.330246  1311  1311 D MTKSST  : [CdmaLteSST0] updateSpnDisplay: radio is on but out of svc, set plmn=''
01-10 14:12:20.330431  1311  1311 D MTKSST  : [CdmaLteSST0] [CDMA]updateSpnDisplay: rule=2, spn=, showSpn=false
01-10 14:12:20.336762  1299  1299 D ImsDataTracker: onSubscriptionsChanged
01-10 14:12:20.339250  1311  1311 D MTKSST  : [CdmaLteSST0] [CDMA]updateSpnDisplay: subId=-2, showPlmn=true, plmn=, showSpn=false, spn=, mSpnUpdatePending=true
01-10 14:12:20.339515  1311  1311 D TelephonyManager: setTelephonyProperty: success phoneId=0 property=gsm.operator.alpha value:  propVal=
01-10 14:12:20.343310  1311  1311 D TelephonyManager: setTelephonyProperty: success phoneId=0 property=gsm.operator.numeric value:  propVal=
01-10 14:12:20.344147  1311  1311 D MTKSST  : [CdmaLteSST0] operatorNumeric  is invalid
01-10 14:12:20.344270  1311  1311 D TelephonyManager: setTelephonyProperty: success phoneId=0 property=gsm.operator.iso-country value:  propVal=
01-10 14:12:20.345699  1311  1311 D TelephonyManager: setTelephonyProperty: success phoneId=0 property=gsm.operator.isroaming value: false propVal=false
01-10 14:12:20.347496  1311  1311 D MTKSST  : [CdmaLteSST0] Broadcasting ServiceState : {mVoiceRegState=1(OUT_OF_SERVICE), mDataRegState=1(OUT_OF_SERVICE), mVoiceRoamingType=home, mDataRoamingType=home, mVoiceOperatorAlphaLong=, mVoiceOperatorAlphaShort=, mDataOperatorAlphaLong=, mDataOperatorAlphaShort=, isManualNetworkSelection=false(automatic), mRilVoiceRadioTechnology=0(Unknown), mRilDataRadioTechnology=0(Unknown), mCssIndicator=unsupported, mNetworkId=0, mSystemId=0, mCdmaRoamingIndicator=1, mCdmaDefaultRoamingIndicator=0, mIsEmergencyOnly=false, mIsDataRoamingFromRegistration=false, mIsUsingCarrierAggregation=false, mLteEarfcnRsrpBoost=0, Ril Voice Regist state=10, Ril Data Regist state=0, mProprietaryDataRadioTechnology=0, VoiceRejectCause=-1, DataRejectCause=-1}
01-10 14:12:20.347990  1311  1311 D DefaultPhoneNotifier: nofityServiceState: mRegistry=com.android.internal.telephony.ITelephonyRegistry$Stub$Proxy@1853f24 ss={mVoiceRegState=1(OUT_OF_SERVICE), mDataRegState=1(OUT_OF_SERVICE), mVoiceRoamingType=home, mDataRoamingType=home, mVoiceOperatorAlphaLong=, mVoiceOperatorAlphaShort=, mDataOperatorAlphaLong=, mDataOperatorAlphaShort=, isManualNetworkSelection=false(automatic), mRilVoiceRadioTechnology=0(Unknown), mRilDataRadioTechnology=0(Unknown), mCssIndicator=unsupported, mNetworkId=0, mSystemId=0, mCdmaRoamingIndicator=1, mCdmaDefaultRoamingIndicator=0, mIsEmergencyOnly=false, mIsDataRoamingFromRegistration=false, mIsUsingCarrierAggregation=false, mLteEarfcnRsrpBoost=0, Ril Voice Regist state=10, Ril Data Regist state=0, mProprietaryDataRadioTechnology=0, VoiceRejectCause=-1, DataRejectCause=-1} sender=Handler (com.mediatek.internal.telephony.MtkGsmCdmaPhone) {d73d1cc} phondId=0 subId=-2
01-10 14:12:20.357266  1311  1311 D MtkRILJ : [3704]> MTK: RIL_REQUEST_SET_SERVICE_STATE voiceRegState: 1 dataRegState: 1 voiceRoamingType: 0 dataRoamingType: 0 rilVoiceRegState: 10 rilDataRegState:0 [SUB0]
01-10 14:12:20.358845   925   966 I AT      : [0] AT> AT+ESRVSTATE=1,1,0,0,10,0 (RIL_CMD_READER_1, tid:525055653104)
01-10 14:12:20.359715   943   976 D TelephonyRegistry: notifyCellLocationForSubscriber: subId=-2 cellLocation=Bundle[mParcelledData.dataSize=216]
01-10 14:12:20.360676  1311  1311 D MTKSST  : [CdmaLteSST0] pollState: modemTriggered=true, mPollingContext=0, RadioState=RADIO_ON
01-10 14:12:20.361691   925   965 I AT      : [0] AT< OK (RIL_CMD_READER_1, tid:525061870832)
01-10 14:12:20.362642  1311  1311 D RILJ    : [3705]> OPERATOR [SUB0]
01-10 14:12:20.363695  1311  1465 D RILJ    : [3704]< MTK: RIL_REQUEST_SET_SERVICE_STATE  [SUB0]
01-10 14:12:20.364360   925   966 I AT      : [0] AT> AT+EOPS? (RIL_CMD_READER_1, tid:525055653104)
01-10 14:12:20.364437  1311  1311 D RILJ    : [3706]> DATA_REGISTRATION_STATE [SUB0]
01-10 14:12:20.366445  1311  1311 D RILJ    : [3707]> VOICE_REGISTRATION_STATE [SUB0]
01-10 14:12:20.366987  1311  1311 D MTKSST  : [CdmaLteSST0] pollState: modemTriggered=true, mPollingContext=3, RadioState=RADIO_ON
01-10 14:12:20.367220  1311  1311 D MTKSST  : [CdmaLteSST0] EVENT_SIM_NOT_INSERTED, ignored.
01-10 14:12:20.367296  1311  1311 D MtkSmsCommonEventHelper: SMS is ready, Phone: 0
01-10 14:12:20.367786   925   965 I AT      : [0] AT< +EOPS: 0,2,"000000",1 (RIL_CMD_READER_1, tid:525061870832)
01-10 14:12:20.367978   925   965 I AT      : [0] AT< OK (RIL_CMD_READER_1, tid:525061870832)
01-10 14:12:20.368337   925   966 I AT      : [0] AT> AT+EGREG? (RIL_CMD_READER_1, tid:525055653104)
01-10 14:12:20.369018  1311  1465 D RILJ    : [3705]< OPERATOR {, , } [SUB0]
01-10 14:12:20.369675  1311  1311 D MTKSST  : [CdmaLteSST0] pollState: modemTriggered=true, mPollingContext=3, RadioState=RADIO_ON
01-10 14:12:20.369812  1311  1311 D MTKSST  : [CdmaLteSST0] handle EVENT_RADIO_STATE_CHANGED
01-10 14:12:20.369860  1311  1311 D CdmaSSM : getcdmasubscriptionSource: 0
01-10 14:12:20.369931  1311  1311 D MTKSST  : [CdmaLteSST0] Subscription Source : 0
01-10 14:12:20.370000  1311  1311 D MTKSST  : [CdmaLteSST0] isFromRuim: true
01-10 14:12:20.370029  1311  1311 D MTKSST  : [CdmaLteSST0] Storing cdma subscription source: 0
01-10 14:12:20.371028  1311  1311 D MTKSST  : [CdmaLteSST0] Read from settings: 0
01-10 14:12:20.371116   925   965 I AT      : [0] AT< +EGREG: 3,0,"0000","00000000",0,0,0,0,0,0 (RIL_CMD_READER_1, tid:525061870832)
01-10 14:12:20.371297   925   965 I AT      : [0] AT< OK (RIL_CMD_READER_1, tid:525061870832)
01-10 14:12:20.371552   925   966 D RmcNwReqHdlr: [0] combineDataRegState(): ril_wfc_reg_status=0 registration_state=0
01-10 14:12:20.371903   925   966 I AT      : [0] AT> AT+EREG? (RIL_CMD_READER_1, tid:525055653104)
01-10 14:12:20.372658  1311  1465 D RILJ    : [3706]< DATA_REGISTRATION_STATE {.regState = NOT_REG_MT_NOT_SEARCHING_OP, .rat = 0, .reasonDataDenied = 0, .maxDataCalls = 1, .cellIdentity = {.cellInfoType = NONE, .cellIdentityGsm = [], .cellIdentityWcdma = [], .cellIdentityCdma = [], .cellIdentityLte = [], .cellIdentityTdscdma = []}} [SUB0]
01-10 14:12:20.374576  1311  1311 D MTKSST  : [CdmaLteSST0] mDeviceShuttingDown=false, mDesiredPowerState=true, getRadioState=RADIO_ON, mPowerOffDelayNeed=true, mAlarmSwitch=false
01-10 14:12:20.375177   925   965 I AT      : [0] AT< +EREG: 3,0,"FFFF","0FFFFFFF",0,0,0,0,0 (RIL_CMD_READER_1, tid:525061870832)
01-10 14:12:20.375335   925   965 I AT      : [0] AT< OK (RIL_CMD_READER_1, tid:525061870832)
01-10 14:12:20.375539   925   966 D RmcNwReqHdlr: [0] Set slot0 s_emergencly_only to false
01-10 14:12:20.375608   925   966 I AT      : [0] AT> AT+VLOCINFO? (RIL_CMD_READER_1, tid:525055653104)
01-10 14:12:20.380009   925   965 I AT      : [0] AT< +VLOCINFO:0,111,11,0,0,0,0,0,0x00000000000000000000000000000000,0x00 (RIL_CMD_READER_1, tid:525061870832)
01-10 14:12:20.380149   925   965 I AT      : [0] AT< OK (RIL_CMD_READER_1, tid:525061870832)
01-10 14:12:20.380729   925   957 D agps-ril: [-1] [RtcAgpsNSlotController]onServiceStateChanged(0) cs_reg=0, cs_rat=0, ps_reg=0, ps_rat=0
01-10 14:12:20.381673  1311  1465 D RILJ    : [3707]< VOICE_REGISTRATION_STATE {.regState = NOT_REG_MT_NOT_SEARCHING_OP, .rat = 0, .cssSupported = false, .roamingIndicator = 0, .systemIsInPrl = 0, .defaultRoamingIndicator = 2, .reasonForDenial = 0, .cellIdentity = {.cellInfoType = NONE, .cellIdentityGsm = [], .cellIdentityWcdma = [], .cellIdentityCdma = [], .cellIdentityLte = [], .cellIdentityTdscdma = []}} [SUB0]
01-10 14:12:20.394457  1311  1311 D MTKSST  : [CdmaLteSST0] pollState: modemTriggered=true, mPollingContext=3, RadioState=RADIO_ON
01-10 14:12:20.394838  1311  1311 V MtkSmsStorageMonitor: Sending pending memory status report : mStorageAvailable = true
01-10 14:12:20.396966  1311  1311 D RILJ    : [3708]> RIL_REQUEST_REPORT_SMS_MEMORY_STATUS available = true [SUB0]
01-10 14:12:20.398671   925   970 E RmcGsmSmsRequest: [0] SIM card was removed!
01-10 14:12:20.399479  1311  1311 D RILJ    : [3709]> GET_CURRENT_CALLS [SUB0]
01-10 14:12:20.399691  1311  1465 D RILJ    : [3708]< RIL_REQUEST_REPORT_SMS_MEMORY_STATUS error 11 [SUB0]
01-10 14:12:20.399840  1311  1465 D RilRequest: [3708]< RIL_REQUEST_REPORT_SMS_MEMORY_STATUS error: com.android.internal.telephony.CommandException: SIM_ABSENT ret=
01-10 14:12:20.400004  1311  1311 D GsmCdmaCallTracker: [GsmCdmaCallTracker] Receives EVENT_RADIO_ON
01-10 14:12:20.400697   925   968 D RmcCCReqHandler: [0] onHandleRequest: RFX_MSG_REQUEST_GET_CURRENT_CALLS
01-10 14:12:20.400770   925   968 D RmcCCBaseHandler: [0] isGsmRat, voiceRadioTech:0
01-10 14:12:20.400824   925   968 I AT      : [0] AT> AT+CLCC=*** (RIL_CMD_READER_2, tid:525053580528)
01-10 14:12:20.402579  1311  1311 I MtkPhoneNumberUtils: Init: sIsCtaSupport: true, sIsCtaSet: true, sIsC2kSupport: true, sIsOP09Support: false
01-10 14:12:20.402793  1311  1311 D PlusCodeProcessor: getPlusCodeUtils sPlusCodeUtilsInstance=com.mediatek.internal.telephony.cdma.pluscode.CdmaPlusCodeUtils@759a3d2
01-10 14:12:20.403616   925   967 I AT      : [0] AT< OK (RIL_CMD_READER_2, tid:525054616816)
01-10 14:12:20.403820  1311  1311 I MtkPhoneNumberUtils: [parseEccList] empty property
01-10 14:12:20.404574  1311  1311 I MtkPhoneNumberUtils: [parseEccList] Read ECC list from /system/vendor/etc/ecc_list.xml
01-10 14:12:20.404915  1311  1465 D RILJ    : [3709]< GET_CURRENT_CALLS {} [SUB0]
01-10 14:12:20.410007  1311  1311 I MtkPhoneNumberUtils: [parseEccList] Read CDMA ECC list from /system/vendor/etc/cdma_ecc_list_ss.xml
01-10 14:12:20.425557  1311  1311 D MtkRILJ : [3710]> MTK: RIL_REQUEST_SET_ECC_LIST ecc1: 10,"120",0,0,"122",0,0,"119",0,0,"110",0,0,"112",0,1,"911",0,1,"000",0,1,"08",0,1,"118",0,1,"999",0,0, ecc2:  [SUB0]
01-10 14:12:20.426498   925   957 E         : no RfxBaseData, send error to RILJ
01-10 14:12:20.427531  1311  1311 D RILJ    : [3711]> RIL_REQUEST_IMS_REGISTRATION_STATE [SUB0]
01-10 14:12:20.429077  1311  1311 D RILJ    : [3712]> RIL_REQUEST_CDMA_GET_SUBSCRIPTION_SOURCE [SUB0]
01-10 14:12:20.429730  1311  1311 E IccCardProxy: setExternalState: !override and newstate unchanged from ABSENT (slot 0)
01-10 14:12:20.430348   925   970 I AT      : [0] AT> AT+CIREG? (RIL_CMD_READER_3, tid:525051507952)
01-10 14:12:20.430542  1311  1465 D RILJ    : [3710]< MTK: RIL_REQUEST_SET_ECC_LIST error 6 [SUB0]
01-10 14:12:20.431370  1311  1465 D RilRequest: [3710]< MTK: RIL_REQUEST_SET_ECC_LIST error: com.android.internal.telephony.CommandException: REQUEST_NOT_SUPPORTED ret=
01-10 14:12:20.431551  1311  1311 D RILJ    : [3713]> RIL_REQUEST_VOICE_RADIO_TECH [SUB0]
01-10 14:12:20.431993  1311  1311 D CdmaSSM : getcdmasubscriptionSource: 0
01-10 14:12:20.432283  1311  1311 D FdManager: [phoneId0]handleMessage: msg.what = 1
01-10 14:12:20.432410  1311  1311 D FdManager: [phoneId0]onRadioOn: update fd status when radio on
01-10 14:12:20.432578  1311  1311 D FdManager: [phoneId0]isDefaultDataSubId: subId = -2 dataSubId = 1
01-10 14:12:20.432729  1311  1311 D FdManager: [phoneId0]isDefaultDataSubId: subId = -2 dataSubId = 1
01-10 14:12:20.433165  1311  1311 D MTKSST  : [CdmaLteSST0] old:{level:0, raw:SignalStrength: 99 -1 -1 -1 -1 -1 -1 99 2147483647 2147483647 2147483647 2147483647 0 2147483647 gsm|lte}, new:{level:0, raw:SignalStrength: 99 -1 -120 -160 -120 -1 -1 99 2147483647 2147483647 2147483647 2147483647 0 2147483647 cdma}
01-10 14:12:20.435371   925   969 I AT      : [0] AT< +CIREG: 2,0,0 (RIL_CMD_READER_3, tid:525052544240)
01-10 14:12:20.435530  1311  1311 D MTKSST  : [CdmaLteSST0] pollState: modemTriggered=true, mPollingContext=3, RadioState=RADIO_ON
01-10 14:12:20.435633   925   969 I AT      : [0] AT< OK (RIL_CMD_READER_3, tid:525052544240)
01-10 14:12:20.435971   925   970 E RmcGsmSimRequest: [0] Not support the request!
01-10 14:12:20.436015   925   970 D RmcCdmaSimRequest: [0] needHandle => req 51025, result 0
01-10 14:12:20.436064   925   970 I AT      : [0] AT> AT+EUIMCFG? (RIL_CMD_READER_3, tid:525051507952)
01-10 14:12:20.437123  1311  1311 D RILJ    : [3714]> RIL_REQUEST_IMS_REGISTRATION_STATE [SUB0]
01-10 14:12:20.439266  1311  1311 D RILJ    : [3715]> RIL_REQUEST_IMS_REGISTRATION_STATE [SUB0]
01-10 14:12:20.440117  1311  1311 D MTKSST  : [CdmaLteSST0] pollState: modemTriggered=true, mPollingContext=3, RadioState=RADIO_ON
01-10 14:12:20.440660  1311  1465 D RILJ    : [3713]< RIL_REQUEST_VOICE_RADIO_TECH {6} [SUB0]
01-10 14:12:20.443629   925   969 I AT      : [0] AT< +EUIMCFG:1 (RIL_CMD_READER_3, tid:525052544240)
01-10 14:12:20.443773   925   969 I AT      : [0] AT< OK (RIL_CMD_READER_3, tid:525052544240)
01-10 14:12:20.444107   925   970 D RmcCdmaSimRequest: [0] handleCdmaGetSubscriptionSource State: 1,  source: 0
01-10 14:12:20.444466   925   970 I AT      : [0] AT> AT+CIREG? (RIL_CMD_READER_3, tid:525051507952)
01-10 14:12:20.445189  1311  1465 D RILJ    : [3711]< RIL_REQUEST_IMS_REGISTRATION_STATE {0, 0} [SUB0]
01-10 14:12:20.446062  1311  1465 D RILJ    : [3712]< RIL_REQUEST_CDMA_GET_SUBSCRIPTION_SOURCE {0} [SUB0]
01-10 14:12:20.446494  1311  1311 D MTKSST  : [CdmaLteSST0] pollState: modemTriggered=true, mPollingContext=3, RadioState=RADIO_ON
01-10 14:12:20.447018  1311  1311 D MTKSST  : [CdmaLteSST0] pollState: modemTriggered=true, mPollingContext=3, RadioState=RADIO_ON
01-10 14:12:20.447971   925   969 I AT      : [0] AT< +CIREG: 2,0,0 (RIL_CMD_READER_3, tid:525052544240)
01-10 14:12:20.448160   925   969 I AT      : [0] AT< OK (RIL_CMD_READER_3, tid:525052544240)
01-10 14:12:20.448473   925   970 I AT      : [0] AT> AT+CIREG? (RIL_CMD_READER_3, tid:525051507952)
01-10 14:12:20.448814  1311  1311 D MtkImsPhoneCallTracker: [MtkImsPhoneCallTracker] handleMessage what=26
01-10 14:12:20.449245  1311  1311 D MtkImsPhoneCallTracker: [MtkImsPhoneCallTracker] handleMessage what=26
01-10 14:12:20.449452  1311  1311 D MtkImsPhoneCallTracker: [MtkImsPhoneCallTracker] handleFeatureCapabilityChanged: VoLTE:false ViLTE:false VoWiFi:false ViWiFi:false UTLTE:false UTWiFi:false  isVideoEnabledStateChanged=false
01-10 14:12:20.449623  1311  1311 D MtkImsPhoneCallTracker: [MtkImsPhoneCallTracker] handleFeatureCapabilityChanged: isVolteEnabled=false, isVideoCallEnabled=false, isVowifiEnabled=false, isUtEnabled=false
01-10 14:12:20.449743  1311  1465 D RILJ    : [3714]< RIL_REQUEST_IMS_REGISTRATION_STATE {0, 0} [SUB0]
01-10 14:12:20.451184  1311  1311 D PhoneSwitcher: evaluating due to netRequest
01-10 14:12:20.451689   925   969 I AT      : [0] AT< +CIREG: 2,0,0 (RIL_CMD_READER_3, tid:525052544240)
01-10 14:12:20.452034   925   969 I AT      : [0] AT< OK (RIL_CMD_READER_3, tid:525052544240)
01-10 14:12:20.452001  1311  1311 D RadioCapabilitySwitchUtil: [RadioCapSwitchUtil] [RadioCapSwitchUtil] getMainCapabilityPhoneId 0
01-10 14:12:20.452099  1311  1311 D MtkPhoneSwitcher: newActivePhones is empty
01-10 14:12:20.452161  1311  1311 D DcHelper: isSimInserted:phoneId =0
01-10 14:12:20.452237  1311  1311 D MtkPhoneSwitcher: ECC w/o SIM
01-10 14:12:20.452329  1311  1311 E MtkPhoneSwitcher: isAllowEims, NetworkRequest not include EIMS capability
01-10 14:12:20.452545  1311  1311 D PhoneSwitcher: evaluating due to netRequest
01-10 14:12:20.453024  1311  1465 D RILJ    : [3715]< RIL_REQUEST_IMS_REGISTRATION_STATE {0, 0} [SUB0]
01-10 14:12:20.453073  1311  1311 D RadioCapabilitySwitchUtil: [RadioCapSwitchUtil] [RadioCapSwitchUtil] getMainCapabilityPhoneId 0
01-10 14:12:20.453126  1311  1311 D MtkPhoneSwitcher: newActivePhones is empty
01-10 14:12:20.453168  1311  1311 D DcHelper: isSimInserted:phoneId =0
01-10 14:12:20.453250  1311  1311 D MtkPhoneSwitcher: ECC w/o SIM
01-10 14:12:20.453310  1311  1311 E MtkPhoneSwitcher: isAllowEims, NetworkRequest not include EIMS capability
01-10 14:12:20.453329  1311  1311 E MtkPhoneSwitcher: isAllowEims, NetworkRequest not include EIMS capability
01-10 14:12:20.453514  1311  1311 D PhoneSwitcher: evaluating due to netRequest
01-10 14:12:20.454117  1311  1311 D RadioCapabilitySwitchUtil: [RadioCapSwitchUtil] [RadioCapSwitchUtil] getMainCapabilityPhoneId 0
01-10 14:12:20.454227  1311  1311 D MtkPhoneSwitcher: newActivePhones is empty
01-10 14:12:20.454268  1311  1311 D DcHelper: isSimInserted:phoneId =0
01-10 14:12:20.454325  1311  1311 D MtkPhoneSwitcher: ECC w/o SIM
01-10 14:12:20.454388  1311  1311 E MtkPhoneSwitcher: isAllowEims, NetworkRequest not include EIMS capability
01-10 14:12:20.454415  1311  1311 I chatty  : uid=1001(radio) com.android.phone identical 1 line
01-10 14:12:20.454430  1311  1311 E MtkPhoneSwitcher: isAllowEims, NetworkRequest not include EIMS capability
01-10 14:12:20.455538  1311  1311 D TelephonyNetworkFactory[0]: not acting - isApp=false, isAct=false NetworkRequest [ TRACK_DEFAULT id=6, [ Capabilities: INTERNET&NOT_RESTRICTED&TRUSTED&NOT_VPN] ]
01-10 14:12:20.456754  1311  1311 D TelephonyNetworkFactory[0]: not acting - isApp=false, isAct=false NetworkRequest [ REQUEST id=1, [ Capabilities: INTERNET&NOT_RESTRICTED&TRUSTED&NOT_VPN] ]
01-10 14:12:20.458002  1311  1311 D TelephonyNetworkFactory[0]: not acting - isApp=false, isAct=false NetworkRequest [ TRACK_DEFAULT id=3, [ Capabilities: INTERNET&NOT_RESTRICTED&TRUSTED&NOT_VPN] ]
01-10 14:12:20.462315  1311  1311 D MtkGsmCdmaPhone: networkType=UNKNOWN
01-10 14:12:20.462506  1311  1311 D MtkGsmCdmaPhone: isVideoEnabled: false
01-10 14:12:20.483827  1311  1311 D MtkGsmCdmaPhone: isPhoneTypeCdmaLte:true, phoneId: 0 isCdmaWithoutLteCard: false mNewVoiceTech: 6
01-10 14:12:20.485204  1311  1311 D MtkGsmSMSDispatcher: EVENT_ICC_CHANGED, PhoneId: 0 match exactly.
01-10 14:12:20.485292  1311  1311 D GsmSMSDispatcher: GsmSMSDispatcher: subId = -2 slotId = 0
01-10 14:12:20.485571  1311  1311 E IccCardProxy: setExternalState: !override and newstate unchanged from ABSENT (slot 0)
01-10 14:12:20.486170  1311  1311 D SuppServHelper: [0]handleMessage: EVENT_ICC_CHANGED(13)
01-10 14:12:20.489449  1311  1311 D MtkGsmCdmaPhone: isPhoneTypeCdmaLte:true, phoneId: 0 isCdmaWithoutLteCard: false mNewVoiceTech: 6
01-10 14:12:20.491205  1311  1311 D MtkGsmSMSDispatcher: EVENT_ICC_CHANGED, PhoneId: 0 match exactly.
01-10 14:12:20.491629  1311  1311 D GsmSMSDispatcher: GsmSMSDispatcher: subId = -2 slotId = 0
01-10 14:12:20.492165  1311  1311 E IccCardProxy: setExternalState: !override and newstate unchanged from ABSENT (slot 0)
01-10 14:12:20.492628  1311  1311 D SuppServHelper: [0]handleMessage: EVENT_ICC_CHANGED(13)
01-10 14:12:20.492746  1311  1311 E CarrierActionAgent: [0]Unsupported action: 7
01-10 14:12:20.494964  1311  1311 E IccCardProxy: setExternalState: !override and newstate unchanged from ABSENT (slot 0)
01-10 14:12:20.499166  1311  1311 D MTKSST  : [CdmaLteSST0] mDeviceShuttingDown=false, mDesiredPowerState=true, getRadioState=RADIO_ON, mPowerOffDelayNeed=true, mAlarmSwitch=false
01-10 14:12:20.514877  1311  1311 D SAT     : [0]onSimAbsent, reset activation state to UNKNOWN
01-10 14:12:20.514986  1311  1311 D SAT     : [0]setVoiceActivationState=0
01-10 14:12:20.516318  1311  1311 D SAT     : [0]setDataActivationState=0
01-10 14:12:20.518342  1311  1311 D MTKSST  : [CdmaLteSST0] [CDMA]phoneId:0, mPhoneId:0, simStatus:ABSENT
01-10 14:12:20.518562  1311  1311 D MtkSubscriptionInfoUpdater: [Receiver]+
01-10 14:12:20.518663  1311  1311 D MtkSubscriptionInfoUpdater: Action: android.intent.action.SIM_STATE_CHANGED
01-10 14:12:20.518738  1311  1311 D MtkSubscriptionInfoUpdater: slotIndex: 0
01-10 14:12:20.518785  1311  1311 D MtkSubscriptionInfoUpdater: simStatus: ABSENT
01-10 14:12:20.518841  1311  1311 D MtkSubscriptionInfoUpdater: [Receiver]-
01-10 14:12:20.519105  1311  1311 D DSSExt  : subsidylock: handleSimStateChanged: ABSENT
01-10 14:12:20.519235  1311  1311 D RadioCapabilitySwitchUtil: [RadioCapSwitchUtil] updateSimImsiStatus slot = 0, value = 0
01-10 14:12:20.519889  1311  1570 D MtkSubscriptionInfoUpdater: SIM1 absent - card state no changed.
01-10 14:12:20.524434  1311  1311 D RadioCapabilitySwitchUtil: [RadioCapSwitchUtil] clear property gsm.sim.ril.mcc.mnc
01-10 14:12:20.524991  1311  1311 D SuppServHelper: [0]ACTION_SIM_STATE_CHANGED: ABSENT, subId: -2, CallForwardingFromSimRecords: -1
01-10 14:12:20.528727  1311  1311 D MTKSST  : [CdmaLteSST0] SubscriptionListener.onSubscriptionInfoChanged
01-10 14:12:20.528953  1311  1311 D DcHelper: msg id = 0
01-10 14:12:20.529034  1311  1311 D DcHelper: EVENT_SUBSCRIPTION_CHANGED
01-10 14:12:20.537192  1311  1311 D MtkGsmCdmaPhone: networkType=UNKNOWN
01-10 14:12:20.537337  1311  1311 D MtkGsmCdmaPhone: isVideoEnabled: false
01-10 14:12:20.559551  1311  1311 D MtkImsPhoneCallTracker: [MtkImsPhoneCallTracker] SubscriptionListener.onSubscriptionInfoChanged, subId=-2
01-10 14:12:20.560043  1311  1311 D DSSExt  : handleSubinfoRecordUpdated: detectedType = 4
01-10 14:12:20.560818  1311  1311 D RadioCapabilitySwitchUtil: [RadioCapSwitchUtil] isPS2SupportLTE = true
01-10 14:12:20.560939  1311  1311 D DSSExt  : getHighCapabilityPhoneIdBySimType : -1
01-10 14:12:20.561918  1311  1311 D DSSExt  : phoneId out of boundary :2147483647
01-10 14:12:20.562302  1311  1311 D MtkImsPhone: handleMessage what=53
01-10 14:12:20.564853  1311  1311 D MTKSST  : [CdmaLteSST0] RIL_REQUEST_OPERATOR.response[2], the numeric,  is bad. Using SystemProperties 'ro.cdma.home.operator.numeric'= 
01-10 14:12:20.565121  1311  1311 D MTKSST  : [CdmaLteSST0] handlPollStateResultMessage: CdmaLteSST setDataRegState=1 regState=0 dataRadioTechnology=0
01-10 14:12:20.565530  1311  1311 D MTKSST  : [CdmaLteSST0] [CDMA]handlePollStateResult: set mEmergencyOnly=false, mNetworkExsit=false
01-10 14:12:20.565832  1311  1311 D MTKSST  : [CdmaLteSST0] Set CDMA Roaming Indicator to: 1. voiceRoaming = false. dataRoaming = false, isPrlLoaded = true. namMatch = false , mIsInPrl = false, mRoamingIndicator = 0, mDefaultRoamingIndicator= 2
01-10 14:12:20.566087  1311  1311 D MtkRILJ : subId=-2 numeric= desireLongName=true nLac=-1
01-10 14:12:20.566279  1311  1311 D MtkRILJ : plmn name update to Nitz: 
01-10 14:12:20.566725  1311  1311 D MtkRILJ : plmn name update to MVNO: 
01-10 14:12:20.566874  1311  1311 D MtkRILJ : subId=-2 numeric= desireLongName=false nLac=-1
01-10 14:12:20.566962  1311  1311 D MtkRILJ : plmn name update to Nitz: 
01-10 14:12:20.567370  1311  1311 D MtkRILJ : plmn name update to MVNO: 
01-10 14:12:20.567548  1311  1311 D MTKSST  : [CdmaLteSST0] refreshSpn: , , mForceBroadcastServiceState=false
01-10 14:12:20.568925  1311  1311 D MTKSST  : [CdmaLteSST0] Poll ServiceState done:  oldSS=[{mVoiceRegState=1(OUT_OF_SERVICE), mDataRegState=1(OUT_OF_SERVICE), mVoiceRoamingType=home, mDataRoamingType=home, mVoiceOperatorAlphaLong=, mVoiceOperatorAlphaShort=, mDataOperatorAlphaLong=, mDataOperatorAlphaShort=, isManualNetworkSelection=false(automatic), mRilVoiceRadioTechnology=0(Unknown), mRilDataRadioTechnology=0(Unknown), mCssIndicator=unsupported, mNetworkId=0, mSystemId=0, mCdmaRoamingIndicator=1, mCdmaDefaultRoamingIndicator=0, mIsEmergencyOnly=false, mIsDataRoamingFromRegistration=false, mIsUsingCarrierAggregation=false, mLteEarfcnRsrpBoost=0, Ril Voice Regist state=10, Ril Data Regist state=0, mProprietaryDataRadioTechnology=0, VoiceRejectCause=-1, DataRejectCause=-1}] newSS=[{mVoiceRegState=1(OUT_OF_SERVICE), mDataRegState=1(OUT_OF_SERVICE), mVoiceRoamingType=home, mDataRoamingType=home, mVoiceOperatorAlphaLong=, mVoiceOperatorAlphaShort=, mDataOperatorAlphaLong=, mDataOperatorAlphaShort=, isManualNetworkSelection=false(automatic), mRilVoiceRadioTechnology=0(Unknown), mRilDataRadioTechnology=0(Unknown), mCssIndicator=unsupported, mNetworkId=0, mSystemId=0, mCdmaRoamingIndicator=1, mCdmaDefaultRoamingIndicator=2, mIsEmergencyOnly=false, mIsDataRoamingFromRegistration=false, mIsUsingCarrierAggregation=false, mLteEarfcnRsrpBoost=0, Ril Voice Regist state=0, Ril Data Regist state=0, mProprietaryDataRadioTechnology=0, VoiceRejectCause=-1, DataRejectCause=-1}] oldMaxDataCalls=1 mNewMaxDataCalls=1 oldReasonDataDenied=-1 mNewReasonDataDenied=-1
01-10 14:12:20.569247  1311  1311 D MTKSST  : [CdmaLteSST0] pollStateDone: hasRegistered=false hasDeregistered=false hasDataAttached=false hasDataDetached=false hasDataRegStateChanged=false hasRilVoiceRadioTechnologyChanged= false hasRilDataRadioTechnologyChanged=false hasChanged=true hasVoiceRoamingOn=false hasVoiceRoamingOff=false hasDataRoamingOn=false hasDataRoamingOff=false hasLocationChanged=false has4gHandoff = false hasMultiApnSupport=false hasLostMultiApnSupport=false
01-10 14:12:20.570141  1311  1311 D MTKSST  : [CdmaLteSST0] updateSpnDisplay: radio is on but out of svc, set plmn=''
01-10 14:12:20.570335  1311  1311 D MTKSST  : [CdmaLteSST0] [CDMA]updateSpnDisplay: rule=2, spn=, showSpn=false
01-10 14:12:20.570484  1311  1311 D TelephonyManager: setTelephonyProperty: success phoneId=0 property=gsm.operator.alpha value:  propVal=
01-10 14:12:20.573162  1311  1311 D TelephonyManager: setTelephonyProperty: success phoneId=0 property=gsm.operator.numeric value:  propVal=
01-10 14:12:20.574482  1311  1311 D MTKSST  : [CdmaLteSST0] operatorNumeric  is invalid
01-10 14:12:20.574604  1311  1311 D TelephonyManager: setTelephonyProperty: success phoneId=0 property=gsm.operator.iso-country value:  propVal=
01-10 14:12:20.576421  1311  1311 D TelephonyManager: setTelephonyProperty: success phoneId=0 property=gsm.operator.isroaming value: false propVal=false
01-10 14:12:20.579831  1311  1311 D MTKSST  : [CdmaLteSST0] Broadcasting ServiceState : {mVoiceRegState=1(OUT_OF_SERVICE), mDataRegState=1(OUT_OF_SERVICE), mVoiceRoamingType=home, mDataRoamingType=home, mVoiceOperatorAlphaLong=, mVoiceOperatorAlphaShort=, mDataOperatorAlphaLong=, mDataOperatorAlphaShort=, isManualNetworkSelection=false(automatic), mRilVoiceRadioTechnology=0(Unknown), mRilDataRadioTechnology=0(Unknown), mCssIndicator=unsupported, mNetworkId=0, mSystemId=0, mCdmaRoamingIndicator=1, mCdmaDefaultRoamingIndicator=2, mIsEmergencyOnly=false, mIsDataRoamingFromRegistration=false, mIsUsingCarrierAggregation=false, mLteEarfcnRsrpBoost=0, Ril Voice Regist state=0, Ril Data Regist state=0, mProprietaryDataRadioTechnology=0, VoiceRejectCause=-1, DataRejectCause=-1}
01-10 14:12:20.580287  1311  1311 D DefaultPhoneNotifier: nofityServiceState: mRegistry=com.android.internal.telephony.ITelephonyRegistry$Stub$Proxy@1853f24 ss={mVoiceRegState=1(OUT_OF_SERVICE), mDataRegState=1(OUT_OF_SERVICE), mVoiceRoamingType=home, mDataRoamingType=home, mVoiceOperatorAlphaLong=, mVoiceOperatorAlphaShort=, mDataOperatorAlphaLong=, mDataOperatorAlphaShort=, isManualNetworkSelection=false(automatic), mRilVoiceRadioTechnology=0(Unknown), mRilDataRadioTechnology=0(Unknown), mCssIndicator=unsupported, mNetworkId=0, mSystemId=0, mCdmaRoamingIndicator=1, mCdmaDefaultRoamingIndicator=2, mIsEmergencyOnly=false, mIsDataRoamingFromRegistration=false, mIsUsingCarrierAggregation=false, mLteEarfcnRsrpBoost=0, Ril Voice Regist state=0, Ril Data Regist state=0, mProprietaryDataRadioTechnology=0, VoiceRejectCause=-1, DataRejectCause=-1} sender=Handler (com.mediatek.internal.telephony.MtkGsmCdmaPhone) {d73d1cc} phondId=0 subId=-2
01-10 14:12:20.590257  1311  1311 D MtkRILJ : [3716]> MTK: RIL_REQUEST_SET_SERVICE_STATE voiceRegState: 1 dataRegState: 1 voiceRoamingType: 0 dataRoamingType: 0 rilVoiceRegState: 0 rilDataRegState:0 [SUB0]
01-10 14:12:20.590841  1311  1311 D MTKSST  : [CdmaLteSST0] pollState: modemTriggered=true, mPollingContext=0, RadioState=RADIO_ON
01-10 14:12:20.591810   925   966 I AT      : [0] AT> AT+ESRVSTATE=1,1,0,0,0,0 (RIL_CMD_READER_1, tid:525055653104)
01-10 14:12:20.592255  1311  1311 D RILJ    : [3717]> OPERATOR [SUB0]
01-10 14:12:20.593901  1311  1311 D RILJ    : [3718]> DATA_REGISTRATION_STATE [SUB0]
01-10 14:12:20.594310   925   965 I AT      : [0] AT< OK (RIL_CMD_READER_1, tid:525061870832)
01-10 14:12:20.594629   925   966 I AT      : [0] AT> AT+EOPS? (RIL_CMD_READER_1, tid:525055653104)
01-10 14:12:20.595297  1311  1311 D RILJ    : [3719]> VOICE_REGISTRATION_STATE [SUB0]
01-10 14:12:20.595699  1311  1311 V SmsStorageMonitor: Memory status report to modem pending : mStorageAvailable = true
01-10 14:12:20.595903  1311  1311 D GsmCdmaCallTracker: Event EVENT_POLL_CALLS_RESULT Received
01-10 14:12:20.595981  1311  1465 D RILJ    : [3716]< MTK: RIL_REQUEST_SET_SERVICE_STATE  [SUB0]
01-10 14:12:20.596045  1311  1311 D GsmCdmaCallTracker: [GsmCdmaCallTracker] update phone state, old=IDLE new=IDLE
01-10 14:12:20.596342  1311  1311 D CdmaSSM : getcdmasubscriptionSource: 0
01-10 14:12:20.597180  1311  1311 D MtkGsmCdmaPhone: correctPhoneTypeForCdma: change:false newVoiceRadioTech=6 mActivePhone=CDMA
01-10 14:12:20.597343  1311  1311 D RIL_ImsSms: IMS is NOT registered!
01-10 14:12:20.597386  1311  1311 E RIL_ImsSms: IMS format was unknown!
01-10 14:12:20.597422  1311  1311 D CdmaSSM : CDMA_SUBSCRIPTION_SOURCE event = 2
01-10 14:12:20.599036   925   965 I AT      : [0] AT< +EOPS: 0,2,"000000",1 (RIL_CMD_READER_1, tid:525061870832)
01-10 14:12:20.599334   925   965 I AT      : [0] AT< OK (RIL_CMD_READER_1, tid:525061870832)
01-10 14:12:20.599771   925   966 I AT      : [0] AT> AT+EGREG? (RIL_CMD_READER_1, tid:525055653104)
01-10 14:12:20.600587  1311  1465 D RILJ    : [3717]< OPERATOR {, , } [SUB0]
01-10 14:12:20.602358   925   965 I AT      : [0] AT< +EGREG: 3,0,"0000","00000000",0,0,0,0,0,0 (RIL_CMD_READER_1, tid:525061870832)
01-10 14:12:20.602482   925   965 I AT      : [0] AT< OK (RIL_CMD_READER_1, tid:525061870832)
01-10 14:12:20.602588   925   966 D RmcNwReqHdlr: [0] combineDataRegState(): ril_wfc_reg_status=0 registration_state=0
01-10 14:12:20.602916   925   966 I AT      : [0] AT> AT+EREG? (RIL_CMD_READER_1, tid:525055653104)
01-10 14:12:20.603771  1311  1465 D RILJ    : [3718]< DATA_REGISTRATION_STATE {.regState = NOT_REG_MT_NOT_SEARCHING_OP, .rat = 0, .reasonDataDenied = 0, .maxDataCalls = 1, .cellIdentity = {.cellInfoType = NONE, .cellIdentityGsm = [], .cellIdentityWcdma = [], .cellIdentityCdma = [], .cellIdentityLte = [], .cellIdentityTdscdma = []}} [SUB0]
01-10 14:12:20.605777   925   965 I AT      : [0] AT< +EREG: 3,0,"FFFF","0FFFFFFF",0,0,0,0,0 (RIL_CMD_READER_1, tid:525061870832)
01-10 14:12:20.605952   925   965 I AT      : [0] AT< OK (RIL_CMD_READER_1, tid:525061870832)
01-10 14:12:20.606158   925   966 I AT      : [0] AT> AT+VLOCINFO? (RIL_CMD_READER_1, tid:525055653104)
01-10 14:12:20.610294   925   965 I AT      : [0] AT< +VLOCINFO:0,111,11,0,0,0,0,0,0x00000000000000000000000000000000,0x00 (RIL_CMD_READER_1, tid:525061870832)
01-10 14:12:20.610428   925   965 I AT      : [0] AT< OK (RIL_CMD_READER_1, tid:525061870832)
01-10 14:12:20.611749  1311  1465 D RILJ    : [3719]< VOICE_REGISTRATION_STATE {.regState = NOT_REG_MT_NOT_SEARCHING_OP, .rat = 0, .cssSupported = false, .roamingIndicator = 0, .systemIsInPrl = 0, .defaultRoamingIndicator = 2, .reasonForDenial = 0, .cellIdentity = {.cellInfoType = NONE, .cellIdentityGsm = [], .cellIdentityWcdma = [], .cellIdentityCdma = [], .cellIdentityLte = [], .cellIdentityTdscdma = []}} [SUB0]
01-10 14:12:20.621255  1311  1311 D MTKCAT  : StkAppInstaller: init
01-10 14:12:20.622729  1311  1311 D MTKCAT  : com.android.stk.BootCompletedReceiver: [onReceive] action = android.intent.action.SIM_STATE_CHANGED
01-10 14:12:20.623186  1311  1311 D MTKCAT  : com.android.stk.BootCompletedReceiver: checkSimRadioState slotId = 0
01-10 14:12:20.623587  1311  1311 D MTKCAT  : com.android.stk.BootCompletedReceiver: multiSimMode: 1, slotId: 0, curRadioOnSim: 1
01-10 14:12:20.623844  1311  1311 D MTKCAT  : com.android.stk.BootCompletedReceiver: airlane mode is false
01-10 14:12:20.625910  1311  1311 D RIL_ImsSms: IMS is NOT registered!
01-10 14:12:20.626016  1311  1311 E RIL_ImsSms: IMS format was unknown!
01-10 14:12:20.626154  1311  1311 D MTKSST  : [CdmaLteSST0] EVENT_IMS_CAPABILITY_CHANGED
01-10 14:12:20.626864  1311  1311 D MTKSST  : [CdmaLteSST0] updateSpnDisplay: radio is on but out of svc, set plmn=''
01-10 14:12:20.627002  1311  1311 D MTKSST  : [CdmaLteSST0] [CDMA]updateSpnDisplay: rule=2, spn=, showSpn=false
01-10 14:12:20.627204  1311  1311 E CarrierActionAgent: [0]Unsupported action: 7
01-10 14:12:20.627297  1311  1311 D CarrierActionAgent: [0]EVENT_SIM_STATE_CHANGED status: ABSENT
01-10 14:12:20.636299  1311  1311 D MtkGsmCdmaPhone: networkType=UNKNOWN
01-10 14:12:20.636473  1311  1311 D MtkGsmCdmaPhone: isVideoEnabled: false
01-10 14:12:20.651292  1311  1311 D MtkImsPhone: handleMessage what=53
01-10 14:12:20.654658  1311  1311 E IccCardProxy: setExternalState: !override and newstate unchanged from ABSENT (slot 0)
01-10 14:12:20.655088  1311  1311 D MTKSST  : [CdmaLteSST0] RIL_REQUEST_OPERATOR.response[2], the numeric,  is bad. Using SystemProperties 'ro.cdma.home.operator.numeric'= 
01-10 14:12:20.655368  1311  1311 D MTKSST  : [CdmaLteSST0] handlPollStateResultMessage: CdmaLteSST setDataRegState=1 regState=0 dataRadioTechnology=0
01-10 14:12:20.655731  1311  1311 D MTKSST  : [CdmaLteSST0] [CDMA]handlePollStateResult: set mEmergencyOnly=false, mNetworkExsit=false
01-10 14:12:20.655994  1311  1311 D MTKSST  : [CdmaLteSST0] Set CDMA Roaming Indicator to: 1. voiceRoaming = false. dataRoaming = false, isPrlLoaded = true. namMatch = false , mIsInPrl = false, mRoamingIndicator = 0, mDefaultRoamingIndicator= 2
01-10 14:12:20.656429  1311  1311 D MtkRILJ : subId=-2 numeric= desireLongName=true nLac=-1
01-10 14:12:20.656713  1311  1311 D MtkRILJ : plmn name update to Nitz: 
01-10 14:12:20.657317  1311  1311 D MtkRILJ : plmn name update to MVNO: 
01-10 14:12:20.657536  1311  1311 D MtkRILJ : subId=-2 numeric= desireLongName=false nLac=-1
01-10 14:12:20.657653  1311  1311 D MtkRILJ : plmn name update to Nitz: 
01-10 14:12:20.658027  1311  1311 D MtkRILJ : plmn name update to MVNO: 
01-10 14:12:20.658165  1311  1311 D MTKSST  : [CdmaLteSST0] refreshSpn: , , mForceBroadcastServiceState=false
01-10 14:12:20.660254  1311  1311 D MTKSST  : [CdmaLteSST0] Poll ServiceState done:  oldSS=[{mVoiceRegState=1(OUT_OF_SERVICE), mDataRegState=1(OUT_OF_SERVICE), mVoiceRoamingType=home, mDataRoamingType=home, mVoiceOperatorAlphaLong=, mVoiceOperatorAlphaShort=, mDataOperatorAlphaLong=, mDataOperatorAlphaShort=, isManualNetworkSelection=false(automatic), mRilVoiceRadioTechnology=0(Unknown), mRilDataRadioTechnology=0(Unknown), mCssIndicator=unsupported, mNetworkId=0, mSystemId=0, mCdmaRoamingIndicator=1, mCdmaDefaultRoamingIndicator=2, mIsEmergencyOnly=false, mIsDataRoamingFromRegistration=false, mIsUsingCarrierAggregation=false, mLteEarfcnRsrpBoost=0, Ril Voice Regist state=0, Ril Data Regist state=0, mProprietaryDataRadioTechnology=0, VoiceRejectCause=-1, DataRejectCause=-1}] newSS=[{mVoiceRegState=1(OUT_OF_SERVICE), mDataRegState=1(OUT_OF_SERVICE), mVoiceRoamingType=home, mDataRoamingType=home, mVoiceOperatorAlphaLong=, mVoiceOperatorAlphaShort=, mDataOperatorAlphaLong=, mDataOperatorAlphaShort=, isManualNetworkSelection=false(automatic), mRilVoiceRadioTechnology=0(Unknown), mRilDataRadioTechnology=0(Unknown), mCssIndicator=unsupported, mNetworkId=0, mSystemId=0, mCdmaRoamingIndicator=1, mCdmaDefaultRoamingIndicator=2, mIsEmergencyOnly=false, mIsDataRoamingFromRegistration=false, mIsUsingCarrierAggregation=false, mLteEarfcnRsrpBoost=0, Ril Voice Regist state=0, Ril Data Regist state=0, mProprietaryDataRadioTechnology=0, VoiceRejectCause=-1, DataRejectCause=-1}] oldMaxDataCalls=1 mNewMaxDataCalls=1 oldReasonDataDenied=-1 mNewReasonDataDenied=-1
01-10 14:12:20.660469  1311  1311 D MTKSST  : [CdmaLteSST0] pollStateDone: hasRegistered=false hasDeregistered=false hasDataAttached=false hasDataDetached=false hasDataRegStateChanged=false hasRilVoiceRadioTechnologyChanged= false hasRilDataRadioTechnologyChanged=false hasChanged=false hasVoiceRoamingOn=false hasVoiceRoamingOff=false hasDataRoamingOn=false hasDataRoamingOff=false hasLocationChanged=false has4gHandoff = false hasMultiApnSupport=false hasLostMultiApnSupport=false
01-10 14:12:20.662458  1311  1311 D MTKCAT  : StkAppService: onCreate()+ simCount: 1
01-10 14:12:20.666291  1311  1311 D MTKCAT  : CatService: call getInstance 3
01-10 14:12:20.676054  1311  1311 D MTKCAT  : StkAppInstaller: [install]+ sim_id: 255
01-10 14:12:20.678233  1311  1600 D MTKCAT  : StkAppInstaller: setAppState, sim_id: 255 Change app state[true]
01-10 14:12:20.777724  1311  1311 D MTKCAT  : StkAppService: StkAppService onStart sim id: -1, op: 5, Bundle[{op=5}]
01-10 14:12:20.778767  1311  1599 D MTKCAT  : StkAppService: handleMessage opcode[OP_BOOT_COMPLETED], sim id[-1]
01-10 14:12:20.812955  1311  1311 D MTKCAT  : com.android.stk.BootCompletedReceiver: [onReceive] action = android.intent.action.SIM_STATE_CHANGED
01-10 14:12:20.814789  1311  1311 D MTKCAT  : com.android.stk.BootCompletedReceiver: checkSimRadioState slotId = 0
01-10 14:12:20.815192  1311  1311 D MTKCAT  : com.android.stk.BootCompletedReceiver: multiSimMode: 1, slotId: 0, curRadioOnSim: 1
01-10 14:12:20.815446  1311  1311 D MTKCAT  : com.android.stk.BootCompletedReceiver: airlane mode is false
01-10 14:12:20.831079  1311  1311 D MTKCAT  : com.android.stk.BootCompletedReceiver: [onReceive] action = android.intent.action.SIM_STATE_CHANGED
01-10 14:12:20.831477  1311  1311 D MTKCAT  : com.android.stk.BootCompletedReceiver: checkSimRadioState slotId = 0
01-10 14:12:20.831678  1311  1311 D MTKCAT  : com.android.stk.BootCompletedReceiver: multiSimMode: 1, slotId: 0, curRadioOnSim: 1
01-10 14:12:20.831798  1311  1311 D MTKCAT  : com.android.stk.BootCompletedReceiver: airlane mode is false
01-10 14:12:20.833461  1311  1311 D MTKCAT  : StkAppService: StkAppService onStart sim id: 0, op: 9, Bundle[{SLOT_ID=0, op=9}]
01-10 14:12:20.833596  1311  1311 D MTKCAT  : CatService: call getInstance 3
01-10 14:12:20.837491  1311  1311 D MTKCAT  : StkAppService: onDestroy()
01-10 14:12:20.919109  1299  1321 D MtkImsManagerEx: mMtkImsService = com.mediatek.ims.MtkImsService@bd02c3f
01-10 14:12:20.919688  1299  1321 D MtkImsManagerEx: getModemMultiImsCount=2
01-10 14:12:21.085356   925   959 I AT      : [0] AT< +EREG: 0,"D72B","09279288",4,0,0,0,0 (RIL_URC_READER, tid:525060834544)
01-10 14:12:21.090290   925   992 D VT RIL THD: [VT RIL THD] msg_type = 101506, recv_length = 60076
01-10 14:12:21.090551   925   992 I VT RIL PSR: [VT  PARSER] MSG_ID_WRAP_IMSVT_IMCB_GET_CAP_RSP
01-10 14:12:21.090615   925   992 D VT RIL THD: [VT RIL THD] slot_id = 0, msg_data.size = 60084, msg_data.data = 525015794048
01-10 14:12:21.090734   925   959 I AT      : [0] AT< +EGREG: 4,"D72B","09279288",4,"2B",0,0,0,0 (RIL_URC_READER, tid:525060834544)
01-10 14:12:21.090885   925   959 I AT      : [0] AT< +ECSQ: 0,-512,1,1,1,1,1,256,1,1 (RIL_URC_READER, tid:525060834544)
01-10 14:12:21.090971   925   959 I AT      : [0] AT< +ECSQ: 0,-512,1,1,1,1,1,256,1,1 (RIL_URC_READER, tid:525060834544)
01-10 14:12:21.091045   925   959 I AT      : [0] AT< +EREG: 0,"D72B","09279288",4,0,1,0,0 (RIL_URC_READER, tid:525060834544)
01-10 14:12:21.091813  1311  1465 D RILJ    : Unsol response received; Sending ack to ril.cpp [SUB0]
01-10 14:12:21.091956  1311  1465 D RILJ    : [UNSL]< UNSOL_RESPONSE_CS_NETWORK_STATE_CHANGED [SUB0]
01-10 14:12:21.092369   925   990 I VT RIL RMC: [Handle EVT] event = 59022
01-10 14:12:21.092441   925   990 D VT RIL RMC: [VTREQ SENT] pSendMsg->size = 60084, pSendMsg->data = 525015933824
01-10 14:12:21.092788   925   974 D RmcEmbmsRequestHandler: [0] postEpsNetworkUpdate urc=+EGREG: 4,"D72B","09279288",4,"2B",0,0,0,0
01-10 14:12:21.092852   925   974 I AT      : [0] AT> AT+EOPS? (RIL_ATCI_READER, tid:525047362800)
01-10 14:12:21.093327   925   966 I AT      : [0] AT> AT+EOPS? (RIL_CMD_READER_1, tid:525055653104)
01-10 14:12:21.093680  1311  1465 D RILJ    : Unsol response received; Sending ack to ril.cpp [SUB0]
01-10 14:12:21.093772  1311  1465 D RILJ    : [UNSL]< UNSOL_RESPONSE_NETWORK_STATE_CHANGED [SUB0]
01-10 14:12:21.094267   925   957 I RILC    : try to getOpUnsolResponse from operator library
01-10 14:12:21.094324   925   957 I RilOpProxy: [getOpUnsolResponseInfo] dlopen failed in libmtk-rilop.so: (null)
01-10 14:12:21.094350   925   957 E RILC    : unsupported unsolicited response code 0
01-10 14:12:21.094982  1311  1311 D MTKSST  : [CdmaLteSST0] pollState: modemTriggered=true, mPollingContext=0, RadioState=RADIO_ON
01-10 14:12:21.096962   925   973 I AT      : [0] AT< +EOPS: 0,2,"46001",1 (RIL_ATCI_READER, tid:525048399088)
01-10 14:12:21.097122   925   973 I AT      : [0] AT< OK (RIL_ATCI_READER, tid:525048399088)
01-10 14:12:21.097138  1311  1311 D RILJ    : [3722]> OPERATOR [SUB0]
01-10 14:12:21.097781  1311  1465 D RILJ    : Unsol response received; Sending ack to ril.cpp [SUB0]
01-10 14:12:21.097829  1311  1465 D RILJ    : [UNSL]< UNSOL_RESPONSE_CS_NETWORK_STATE_CHANGED [SUB0]
01-10 14:12:21.097837   925   957 D RTC_EMBMS_AT: [0] Handle URC RFX_MSG_URC_EMBMS_CELL_INFO_NOTIFICATION Slot 0 (DefaultDataSlot:-1)
01-10 14:12:21.097876   925   957 D RTC_EMBMS_AT: [0] ignore URC due to not on DefaultDataSlot:-1
01-10 14:12:21.098153  1311  1311 D RILJ    : [3724]> DATA_REGISTRATION_STATE [SUB0]
01-10 14:12:21.098952  1311  1311 D RILJ    : [3726]> VOICE_REGISTRATION_STATE [SUB0]
01-10 14:12:21.099026  1311  1465 D RILJ    : Unsol response received; Sending ack to ril.cpp [SUB0]
01-10 14:12:21.099064  1311  1465 D RILJ    : [UNSL]< UNSOL_RESPONSE_NETWORK_STATE_CHANGED [SUB0]
01-10 14:12:21.099219  1311  1311 D MTKSST  : [CdmaLteSST0] pollState: modemTriggered=true, mPollingContext=3, RadioState=RADIO_ON
01-10 14:12:21.099549   925   965 I AT      : [0] AT< +EOPS: 0,2,"46001",1 (RIL_CMD_READER_1, tid:525061870832)
01-10 14:12:21.099677   925   965 I AT      : [0] AT< OK (RIL_CMD_READER_1, tid:525061870832)
01-10 14:12:21.099967   925   966 I AT      : [0] AT> AT+EOPS? (RIL_CMD_READER_1, tid:525055653104)
01-10 14:12:21.101877  1311  1465 D RILJ    : Unsol response received; Sending ack to ril.cpp [SUB0]
01-10 14:12:21.102014  1311  1465 D RILJ    : [UNSL]< UNSOL_RESPONSE_PS_NETWORK_STATE_CHANGED [SUB0]
01-10 14:12:21.103231  1311  1465 D RILJ    : Unsol response received; Sending ack to ril.cpp [SUB0]
01-10 14:12:21.103282   925   965 I AT      : [0] AT< +EOPS: 0,2,"46001",1 (RIL_CMD_READER_1, tid:525061870832)
01-10 14:12:21.103352  1311  1465 D RILJ    : [UNSL]< UNSOL_RESPONSE_NETWORK_STATE_CHANGED [SUB0]
01-10 14:12:21.103586  1311  1311 D MTKSST  : [CdmaLteSST0] pollState: modemTriggered=true, mPollingContext=3, RadioState=RADIO_ON
01-10 14:12:21.103983   925   965 I AT      : [0] AT< OK (RIL_CMD_READER_1, tid:525061870832)
01-10 14:12:21.104463   925   966 I AT      : [0] AT> AT+EGREG? (RIL_CMD_READER_1, tid:525055653104)
01-10 14:12:21.107290   925   965 I AT      : [0] AT< +EGREG: 3,4,"D72B","09279288",4,0,0,0,0,0 (RIL_CMD_READER_1, tid:525061870832)
01-10 14:12:21.107590   925   965 I AT      : [0] AT< OK (RIL_CMD_READER_1, tid:525061870832)
01-10 14:12:21.108252  1311  1465 D RILJ    : [3722]< OPERATOR {CHN-UNICOM, CHN-UNICOM, 46001} [SUB0]
01-10 14:12:21.108508  1311  1311 D MTKSST  : [CdmaLteSST0] updateLocatedPlmn(),previous plmn= null ,update to: 46001
