01-10 14:24:01.344103   925   957 I RilOemClient: mThermalFd is valid strResult is  2, 32767, -127, 25546, 32767, 8
01-10 14:24:01.345454   925  3445 D RilOemClient: stream null here
01-10 14:24:01.346885   925  3446 I RilClient: start listen on fd: 11, soicket name: rild-oem
01-10 14:24:02.982792   925   959 I AT      : [0] AT< +ECSQ: 70,42,1,-204,-13,1,1,4,32767,1 (RIL_URC_READER, tid:525060834544)
01-10 14:24:02.984858   925   960 D RmcNwHdlr: [0] handleSignalStrength, sig1:99, sig2:-1, cdma_dbm:-1, cdma_ecio:-1, evdo_dbm:-1,evdo_ecio:-1, evdo_snr:-1, lte_sig:99, lte_rsrp:2147483647, lte_rsrq:2147483647, lte_rssnr:2147483647, lte_cqi:2147483647,lte_timing_advance:2147483647, td_scdma_rscp:51
01-10 14:24:02.988363  1311  1311 D MTKSST  : [CdmaLteSST0] old:{level:0, raw:SignalStrength: 99 -1 -120 -160 -120 -1 -1 99 2147483647 2147483647 2147483647 2147483647 0 -52 cdma}, new:{level:0, raw:SignalStrength: 99 -1 -120 -160 -120 -1 -1 99 2147483647 2147483647 2147483647 2147483647 0 -51 cdma}
01-10 14:24:08.103569   925   959 I AT      : [0] AT< +ECSQ: 69,43,1,-206,-11,1,1,4,32767,1 (RIL_URC_READER, tid:525060834544)
01-10 14:24:11.352681   925  3446 I RilClient: initialize: commandFd is 0
01-10 14:24:11.354124   925  3452 I RilOemClient: NUMBER:1
01-10 14:24:11.354454   925  3452 I RilOemClient: arg len:14
01-10 14:24:11.354596   925  3452 I RilOemClient: ARGS[0]:THERMAL,0,-1
01-10 14:24:11.354797   925  3452 I RilOemClient: executeThermal
01-10 14:24:11.355041   925  3452 D RilOemClient: Thermal line = THERMAL,0,-1
01-10 14:24:11.355041   925  3452 D RilOemClient: , cmd:THERMAL, slotId:0, targetSim: 0
01-10 14:24:11.355165   925  3452 I RilOemClient: arg : -1
01-10 14:24:11.357916   925   966 D RmcOemRequestHandler: [0] onHandleRequest: RFX_MSG_REQUEST_QUERY_MODEM_THERMAL(55019)
01-10 14:24:11.358096   925   966 I RmcOemRequestHandler: requestQueryThermal Enter: -1
01-10 14:24:11.358213   925   966 I AT      : [0] AT> AT+ETHERMAL (RIL_CMD_READER_1, tid:525055653104)
01-10 14:24:11.370204   925   965 I AT      : [0] AT< +ETHERMAL: 2, 32767, -127, -14362, 32767, 8 (RIL_CMD_READER_1, tid:525061870832)
01-10 14:24:11.371338   925   965 I AT      : [0] AT< OK (RIL_CMD_READER_1, tid:525061870832)
01-10 14:24:11.371803   925   966 I RmcOemRequestHandler: requestQueryThermal success
01-10 14:24:11.373307   925   957 D RtcRilClientController: client 1001 handle requestComplete
01-10 14:24:11.373458   925   957 I RilOemClient: request for THERMAL returned
01-10 14:24:11.373563   925   957 I RilOemClient: mThermalFd is valid strResult is  2, 32767, -127, -14362, 32767, 8
01-10 14:24:11.374897   925  3453 D RilOemClient: stream null here
01-10 14:24:11.376350   925  3454 I RilClient: start listen on fd: 11, soicket name: rild-oem
01-10 14:24:13.227123   925   959 I AT      : [0] AT< +ECSQ: 69,42,1,-205,-14,1,1,4,32767,1 (RIL_URC_READER, tid:525060834544)
01-10 14:24:18.347643   925   959 I AT      : [0] AT< +ECSQ: 69,42,1,-205,-13,1,1,4,32767,1 (RIL_URC_READER, tid:525060834544)
01-10 14:24:21.381505   925  3454 I RilClient: initialize: commandFd is 68
01-10 14:24:21.383296   925  3460 I RilOemClient: NUMBER:1
01-10 14:24:21.383876   925  3460 I RilOemClient: arg len:14
01-10 14:24:21.384028   925  3460 I RilOemClient: ARGS[0]:THERMAL,0,-1
01-10 14:24:21.384220   925  3460 I RilOemClient: executeThermal
01-10 14:24:21.384474   925  3460 D RilOemClient: Thermal line = THERMAL,0,-1
01-10 14:24:21.384474   925  3460 D RilOemClient: , cmd:THERMAL, slotId:0, targetSim: 0
01-10 14:24:21.384598   925  3460 I RilOemClient: arg : -1
01-10 14:24:21.386979   925   966 D RmcOemRequestHandler: [0] onHandleRequest: RFX_MSG_REQUEST_QUERY_MODEM_THERMAL(55019)
01-10 14:24:21.387144   925   966 I RmcOemRequestHandler: requestQueryThermal Enter: -1
01-10 14:24:21.387264   925   966 I AT      : [0] AT> AT+ETHERMAL (RIL_CMD_READER_1, tid:525055653104)
01-10 14:24:21.400276   925   965 I AT      : [0] AT< +ETHERMAL: 2, 32767, -127, 11273, 32767, 8 (RIL_CMD_READER_1, tid:525061870832)
01-10 14:24:21.401063   925   965 I AT      : [0] AT< OK (RIL_CMD_READER_1, tid:525061870832)
01-10 14:24:21.401599   925   966 I RmcOemRequestHandler: requestQueryThermal success
01-10 14:24:21.402941   925   957 D RtcRilClientController: client 1001 handle requestComplete
01-10 14:24:21.403084   925   957 I RilOemClient: request for THERMAL returned
01-10 14:24:21.403190   925   957 I RilOemClient: mThermalFd is valid strResult is  2, 32767, -127, 11273, 32767, 8
01-10 14:24:21.404445   925  3461 D RilOemClient: stream null here
01-10 14:24:21.405785   925  3462 I RilClient: start listen on fd: 11, soicket name: rild-oem
01-10 14:24:23.259903   555  1983 E RPC     : entry g_lowpower_mode
01-10 14:24:23.469661   925   959 I AT      : [0] AT< +ECSQ: 69,43,1,-207,-12,1,1,4,32767,1 (RIL_URC_READER, tid:525060834544)
01-10 14:24:28.590876   925   959 I AT      : [0] AT< +ECSQ: 68,42,1,-211,-14,1,1,4,32767,1 (RIL_URC_READER, tid:525060834544)
01-10 14:24:28.593324   925   960 D RmcNwHdlr: [0] handleSignalStrength, sig1:99, sig2:-1, cdma_dbm:-1, cdma_ecio:-1, evdo_dbm:-1,evdo_ecio:-1, evdo_snr:-1, lte_sig:99, lte_rsrp:2147483647, lte_rsrq:2147483647, lte_rssnr:2147483647, lte_cqi:2147483647,lte_timing_advance:2147483647, td_scdma_rscp:52
01-10 14:24:28.596841  1311  1311 D MTKSST  : [CdmaLteSST0] old:{level:0, raw:SignalStrength: 99 -1 -120 -160 -120 -1 -1 99 2147483647 2147483647 2147483647 2147483647 0 -51 cdma}, new:{level:0, raw:SignalStrength: 99 -1 -120 -160 -120 -1 -1 99 2147483647 2147483647 2147483647 2147483647 0 -52 cdma}
01-10 14:24:31.411678   925  3462 I RilClient: initialize: commandFd is 0
01-10 14:24:31.413748   925  3468 I RilOemClient: NUMBER:1
01-10 14:24:31.414083   925  3468 I RilOemClient: arg len:14
01-10 14:24:31.414223   925  3468 I RilOemClient: ARGS[0]:THERMAL,0,-1
01-10 14:24:31.414359   925  3468 I RilOemClient: executeThermal
01-10 14:24:31.414553   925  3468 D RilOemClient: Thermal line = THERMAL,0,-1
01-10 14:24:31.414553   925  3468 D RilOemClient: , cmd:THERMAL, slotId:0, targetSim: 0
01-10 14:24:31.414683   925  3468 I RilOemClient: arg : -1
01-10 14:24:31.417375   925   966 D RmcOemRequestHandler: [0] onHandleRequest: RFX_MSG_REQUEST_QUERY_MODEM_THERMAL(55019)
01-10 14:24:31.417554   925   966 I RmcOemRequestHandler: requestQueryThermal Enter: -1
01-10 14:24:31.417672   925   966 I AT      : [0] AT> AT+ETHERMAL (RIL_CMD_READER_1, tid:525055653104)
01-10 14:24:31.429417   925   965 I AT      : [0] AT< +ETHERMAL: 2, 32767, -127, -28613, 32767, 8 (RIL_CMD_READER_1, tid:525061870832)
01-10 14:24:31.430203   925   965 I AT      : [0] AT< OK (RIL_CMD_READER_1, tid:525061870832)
01-10 14:24:31.430545   925   966 I RmcOemRequestHandler: requestQueryThermal success
01-10 14:24:31.432039   925   957 D RtcRilClientController: client 1001 handle requestComplete
01-10 14:24:31.432198   925   957 I RilOemClient: request for THERMAL returned
01-10 14:24:31.432303   925   957 I RilOemClient: mThermalFd is valid strResult is  2, 32767, -127, -28613, 32767, 8
01-10 14:24:31.434122   925  3469 D RilOemClient: stream null here
01-10 14:24:31.435770   925  3470 I RilClient: start listen on fd: 11, soicket name: rild-oem
01-10 14:24:33.701844   925   959 I AT      : [0] AT< +ECSQ: 67,42,1,-213,-13,1,1,4,32767,1 (RIL_URC_READER, tid:525060834544)
01-10 14:24:33.704027   925   960 D RmcNwHdlr: [0] handleSignalStrength, sig1:99, sig2:-1, cdma_dbm:-1, cdma_ecio:-1, evdo_dbm:-1,evdo_ecio:-1, evdo_snr:-1, lte_sig:99, lte_rsrp:2147483647, lte_rsrq:2147483647, lte_rssnr:2147483647, lte_cqi:2147483647,lte_timing_advance:2147483647, td_scdma_rscp:53
01-10 14:24:33.707170  1311  1311 D MTKSST  : [CdmaLteSST0] old:{level:0, raw:SignalStrength: 99 -1 -120 -160 -120 -1 -1 99 2147483647 2147483647 2147483647 2147483647 0 -52 cdma}, new:{level:0, raw:SignalStrength: 99 -1 -120 -160 -120 -1 -1 99 2147483647 2147483647 2147483647 2147483647 0 -53 cdma}
01-10 14:24:37.880839   555  1169 E RPC     : entry g_lowpower_mode
01-10 14:24:38.822685   925   959 I AT      : [0] AT< +ECSQ: 68,42,1,-212,-13,1,1,4,32767,1 (RIL_URC_READER, tid:525060834544)
01-10 14:24:41.440915   925  3470 I RilClient: initialize: commandFd is 68
01-10 14:24:41.443088   925  3476 I RilOemClient: NUMBER:1
01-10 14:24:41.443560   925  3476 I RilOemClient: arg len:14
01-10 14:24:41.443716   925  3476 I RilOemClient: ARGS[0]:THERMAL,0,-1
01-10 14:24:41.443930   925  3476 I RilOemClient: executeThermal
01-10 14:24:41.444201   925  3476 D RilOemClient: Thermal line = THERMAL,0,-1
01-10 14:24:41.444201   925  3476 D RilOemClient: , cmd:THERMAL, slotId:0, targetSim: 0
01-10 14:24:41.444327   925  3476 I RilOemClient: arg : -1
01-10 14:24:41.446680   925   966 D RmcOemRequestHandler: [0] onHandleRequest: RFX_MSG_REQUEST_QUERY_MODEM_THERMAL(55019)
01-10 14:24:41.446848   925   966 I RmcOemRequestHandler: requestQueryThermal Enter: -1
01-10 14:24:41.446964   925   966 I AT      : [0] AT> AT+ETHERMAL (RIL_CMD_READER_1, tid:525055653104)
01-10 14:24:41.458968   925   965 I AT      : [0] AT< +ETHERMAL: 2, 32767, -127, -2976, 32767, 8 (RIL_CMD_READER_1, tid:525061870832)
01-10 14:24:41.460172   925   965 I AT      : [0] AT< OK (RIL_CMD_READER_1, tid:525061870832)
01-10 14:24:41.460750   925   966 I RmcOemRequestHandler: requestQueryThermal success
01-10 14:24:41.462183   925   957 D RtcRilClientController: client 1001 handle requestComplete
01-10 14:24:41.462330   925   957 I RilOemClient: request for THERMAL returned
01-10 14:24:41.462435   925   957 I RilOemClient: mThermalFd is valid strResult is  2, 32767, -127, -2976, 32767, 8
01-10 14:24:41.463648   925  3477 D RilOemClient: stream null here
01-10 14:24:41.465074   925  3478 I RilClient: start listen on fd: 11, soicket name: rild-oem
01-10 14:24:43.944126   925   959 I AT      : [0] AT< +ECSQ: 67,42,1,-214,-14,1,1,4,32767,1 (RIL_URC_READER, tid:525060834544)
01-10 14:24:49.066207   925   959 I AT      : [0] AT< +ECSQ: 68,40,1,-210,-18,1,1,4,32767,1 (RIL_URC_READER, tid:525060834544)
01-10 14:24:49.068509   925   960 D RmcNwHdlr: [0] handleSignalStrength, sig1:99, sig2:-1, cdma_dbm:-1, cdma_ecio:-1, evdo_dbm:-1,evdo_ecio:-1, evdo_snr:-1, lte_sig:99, lte_rsrp:2147483647, lte_rsrq:2147483647, lte_rssnr:2147483647, lte_cqi:2147483647,lte_timing_advance:2147483647, td_scdma_rscp:52
01-10 14:24:49.071806  1311  1311 D MTKSST  : [CdmaLteSST0] old:{level:0, raw:SignalStrength: 99 -1 -120 -160 -120 -1 -1 99 2147483647 2147483647 2147483647 2147483647 0 -53 cdma}, new:{level:0, raw:SignalStrength: 99 -1 -120 -160 -120 -1 -1 99 2147483647 2147483647 2147483647 2147483647 0 -52 cdma}
01-10 14:24:51.470983   925  3478 I RilClient: initialize: commandFd is 0
01-10 14:24:51.473095   925  3484 I RilOemClient: NUMBER:1
01-10 14:24:51.473460   925  3484 I RilOemClient: arg len:14
01-10 14:24:51.473605   925  3484 I RilOemClient: ARGS[0]:THERMAL,0,-1
01-10 14:24:51.473778   925  3484 I RilOemClient: executeThermal
01-10 14:24:51.474031   925  3484 D RilOemClient: Thermal line = THERMAL,0,-1
01-10 14:24:51.474031   925  3484 D RilOemClient: , cmd:THERMAL, slotId:0, targetSim: 0
01-10 14:24:51.474157   925  3484 I RilOemClient: arg : -1
01-10 14:24:51.476623   925   966 D RmcOemRequestHandler: [0] onHandleRequest: RFX_MSG_REQUEST_QUERY_MODEM_THERMAL(55019)
01-10 14:24:51.476806   925   966 I RmcOemRequestHandler: requestQueryThermal Enter: -1
01-10 14:24:51.476928   925   966 I AT      : [0] AT> AT+ETHERMAL (RIL_CMD_READER_1, tid:525055653104)
01-10 14:24:51.489056   925   965 I AT      : [0] AT< +ETHERMAL: 2, 32767, -127, 22672, 32767, 8 (RIL_CMD_READER_1, tid:525061870832)
01-10 14:24:51.489651   925   965 I AT      : [0] AT< OK (RIL_CMD_READER_1, tid:525061870832)
01-10 14:24:51.489986   925   966 I RmcOemRequestHandler: requestQueryThermal success
01-10 14:24:51.491343   925   957 D RtcRilClientController: client 1001 handle requestComplete
01-10 14:24:51.491607   925   957 I RilOemClient: request for THERMAL returned
01-10 14:24:51.491718   925   957 I RilOemClient: mThermalFd is valid strResult is  2, 32767, -127, 22672, 32767, 8
01-10 14:24:51.492974   925  3485 D RilOemClient: stream null here
01-10 14:24:51.494470   925  3486 I RilClient: start listen on fd: 11, soicket name: rild-oem
01-10 14:24:54.187165   925   959 I AT      : [0] AT< +ECSQ: 69,43,1,-208,-11,1,1,4,32767,1 (RIL_URC_READER, tid:525060834544)
01-10 14:24:59.308014   925   959 I AT      : [0] AT< +ECSQ: 68,43,1,-209,-11,1,1,4,32767,1 (RIL_URC_READER, tid:525060834544)
01-10 14:25:01.500435   925  3486 I RilClient: initialize: commandFd is 68
01-10 14:25:01.501890   925  3492 I RilOemClient: NUMBER:1
01-10 14:25:01.502242   925  3492 I RilOemClient: arg len:14
01-10 14:25:01.502382   925  3492 I RilOemClient: ARGS[0]:THERMAL,0,-1
01-10 14:25:01.502571   925  3492 I RilOemClient: executeThermal
01-10 14:25:01.502818   925  3492 D RilOemClient: Thermal line = THERMAL,0,-1
01-10 14:25:01.502818   925  3492 D RilOemClient: , cmd:THERMAL, slotId:0, targetSim: 0
01-10 14:25:01.502942   925  3492 I RilOemClient: arg : -1
01-10 14:25:01.505494   925   966 D RmcOemRequestHandler: [0] onHandleRequest: RFX_MSG_REQUEST_QUERY_MODEM_THERMAL(55019)
01-10 14:25:01.505677   925   966 I RmcOemRequestHandler: requestQueryThermal Enter: -1
01-10 14:25:01.505796   925   966 I AT      : [0] AT> AT+ETHERMAL (RIL_CMD_READER_1, tid:525055653104)
01-10 14:25:01.517667   925   965 I AT      : [0] AT< +ETHERMAL: 2, 32767, -127, -17237, 32767, 8 (RIL_CMD_READER_1, tid:525061870832)
01-10 14:25:01.518579   925   965 I AT      : [0] AT< OK (RIL_CMD_READER_1, tid:525061870832)
01-10 14:25:01.518937   925   966 I RmcOemRequestHandler: requestQueryThermal success
01-10 14:25:01.520156   925   957 D RtcRilClientController: client 1001 handle requestComplete
01-10 14:25:01.520301   925   957 I RilOemClient: request for THERMAL returned
01-10 14:25:01.520405   925   957 I RilOemClient: mThermalFd is valid strResult is  2, 32767, -127, -17237, 32767, 8
01-10 14:25:01.521479   925  3493 D RilOemClient: stream null here
01-10 14:25:01.522698   925  3494 I RilClient: start listen on fd: 11, soicket name: rild-oem
01-10 14:25:04.429387   925   959 I AT      : [0] AT< +ECSQ: 68,43,1,-209,-12,1,1,4,32767,1 (RIL_URC_READER, tid:525060834544)
01-10 14:25:09.550939   925   959 I AT      : [0] AT< +ECSQ: 69,43,1,-208,-12,1,1,4,32767,1 (RIL_URC_READER, tid:525060834544)
01-10 14:25:11.529353   925  3494 I RilClient: initialize: commandFd is 0
01-10 14:25:11.531191   925  3500 I RilOemClient: NUMBER:1
01-10 14:25:11.531696   925  3500 I RilOemClient: arg len:14
01-10 14:25:11.531848   925  3500 I RilOemClient: ARGS[0]:THERMAL,0,-1
01-10 14:25:11.531994   925  3500 I RilOemClient: executeThermal
01-10 14:25:11.532259   925  3500 D RilOemClient: Thermal line = THERMAL,0,-1
01-10 14:25:11.532259   925  3500 D RilOemClient: , cmd:THERMAL, slotId:0, targetSim: 0
01-10 14:25:11.532350   925  3500 I RilOemClient: arg : -1
01-10 14:25:11.534949   925   966 D RmcOemRequestHandler: [0] onHandleRequest: RFX_MSG_REQUEST_QUERY_MODEM_THERMAL(55019)
01-10 14:25:11.535121   925   966 I RmcOemRequestHandler: requestQueryThermal Enter: -1
01-10 14:25:11.535239   925   966 I AT      : [0] AT> AT+ETHERMAL (RIL_CMD_READER_1, tid:525055653104)
01-10 14:25:11.548103   925   965 I AT      : [0] AT< +ETHERMAL: 2, 32767, -127, 8402, 32767, 8 (RIL_CMD_READER_1, tid:525061870832)
01-10 14:25:11.548566   925   965 I AT      : [0] AT< OK (RIL_CMD_READER_1, tid:525061870832)
01-10 14:25:11.548903   925   966 I RmcOemRequestHandler: requestQueryThermal success
01-10 14:25:11.550050   925   957 D RtcRilClientController: client 1001 handle requestComplete
01-10 14:25:11.550192   925   957 I RilOemClient: request for THERMAL returned
01-10 14:25:11.550296   925   957 I RilOemClient: mThermalFd is valid strResult is  2, 32767, -127, 8402, 32767, 8
01-10 14:25:11.551385   925  3501 D RilOemClient: stream null here
01-10 14:25:11.552798   925  3502 I RilClient: start listen on fd: 11, soicket name: rild-oem
01-10 14:25:14.661547   925   959 I AT      : [0] AT< +ECSQ: 69,43,1,-207,-11,1,1,4,32767,1 (RIL_URC_READER, tid:525060834544)
01-10 14:25:14.663688   925   960 D RmcNwHdlr: [0] handleSignalStrength, sig1:99, sig2:-1, cdma_dbm:-1, cdma_ecio:-1, evdo_dbm:-1,evdo_ecio:-1, evdo_snr:-1, lte_sig:99, lte_rsrp:2147483647, lte_rsrq:2147483647, lte_rssnr:2147483647, lte_cqi:2147483647,lte_timing_advance:2147483647, td_scdma_rscp:51
01-10 14:25:14.666896  1311  1311 D MTKSST  : [CdmaLteSST0] old:{level:0, raw:SignalStrength: 99 -1 -120 -160 -120 -1 -1 99 2147483647 2147483647 2147483647 2147483647 0 -52 cdma}, new:{level:0, raw:SignalStrength: 99 -1 -120 -160 -120 -1 -1 99 2147483647 2147483647 2147483647 2147483647 0 -51 cdma}
01-10 14:25:19.782597   925   959 I AT      : [0] AT< +ECSQ: 69,43,1,-206,-12,1,1,4,32767,1 (RIL_URC_READER, tid:525060834544)
01-10 14:25:21.558618   925  3502 I RilClient: initialize: commandFd is 68
01-10 14:25:21.560272   925  3508 I RilOemClient: NUMBER:1
01-10 14:25:21.560600   925  3508 I RilOemClient: arg len:14
01-10 14:25:21.560741   925  3508 I RilOemClient: ARGS[0]:THERMAL,0,-1
01-10 14:25:21.560904   925  3508 I RilOemClient: executeThermal
01-10 14:25:21.561101   925  3508 D RilOemClient: Thermal line = THERMAL,0,-1
01-10 14:25:21.561101   925  3508 D RilOemClient: , cmd:THERMAL, slotId:0, targetSim: 0
01-10 14:25:21.561225   925  3508 I RilOemClient: arg : -1
01-10 14:25:21.563664   925   966 D RmcOemRequestHandler: [0] onHandleRequest: RFX_MSG_REQUEST_QUERY_MODEM_THERMAL(55019)
01-10 14:25:21.563839   925   966 I RmcOemRequestHandler: requestQueryThermal Enter: -1
01-10 14:25:21.563955   925   966 I AT      : [0] AT> AT+ETHERMAL (RIL_CMD_READER_1, tid:525055653104)
01-10 14:25:21.576057   925   965 I AT      : [0] AT< +ETHERMAL: 2, 32767, -127, -31506, 32767, 8 (RIL_CMD_READER_1, tid:525061870832)
01-10 14:25:21.576846   925   965 I AT      : [0] AT< OK (RIL_CMD_READER_1, tid:525061870832)
01-10 14:25:21.577469   925   966 I RmcOemRequestHandler: requestQueryThermal success
01-10 14:25:21.578879   925   957 D RtcRilClientController: client 1001 handle requestComplete
01-10 14:25:21.579026   925   957 I RilOemClient: request for THERMAL returned
01-10 14:25:21.579135   925   957 I RilOemClient: mThermalFd is valid strResult is  2, 32767, -127, -31506, 32767, 8
01-10 14:25:21.580300   925  3509 D RilOemClient: stream null here
01-10 14:25:21.581574   925  3510 I RilClient: start listen on fd: 11, soicket name: rild-oem
01-10 14:25:23.294105   555  1983 E RPC     : entry g_lowpower_mode
01-10 14:25:24.904655   925   959 I AT      : [0] AT< +ECSQ: 68,43,1,-209,-11,1,1,4,32767,1 (RIL_URC_READER, tid:525060834544)
01-10 14:25:24.906759   925   960 D RmcNwHdlr: [0] handleSignalStrength, sig1:99, sig2:-1, cdma_dbm:-1, cdma_ecio:-1, evdo_dbm:-1,evdo_ecio:-1, evdo_snr:-1, lte_sig:99, lte_rsrp:2147483647, lte_rsrq:2147483647, lte_rssnr:2147483647, lte_cqi:2147483647,lte_timing_advance:2147483647, td_scdma_rscp:52
01-10 14:25:24.910243  1311  1311 D MTKSST  : [CdmaLteSST0] old:{level:0, raw:SignalStrength: 99 -1 -120 -160 -120 -1 -1 99 2147483647 2147483647 2147483647 2147483647 0 -51 cdma}, new:{level:0, raw:SignalStrength: 99 -1 -120 -160 -120 -1 -1 99 2147483647 2147483647 2147483647 2147483647 0 -52 cdma}
01-10 14:25:30.025189   925   959 I AT      : [0] AT< +ECSQ: 68,42,1,-211,-13,1,1,4,32767,1 (RIL_URC_READER, tid:525060834544)
01-10 14:25:31.587520   925  3510 I RilClient: initialize: commandFd is 0
01-10 14:25:31.589187   925  3516 I RilOemClient: NUMBER:1
01-10 14:25:31.589522   925  3516 I RilOemClient: arg len:14
01-10 14:25:31.589666   925  3516 I RilOemClient: ARGS[0]:THERMAL,0,-1
01-10 14:25:31.589836   925  3516 I RilOemClient: executeThermal
01-10 14:25:31.590074   925  3516 D RilOemClient: Thermal line = THERMAL,0,-1
01-10 14:25:31.590074   925  3516 D RilOemClient: , cmd:THERMAL, slotId:0, targetSim: 0
01-10 14:25:31.590198   925  3516 I RilOemClient: arg : -1
01-10 14:25:31.592644   925   966 D RmcOemRequestHandler: [0] onHandleRequest: RFX_MSG_REQUEST_QUERY_MODEM_THERMAL(55019)
01-10 14:25:31.592812   925   966 I RmcOemRequestHandler: requestQueryThermal Enter: -1
01-10 14:25:31.592927   925   966 I AT      : [0] AT> AT+ETHERMAL (RIL_CMD_READER_1, tid:525055653104)
01-10 14:25:31.605001   925   965 I AT      : [0] AT< +ETHERMAL: 2, 32767, -127, -5875, 32767, 8 (RIL_CMD_READER_1, tid:525061870832)
01-10 14:25:31.605626   925   965 I AT      : [0] AT< OK (RIL_CMD_READER_1, tid:525061870832)
01-10 14:25:31.605990   925   966 I RmcOemRequestHandler: requestQueryThermal success
01-10 14:25:31.607105   925   957 D RtcRilClientController: client 1001 handle requestComplete
01-10 14:25:31.607249   925   957 I RilOemClient: request for THERMAL returned
01-10 14:25:31.607353   925   957 I RilOemClient: mThermalFd is valid strResult is  2, 32767, -127, -5875, 32767, 8
01-10 14:25:31.609301   925  3517 D RilOemClient: stream null here
01-10 14:25:31.610696   925  3518 I RilClient: start listen on fd: 11, soicket name: rild-oem
01-10 14:25:35.146069   925   959 I AT      : [0] AT< +ECSQ: 68,42,1,-212,-13,1,1,4,32767,1 (RIL_URC_READER, tid:525060834544)
01-10 14:25:35.148234   925   960 D RmcNwHdlr: [0] handleSignalStrength, sig1:99, sig2:-1, cdma_dbm:-1, cdma_ecio:-1, evdo_dbm:-1,evdo_ecio:-1, evdo_snr:-1, lte_sig:99, lte_rsrp:2147483647, lte_rsrq:2147483647, lte_rssnr:2147483647, lte_cqi:2147483647,lte_timing_advance:2147483647, td_scdma_rscp:53
01-10 14:25:35.151497  1311  1311 D MTKSST  : [CdmaLteSST0] old:{level:0, raw:SignalStrength: 99 -1 -120 -160 -120 -1 -1 99 2147483647 2147483647 2147483647 2147483647 0 -52 cdma}, new:{level:0, raw:SignalStrength: 99 -1 -120 -160 -120 -1 -1 99 2147483647 2147483647 2147483647 2147483647 0 -53 cdma}
01-10 14:25:37.911276   555  1169 E RPC     : entry g_lowpower_mode
01-10 14:25:40.266160   925   959 I AT      : [0] AT< +ECSQ: 68,42,1,-210,-14,1,1,4,32767,1 (RIL_URC_READER, tid:525060834544)
01-10 14:25:40.267944   925   960 D RmcNwHdlr: [0] handleSignalStrength, sig1:99, sig2:-1, cdma_dbm:-1, cdma_ecio:-1, evdo_dbm:-1,evdo_ecio:-1, evdo_snr:-1, lte_sig:99, lte_rsrp:2147483647, lte_rsrq:2147483647, lte_rssnr:2147483647, lte_cqi:2147483647,lte_timing_advance:2147483647, td_scdma_rscp:52
01-10 14:25:40.270637  1311  1311 D MTKSST  : [CdmaLteSST0] old:{level:0, raw:SignalStrength: 99 -1 -120 -160 -120 -1 -1 99 2147483647 2147483647 2147483647 2147483647 0 -53 cdma}, new:{level:0, raw:SignalStrength: 99 -1 -120 -160 -120 -1 -1 99 2147483647 2147483647 2147483647 2147483647 0 -52 cdma}
01-10 14:25:41.615620   925  3518 I RilClient: initialize: commandFd is 68
01-10 14:25:41.617130   925  3524 I RilOemClient: NUMBER:1
01-10 14:25:41.617477   925  3524 I RilOemClient: arg len:14
01-10 14:25:41.617618   925  3524 I RilOemClient: ARGS[0]:THERMAL,0,-1
01-10 14:25:41.617807   925  3524 I RilOemClient: executeThermal
01-10 14:25:41.618042   925  3524 D RilOemClient: Thermal line = THERMAL,0,-1
01-10 14:25:41.618042   925  3524 D RilOemClient: , cmd:THERMAL, slotId:0, targetSim: 0
01-10 14:25:41.618166   925  3524 I RilOemClient: arg : -1
01-10 14:25:41.620828   925   966 D RmcOemRequestHandler: [0] onHandleRequest: RFX_MSG_REQUEST_QUERY_MODEM_THERMAL(55019)
01-10 14:25:41.621009   925   966 I RmcOemRequestHandler: requestQueryThermal Enter: -1
01-10 14:25:41.621127   925   966 I AT      : [0] AT> AT+ETHERMAL (RIL_CMD_READER_1, tid:525055653104)
01-10 14:25:41.633008   925   965 I AT      : [0] AT< +ETHERMAL: 2, 32767, -127, 19742, 32767, 8 (RIL_CMD_READER_1, tid:525061870832)
01-10 14:25:41.634075   925   965 I AT      : [0] AT< OK (RIL_CMD_READER_1, tid:525061870832)
01-10 14:25:41.634671   925   966 I RmcOemRequestHandler: requestQueryThermal success
01-10 14:25:41.636128   925   957 D RtcRilClientController: client 1001 handle requestComplete
01-10 14:25:41.636292   925   957 I RilOemClient: request for THERMAL returned
01-10 14:25:41.636397   925   957 I RilOemClient: mThermalFd is valid strResult is  2, 32767, -127, 19742, 32767, 8
01-10 14:25:41.638219   925  3525 D RilOemClient: stream null here
01-10 14:25:41.639853   925  3526 I RilClient: start listen on fd: 11, soicket name: rild-oem
01-10 14:25:45.389644   925   959 I AT      : [0] AT< +ECSQ: 69,42,1,-206,-13,1,1,4,32767,1 (RIL_URC_READER, tid:525060834544)
01-10 14:25:45.392114   925   960 D RmcNwHdlr: [0] handleSignalStrength, sig1:99, sig2:-1, cdma_dbm:-1, cdma_ecio:-1, evdo_dbm:-1,evdo_ecio:-1, evdo_snr:-1, lte_sig:99, lte_rsrp:2147483647, lte_rsrq:2147483647, lte_rssnr:2147483647, lte_cqi:2147483647,lte_timing_advance:2147483647, td_scdma_rscp:51
01-10 14:25:45.395572  1311  1311 D MTKSST  : [CdmaLteSST0] old:{level:0, raw:SignalStrength: 99 -1 -120 -160 -120 -1 -1 99 2147483647 2147483647 2147483647 2147483647 0 -52 cdma}, new:{level:0, raw:SignalStrength: 99 -1 -120 -160 -120 -1 -1 99 2147483647 2147483647 2147483647 2147483647 0 -51 cdma}
01-10 14:25:50.511046   925   959 I AT      : [0] AT< +ECSQ: 69,42,1,-207,-13,1,1,4,32767,1 (RIL_URC_READER, tid:525060834544)
01-10 14:25:51.645099   925  3526 I RilClient: initialize: commandFd is 0
01-10 14:25:51.646854   925  3532 I RilOemClient: NUMBER:1
01-10 14:25:51.647201   925  3532 I RilOemClient: arg len:14
01-10 14:25:51.647345   925  3532 I RilOemClient: ARGS[0]:THERMAL,0,-1
01-10 14:25:51.647680   925  3532 I RilOemClient: executeThermal
01-10 14:25:51.647969   925  3532 D RilOemClient: Thermal line = THERMAL,0,-1
01-10 14:25:51.647969   925  3532 D RilOemClient: , cmd:THERMAL, slotId:0, targetSim: 0
01-10 14:25:51.648096   925  3532 I RilOemClient: arg : -1
01-10 14:25:51.650461   925   966 D RmcOemRequestHandler: [0] onHandleRequest: RFX_MSG_REQUEST_QUERY_MODEM_THERMAL(55019)
01-10 14:25:51.650632   925   966 I RmcOemRequestHandler: requestQueryThermal Enter: -1
01-10 14:25:51.650751   925   966 I AT      : [0] AT> AT+ETHERMAL (RIL_CMD_READER_1, tid:525055653104)
01-10 14:25:51.663626   925   965 I AT      : [0] AT< +ETHERMAL: 2, 32767, -127, -20150, 32767, 8 (RIL_CMD_READER_1, tid:525061870832)
01-10 14:25:51.664209   925   965 I AT      : [0] AT< OK (RIL_CMD_READER_1, tid:525061870832)
01-10 14:25:51.664650   925   966 I RmcOemRequestHandler: requestQueryThermal success
01-10 14:25:51.665814   925   957 D RtcRilClientController: client 1001 handle requestComplete
01-10 14:25:51.665958   925   957 I RilOemClient: request for THERMAL returned
01-10 14:25:51.666064   925   957 I RilOemClient: mThermalFd is valid strResult is  2, 32767, -127, -20150, 32767, 8
01-10 14:25:51.667103   925  3533 D RilOemClient: stream null here
01-10 14:25:51.669009   925  3534 I RilClient: start listen on fd: 11, soicket name: rild-oem
01-10 14:25:55.622254   925   959 I AT      : [0] AT< +ECSQ: 68,43,1,-210,-12,1,1,4,32767,1 (RIL_URC_READER, tid:525060834544)
01-10 14:25:55.624468   925   960 D RmcNwHdlr: [0] handleSignalStrength, sig1:99, sig2:-1, cdma_dbm:-1, cdma_ecio:-1, evdo_dbm:-1,evdo_ecio:-1, evdo_snr:-1, lte_sig:99, lte_rsrp:2147483647, lte_rsrq:2147483647, lte_rssnr:2147483647, lte_cqi:2147483647,lte_timing_advance:2147483647, td_scdma_rscp:52
01-10 14:25:55.627980  1311  1311 D MTKSST  : [CdmaLteSST0] old:{level:0, raw:SignalStrength: 99 -1 -120 -160 -120 -1 -1 99 2147483647 2147483647 2147483647 2147483647 0 -51 cdma}, new:{level:0, raw:SignalStrength: 99 -1 -120 -160 -120 -1 -1 99 2147483647 2147483647 2147483647 2147483647 0 -52 cdma}
01-10 14:26:00.742730   925   959 I AT      : [0] AT< +ECSQ: 68,41,1,-212,-15,1,1,4,32767,1 (RIL_URC_READER, tid:525060834544)
01-10 14:26:00.745073   925   960 D RmcNwHdlr: [0] handleSignalStrength, sig1:99, sig2:-1, cdma_dbm:-1, cdma_ecio:-1, evdo_dbm:-1,evdo_ecio:-1, evdo_snr:-1, lte_sig:99, lte_rsrp:2147483647, lte_rsrq:2147483647, lte_rssnr:2147483647, lte_cqi:2147483647,lte_timing_advance:2147483647, td_scdma_rscp:53
01-10 14:26:00.748527  1311  1311 D MTKSST  : [CdmaLteSST0] old:{level:0, raw:SignalStrength: 99 -1 -120 -160 -120 -1 -1 99 2147483647 2147483647 2147483647 2147483647 0 -52 cdma}, new:{level:0, raw:SignalStrength: 99 -1 -120 -160 -120 -1 -1 99 2147483647 2147483647 2147483647 2147483647 0 -53 cdma}
01-10 14:26:01.669327   925  3534 I RilClient: initialize: commandFd is 68
01-10 14:26:01.671635   925  3541 I RilOemClient: NUMBER:1
01-10 14:26:01.671990   925  3541 I RilOemClient: arg len:14
01-10 14:26:01.672132   925  3541 I RilOemClient: ARGS[0]:THERMAL,0,-1
01-10 14:26:01.672313   925  3541 I RilOemClient: executeThermal
01-10 14:26:01.672557   925  3541 D RilOemClient: Thermal line = THERMAL,0,-1
01-10 14:26:01.672557   925  3541 D RilOemClient: , cmd:THERMAL, slotId:0, targetSim: 0
01-10 14:26:01.672680   925  3541 I RilOemClient: arg : -1
01-10 14:26:01.675044   925   966 D RmcOemRequestHandler: [0] onHandleRequest: RFX_MSG_REQUEST_QUERY_MODEM_THERMAL(55019)
01-10 14:26:01.675213   925   966 I RmcOemRequestHandler: requestQueryThermal Enter: -1
01-10 14:26:01.675332   925   966 I AT      : [0] AT> AT+ETHERMAL (RIL_CMD_READER_1, tid:525055653104)
01-10 14:26:01.687860   925   965 I AT      : [0] AT< +ETHERMAL: 2, 32767, -127, 5414, 32767, 8 (RIL_CMD_READER_1, tid:525061870832)
01-10 14:26:01.688644   925   965 I AT      : [0] AT< OK (RIL_CMD_READER_1, tid:525061870832)
01-10 14:26:01.689374   925   966 I RmcOemRequestHandler: requestQueryThermal success
01-10 14:26:01.690984   925   957 D RtcRilClientController: client 1001 handle requestComplete
01-10 14:26:01.691133   925   957 I RilOemClient: request for THERMAL returned
01-10 14:26:01.691239   925   957 I RilOemClient: mThermalFd is valid strResult is  2, 32767, -127, 5414, 32767, 8
01-10 14:26:01.692435   925  3542 D RilOemClient: stream null here
01-10 14:26:01.693783   925  3543 I RilClient: start listen on fd: 11, soicket name: rild-oem
01-10 14:26:05.864481   925   959 I AT      : [0] AT< +ECSQ: 69,42,1,-205,-14,1,1,4,32767,1 (RIL_URC_READER, tid:525060834544)
01-10 14:26:05.866763   925   960 D RmcNwHdlr: [0] handleSignalStrength, sig1:99, sig2:-1, cdma_dbm:-1, cdma_ecio:-1, evdo_dbm:-1,evdo_ecio:-1, evdo_snr:-1, lte_sig:99, lte_rsrp:2147483647, lte_rsrq:2147483647, lte_rssnr:2147483647, lte_cqi:2147483647,lte_timing_advance:2147483647, td_scdma_rscp:51
01-10 14:26:05.869782  1311  1311 D MTKSST  : [CdmaLteSST0] old:{level:0, raw:SignalStrength: 99 -1 -120 -160 -120 -1 -1 99 2147483647 2147483647 2147483647 2147483647 0 -53 cdma}, new:{level:0, raw:SignalStrength: 99 -1 -120 -160 -120 -1 -1 99 2147483647 2147483647 2147483647 2147483647 0 -51 cdma}
01-10 14:26:10.984808   925   959 I AT      : [0] AT< +ECSQ: 69,43,1,-207,-11,1,1,4,32767,1 (RIL_URC_READER, tid:525060834544)
01-10 14:26:11.700011   925  3543 I RilClient: initialize: commandFd is 0
01-10 14:26:11.701520   925  3548 I RilOemClient: NUMBER:1
01-10 14:26:11.701856   925  3548 I RilOemClient: arg len:14
01-10 14:26:11.701998   925  3548 I RilOemClient: ARGS[0]:THERMAL,0,-1
01-10 14:26:11.702173   925  3548 I RilOemClient: executeThermal
01-10 14:26:11.702439   925  3548 D RilOemClient: Thermal line = THERMAL,0,-1
01-10 14:26:11.702439   925  3548 D RilOemClient: , cmd:THERMAL, slotId:0, targetSim: 0
01-10 14:26:11.702565   925  3548 I RilOemClient: arg : -1
01-10 14:26:11.705361   925   966 D RmcOemRequestHandler: [0] onHandleRequest: RFX_MSG_REQUEST_QUERY_MODEM_THERMAL(55019)
01-10 14:26:11.705546   925   966 I RmcOemRequestHandler: requestQueryThermal Enter: -1
01-10 14:26:11.705664   925   966 I AT      : [0] AT> AT+ETHERMAL (RIL_CMD_READER_1, tid:525055653104)
01-10 14:26:11.718456   925   965 I AT      : [0] AT< +ETHERMAL: 2, 32767, -127, 31064, 32767, 8 (RIL_CMD_READER_1, tid:525061870832)
01-10 14:26:11.719074   925   965 I AT      : [0] AT< OK (RIL_CMD_READER_1, tid:525061870832)
01-10 14:26:11.719494   925   966 I RmcOemRequestHandler: requestQueryThermal success
01-10 14:26:11.721438   925   957 D RtcRilClientController: client 1001 handle requestComplete
01-10 14:26:11.721677   925   957 I RilOemClient: request for THERMAL returned
01-10 14:26:11.721782   925   957 I RilOemClient: mThermalFd is valid strResult is  2, 32767, -127, 31064, 32767, 8
01-10 14:26:11.722914   925  3549 D RilOemClient: stream null here
01-10 14:26:11.724754   925  3550 I RilClient: start listen on fd: 11, soicket name: rild-oem
01-10 14:26:16.106898   925   959 I AT      : [0] AT< +ECSQ: 67,43,1,-214,-12,1,1,4,32767,1 (RIL_URC_READER, tid:525060834544)
01-10 14:26:16.109369   925   960 D RmcNwHdlr: [0] handleSignalStrength, sig1:99, sig2:-1, cdma_dbm:-1, cdma_ecio:-1, evdo_dbm:-1,evdo_ecio:-1, evdo_snr:-1, lte_sig:99, lte_rsrp:2147483647, lte_rsrq:2147483647, lte_rssnr:2147483647, lte_cqi:2147483647,lte_timing_advance:2147483647, td_scdma_rscp:53
01-10 14:26:16.112881  1311  1311 D MTKSST  : [CdmaLteSST0] old:{level:0, raw:SignalStrength: 99 -1 -120 -160 -120 -1 -1 99 2147483647 2147483647 2147483647 2147483647 0 -51 cdma}, new:{level:0, raw:SignalStrength: 99 -1 -120 -160 -120 -1 -1 99 2147483647 2147483647 2147483647 2147483647 0 -53 cdma}
01-10 14:26:21.226182   925   959 I AT      : [0] AT< +ECSQ: 68,42,1,-212,-13,1,1,4,32767,1 (RIL_URC_READER, tid:525060834544)
01-10 14:26:21.730287   925  3550 I RilClient: initialize: commandFd is 68
01-10 14:26:21.732113   925  3556 I RilOemClient: NUMBER:1
01-10 14:26:21.732464   925  3556 I RilOemClient: arg len:14
01-10 14:26:21.732607   925  3556 I RilOemClient: ARGS[0]:THERMAL,0,-1
01-10 14:26:21.732795   925  3556 I RilOemClient: executeThermal
01-10 14:26:21.733040   925  3556 D RilOemClient: Thermal line = THERMAL,0,-1
01-10 14:26:21.733040   925  3556 D RilOemClient: , cmd:THERMAL, slotId:0, targetSim: 0
01-10 14:26:21.733163   925  3556 I RilOemClient: arg : -1
01-10 14:26:21.735650   925   966 D RmcOemRequestHandler: [0] onHandleRequest: RFX_MSG_REQUEST_QUERY_MODEM_THERMAL(55019)
01-10 14:26:21.735821   925   966 I RmcOemRequestHandler: requestQueryThermal Enter: -1
01-10 14:26:21.735938   925   966 I AT      : [0] AT> AT+ETHERMAL (RIL_CMD_READER_1, tid:525055653104)
01-10 14:26:21.748646   925   965 I AT      : [0] AT< +ETHERMAL: 2, 32767, -127, -8821, 32767, 8 (RIL_CMD_READER_1, tid:525061870832)
01-10 14:26:21.749439   925   965 I AT      : [0] AT< OK (RIL_CMD_READER_1, tid:525061870832)
01-10 14:26:21.750054   925   966 I RmcOemRequestHandler: requestQueryThermal success
01-10 14:26:21.751544   925   957 D RtcRilClientController: client 1001 handle requestComplete
01-10 14:26:21.751708   925   957 I RilOemClient: request for THERMAL returned
01-10 14:26:21.751815   925   957 I RilOemClient: mThermalFd is valid strResult is  2, 32767, -127, -8821, 32767, 8
01-10 14:26:21.753053   925  3557 D RilOemClient: stream null here
01-10 14:26:21.754440   925  3558 I RilClient: start listen on fd: 11, soicket name: rild-oem
01-10 14:26:23.354804   555  1983 E RPC     : entry g_lowpower_mode
01-10 14:26:26.349383   925   959 I AT      : [0] AT< +ECSQ: 68,42,1,-212,-14,1,1,4,32767,1 (RIL_URC_READER, tid:525060834544)
01-10 14:26:31.470816   925   959 I AT      : [0] AT< +ECSQ: 68,41,1,-211,-15,1,1,4,32767,1 (RIL_URC_READER, tid:525060834544)
01-10 14:26:31.473186   925   960 D RmcNwHdlr: [0] handleSignalStrength, sig1:99, sig2:-1, cdma_dbm:-1, cdma_ecio:-1, evdo_dbm:-1,evdo_ecio:-1, evdo_snr:-1, lte_sig:99, lte_rsrp:2147483647, lte_rsrq:2147483647, lte_rssnr:2147483647, lte_cqi:2147483647,lte_timing_advance:2147483647, td_scdma_rscp:52
01-10 14:26:31.476596  1311  1311 D MTKSST  : [CdmaLteSST0] old:{level:0, raw:SignalStrength: 99 -1 -120 -160 -120 -1 -1 99 2147483647 2147483647 2147483647 2147483647 0 -53 cdma}, new:{level:0, raw:SignalStrength: 99 -1 -120 -160 -120 -1 -1 99 2147483647 2147483647 2147483647 2147483647 0 -52 cdma}
01-10 14:26:31.757792   925  3558 I RilClient: initialize: commandFd is 0
01-10 14:26:31.759301   925  3564 I RilOemClient: NUMBER:1
01-10 14:26:31.759873   925  3564 I RilOemClient: arg len:14
01-10 14:26:31.760022   925  3564 I RilOemClient: ARGS[0]:THERMAL,0,-1
01-10 14:26:31.760208   925  3564 I RilOemClient: executeThermal
01-10 14:26:31.760412   925  3564 D RilOemClient: Thermal line = THERMAL,0,-1
01-10 14:26:31.760412   925  3564 D RilOemClient: , cmd:THERMAL, slotId:0, targetSim: 0
01-10 14:26:31.760559   925  3564 I RilOemClient: arg : -1
01-10 14:26:31.763580   925   966 D RmcOemRequestHandler: [0] onHandleRequest: RFX_MSG_REQUEST_QUERY_MODEM_THERMAL(55019)
01-10 14:26:31.763767   925   966 I RmcOemRequestHandler: requestQueryThermal Enter: -1
01-10 14:26:31.763888   925   966 I AT      : [0] AT> AT+ETHERMAL (RIL_CMD_READER_1, tid:525055653104)
01-10 14:26:31.776150   925   965 I AT      : [0] AT< +ETHERMAL: 2, 32767, -127, 16789, 32767, 8 (RIL_CMD_READER_1, tid:525061870832)
01-10 14:26:31.776957   925   965 I AT      : [0] AT< OK (RIL_CMD_READER_1, tid:525061870832)
01-10 14:26:31.777578   925   966 I RmcOemRequestHandler: requestQueryThermal success
01-10 14:26:31.778935   925   957 D RtcRilClientController: client 1001 handle requestComplete
01-10 14:26:31.779087   925   957 I RilOemClient: request for THERMAL returned
01-10 14:26:31.779191   925   957 I RilOemClient: mThermalFd is valid strResult is  2, 32767, -127, 16789, 32767, 8
01-10 14:26:31.780475   925  3565 D RilOemClient: stream null here
01-10 14:26:31.781965   925  3566 I RilClient: start listen on fd: 11, soicket name: rild-oem
01-10 14:26:36.581462   925   959 I AT      : [0] AT< +ECSQ: 68,43,1,-210,-12,1,1,4,32767,1 (RIL_URC_READER, tid:525060834544)
01-10 14:26:37.930404   555  1169 E RPC     : entry g_lowpower_mode
01-10 14:26:41.718867   925   959 I AT      : [0] AT< +ECSQ: 69,41,1,-206,-15,1,1,4,32767,1 (RIL_URC_READER, tid:525060834544)
01-10 14:26:41.721184   925   960 D RmcNwHdlr: [0] handleSignalStrength, sig1:99, sig2:-1, cdma_dbm:-1, cdma_ecio:-1, evdo_dbm:-1,evdo_ecio:-1, evdo_snr:-1, lte_sig:99, lte_rsrp:2147483647, lte_rsrq:2147483647, lte_rssnr:2147483647, lte_cqi:2147483647,lte_timing_advance:2147483647, td_scdma_rscp:51
01-10 14:26:41.724493  1311  1311 D MTKSST  : [CdmaLteSST0] old:{level:0, raw:SignalStrength: 99 -1 -120 -160 -120 -1 -1 99 2147483647 2147483647 2147483647 2147483647 0 -52 cdma}, new:{level:0, raw:SignalStrength: 99 -1 -120 -160 -120 -1 -1 99 2147483647 2147483647 2147483647 2147483647 0 -51 cdma}
01-10 14:26:41.787356   925  3566 I RilClient: initialize: commandFd is 68
01-10 14:26:41.789224   925  3572 I RilOemClient: NUMBER:1
01-10 14:26:41.789565   925  3572 I RilOemClient: arg len:14
01-10 14:26:41.789707   925  3572 I RilOemClient: ARGS[0]:THERMAL,0,-1
01-10 14:26:41.789896   925  3572 I RilOemClient: executeThermal
01-10 14:26:41.790143   925  3572 D RilOemClient: Thermal line = THERMAL,0,-1
01-10 14:26:41.790143   925  3572 D RilOemClient: , cmd:THERMAL, slotId:0, targetSim: 0
01-10 14:26:41.790267   925  3572 I RilOemClient: arg : -1
01-10 14:26:41.792999   925   966 D RmcOemRequestHandler: [0] onHandleRequest: RFX_MSG_REQUEST_QUERY_MODEM_THERMAL(55019)
01-10 14:26:41.793185   925   966 I RmcOemRequestHandler: requestQueryThermal Enter: -1
01-10 14:26:41.793303   925   966 I AT      : [0] AT> AT+ETHERMAL (RIL_CMD_READER_1, tid:525055653104)
01-10 14:26:41.806077   925   965 I AT      : [0] AT< +ETHERMAL: 2, 32767, -127, -23103, 32767, 8 (RIL_CMD_READER_1, tid:525061870832)
01-10 14:26:41.806689   925   965 I AT      : [0] AT< OK (RIL_CMD_READER_1, tid:525061870832)
01-10 14:26:41.807040   925   966 I RmcOemRequestHandler: requestQueryThermal success
01-10 14:26:41.808651   925   957 D RtcRilClientController: client 1001 handle requestComplete
01-10 14:26:41.808804   925   957 I RilOemClient: request for THERMAL returned
01-10 14:26:41.808909   925   957 I RilOemClient: mThermalFd is valid strResult is  2, 32767, -127, -23103, 32767, 8
01-10 14:26:41.810208   925  3573 D RilOemClient: stream null here
01-10 14:26:41.811888   925  3574 I RilClient: start listen on fd: 11, soicket name: rild-oem
01-10 14:26:46.840963   925   959 I AT      : [0] AT< +ECSQ: 68,42,1,-210,-13,1,1,4,32767,1 (RIL_URC_READER, tid:525060834544)
01-10 14:26:46.843195   925   960 D RmcNwHdlr: [0] handleSignalStrength, sig1:99, sig2:-1, cdma_dbm:-1, cdma_ecio:-1, evdo_dbm:-1,evdo_ecio:-1, evdo_snr:-1, lte_sig:99, lte_rsrp:2147483647, lte_rsrq:2147483647, lte_rssnr:2147483647, lte_cqi:2147483647,lte_timing_advance:2147483647, td_scdma_rscp:52
01-10 14:26:46.846679  1311  1311 D MTKSST  : [CdmaLteSST0] old:{level:0, raw:SignalStrength: 99 -1 -120 -160 -120 -1 -1 99 2147483647 2147483647 2147483647 2147483647 0 -51 cdma}, new:{level:0, raw:SignalStrength: 99 -1 -120 -160 -120 -1 -1 99 2147483647 2147483647 2147483647 2147483647 0 -52 cdma}
01-10 14:26:51.816975   925  3574 I RilClient: initialize: commandFd is 0
01-10 14:26:51.818466   925  3580 I RilOemClient: NUMBER:1
01-10 14:26:51.818812   925  3580 I RilOemClient: arg len:14
01-10 14:26:51.818953   925  3580 I RilOemClient: ARGS[0]:THERMAL,0,-1
01-10 14:26:51.819097   925  3580 I RilOemClient: executeThermal
01-10 14:26:51.819292   925  3580 D RilOemClient: Thermal line = THERMAL,0,-1
01-10 14:26:51.819292   925  3580 D RilOemClient: , cmd:THERMAL, slotId:0, targetSim: 0
01-10 14:26:51.819569   925  3580 I RilOemClient: arg : -1
01-10 14:26:51.822011   925   966 D RmcOemRequestHandler: [0] onHandleRequest: RFX_MSG_REQUEST_QUERY_MODEM_THERMAL(55019)
01-10 14:26:51.822179   925   966 I RmcOemRequestHandler: requestQueryThermal Enter: -1
01-10 14:26:51.822296   925   966 I AT      : [0] AT> AT+ETHERMAL (RIL_CMD_READER_1, tid:525055653104)
01-10 14:26:51.835485   925   965 I AT      : [0] AT< +ETHERMAL: 2, 32767, -127, 2529, 32767, 8 (RIL_CMD_READER_1, tid:525061870832)
01-10 14:26:51.836295   925   965 I AT      : [0] AT< OK (RIL_CMD_READER_1, tid:525061870832)
01-10 14:26:51.836818   925   966 I RmcOemRequestHandler: requestQueryThermal success
01-10 14:26:51.838365   925   957 D RtcRilClientController: client 1001 handle requestComplete
01-10 14:26:51.838514   925   957 I RilOemClient: request for THERMAL returned
01-10 14:26:51.838620   925   957 I RilOemClient: mThermalFd is valid strResult is  2, 32767, -127, 2529, 32767, 8
01-10 14:26:51.840609   925  3581 D RilOemClient: stream null here
01-10 14:26:51.842095   925  3582 I RilClient: start listen on fd: 11, soicket name: rild-oem
01-10 14:26:51.945648   925   959 I AT      : [0] AT< +ECSQ: 68,43,1,-211,-11,1,1,4,32767,1 (RIL_URC_READER, tid:525060834544)
01-10 14:26:57.065642   925   959 I AT      : [0] AT< +ECSQ: 68,44,1,-210,-10,1,1,4,32767,1 (RIL_URC_READER, tid:525060834544)
01-10 14:27:01.844401   925  3582 I RilClient: initialize: commandFd is 68
01-10 14:27:01.846575   925  3588 I RilOemClient: NUMBER:1
01-10 14:27:01.846917   925  3588 I RilOemClient: arg len:14
01-10 14:27:01.847062   925  3588 I RilOemClient: ARGS[0]:THERMAL,0,-1
01-10 14:27:01.847250   925  3588 I RilOemClient: executeThermal
01-10 14:27:01.847620   925  3588 D RilOemClient: Thermal line = THERMAL,0,-1
01-10 14:27:01.847620   925  3588 D RilOemClient: , cmd:THERMAL, slotId:0, targetSim: 0
01-10 14:27:01.847776   925  3588 I RilOemClient: arg : -1
01-10 14:27:01.850365   925   966 D RmcOemRequestHandler: [0] onHandleRequest: RFX_MSG_REQUEST_QUERY_MODEM_THERMAL(55019)
01-10 14:27:01.850541   925   966 I RmcOemRequestHandler: requestQueryThermal Enter: -1
01-10 14:27:01.850660   925   966 I AT      : [0] AT> AT+ETHERMAL (RIL_CMD_READER_1, tid:525055653104)
01-10 14:27:01.862576   925   965 I AT      : [0] AT< +ETHERMAL: 2, 32767, -127, 28152, 32767, 8 (RIL_CMD_READER_1, tid:525061870832)
01-10 14:27:01.863781   925   965 I AT      : [0] AT< OK (RIL_CMD_READER_1, tid:525061870832)
01-10 14:27:01.864393   925   966 I RmcOemRequestHandler: requestQueryThermal success
01-10 14:27:01.865810   925   957 D RtcRilClientController: client 1001 handle requestComplete
01-10 14:27:01.865966   925   957 I RilOemClient: request for THERMAL returned
01-10 14:27:01.866073   925   957 I RilOemClient: mThermalFd is valid strResult is  2, 32767, -127, 28152, 32767, 8
01-10 14:27:01.867640   925  3589 D RilOemClient: stream null here
01-10 14:27:01.869597   925  3590 I RilClient: start listen on fd: 11, soicket name: rild-oem
01-10 14:27:02.188312   925   959 I AT      : [0] AT< +ECSQ: 68,43,1,-210,-12,1,1,4,32767,1 (RIL_URC_READER, tid:525060834544)
01-10 14:27:07.306959   925   959 I AT      : [0] AT< +ECSQ: 68,43,1,-209,-11,1,1,4,32767,1 (RIL_URC_READER, tid:525060834544)
01-10 14:27:11.874561   925  3590 I RilClient: initialize: commandFd is 0
01-10 14:27:11.876306   925  3596 I RilOemClient: NUMBER:1
01-10 14:27:11.876653   925  3596 I RilOemClient: arg len:14
01-10 14:27:11.876799   925  3596 I RilOemClient: ARGS[0]:THERMAL,0,-1
01-10 14:27:11.876997   925  3596 I RilOemClient: executeThermal
01-10 14:27:11.877243   925  3596 D RilOemClient: Thermal line = THERMAL,0,-1
01-10 14:27:11.877243   925  3596 D RilOemClient: , cmd:THERMAL, slotId:0, targetSim: 0
01-10 14:27:11.877368   925  3596 I RilOemClient: arg : -1
01-10 14:27:11.879868   925   966 D RmcOemRequestHandler: [0] onHandleRequest: RFX_MSG_REQUEST_QUERY_MODEM_THERMAL(55019)
01-10 14:27:11.880041   925   966 I RmcOemRequestHandler: requestQueryThermal Enter: -1
01-10 14:27:11.880161   925   966 I AT      : [0] AT> AT+ETHERMAL (RIL_CMD_READER_1, tid:525055653104)
01-10 14:27:11.891913   925   965 I AT      : [0] AT< +ETHERMAL: 2, 32767, -127, -11749, 32767, 8 (RIL_CMD_READER_1, tid:525061870832)
01-10 14:27:11.892726   925   965 I AT      : [0] AT< OK (RIL_CMD_READER_1, tid:525061870832)
01-10 14:27:11.893057   925   966 I RmcOemRequestHandler: requestQueryThermal success
01-10 14:27:11.894201   925   957 D RtcRilClientController: client 1001 handle requestComplete
01-10 14:27:11.894347   925   957 I RilOemClient: request for THERMAL returned
01-10 14:27:11.894451   925   957 I RilOemClient: mThermalFd is valid strResult is  2, 32767, -127, -11749, 32767, 8
01-10 14:27:11.895683   925  3597 D RilOemClient: stream null here
01-10 14:27:11.897009   925  3598 I RilClient: start listen on fd: 11, soicket name: rild-oem
01-10 14:27:12.430778   925   959 I AT      : [0] AT< +ECSQ: 68,43,1,-212,-12,1,1,4,32767,1 (RIL_URC_READER, tid:525060834544)
01-10 14:27:12.433078   925   960 D RmcNwHdlr: [0] handleSignalStrength, sig1:99, sig2:-1, cdma_dbm:-1, cdma_ecio:-1, evdo_dbm:-1,evdo_ecio:-1, evdo_snr:-1, lte_sig:99, lte_rsrp:2147483647, lte_rsrq:2147483647, lte_rssnr:2147483647, lte_cqi:2147483647,lte_timing_advance:2147483647, td_scdma_rscp:53
01-10 14:27:12.436597  1311  1311 D MTKSST  : [CdmaLteSST0] old:{level:0, raw:SignalStrength: 99 -1 -120 -160 -120 -1 -1 99 2147483647 2147483647 2147483647 2147483647 0 -52 cdma}, new:{level:0, raw:SignalStrength: 99 -1 -120 -160 -120 -1 -1 99 2147483647 2147483647 2147483647 2147483647 0 -53 cdma}
01-10 14:27:17.541984   925   959 I AT      : [0] AT< +ECSQ: 68,43,1,-209,-12,1,1,4,32767,1 (RIL_URC_READER, tid:525060834544)
01-10 14:27:17.544313   925   960 D RmcNwHdlr: [0] handleSignalStrength, sig1:99, sig2:-1, cdma_dbm:-1, cdma_ecio:-1, evdo_dbm:-1,evdo_ecio:-1, evdo_snr:-1, lte_sig:99, lte_rsrp:2147483647, lte_rsrq:2147483647, lte_rssnr:2147483647, lte_cqi:2147483647,lte_timing_advance:2147483647, td_scdma_rscp:52
01-10 14:27:17.547900  1311  1311 D MTKSST  : [CdmaLteSST0] old:{level:0, raw:SignalStrength: 99 -1 -120 -160 -120 -1 -1 99 2147483647 2147483647 2147483647 2147483647 0 -53 cdma}, new:{level:0, raw:SignalStrength: 99 -1 -120 -160 -120 -1 -1 99 2147483647 2147483647 2147483647 2147483647 0 -52 cdma}
01-10 14:27:21.902760   925  3598 I RilClient: initialize: commandFd is 68
01-10 14:27:21.904958   925  3604 I RilOemClient: NUMBER:1
01-10 14:27:21.905309   925  3604 I RilOemClient: arg len:14
01-10 14:27:21.905454   925  3604 I RilOemClient: ARGS[0]:THERMAL,0,-1
01-10 14:27:21.905626   925  3604 I RilOemClient: executeThermal
01-10 14:27:21.905883   925  3604 D RilOemClient: Thermal line = THERMAL,0,-1
01-10 14:27:21.905883   925  3604 D RilOemClient: , cmd:THERMAL, slotId:0, targetSim: 0
01-10 14:27:21.906013   925  3604 I RilOemClient: arg : -1
01-10 14:27:21.908531   925   966 D RmcOemRequestHandler: [0] onHandleRequest: RFX_MSG_REQUEST_QUERY_MODEM_THERMAL(55019)
01-10 14:27:21.908715   925   966 I RmcOemRequestHandler: requestQueryThermal Enter: -1
01-10 14:27:21.908834   925   966 I AT      : [0] AT> AT+ETHERMAL (RIL_CMD_READER_1, tid:525055653104)
01-10 14:27:21.920718   925   965 I AT      : [0] AT< +ETHERMAL: 2, 32767, -127, 13878, 32767, 8 (RIL_CMD_READER_1, tid:525061870832)
01-10 14:27:21.921710   925   965 I AT      : [0] AT< OK (RIL_CMD_READER_1, tid:525061870832)
01-10 14:27:21.922219   925   966 I RmcOemRequestHandler: requestQueryThermal success
01-10 14:27:21.923361   925   957 D RtcRilClientController: client 1001 handle requestComplete
01-10 14:27:21.923661   925   957 I RilOemClient: request for THERMAL returned
01-10 14:27:21.923765   925   957 I RilOemClient: mThermalFd is valid strResult is  2, 32767, -127, 13878, 32767, 8
01-10 14:27:21.924871   925  3605 D RilOemClient: stream null here
01-10 14:27:21.926188   925  3606 I RilClient: start listen on fd: 11, soicket name: rild-oem
01-10 14:27:23.404282   555  1983 E RPC     : entry g_lowpower_mode
01-10 14:27:27.783588   925   959 I AT      : [0] AT< +ECSQ: 68,42,1,-209,-13,1,1,4,32767,1 (RIL_URC_READER, tid:525060834544)
01-10 14:27:31.932352   925  3606 I RilClient: initialize: commandFd is 0
01-10 14:27:31.933860   925  3612 I RilOemClient: NUMBER:1
01-10 14:27:31.934197   925  3612 I RilOemClient: arg len:14
01-10 14:27:31.934339   925  3612 I RilOemClient: ARGS[0]:THERMAL,0,-1
01-10 14:27:31.934512   925  3612 I RilOemClient: executeThermal
01-10 14:27:31.934742   925  3612 D RilOemClient: Thermal line = THERMAL,0,-1
01-10 14:27:31.934742   925  3612 D RilOemClient: , cmd:THERMAL, slotId:0, targetSim: 0
01-10 14:27:31.934875   925  3612 I RilOemClient: arg : -1
