01-10 14:27:31.937490   925   966 D RmcOemRequestHandler: [0] onHandleRequest: RFX_MSG_REQUEST_QUERY_MODEM_THERMAL(55019)
01-10 14:27:31.937667   925   966 I RmcOemRequestHandler: requestQueryThermal Enter: -1
01-10 14:27:31.937788   925   966 I AT      : [0] AT> AT+ETHERMAL (RIL_CMD_READER_1, tid:525055653104)
01-10 14:27:31.949918   925   965 I AT      : [0] AT< +ETHERMAL: 2, 32767, -127, -26027, 32767, 8 (RIL_CMD_READER_1, tid:525061870832)
01-10 14:27:31.950707   925   965 I AT      : [0] AT< OK (RIL_CMD_READER_1, tid:525061870832)
01-10 14:27:31.951055   925   966 I RmcOemRequestHandler: requestQueryThermal success
01-10 14:27:31.952304   925   957 D RtcRilClientController: client 1001 handle requestComplete
01-10 14:27:31.952453   925   957 I RilOemClient: request for THERMAL returned
01-10 14:27:31.952558   925   957 I RilOemClient: mThermalFd is valid strResult is  2, 32767, -127, -26027, 32767, 8
01-10 14:27:31.953728   925  3613 D RilOemClient: stream null here
01-10 14:27:31.954916   925  3614 I RilClient: start listen on fd: 11, soicket name: rild-oem
01-10 14:27:32.905440   925   959 I AT      : [0] AT< +ECSQ: 69,43,1,-206,-12,1,1,4,32767,1 (RIL_URC_READER, tid:525060834544)
01-10 14:27:32.907797   925   960 D RmcNwHdlr: [0] handleSignalStrength, sig1:99, sig2:-1, cdma_dbm:-1, cdma_ecio:-1, evdo_dbm:-1,evdo_ecio:-1, evdo_snr:-1, lte_sig:99, lte_rsrp:2147483647, lte_rsrq:2147483647, lte_rssnr:2147483647, lte_cqi:2147483647,lte_timing_advance:2147483647, td_scdma_rscp:51
01-10 14:27:32.911223  1311  1311 D MTKSST  : [CdmaLteSST0] old:{level:0, raw:SignalStrength: 99 -1 -120 -160 -120 -1 -1 99 2147483647 2147483647 2147483647 2147483647 0 -52 cdma}, new:{level:0, raw:SignalStrength: 99 -1 -120 -160 -120 -1 -1 99 2147483647 2147483647 2147483647 2147483647 0 -51 cdma}
01-10 14:27:37.954991   555  1169 E RPC     : entry g_lowpower_mode
01-10 14:27:38.026727   925   959 I AT      : [0] AT< +ECSQ: 68,43,1,-209,-12,1,1,4,32767,1 (RIL_URC_READER, tid:525060834544)
01-10 14:27:38.029003   925   960 D RmcNwHdlr: [0] handleSignalStrength, sig1:99, sig2:-1, cdma_dbm:-1, cdma_ecio:-1, evdo_dbm:-1,evdo_ecio:-1, evdo_snr:-1, lte_sig:99, lte_rsrp:2147483647, lte_rsrq:2147483647, lte_rssnr:2147483647, lte_cqi:2147483647,lte_timing_advance:2147483647, td_scdma_rscp:52
01-10 14:27:38.032474  1311  1311 D MTKSST  : [CdmaLteSST0] old:{level:0, raw:SignalStrength: 99 -1 -120 -160 -120 -1 -1 99 2147483647 2147483647 2147483647 2147483647 0 -51 cdma}, new:{level:0, raw:SignalStrength: 99 -1 -120 -160 -120 -1 -1 99 2147483647 2147483647 2147483647 2147483647 0 -52 cdma}
01-10 14:27:41.960855   925  3614 I RilClient: initialize: commandFd is 68
01-10 14:27:41.963161   925  3620 I RilOemClient: NUMBER:1
01-10 14:27:41.963704   925  3620 I RilOemClient: arg len:14
01-10 14:27:41.963911   925  3620 I RilOemClient: ARGS[0]:THERMAL,0,-1
01-10 14:27:41.964127   925  3620 I RilOemClient: executeThermal
01-10 14:27:41.964378   925  3620 D RilOemClient: Thermal line = THERMAL,0,-1
01-10 14:27:41.964378   925  3620 D RilOemClient: , cmd:THERMAL, slotId:0, targetSim: 0
01-10 14:27:41.964501   925  3620 I RilOemClient: arg : -1
01-10 14:27:41.966879   925   966 D RmcOemRequestHandler: [0] onHandleRequest: RFX_MSG_REQUEST_QUERY_MODEM_THERMAL(55019)
01-10 14:27:41.967046   925   966 I RmcOemRequestHandler: requestQueryThermal Enter: -1
01-10 14:27:41.967163   925   966 I AT      : [0] AT> AT+ETHERMAL (RIL_CMD_READER_1, tid:525055653104)
01-10 14:27:41.979729   925   965 I AT      : [0] AT< +ETHERMAL: 2, 32767, -127, -385, 32767, 8 (RIL_CMD_READER_1, tid:525061870832)
01-10 14:27:41.980608   925   965 I AT      : [0] AT< OK (RIL_CMD_READER_1, tid:525061870832)
01-10 14:27:41.981234   925   966 I RmcOemRequestHandler: requestQueryThermal success
01-10 14:27:41.982633   925   957 D RtcRilClientController: client 1001 handle requestComplete
01-10 14:27:41.982783   925   957 I RilOemClient: request for THERMAL returned
01-10 14:27:41.982887   925   957 I RilOemClient: mThermalFd is valid strResult is  2, 32767, -127, -385, 32767, 8
01-10 14:27:41.984873   925  3621 D RilOemClient: stream null here
01-10 14:27:41.986359   925  3622 I RilClient: start listen on fd: 11, soicket name: rild-oem
01-10 14:27:43.147492   925   959 I AT      : [0] AT< +ECSQ: 69,42,1,-208,-14,1,1,4,32767,1 (RIL_URC_READER, tid:525060834544)
01-10 14:27:48.269636   925   959 I AT      : [0] AT< +ECSQ: 70,44,1,-203,-10,1,1,4,32767,1 (RIL_URC_READER, tid:525060834544)
01-10 14:27:48.272193   925   960 D RmcNwHdlr: [0] handleSignalStrength, sig1:99, sig2:-1, cdma_dbm:-1, cdma_ecio:-1, evdo_dbm:-1,evdo_ecio:-1, evdo_snr:-1, lte_sig:99, lte_rsrp:2147483647, lte_rsrq:2147483647, lte_rssnr:2147483647, lte_cqi:2147483647,lte_timing_advance:2147483647, td_scdma_rscp:50
01-10 14:27:48.275703  1311  1311 D MTKSST  : [CdmaLteSST0] old:{level:0, raw:SignalStrength: 99 -1 -120 -160 -120 -1 -1 99 2147483647 2147483647 2147483647 2147483647 0 -52 cdma}, new:{level:0, raw:SignalStrength: 99 -1 -120 -160 -120 -1 -1 99 2147483647 2147483647 2147483647 2147483647 0 -50 cdma}
01-10 14:27:51.991164   925  3622 I RilClient: initialize: commandFd is 0
01-10 14:27:51.992946   925  3628 I RilOemClient: NUMBER:1
01-10 14:27:51.993286   925  3628 I RilOemClient: arg len:14
01-10 14:27:51.993427   925  3628 I RilOemClient: ARGS[0]:THERMAL,0,-1
01-10 14:27:51.993604   925  3628 I RilOemClient: executeThermal
01-10 14:27:51.993866   925  3628 D RilOemClient: Thermal line = THERMAL,0,-1
01-10 14:27:51.993866   925  3628 D RilOemClient: , cmd:THERMAL, slotId:0, targetSim: 0
01-10 14:27:51.993989   925  3628 I RilOemClient: arg : -1
01-10 14:27:51.996509   925   966 D RmcOemRequestHandler: [0] onHandleRequest: RFX_MSG_REQUEST_QUERY_MODEM_THERMAL(55019)
01-10 14:27:51.996687   925   966 I RmcOemRequestHandler: requestQueryThermal Enter: -1
01-10 14:27:51.996805   925   966 I AT      : [0] AT> AT+ETHERMAL (RIL_CMD_READER_1, tid:525055653104)
01-10 14:27:52.008822   925   965 I AT      : [0] AT< +ETHERMAL: 2, 32767, -127, 25252, 32767, 8 (RIL_CMD_READER_1, tid:525061870832)
01-10 14:27:52.009628   925   965 I AT      : [0] AT< OK (RIL_CMD_READER_1, tid:525061870832)
01-10 14:27:52.009947   925   966 I RmcOemRequestHandler: requestQueryThermal success
01-10 14:27:52.011075   925   957 D RtcRilClientController: client 1001 handle requestComplete
01-10 14:27:52.011215   925   957 I RilOemClient: request for THERMAL returned
01-10 14:27:52.011319   925   957 I RilOemClient: mThermalFd is valid strResult is  2, 32767, -127, 25252, 32767, 8
01-10 14:27:52.012581   925  3629 D RilOemClient: stream null here
01-10 14:27:52.014487   925  3630 I RilClient: start listen on fd: 11, soicket name: rild-oem
01-10 14:27:53.389942   925   959 I AT      : [0] AT< +ECSQ: 70,43,1,-202,-11,1,1,4,32767,1 (RIL_URC_READER, tid:525060834544)
01-10 14:27:58.501375   925   959 I AT      : [0] AT< +ECSQ: 69,44,1,-205,-10,1,1,4,32767,1 (RIL_URC_READER, tid:525060834544)
01-10 14:27:58.503587   925   960 D RmcNwHdlr: [0] handleSignalStrength, sig1:99, sig2:-1, cdma_dbm:-1, cdma_ecio:-1, evdo_dbm:-1,evdo_ecio:-1, evdo_snr:-1, lte_sig:99, lte_rsrp:2147483647, lte_rsrq:2147483647, lte_rssnr:2147483647, lte_cqi:2147483647,lte_timing_advance:2147483647, td_scdma_rscp:51
01-10 14:27:58.506591  1311  1311 D MTKSST  : [CdmaLteSST0] old:{level:0, raw:SignalStrength: 99 -1 -120 -160 -120 -1 -1 99 2147483647 2147483647 2147483647 2147483647 0 -50 cdma}, new:{level:0, raw:SignalStrength: 99 -1 -120 -160 -120 -1 -1 99 2147483647 2147483647 2147483647 2147483647 0 -51 cdma}
01-10 14:28:02.019354   925  3630 I RilClient: initialize: commandFd is 68
01-10 14:28:02.021414   925  3636 I RilOemClient: NUMBER:1
01-10 14:28:02.021742   925  3636 I RilOemClient: arg len:14
01-10 14:28:02.021887   925  3636 I RilOemClient: ARGS[0]:THERMAL,0,-1
01-10 14:28:02.022052   925  3636 I RilOemClient: executeThermal
01-10 14:28:02.022304   925  3636 D RilOemClient: Thermal line = THERMAL,0,-1
01-10 14:28:02.022304   925  3636 D RilOemClient: , cmd:THERMAL, slotId:0, targetSim: 0
01-10 14:28:02.022428   925  3636 I RilOemClient: arg : -1
01-10 14:28:02.024870   925   966 D RmcOemRequestHandler: [0] onHandleRequest: RFX_MSG_REQUEST_QUERY_MODEM_THERMAL(55019)
01-10 14:28:02.025039   925   966 I RmcOemRequestHandler: requestQueryThermal Enter: -1
01-10 14:28:02.025151   925   966 I AT      : [0] AT> AT+ETHERMAL (RIL_CMD_READER_1, tid:525055653104)
01-10 14:28:02.036988   925   965 I AT      : [0] AT< +ETHERMAL: 2, 32767, -127, -14664, 32767, 8 (RIL_CMD_READER_1, tid:525061870832)
01-10 14:28:02.037961   925   965 I AT      : [0] AT< OK (RIL_CMD_READER_1, tid:525061870832)
01-10 14:28:02.038292   925   966 I RmcOemRequestHandler: requestQueryThermal success
01-10 14:28:02.039694   925   957 D RtcRilClientController: client 1001 handle requestComplete
01-10 14:28:02.039849   925   957 I RilOemClient: request for THERMAL returned
01-10 14:28:02.039954   925   957 I RilOemClient: mThermalFd is valid strResult is  2, 32767, -127, -14664, 32767, 8
01-10 14:28:02.041639   925  3637 D RilOemClient: stream null here
01-10 14:28:02.042873   925  3638 I RilClient: start listen on fd: 11, soicket name: rild-oem
01-10 14:28:03.622952   925   959 I AT      : [0] AT< +ECSQ: 68,43,1,-209,-11,1,1,4,32767,1 (RIL_URC_READER, tid:525060834544)
01-10 14:28:03.625253   925   960 D RmcNwHdlr: [0] handleSignalStrength, sig1:99, sig2:-1, cdma_dbm:-1, cdma_ecio:-1, evdo_dbm:-1,evdo_ecio:-1, evdo_snr:-1, lte_sig:99, lte_rsrp:2147483647, lte_rsrq:2147483647, lte_rssnr:2147483647, lte_cqi:2147483647,lte_timing_advance:2147483647, td_scdma_rscp:52
01-10 14:28:03.628544  1311  1311 D MTKSST  : [CdmaLteSST0] old:{level:0, raw:SignalStrength: 99 -1 -120 -160 -120 -1 -1 99 2147483647 2147483647 2147483647 2147483647 0 -51 cdma}, new:{level:0, raw:SignalStrength: 99 -1 -120 -160 -120 -1 -1 99 2147483647 2147483647 2147483647 2147483647 0 -52 cdma}
01-10 14:28:08.744688   925   959 I AT      : [0] AT< +ECSQ: 68,43,1,-212,-12,1,1,4,32767,1 (RIL_URC_READER, tid:525060834544)
01-10 14:28:08.747219   925   960 D RmcNwHdlr: [0] handleSignalStrength, sig1:99, sig2:-1, cdma_dbm:-1, cdma_ecio:-1, evdo_dbm:-1,evdo_ecio:-1, evdo_snr:-1, lte_sig:99, lte_rsrp:2147483647, lte_rsrq:2147483647, lte_rssnr:2147483647, lte_cqi:2147483647,lte_timing_advance:2147483647, td_scdma_rscp:53
01-10 14:28:08.750653  1311  1311 D MTKSST  : [CdmaLteSST0] old:{level:0, raw:SignalStrength: 99 -1 -120 -160 -120 -1 -1 99 2147483647 2147483647 2147483647 2147483647 0 -52 cdma}, new:{level:0, raw:SignalStrength: 99 -1 -120 -160 -120 -1 -1 99 2147483647 2147483647 2147483647 2147483647 0 -53 cdma}
01-10 14:28:12.048238   925  3638 I RilClient: initialize: commandFd is 0
01-10 14:28:12.050039   925  3644 I RilOemClient: NUMBER:1
01-10 14:28:12.050383   925  3644 I RilOemClient: arg len:14
01-10 14:28:12.050523   925  3644 I RilOemClient: ARGS[0]:THERMAL,0,-1
01-10 14:28:12.050731   925  3644 I RilOemClient: executeThermal
01-10 14:28:12.050972   925  3644 D RilOemClient: Thermal line = THERMAL,0,-1
01-10 14:28:12.050972   925  3644 D RilOemClient: , cmd:THERMAL, slotId:0, targetSim: 0
01-10 14:28:12.051097   925  3644 I RilOemClient: arg : -1
01-10 14:28:12.053897   925   966 D RmcOemRequestHandler: [0] onHandleRequest: RFX_MSG_REQUEST_QUERY_MODEM_THERMAL(55019)
01-10 14:28:12.054082   925   966 I RmcOemRequestHandler: requestQueryThermal Enter: -1
01-10 14:28:12.054200   925   966 I AT      : [0] AT> AT+ETHERMAL (RIL_CMD_READER_1, tid:525055653104)
01-10 14:28:12.066598   925   965 I AT      : [0] AT< +ETHERMAL: 2, 32767, -127, 10970, 32767, 8 (RIL_CMD_READER_1, tid:525061870832)
01-10 14:28:12.067504   925   965 I AT      : [0] AT< OK (RIL_CMD_READER_1, tid:525061870832)
01-10 14:28:12.067878   925   966 I RmcOemRequestHandler: requestQueryThermal success
01-10 14:28:12.069674   925   957 D RtcRilClientController: client 1001 handle requestComplete
01-10 14:28:12.069825   925   957 I RilOemClient: request for THERMAL returned
01-10 14:28:12.069930   925   957 I RilOemClient: mThermalFd is valid strResult is  2, 32767, -127, 10970, 32767, 8
01-10 14:28:12.071942   925  3645 D RilOemClient: stream null here
01-10 14:28:12.073248   925  3646 I RilClient: start listen on fd: 11, soicket name: rild-oem
01-10 14:28:18.986611   925   959 I AT      : [0] AT< +ECSQ: 69,44,1,-207,-10,1,1,4,32767,1 (RIL_URC_READER, tid:525060834544)
01-10 14:28:18.989087   925   960 D RmcNwHdlr: [0] handleSignalStrength, sig1:99, sig2:-1, cdma_dbm:-1, cdma_ecio:-1, evdo_dbm:-1,evdo_ecio:-1, evdo_snr:-1, lte_sig:99, lte_rsrp:2147483647, lte_rsrq:2147483647, lte_rssnr:2147483647, lte_cqi:2147483647,lte_timing_advance:2147483647, td_scdma_rscp:51
01-10 14:28:18.992604  1311  1311 D MTKSST  : [CdmaLteSST0] old:{level:0, raw:SignalStrength: 99 -1 -120 -160 -120 -1 -1 99 2147483647 2147483647 2147483647 2147483647 0 -53 cdma}, new:{level:0, raw:SignalStrength: 99 -1 -120 -160 -120 -1 -1 99 2147483647 2147483647 2147483647 2147483647 0 -51 cdma}
01-10 14:28:22.078083   925  3646 I RilClient: initialize: commandFd is 68
01-10 14:28:22.080193   925  3652 I RilOemClient: NUMBER:1
01-10 14:28:22.080546   925  3652 I RilOemClient: arg len:14
01-10 14:28:22.080686   925  3652 I RilOemClient: ARGS[0]:THERMAL,0,-1
01-10 14:28:22.080881   925  3652 I RilOemClient: executeThermal
01-10 14:28:22.081128   925  3652 D RilOemClient: Thermal line = THERMAL,0,-1
01-10 14:28:22.081128   925  3652 D RilOemClient: , cmd:THERMAL, slotId:0, targetSim: 0
01-10 14:28:22.081252   925  3652 I RilOemClient: arg : -1
01-10 14:28:22.083750   925   966 D RmcOemRequestHandler: [0] onHandleRequest: RFX_MSG_REQUEST_QUERY_MODEM_THERMAL(55019)
01-10 14:28:22.083926   925   966 I RmcOemRequestHandler: requestQueryThermal Enter: -1
01-10 14:28:22.084048   925   966 I AT      : [0] AT> AT+ETHERMAL (RIL_CMD_READER_1, tid:525055653104)
01-10 14:28:22.096170   925   965 I AT      : [0] AT< +ETHERMAL: 2, 32767, -127, -28921, 32767, 8 (RIL_CMD_READER_1, tid:525061870832)
01-10 14:28:22.096786   925   965 I AT      : [0] AT< OK (RIL_CMD_READER_1, tid:525061870832)
01-10 14:28:22.097129   925   966 I RmcOemRequestHandler: requestQueryThermal success
01-10 14:28:22.098618   925   957 D RtcRilClientController: client 1001 handle requestComplete
01-10 14:28:22.098765   925   957 I RilOemClient: request for THERMAL returned
01-10 14:28:22.098870   925   957 I RilOemClient: mThermalFd is valid strResult is  2, 32767, -127, -28921, 32767, 8
01-10 14:28:22.100965   925  3653 D RilOemClient: stream null here
01-10 14:28:22.102371   925  3654 I RilClient: start listen on fd: 11, soicket name: rild-oem
01-10 14:28:23.416428   555  1983 E RPC     : entry g_lowpower_mode
01-10 14:28:24.107346   925   959 I AT      : [0] AT< +ECSQ: 68,43,1,-210,-11,1,1,4,32767,1 (RIL_URC_READER, tid:525060834544)
01-10 14:28:24.109836   925   960 D RmcNwHdlr: [0] handleSignalStrength, sig1:99, sig2:-1, cdma_dbm:-1, cdma_ecio:-1, evdo_dbm:-1,evdo_ecio:-1, evdo_snr:-1, lte_sig:99, lte_rsrp:2147483647, lte_rsrq:2147483647, lte_rssnr:2147483647, lte_cqi:2147483647,lte_timing_advance:2147483647, td_scdma_rscp:52
01-10 14:28:24.113244  1311  1311 D MTKSST  : [CdmaLteSST0] old:{level:0, raw:SignalStrength: 99 -1 -120 -160 -120 -1 -1 99 2147483647 2147483647 2147483647 2147483647 0 -51 cdma}, new:{level:0, raw:SignalStrength: 99 -1 -120 -160 -120 -1 -1 99 2147483647 2147483647 2147483647 2147483647 0 -52 cdma}
01-10 14:28:29.226761   925   959 I AT      : [0] AT< +ECSQ: 69,44,1,-207,-9,1,1,4,32767,1 (RIL_URC_READER, tid:525060834544)
01-10 14:28:29.227915   925   960 D RmcNwHdlr: [0] handleSignalStrength, sig1:99, sig2:-1, cdma_dbm:-1, cdma_ecio:-1, evdo_dbm:-1,evdo_ecio:-1, evdo_snr:-1, lte_sig:99, lte_rsrp:2147483647, lte_rsrq:2147483647, lte_rssnr:2147483647, lte_cqi:2147483647,lte_timing_advance:2147483647, td_scdma_rscp:51
01-10 14:28:29.230922  1311  1311 D MTKSST  : [CdmaLteSST0] old:{level:0, raw:SignalStrength: 99 -1 -120 -160 -120 -1 -1 99 2147483647 2147483647 2147483647 2147483647 0 -52 cdma}, new:{level:0, raw:SignalStrength: 99 -1 -120 -160 -120 -1 -1 99 2147483647 2147483647 2147483647 2147483647 0 -51 cdma}
01-10 14:28:32.107996   925  3654 I RilClient: initialize: commandFd is 0
01-10 14:28:32.109406   925  3660 I RilOemClient: NUMBER:1
01-10 14:28:32.109735   925  3660 I RilOemClient: arg len:14
01-10 14:28:32.109872   925  3660 I RilOemClient: ARGS[0]:THERMAL,0,-1
01-10 14:28:32.110054   925  3660 I RilOemClient: executeThermal
01-10 14:28:32.110286   925  3660 D RilOemClient: Thermal line = THERMAL,0,-1
01-10 14:28:32.110286   925  3660 D RilOemClient: , cmd:THERMAL, slotId:0, targetSim: 0
01-10 14:28:32.110408   925  3660 I RilOemClient: arg : -1
01-10 14:28:32.113173   925   966 D RmcOemRequestHandler: [0] onHandleRequest: RFX_MSG_REQUEST_QUERY_MODEM_THERMAL(55019)
01-10 14:28:32.113353   925   966 I RmcOemRequestHandler: requestQueryThermal Enter: -1
01-10 14:28:32.113466   925   966 I AT      : [0] AT> AT+ETHERMAL (RIL_CMD_READER_1, tid:525055653104)
01-10 14:28:32.125065   925   965 I AT      : [0] AT< +ETHERMAL: 2, 32767, -127, -3288, 32767, 8 (RIL_CMD_READER_1, tid:525061870832)
01-10 14:28:32.126131   925   965 I AT      : [0] AT< OK (RIL_CMD_READER_1, tid:525061870832)
01-10 14:28:32.126443   925   966 I RmcOemRequestHandler: requestQueryThermal success
01-10 14:28:32.127791   925   957 D RtcRilClientController: client 1001 handle requestComplete
01-10 14:28:32.127947   925   957 I RilOemClient: request for THERMAL returned
01-10 14:28:32.128050   925   957 I RilOemClient: mThermalFd is valid strResult is  2, 32767, -127, -3288, 32767, 8
01-10 14:28:32.129399   925  3661 D RilOemClient: stream null here
01-10 14:28:32.130710   925  3662 I RilClient: start listen on fd: 11, soicket name: rild-oem
01-10 14:28:34.350456   925   959 I AT      : [0] AT< +ECSQ: 69,43,1,-207,-11,1,1,4,32767,1 (RIL_URC_READER, tid:525060834544)
01-10 14:28:38.010362   555  1169 E RPC     : entry g_lowpower_mode
01-10 14:28:42.133207   925  3662 I RilClient: initialize: commandFd is 68
01-10 14:28:42.135353   925  3668 I RilOemClient: NUMBER:1
01-10 14:28:42.135899   925  3668 I RilOemClient: arg len:14
01-10 14:28:42.136044   925  3668 I RilOemClient: ARGS[0]:THERMAL,0,-1
01-10 14:28:42.136222   925  3668 I RilOemClient: executeThermal
01-10 14:28:42.136468   925  3668 D RilOemClient: Thermal line = THERMAL,0,-1
01-10 14:28:42.136468   925  3668 D RilOemClient: , cmd:THERMAL, slotId:0, targetSim: 0
01-10 14:28:42.136592   925  3668 I RilOemClient: arg : -1
01-10 14:28:42.138986   925   966 D RmcOemRequestHandler: [0] onHandleRequest: RFX_MSG_REQUEST_QUERY_MODEM_THERMAL(55019)
01-10 14:28:42.139152   925   966 I RmcOemRequestHandler: requestQueryThermal Enter: -1
01-10 14:28:42.139269   925   966 I AT      : [0] AT> AT+ETHERMAL (RIL_CMD_READER_1, tid:525055653104)
01-10 14:28:42.152216   925   965 I AT      : [0] AT< +ETHERMAL: 2, 32767, -127, 22300, 32767, 8 (RIL_CMD_READER_1, tid:525061870832)
01-10 14:28:42.152974   925   965 I AT      : [0] AT< OK (RIL_CMD_READER_1, tid:525061870832)
01-10 14:28:42.153713   925   966 I RmcOemRequestHandler: requestQueryThermal success
01-10 14:28:42.155093   925   957 D RtcRilClientController: client 1001 handle requestComplete
01-10 14:28:42.155243   925   957 I RilOemClient: request for THERMAL returned
01-10 14:28:42.155346   925   957 I RilOemClient: mThermalFd is valid strResult is  2, 32767, -127, 22300, 32767, 8
01-10 14:28:42.156737   925  3669 D RilOemClient: stream null here
01-10 14:28:42.158181   925  3670 I RilClient: start listen on fd: 11, soicket name: rild-oem
01-10 14:28:44.583601   925   959 I AT      : [0] AT< +ECSQ: 68,43,1,-209,-12,1,1,4,32767,1 (RIL_URC_READER, tid:525060834544)
01-10 14:28:44.585868   925   960 D RmcNwHdlr: [0] handleSignalStrength, sig1:99, sig2:-1, cdma_dbm:-1, cdma_ecio:-1, evdo_dbm:-1,evdo_ecio:-1, evdo_snr:-1, lte_sig:99, lte_rsrp:2147483647, lte_rsrq:2147483647, lte_rssnr:2147483647, lte_cqi:2147483647,lte_timing_advance:2147483647, td_scdma_rscp:52
01-10 14:28:44.589226  1311  1311 D MTKSST  : [CdmaLteSST0] old:{level:0, raw:SignalStrength: 99 -1 -120 -160 -120 -1 -1 99 2147483647 2147483647 2147483647 2147483647 0 -51 cdma}, new:{level:0, raw:SignalStrength: 99 -1 -120 -160 -120 -1 -1 99 2147483647 2147483647 2147483647 2147483647 0 -52 cdma}
01-10 14:28:49.703369   925   959 I AT      : [0] AT< +ECSQ: 68,43,1,-211,-12,1,1,4,32767,1 (RIL_URC_READER, tid:525060834544)
01-10 14:28:52.163600   925  3670 I RilClient: initialize: commandFd is 0
01-10 14:28:52.165603   925  3676 I RilOemClient: NUMBER:1
01-10 14:28:52.165956   925  3676 I RilOemClient: arg len:14
01-10 14:28:52.166103   925  3676 I RilOemClient: ARGS[0]:THERMAL,0,-1
01-10 14:28:52.166271   925  3676 I RilOemClient: executeThermal
01-10 14:28:52.166524   925  3676 D RilOemClient: Thermal line = THERMAL,0,-1
01-10 14:28:52.166524   925  3676 D RilOemClient: , cmd:THERMAL, slotId:0, targetSim: 0
01-10 14:28:52.166648   925  3676 I RilOemClient: arg : -1
01-10 14:28:52.169317   925   966 D RmcOemRequestHandler: [0] onHandleRequest: RFX_MSG_REQUEST_QUERY_MODEM_THERMAL(55019)
01-10 14:28:52.169500   925   966 I RmcOemRequestHandler: requestQueryThermal Enter: -1
01-10 14:28:52.169620   925   966 I AT      : [0] AT> AT+ETHERMAL (RIL_CMD_READER_1, tid:525055653104)
01-10 14:28:52.181761   925   965 I AT      : [0] AT< +ETHERMAL: 2, 32767, -127, -17588, 32767, 8 (RIL_CMD_READER_1, tid:525061870832)
01-10 14:28:52.182818   925   965 I AT      : [0] AT< OK (RIL_CMD_READER_1, tid:525061870832)
01-10 14:28:52.183382   925   966 I RmcOemRequestHandler: requestQueryThermal success
01-10 14:28:52.184838   925   957 D RtcRilClientController: client 1001 handle requestComplete
01-10 14:28:52.184992   925   957 I RilOemClient: request for THERMAL returned
01-10 14:28:52.185098   925   957 I RilOemClient: mThermalFd is valid strResult is  2, 32767, -127, -17588, 32767, 8
01-10 14:28:52.186985   925  3677 D RilOemClient: stream null here
01-10 14:28:52.188603   925  3678 I RilClient: start listen on fd: 11, soicket name: rild-oem
01-10 14:28:54.825240   925   959 I AT      : [0] AT< +ECSQ: 68,42,1,-212,-14,1,1,4,32767,1 (RIL_URC_READER, tid:525060834544)
01-10 14:28:54.827672   925   960 D RmcNwHdlr: [0] handleSignalStrength, sig1:99, sig2:-1, cdma_dbm:-1, cdma_ecio:-1, evdo_dbm:-1,evdo_ecio:-1, evdo_snr:-1, lte_sig:99, lte_rsrp:2147483647, lte_rsrq:2147483647, lte_rssnr:2147483647, lte_cqi:2147483647,lte_timing_advance:2147483647, td_scdma_rscp:53
01-10 14:28:54.830994  1311  1311 D MTKSST  : [CdmaLteSST0] old:{level:0, raw:SignalStrength: 99 -1 -120 -160 -120 -1 -1 99 2147483647 2147483647 2147483647 2147483647 0 -52 cdma}, new:{level:0, raw:SignalStrength: 99 -1 -120 -160 -120 -1 -1 99 2147483647 2147483647 2147483647 2147483647 0 -53 cdma}
01-10 14:28:59.946566   925   959 I AT      : [0] AT< +ECSQ: 69,45,1,-207,-7,1,1,4,32767,1 (RIL_URC_READER, tid:525060834544)
01-10 14:28:59.949310   925   960 D RmcNwHdlr: [0] handleSignalStrength, sig1:99, sig2:-1, cdma_dbm:-1, cdma_ecio:-1, evdo_dbm:-1,evdo_ecio:-1, evdo_snr:-1, lte_sig:99, lte_rsrp:2147483647, lte_rsrq:2147483647, lte_rssnr:2147483647, lte_cqi:2147483647,lte_timing_advance:2147483647, td_scdma_rscp:51
01-10 14:28:59.952877  1311  1311 D MTKSST  : [CdmaLteSST0] old:{level:0, raw:SignalStrength: 99 -1 -120 -160 -120 -1 -1 99 2147483647 2147483647 2147483647 2147483647 0 -53 cdma}, new:{level:0, raw:SignalStrength: 99 -1 -120 -160 -120 -1 -1 99 2147483647 2147483647 2147483647 2147483647 0 -51 cdma}
01-10 14:29:02.193470   925  3678 I RilClient: initialize: commandFd is 68
01-10 14:29:02.195249   925  3684 I RilOemClient: NUMBER:1
01-10 14:29:02.195927   925  3684 I RilOemClient: arg len:14
01-10 14:29:02.196085   925  3684 I RilOemClient: ARGS[0]:THERMAL,0,-1
01-10 14:29:02.196234   925  3684 I RilOemClient: executeThermal
01-10 14:29:02.196451   925  3684 D RilOemClient: Thermal line = THERMAL,0,-1
01-10 14:29:02.196451   925  3684 D RilOemClient: , cmd:THERMAL, slotId:0, targetSim: 0
01-10 14:29:02.196583   925  3684 I RilOemClient: arg : -1
01-10 14:29:02.199050   925   966 D RmcOemRequestHandler: [0] onHandleRequest: RFX_MSG_REQUEST_QUERY_MODEM_THERMAL(55019)
01-10 14:29:02.199214   925   966 I RmcOemRequestHandler: requestQueryThermal Enter: -1
01-10 14:29:02.199335   925   966 I AT      : [0] AT> AT+ETHERMAL (RIL_CMD_READER_1, tid:525055653104)
01-10 14:29:02.211849   925   965 I AT      : [0] AT< +ETHERMAL: 2, 32767, -127, 8059, 32767, 8 (RIL_CMD_READER_1, tid:525061870832)
01-10 14:29:02.212343   925   965 I AT      : [0] AT< OK (RIL_CMD_READER_1, tid:525061870832)
01-10 14:29:02.212567   925   966 I RmcOemRequestHandler: requestQueryThermal success
01-10 14:29:02.213127   925   957 D RtcRilClientController: client 1001 handle requestComplete
01-10 14:29:02.213199   925   957 I RilOemClient: request for THERMAL returned
01-10 14:29:02.213247   925   957 I RilOemClient: mThermalFd is valid strResult is  2, 32767, -127, 8059, 32767, 8
01-10 14:29:02.213870   925  3685 D RilOemClient: stream null here
01-10 14:29:02.214509   925  3686 I RilClient: start listen on fd: 11, soicket name: rild-oem
01-10 14:29:05.067873   925   959 I AT      : [0] AT< +ECSQ: 68,43,1,-209,-11,1,1,4,32767,1 (RIL_URC_READER, tid:525060834544)
01-10 14:29:05.070291   925   960 D RmcNwHdlr: [0] handleSignalStrength, sig1:99, sig2:-1, cdma_dbm:-1, cdma_ecio:-1, evdo_dbm:-1,evdo_ecio:-1, evdo_snr:-1, lte_sig:99, lte_rsrp:2147483647, lte_rsrq:2147483647, lte_rssnr:2147483647, lte_cqi:2147483647,lte_timing_advance:2147483647, td_scdma_rscp:52
01-10 14:29:05.073660  1311  1311 D MTKSST  : [CdmaLteSST0] old:{level:0, raw:SignalStrength: 99 -1 -120 -160 -120 -1 -1 99 2147483647 2147483647 2147483647 2147483647 0 -51 cdma}, new:{level:0, raw:SignalStrength: 99 -1 -120 -160 -120 -1 -1 99 2147483647 2147483647 2147483647 2147483647 0 -52 cdma}
01-10 14:29:10.189290   925   959 I AT      : [0] AT< +ECSQ: 69,44,1,-207,-10,1,1,4,32767,1 (RIL_URC_READER, tid:525060834544)
01-10 14:29:10.191863   925   960 D RmcNwHdlr: [0] handleSignalStrength, sig1:99, sig2:-1, cdma_dbm:-1, cdma_ecio:-1, evdo_dbm:-1,evdo_ecio:-1, evdo_snr:-1, lte_sig:99, lte_rsrp:2147483647, lte_rsrq:2147483647, lte_rssnr:2147483647, lte_cqi:2147483647,lte_timing_advance:2147483647, td_scdma_rscp:51
01-10 14:29:10.195243  1311  1311 D MTKSST  : [CdmaLteSST0] old:{level:0, raw:SignalStrength: 99 -1 -120 -160 -120 -1 -1 99 2147483647 2147483647 2147483647 2147483647 0 -52 cdma}, new:{level:0, raw:SignalStrength: 99 -1 -120 -160 -120 -1 -1 99 2147483647 2147483647 2147483647 2147483647 0 -51 cdma}
01-10 14:29:12.221456   925  3686 I RilClient: initialize: commandFd is 0
01-10 14:29:12.223736   925  3692 I RilOemClient: NUMBER:1
01-10 14:29:12.224092   925  3692 I RilOemClient: arg len:14
01-10 14:29:12.224235   925  3692 I RilOemClient: ARGS[0]:THERMAL,0,-1
01-10 14:29:12.224412   925  3692 I RilOemClient: executeThermal
01-10 14:29:12.224661   925  3692 D RilOemClient: Thermal line = THERMAL,0,-1
01-10 14:29:12.224661   925  3692 D RilOemClient: , cmd:THERMAL, slotId:0, targetSim: 0
01-10 14:29:12.224784   925  3692 I RilOemClient: arg : -1
01-10 14:29:12.227124   925   966 D RmcOemRequestHandler: [0] onHandleRequest: RFX_MSG_REQUEST_QUERY_MODEM_THERMAL(55019)
01-10 14:29:12.227292   925   966 I RmcOemRequestHandler: requestQueryThermal Enter: -1
01-10 14:29:12.227506   925   966 I AT      : [0] AT> AT+ETHERMAL (RIL_CMD_READER_1, tid:525055653104)
01-10 14:29:12.239688   925   965 I AT      : [0] AT< +ETHERMAL: 2, 32767, -127, -31862, 32767, 8 (RIL_CMD_READER_1, tid:525061870832)
01-10 14:29:12.240581   925   965 I AT      : [0] AT< OK (RIL_CMD_READER_1, tid:525061870832)
01-10 14:29:12.241242   925   966 I RmcOemRequestHandler: requestQueryThermal success
01-10 14:29:12.243140   925   957 D RtcRilClientController: client 1001 handle requestComplete
01-10 14:29:12.243291   925   957 I RilOemClient: request for THERMAL returned
01-10 14:29:12.243481   925   957 I RilOemClient: mThermalFd is valid strResult is  2, 32767, -127, -31862, 32767, 8
01-10 14:29:12.244532   925  3693 D RilOemClient: stream null here
01-10 14:29:12.246025   925  3694 I RilClient: start listen on fd: 11, soicket name: rild-oem
01-10 14:29:15.309639   925   959 I AT      : [0] AT< +ECSQ: 69,44,1,-208,-10,1,1,4,32767,1 (RIL_URC_READER, tid:525060834544)
01-10 14:29:15.311616   925   960 D RmcNwHdlr: [0] handleSignalStrength, sig1:99, sig2:-1, cdma_dbm:-1, cdma_ecio:-1, evdo_dbm:-1,evdo_ecio:-1, evdo_snr:-1, lte_sig:99, lte_rsrp:2147483647, lte_rsrq:2147483647, lte_rssnr:2147483647, lte_cqi:2147483647,lte_timing_advance:2147483647, td_scdma_rscp:52
01-10 14:29:15.314406  1311  1311 D MTKSST  : [CdmaLteSST0] old:{level:0, raw:SignalStrength: 99 -1 -120 -160 -120 -1 -1 99 2147483647 2147483647 2147483647 2147483647 0 -51 cdma}, new:{level:0, raw:SignalStrength: 99 -1 -120 -160 -120 -1 -1 99 2147483647 2147483647 2147483647 2147483647 0 -52 cdma}
01-10 14:29:20.421069   925   959 I AT      : [0] AT< +ECSQ: 69,43,1,-208,-11,1,1,4,32767,1 (RIL_URC_READER, tid:525060834544)
01-10 14:29:22.251632   925  3694 I RilClient: initialize: commandFd is 68
01-10 14:29:22.253119   925  3700 I RilOemClient: NUMBER:1
01-10 14:29:22.253455   925  3700 I RilOemClient: arg len:14
01-10 14:29:22.253596   925  3700 I RilOemClient: ARGS[0]:THERMAL,0,-1
01-10 14:29:22.253784   925  3700 I RilOemClient: executeThermal
01-10 14:29:22.254039   925  3700 D RilOemClient: Thermal line = THERMAL,0,-1
01-10 14:29:22.254039   925  3700 D RilOemClient: , cmd:THERMAL, slotId:0, targetSim: 0
01-10 14:29:22.254171   925  3700 I RilOemClient: arg : -1
01-10 14:29:22.256879   925   966 D RmcOemRequestHandler: [0] onHandleRequest: RFX_MSG_REQUEST_QUERY_MODEM_THERMAL(55019)
01-10 14:29:22.257061   925   966 I RmcOemRequestHandler: requestQueryThermal Enter: -1
01-10 14:29:22.257179   925   966 I AT      : [0] AT> AT+ETHERMAL (RIL_CMD_READER_1, tid:525055653104)
01-10 14:29:22.268858   925   965 I AT      : [0] AT< +ETHERMAL: 2, 32767, -127, -6220, 32767, 8 (RIL_CMD_READER_1, tid:525061870832)
01-10 14:29:22.269836   925   965 I AT      : [0] AT< OK (RIL_CMD_READER_1, tid:525061870832)
01-10 14:29:22.270363   925   966 I RmcOemRequestHandler: requestQueryThermal success
01-10 14:29:22.271662   925   957 D RtcRilClientController: client 1001 handle requestComplete
01-10 14:29:22.271808   925   957 I RilOemClient: request for THERMAL returned
01-10 14:29:22.271912   925   957 I RilOemClient: mThermalFd is valid strResult is  2, 32767, -127, -6220, 32767, 8
01-10 14:29:22.273181   925  3701 D RilOemClient: stream null here
01-10 14:29:22.274439   925  3702 I RilClient: start listen on fd: 11, soicket name: rild-oem
01-10 14:29:23.440330   555  1983 E RPC     : entry g_lowpower_mode
01-10 14:29:25.541632   925   959 I AT      : [0] AT< +ECSQ: 68,43,1,-209,-12,1,1,4,32767,1 (RIL_URC_READER, tid:525060834544)
01-10 14:29:30.663226   925   959 I AT      : [0] AT< +ECSQ: 68,43,1,-210,-12,1,1,4,32767,1 (RIL_URC_READER, tid:525060834544)
01-10 14:29:32.280832   925  3702 I RilClient: initialize: commandFd is 0
01-10 14:29:32.282320   925  3708 I RilOemClient: NUMBER:1
01-10 14:29:32.282663   925  3708 I RilOemClient: arg len:14
01-10 14:29:32.282810   925  3708 I RilOemClient: ARGS[0]:THERMAL,0,-1
01-10 14:29:32.282986   925  3708 I RilOemClient: executeThermal
01-10 14:29:32.283237   925  3708 D RilOemClient: Thermal line = THERMAL,0,-1
01-10 14:29:32.283237   925  3708 D RilOemClient: , cmd:THERMAL, slotId:0, targetSim: 0
01-10 14:29:32.283361   925  3708 I RilOemClient: arg : -1
01-10 14:29:32.286108   925   966 D RmcOemRequestHandler: [0] onHandleRequest: RFX_MSG_REQUEST_QUERY_MODEM_THERMAL(55019)
01-10 14:29:32.286284   925   966 I RmcOemRequestHandler: requestQueryThermal Enter: -1
01-10 14:29:32.286403   925   966 I AT      : [0] AT> AT+ETHERMAL (RIL_CMD_READER_1, tid:525055653104)
01-10 14:29:32.298737   925   965 I AT      : [0] AT< +ETHERMAL: 2, 32767, -127, 19414, 32767, 8 (RIL_CMD_READER_1, tid:525061870832)
01-10 14:29:32.299661   925   965 I AT      : [0] AT< OK (RIL_CMD_READER_1, tid:525061870832)
01-10 14:29:32.300187   925   966 I RmcOemRequestHandler: requestQueryThermal success
01-10 14:29:32.301694   925   957 D RtcRilClientController: client 1001 handle requestComplete
01-10 14:29:32.301846   925   957 I RilOemClient: request for THERMAL returned
01-10 14:29:32.301950   925   957 I RilOemClient: mThermalFd is valid strResult is  2, 32767, -127, 19414, 32767, 8
01-10 14:29:32.303075   925  3709 D RilOemClient: stream null here
01-10 14:29:32.305111   925  3710 I RilClient: start listen on fd: 11, soicket name: rild-oem
01-10 14:29:35.785124   925   959 I AT      : [0] AT< +ECSQ: 68,42,1,-212,-13,1,1,4,32767,1 (RIL_URC_READER, tid:525060834544)
01-10 14:29:35.787528   925   960 D RmcNwHdlr: [0] handleSignalStrength, sig1:99, sig2:-1, cdma_dbm:-1, cdma_ecio:-1, evdo_dbm:-1,evdo_ecio:-1, evdo_snr:-1, lte_sig:99, lte_rsrp:2147483647, lte_rsrq:2147483647, lte_rssnr:2147483647, lte_cqi:2147483647,lte_timing_advance:2147483647, td_scdma_rscp:53
01-10 14:29:35.791293  1311  1311 D MTKSST  : [CdmaLteSST0] old:{level:0, raw:SignalStrength: 99 -1 -120 -160 -120 -1 -1 99 2147483647 2147483647 2147483647 2147483647 0 -52 cdma}, new:{level:0, raw:SignalStrength: 99 -1 -120 -160 -120 -1 -1 99 2147483647 2147483647 2147483647 2147483647 0 -53 cdma}
01-10 14:29:38.057636   555  1169 E RPC     : entry g_lowpower_mode
01-10 14:29:40.906391   925   959 I AT      : [0] AT< +ECSQ: 68,42,1,-211,-13,1,1,4,32767,1 (RIL_URC_READER, tid:525060834544)
01-10 14:29:40.908839   925   960 D RmcNwHdlr: [0] handleSignalStrength, sig1:99, sig2:-1, cdma_dbm:-1, cdma_ecio:-1, evdo_dbm:-1,evdo_ecio:-1, evdo_snr:-1, lte_sig:99, lte_rsrp:2147483647, lte_rsrq:2147483647, lte_rssnr:2147483647, lte_cqi:2147483647,lte_timing_advance:2147483647, td_scdma_rscp:52
01-10 14:29:40.912324  1311  1311 D MTKSST  : [CdmaLteSST0] old:{level:0, raw:SignalStrength: 99 -1 -120 -160 -120 -1 -1 99 2147483647 2147483647 2147483647 2147483647 0 -53 cdma}, new:{level:0, raw:SignalStrength: 99 -1 -120 -160 -120 -1 -1 99 2147483647 2147483647 2147483647 2147483647 0 -52 cdma}
01-10 14:29:42.310124   925  3710 I RilClient: initialize: commandFd is 68
01-10 14:29:42.312066   925  3715 I RilOemClient: NUMBER:1
01-10 14:29:42.312413   925  3715 I RilOemClient: arg len:14
01-10 14:29:42.312554   925  3715 I RilOemClient: ARGS[0]:THERMAL,0,-1
01-10 14:29:42.312737   925  3715 I RilOemClient: executeThermal
01-10 14:29:42.312984   925  3715 D RilOemClient: Thermal line = THERMAL,0,-1
01-10 14:29:42.312984   925  3715 D RilOemClient: , cmd:THERMAL, slotId:0, targetSim: 0
01-10 14:29:42.313106   925  3715 I RilOemClient: arg : -1
01-10 14:29:42.315541   925   966 D RmcOemRequestHandler: [0] onHandleRequest: RFX_MSG_REQUEST_QUERY_MODEM_THERMAL(55019)
01-10 14:29:42.315719   925   966 I RmcOemRequestHandler: requestQueryThermal Enter: -1
01-10 14:29:42.315841   925   966 I AT      : [0] AT> AT+ETHERMAL (RIL_CMD_READER_1, tid:525055653104)
01-10 14:29:42.327505   925   965 I AT      : [0] AT< +ETHERMAL: 2, 32767, -127, -20482, 32767, 8 (RIL_CMD_READER_1, tid:525061870832)
01-10 14:29:42.328538   925   965 I AT      : [0] AT< OK (RIL_CMD_READER_1, tid:525061870832)
01-10 14:29:42.328903   925   966 I RmcOemRequestHandler: requestQueryThermal success
01-10 14:29:42.330074   925   957 D RtcRilClientController: client 1001 handle requestComplete
01-10 14:29:42.330238   925   957 I RilOemClient: request for THERMAL returned
01-10 14:29:42.330347   925   957 I RilOemClient: mThermalFd is valid strResult is  2, 32767, -127, -20482, 32767, 8
01-10 14:29:42.332412   925  3716 D RilOemClient: stream null here
01-10 14:29:42.334362   925  3718 I RilClient: start listen on fd: 11, soicket name: rild-oem
01-10 14:29:46.026870   925   959 I AT      : [0] AT< +ECSQ: 69,42,1,-208,-13,1,1,4,32767,1 (RIL_URC_READER, tid:525060834544)
01-10 14:29:51.149120   925   959 I AT      : [0] AT< +ECSQ: 68,44,1,-209,-10,1,1,4,32767,1 (RIL_URC_READER, tid:525060834544)
01-10 14:29:52.338955   925  3718 I RilClient: initialize: commandFd is 0
01-10 14:29:52.340703   925  3723 I RilOemClient: NUMBER:1
01-10 14:29:52.341053   925  3723 I RilOemClient: arg len:14
01-10 14:29:52.341198   925  3723 I RilOemClient: ARGS[0]:THERMAL,0,-1
01-10 14:29:52.341380   925  3723 I RilOemClient: executeThermal
01-10 14:29:52.341630   925  3723 D RilOemClient: Thermal line = THERMAL,0,-1
01-10 14:29:52.341630   925  3723 D RilOemClient: , cmd:THERMAL, slotId:0, targetSim: 0
01-10 14:29:52.341753   925  3723 I RilOemClient: arg : -1
01-10 14:29:52.344340   925   966 D RmcOemRequestHandler: [0] onHandleRequest: RFX_MSG_REQUEST_QUERY_MODEM_THERMAL(55019)
01-10 14:29:52.344519   925   966 I RmcOemRequestHandler: requestQueryThermal Enter: -1
01-10 14:29:52.344640   925   966 I AT      : [0] AT> AT+ETHERMAL (RIL_CMD_READER_1, tid:525055653104)
01-10 14:29:52.356718   925   965 I AT      : [0] AT< +ETHERMAL: 2, 32767, -127, 5146, 32767, 8 (RIL_CMD_READER_1, tid:525061870832)
01-10 14:29:52.357288   925   965 I AT      : [0] AT< OK (RIL_CMD_READER_1, tid:525061870832)
01-10 14:29:52.357638   925   966 I RmcOemRequestHandler: requestQueryThermal success
01-10 14:29:52.358785   925   957 D RtcRilClientController: client 1001 handle requestComplete
01-10 14:29:52.358928   925   957 I RilOemClient: request for THERMAL returned
01-10 14:29:52.359030   925   957 I RilOemClient: mThermalFd is valid strResult is  2, 32767, -127, 5146, 32767, 8
01-10 14:29:52.360424   925  3724 D RilOemClient: stream null here
01-10 14:29:52.361841   925  3725 I RilClient: start listen on fd: 11, soicket name: rild-oem
01-10 14:29:56.269042   925   959 I AT      : [0] AT< +ECSQ: 69,43,1,-207,-12,1,1,4,32767,1 (RIL_URC_READER, tid:525060834544)
01-10 14:29:56.271104   925   960 D RmcNwHdlr: [0] handleSignalStrength, sig1:99, sig2:-1, cdma_dbm:-1, cdma_ecio:-1, evdo_dbm:-1,evdo_ecio:-1, evdo_snr:-1, lte_sig:99, lte_rsrp:2147483647, lte_rsrq:2147483647, lte_rssnr:2147483647, lte_cqi:2147483647,lte_timing_advance:2147483647, td_scdma_rscp:51
01-10 14:29:56.274163  1311  1311 D MTKSST  : [CdmaLteSST0] old:{level:0, raw:SignalStrength: 99 -1 -120 -160 -120 -1 -1 99 2147483647 2147483647 2147483647 2147483647 0 -52 cdma}, new:{level:0, raw:SignalStrength: 99 -1 -120 -160 -120 -1 -1 99 2147483647 2147483647 2147483647 2147483647 0 -51 cdma}
01-10 14:30:01.381523   925   959 I AT      : [0] AT< +ECSQ: 68,43,1,-210,-12,1,1,4,32767,1 (RIL_URC_READER, tid:525060834544)
01-10 14:30:01.383515   925   960 D RmcNwHdlr: [0] handleSignalStrength, sig1:99, sig2:-1, cdma_dbm:-1, cdma_ecio:-1, evdo_dbm:-1,evdo_ecio:-1, evdo_snr:-1, lte_sig:99, lte_rsrp:2147483647, lte_rsrq:2147483647, lte_rssnr:2147483647, lte_cqi:2147483647,lte_timing_advance:2147483647, td_scdma_rscp:52
01-10 14:30:01.386756  1311  1311 D MTKSST  : [CdmaLteSST0] old:{level:0, raw:SignalStrength: 99 -1 -120 -160 -120 -1 -1 99 2147483647 2147483647 2147483647 2147483647 0 -51 cdma}, new:{level:0, raw:SignalStrength: 99 -1 -120 -160 -120 -1 -1 99 2147483647 2147483647 2147483647 2147483647 0 -52 cdma}
01-10 14:30:02.367170   925  3725 I RilClient: initialize: commandFd is 68
01-10 14:30:02.369157   925  3731 I RilOemClient: NUMBER:1
01-10 14:30:02.369488   925  3731 I RilOemClient: arg len:14
01-10 14:30:02.369628   925  3731 I RilOemClient: ARGS[0]:THERMAL,0,-1
01-10 14:30:02.369758   925  3731 I RilOemClient: executeThermal
01-10 14:30:02.369944   925  3731 D RilOemClient: Thermal line = THERMAL,0,-1
01-10 14:30:02.369944   925  3731 D RilOemClient: , cmd:THERMAL, slotId:0, targetSim: 0
01-10 14:30:02.370122   925  3731 I RilOemClient: arg : -1
01-10 14:30:02.372935   925   966 D RmcOemRequestHandler: [0] onHandleRequest: RFX_MSG_REQUEST_QUERY_MODEM_THERMAL(55019)
01-10 14:30:02.373103   925   966 I RmcOemRequestHandler: requestQueryThermal Enter: -1
01-10 14:30:02.373221   925   966 I AT      : [0] AT> AT+ETHERMAL (RIL_CMD_READER_1, tid:525055653104)
01-10 14:30:02.385893   925   965 I AT      : [0] AT< +ETHERMAL: 2, 32767, -127, 30771, 32767, 8 (RIL_CMD_READER_1, tid:525061870832)
01-10 14:30:02.386528   925   965 I AT      : [0] AT< OK (RIL_CMD_READER_1, tid:525061870832)
01-10 14:30:02.386850   925   966 I RmcOemRequestHandler: requestQueryThermal success
01-10 14:30:02.388470   925   957 D RtcRilClientController: client 1001 handle requestComplete
01-10 14:30:02.388633   925   957 I RilOemClient: request for THERMAL returned
01-10 14:30:02.388738   925   957 I RilOemClient: mThermalFd is valid strResult is  2, 32767, -127, 30771, 32767, 8
01-10 14:30:02.390226   925  3732 D RilOemClient: stream null here
01-10 14:30:02.391726   925  3733 I RilClient: start listen on fd: 11, soicket name: rild-oem
01-10 14:30:06.502885   925   959 I AT      : [0] AT< +ECSQ: 68,42,1,-211,-13,1,1,4,32767,1 (RIL_URC_READER, tid:525060834544)
01-10 14:30:11.623744   925   959 I AT      : [0] AT< +ECSQ: 69,43,1,-207,-11,1,1,4,32767,1 (RIL_URC_READER, tid:525060834544)
01-10 14:30:11.626296   925   960 D RmcNwHdlr: [0] handleSignalStrength, sig1:99, sig2:-1, cdma_dbm:-1, cdma_ecio:-1, evdo_dbm:-1,evdo_ecio:-1, evdo_snr:-1, lte_sig:99, lte_rsrp:2147483647, lte_rsrq:2147483647, lte_rssnr:2147483647, lte_cqi:2147483647,lte_timing_advance:2147483647, td_scdma_rscp:51
01-10 14:30:11.629967  1311  1311 D MTKSST  : [CdmaLteSST0] old:{level:0, raw:SignalStrength: 99 -1 -120 -160 -120 -1 -1 99 2147483647 2147483647 2147483647 2147483647 0 -52 cdma}, new:{level:0, raw:SignalStrength: 99 -1 -120 -160 -120 -1 -1 99 2147483647 2147483647 2147483647 2147483647 0 -51 cdma}
01-10 14:30:12.397046   925  3733 I RilClient: initialize: commandFd is 0
01-10 14:30:12.398558   925  3739 I RilOemClient: NUMBER:1
01-10 14:30:12.398904   925  3739 I RilOemClient: arg len:14
01-10 14:30:12.399045   925  3739 I RilOemClient: ARGS[0]:THERMAL,0,-1
01-10 14:30:12.399219   925  3739 I RilOemClient: executeThermal
01-10 14:30:12.399549   925  3739 D RilOemClient: Thermal line = THERMAL,0,-1
01-10 14:30:12.399549   925  3739 D RilOemClient: , cmd:THERMAL, slotId:0, targetSim: 0
01-10 14:30:12.399691   925  3739 I RilOemClient: arg : -1
01-10 14:30:12.402287   925   966 D RmcOemRequestHandler: [0] onHandleRequest: RFX_MSG_REQUEST_QUERY_MODEM_THERMAL(55019)
01-10 14:30:12.402466   925   966 I RmcOemRequestHandler: requestQueryThermal Enter: -1
01-10 14:30:12.402585   925   966 I AT      : [0] AT> AT+ETHERMAL (RIL_CMD_READER_1, tid:525055653104)
01-10 14:30:12.414901   925   965 I AT      : [0] AT< +ETHERMAL: 2, 32767, -127, -9124, 32767, 8 (RIL_CMD_READER_1, tid:525061870832)
01-10 14:30:12.415630   925   965 I AT      : [0] AT< OK (RIL_CMD_READER_1, tid:525061870832)
01-10 14:30:12.415844   925   966 I RmcOemRequestHandler: requestQueryThermal success
01-10 14:30:12.416443   925   957 D RtcRilClientController: client 1001 handle requestComplete
01-10 14:30:12.416520   925   957 I RilOemClient: request for THERMAL returned
01-10 14:30:12.416569   925   957 I RilOemClient: mThermalFd is valid strResult is  2, 32767, -127, -9124, 32767, 8
01-10 14:30:12.417187   925  3740 D RilOemClient: stream null here
01-10 14:30:12.417893   925  3741 I RilClient: start listen on fd: 11, soicket name: rild-oem
01-10 14:30:16.744111   925   959 I AT      : [0] AT< +ECSQ: 68,42,1,-210,-14,1,1,4,32767,1 (RIL_URC_READER, tid:525060834544)
01-10 14:30:16.745991   925   960 D RmcNwHdlr: [0] handleSignalStrength, sig1:99, sig2:-1, cdma_dbm:-1, cdma_ecio:-1, evdo_dbm:-1,evdo_ecio:-1, evdo_snr:-1, lte_sig:99, lte_rsrp:2147483647, lte_rsrq:2147483647, lte_rssnr:2147483647, lte_cqi:2147483647,lte_timing_advance:2147483647, td_scdma_rscp:52
01-10 14:30:16.749434  1311  1311 D MTKSST  : [CdmaLteSST0] old:{level:0, raw:SignalStrength: 99 -1 -120 -160 -120 -1 -1 99 2147483647 2147483647 2147483647 2147483647 0 -51 cdma}, new:{level:0, raw:SignalStrength: 99 -1 -120 -160 -120 -1 -1 99 2147483647 2147483647 2147483647 2147483647 0 -52 cdma}
01-10 14:30:21.865704   925   959 I AT      : [0] AT< +ECSQ: 68,42,1,-210,-13,1,1,4,32767,1 (RIL_URC_READER, tid:525060834544)
01-10 14:30:22.424751   925  3741 I RilClient: initialize: commandFd is 68
01-10 14:30:22.426776   925  3747 I RilOemClient: NUMBER:1
01-10 14:30:22.427102   925  3747 I RilOemClient: arg len:14
01-10 14:30:22.427243   925  3747 I RilOemClient: ARGS[0]:THERMAL,0,-1
01-10 14:30:22.427749   925  3747 I RilOemClient: executeThermal
01-10 14:30:22.428020   925  3747 D RilOemClient: Thermal line = THERMAL,0,-1
01-10 14:30:22.428020   925  3747 D RilOemClient: , cmd:THERMAL, slotId:0, targetSim: 0
01-10 14:30:22.428111   925  3747 I RilOemClient: arg : -1
01-10 14:30:22.430635   925   966 D RmcOemRequestHandler: [0] onHandleRequest: RFX_MSG_REQUEST_QUERY_MODEM_THERMAL(55019)
01-10 14:30:22.430808   925   966 I RmcOemRequestHandler: requestQueryThermal Enter: -1
01-10 14:30:22.430924   925   966 I AT      : [0] AT> AT+ETHERMAL (RIL_CMD_READER_1, tid:525055653104)
01-10 14:30:22.442662   925   965 I AT      : [0] AT< +ETHERMAL: 2, 32767, -127, 16495, 32767, 8 (RIL_CMD_READER_1, tid:525061870832)
01-10 14:30:22.443559   925   965 I AT      : [0] AT< OK (RIL_CMD_READER_1, tid:525061870832)
01-10 14:30:22.444142   925   966 I RmcOemRequestHandler: requestQueryThermal success
01-10 14:30:22.445276   925   957 D RtcRilClientController: client 1001 handle requestComplete
01-10 14:30:22.445424   925   957 I RilOemClient: request for THERMAL returned
01-10 14:30:22.445527   925   957 I RilOemClient: mThermalFd is valid strResult is  2, 32767, -127, 16495, 32767, 8
01-10 14:30:22.446530   925  3748 D RilOemClient: stream null here
01-10 14:30:22.447983   925  3749 I RilClient: start listen on fd: 11, soicket name: rild-oem
01-10 14:30:23.485769   555  1983 E RPC     : entry g_lowpower_mode
01-10 14:30:26.988030   925   959 I AT      : [0] AT< +ECSQ: 68,42,1,-209,-13,1,1,4,32767,1 (RIL_URC_READER, tid:525060834544)
01-10 14:30:32.109133   925   959 I AT      : [0] AT< +ECSQ: 68,43,1,-211,-11,1,1,4,32767,1 (RIL_URC_READER, tid:525060834544)
01-10 14:30:32.454323   925  3749 I RilClient: initialize: commandFd is 0
01-10 14:30:32.456185   925  3755 I RilOemClient: NUMBER:1
01-10 14:30:32.456535   925  3755 I RilOemClient: arg len:14
01-10 14:30:32.456678   925  3755 I RilOemClient: ARGS[0]:THERMAL,0,-1
01-10 14:30:32.456884   925  3755 I RilOemClient: executeThermal
01-10 14:30:32.457141   925  3755 D RilOemClient: Thermal line = THERMAL,0,-1
01-10 14:30:32.457141   925  3755 D RilOemClient: , cmd:THERMAL, slotId:0, targetSim: 0
01-10 14:30:32.457270   925  3755 I RilOemClient: arg : -1
01-10 14:30:32.459748   925   966 D RmcOemRequestHandler: [0] onHandleRequest: RFX_MSG_REQUEST_QUERY_MODEM_THERMAL(55019)
01-10 14:30:32.459928   925   966 I RmcOemRequestHandler: requestQueryThermal Enter: -1
01-10 14:30:32.460048   925   966 I AT      : [0] AT> AT+ETHERMAL (RIL_CMD_READER_1, tid:525055653104)
01-10 14:30:32.471785   925   965 I AT      : [0] AT< +ETHERMAL: 2, 32767, -127, -23413, 32767, 8 (RIL_CMD_READER_1, tid:525061870832)
01-10 14:30:32.472503   925   965 I AT      : [0] AT< OK (RIL_CMD_READER_1, tid:525061870832)
01-10 14:30:32.472841   925   966 I RmcOemRequestHandler: requestQueryThermal success
01-10 14:30:32.474183   925   957 D RtcRilClientController: client 1001 handle requestComplete
01-10 14:30:32.474332   925   957 I RilOemClient: request for THERMAL returned
01-10 14:30:32.474436   925   957 I RilOemClient: mThermalFd is valid strResult is  2, 32767, -127, -23413, 32767, 8
01-10 14:30:32.475759   925  3756 D RilOemClient: stream null here
01-10 14:30:32.477271   925  3757 I RilClient: start listen on fd: 11, soicket name: rild-oem
01-10 14:30:37.230087   925   959 I AT      : [0] AT< +ECSQ: 68,42,1,-209,-13,1,1,4,32767,1 (RIL_URC_READER, tid:525060834544)
01-10 14:30:38.118324   555  1169 E RPC     : entry g_lowpower_mode
01-10 14:30:42.341402   925   959 I AT      : [0] AT< +ECSQ: 68,43,1,-210,-12,1,1,4,32767,1 (RIL_URC_READER, tid:525060834544)
01-10 14:30:42.481635   925  3757 I RilClient: initialize: commandFd is 68
01-10 14:30:42.483380   925  3763 I RilOemClient: NUMBER:1
01-10 14:30:42.483888   925  3763 I RilOemClient: arg len:14
01-10 14:30:42.484029   925  3763 I RilOemClient: ARGS[0]:THERMAL,0,-1
01-10 14:30:42.484205   925  3763 I RilOemClient: executeThermal
01-10 14:30:42.484446   925  3763 D RilOemClient: Thermal line = THERMAL,0,-1
01-10 14:30:42.484446   925  3763 D RilOemClient: , cmd:THERMAL, slotId:0, targetSim: 0
01-10 14:30:42.484573   925  3763 I RilOemClient: arg : -1
01-10 14:30:42.487128   925   966 D RmcOemRequestHandler: [0] onHandleRequest: RFX_MSG_REQUEST_QUERY_MODEM_THERMAL(55019)
01-10 14:30:42.487300   925   966 I RmcOemRequestHandler: requestQueryThermal Enter: -1
01-10 14:30:42.487546   925   966 I AT      : [0] AT> AT+ETHERMAL (RIL_CMD_READER_1, tid:525055653104)
01-10 14:30:42.499050   925   965 I AT      : [0] AT< +ETHERMAL: 2, 32767, -127, 2196, 32767, 8 (RIL_CMD_READER_1, tid:525061870832)
01-10 14:30:42.500012   925   965 I AT      : [0] AT< OK (RIL_CMD_READER_1, tid:525061870832)
01-10 14:30:42.500570   925   966 I RmcOemRequestHandler: requestQueryThermal success
01-10 14:30:42.502052   925   957 D RtcRilClientController: client 1001 handle requestComplete
01-10 14:30:42.502206   925   957 I RilOemClient: request for THERMAL returned
01-10 14:30:42.502311   925   957 I RilOemClient: mThermalFd is valid strResult is  2, 32767, -127, 2196, 32767, 8
01-10 14:30:42.503683   925  3764 D RilOemClient: stream null here
01-10 14:30:42.505188   925  3765 I RilClient: start listen on fd: 11, soicket name: rild-oem
01-10 14:30:47.462879   925   959 I AT      : [0] AT< +ECSQ: 68,43,1,-211,-12,1,1,4,32767,1 (RIL_URC_READER, tid:525060834544)
01-10 14:30:52.511008   925  3765 I RilClient: initialize: commandFd is 0
