01-10 16:52:36.505701   943  1074 D WindowManager: No fallback.
01-10 16:52:37.514802   943  1074 D WindowManager: Unhandled key: win=Window{a4b03e u0 com.android.contacts/com.android.contacts.activities.PeopleActivity}, action=0, flags=8, keyCode=22, scanCode=0, metaState=0, repeatCount=0, policyFlags=1795162112
01-10 16:52:37.514975   943  1074 D WindowManager: No fallback.
01-10 16:52:37.519064   943  1074 D WindowManager: Unhandled key: win=Window{a4b03e u0 com.android.contacts/com.android.contacts.activities.PeopleActivity}, action=1, flags=8, keyCode=22, scanCode=0, metaState=0, repeatCount=0, policyFlags=1795162112
01-10 16:52:37.519232   943  1074 D WindowManager: No fallback.
01-10 16:52:38.533057   943  1074 D WindowManager: Unhandled key: win=Window{a4b03e u0 com.android.contacts/com.android.contacts.activities.PeopleActivity}, action=0, flags=8, keyCode=19, scanCode=0, metaState=0, repeatCount=0, policyFlags=1795162112
01-10 16:52:38.533255   943  1074 D WindowManager: No fallback.
01-10 16:52:38.536690   943  1074 D WindowManager: Unhandled key: win=Window{a4b03e u0 com.android.contacts/com.android.contacts.activities.PeopleActivity}, action=1, flags=8, keyCode=19, scanCode=0, metaState=0, repeatCount=0, policyFlags=1795162112
01-10 16:52:38.536852   943  1074 D WindowManager: No fallback.
01-10 16:52:40.582119   943  1730 V SettingsProvider: packageValueForCallResult, name = show_ime_with_hard_keyboard, value : Bundle[{_track_generation=android.util.MemoryIntArray@62, value=0, _generation_index=1, _generation=3}]
01-10 16:52:47.892683   943  1074 D WindowManager: Unhandled key: win=Window{a4b03e u0 com.android.contacts/com.android.contacts.activities.PeopleActivity}, action=0, flags=8, keyCode=237, scanCode=0, metaState=0, repeatCount=0, policyFlags=1795162112
01-10 16:52:47.892862   943  1074 D WindowManager: No fallback.
01-10 16:52:47.897656   943  1074 D WindowManager: Unhandled key: win=Window{a4b03e u0 com.android.contacts/com.android.contacts.activities.PeopleActivity}, action=1, flags=8, keyCode=237, scanCode=0, metaState=0, repeatCount=0, policyFlags=1795162112
01-10 16:52:47.897829   943  1074 D WindowManager: No fallback.
01-10 16:52:56.175459   943  1272 V WindowManager: Changing focus from Window{a4b03e u0 com.android.contacts/com.android.contacts.activities.PeopleActivity} to Window{ed0a2d1 u0 StatusBar} Callers=com.android.server.wm.WindowManagerService.relayoutWindow:2176 com.android.server.wm.Session.relayout:239 android.view.IWindowSession$Stub.onTransact:286 com.android.server.wm.Session.onTransact:163 
01-10 16:52:56.175870   943  1272 D WindowManager: Input focus has changed to Window{ed0a2d1 u0 StatusBar}
01-10 16:52:56.180940   943  1008 I WindowManager: Focus moving from Window{a4b03e u0 com.android.contacts/com.android.contacts.activities.PeopleActivity} to Window{ed0a2d1 u0 StatusBar}
01-10 16:52:56.605045   943  1272 V WindowManager: Changing focus from Window{ed0a2d1 u0 StatusBar} to Window{a4b03e u0 com.android.contacts/com.android.contacts.activities.PeopleActivity} Callers=com.android.server.wm.WindowManagerService.relayoutWindow:2176 com.android.server.wm.Session.relayout:239 android.view.IWindowSession$Stub.onTransact:286 com.android.server.wm.Session.onTransact:163 
01-10 16:52:56.605319   943  1272 D WindowManager: Input focus has changed to Window{a4b03e u0 com.android.contacts/com.android.contacts.activities.PeopleActivity}
01-10 16:52:56.608697   943  1008 I WindowManager: Focus moving from Window{ed0a2d1 u0 StatusBar} to Window{a4b03e u0 com.android.contacts/com.android.contacts.activities.PeopleActivity}
01-10 16:53:00.001532   943  1069 D DataShapingService: [isDataShapingWhitelistApp] packageName: android
01-10 16:53:00.001988   943  1069 D DataShapingUtils: [isDataShapingWhitelistApp] packageName: android, mWhitelist: []
01-10 16:53:00.003063   943  1069 D DataShapingService: [openLteDataUpLinkGate] isForce: false
01-10 16:53:00.003281   943  1069 D DataShapingService: Alarm manager openLteDataUpLinkGate: false
01-10 16:53:00.003375   943  1069 I DataShapingService: openLteGateSuccess = false
01-10 16:53:05.192105   943  1074 D WindowManager: Unhandled key: win=Window{a4b03e u0 com.android.contacts/com.android.contacts.activities.PeopleActivity}, action=0, flags=8, keyCode=180, scanCode=0, metaState=0, repeatCount=0, policyFlags=1795162112
01-10 16:53:05.192601   943  1074 D WindowManager: No fallback.
01-10 16:53:05.200931   943  1074 D WindowManager: Unhandled key: win=Window{a4b03e u0 com.android.contacts/com.android.contacts.activities.PeopleActivity}, action=1, flags=8, keyCode=180, scanCode=0, metaState=0, repeatCount=0, policyFlags=1795162112
01-10 16:53:05.201169   943  1074 D WindowManager: No fallback.
01-10 16:53:07.350945   943  1711 I WindowManager: Relayout Window{9cc407e u0 InputMethod}: oldVis=8 newVis=0 focusMayChange = true
01-10 16:53:11.982413   943  1105 V SettingsProvider: name : volume_ring_speaker appId : 1000
01-10 16:53:13.481271   943  1074 D WindowManager: Unhandled key: win=Window{a4b03e u0 com.android.contacts/com.android.contacts.activities.PeopleActivity}, action=0, flags=8, keyCode=249, scanCode=0, metaState=0, repeatCount=0, policyFlags=1795162112
01-10 16:53:13.481379   943  1074 D WindowManager: No fallback.
01-10 16:53:13.484685   943  1074 D WindowManager: Unhandled key: win=Window{a4b03e u0 com.android.contacts/com.android.contacts.activities.PeopleActivity}, action=1, flags=8, keyCode=249, scanCode=0, metaState=0, repeatCount=0, policyFlags=1795162112
01-10 16:53:13.484866   943  1074 D WindowManager: No fallback.
01-10 16:53:14.488250   943  1711 I ActivityManager: START u0 {act=android.intent.action.MAIN cat=[android.intent.category.LAUNCHER] flg=0x10200000 cmp=com.android.deskclock/.DeskClock} from uid 2000
01-10 16:53:14.529656   943  1012 D DuraSpeed/DSPolicyBase: setCurrentLauncher, currentLauncher = com.android.launcher3
01-10 16:53:14.529784   943  1012 D DuraSpeed/DuraSpeedInternalManager: switchState, currentPackage = com.android.deskclock, event = 1004
01-10 16:53:14.529816   943  1012 D DuraSpeed/DuraSpeedInternalManager: switchState, is activity pause, do noting.
01-10 16:53:14.542577   943  1711 I ActivityManager: Start proc 6587:com.android.deskclock/1000 for activity com.android.deskclock/.DeskClock
01-10 16:53:14.550312   943  1059 V WindowManager: Changing focus from Window{a4b03e u0 com.android.contacts/com.android.contacts.activities.PeopleActivity} to null Callers=com.android.server.wm.WindowManagerService.relayoutWindow:2176 com.android.server.wm.Session.relayout:239 android.view.ViewRootImpl.relayoutWindow:6320 android.view.ViewRootImpl.performTraversals:1977 
01-10 16:53:14.550667   943  1059 D WindowManager: Input focus has changed to null
01-10 16:53:14.554585   943  1008 I WindowManager: Focus moving from Window{a4b03e u0 com.android.contacts/com.android.contacts.activities.PeopleActivity} to null
01-10 16:53:14.561263   943  1711 D DL-PowerManagerService: isBatteryCoverOpen
01-10 16:53:14.566449   943  1711 V WindowManager: Set focused app to: AppWindowToken{bde5442 token=Token{9c5d5de ActivityRecord{445d119 u0 com.android.deskclock/.DeskClock t392}}} old focus=AppWindowToken{4fd6792 token=Token{4827bc4 ActivityRecord{43366d7 u0 com.android.contacts/.activities.PeopleActivity t389}}} moveFocusNow=true
01-10 16:53:14.646515   943  1734 V SettingsProvider: packageValueForCallResult, name = null, value : Bundle[{_track_generation=android.util.MemoryIntArray@62, value=null, _generation_index=0, _generation=2}]
01-10 16:53:14.790696   943  1711 V SettingsProvider: packageValueForCallResult, name = alarm_alert, value : Bundle[{_track_generation=android.util.MemoryIntArray@62, value=content://media/internal/audio/media/9, _generation_index=2, _generation=7}]
01-10 16:53:14.993902   943  1734 I WindowManager: Relayout Window{7a51ba2 u0 com.android.deskclock/com.android.deskclock.DeskClock}: oldVis=4 newVis=0 focusMayChange = true
01-10 16:53:15.003278   943  1734 V WindowManager: Changing focus from null to Window{7a51ba2 u0 com.android.deskclock/com.android.deskclock.DeskClock} Callers=com.android.server.wm.WindowManagerService.relayoutWindow:2176 com.android.server.wm.Session.relayout:239 android.view.IWindowSession$Stub.onTransact:286 com.android.server.wm.Session.onTransact:163 
01-10 16:53:15.003538   943  1734 D WindowManager: Input focus has changed to Window{7a51ba2 u0 com.android.deskclock/com.android.deskclock.DeskClock}
01-10 16:53:15.007405   943  1008 I WindowManager: Focus moving from null to Window{7a51ba2 u0 com.android.deskclock/com.android.deskclock.DeskClock}
01-10 16:53:15.444142   943  1711 D IdleScreen: activityIdleScreen: android.app.ContextImpl@f439358 mNotifyNeeded: false idleIntent: Intent { act=android.intent.action.MAIN cat=[android.intent.category.LAUNCHER] flg=0x10200000 cmp=com.android.contacts/.activities.PeopleActivity }
01-10 16:53:16.570556   943  1074 D WindowManager: Unhandled key: win=Window{7a51ba2 u0 com.android.deskclock/com.android.deskclock.DeskClock}, action=0, flags=8, keyCode=43, scanCode=0, metaState=0, repeatCount=0, policyFlags=1795162112
01-10 16:53:16.570766   943  1074 D WindowManager: No fallback.
01-10 16:53:16.574134   943  1074 D WindowManager: Unhandled key: win=Window{7a51ba2 u0 com.android.deskclock/com.android.deskclock.DeskClock}, action=1, flags=8, keyCode=43, scanCode=0, metaState=0, repeatCount=0, policyFlags=1795162112
01-10 16:53:16.574293   943  1074 D WindowManager: No fallback.
01-10 16:53:18.598148   943  1074 D WindowManager: Unhandled key: win=Window{7a51ba2 u0 com.android.deskclock/com.android.deskclock.DeskClock}, action=0, flags=8, keyCode=78, scanCode=0, metaState=0, repeatCount=0, policyFlags=1795162112
01-10 16:53:18.598350   943  1074 D WindowManager: No fallback.
01-10 16:53:18.604582   943  1074 D WindowManager: Unhandled key: win=Window{7a51ba2 u0 com.android.deskclock/com.android.deskclock.DeskClock}, action=1, flags=8, keyCode=78, scanCode=0, metaState=0, repeatCount=0, policyFlags=1795162112
01-10 16:53:18.604738   943  1074 D WindowManager: No fallback.
01-10 16:53:20.631609   943  1074 D WindowManager: Unhandled key: win=Window{7a51ba2 u0 com.android.deskclock/com.android.deskclock.DeskClock}, action=0, flags=8, keyCode=241, scanCode=0, metaState=0, repeatCount=0, policyFlags=1795162112
01-10 16:53:20.631923   943  1074 D WindowManager: No fallback.
01-10 16:53:20.637260   943  1074 D WindowManager: Unhandled key: win=Window{7a51ba2 u0 com.android.deskclock/com.android.deskclock.DeskClock}, action=1, flags=8, keyCode=241, scanCode=0, metaState=0, repeatCount=0, policyFlags=1795162112
01-10 16:53:20.637425   943  1074 D WindowManager: No fallback.
01-10 16:53:21.646715   943  1074 D WindowManager: Unhandled key: win=Window{7a51ba2 u0 com.android.deskclock/com.android.deskclock.DeskClock}, action=0, flags=8, keyCode=23, scanCode=0, metaState=0, repeatCount=0, policyFlags=1795162112
01-10 16:53:21.646819   943  1074 D WindowManager: No fallback.
01-10 16:53:21.650941   943  1074 D WindowManager: Unhandled key: win=Window{7a51ba2 u0 com.android.deskclock/com.android.deskclock.DeskClock}, action=1, flags=8, keyCode=23, scanCode=0, metaState=0, repeatCount=0, policyFlags=1795162112
01-10 16:53:21.651115   943  1074 D WindowManager: No fallback.
01-10 16:53:24.099562   943  1272 I ActivityManager: START u0 {flg=0x10000000 cmp=com.android.deskclock/.ScreensaverActivity (has extras)} from uid 1000
01-10 16:53:24.121836   943  1734 D DL-PowerManagerService: isBatteryCoverOpen
01-10 16:53:24.124526   943  1734 V WindowManager: Set focused app to: AppWindowToken{7c5e413 token=Token{8536f95 ActivityRecord{57d734c u0 com.android.deskclock/.ScreensaverActivity t393}}} old focus=AppWindowToken{bde5442 token=Token{9c5d5de ActivityRecord{445d119 u0 com.android.deskclock/.DeskClock t392}}} moveFocusNow=true
01-10 16:53:24.125198   943  1734 V WindowManager: Changing focus from Window{7a51ba2 u0 com.android.deskclock/com.android.deskclock.DeskClock} to null Callers=com.android.server.wm.WindowManagerService.setFocusedApp:2744 com.android.server.am.ActivityManagerService.setResumedActivityUncheckLocked:3231 com.android.server.am.ActivityStack.setResumedActivityLocked:2284 com.android.server.am.ActivityStack.minimalResumeActivityLocked:1093 
01-10 16:53:24.125374   943  1734 D WindowManager: Input focus has changed to null
01-10 16:53:24.126789   943  1008 I WindowManager: Focus moving from Window{7a51ba2 u0 com.android.deskclock/com.android.deskclock.DeskClock} to null
01-10 16:53:24.205392   943  1734 I WindowManager: Relayout Window{2947f81 u0 com.android.deskclock/com.android.deskclock.ScreensaverActivity}: oldVis=4 newVis=0 focusMayChange = true
01-10 16:53:24.208011   943  1734 V WindowManager: Changing focus from null to Window{2947f81 u0 com.android.deskclock/com.android.deskclock.ScreensaverActivity} Callers=com.android.server.wm.WindowManagerService.relayoutWindow:2176 com.android.server.wm.Session.relayout:239 android.view.IWindowSession$Stub.onTransact:286 com.android.server.wm.Session.onTransact:163 
01-10 16:53:24.208195   943  1734 D WindowManager: Input focus has changed to Window{2947f81 u0 com.android.deskclock/com.android.deskclock.ScreensaverActivity}
01-10 16:53:24.213616   943  1008 I WindowManager: Focus moving from null to Window{2947f81 u0 com.android.deskclock/com.android.deskclock.ScreensaverActivity}
01-10 16:53:24.249471   943  1059 V WindowManager: Changing focus from Window{2947f81 u0 com.android.deskclock/com.android.deskclock.ScreensaverActivity} to null Callers=com.android.server.wm.WindowState.setupWindowForRemoveOnExit:2008 com.android.server.wm.WindowState.removeIfPossible:1980 com.android.server.wm.WindowState.removeIfPossible:1860 com.android.server.wm.WindowManagerService.removeWindow:1741 
01-10 16:53:24.249650   943  1059 D WindowManager: Input focus has changed to null
01-10 16:53:24.255761   943  1008 I WindowManager: Focus moving from Window{2947f81 u0 com.android.deskclock/com.android.deskclock.ScreensaverActivity} to null
01-10 16:53:24.263653   943  1711 V WindowManager: Set focused app to: AppWindowToken{bde5442 token=Token{9c5d5de ActivityRecord{445d119 u0 com.android.deskclock/.DeskClock t392}}} old focus=AppWindowToken{7c5e413 token=Token{8536f95 ActivityRecord{57d734c u0 com.android.deskclock/.ScreensaverActivity t393}}} moveFocusNow=true
01-10 16:53:24.265254   943  1711 D DL-PowerManagerService: isBatteryCoverOpen
01-10 16:53:24.269562   943  1711 W ActivityManager: Finishing task with all activities already finished
01-10 16:53:24.270884   943  1711 W ActivityManager: Duplicate finish request for ActivityRecord{57d734c u0 com.android.deskclock/.ScreensaverActivity t393 f}
01-10 16:53:24.284719   943  1734 I WindowManager: Relayout Window{7a51ba2 u0 com.android.deskclock/com.android.deskclock.DeskClock EXITING}: oldVis=8 newVis=0 focusMayChange = true
01-10 16:53:24.284911   943  1734 D WindowManager: relayoutVisibleWindow: Window{7a51ba2 u0 com.android.deskclock/com.android.deskclock.DeskClock EXITING} mAnimatingExit=true, mRemoveOnExit=false, mDestroying=false
01-10 16:53:24.285296   943  1734 V WindowManager: Changing focus from null to Window{7a51ba2 u0 com.android.deskclock/com.android.deskclock.DeskClock} Callers=com.android.server.wm.WindowManagerService.relayoutWindow:2176 com.android.server.wm.Session.relayout:239 android.view.IWindowSession$Stub.onTransact:286 com.android.server.wm.Session.onTransact:163 
01-10 16:53:24.285446   943  1734 D WindowManager: Input focus has changed to Window{7a51ba2 u0 com.android.deskclock/com.android.deskclock.DeskClock}
01-10 16:53:24.289223   943  1734 I WindowManager: Failed to capture screenshot of Token{8536f95 ActivityRecord{57d734c u0 com.android.deskclock/.ScreensaverActivity t393 f}} appWin=Window{2947f81 u0 com.android.deskclock/com.android.deskclock.ScreensaverActivity} drawState=4
01-10 16:53:24.292299   943  1008 I WindowManager: Focus moving from null to Window{7a51ba2 u0 com.android.deskclock/com.android.deskclock.DeskClock}
01-10 16:53:24.358657   943   976 D IdleScreen: activityIdleScreen: android.app.ContextImpl@f439358 mNotifyNeeded: false idleIntent: Intent { flg=0x10800000 cmp=com.android.deskclock/.ScreensaverActivity (has extras) }
01-10 16:53:24.722060   943  1711 V WindowManager: Set focused app to: AppWindowToken{4fd6792 token=Token{4827bc4 ActivityRecord{43366d7 u0 com.android.contacts/.activities.PeopleActivity t389}}} old focus=AppWindowToken{bde5442 token=Token{9c5d5de ActivityRecord{445d119 u0 com.android.deskclock/.DeskClock t392}}} moveFocusNow=true
01-10 16:53:24.722723   943  1711 V WindowManager: Changing focus from Window{7a51ba2 u0 com.android.deskclock/com.android.deskclock.DeskClock} to null Callers=com.android.server.wm.WindowManagerService.setFocusedApp:2744 com.android.server.am.ActivityManagerService.setResumedActivityUncheckLocked:3231 com.android.server.am.ActivityStack.setResumedActivityLocked:2284 com.android.server.am.ActivityStack.resumeTopActivityInnerLocked:2599 
01-10 16:53:24.722916   943  1711 D WindowManager: Input focus has changed to null
01-10 16:53:24.726451   943  1012 D DuraSpeed/DSPolicyBase: setCurrentLauncher, currentLauncher = com.android.launcher3
01-10 16:53:24.726561   943  1012 D DuraSpeed/DuraSpeedInternalManager: switchState, currentPackage = com.android.contacts, event = 1004
01-10 16:53:24.726592   943  1012 D DuraSpeed/DuraSpeedInternalManager: switchState, is activity pause, do noting.
01-10 16:53:24.732154   943  1711 D DL-PowerManagerService: isBatteryCoverOpen
01-10 16:53:24.733226   943  1008 I WindowManager: Focus moving from Window{7a51ba2 u0 com.android.deskclock/com.android.deskclock.DeskClock} to null
01-10 16:53:24.776664   943   976 I WindowManager: Relayout Window{a4b03e u0 com.android.contacts/com.android.contacts.activities.PeopleActivity}: oldVis=4 newVis=0 focusMayChange = true
01-10 16:53:24.779631   943   976 V WindowManager: Changing focus from null to Window{a4b03e u0 com.android.contacts/com.android.contacts.activities.PeopleActivity} Callers=com.android.server.wm.WindowManagerService.relayoutWindow:2176 com.android.server.wm.Session.relayout:239 android.view.IWindowSession$Stub.onTransact:286 com.android.server.wm.Session.onTransact:163 
01-10 16:53:24.779872   943   976 D WindowManager: Input focus has changed to Window{a4b03e u0 com.android.contacts/com.android.contacts.activities.PeopleActivity}
01-10 16:53:24.782929   943  1008 I WindowManager: Focus moving from null to Window{a4b03e u0 com.android.contacts/com.android.contacts.activities.PeopleActivity}
01-10 16:53:24.843137   943   976 D IdleScreen: activityIdleScreen: android.app.ContextImpl@f439358 mNotifyNeeded: false idleIntent: Intent { act=android.intent.action.MAIN cat=[android.intent.category.LAUNCHER] flg=0x10200000 cmp=com.android.contacts/.activities.PeopleActivity }
01-10 16:53:26.128363   943  1088 D WifiController: battery changed pluggedType: 2
01-10 16:53:30.864828   943  1074 D WindowManager: Unhandled key: win=Window{a4b03e u0 com.android.contacts/com.android.contacts.activities.PeopleActivity}, action=0, flags=8, keyCode=174, scanCode=0, metaState=0, repeatCount=0, policyFlags=1795162112
01-10 16:53:30.865010   943  1074 D WindowManager: No fallback.
01-10 16:53:30.868889   943  1074 D WindowManager: Unhandled key: win=Window{a4b03e u0 com.android.contacts/com.android.contacts.activities.PeopleActivity}, action=1, flags=8, keyCode=174, scanCode=0, metaState=0, repeatCount=0, policyFlags=1795162112
01-10 16:53:30.869035   943  1074 D WindowManager: No fallback.
01-10 16:53:37.106401   943   976 I WindowManager: Relayout Window{9cc407e u0 InputMethod}: oldVis=8 newVis=0 focusMayChange = true
01-10 16:53:40.053519   943  1074 D WindowManager: Unhandled key: win=Window{a4b03e u0 com.android.contacts/com.android.contacts.activities.PeopleActivity}, action=0, flags=8, keyCode=134, scanCode=0, metaState=0, repeatCount=0, policyFlags=1795162112
01-10 16:53:40.053690   943  1074 D WindowManager: No fallback.
01-10 16:53:40.058076   943  1074 D WindowManager: Unhandled key: win=Window{a4b03e u0 com.android.contacts/com.android.contacts.activities.PeopleActivity}, action=1, flags=8, keyCode=134, scanCode=0, metaState=0, repeatCount=0, policyFlags=1795162112
01-10 16:53:40.058233   943  1074 D WindowManager: No fallback.
01-10 16:53:41.062930   943  1074 D WindowManager: Unhandled key: win=Window{a4b03e u0 com.android.contacts/com.android.contacts.activities.PeopleActivity}, action=0, flags=8, keyCode=178, scanCode=0, metaState=0, repeatCount=0, policyFlags=1795162112
01-10 16:53:41.062973   943  1074 D WindowManager: No fallback.
01-10 16:53:41.065156   943  1074 D WindowManager: Unhandled key: win=Window{a4b03e u0 com.android.contacts/com.android.contacts.activities.PeopleActivity}, action=1, flags=8, keyCode=178, scanCode=0, metaState=0, repeatCount=0, policyFlags=1795162112
01-10 16:53:41.065267   943  1074 D WindowManager: No fallback.
01-10 16:53:54.360116   943  1074 D WindowManager: Unhandled key: win=Window{a4b03e u0 com.android.contacts/com.android.contacts.activities.PeopleActivity}, action=0, flags=8, keyCode=138, scanCode=0, metaState=0, repeatCount=0, policyFlags=1795162112
01-10 16:53:54.360305   943  1074 D WindowManager: No fallback.
01-10 16:53:54.364578   943  1074 D WindowManager: Unhandled key: win=Window{a4b03e u0 com.android.contacts/com.android.contacts.activities.PeopleActivity}, action=1, flags=8, keyCode=138, scanCode=0, metaState=0, repeatCount=0, policyFlags=1795162112
01-10 16:53:54.364729   943  1074 D WindowManager: No fallback.
01-10 16:53:55.371798   943  1074 D WindowManager: Unhandled key: win=Window{a4b03e u0 com.android.contacts/com.android.contacts.activities.PeopleActivity}, action=0, flags=8, keyCode=270, scanCode=0, metaState=0, repeatCount=0, policyFlags=1795162112
01-10 16:53:55.371897   943  1074 D WindowManager: No fallback.
01-10 16:53:55.374436   943  1074 D WindowManager: Unhandled key: win=Window{a4b03e u0 com.android.contacts/com.android.contacts.activities.PeopleActivity}, action=1, flags=8, keyCode=270, scanCode=0, metaState=0, repeatCount=0, policyFlags=1795162112
01-10 16:53:55.374552   943  1074 D WindowManager: No fallback.
01-10 16:53:57.407842   943   976 I ActivityManager: Killing 2719:com.gears42.surefox/u0a30 (adj 906): empty for 6846s
01-10 16:53:58.411914   943  1074 D WindowManager: Unhandled key: win=Window{a4b03e u0 com.android.contacts/com.android.contacts.activities.PeopleActivity}, action=0, flags=8, keyCode=214, scanCode=0, metaState=0, repeatCount=0, policyFlags=1795162112
01-10 16:53:58.412084   943  1074 D WindowManager: No fallback.
01-10 16:53:58.416267   943  1074 D WindowManager: Unhandled key: win=Window{a4b03e u0 com.android.contacts/com.android.contacts.activities.PeopleActivity}, action=1, flags=8, keyCode=214, scanCode=0, metaState=0, repeatCount=0, policyFlags=1795162112
01-10 16:53:58.416409   943  1074 D WindowManager: No fallback.
01-10 16:54:00.002019   943  1069 D DataShapingService: [isDataShapingWhitelistApp] packageName: android
01-10 16:54:00.002364   943  1069 D DataShapingUtils: [isDataShapingWhitelistApp] packageName: android, mWhitelist: []
01-10 16:54:00.003160   943  1069 D DataShapingService: [openLteDataUpLinkGate] isForce: false
01-10 16:54:00.003344   943  1069 D DataShapingService: Alarm manager openLteDataUpLinkGate: false
01-10 16:54:00.003429   943  1069 I DataShapingService: openLteGateSuccess = false
01-10 16:54:01.569319   943  1074 D WindowManager: Unhandled key: win=Window{a4b03e u0 com.android.contacts/com.android.contacts.activities.PeopleActivity}, action=0, flags=8, keyCode=151, scanCode=0, metaState=0, repeatCount=0, policyFlags=1795162112
01-10 16:54:01.569520   943  1074 D WindowManager: Fallback: keyCode=122 metaState=0
01-10 16:54:01.569935   943  1074 D WindowManager: Performing fallback: KeyEvent { action=ACTION_DOWN, keyCode=KEYCODE_MOVE_HOME, scanCode=0, metaState=0, flags=0x408, repeatCount=0, eventTime=6885898, downTime=6885898, deviceId=-1, source=0x101 }
01-10 16:54:01.575943   943  1074 D WindowManager: Unhandled key: win=Window{a4b03e u0 com.android.contacts/com.android.contacts.activities.PeopleActivity}, action=1, flags=8, keyCode=151, scanCode=0, metaState=0, repeatCount=0, policyFlags=1795162112
01-10 16:54:01.576039   943  1074 D WindowManager: Fallback: keyCode=122 metaState=0
01-10 16:54:01.576304   943  1074 D WindowManager: Performing fallback: KeyEvent { action=ACTION_UP, keyCode=KEYCODE_MOVE_HOME, scanCode=0, metaState=0, flags=0x408, repeatCount=0, eventTime=6885904, downTime=6885904, deviceId=-1, source=0x101 }
01-10 16:54:05.760615   943  1074 D WindowManager: Unhandled key: win=Window{a4b03e u0 com.android.contacts/com.android.contacts.activities.PeopleActivity}, action=0, flags=8, keyCode=96, scanCode=0, metaState=0, repeatCount=0, policyFlags=1795162112
01-10 16:54:05.760793   943  1074 D WindowManager: Fallback: keyCode=23 metaState=0
01-10 16:54:05.761275   943  1074 D WindowManager: Performing fallback: KeyEvent { action=ACTION_DOWN, keyCode=KEYCODE_DPAD_CENTER, scanCode=0, metaState=0, flags=0x408, repeatCount=0, eventTime=6890074, downTime=6890074, deviceId=-1, source=0x101 }
01-10 16:54:05.765118   943  1074 D WindowManager: Unhandled key: win=Window{a4b03e u0 com.android.contacts/com.android.contacts.activities.PeopleActivity}, action=1, flags=8, keyCode=96, scanCode=0, metaState=0, repeatCount=0, policyFlags=1795162112
01-10 16:54:05.765216   943  1074 D WindowManager: Fallback: keyCode=23 metaState=0
01-10 16:54:05.765564   943  1074 D WindowManager: Performing fallback: KeyEvent { action=ACTION_UP, keyCode=KEYCODE_DPAD_CENTER, scanCode=0, metaState=0, flags=0x408, repeatCount=0, eventTime=6890096, downTime=6890096, deviceId=-1, source=0x101 }
01-10 16:54:08.585197   943  1088 D WifiController: battery changed pluggedType: 2
01-10 16:54:17.064035   943  1074 D WindowManager: Unhandled key: win=Window{a4b03e u0 com.android.contacts/com.android.contacts.activities.PeopleActivity}, action=0, flags=8, keyCode=124, scanCode=0, metaState=0, repeatCount=0, policyFlags=1795162112
01-10 16:54:17.064391   943  1074 D WindowManager: No fallback.
01-10 16:54:17.070469   943  1074 D WindowManager: Unhandled key: win=Window{a4b03e u0 com.android.contacts/com.android.contacts.activities.PeopleActivity}, action=1, flags=8, keyCode=124, scanCode=0, metaState=0, repeatCount=0, policyFlags=1795162112
01-10 16:54:17.070665   943  1074 D WindowManager: No fallback.
01-10 16:54:33.558479   943  1364 V WindowManager: Changing focus from Window{a4b03e u0 com.android.contacts/com.android.contacts.activities.PeopleActivity} to Window{ed0a2d1 u0 StatusBar} Callers=com.android.server.wm.WindowManagerService.relayoutWindow:2176 com.android.server.wm.Session.relayout:239 android.view.IWindowSession$Stub.onTransact:286 com.android.server.wm.Session.onTransact:163 
01-10 16:54:33.558889   943  1364 D WindowManager: Input focus has changed to Window{ed0a2d1 u0 StatusBar}
01-10 16:54:33.563331   943  1008 I WindowManager: Focus moving from Window{a4b03e u0 com.android.contacts/com.android.contacts.activities.PeopleActivity} to Window{ed0a2d1 u0 StatusBar}
01-10 16:54:35.618012   943  6690 V WindowManager: Changing focus from Window{ed0a2d1 u0 StatusBar} to Window{a4b03e u0 com.android.contacts/com.android.contacts.activities.PeopleActivity} Callers=com.android.server.wm.WindowManagerService.relayoutWindow:2176 com.android.server.wm.Session.relayout:239 android.view.IWindowSession$Stub.onTransact:286 com.android.server.wm.Session.onTransact:163 
01-10 16:54:35.618298   943  6690 D WindowManager: Input focus has changed to Window{a4b03e u0 com.android.contacts/com.android.contacts.activities.PeopleActivity}
01-10 16:54:35.622862   943  1008 I WindowManager: Focus moving from Window{ed0a2d1 u0 StatusBar} to Window{a4b03e u0 com.android.contacts/com.android.contacts.activities.PeopleActivity}
01-10 16:54:36.541276   943  1074 D WindowManager: Unhandled key: win=Window{a4b03e u0 com.android.contacts/com.android.contacts.activities.PeopleActivity}, action=0, flags=8, keyCode=22, scanCode=0, metaState=0, repeatCount=0, policyFlags=1795162112
01-10 16:54:36.541481   943  1074 D WindowManager: No fallback.
01-10 16:54:36.544469   943  1074 D WindowManager: Unhandled key: win=Window{a4b03e u0 com.android.contacts/com.android.contacts.activities.PeopleActivity}, action=1, flags=8, keyCode=22, scanCode=0, metaState=0, repeatCount=0, policyFlags=1795162112
01-10 16:54:36.544645   943  1074 D WindowManager: No fallback.
01-10 16:54:39.590971   943  1074 I ActivityManager: START u0 {act=android.intent.action.MAIN cat=[android.intent.category.HOME] flg=0x10200000 cmp=android/com.android.internal.app.ResolverActivity (has extras)} from uid 1000
01-10 16:54:39.605669   943  1364 V WindowManager: Set focused app to: AppWindowToken{d72b1a token=Token{542666b ActivityRecord{10147ba u0 android/com.android.internal.app.ResolverActivity t388}}} old focus=AppWindowToken{4fd6792 token=Token{4827bc4 ActivityRecord{43366d7 u0 com.android.contacts/.activities.PeopleActivity t389}}} moveFocusNow=true
01-10 16:54:39.605995   943  1364 V WindowManager: findFocusedWindow: Reached focused app=AppWindowToken{d72b1a token=Token{542666b ActivityRecord{10147ba u0 android/com.android.internal.app.ResolverActivity t388}}}
01-10 16:54:39.606323   943  1364 V WindowManager: Changing focus from Window{a4b03e u0 com.android.contacts/com.android.contacts.activities.PeopleActivity} to null Callers=com.android.server.wm.WindowManagerService.setFocusedApp:2744 com.android.server.am.ActivityManagerService.setResumedActivityUncheckLocked:3231 com.android.server.am.ActivityStack.setResumedActivityLocked:2284 com.android.server.am.ActivityStack.resumeTopActivityInnerLocked:2599 
01-10 16:54:39.606504   943  1364 D WindowManager: Input focus has changed to null
01-10 16:54:39.607306   943  1012 D DuraSpeed/DSPolicyBase: setCurrentLauncher, currentLauncher = com.android.launcher3
01-10 16:54:39.607433   943  1012 D DuraSpeed/DuraSpeedInternalManager: switchState, currentPackage = android, event = 1004
01-10 16:54:39.607462   943  1012 D DuraSpeed/DuraSpeedInternalManager: switchState, is activity pause, do noting.
01-10 16:54:39.612791   943  1364 D DL-PowerManagerService: isBatteryCoverOpen
01-10 16:54:39.613780   943  1008 I WindowManager: Focus moving from Window{a4b03e u0 com.android.contacts/com.android.contacts.activities.PeopleActivity} to null
01-10 16:54:39.622273   943  1364 V WindowManager: findFocusedWindow: Reached focused app=AppWindowToken{d72b1a token=Token{542666b ActivityRecord{10147ba u0 android/com.android.internal.app.ResolverActivity t388}}}
01-10 16:54:39.641255   943  1364 I WindowManager: Relayout Window{7d388d7 u0 android/com.android.internal.app.ResolverActivity}: oldVis=4 newVis=0 focusMayChange = true
01-10 16:54:39.645551   943  1364 V WindowManager: Changing focus from null to Window{7d388d7 u0 android/com.android.internal.app.ResolverActivity} Callers=com.android.server.wm.WindowManagerService.relayoutWindow:2176 com.android.server.wm.Session.relayout:239 android.view.IWindowSession$Stub.onTransact:286 com.android.server.wm.Session.onTransact:163 
01-10 16:54:39.645739   943  1364 D WindowManager: Input focus has changed to Window{7d388d7 u0 android/com.android.internal.app.ResolverActivity}
01-10 16:54:39.649070   943  1008 I WindowManager: Focus moving from null to Window{7d388d7 u0 android/com.android.internal.app.ResolverActivity}
01-10 16:54:39.736301   943  1364 D IdleScreen: activityIdleScreen: android.app.ContextImpl@f439358 mNotifyNeeded: false idleIntent: Intent { act=android.intent.action.MAIN cat=[android.intent.category.HOME] flg=0x10800100 cmp=android/com.android.internal.app.ResolverActivity }
01-10 16:54:40.622011   943  1074 I ActivityManager: START u0 {act=android.intent.action.MAIN cat=[android.intent.category.HOME] flg=0x10200000 cmp=android/com.android.internal.app.ResolverActivity (has extras)} from uid 1000
01-10 16:54:42.708431   943  1364 V SettingsProvider: packageValueForCallResult, name = sound_effects_enabled, value : Bundle[{_track_generation=android.util.MemoryIntArray@62, value=1, _generation_index=2, _generation=7}]
01-10 16:54:43.697160   943  1074 D WindowManager: Unhandled key: win=Window{7d388d7 u0 android/com.android.internal.app.ResolverActivity}, action=0, flags=8, keyCode=249, scanCode=0, metaState=0, repeatCount=0, policyFlags=1795162112
01-10 16:54:43.697306   943  1074 D WindowManager: No fallback.
01-10 16:54:43.702759   943  1074 D WindowManager: Unhandled key: win=Window{7d388d7 u0 android/com.android.internal.app.ResolverActivity}, action=1, flags=8, keyCode=249, scanCode=0, metaState=0, repeatCount=0, policyFlags=1795162112
01-10 16:54:43.702895   943  1074 D WindowManager: No fallback.
01-10 16:54:46.761110   943  1364 V WindowManager: Changing focus from Window{7d388d7 u0 android/com.android.internal.app.ResolverActivity} to Window{4cf7ba3 u0 AtchDlg:android/com.android.internal.app.ResolverActivity} Callers=com.android.server.wm.WindowManagerService.addWindow:1574 com.android.server.wm.Session.addToDisplay:202 android.view.IWindowSession$Stub.onTransact:124 com.android.server.wm.Session.onTransact:163 
01-10 16:54:46.763463   943  1364 D WindowManager: Input focus has changed to Window{4cf7ba3 u0 AtchDlg:android/com.android.internal.app.ResolverActivity}
01-10 16:54:46.765174   943  1008 I WindowManager: Focus moving from Window{7d388d7 u0 android/com.android.internal.app.ResolverActivity} to Window{4cf7ba3 u0 AtchDlg:android/com.android.internal.app.ResolverActivity}
01-10 16:54:46.883296   943  1008 I WindowManager: Losing delayed focus: Window{7d388d7 u0 android/com.android.internal.app.ResolverActivity}
01-10 16:54:47.758801   943  1074 D WindowManager: Unhandled key: win=Window{4cf7ba3 u0 AtchDlg:android/com.android.internal.app.ResolverActivity}, action=0, flags=8, keyCode=23, scanCode=0, metaState=0, repeatCount=0, policyFlags=1795162112
01-10 16:54:47.759009   943  1074 D WindowManager: No fallback.
01-10 16:54:47.763498   943  1074 D WindowManager: Unhandled key: win=Window{4cf7ba3 u0 AtchDlg:android/com.android.internal.app.ResolverActivity}, action=1, flags=8, keyCode=23, scanCode=0, metaState=0, repeatCount=0, policyFlags=1795162112
01-10 16:54:47.763765   943  1074 D WindowManager: No fallback.
01-10 16:54:48.773168   943  1364 V WindowManager: Remove Window{4cf7ba3 u0 AtchDlg:android/com.android.internal.app.ResolverActivity} client=b9d0ed2, surfaceController=Surface(name=AtchDlg:android/com.android.internal.app.ResolverActivity) Callers=com.android.server.wm.WindowState.removeIfPossible:1860 com.android.server.wm.WindowManagerService.removeWindow:1741 com.android.server.wm.Session.remove:222 android.view.IWindowSession$Stub.onTransact:242 com.android.server.wm.Session.onTransact:163 
01-10 16:54:48.774301   943  1364 V WindowManager: Changing focus from Window{4cf7ba3 u0 AtchDlg:android/com.android.internal.app.ResolverActivity EXITING} to Window{7d388d7 u0 android/com.android.internal.app.ResolverActivity} Callers=com.android.server.wm.WindowState.setupWindowForRemoveOnExit:2008 com.android.server.wm.WindowState.removeIfPossible:1980 com.android.server.wm.WindowState.removeIfPossible:1860 com.android.server.wm.WindowManagerService.removeWindow:1741 
01-10 16:54:48.774497   943  1364 D WindowManager: Input focus has changed to Window{7d388d7 u0 android/com.android.internal.app.ResolverActivity}
01-10 16:54:48.785502   943  1008 I WindowManager: Focus moving from Window{4cf7ba3 u0 AtchDlg:android/com.android.internal.app.ResolverActivity EXITING} to Window{7d388d7 u0 android/com.android.internal.app.ResolverActivity}
01-10 16:54:48.788317   943  2574 W InputManager: Input event injection from pid 6207 failed.
01-10 16:54:50.826659   943  1074 D WindowManager: Unhandled key: win=Window{7d388d7 u0 android/com.android.internal.app.ResolverActivity}, action=0, flags=8, keyCode=22, scanCode=0, metaState=0, repeatCount=0, policyFlags=1795162112
01-10 16:54:50.826806   943  1074 D WindowManager: No fallback.
01-10 16:54:50.830166   943  1074 D WindowManager: Unhandled key: win=Window{7d388d7 u0 android/com.android.internal.app.ResolverActivity}, action=1, flags=8, keyCode=22, scanCode=0, metaState=0, repeatCount=0, policyFlags=1795162112
01-10 16:54:50.830360   943  1074 D WindowManager: No fallback.
01-10 16:54:51.887813   943  1364 V WindowManager: Set focused app to: AppWindowToken{4fd6792 token=Token{4827bc4 ActivityRecord{43366d7 u0 com.android.contacts/.activities.PeopleActivity t389}}} old focus=AppWindowToken{d72b1a token=Token{542666b ActivityRecord{10147ba u0 android/com.android.internal.app.ResolverActivity t388}}} moveFocusNow=true
01-10 16:54:51.888299   943  1364 V WindowManager: Changing focus from Window{7d388d7 u0 android/com.android.internal.app.ResolverActivity} to Window{a4b03e u0 com.android.contacts/com.android.contacts.activities.PeopleActivity} Callers=com.android.server.wm.WindowManagerService.setFocusedApp:2744 com.android.server.am.ActivityManagerService.setResumedActivityUncheckLocked:3231 com.android.server.am.ActivityStack.setResumedActivityLocked:2284 com.android.server.am.ActivityStack.resumeTopActivityInnerLocked:2599 
01-10 16:54:51.888429   943  1364 D WindowManager: Input focus has changed to Window{a4b03e u0 com.android.contacts/com.android.contacts.activities.PeopleActivity}
01-10 16:54:51.890112   943  1012 D DuraSpeed/DSPolicyBase: setCurrentLauncher, currentLauncher = com.android.launcher3
01-10 16:54:51.890200   943  1012 D DuraSpeed/DuraSpeedInternalManager: switchState, currentPackage = com.android.contacts, event = 1004
01-10 16:54:51.890749   943  1012 D DuraSpeed/DuraSpeedInternalManager: switchState, is activity pause, do noting.
01-10 16:54:51.892846   943  1364 D DL-PowerManagerService: isBatteryCoverOpen
01-10 16:54:51.893854   943  1008 I WindowManager: Focus moving from Window{7d388d7 u0 android/com.android.internal.app.ResolverActivity} to Window{a4b03e u0 com.android.contacts/com.android.contacts.activities.PeopleActivity}
01-10 16:54:51.980108   943  1364 I ActivityManager: Killing 2212:com.android.providers.calendar/u0a11 (adj 906): empty for 6877s
01-10 16:54:51.988068   943  1364 I ActivityManager: Killing 2885:com.android.keychain/1000 (adj 906): empty for 6887s
01-10 16:54:51.991031   943  1364 D IdleScreen: activityIdleScreen: android.app.ContextImpl@f439358 mNotifyNeeded: false idleIntent: Intent { act=android.intent.action.MAIN cat=[android.intent.category.HOME] flg=0x10800100 cmp=android/com.android.internal.app.ResolverActivity }
01-10 16:54:52.864274   943  1715 I ActivityManager: START u0 {act=android.intent.action.MAIN cat=[android.intent.category.LAUNCHER] flg=0x10200000 cmp=com.mediatek.filemanager/.FileManagerOperationActivity} from uid 2000
01-10 16:54:52.899777   943  1012 D DuraSpeed/DSPolicyBase: setCurrentLauncher, currentLauncher = com.android.launcher3
01-10 16:54:52.899915   943  1012 D DuraSpeed/DuraSpeedInternalManager: switchState, currentPackage = com.mediatek.filemanager, event = 1004
01-10 16:54:52.899947   943  1012 D DuraSpeed/DuraSpeedInternalManager: switchState, is activity pause, do noting.
01-10 16:54:52.912692   943  1371 I ActivityManager: Start proc 6869:com.mediatek.filemanager/u0a48 for activity com.mediatek.filemanager/.FileManagerOperationActivity
01-10 16:54:52.921081   943  1059 V WindowManager: Changing focus from Window{a4b03e u0 com.android.contacts/com.android.contacts.activities.PeopleActivity} to null Callers=com.android.server.wm.WindowManagerService.relayoutWindow:2176 com.android.server.wm.Session.relayout:239 android.view.ViewRootImpl.relayoutWindow:6320 android.view.ViewRootImpl.performTraversals:1977 
01-10 16:54:52.921324   943  1059 D WindowManager: Input focus has changed to null
01-10 16:54:52.925106   943  1008 I WindowManager: Focus moving from Window{a4b03e u0 com.android.contacts/com.android.contacts.activities.PeopleActivity} to null
01-10 16:54:52.930979   943  1371 D DL-PowerManagerService: isBatteryCoverOpen
01-10 16:54:52.935090   943  1371 V WindowManager: Set focused app to: AppWindowToken{8c62b7e token=Token{ea2d082 ActivityRecord{20d3fcd u0 com.mediatek.filemanager/.FileManagerOperationActivity t394}}} old focus=AppWindowToken{4fd6792 token=Token{4827bc4 ActivityRecord{43366d7 u0 com.android.contacts/.activities.PeopleActivity t389}}} moveFocusNow=true
01-10 16:54:52.999565   943  1715 V SettingsProvider: packageValueForCallResult, name = null, value : Bundle[{_track_generation=android.util.MemoryIntArray@62, value=null, _generation_index=0, _generation=2}]
01-10 16:54:53.095035   943  1371 I WindowManager: Relayout Window{f0a41eb u0 com.mediatek.filemanager/com.mediatek.filemanager.FileManagerOperationActivity}: oldVis=4 newVis=0 focusMayChange = true
01-10 16:54:53.098932   943  1371 V WindowManager: Changing focus from null to Window{f0a41eb u0 com.mediatek.filemanager/com.mediatek.filemanager.FileManagerOperationActivity} Callers=com.android.server.wm.WindowManagerService.relayoutWindow:2176 com.android.server.wm.Session.relayout:239 android.view.IWindowSession$Stub.onTransact:286 com.android.server.wm.Session.onTransact:163 
01-10 16:54:53.099125   943  1371 D WindowManager: Input focus has changed to Window{f0a41eb u0 com.mediatek.filemanager/com.mediatek.filemanager.FileManagerOperationActivity}
01-10 16:54:53.104443   943  1008 I WindowManager: Focus moving from null to Window{f0a41eb u0 com.mediatek.filemanager/com.mediatek.filemanager.FileManagerOperationActivity}
01-10 16:54:53.215717   943  1715 D IdleScreen: activityIdleScreen: android.app.ContextImpl@f439358 mNotifyNeeded: false idleIntent: Intent { act=android.intent.action.MAIN cat=[android.intent.category.LAUNCHER] flg=0x10200000 cmp=com.mediatek.filemanager/.FileManagerOperationActivity }
01-10 16:54:53.944134   943  1711 V SettingsProvider: packageValueForCallResult, name = sound_effects_enabled, value : Bundle[{_track_generation=android.util.MemoryIntArray@62, value=1, _generation_index=2, _generation=7}]
01-10 16:54:53.949109   943  1371 I ActivityManager: START u0 {flg=0x10000000 cmp=com.mediatek.filemanager/.FileManagerSearchActivity (has extras)} from uid 10048
01-10 16:54:53.974518   943  1711 D DL-PowerManagerService: isBatteryCoverOpen
01-10 16:54:53.976196   943  1711 V WindowManager: Set focused app to: AppWindowToken{13acb60 token=Token{9bb0363 ActivityRecord{be6dd92 u0 com.mediatek.filemanager/.FileManagerSearchActivity t394}}} old focus=AppWindowToken{8c62b7e token=Token{ea2d082 ActivityRecord{20d3fcd u0 com.mediatek.filemanager/.FileManagerOperationActivity t394}}} moveFocusNow=true
01-10 16:54:53.976576   943  1711 V WindowManager: findFocusedWindow: Reached focused app=AppWindowToken{13acb60 token=Token{9bb0363 ActivityRecord{be6dd92 u0 com.mediatek.filemanager/.FileManagerSearchActivity t394}}}
01-10 16:54:53.976945   943  1711 V WindowManager: Changing focus from Window{f0a41eb u0 com.mediatek.filemanager/com.mediatek.filemanager.FileManagerOperationActivity} to null Callers=com.android.server.wm.WindowManagerService.setFocusedApp:2744 com.android.server.am.ActivityManagerService.setResumedActivityUncheckLocked:3231 com.android.server.am.ActivityStack.setResumedActivityLocked:2284 com.android.server.am.ActivityStack.minimalResumeActivityLocked:1093 
01-10 16:54:53.977124   943  1711 D WindowManager: Input focus has changed to null
01-10 16:54:53.978351   943  1008 I WindowManager: Focus moving from Window{f0a41eb u0 com.mediatek.filemanager/com.mediatek.filemanager.FileManagerOperationActivity} to null
01-10 16:54:54.025728   943  1711 I WindowManager: Relayout Window{ebaa678 u0 com.mediatek.filemanager/com.mediatek.filemanager.FileManagerSearchActivity}: oldVis=4 newVis=0 focusMayChange = true
01-10 16:54:54.030223   943  1711 V WindowManager: Changing focus from null to Window{ebaa678 u0 com.mediatek.filemanager/com.mediatek.filemanager.FileManagerSearchActivity} Callers=com.android.server.wm.WindowManagerService.relayoutWindow:2176 com.android.server.wm.Session.relayout:239 android.view.IWindowSession$Stub.onTransact:286 com.android.server.wm.Session.onTransact:163 
01-10 16:54:54.030374   943  1711 D WindowManager: Input focus has changed to Window{ebaa678 u0 com.mediatek.filemanager/com.mediatek.filemanager.FileManagerSearchActivity}
01-10 16:54:54.033908   943  1008 I WindowManager: Focus moving from null to Window{ebaa678 u0 com.mediatek.filemanager/com.mediatek.filemanager.FileManagerSearchActivity}
01-10 16:54:54.218585   943  1715 I WindowManager: Relayout Window{9cc407e u0 InputMethod}: oldVis=8 newVis=0 focusMayChange = true
01-10 16:54:54.345531   943  1715 D IdleScreen: activityIdleScreen: android.app.ContextImpl@f439358 mNotifyNeeded: false idleIntent: Intent { flg=0x10000000 cmp=com.mediatek.filemanager/.FileManagerSearchActivity (has extras) }
01-10 16:55:00.003021   943  1069 D DataShapingService: [isDataShapingWhitelistApp] packageName: android
01-10 16:55:00.003383   943  1069 D DataShapingUtils: [isDataShapingWhitelistApp] packageName: android, mWhitelist: []
01-10 16:55:00.004051   943  1069 D DataShapingService: [openLteDataUpLinkGate] isForce: false
01-10 16:55:00.004297   943  1069 D DataShapingService: Alarm manager openLteDataUpLinkGate: false
01-10 16:55:00.004388   943  1069 I DataShapingService: openLteGateSuccess = false
01-10 16:55:01.181253   943  1074 D WindowManager: Unhandled key: win=Window{ebaa678 u0 com.mediatek.filemanager/com.mediatek.filemanager.FileManagerSearchActivity}, action=0, flags=8, keyCode=266, scanCode=0, metaState=0, repeatCount=0, policyFlags=1795162112
01-10 16:55:01.181408   943  1074 D WindowManager: No fallback.
01-10 16:55:01.187472   943  1074 D WindowManager: Unhandled key: win=Window{ebaa678 u0 com.mediatek.filemanager/com.mediatek.filemanager.FileManagerSearchActivity}, action=1, flags=8, keyCode=266, scanCode=0, metaState=0, repeatCount=0, policyFlags=1795162112
01-10 16:55:01.187648   943  1074 D WindowManager: No fallback.
01-10 16:55:04.211033   943  1074 D WindowManager: Unhandled key: win=Window{ebaa678 u0 com.mediatek.filemanager/com.mediatek.filemanager.FileManagerSearchActivity}, action=0, flags=8, keyCode=84, scanCode=0, metaState=0, repeatCount=0, policyFlags=1795162112
01-10 16:55:04.211207   943  1074 D WindowManager: No fallback.
01-10 16:55:04.263707   943  1371 V WindowManager: Changing focus from Window{ebaa678 u0 com.mediatek.filemanager/com.mediatek.filemanager.FileManagerSearchActivity} to Window{6b711cb u0 com.mediatek.filemanager/com.mediatek.filemanager.FileManagerSearchActivity} Callers=com.android.server.wm.WindowManagerService.addWindow:1574 com.android.server.wm.Session.addToDisplay:202 android.view.IWindowSession$Stub.onTransact:124 com.android.server.wm.Session.onTransact:163 
01-10 16:55:04.264685   943  1371 D WindowManager: Input focus has changed to Window{6b711cb u0 com.mediatek.filemanager/com.mediatek.filemanager.FileManagerSearchActivity}
01-10 16:55:04.265406   943  1008 I WindowManager: Focus moving from Window{ebaa678 u0 com.mediatek.filemanager/com.mediatek.filemanager.FileManagerSearchActivity} to Window{6b711cb u0 com.mediatek.filemanager/com.mediatek.filemanager.FileManagerSearchActivity}
01-10 16:55:04.271975   943  1074 D WindowManager: Unhandled key: win=Window{ebaa678 u0 com.mediatek.filemanager/com.mediatek.filemanager.FileManagerSearchActivity}, action=1, flags=40, keyCode=84, scanCode=0, metaState=0, repeatCount=0, policyFlags=1795162112
01-10 16:55:04.272077   943  1074 D WindowManager: No fallback.
01-10 16:55:04.339601   943  1008 I WindowManager: Losing delayed focus: Window{ebaa678 u0 com.mediatek.filemanager/com.mediatek.filemanager.FileManagerSearchActivity}
01-10 16:55:06.226196   943  1074 D WindowManager: Unhandled key: win=Window{6b711cb u0 com.mediatek.filemanager/com.mediatek.filemanager.FileManagerSearchActivity}, action=0, flags=8, keyCode=121, scanCode=0, metaState=0, repeatCount=0, policyFlags=1795162112
01-10 16:55:06.226301   943  1074 D WindowManager: No fallback.
01-10 16:55:06.229542   943  1074 D WindowManager: Unhandled key: win=Window{6b711cb u0 com.mediatek.filemanager/com.mediatek.filemanager.FileManagerSearchActivity}, action=1, flags=8, keyCode=121, scanCode=0, metaState=0, repeatCount=0, policyFlags=1795162112
01-10 16:55:06.229650   943  1074 D WindowManager: No fallback.
01-10 16:55:08.261453   943  1074 I ActivityManager: START u0 {act=android.intent.action.MAIN cat=[android.intent.category.HOME] flg=0x10200000 cmp=android/com.android.internal.app.ResolverActivity (has extras)} from uid 1000
01-10 16:55:08.281714   943  1364 D DL-PowerManagerService: isBatteryCoverOpen
01-10 16:55:08.282842   943  1012 D DuraSpeed/DSPolicyBase: setCurrentLauncher, currentLauncher = com.android.launcher3
01-10 16:55:08.286378   943  1364 V WindowManager: Set focused app to: AppWindowToken{df5ec54 token=Token{f22ffa7 ActivityRecord{7a3d066 u0 android/com.android.internal.app.ResolverActivity t395}}} old focus=AppWindowToken{13acb60 token=Token{9bb0363 ActivityRecord{be6dd92 u0 com.mediatek.filemanager/.FileManagerSearchActivity t394}}} moveFocusNow=true
01-10 16:55:08.286732   943  1364 V WindowManager: findFocusedWindow: Reached focused app=AppWindowToken{df5ec54 token=Token{f22ffa7 ActivityRecord{7a3d066 u0 android/com.android.internal.app.ResolverActivity t395}}}
