01-10 16:56:45.625529   943  1272 V WindowManager: Set focused app to: AppWindowToken{1c1f524 token=Token{a9eb978 ActivityRecord{90ffadb u0 com.android.launcher3/.Launcher t399}}} old focus=AppWindowToken{235f30f token=Token{354833b ActivityRecord{e995ca u0 com.android.browser/.BrowserActivity t398}}} moveFocusNow=true
01-10 16:56:45.626370   943  1272 V WindowManager: Changing focus from Window{8fe210b u0 com.android.browser/com.android.browser.BrowserActivity} to null Callers=com.android.server.wm.WindowManagerService.setFocusedApp:2744 com.android.server.am.ActivityManagerService.setResumedActivityUncheckLocked:3231 com.android.server.am.ActivityStack.setResumedActivityLocked:2284 com.android.server.am.ActivityStack.minimalResumeActivityLocked:1093 
01-10 16:56:45.626539   943  1272 D WindowManager: Input focus has changed to null
01-10 16:56:45.627690   943  1008 I WindowManager: Focus moving from Window{8fe210b u0 com.android.browser/com.android.browser.BrowserActivity} to null
01-10 16:56:45.650734   943  1272 W WallpaperManagerService: Cannot extract colors because wallpaper could not be read.
01-10 16:56:45.894190   943  1371 D DL-PowerManagerService: isBatteryCoverOpen
01-10 16:56:45.963394   943  1715 I WindowManager: Relayout Window{bdc9769 u0 com.android.launcher3/com.android.launcher3.Launcher}: oldVis=4 newVis=0 focusMayChange = true
01-10 16:56:45.968204   943  1715 V WindowManager: Changing focus from null to Window{bdc9769 u0 com.android.launcher3/com.android.launcher3.Launcher} Callers=com.android.server.wm.WindowManagerService.relayoutWindow:2176 com.android.server.wm.Session.relayout:239 android.view.IWindowSession$Stub.onTransact:286 com.android.server.wm.Session.onTransact:163 
01-10 16:56:45.968480   943  1715 D WindowManager: Input focus has changed to Window{bdc9769 u0 com.android.launcher3/com.android.launcher3.Launcher}
01-10 16:56:45.972827   943  1008 I WindowManager: Focus moving from null to Window{bdc9769 u0 com.android.launcher3/com.android.launcher3.Launcher}
01-10 16:56:46.335541  1716  1716 E SchedPolicy: set_timerslack_ns write failed: Operation not permitted
01-10 16:56:46.362303   943  1715 D IdleScreen: activityIdleScreen: android.app.ContextImpl@f439358 mNotifyNeeded: false idleIntent: Intent { act=android.intent.action.MAIN cat=[android.intent.category.LAUNCHER] flg=0x10200000 cmp=com.android.browser/.BrowserActivity }
01-10 16:56:48.672030   943  1364 V SettingsProvider: packageValueForCallResult, name = sound_effects_enabled, value : Bundle[{_track_generation=android.util.MemoryIntArray@62, value=1, _generation_index=2, _generation=7}]
01-10 16:56:48.676570   943  1364 I ActivityManager: START u0 {act=android.intent.action.MAIN cat=[android.intent.category.LAUNCHER] flg=0x10200000 cmp=com.android.gallery3d/.app.GalleryActivity bnds=[194,793][360,1036]} from uid 10018
01-10 16:56:48.705845   943  1012 D DuraSpeed/DSPolicyBase: setCurrentLauncher, currentLauncher = com.android.launcher3
01-10 16:56:48.705958   943  1012 D DuraSpeed/DuraSpeedInternalManager: switchState, currentPackage = com.android.gallery3d, event = 1004
01-10 16:56:48.705987   943  1012 D DuraSpeed/DuraSpeedInternalManager: switchState, is activity pause, do noting.
01-10 16:56:48.720802   943  1364 I ActivityManager: Start proc 7222:com.android.gallery3d/u0a54 for activity com.android.gallery3d/.app.GalleryActivity
01-10 16:56:48.744208   943  1364 D DL-PowerManagerService: isBatteryCoverOpen
01-10 16:56:48.749464   943  1364 V WindowManager: Set focused app to: AppWindowToken{57db34e token=Token{b572752 ActivityRecord{d346fdd u0 com.android.gallery3d/.app.GalleryActivity t400}}} old focus=AppWindowToken{1c1f524 token=Token{a9eb978 ActivityRecord{90ffadb u0 com.android.launcher3/.Launcher t399}}} moveFocusNow=true
01-10 16:56:48.750084   943  1364 V WindowManager: Changing focus from Window{bdc9769 u0 com.android.launcher3/com.android.launcher3.Launcher} to null Callers=com.android.server.wm.WindowManagerService.setFocusedApp:2744 com.android.server.am.ActivityManagerService.setResumedActivityUncheckLocked:3231 com.android.server.am.ActivityStack.setResumedActivityLocked:2284 com.android.server.am.ActivityStack.minimalResumeActivityLocked:1093 
01-10 16:56:48.750270   943  1364 D WindowManager: Input focus has changed to null
01-10 16:56:48.789516   943  1008 I WindowManager: Focus moving from Window{bdc9769 u0 com.android.launcher3/com.android.launcher3.Launcher EXITING} to null
01-10 16:56:48.849569   943  1715 V SettingsProvider: packageValueForCallResult, name = null, value : Bundle[{_track_generation=android.util.MemoryIntArray@62, value=null, _generation_index=0, _generation=3}]
01-10 16:56:49.116505   943  6690 V SettingsProvider: packageValueForCallResult, name = accelerometer_rotation, value : Bundle[{_track_generation=android.util.MemoryIntArray@62, value=0, _generation_index=2, _generation=7}]
01-10 16:56:49.189864   943  7241 I WindowManager: Relayout Window{638bfe u0 com.android.gallery3d/com.android.gallery3d.app.GalleryActivity}: oldVis=4 newVis=0 focusMayChange = true
01-10 16:56:49.193942   943  7241 V WindowManager: Changing focus from null to Window{638bfe u0 com.android.gallery3d/com.android.gallery3d.app.GalleryActivity} Callers=com.android.server.wm.WindowManagerService.relayoutWindow:2176 com.android.server.wm.Session.relayout:239 android.view.IWindowSession$Stub.onTransact:286 com.android.server.wm.Session.onTransact:163 
01-10 16:56:49.194125   943  7241 D WindowManager: Input focus has changed to Window{638bfe u0 com.android.gallery3d/com.android.gallery3d.app.GalleryActivity}
01-10 16:56:49.198764   943  1008 I WindowManager: Focus moving from null to Window{638bfe u0 com.android.gallery3d/com.android.gallery3d.app.GalleryActivity}
01-10 16:56:49.304094   943  7241 D IdleScreen: activityIdleScreen: android.app.ContextImpl@f439358 mNotifyNeeded: false idleIntent: Intent { act=android.intent.action.MAIN cat=[android.intent.category.LAUNCHER] flg=0x10200000 cmp=com.android.gallery3d/.app.GalleryActivity bnds=[194,793][360,1036] }
01-10 16:56:49.702623   943  1715 V WindowManager: Changing focus from Window{638bfe u0 com.android.gallery3d/com.android.gallery3d.app.GalleryActivity} to Window{fcd9898 u0 PopupWindow:eb45012} Callers=com.android.server.wm.WindowManagerService.addWindow:1574 com.android.server.wm.Session.addToDisplay:202 android.view.IWindowSession$Stub.onTransact:124 com.android.server.wm.Session.onTransact:163 
01-10 16:56:49.703398   943  1715 D WindowManager: Input focus has changed to Window{fcd9898 u0 PopupWindow:eb45012}
01-10 16:56:49.704021   943  1008 I WindowManager: Focus moving from Window{638bfe u0 com.android.gallery3d/com.android.gallery3d.app.GalleryActivity} to Window{fcd9898 u0 PopupWindow:eb45012}
01-10 16:56:49.759915   943  1008 I WindowManager: Losing delayed focus: Window{638bfe u0 com.android.gallery3d/com.android.gallery3d.app.GalleryActivity}
01-10 16:56:50.712429   943  1715 V WindowManager: Changing focus from Window{fcd9898 u0 PopupWindow:eb45012} to Window{638bfe u0 com.android.gallery3d/com.android.gallery3d.app.GalleryActivity} Callers=com.android.server.wm.WindowManagerService.relayoutWindow:2176 com.android.server.wm.Session.relayout:239 android.view.IWindowSession$Stub.onTransact:286 com.android.server.wm.Session.onTransact:163 
01-10 16:56:50.712755   943  1715 D WindowManager: Input focus has changed to Window{638bfe u0 com.android.gallery3d/com.android.gallery3d.app.GalleryActivity}
01-10 16:56:50.716702   943  1008 I WindowManager: Focus moving from Window{fcd9898 u0 PopupWindow:eb45012} to Window{638bfe u0 com.android.gallery3d/com.android.gallery3d.app.GalleryActivity}
