01-10 14:12:19.809367   943   977 D BluetoothManagerService: Trying to bind to profile: 1, while Bluetooth was disabled
01-10 14:12:19.851622  1130  1130 I StatusBar: isKeyguardShowing() called before startKeyguard(), returning true
01-10 14:12:19.852284  1311  1311 I TelecomFramework: TtyManager: updateUiTtyMode -1 -> 0
01-10 14:12:19.852518  1130  1130 W StatusBar: isKeyguardSecure() called before startKeyguard(), returning false
01-10 14:12:19.852518  1130  1130 W StatusBar: java.lang.Throwable
01-10 14:12:19.852518  1130  1130 W StatusBar: 	at com.android.systemui.statusbar.phone.StatusBar.isKeyguardSecure(StatusBar.java:7707)
01-10 14:12:19.852518  1130  1130 W StatusBar: 	at com.android.systemui.statusbar.phone.StatusBar.isCameraAllowedByAdmin(StatusBar.java:5580)
01-10 14:12:19.852518  1130  1130 W StatusBar: 	at com.android.systemui.statusbar.phone.KeyguardBottomAreaView$DefaultRightButton.getIcon(KeyguardBottomAreaView.java:884)
01-10 14:12:19.852518  1130  1130 W StatusBar: 	at com.android.systemui.statusbar.phone.KeyguardBottomAreaView.updateCameraVisibility(KeyguardBottomAreaView.java:408)
01-10 14:12:19.852518  1130  1130 W StatusBar: 	at com.android.systemui.statusbar.phone.KeyguardBottomAreaView.setUserSetupComplete(KeyguardBottomAreaView.java:386)
01-10 14:12:19.852518  1130  1130 W StatusBar: 	at com.android.systemui.statusbar.phone.NotificationPanelView.setUserSetupComplete(NotificationPanelView.java:2655)
01-10 14:12:19.852518  1130  1130 W StatusBar: 	at com.android.systemui.statusbar.phone.StatusBar$1.onUserSetupChanged(StatusBar.java:541)
01-10 14:12:19.852518  1130  1130 W StatusBar: 	at com.android.systemui.statusbar.policy.DeviceProvisionedControllerImpl.addCallback(DeviceProvisionedControllerImpl.java:69)
01-10 14:12:19.852518  1130  1130 W StatusBar: 	at com.android.systemui.statusbar.policy.DeviceProvisionedControllerImpl.addCallback(DeviceProvisionedControllerImpl.java:63)
01-10 14:12:19.852518  1130  1130 W StatusBar: 	at com.android.systemui.statusbar.phone.StatusBar.makeStatusBarView(StatusBar.java:1287)
01-10 14:12:19.852518  1130  1130 W StatusBar: 	at com.android.systemui.statusbar.phone.StatusBar.addStatusBarWindow(StatusBar.java:3788)
01-10 14:12:19.852518  1130  1130 W StatusBar: 	at com.android.systemui.statusbar.phone.StatusBar.createAndAddWindows(StatusBar.java:3784)
01-10 14:12:19.852518  1130  1130 W StatusBar: 	at com.android.systemui.statusbar.phone.StatusBar.start(StatusBar.java:910)
01-10 14:12:19.852518  1130  1130 W StatusBar: 	at com.android.systemui.SystemBars.createStatusBarFromConfig(SystemBars.java:71)
01-10 14:12:19.852518  1130  1130 W StatusBar: 	at com.android.systemui.SystemBars.start(SystemBars.java:42)
01-10 14:12:19.852518  1130  1130 W StatusBar: 	at com.android.systemui.SystemUIApplication.startServicesIfNeeded(SystemUIApplication.java:215)
01-10 14:12:19.852518  1130  1130 W StatusBar: 	at com.android.systemui.SystemUIApplication.startServicesIfNeeded(SystemUIApplication.java:164)
01-10 14:12:19.852518  1130  1130 W StatusBar: 	at com.android.systemui.SystemUIService.onCreate(SystemUIService.java:33)
01-10 14:12:19.852518  1130  1130 W StatusBar: 	at android.app.ActivityThread.handleCreateService(ActivityThread.java:3380)
01-10 14:12:19.852518  1130  1130 W StatusBar: 	at android.app.ActivityThread.-wrap4(Unknown Source:0)
01-10 14:12:19.852518  1130  1130 W StatusBar: 	at android.app.ActivityThread$H.handleMessage(ActivityThread.java:1711)
01-10 14:12:19.852518  1130  1130 W StatusBar: 	at android.os.Handler.dispatchMessage(Handler.java:106)
01-10 14:12:19.852518  1130  1130 W StatusBar: 	at android.os.Looper.loop(Looper.java:164)
01-10 14:12:19.852518  1130  1130 W StatusBar: 	at android.app.ActivityThread.main(ActivityThread.java:6548)
01-10 14:12:19.852518  1130  1130 W StatusBar: 	at java.lang.reflect.Method.invoke(Native Method)
01-10 14:12:19.852518  1130  1130 W StatusBar: 	at com.android.internal.os.RuntimeInit$MethodAndArgsCaller.run(RuntimeInit.java:438)
01-10 14:12:19.852518  1130  1130 W StatusBar: 	at com.android.internal.os.ZygoteInit.main(ZygoteInit.java:857)
01-10 14:12:20.064788   943   976 D CryptdConnector: SND -> {4 cryptfs getpw}
01-10 14:12:20.066408   363   371 D VoldCryptCmdListener: cryptfs getpw
01-10 14:12:20.066885   943  1078 D CryptdConnector: RCV <- {200 4 -1}
01-10 14:12:20.067786   943   976 D CryptdConnector: SND -> {5 cryptfs clearpw}
01-10 14:12:20.068656   363   371 D VoldCryptCmdListener: cryptfs clearpw
01-10 14:12:20.069282   943  1078 D CryptdConnector: RCV <- {200 5 0}
01-10 14:12:20.100402   943  1008 I WindowManager: performEnableScreen: mDisplayEnabled=false mForceDisplayEnabled=false mShowingBootMessages=false mSystemBooted=true mOnlyCore=false
01-10 14:12:20.100402   943  1008 I WindowManager: java.lang.RuntimeException: here
01-10 14:12:20.100402   943  1008 I WindowManager: 	at com.android.server.wm.WindowManagerService.performEnableScreen(WindowManagerService.java:3556)
01-10 14:12:20.100402   943  1008 I WindowManager: 	at com.android.server.wm.WindowManagerService.-wrap6(Unknown Source:0)
01-10 14:12:20.100402   943  1008 I WindowManager: 	at com.android.server.wm.WindowManagerService$H.handleMessage(WindowManagerService.java:5143)
01-10 14:12:20.100402   943  1008 I WindowManager: 	at android.os.Handler.dispatchMessage(Handler.java:106)
01-10 14:12:20.100402   943  1008 I WindowManager: 	at android.os.Looper.loop(Looper.java:164)
01-10 14:12:20.100402   943  1008 I WindowManager: 	at android.os.HandlerThread.run(HandlerThread.java:65)
01-10 14:12:20.100402   943  1008 I WindowManager: 	at com.android.server.ServiceThread.run(ServiceThread.java:46)
01-10 14:12:20.105034   943  1008 I chatty  : uid=1000(system) android.display identical 1 line
01-10 14:12:20.110556   943  1008 I WindowManager: performEnableScreen: mDisplayEnabled=false mForceDisplayEnabled=false mShowingBootMessages=false mSystemBooted=true mOnlyCore=false
01-10 14:12:20.110556   943  1008 I WindowManager: java.lang.RuntimeException: here
01-10 14:12:20.110556   943  1008 I WindowManager: 	at com.android.server.wm.WindowManagerService.performEnableScreen(WindowManagerService.java:3556)
01-10 14:12:20.110556   943  1008 I WindowManager: 	at com.android.server.wm.WindowManagerService.-wrap6(Unknown Source:0)
01-10 14:12:20.110556   943  1008 I WindowManager: 	at com.android.server.wm.WindowManagerService$H.handleMessage(WindowManagerService.java:5143)
01-10 14:12:20.110556   943  1008 I WindowManager: 	at android.os.Handler.dispatchMessage(Handler.java:106)
01-10 14:12:20.110556   943  1008 I WindowManager: 	at android.os.Looper.loop(Looper.java:164)
01-10 14:12:20.110556   943  1008 I WindowManager: 	at android.os.HandlerThread.run(HandlerThread.java:65)
01-10 14:12:20.110556   943  1008 I WindowManager: 	at com.android.server.ServiceThread.run(ServiceThread.java:46)
01-10 14:12:20.208930   943   976 I Telecom : PhoneAccountRegistrar: Modify account: [ComponentInfo{com.android.phone/com.android.services.telephony.TelephonyConnectionService}, [****], UserHandle{0}]: TSI.rPA@AAg
01-10 14:12:20.214339  1311  1311 I TelecomFramework: AccountEntry: Registered phoneAccount: [[ ] PhoneAccount: ComponentInfo{com.android.phone/com.android.services.telephony.TelephonyConnectionService}, [****], UserHandle{0} Capabilities: CallProvider MultiUser PlaceEmerg SimSub  Audio Routes: BESW Schemes: tel voicemail  Extras: Bundle[{android.telecom.extra.SUPPORTS_VIDEO_CALLING_FALLBACK=false, android.telecom.extra.EXTRA_PHONE_ACCOUNT_SORT_KEY=0}] GroupId: [****]] with handle: ComponentInfo{com.android.phone/com.android.services.telephony.TelephonyConnectionService}, [****], UserHandle{0}
01-10 14:12:20.215624  1311  1311 I TelecomFramework: PstnIncomingCallNotifier: Registering: Handler (com.mediatek.internal.telephony.MtkGsmCdmaPhone) {d73d1cc}
01-10 14:12:20.297924  1130  1130 I EmergencyButton: ss.getState()=1 ss.isEmergencyOnly()=false for simId=0
01-10 14:12:20.310459  1130  1130 I chatty  : uid=10021(com.android.systemui) identical 1 line
01-10 14:12:20.319507  1130  1130 I EmergencyButton: ss.getState()=1 ss.isEmergencyOnly()=false for simId=0
01-10 14:12:20.423580   943  1008 I WindowManager: performEnableScreen: mDisplayEnabled=false mForceDisplayEnabled=false mShowingBootMessages=false mSystemBooted=true mOnlyCore=false
01-10 14:12:20.423580   943  1008 I WindowManager: java.lang.RuntimeException: here
01-10 14:12:20.423580   943  1008 I WindowManager: 	at com.android.server.wm.WindowManagerService.performEnableScreen(WindowManagerService.java:3556)
01-10 14:12:20.423580   943  1008 I WindowManager: 	at com.android.server.wm.WindowManagerService.-wrap6(Unknown Source:0)
01-10 14:12:20.423580   943  1008 I WindowManager: 	at com.android.server.wm.WindowManagerService$H.handleMessage(WindowManagerService.java:5143)
01-10 14:12:20.423580   943  1008 I WindowManager: 	at android.os.Handler.dispatchMessage(Handler.java:106)
01-10 14:12:20.423580   943  1008 I WindowManager: 	at android.os.Looper.loop(Looper.java:164)
01-10 14:12:20.423580   943  1008 I WindowManager: 	at android.os.HandlerThread.run(HandlerThread.java:65)
01-10 14:12:20.423580   943  1008 I WindowManager: 	at com.android.server.ServiceThread.run(ServiceThread.java:46)
01-10 14:12:20.425911   943  1008 I WindowManager: performEnableScreen: mDisplayEnabled=false mForceDisplayEnabled=false mShowingBootMessages=false mSystemBooted=true mOnlyCore=false
01-10 14:12:20.425911   943  1008 I WindowManager: java.lang.RuntimeException: here
01-10 14:12:20.425911   943  1008 I WindowManager: 	at com.android.server.wm.WindowManagerService.performEnableScreen(WindowManagerService.java:3556)
01-10 14:12:20.425911   943  1008 I WindowManager: 	at com.android.server.wm.WindowManagerService.-wrap6(Unknown Source:0)
01-10 14:12:20.425911   943  1008 I WindowManager: 	at com.android.server.wm.WindowManagerService$H.handleMessage(WindowManagerService.java:5143)
01-10 14:12:20.425911   943  1008 I WindowManager: 	at android.os.Handler.dispatchMessage(Handler.java:106)
01-10 14:12:20.425911   943  1008 I WindowManager: 	at android.os.Looper.loop(Looper.java:164)
01-10 14:12:20.425911   943  1008 I WindowManager: 	at android.os.HandlerThread.run(HandlerThread.java:65)
01-10 14:12:20.425911   943  1008 I WindowManager: 	at com.android.server.ServiceThread.run(ServiceThread.java:46)
01-10 14:12:20.441935   943  1088 D WifiService: New client listening to asynchronous messages
01-10 14:12:20.458556  1311  1311 I TelecomFramework: PstnPhoneCapabilitiesNotifier: handleVideoCapabilitesChanged. Video capability - false
01-10 14:12:20.478798   943  1214 I Telecom : PhoneAccountRegistrar: Modify account: [ComponentInfo{com.android.phone/com.android.services.telephony.TelephonyConnectionService}, [****], UserHandle{0}]: TSI.rPA@AA0
01-10 14:12:20.493687   943  1008 I WindowManager: performEnableScreen: mDisplayEnabled=false mForceDisplayEnabled=false mShowingBootMessages=false mSystemBooted=true mOnlyCore=false
01-10 14:12:20.493687   943  1008 I WindowManager: java.lang.RuntimeException: here
01-10 14:12:20.493687   943  1008 I WindowManager: 	at com.android.server.wm.WindowManagerService.performEnableScreen(WindowManagerService.java:3556)
01-10 14:12:20.493687   943  1008 I WindowManager: 	at com.android.server.wm.WindowManagerService.-wrap6(Unknown Source:0)
01-10 14:12:20.493687   943  1008 I WindowManager: 	at com.android.server.wm.WindowManagerService$H.handleMessage(WindowManagerService.java:5143)
01-10 14:12:20.493687   943  1008 I WindowManager: 	at android.os.Handler.dispatchMessage(Handler.java:106)
01-10 14:12:20.493687   943  1008 I WindowManager: 	at android.os.Looper.loop(Looper.java:164)
01-10 14:12:20.493687   943  1008 I WindowManager: 	at android.os.HandlerThread.run(HandlerThread.java:65)
01-10 14:12:20.493687   943  1008 I WindowManager: 	at com.android.server.ServiceThread.run(ServiceThread.java:46)
01-10 14:12:20.494851   943  1008 I chatty  : uid=1000(system) android.display identical 1 line
01-10 14:12:20.499628   943  1008 I WindowManager: performEnableScreen: mDisplayEnabled=false mForceDisplayEnabled=false mShowingBootMessages=false mSystemBooted=true mOnlyCore=false
01-10 14:12:20.499628   943  1008 I WindowManager: java.lang.RuntimeException: here
01-10 14:12:20.499628   943  1008 I WindowManager: 	at com.android.server.wm.WindowManagerService.performEnableScreen(WindowManagerService.java:3556)
01-10 14:12:20.499628   943  1008 I WindowManager: 	at com.android.server.wm.WindowManagerService.-wrap6(Unknown Source:0)
01-10 14:12:20.499628   943  1008 I WindowManager: 	at com.android.server.wm.WindowManagerService$H.handleMessage(WindowManagerService.java:5143)
01-10 14:12:20.499628   943  1008 I WindowManager: 	at android.os.Handler.dispatchMessage(Handler.java:106)
01-10 14:12:20.499628   943  1008 I WindowManager: 	at android.os.Looper.loop(Looper.java:164)
01-10 14:12:20.499628   943  1008 I WindowManager: 	at android.os.HandlerThread.run(HandlerThread.java:65)
01-10 14:12:20.499628   943  1008 I WindowManager: 	at com.android.server.ServiceThread.run(ServiceThread.java:46)
01-10 14:12:20.532881   943  1008 W WindowManager: App freeze timeout expired.
01-10 14:12:20.534835  1311  1311 I TelecomFramework: PstnIncomingCallNotifier: Unregistering: Handler (com.mediatek.internal.telephony.MtkGsmCdmaPhone) {d73d1cc}
01-10 14:12:20.551990   943  1214 I Telecom : PhoneAccountRegistrar: Modify account: [ComponentInfo{com.android.phone/com.android.services.telephony.TelephonyConnectionService}, [****], UserHandle{0}]: TSI.rPA@AA4
01-10 14:12:20.554799  1311  1311 I TelecomFramework: AccountEntry: Registered phoneAccount: [[ ] PhoneAccount: ComponentInfo{com.android.phone/com.android.services.telephony.TelephonyConnectionService}, [****], UserHandle{0} Capabilities: CallProvider MultiUser PlaceEmerg SimSub  Audio Routes: BESW Schemes: tel voicemail  Extras: Bundle[{android.telecom.extra.SUPPORTS_VIDEO_CALLING_FALLBACK=false, android.telecom.extra.EXTRA_PHONE_ACCOUNT_SORT_KEY=0}] GroupId: [****]] with handle: ComponentInfo{com.android.phone/com.android.services.telephony.TelephonyConnectionService}, [****], UserHandle{0}
01-10 14:12:20.555140  1311  1311 I TelecomFramework: PstnIncomingCallNotifier: Registering: Handler (com.mediatek.internal.telephony.MtkGsmCdmaPhone) {d73d1cc}
01-10 14:12:20.628721  1311  1311 I TelecomFramework: PstnPhoneCapabilitiesNotifier: handleVideoCapabilitesChanged. Video capability - false
01-10 14:12:20.648546   943  1272 I Telecom : PhoneAccountRegistrar: Modify account: [ComponentInfo{com.android.phone/com.android.services.telephony.TelephonyConnectionService}, [****], UserHandle{0}]: TSI.rPA@ABA
01-10 14:12:20.732144   943   943 V MediaRouterService: restoreBluetoothA2dp(false)
01-10 14:12:20.734058   943  1012 D DuraSpeed/DuraSpeedService: [onPlaybackConfigChanged], play music packageNames:[]
01-10 14:12:20.788571  1550  1550 W ContextImpl: Calling a method in the system process without a qualified user: android.app.ContextImpl.startService:1477 android.content.ContextWrapper.startService:650 android.content.ContextWrapper.startService:650 com.mediatek.ppl.PplReceiver.onReceive:65 android.app.ActivityThread.handleReceiver:3228 
01-10 14:12:20.819748  1550  1550 W ContextImpl: Calling a method in the system process without a qualified user: android.app.ContextImpl.startService:1477 android.content.ContextWrapper.startService:650 android.content.ContextWrapper.startService:650 com.mediatek.ppl.PplReceiver.onReceive:65 android.app.ActivityThread.handleReceiver:3228 
01-10 14:12:20.955310   943  1002 I WindowManager: Waiting for drawn Window{ed0a2d1 u0 StatusBar}: removed=false visible=true mHasSurface=true drawState=1
01-10 14:12:20.956921   943  1059 I WindowManager: Waiting for drawn Window{ed0a2d1 u0 StatusBar}: removed=false visible=true mHasSurface=true drawState=1
01-10 14:12:20.957731   943  1008 I WindowManager: performEnableScreen: mDisplayEnabled=false mForceDisplayEnabled=false mShowingBootMessages=false mSystemBooted=true mOnlyCore=false
01-10 14:12:20.957731   943  1008 I WindowManager: java.lang.RuntimeException: here
01-10 14:12:20.957731   943  1008 I WindowManager: 	at com.android.server.wm.WindowManagerService.performEnableScreen(WindowManagerService.java:3556)
01-10 14:12:20.957731   943  1008 I WindowManager: 	at com.android.server.wm.WindowManagerService.-wrap6(Unknown Source:0)
01-10 14:12:20.957731   943  1008 I WindowManager: 	at com.android.server.wm.WindowManagerService$H.handleMessage(WindowManagerService.java:5143)
01-10 14:12:20.957731   943  1008 I WindowManager: 	at android.os.Handler.dispatchMessage(Handler.java:106)
01-10 14:12:20.957731   943  1008 I WindowManager: 	at android.os.Looper.loop(Looper.java:164)
01-10 14:12:20.957731   943  1008 I WindowManager: 	at android.os.HandlerThread.run(HandlerThread.java:65)
01-10 14:12:20.957731   943  1008 I WindowManager: 	at com.android.server.ServiceThread.run(ServiceThread.java:46)
01-10 14:12:21.008612   943  1272 V WindowManager: Changing focus from null to Window{ed0a2d1 u0 StatusBar} Callers=com.android.server.wm.WindowManagerService.relayoutWindow:2176 com.android.server.wm.Session.relayout:239 android.view.IWindowSession$Stub.onTransact:286 com.android.server.wm.Session.onTransact:163 
01-10 14:12:21.009192   943  1272 D WindowManager: Input focus has changed to Window{ed0a2d1 u0 StatusBar}
01-10 14:12:21.026643   943  1272 I WindowManager: Waiting for drawn Window{ed0a2d1 u0 StatusBar}: removed=false visible=true mHasSurface=true drawState=1
01-10 14:12:21.028665   943  1272 I WindowManager: Waiting for drawn Window{ed0a2d1 u0 StatusBar}: removed=false visible=true mHasSurface=true drawState=1
01-10 14:12:21.029091   943  1008 I WindowManager: Focus moving from null to Window{ed0a2d1 u0 StatusBar}
01-10 14:12:21.030082   943  1008 I WindowManager: performEnableScreen: mDisplayEnabled=false mForceDisplayEnabled=false mShowingBootMessages=false mSystemBooted=true mOnlyCore=false
01-10 14:12:21.030082   943  1008 I WindowManager: java.lang.RuntimeException: here
01-10 14:12:21.030082   943  1008 I WindowManager: 	at com.android.server.wm.WindowManagerService.performEnableScreen(WindowManagerService.java:3556)
01-10 14:12:21.030082   943  1008 I WindowManager: 	at com.android.server.wm.WindowManagerService.-wrap6(Unknown Source:0)
01-10 14:12:21.030082   943  1008 I WindowManager: 	at com.android.server.wm.WindowManagerService$H.handleMessage(WindowManagerService.java:5143)
01-10 14:12:21.030082   943  1008 I WindowManager: 	at android.os.Handler.dispatchMessage(Handler.java:106)
01-10 14:12:21.030082   943  1008 I WindowManager: 	at android.os.Looper.loop(Looper.java:164)
01-10 14:12:21.030082   943  1008 I WindowManager: 	at android.os.HandlerThread.run(HandlerThread.java:65)
01-10 14:12:21.030082   943  1008 I WindowManager: 	at com.android.server.ServiceThread.run(ServiceThread.java:46)
01-10 14:12:21.031249   943  1008 I WindowManager: performEnableScreen: mDisplayEnabled=false mForceDisplayEnabled=false mShowingBootMessages=false mSystemBooted=true mOnlyCore=false
01-10 14:12:21.031249   943  1008 I WindowManager: java.lang.RuntimeException: here
01-10 14:12:21.031249   943  1008 I WindowManager: 	at com.android.server.wm.WindowManagerService.performEnableScreen(WindowManagerService.java:3556)
01-10 14:12:21.031249   943  1008 I WindowManager: 	at com.android.server.wm.WindowManagerService.-wrap6(Unknown Source:0)
01-10 14:12:21.031249   943  1008 I WindowManager: 	at com.android.server.wm.WindowManagerService$H.handleMessage(WindowManagerService.java:5143)
01-10 14:12:21.031249   943  1008 I WindowManager: 	at android.os.Handler.dispatchMessage(Handler.java:106)
01-10 14:12:21.031249   943  1008 I WindowManager: 	at android.os.Looper.loop(Looper.java:164)
01-10 14:12:21.031249   943  1008 I WindowManager: 	at android.os.HandlerThread.run(HandlerThread.java:65)
01-10 14:12:21.031249   943  1008 I WindowManager: 	at com.android.server.ServiceThread.run(ServiceThread.java:46)
01-10 14:12:21.124247   943  1059 I WindowManager: Waiting for drawn Window{ed0a2d1 u0 StatusBar}: removed=false visible=true mHasSurface=true drawState=4
01-10 14:12:21.124343   943  1059 D WindowManager: Window drawn win=Window{ed0a2d1 u0 StatusBar}
01-10 14:12:21.124391   943  1059 D WindowManager: All windows drawn!
01-10 14:12:21.126794   943  1008 I WindowManager: performEnableScreen: mDisplayEnabled=false mForceDisplayEnabled=false mShowingBootMessages=false mSystemBooted=true mOnlyCore=false
01-10 14:12:21.126794   943  1008 I WindowManager: java.lang.RuntimeException: here
01-10 14:12:21.126794   943  1008 I WindowManager: 	at com.android.server.wm.WindowManagerService.performEnableScreen(WindowManagerService.java:3556)
01-10 14:12:21.126794   943  1008 I WindowManager: 	at com.android.server.wm.WindowManagerService.-wrap6(Unknown Source:0)
01-10 14:12:21.126794   943  1008 I WindowManager: 	at com.android.server.wm.WindowManagerService$H.handleMessage(WindowManagerService.java:5143)
01-10 14:12:21.126794   943  1008 I WindowManager: 	at android.os.Handler.dispatchMessage(Handler.java:106)
01-10 14:12:21.126794   943  1008 I WindowManager: 	at android.os.Looper.loop(Looper.java:164)
01-10 14:12:21.126794   943  1008 I WindowManager: 	at android.os.HandlerThread.run(HandlerThread.java:65)
01-10 14:12:21.126794   943  1008 I WindowManager: 	at com.android.server.ServiceThread.run(ServiceThread.java:46)
01-10 14:12:21.127105   943  1008 I WindowManager: ******** booted=true msg=false haveBoot=false haveApp=false haveWall=true wallEnabled=true haveKeyguard=false
01-10 14:12:21.127648   943  1008 I WindowManager: performEnableScreen: mDisplayEnabled=false mForceDisplayEnabled=false mShowingBootMessages=false mSystemBooted=true mOnlyCore=false
01-10 14:12:21.127648   943  1008 I WindowManager: java.lang.RuntimeException: here
01-10 14:12:21.127648   943  1008 I WindowManager: 	at com.android.server.wm.WindowManagerService.performEnableScreen(WindowManagerService.java:3556)
01-10 14:12:21.127648   943  1008 I WindowManager: 	at com.android.server.wm.WindowManagerService.-wrap6(Unknown Source:0)
01-10 14:12:21.127648   943  1008 I WindowManager: 	at com.android.server.wm.WindowManagerService$H.handleMessage(WindowManagerService.java:5143)
01-10 14:12:21.127648   943  1008 I WindowManager: 	at android.os.Handler.dispatchMessage(Handler.java:106)
01-10 14:12:21.127648   943  1008 I WindowManager: 	at android.os.Looper.loop(Looper.java:164)
01-10 14:12:21.127648   943  1008 I WindowManager: 	at android.os.HandlerThread.run(HandlerThread.java:65)
01-10 14:12:21.127648   943  1008 I WindowManager: 	at com.android.server.ServiceThread.run(ServiceThread.java:46)
01-10 14:12:21.127789   943  1008 I WindowManager: ******** booted=true msg=false haveBoot=false haveApp=false haveWall=true wallEnabled=true haveKeyguard=false
01-10 14:12:21.128410   943  1008 I WindowManager: performEnableScreen: mDisplayEnabled=false mForceDisplayEnabled=false mShowingBootMessages=false mSystemBooted=true mOnlyCore=false
01-10 14:12:21.128410   943  1008 I WindowManager: java.lang.RuntimeException: here
01-10 14:12:21.128410   943  1008 I WindowManager: 	at com.android.server.wm.WindowManagerService.performEnableScreen(WindowManagerService.java:3556)
01-10 14:12:21.128410   943  1008 I WindowManager: 	at com.android.server.wm.WindowManagerService.-wrap6(Unknown Source:0)
01-10 14:12:21.128410   943  1008 I WindowManager: 	at com.android.server.wm.WindowManagerService$H.handleMessage(WindowManagerService.java:5143)
01-10 14:12:21.128410   943  1008 I WindowManager: 	at android.os.Handler.dispatchMessage(Handler.java:106)
01-10 14:12:21.128410   943  1008 I WindowManager: 	at android.os.Looper.loop(Looper.java:164)
01-10 14:12:21.128410   943  1008 I WindowManager: 	at android.os.HandlerThread.run(HandlerThread.java:65)
01-10 14:12:21.128410   943  1008 I WindowManager: 	at com.android.server.ServiceThread.run(ServiceThread.java:46)
01-10 14:12:21.128564   943  1008 I WindowManager: ******** booted=true msg=false haveBoot=false haveApp=false haveWall=true wallEnabled=true haveKeyguard=true
01-10 14:12:21.132416   943  1008 I WindowManager: checkBootAnimationComplete: Waiting for anim complete
01-10 14:12:21.132515   943  1008 I WindowManager: performEnableScreen: Waiting for anim complete
01-10 14:12:21.133972   943  1008 I WindowManager: performEnableScreen: mDisplayEnabled=false mForceDisplayEnabled=false mShowingBootMessages=false mSystemBooted=true mOnlyCore=false
01-10 14:12:21.133972   943  1008 I WindowManager: java.lang.RuntimeException: here
01-10 14:12:21.133972   943  1008 I WindowManager: 	at com.android.server.wm.WindowManagerService.performEnableScreen(WindowManagerService.java:3556)
01-10 14:12:21.133972   943  1008 I WindowManager: 	at com.android.server.wm.WindowManagerService.-wrap6(Unknown Source:0)
01-10 14:12:21.133972   943  1008 I WindowManager: 	at com.android.server.wm.WindowManagerService$H.handleMessage(WindowManagerService.java:5143)
01-10 14:12:21.133972   943  1008 I WindowManager: 	at android.os.Handler.dispatchMessage(Handler.java:106)
01-10 14:12:21.133972   943  1008 I WindowManager: 	at android.os.Looper.loop(Looper.java:164)
01-10 14:12:21.133972   943  1008 I WindowManager: 	at android.os.HandlerThread.run(HandlerThread.java:65)
01-10 14:12:21.133972   943  1008 I WindowManager: 	at com.android.server.ServiceThread.run(ServiceThread.java:46)
01-10 14:12:21.134193   943  1008 I WindowManager: ******** booted=true msg=false haveBoot=false haveApp=false haveWall=true wallEnabled=true haveKeyguard=true
01-10 14:12:21.134253   943  1008 I WindowManager: checkBootAnimationComplete: Waiting for anim complete
01-10 14:12:21.134265   943  1008 I WindowManager: performEnableScreen: Waiting for anim complete
01-10 14:12:21.134768   943  1008 I WindowManager: performEnableScreen: mDisplayEnabled=false mForceDisplayEnabled=false mShowingBootMessages=false mSystemBooted=true mOnlyCore=false
01-10 14:12:21.134768   943  1008 I WindowManager: java.lang.RuntimeException: here
01-10 14:12:21.134768   943  1008 I WindowManager: 	at com.android.server.wm.WindowManagerService.performEnableScreen(WindowManagerService.java:3556)
01-10 14:12:21.134768   943  1008 I WindowManager: 	at com.android.server.wm.WindowManagerService.-wrap6(Unknown Source:0)
01-10 14:12:21.134768   943  1008 I WindowManager: 	at com.android.server.wm.WindowManagerService$H.handleMessage(WindowManagerService.java:5143)
01-10 14:12:21.134768   943  1008 I WindowManager: 	at android.os.Handler.dispatchMessage(Handler.java:106)
01-10 14:12:21.134768   943  1008 I WindowManager: 	at android.os.Looper.loop(Looper.java:164)
01-10 14:12:21.134768   943  1008 I WindowManager: 	at android.os.HandlerThread.run(HandlerThread.java:65)
01-10 14:12:21.134768   943  1008 I WindowManager: 	at com.android.server.ServiceThread.run(ServiceThread.java:46)
01-10 14:12:21.134902   943  1008 I WindowManager: ******** booted=true msg=false haveBoot=false haveApp=false haveWall=true wallEnabled=true haveKeyguard=true
01-10 14:12:21.135017   943  1008 I WindowManager: checkBootAnimationComplete: Waiting for anim complete
01-10 14:12:21.135039   943  1008 I WindowManager: performEnableScreen: Waiting for anim complete
01-10 14:12:21.140279  1130  1130 I EmergencyButton: ss.getState()=1 ss.isEmergencyOnly()=true for simId=0
01-10 14:12:21.143552   943  1008 I WindowManager: performEnableScreen: mDisplayEnabled=false mForceDisplayEnabled=false mShowingBootMessages=false mSystemBooted=true mOnlyCore=false
01-10 14:12:21.143552   943  1008 I WindowManager: java.lang.RuntimeException: here
01-10 14:12:21.143552   943  1008 I WindowManager: 	at com.android.server.wm.WindowManagerService.performEnableScreen(WindowManagerService.java:3556)
01-10 14:12:21.143552   943  1008 I WindowManager: 	at com.android.server.wm.WindowManagerService.-wrap6(Unknown Source:0)
01-10 14:12:21.143552   943  1008 I WindowManager: 	at com.android.server.wm.WindowManagerService$H.handleMessage(WindowManagerService.java:5143)
01-10 14:12:21.143552   943  1008 I WindowManager: 	at android.os.Handler.dispatchMessage(Handler.java:106)
01-10 14:12:21.143552   943  1008 I WindowManager: 	at android.os.Looper.loop(Looper.java:164)
01-10 14:12:21.143552   943  1008 I WindowManager: 	at android.os.HandlerThread.run(HandlerThread.java:65)
01-10 14:12:21.143552   943  1008 I WindowManager: 	at com.android.server.ServiceThread.run(ServiceThread.java:46)
01-10 14:12:21.143594  1311  1311 D MccTable: updateMccMncConfiguration mccmnc='46001' fromServiceState=true
01-10 14:12:21.143704   943  1008 I WindowManager: ******** booted=true msg=false haveBoot=false haveApp=false haveWall=true wallEnabled=true haveKeyguard=true
01-10 14:12:21.143765   943  1008 I WindowManager: checkBootAnimationComplete: Waiting for anim complete
01-10 14:12:21.143776   943  1008 I WindowManager: performEnableScreen: Waiting for anim complete
01-10 14:12:21.144744  1311  1311 D MccTable: updateMccMncConfiguration defaultMccMnc=
01-10 14:12:21.144901  1311  1311 D MccTable: updateMccMncConfiguration: mcc=460, mnc=1
01-10 14:12:21.145046  1311  1311 D MccTable: WIFI_COUNTRY_CODE set to cn
01-10 14:12:21.147862   943   976 I WifiService: WifiService trying to set country code to cn with persist set to false
01-10 14:12:21.152295   943  1008 I WindowManager: performEnableScreen: mDisplayEnabled=false mForceDisplayEnabled=false mShowingBootMessages=false mSystemBooted=true mOnlyCore=false
01-10 14:12:21.152295   943  1008 I WindowManager: java.lang.RuntimeException: here
01-10 14:12:21.152295   943  1008 I WindowManager: 	at com.android.server.wm.WindowManagerService.performEnableScreen(WindowManagerService.java:3556)
01-10 14:12:21.152295   943  1008 I WindowManager: 	at com.android.server.wm.WindowManagerService.-wrap6(Unknown Source:0)
01-10 14:12:21.152295   943  1008 I WindowManager: 	at com.android.server.wm.WindowManagerService$H.handleMessage(WindowManagerService.java:5143)
01-10 14:12:21.152295   943  1008 I WindowManager: 	at android.os.Handler.dispatchMessage(Handler.java:106)
01-10 14:12:21.152295   943  1008 I WindowManager: 	at android.os.Looper.loop(Looper.java:164)
01-10 14:12:21.152295   943  1008 I WindowManager: 	at android.os.HandlerThread.run(HandlerThread.java:65)
01-10 14:12:21.152295   943  1008 I WindowManager: 	at com.android.server.ServiceThread.run(ServiceThread.java:46)
01-10 14:12:21.152552   943  1008 I WindowManager: ******** booted=true msg=false haveBoot=false haveApp=false haveWall=true wallEnabled=true haveKeyguard=true
01-10 14:12:21.152662   943  1008 I WindowManager: checkBootAnimationComplete: Waiting for anim complete
01-10 14:12:21.152693   943  1008 I WindowManager: performEnableScreen: Waiting for anim complete
01-10 14:12:21.217623  1311  1311 I TelecomFramework: PstnIncomingCallNotifier: Unregistering: Handler (com.mediatek.internal.telephony.MtkGsmCdmaPhone) {d73d1cc}
01-10 14:12:21.229262  1130  1130 I EmergencyButton: ss.getState()=1 ss.isEmergencyOnly()=true for simId=0
01-10 14:12:21.235789   943  1371 I Telecom : PhoneAccountRegistrar: Modify account: [ComponentInfo{com.android.phone/com.android.services.telephony.TelephonyConnectionService}, [****], UserHandle{0}]: TSI.rPA@ABU
01-10 14:12:21.238172  1311  1311 I TelecomFramework: AccountEntry: Registered phoneAccount: [[ ] PhoneAccount: ComponentInfo{com.android.phone/com.android.services.telephony.TelephonyConnectionService}, [****], UserHandle{0} Capabilities: CallProvider MultiUser PlaceEmerg SimSub  Audio Routes: BESW Schemes: tel voicemail  Extras: Bundle[{android.telecom.extra.SUPPORTS_VIDEO_CALLING_FALLBACK=false, android.telecom.extra.EXTRA_PHONE_ACCOUNT_SORT_KEY=0}] GroupId: [****]] with handle: ComponentInfo{com.android.phone/com.android.services.telephony.TelephonyConnectionService}, [****], UserHandle{0}
01-10 14:12:21.238409  1311  1311 I TelecomFramework: PstnIncomingCallNotifier: Registering: Handler (com.mediatek.internal.telephony.MtkGsmCdmaPhone) {d73d1cc}
01-10 14:12:21.244610  1130  1130 I EmergencyButton: ss.getState()=1 ss.isEmergencyOnly()=true for simId=0
01-10 14:12:21.253150  1311  1311 I TelecomFramework: PstnPhoneCapabilitiesNotifier: handleVideoCapabilitesChanged. Video capability - false
01-10 14:12:21.265357   943  1371 I Telecom : PhoneAccountRegistrar: Modify account: [ComponentInfo{com.android.phone/com.android.services.telephony.TelephonyConnectionService}, [****], UserHandle{0}]: TSI.rPA@ABg
01-10 14:12:21.288420   943  1008 I WindowManager: performEnableScreen: mDisplayEnabled=false mForceDisplayEnabled=false mShowingBootMessages=false mSystemBooted=true mOnlyCore=false
01-10 14:12:21.288420   943  1008 I WindowManager: java.lang.RuntimeException: here
01-10 14:12:21.288420   943  1008 I WindowManager: 	at com.android.server.wm.WindowManagerService.performEnableScreen(WindowManagerService.java:3556)
01-10 14:12:21.288420   943  1008 I WindowManager: 	at com.android.server.wm.WindowManagerService.-wrap6(Unknown Source:0)
01-10 14:12:21.288420   943  1008 I WindowManager: 	at com.android.server.wm.WindowManagerService$H.handleMessage(WindowManagerService.java:5143)
01-10 14:12:21.288420   943  1008 I WindowManager: 	at android.os.Handler.dispatchMessage(Handler.java:106)
01-10 14:12:21.288420   943  1008 I WindowManager: 	at android.os.Looper.loop(Looper.java:164)
01-10 14:12:21.288420   943  1008 I WindowManager: 	at android.os.HandlerThread.run(HandlerThread.java:65)
01-10 14:12:21.288420   943  1008 I WindowManager: 	at com.android.server.ServiceThread.run(ServiceThread.java:46)
01-10 14:12:21.288612   943  1008 I WindowManager: ******** booted=true msg=false haveBoot=false haveApp=false haveWall=true wallEnabled=true haveKeyguard=true
01-10 14:12:21.288680   943  1008 I WindowManager: checkBootAnimationComplete: Waiting for anim complete
01-10 14:12:21.288702   943  1008 I WindowManager: performEnableScreen: Waiting for anim complete
01-10 14:12:21.348854   943  1008 I WindowManager: performEnableScreen: mDisplayEnabled=false mForceDisplayEnabled=false mShowingBootMessages=false mSystemBooted=true mOnlyCore=false
01-10 14:12:21.348854   943  1008 I WindowManager: java.lang.RuntimeException: here
01-10 14:12:21.348854   943  1008 I WindowManager: 	at com.android.server.wm.WindowManagerService.performEnableScreen(WindowManagerService.java:3556)
01-10 14:12:21.348854   943  1008 I WindowManager: 	at com.android.server.wm.WindowManagerService.-wrap6(Unknown Source:0)
01-10 14:12:21.348854   943  1008 I WindowManager: 	at com.android.server.wm.WindowManagerService$H.handleMessage(WindowManagerService.java:5143)
01-10 14:12:21.348854   943  1008 I WindowManager: 	at android.os.Handler.dispatchMessage(Handler.java:106)
01-10 14:12:21.348854   943  1008 I WindowManager: 	at android.os.Looper.loop(Looper.java:164)
01-10 14:12:21.348854   943  1008 I WindowManager: 	at android.os.HandlerThread.run(HandlerThread.java:65)
01-10 14:12:21.348854   943  1008 I WindowManager: 	at com.android.server.ServiceThread.run(ServiceThread.java:46)
01-10 14:12:21.369304   943  1008 I chatty  : uid=1000(system) android.display identical 2 lines
01-10 14:12:21.371595   943  1008 I WindowManager: performEnableScreen: mDisplayEnabled=false mForceDisplayEnabled=false mShowingBootMessages=false mSystemBooted=true mOnlyCore=false
01-10 14:12:21.371595   943  1008 I WindowManager: java.lang.RuntimeException: here
01-10 14:12:21.371595   943  1008 I WindowManager: 	at com.android.server.wm.WindowManagerService.performEnableScreen(WindowManagerService.java:3556)
01-10 14:12:21.371595   943  1008 I WindowManager: 	at com.android.server.wm.WindowManagerService.-wrap6(Unknown Source:0)
01-10 14:12:21.371595   943  1008 I WindowManager: 	at com.android.server.wm.WindowManagerService$H.handleMessage(WindowManagerService.java:5143)
01-10 14:12:21.371595   943  1008 I WindowManager: 	at android.os.Handler.dispatchMessage(Handler.java:106)
01-10 14:12:21.371595   943  1008 I WindowManager: 	at android.os.Looper.loop(Looper.java:164)
01-10 14:12:21.371595   943  1008 I WindowManager: 	at android.os.HandlerThread.run(HandlerThread.java:65)
01-10 14:12:21.371595   943  1008 I WindowManager: 	at com.android.server.ServiceThread.run(ServiceThread.java:46)
01-10 14:12:21.371713   943  1008 I WindowManager: ******** booted=true msg=false haveBoot=false haveApp=false haveWall=true wallEnabled=true haveKeyguard=true
01-10 14:12:21.371768   943  1008 I WindowManager: checkBootAnimationComplete: Waiting for anim complete
01-10 14:12:21.371781   943  1008 I WindowManager: performEnableScreen: Waiting for anim complete
01-10 14:12:21.372163   943  1008 I WindowManager: performEnableScreen: mDisplayEnabled=false mForceDisplayEnabled=false mShowingBootMessages=false mSystemBooted=true mOnlyCore=false
01-10 14:12:21.372163   943  1008 I WindowManager: java.lang.RuntimeException: here
01-10 14:12:21.372163   943  1008 I WindowManager: 	at com.android.server.wm.WindowManagerService.performEnableScreen(WindowManagerService.java:3556)
01-10 14:12:21.372163   943  1008 I WindowManager: 	at com.android.server.wm.WindowManagerService.-wrap6(Unknown Source:0)
01-10 14:12:21.372163   943  1008 I WindowManager: 	at com.android.server.wm.WindowManagerService$H.handleMessage(WindowManagerService.java:5143)
01-10 14:12:21.372163   943  1008 I WindowManager: 	at android.os.Handler.dispatchMessage(Handler.java:106)
01-10 14:12:21.372163   943  1008 I WindowManager: 	at android.os.Looper.loop(Looper.java:164)
01-10 14:12:21.372163   943  1008 I WindowManager: 	at android.os.HandlerThread.run(HandlerThread.java:65)
01-10 14:12:21.372163   943  1008 I WindowManager: 	at com.android.server.ServiceThread.run(ServiceThread.java:46)
01-10 14:12:21.372258   943  1008 I WindowManager: ******** booted=true msg=false haveBoot=false haveApp=false haveWall=true wallEnabled=true haveKeyguard=true
01-10 14:12:21.372330   943  1008 I WindowManager: checkBootAnimationComplete: Waiting for anim complete
01-10 14:12:21.372350   943  1008 I WindowManager: performEnableScreen: Waiting for anim complete
01-10 14:12:21.378888  1130  1130 I EmergencyButton: ss.getState()=1 ss.isEmergencyOnly()=true for simId=0
01-10 14:12:21.385886   943  1008 I WindowManager: performEnableScreen: mDisplayEnabled=false mForceDisplayEnabled=false mShowingBootMessages=false mSystemBooted=true mOnlyCore=false
01-10 14:12:21.385886   943  1008 I WindowManager: java.lang.RuntimeException: here
01-10 14:12:21.385886   943  1008 I WindowManager: 	at com.android.server.wm.WindowManagerService.performEnableScreen(WindowManagerService.java:3556)
01-10 14:12:21.385886   943  1008 I WindowManager: 	at com.android.server.wm.WindowManagerService.-wrap6(Unknown Source:0)
01-10 14:12:21.385886   943  1008 I WindowManager: 	at com.android.server.wm.WindowManagerService$H.handleMessage(WindowManagerService.java:5143)
01-10 14:12:21.385886   943  1008 I WindowManager: 	at android.os.Handler.dispatchMessage(Handler.java:106)
01-10 14:12:21.385886   943  1008 I WindowManager: 	at android.os.Looper.loop(Looper.java:164)
01-10 14:12:21.385886   943  1008 I WindowManager: 	at android.os.HandlerThread.run(HandlerThread.java:65)
01-10 14:12:21.385886   943  1008 I WindowManager: 	at com.android.server.ServiceThread.run(ServiceThread.java:46)
01-10 14:12:21.386004   943  1008 I WindowManager: ******** booted=true msg=false haveBoot=false haveApp=false haveWall=true wallEnabled=true haveKeyguard=true
01-10 14:12:21.386060   943  1008 I WindowManager: checkBootAnimationComplete: Waiting for anim complete
01-10 14:12:21.386073   943  1008 I WindowManager: performEnableScreen: Waiting for anim complete
01-10 14:12:21.392563  1130  1130 I EmergencyButton: ss.getState()=1 ss.isEmergencyOnly()=true for simId=0
01-10 14:12:21.404027  1130  1130 I EmergencyButton: ss.getState()=1 ss.isEmergencyOnly()=true for simId=0
01-10 14:12:21.411650   943  1008 I WindowManager: performEnableScreen: mDisplayEnabled=false mForceDisplayEnabled=false mShowingBootMessages=false mSystemBooted=true mOnlyCore=false
01-10 14:12:21.411650   943  1008 I WindowManager: java.lang.RuntimeException: here
01-10 14:12:21.411650   943  1008 I WindowManager: 	at com.android.server.wm.WindowManagerService.performEnableScreen(WindowManagerService.java:3556)
01-10 14:12:21.411650   943  1008 I WindowManager: 	at com.android.server.wm.WindowManagerService.-wrap6(Unknown Source:0)
01-10 14:12:21.411650   943  1008 I WindowManager: 	at com.android.server.wm.WindowManagerService$H.handleMessage(WindowManagerService.java:5143)
01-10 14:12:21.411650   943  1008 I WindowManager: 	at android.os.Handler.dispatchMessage(Handler.java:106)
01-10 14:12:21.411650   943  1008 I WindowManager: 	at android.os.Looper.loop(Looper.java:164)
01-10 14:12:21.411650   943  1008 I WindowManager: 	at android.os.HandlerThread.run(HandlerThread.java:65)
01-10 14:12:21.411650   943  1008 I WindowManager: 	at com.android.server.ServiceThread.run(ServiceThread.java:46)
01-10 14:12:21.411887   943  1008 I WindowManager: ******** booted=true msg=false haveBoot=false haveApp=false haveWall=true wallEnabled=true haveKeyguard=true
01-10 14:12:21.411979   943  1008 I WindowManager: checkBootAnimationComplete: Animation complete!
01-10 14:12:21.412685   943  1008 I WindowManager: ******* TELLING SURFACE FLINGER WE ARE BOOTED!
01-10 14:12:21.420466   943  1008 I WindowManager: ******************** ENABLING SCREEN!
01-10 14:12:21.420526   943  1008 V WindowManager: Setting event dispatching to true
01-10 14:12:21.420888  1130  1130 I EmergencyButton: ss.getState()=1 ss.isEmergencyOnly()=true for simId=0
01-10 14:12:21.423161   943  1008 I SystemServiceManager: Starting phase 1000
01-10 14:12:21.424594   943  1008 D BluetoothManagerService: Bluetooth boot completed
01-10 14:12:21.424642   943  1000 D DataShapingService: onParoleStateChanged is true
01-10 14:12:21.424899   943  1113 D GateOpenLockedState: [onAPPStandbyStateChanged] APPStandby parole state is =true
01-10 14:12:21.426521   943  1006 I UsbDeviceManager: Setting USB config to adb
01-10 14:12:21.426997   943   943 D DataShapingService: received broadcast, action is: android.hardware.usb.action.USB_STATE
01-10 14:12:21.427140   943  1113 D DataShapingService: [handleMessage] msg_usb_state_changed
01-10 14:12:21.427255   943  1113 D DataShapingUtils: [isUsbConnectedIntent] isUsbConnected: true,mIsUsbConnected:true
01-10 14:12:21.427782   943  1008 V ActivityManager: broadcast BOOT_COMPLETED intent
01-10 14:12:21.431132   943  1008 D ActivityManager: Finishing user boot 0
01-10 14:12:21.431311   943  1008 I ActivityManager: User 0 state changed from BOOTING to RUNNING_LOCKED
01-10 14:12:21.432998   943  1008 D StorageManagerService: Setting property: sys.user.0.ce_available=true
01-10 14:12:21.433645   943  1008 I ActivityManager: User 0 state changed from RUNNING_LOCKED to RUNNING_UNLOCKING
01-10 14:12:21.434055   943  1008 D CryptdConnector: SND -> {6 cryptfs prepare_user_storage ! 0 0 2}
01-10 14:12:21.434852   363   371 D vold    : e4crypt_prepare_user_storage for volume null, user 0, serial 0, flags 2
01-10 14:12:21.435094   363   371 D vold    : Preparing: /data/system_ce/0
01-10 14:12:21.435266   363   371 D vold    : Preparing: /data/misc_ce/0
01-10 14:12:21.435316   363   371 D vold    : Preparing: /data/media/0
01-10 14:12:21.435375   363   371 D vold    : Preparing: /data/data
01-10 14:12:21.435617   943  1078 D CryptdConnector: RCV <- {200 6 Command succeeded}
01-10 14:12:21.436588   943  1008 V UserDataPreparer: Found /data/user/0 with serial number 0
01-10 14:12:21.436767   943  1008 V UserDataPreparer: Found /data/system_ce/0 with serial number 0
01-10 14:12:21.437370   943  1008 V PackageManager: reconcileAppsData for null u0 0x2 migrateAppData=false
01-10 14:12:21.496508  1130  1130 I EmergencyButton: ss.getState()=1 ss.isEmergencyOnly()=true for simId=0
01-10 14:12:21.690248   943  1008 V PackageManager: reconcileAppsData finished 133 packages
01-10 14:12:21.691010   943  1001 I SystemServiceManager: Calling onUnlockUser u0
01-10 14:12:21.691315   943  1001 D BluetoothManagerService: User 0 unlocked
01-10 14:12:21.691533   943  1001 D StorageManagerService: onUnlockUser 0
01-10 14:12:21.691669   943  1007 D BluetoothManagerService: MESSAGE_USER_UNLOCKED
01-10 14:12:21.691667   943  1001 D VoldConnector: SND -> {7 volume user_started 0}
01-10 14:12:21.694446   363   370 D vold    : Linking /storage/emulated/0 to /mnt/user/0/primary
01-10 14:12:21.695065   943  1077 D VoldConnector: RCV <- {200 7 Command succeeded}
01-10 14:12:21.696645   943  1076 D StorageManagerService: Volume emulated broadcasting mounted to UserHandle{0}
01-10 14:12:21.709340  1130  1130 I EmergencyButton: ss.getState()=1 ss.isEmergencyOnly()=true for simId=0
01-10 14:12:21.726704   943   943 I ActivityManager: Start proc 1625:com.android.deskclock/1000 for broadcast com.android.deskclock/.AlarmInitReceiver
01-10 14:12:21.728620   943  1008 D DL-PowerManagerService: isBatteryCoverOpen
01-10 14:12:21.736673   943  1095 D WifiP2pService: P2pDisabledState{ when=0 what=69633 target=com.android.internal.util.StateMachine$SmHandler }
01-10 14:12:21.736743   943  1095 D WifiP2pService: DefaultState{ when=0 what=69633 target=com.android.internal.util.StateMachine$SmHandler }
01-10 14:12:21.736832   943  1095 D WifiP2pService: P2pDisabledState{ when=0 what=69632 obj=com.android.server.wifi.util.WifiAsyncChannel@531d6b5 target=com.android.internal.util.StateMachine$SmHandler }
01-10 14:12:21.736873   943  1095 D WifiP2pService: DefaultState{ when=0 what=69632 obj=com.android.server.wifi.util.WifiAsyncChannel@531d6b5 target=com.android.internal.util.StateMachine$SmHandler }
01-10 14:12:21.736911   943  1095 D WifiP2pService: Full connection with WifiStateMachine established
01-10 14:12:21.737438   943  1096 D MtkConnectivityService: Got NetworkFactory Messenger for WIFI
01-10 14:12:21.737617   943  1096 D MtkConnectivityService: Got NetworkFactory Messenger for WIFI_UT
01-10 14:12:21.737969   943  1008 I WindowManager: CHECK_IF_BOOT_ANIMATION_FINISHED:
01-10 14:12:21.738160   943  1008 I WindowManager: checkBootAnimationComplete: Animation complete!
01-10 14:12:21.738634   943  1008 I WindowManager: performEnableScreen: mDisplayEnabled=true mForceDisplayEnabled=false mShowingBootMessages=false mSystemBooted=true mOnlyCore=false
01-10 14:12:21.738634   943  1008 I WindowManager: java.lang.RuntimeException: here
01-10 14:12:21.738634   943  1008 I WindowManager: 	at com.android.server.wm.WindowManagerService.performEnableScreen(WindowManagerService.java:3556)
01-10 14:12:21.738634   943  1008 I WindowManager: 	at com.android.server.wm.WindowManagerService.-wrap6(Unknown Source:0)
01-10 14:12:21.738634   943  1008 I WindowManager: 	at com.android.server.wm.WindowManagerService$H.handleMessage(WindowManagerService.java:5344)
01-10 14:12:21.738634   943  1008 I WindowManager: 	at android.os.Handler.dispatchMessage(Handler.java:106)
01-10 14:12:21.738634   943  1008 I WindowManager: 	at android.os.Looper.loop(Looper.java:164)
01-10 14:12:21.738634   943  1008 I WindowManager: 	at android.os.HandlerThread.run(HandlerThread.java:65)
01-10 14:12:21.738634   943  1008 I WindowManager: 	at com.android.server.ServiceThread.run(ServiceThread.java:46)
01-10 14:12:21.741667   943  1001 I BackupManagerService: Instantiating BackupManagerService
01-10 14:12:21.768715   943  1001 V BackupManagerService: No ancestral data
01-10 14:12:21.788141   943  1001 I BackupManagerService: Package com.mobiiot.MaiduQ0.test not installed; dropping from full backup
01-10 14:12:21.788351   943  1001 I BackupManagerService: Package com.mobiiot.MaiduQ0 not installed; dropping from full backup
01-10 14:12:21.799151   943  1001 V BackupManagerService: Starting with transport android/com.android.internal.backup.LocalTransport
01-10 14:12:21.800437   943  1001 D BackupTransportManager: Binding to transport: android/com.android.internal.backup.LocalTransportService
01-10 14:12:21.804162   943  1001 I BackupManagerService: Backup enabled => false
01-10 14:12:21.809395   943   943 D BackupTransportManager: Bound to transport: android/com.android.internal.backup.LocalTransportService
01-10 14:12:21.812039   943  1001 W SystemServiceManager: Service com.android.server.backup.BackupManagerService$Lifecycle took 80 ms in onUnlockUser 
01-10 14:12:21.812058   943  1632 V KeyValueBackupJob: Scheduling k/v pass in 241 minutes
01-10 14:12:21.812821   943  1001 W VoiceInteractionManagerService: no available voice interaction services found for user 0
01-10 14:12:21.813326   943  1001 W VoiceInteractionManagerService: no available voice recognition services found for user 0
01-10 14:12:21.814706   943  1001 I ActivityManager: Loading recents for user 0 into memory.
01-10 14:12:21.879916   943  1632 I BackupManagerService: Found stale backup journal, scheduling
01-10 14:12:21.887316   943  1001 I ActivityManager: Start proc 1646:com.datalogic.dxu/1000 for added application com.datalogic.dxu
01-10 14:12:21.905277   943  1001 I ActivityManager: Start proc 1659:com.android.nfc/1027 for added application com.android.nfc
01-10 14:12:21.919666   943  1006 I AppWidgetServiceImpl: Async processing of onUserUnlocked u0 took 107 ms
01-10 14:12:21.921106   943  1001 I ActivityManager: Start proc 1670:com.datalogic.service/1000 for added application com.datalogic.service
01-10 14:12:21.926784   943  1001 I ActivityManager: User 0 state changed from RUNNING_UNLOCKING to RUNNING_UNLOCKED
01-10 14:12:21.927586   943  1001 I ActivityManager: Sending BOOT_COMPLETE user #0
01-10 14:12:21.951839   943  1001 D AmsExtImpl: onSystemUserUnlock
01-10 14:12:21.951990   943  1001 D DuraSpeed/DuraSpeedService: [onSystemUserUnlock]
