01-10 14:12:17.732523   943  1076 D StorageManagerService: Thinking about init, mSystemReady=true, mDaemonConnected=true
01-10 14:12:17.732671   943  1076 D StorageManagerService: Setting up emulation state, initlocked=false
01-10 14:12:17.732860   943  1076 D CryptdConnector: SND -> {2 cryptfs unlock_user_key 0 0 ! !}
01-10 14:12:17.733687   363   371 D vold    : e4crypt_unlock_user_key 0 serial=0 token_present=0
01-10 14:12:17.734398   943  1078 D CryptdConnector: RCV <- {200 2 Command succeeded}
01-10 14:12:17.735243   943  1076 D CryptdConnector: SND -> {3 cryptfs unlock_user_key 10 10 ! !}
01-10 14:12:17.735466   943   943 W WallpaperManagerService: Invalid wallpaper data
01-10 14:12:17.735553   943   943 E WallpaperManagerService: Unable to apply new wallpaper
01-10 14:12:17.735700   943   943 V WallpaperManagerService: bindWallpaperComponentLocked: componentName=null
01-10 14:12:17.735761   943   943 V WallpaperManagerService: No default component; using image wallpaper
01-10 14:12:17.736176   363   371 D vold    : e4crypt_unlock_user_key 10 serial=10 token_present=0
01-10 14:12:17.737095   943  1078 D CryptdConnector: RCV <- {200 3 Command succeeded}
01-10 14:12:17.737878   943  1076 D StorageManagerService: Thinking about reset, mSystemReady=true, mDaemonConnected=true
01-10 14:12:17.738811   943  1076 D VoldConnector: SND -> {3 volume reset}
01-10 14:12:17.740237   943  1077 D VoldConnector: RCV <- {651 emulated 7}
01-10 14:12:17.740968   943  1077 D VoldConnector: RCV <- {659 emulated}
01-10 14:12:17.741517   943  1077 D VoldConnector: RCV <- {650 emulated 2 "" ""}
01-10 14:12:17.742002   943  1077 D VoldConnector: RCV <- {651 emulated 0}
01-10 14:12:17.742527   943  1077 D VoldConnector: RCV <- {200 3 Command succeeded}
01-10 14:12:17.742926   943  1006 V StorageManagerService: Found primary storage at VolumeInfo{emulated}:
01-10 14:12:17.742926   943  1006 V StorageManagerService:     type=EMULATED diskId=null partGuid=null mountFlags=0 mountUserId=-1 
01-10 14:12:17.742926   943  1006 V StorageManagerService:     state=UNMOUNTED 
01-10 14:12:17.742926   943  1006 V StorageManagerService:     fsType=null fsUuid=null fsLabel=null 
01-10 14:12:17.742926   943  1006 V StorageManagerService:     path=null internalPath=null 
01-10 14:12:17.743551   943  1076 D VoldConnector: SND -> {4 volume user_added 0 0}
01-10 14:12:17.744738   943  1077 D VoldConnector: RCV <- {200 4 Command succeeded}
01-10 14:12:17.745662   943  1076 D VoldConnector: SND -> {5 volume user_added 10 10}
01-10 14:12:17.747377   943  1077 D VoldConnector: RCV <- {200 5 Command succeeded}
01-10 14:12:17.764793   943   943 I ActivityManager: Start proc 1130:com.android.systemui/u0a21 for service com.android.systemui/.ImageWallpaper
01-10 14:12:17.765232   943  1001 I ActivityManager: Force stopping com.android.providers.media appid=10015 user=-1: vold reset
01-10 14:12:17.771671   943  1076 D VoldConnector: SND -> {6 volume mount emulated 3 -1}
01-10 14:12:17.774979   363   370 V vold    : Waiting for FUSE to spin up...
01-10 14:12:17.775335   943  1077 D VoldConnector: RCV <- {651 emulated 1}
01-10 14:12:17.777242   943  1077 D VoldConnector: RCV <- {656 emulated /data/media}
01-10 14:12:17.777799   943  1077 D VoldConnector: RCV <- {655 emulated /storage/emulated}
01-10 14:12:17.778542   943   943 D UsbAlsaManager: Adding ALSA device AlsaDevice: [card: 0, device: 30, type: 1]
01-10 14:12:17.778631   943   943 D UsbAlsaManager: Adding ALSA device AlsaDevice: [card: 0, device: 25, type: 1]
01-10 14:12:17.778649   943   943 D UsbAlsaManager: Adding ALSA device AlsaDevice: [card: 0, device: 19, type: 1]
01-10 14:12:17.778679   943   943 D UsbAlsaManager: Adding ALSA device AlsaDevice: [card: 0, device: 13, type: 2]
01-10 14:12:17.778699   943   943 D UsbAlsaManager: Adding ALSA device AlsaDevice: [card: 0, device: 5, type: 1]
01-10 14:12:17.778714   943   943 D UsbAlsaManager: Adding ALSA device AlsaDevice: [card: 0, device: 0, type: 1]
01-10 14:12:17.778728   943   943 D UsbAlsaManager: Adding ALSA device AlsaDevice: [card: 0, device: 31, type: 2]
01-10 14:12:17.778743   943   943 D UsbAlsaManager: Adding ALSA device AlsaDevice: [card: 0, device: 31, type: 1]
01-10 14:12:17.778759   943   943 D UsbAlsaManager: Adding ALSA device AlsaDevice: [card: 0, device: 26, type: 1]
01-10 14:12:17.778778   943   943 D UsbAlsaManager: Adding ALSA device AlsaDevice: [card: 0, device: 26, type: 2]
01-10 14:12:17.778794   943   943 D UsbAlsaManager: Adding ALSA device AlsaDevice: [card: 0, device: 18, type: 1]
01-10 14:12:17.778808   943   943 D UsbAlsaManager: Adding ALSA device AlsaDevice: [card: 0, device: 22, type: 2]
01-10 14:12:17.778827   943   943 D UsbAlsaManager: Adding ALSA device AlsaDevice: [card: 0, device: 11, type: 1]
01-10 14:12:17.778843   943   943 D UsbAlsaManager: Adding ALSA device AlsaDevice: [card: 0, device: 14, type: 1]
01-10 14:12:17.778867   943   943 D UsbAlsaManager: Adding ALSA device AlsaDevice: [card: 0, device: 6, type: 2]
01-10 14:12:17.778883   943   943 D UsbAlsaManager: Adding ALSA device AlsaDevice: [card: 0, device: 1, type: 2]
01-10 14:12:17.778914   943   943 D UsbAlsaManager: Adding ALSA device AlsaDevice: [card: 0, device: 30, type: 2]
01-10 14:12:17.778930   943   943 D UsbAlsaManager: Adding ALSA device AlsaDevice: [card: 0, device: 24, type: 1]
01-10 14:12:17.778949   943   943 D UsbAlsaManager: Adding ALSA device AlsaDevice: [card: 0, device: 17, type: 1]
01-10 14:12:17.778967   943   943 D UsbAlsaManager: Adding ALSA device AlsaDevice: [card: 0, device: 12, type: 2]
01-10 14:12:17.778984   943   943 D UsbAlsaManager: Adding ALSA device AlsaDevice: [card: 0, device: 7, type: 1]
01-10 14:12:17.779000   943   943 D UsbAlsaManager: Adding ALSA device AlsaDevice: [card: 0, device: 4, type: 1]
01-10 14:12:17.779016   943   943 D UsbAlsaManager: Adding ALSA device AlsaDevice: [card: 0, device: 3, type: 2]
01-10 14:12:17.779036   943   943 D UsbAlsaManager: Adding ALSA device AlsaDevice: [card: 0, device: 28, type: 1]
01-10 14:12:17.779053   943   943 D UsbAlsaManager: Adding ALSA device AlsaDevice: [card: 0, device: 23, type: 1]
01-10 14:12:17.779072   943   943 D UsbAlsaManager: Adding ALSA device AlsaDevice: [card: 0, device: 28, type: 2]
01-10 14:12:17.779089   943   943 D UsbAlsaManager: Adding ALSA device AlsaDevice: [card: 0, device: 32, type: 2]
01-10 14:12:17.779110   943   943 D UsbAlsaManager: Adding ALSA device AlsaDevice: [card: 0, device: 17, type: 2]
01-10 14:12:17.779126   943   943 D UsbAlsaManager: Adding ALSA device AlsaDevice: [card: 0, device: 21, type: 1]
01-10 14:12:17.779142   943   943 D UsbAlsaManager: Adding ALSA device AlsaDevice: [card: 0, device: 27, type: 2]
01-10 14:12:17.779159   943   943 D UsbAlsaManager: Adding ALSA device AlsaDevice: [card: 0, device: 8, type: 1]
01-10 14:12:17.779178   943   943 D UsbAlsaManager: Adding ALSA device AlsaDevice: [card: 0, device: 16, type: 2]
01-10 14:12:17.779202   943   943 D UsbAlsaManager: Adding ALSA device AlsaDevice: [card: 0, device: 20, type: 1]
01-10 14:12:17.779219   943   943 D UsbAlsaManager: Adding ALSA device AlsaDevice: [card: 0, device: 3, type: 1]
01-10 14:12:17.779234   943   943 D UsbAlsaManager: Adding ALSA device AlsaDevice: [card: 0, device: 9, type: 2]
01-10 14:12:17.779250   943   943 D UsbAlsaManager: Adding ALSA device AlsaDevice: [card: 0, device: 15, type: 2]
01-10 14:12:17.779266   943   943 D UsbAlsaManager: Adding ALSA device AlsaDevice: [card: 0, device: 2, type: 1]
01-10 14:12:17.779284   943   943 D UsbAlsaManager: Adding ALSA device AlsaDevice: [card: 0, device: 6, type: 1]
01-10 14:12:17.779306   943   943 D UsbAlsaManager: Adding ALSA device AlsaDevice: [card: 0, device: 2, type: 2]
01-10 14:12:17.779322   943   943 D UsbAlsaManager: Adding ALSA device AlsaDevice: [card: 0, device: 29, type: 1]
01-10 14:12:17.779337   943   943 D UsbAlsaManager: Adding ALSA device AlsaDevice: [card: 0, device: 25, type: 2]
01-10 14:12:17.779352   943   943 D UsbAlsaManager: Adding ALSA device AlsaDevice: [card: 0, device: 18, type: 2]
01-10 14:12:17.779371   943   943 D UsbAlsaManager: Adding ALSA device AlsaDevice: [card: 0, device: 10, type: 1]
01-10 14:12:17.779454   943   943 D UsbAlsaManager: Adding ALSA device AlsaDevice: [card: 0, device: 5, type: 2]
01-10 14:12:17.782136   943   943 I SystemServer: StartObservingNativeCrashes
01-10 14:12:17.782270   943  1105 D BluetoothManagerService: Trying to bind to profile: 1, while Bluetooth was disabled
01-10 14:12:17.783601   943   943 I SystemServer: StartSystemUI
01-10 14:12:17.783591   943  1061 I SystemServer: WebViewFactoryPreparation
01-10 14:12:17.786386   943   943 I SystemServer: MakeNetworkScoreReady
01-10 14:12:17.787113   943   943 I SystemServer: MakeNetworkManagementServiceReady
01-10 14:12:17.787633   943   943 D NetworkManagement: enabling bandwidth control
01-10 14:12:17.788743   943  1006 D UsbDeviceManager: push notification:正在通过 USB 为此设备充电
01-10 14:12:17.821519   943   943 I SystemServer: MakeNetworkStatsServiceReady
01-10 14:12:17.824680   943  1004 E BatteryExternalStatsWorker: no controller energy info supplied for wifi
01-10 14:12:17.824778   943  1004 E BatteryExternalStatsWorker: no controller energy info supplied for telephony
01-10 14:12:17.825692   943  1077 D VoldConnector: RCV <- {651 emulated 2}
01-10 14:12:17.825879   943   943 V NetworkStatsRecorder: setPersistThreshold() with 2097152
01-10 14:12:17.826046   943   943 I chatty  : uid=1000 system_server identical 2 lines
01-10 14:12:17.826193   943   943 V NetworkStatsRecorder: setPersistThreshold() with 2097152
01-10 14:12:17.826304   943  1077 D VoldConnector: RCV <- {200 6 Command succeeded}
01-10 14:12:17.826576   943   943 D NetworkStatsRecorder: loadLocked() reading from disk for xt
01-10 14:12:17.865191   546  1160 D MtkOmxAdpcmDec: MtkOmxComponentCreate +++ !!!
01-10 14:12:17.865316   546  1160 D MtkOmxAdpcmDec: MtkOmxAdpcmDec Construct !!!
01-10 14:12:17.865356   546  1160 D MtkOmxAdpcmDec: Init Audio(ADPCM) Params!!!
01-10 14:12:17.867761   546  1160 D MtkOmxAdpcmDec: MtkOmxAdpcmDec Deconstruct !!!
01-10 14:12:17.880427   546  1160 D MtkOmxAdpcmDec: MtkOmxComponentCreate +++ !!!
01-10 14:12:17.880638   546  1160 D MtkOmxAdpcmDec: MtkOmxAdpcmDec Construct !!!
01-10 14:12:17.880674   546  1160 D MtkOmxAdpcmDec: Init Audio(ADPCM) Params!!!
01-10 14:12:17.882074   546  1160 D MtkOmxAdpcmDec: MtkOmxAdpcmDec Deconstruct !!!
01-10 14:12:17.893226   943  1061 W ActivityManager: Slow operation: 66ms so far, now at startProcess: returned from zygote!
01-10 14:12:17.893436   943  1061 W ActivityManager: Slow operation: 67ms so far, now at startProcess: done updating battery stats
01-10 14:12:17.895205   943  1061 W ActivityManager: Slow operation: 68ms so far, now at startProcess: building log message
01-10 14:12:17.895304   943  1061 I ActivityManager: Start proc 1176:WebViewLoader-armeabi-v7a/1037 [android.webkit.WebViewLibraryLoader$RelroFileCreator] for 
01-10 14:12:17.895335   943  1061 W ActivityManager: Slow operation: 68ms so far, now at startProcess: starting to update pids map
01-10 14:12:17.895437   943  1061 W ActivityManager: Slow operation: 68ms so far, now at startProcess: done updating pids map
01-10 14:12:17.895457   943  1061 W ActivityManager: Slow operation: 70ms so far, now at startProcess: done starting proc!
01-10 14:12:17.915088   943  1061 I ActivityManager: Start proc 1189:WebViewLoader-arm64-v8a/1037 [android.webkit.WebViewLibraryLoader$RelroFileCreator] for 
01-10 14:12:17.928411   943  1084 W NetworkStatsRecorder: unknown interfaces [lo], ignoring those stats
01-10 14:12:17.928976   943   943 I SystemServer: MakeConnectivityServiceReady
01-10 14:12:17.929056   943  1084 W NetworkStatsRecorder: unknown interfaces [lo], ignoring those stats
01-10 14:12:17.929299   943  1084 D NetworkStatsRecorder: vpnArray:[Lcom.android.internal.net.VpnInfo;@9b1d952
01-10 14:12:17.929340   943  1084 D NetworkStatsRecorder: vpnArray:[Lcom.android.internal.net.VpnInfo;@9b1d952
01-10 14:12:17.937209   546   657 D MtkOmxApeDec: MtkOmxApeDec::MtkOmxApeDec(APE) this= 0xf0ad7000
01-10 14:12:17.940894   393   393 D         : create:in_size:5184,working_BUF_size:34908,out_size:5184
01-10 14:12:17.941106   546   657 D MtkOmxApeDec: ctor:in_size:5184,out_size:5184
01-10 14:12:17.941121   546   657 D MtkOmxApeDec: MtkOmxApeDec::InitAudioParams(APE)
01-10 14:12:17.957552   546   657 D MtkOmxApeDec: ~dtor- this= 0xf0ad7000
01-10 14:12:17.979274   943   977 V SettingsProvider: packageValueForCallResult, name = low_battery_sound, value : Bundle[{_track_generation=android.util.MemoryIntArray@62, value=/system/media/audio/ui/LowBattery.ogg, _generation_index=0, _generation=1}]
01-10 14:12:17.986759   943   943 I SystemServer: MakeNetworkPolicyServiceReady
01-10 14:12:18.001669   943   943 I SystemServer: StartWatchdog
01-10 14:12:18.002577   943   943 I SystemServer: PhaseThirdPartyAppsCanStart
01-10 14:12:18.003474   943   943 I SystemServiceManager: Starting phase 600
01-10 14:12:18.012073   943   943 V WallpaperManagerService: bindWallpaperComponentLocked: componentName=ComponentInfo{com.android.systemui/com.android.systemui.ImageWallpaper}
01-10 14:12:18.030849   943  1069 D DataShapingService: [openLteDataUpLinkGate] isForce: false
01-10 14:12:18.030997   943  1069 D DataShapingService: Alarm manager openLteDataUpLinkGate: true
01-10 14:12:18.031061   943  1069 I DataShapingService: openLteGateSuccess = true
01-10 14:12:18.031235   943  1113 D DataShapingService: [handleMessage] msg_alarm_manager_trigger
01-10 14:12:18.045046   943   943 I SystemServer: MakeLocationServiceReady
01-10 14:12:18.075812   546  1199 D MtkOmxGsmDec: MtkOmxComponentCreate +++ !!!
01-10 14:12:18.076077   546  1199 D MtkOmxGsmDec: MtkOmxGsmDec Construct !!!
01-10 14:12:18.076139   546  1199 D MtkOmxGsmDec: Init Audio(GSM) Params!!!
01-10 14:12:18.077931   546  1199 D MtkOmxGsmDec: MtkOmxGsmDec Deconstruct !!!
01-10 14:12:18.090559   546   657 D MtkOmxMp3Dec: JB MtkOmxMp3Dec::MtkOmxMp3Dec this= 0xf0ad7000
01-10 14:12:18.090648   546   657 D MtkOmxMp3Dec: JB MtkOmxMp3Dec::InitAudioParams(MP3)
01-10 14:12:18.090684   943   977 V SettingsProvider: packageValueForCallResult, name = null, value : Bundle[{_track_generation=android.util.MemoryIntArray@62, value=null, _generation_index=1, _generation=1}]
01-10 14:12:18.093100   943   977 I ActivityManager: Process WebViewLoader-armeabi-v7a (pid 1176) has died: psvc PER 
01-10 14:12:18.097204   943  1004 E KernelUidCpuFreqTimeReader: Failed to read /proc/uid_time_in_state: java.io.FileNotFoundException: /proc/uid_time_in_state (No such file or directory)
01-10 14:12:18.104291   546   657 D MtkOmxMp3Dec: JB ~MtkOmxMp3Dec this= 0xf0ad7000
01-10 14:12:18.104427   943   943 W LocationProviderProxy-network: Odd, no component found for service com.android.location.service.v3.NetworkLocationProvider
01-10 14:12:18.108691   943  1004 D KernelUidCpuTimeReader: Removing uids 1037-1037
01-10 14:12:18.113971   943   943 W GeocoderProxy: Odd, no component found for service com.android.location.service.GeocodeProvider
01-10 14:12:18.115043   943   943 D LocationManagerService: FLP HAL not supported
01-10 14:12:18.120690   943   977 I ActivityManager: Process WebViewLoader-arm64-v8a (pid 1189) has died: psvc PER 
01-10 14:12:18.123950   943   943 D LocationManagerService: Unable to bind FLP Geofence proxy.
01-10 14:12:18.124209   943   943 D LocationManagerService: Hardware Activity-Recognition not supported.
01-10 14:12:18.125327   943   943 D LocationManagerService: Unable to bind ActivityRecognitionProxy.
01-10 14:12:18.131252   943   943 I SystemServer: MakeCountryDetectionServiceReady
01-10 14:12:18.131377   943   943 I SystemServer: MakeNetworkTimeUpdateReady
01-10 14:12:18.133324   546   657 D MtkOmxRawDec: MtkOmxComponentCreate +++ !!!
01-10 14:12:18.133486   546   657 D MtkOmxRawDec: MtkOmxRawDec Construct !!!
01-10 14:12:18.133526   546   657 D MtkOmxRawDec: fileTableSize is 55
01-10 14:12:18.133628   546   657 D MtkOmxRawDec: Init Audio(Raw PCM) Params!!!
01-10 14:12:18.134099   943   943 D MtkConnectivityService: requestNetwork for uid/pid:1000/943 NetworkRequest [ TRACK_DEFAULT id=6, [ Capabilities: INTERNET&NOT_RESTRICTED&TRUSTED&NOT_VPN] ]
01-10 14:12:18.134845   943   943 I SystemServer: MakeCommonTimeManagementServiceReady
01-10 14:12:18.135445   943   943 I SystemServer: MakeInputManagerServiceReady
01-10 14:12:18.136799   546  1199 D MtkOmxRawDec: MtkOmxRawDec Deconstruct !!!
01-10 14:12:18.137725   943   943 I SystemServer: MakeTelephonyRegistryReady
01-10 14:12:18.138390   943   943 I SystemServer: MakeMediaRouterServiceReady
01-10 14:12:18.140099   943   943 I SystemServer: MakeMmsServiceReady
01-10 14:12:18.140235   943   943 I MmsServiceBroker: Delay connecting to MmsService until an API is called
01-10 14:12:18.140331   943   943 I SystemServer: MakeNetworkScoreServiceReady
01-10 14:12:18.140385   943   943 I SystemServer: IncidentDaemonReady
01-10 14:12:18.141849   943   943 I SystemServer: DLDeviceManager
01-10 14:12:18.150230  1130  1130 D PowerOffAlarmManager: POWEROFF_ALARM_RECEIVER_READY broadcast sent
01-10 14:12:18.160079   943  1214 V SettingsProvider: packageValueForCallResult, name = null, value : Bundle[{_track_generation=android.util.MemoryIntArray@62, value=null, _generation_index=0, _generation=2}]
01-10 14:12:18.192346  1117  1269 E ActivityThread: Failed to find provider info for user_dictionary
01-10 14:12:18.249809   943   943 I SystemServer: DLKeyboardRemapManagerService
01-10 14:12:18.305909   943   943 I SystemServer: DLPowerManagerService
01-10 14:12:18.310743   943   943 D DL-PowerManagerService: updateScreenTimeout: mIsPowered=false
01-10 14:12:18.313169   943   943 D DL-PowerManagerService: updateScreenTimeout: timeout=2147483647
01-10 14:12:18.313539   943   943 V SettingsProvider: name : screen_off_timeout appId : 1000
01-10 14:12:18.313872   943   943 I SystemServer: BatteryManagerService
01-10 14:12:18.314049   943   943 D DL-BatteryManagerService: BatteryManagerService systemReady!
01-10 14:12:18.322526   943   943 D DL-BatteryManagerService: Error updating Temperature Min
01-10 14:12:18.324703   943   943 I SystemServer: CradleManagerService
01-10 14:12:18.324856   943   943 D DL-CradleManagerService: CradleManagerService systemReady!
01-10 14:12:18.324929   943   943 I SystemServer: CryptoManagerService
01-10 14:12:18.333796   943   943 D SystemServer: Starting service: Intent { cmp=com.datalogic.service/.ScannerService }
01-10 14:12:18.334122   943   943 W ActivityManager: Unable to start service Intent { cmp=com.datalogic.service/.ScannerService } U=0: not found
01-10 14:12:18.334736   943   943 I SystemServiceManager: Calling onStartUser u0
01-10 14:12:18.336118   943   943 W VoiceInteractionManagerService: no available voice interaction services found for user 0
01-10 14:12:18.336320   943   943 W VoiceInteractionManagerService: no available voice recognition services found for user 0
01-10 14:12:18.357308   943   943 I ActivityManager: Start proc 1299:com.mediatek.ims/1001 for added application com.mediatek.ims
01-10 14:12:18.380740   943   943 I ActivityManager: Start proc 1311:com.android.phone/1001 for added application com.android.phone
01-10 14:12:18.382321   943   943 I ActivityManager: START u0 {act=android.intent.action.MAIN cat=[android.intent.category.HOME] flg=0x10000100 cmp=com.android.settings/.FallbackHome} from uid 0
01-10 14:12:18.467724   943   943 I ActivityManager: Loaded persisted task ids for user 0
01-10 14:12:18.495524   943   943 I ActivityManager: Start proc 1349:com.android.settings/1000 for activity com.android.settings/.FallbackHome
01-10 14:12:18.499858   943  1214 V SettingsProvider: packageValueForCallResult, name = null, value : Bundle[{_track_generation=android.util.MemoryIntArray@62, value=null, _generation_index=2, _generation=1}]
01-10 14:12:18.524662   943   943 D SystemServerInitThreadPool: Shutdown successful
01-10 14:12:18.531134   943  1002 W Looper  : Dispatch took 192ms on android.ui, h=Handler (com.android.server.am.ActivityManagerService$UiHandler) {8bea39e} cb=null msg=53
01-10 14:12:18.533774   943  1135 D DL-PowerManagerService: isBatteryCoverOpen
01-10 14:12:18.538210   943  1135 V WindowManager: Set focused app to: AppWindowToken{9ad4020 token=Token{ecf5323 ActivityRecord{3df9452 u0 com.android.settings/.FallbackHome t1}}} old focus=null moveFocusNow=true
01-10 14:12:18.547985   943  1000 W LocationProviderProxy-network: Odd, no component found for service com.android.location.service.v3.NetworkLocationProvider
01-10 14:12:18.552840   943  1000 W GeocoderProxy: Odd, no component found for service com.android.location.service.GeocodeProvider
01-10 14:12:18.679195   943  1214 V SettingsProvider: packageValueForCallResult, name = null, value : Bundle[{_track_generation=android.util.MemoryIntArray@62, value=null, _generation_index=0, _generation=2}]
01-10 14:12:18.733961   943  1135 I WindowManager: Relayout Window{edbfbe5 u0 com.android.settings/com.android.settings.FallbackHome}: oldVis=4 newVis=0 focusMayChange = true
01-10 14:12:18.741688   943  1135 V WindowManager: Changing focus from null to Window{edbfbe5 u0 com.android.settings/com.android.settings.FallbackHome} Callers=com.android.server.wm.WindowManagerService.relayoutWindow:2176 com.android.server.wm.Session.relayout:239 android.view.IWindowSession$Stub.onTransact:286 com.android.server.wm.Session.onTransact:163 
01-10 14:12:18.742607   943  1135 D WindowManager: Input focus has changed to Window{edbfbe5 u0 com.android.settings/com.android.settings.FallbackHome}
01-10 14:12:18.746613   943  1008 I WindowManager: Focus moving from null to Window{edbfbe5 u0 com.android.settings/com.android.settings.FallbackHome}
01-10 14:12:18.765473   943  1214 E InputMethodManagerService: Cannot find scanner!
01-10 14:12:18.802003   943  1214 W WallpaperManagerService: Cannot extract colors because wallpaper could not be read.
01-10 14:12:18.802569   943  1214 W WallpaperManagerService: Cannot extract colors because wallpaper could not be read.
01-10 14:12:18.812886   943  1214 D IdleScreen: activityIdleScreen: android.app.ContextImpl@f439358 mNotifyNeeded: false idleIntent: Intent { act=android.intent.action.MAIN cat=[android.intent.category.HOME] flg=0x10800100 cmp=com.android.settings/.FallbackHome }
01-10 14:12:18.814562   943   943 D ConditionProviders.SCP: onConnected
01-10 14:12:18.815846   943  1001 I WindowManager: enableScreenAfterBoot: mDisplayEnabled=false mForceDisplayEnabled=false mShowingBootMessages=false mSystemBooted=false
01-10 14:12:18.815846   943  1001 I WindowManager: java.lang.RuntimeException: here
01-10 14:12:18.815846   943  1001 I WindowManager: 	at com.android.server.wm.WindowManagerService.enableScreenAfterBoot(WindowManagerService.java:3483)
01-10 14:12:18.815846   943  1001 I WindowManager: 	at com.android.server.am.ActivityManagerService.enableScreenAfterBoot(ActivityManagerService.java:7365)
01-10 14:12:18.815846   943  1001 I WindowManager: 	at com.android.server.am.ActivityManagerService$MainHandler.handleMessage(ActivityManagerService.java:2293)
01-10 14:12:18.815846   943  1001 I WindowManager: 	at android.os.Handler.dispatchMessage(Handler.java:106)
01-10 14:12:18.815846   943  1001 I WindowManager: 	at android.os.Looper.loop(Looper.java:164)
01-10 14:12:18.815846   943  1001 I WindowManager: 	at android.os.HandlerThread.run(HandlerThread.java:65)
01-10 14:12:18.815846   943  1001 I WindowManager: 	at com.android.server.ServiceThread.run(ServiceThread.java:46)
01-10 14:12:18.816287   943  1001 I WindowManager: hideBootMessagesLocked: mDisplayEnabled=false mForceDisplayEnabled=false mShowingBootMessages=false mSystemBooted=true
01-10 14:12:18.816287   943  1001 I WindowManager: java.lang.RuntimeException: here
01-10 14:12:18.816287   943  1001 I WindowManager: 	at com.android.server.wm.WindowManagerService.hideBootMessagesLocked(WindowManagerService.java:3672)
01-10 14:12:18.816287   943  1001 I WindowManager: 	at com.android.server.wm.WindowManagerService.enableScreenAfterBoot(WindowManagerService.java:3493)
01-10 14:12:18.816287   943  1001 I WindowManager: 	at com.android.server.am.ActivityManagerService.enableScreenAfterBoot(ActivityManagerService.java:7365)
01-10 14:12:18.816287   943  1001 I WindowManager: 	at com.android.server.am.ActivityManagerService$MainHandler.handleMessage(ActivityManagerService.java:2293)
01-10 14:12:18.816287   943  1001 I WindowManager: 	at android.os.Handler.dispatchMessage(Handler.java:106)
01-10 14:12:18.816287   943  1001 I WindowManager: 	at android.os.Looper.loop(Looper.java:164)
01-10 14:12:18.816287   943  1001 I WindowManager: 	at android.os.HandlerThread.run(HandlerThread.java:65)
01-10 14:12:18.816287   943  1001 I WindowManager: 	at com.android.server.ServiceThread.run(ServiceThread.java:46)
01-10 14:12:18.816646   943  1001 W KeyguardServiceDelegate: onScreenTurningOn(): no keyguard service!
01-10 14:12:18.817194   943  1001 I WindowManager: performEnableScreen: mDisplayEnabled=false mForceDisplayEnabled=false mShowingBootMessages=false mSystemBooted=true mOnlyCore=false
01-10 14:12:18.817194   943  1001 I WindowManager: java.lang.RuntimeException: here
01-10 14:12:18.817194   943  1001 I WindowManager: 	at com.android.server.wm.WindowManagerService.performEnableScreen(WindowManagerService.java:3556)
01-10 14:12:18.817194   943  1001 I WindowManager: 	at com.android.server.wm.WindowManagerService.enableScreenAfterBoot(WindowManagerService.java:3501)
01-10 14:12:18.817194   943  1001 I WindowManager: 	at com.android.server.am.ActivityManagerService.enableScreenAfterBoot(ActivityManagerService.java:7365)
01-10 14:12:18.817194   943  1001 I WindowManager: 	at com.android.server.am.ActivityManagerService$MainHandler.handleMessage(ActivityManagerService.java:2293)
01-10 14:12:18.817194   943  1001 I WindowManager: 	at android.os.Handler.dispatchMessage(Handler.java:106)
01-10 14:12:18.817194   943  1001 I WindowManager: 	at android.os.Looper.loop(Looper.java:164)
01-10 14:12:18.817194   943  1001 I WindowManager: 	at android.os.HandlerThread.run(HandlerThread.java:65)
01-10 14:12:18.817194   943  1001 I WindowManager: 	at com.android.server.ServiceThread.run(ServiceThread.java:46)
01-10 14:12:18.819760   943  1008 I WindowManager: performEnableScreen: mDisplayEnabled=false mForceDisplayEnabled=false mShowingBootMessages=false mSystemBooted=true mOnlyCore=false
01-10 14:12:18.819760   943  1008 I WindowManager: java.lang.RuntimeException: here
01-10 14:12:18.819760   943  1008 I WindowManager: 	at com.android.server.wm.WindowManagerService.performEnableScreen(WindowManagerService.java:3556)
01-10 14:12:18.819760   943  1008 I WindowManager: 	at com.android.server.wm.WindowManagerService.-wrap6(Unknown Source:0)
01-10 14:12:18.819760   943  1008 I WindowManager: 	at com.android.server.wm.WindowManagerService$H.handleMessage(WindowManagerService.java:5143)
01-10 14:12:18.819760   943  1008 I WindowManager: 	at android.os.Handler.dispatchMessage(Handler.java:106)
01-10 14:12:18.819760   943  1008 I WindowManager: 	at android.os.Looper.loop(Looper.java:164)
01-10 14:12:18.819760   943  1008 I WindowManager: 	at android.os.HandlerThread.run(HandlerThread.java:65)
01-10 14:12:18.819760   943  1008 I WindowManager: 	at com.android.server.ServiceThread.run(ServiceThread.java:46)
01-10 14:12:18.825005   943  1008 I WindowManager: performEnableScreen: mDisplayEnabled=false mForceDisplayEnabled=false mShowingBootMessages=false mSystemBooted=true mOnlyCore=false
01-10 14:12:18.825005   943  1008 I WindowManager: java.lang.RuntimeException: here
01-10 14:12:18.825005   943  1008 I WindowManager: 	at com.android.server.wm.WindowManagerService.performEnableScreen(WindowManagerService.java:3556)
01-10 14:12:18.825005   943  1008 I WindowManager: 	at com.android.server.wm.WindowManagerService.-wrap6(Unknown Source:0)
01-10 14:12:18.825005   943  1008 I WindowManager: 	at com.android.server.wm.WindowManagerService$H.handleMessage(WindowManagerService.java:5143)
01-10 14:12:18.825005   943  1008 I WindowManager: 	at android.os.Handler.dispatchMessage(Handler.java:106)
01-10 14:12:18.825005   943  1008 I WindowManager: 	at android.os.Looper.loop(Looper.java:164)
01-10 14:12:18.825005   943  1008 I WindowManager: 	at android.os.HandlerThread.run(HandlerThread.java:65)
01-10 14:12:18.825005   943  1008 I WindowManager: 	at com.android.server.ServiceThread.run(ServiceThread.java:46)
01-10 14:12:18.826458   943   943 D ConditionProviders: Subscribing to condition://android/event?userId=-10000&calendar=&reply=1 with ComponentInfo{android/com.android.server.notification.EventConditionProvider}
01-10 14:12:18.827019   943   943 D ConditionProviders: Subscribing to condition://android/schedule?days=1.2.3.4.5&start=22.0&end=7.0&exitAtAlarm=false with ComponentInfo{android/com.android.server.notification.ScheduleConditionProvider}
01-10 14:12:18.827433   943   943 D ConditionProviders: Subscribing to condition://android/schedule?days=6.7&start=23.30&end=10.0&exitAtAlarm=false with ComponentInfo{android/com.android.server.notification.ScheduleConditionProvider}
01-10 14:12:18.845067   943   977 I StatusBarManagerService: registerStatusBar bar=com.android.internal.statusbar.IStatusBar$Stub$Proxy@5cbc2d3
01-10 14:12:18.866155   943  1214 V SettingsProvider: packageValueForCallResult, name = subscription_mode, value : Bundle[{_track_generation=android.util.MemoryIntArray@62, value=0, _generation_index=0, _generation=2}]
01-10 14:12:18.866475   943  1012 D DuraSpeed/DuraSpeedService: [onPlaybackConfigChanged], play music packageNames:[]
01-10 14:12:18.910015   943  1012 D DuraSpeed/DuraSpeedService: [onPlaybackConfigChanged], play music packageNames:[]
01-10 14:12:18.959033   943  1012 D DuraSpeed/DuraSpeedService: [onPlaybackConfigChanged], play music packageNames:[android]
01-10 14:12:18.965286   943  1006 D UsbDeviceManager: Clear notification
01-10 14:12:18.968180   943  1006 D UsbDeviceManager: push notification:正在通过 USB 为此设备充电
01-10 14:12:18.989397   943  1214 V SettingsProvider: packageValueForCallResult, name = airplane_mode_on, value : Bundle[{_track_generation=android.util.MemoryIntArray@62, value=0, _generation_index=0, _generation=2}]
01-10 14:12:19.052223   943   943 D BluetoothManagerService: Trying to bind to profile: 1, while Bluetooth was disabled
01-10 14:12:19.061912   943  1486 I Telecom : BluetoothRouteManager: getBluetoothAudioConnectedDevice: no headset service available.
01-10 14:12:19.121339  1130  1130 E EmergencyButton: Service state is null
01-10 14:12:19.308328   943   943 I Telecom : SystemStateProvider: Registering car mode receiver: android.content.IntentFilter@99d76fd: TS.init@AAA
01-10 14:12:19.341485   943  1539 I Telecom : Logging.Events: Non-call EVENT: AUDIO_ROUTE, Entering state QuiescentEarpieceRoute
01-10 14:12:19.348221   943  1541 I Telecom : CallAudioModeStateMachine: Message received: null.: TS.init->CAMSM.pM_1@AAA
01-10 14:12:19.354419   943   943 I Telecom : MissedCallNotifierImpl: Boot not yet complete -- call log db may not be available. Deferring loading until boot complete.: TS.init@AAA
01-10 14:12:19.363749   943   943 D BluetoothManagerService: Trying to bind to profile: 1, while Bluetooth was disabled
01-10 14:12:19.370850   943   943 I Telecom : Class: TelecomSystem.INSTANCE being set
01-10 14:12:19.371556   943   943 W ContextImpl: Calling a method in the system process without a qualified user: android.app.ContextImpl.startService:1477 android.content.ContextWrapper.startService:650 com.android.server.telecom.components.TelecomService.initializeTelecomSystem:202 com.android.server.telecom.components.TelecomService.onBind:69 android.app.ActivityThread.handleBindService:3407 
01-10 14:12:19.373657   943   943 I Telecom : MtkTelecomServiceImpl: [publish]adding to ServiceManager
01-10 14:12:19.376786   943   943 V AlarmManager: PowerSavingReceiver mIsWFDConnected = false
01-10 14:12:19.377093   943   943 W ContextImpl: Calling a method in the system process without a qualified user: android.app.ContextImpl.startService:1477 com.android.server.content.SyncManager$13.run:722 android.os.Handler.handleCallback:790 android.os.Handler.dispatchMessage:99 android.os.Looper.loop:164 
01-10 14:12:19.422468   943   976 V WindowManager: Changing focus from Window{edbfbe5 u0 com.android.settings/com.android.settings.FallbackHome} to null Callers=com.android.server.wm.AppWindowToken.setVisibility:424 com.android.server.wm.AppWindowContainerController.setVisibility:467 com.android.server.am.ActivityRecord.setVisibility:1588 com.android.server.am.ActivityRecord.setVisible:1600 
01-10 14:12:19.422800   943   976 D WindowManager: Input focus has changed to null
01-10 14:12:19.425271   943  1008 I WindowManager: Focus moving from Window{edbfbe5 u0 com.android.settings/com.android.settings.FallbackHome} to null
01-10 14:12:19.426804   943  1008 I WindowManager: performEnableScreen: mDisplayEnabled=false mForceDisplayEnabled=false mShowingBootMessages=false mSystemBooted=true mOnlyCore=false
01-10 14:12:19.426804   943  1008 I WindowManager: java.lang.RuntimeException: here
01-10 14:12:19.426804   943  1008 I WindowManager: 	at com.android.server.wm.WindowManagerService.performEnableScreen(WindowManagerService.java:3556)
01-10 14:12:19.426804   943  1008 I WindowManager: 	at com.android.server.wm.WindowManagerService.-wrap6(Unknown Source:0)
01-10 14:12:19.426804   943  1008 I WindowManager: 	at com.android.server.wm.WindowManagerService$H.handleMessage(WindowManagerService.java:5143)
01-10 14:12:19.426804   943  1008 I WindowManager: 	at android.os.Handler.dispatchMessage(Handler.java:106)
01-10 14:12:19.426804   943  1008 I WindowManager: 	at android.os.Looper.loop(Looper.java:164)
01-10 14:12:19.426804   943  1008 I WindowManager: 	at android.os.HandlerThread.run(HandlerThread.java:65)
01-10 14:12:19.426804   943  1008 I WindowManager: 	at com.android.server.ServiceThread.run(ServiceThread.java:46)
01-10 14:12:19.432035   943   943 V WiredAccessoryManager: notifyWiredAccessoryChanged: when=0 bits= mask=54
01-10 14:12:19.432225   943   943 V WiredAccessoryManager: newName=h2w newState=0 headsetState=0 prev headsetState=0
01-10 14:12:19.432329   943   943 V WiredAccessoryManager: init()
01-10 14:12:19.450472   943  1008 I WindowManager: performEnableScreen: mDisplayEnabled=false mForceDisplayEnabled=false mShowingBootMessages=false mSystemBooted=true mOnlyCore=false
01-10 14:12:19.450472   943  1008 I WindowManager: java.lang.RuntimeException: here
01-10 14:12:19.450472   943  1008 I WindowManager: 	at com.android.server.wm.WindowManagerService.performEnableScreen(WindowManagerService.java:3556)
01-10 14:12:19.450472   943  1008 I WindowManager: 	at com.android.server.wm.WindowManagerService.-wrap6(Unknown Source:0)
01-10 14:12:19.450472   943  1008 I WindowManager: 	at com.android.server.wm.WindowManagerService$H.handleMessage(WindowManagerService.java:5143)
01-10 14:12:19.450472   943  1008 I WindowManager: 	at android.os.Handler.dispatchMessage(Handler.java:106)
01-10 14:12:19.450472   943  1008 I WindowManager: 	at android.os.Looper.loop(Looper.java:164)
01-10 14:12:19.450472   943  1008 I WindowManager: 	at android.os.HandlerThread.run(HandlerThread.java:65)
01-10 14:12:19.450472   943  1008 I WindowManager: 	at com.android.server.ServiceThread.run(ServiceThread.java:46)
01-10 14:12:19.454142   943  1008 I chatty  : uid=1000(system) android.display identical 2 lines
01-10 14:12:19.464005   943  1008 I WindowManager: performEnableScreen: mDisplayEnabled=false mForceDisplayEnabled=false mShowingBootMessages=false mSystemBooted=true mOnlyCore=false
01-10 14:12:19.464005   943  1008 I WindowManager: java.lang.RuntimeException: here
01-10 14:12:19.464005   943  1008 I WindowManager: 	at com.android.server.wm.WindowManagerService.performEnableScreen(WindowManagerService.java:3556)
01-10 14:12:19.464005   943  1008 I WindowManager: 	at com.android.server.wm.WindowManagerService.-wrap6(Unknown Source:0)
01-10 14:12:19.464005   943  1008 I WindowManager: 	at com.android.server.wm.WindowManagerService$H.handleMessage(WindowManagerService.java:5143)
01-10 14:12:19.464005   943  1008 I WindowManager: 	at android.os.Handler.dispatchMessage(Handler.java:106)
01-10 14:12:19.464005   943  1008 I WindowManager: 	at android.os.Looper.loop(Looper.java:164)
01-10 14:12:19.464005   943  1008 I WindowManager: 	at android.os.HandlerThread.run(HandlerThread.java:65)
01-10 14:12:19.464005   943  1008 I WindowManager: 	at com.android.server.ServiceThread.run(ServiceThread.java:46)
01-10 14:12:19.471594   943   943 D AccessibilityManagerService: Ignoring non-encryption-aware service ComponentInfo{com.gears42.surelock/com.nix.sureprotect.service.SureAccessibilityService}
01-10 14:12:19.474457   943   943 V NotificationListeners: enabling notification listener for 0: ComponentInfo{com.android.launcher3/com.android.launcher3.notification.NotificationListener}
01-10 14:12:19.475093   943   943 V NotificationListeners: binding: Intent { act=android.service.notification.NotificationListenerService cmp=com.android.launcher3/.notification.NotificationListener (has extras) }
01-10 14:12:19.476215   943   943 W ActivityManager: Unable to start service Intent { act=android.service.notification.NotificationListenerService cmp=com.android.launcher3/.notification.NotificationListener } U=0: not found
01-10 14:12:19.476521   943   943 W NotificationListeners: Unable to bind notification listener service: Intent { act=android.service.notification.NotificationListenerService cmp=com.android.launcher3/.notification.NotificationListener (has extras) }
01-10 14:12:19.476819   943   943 V NotificationListeners: enabling notification listener for 0: ComponentInfo{com.gears42.surelock/com.gears42.surelock.service.NotificationListService}
01-10 14:12:19.477244   943   943 V NotificationListeners: binding: Intent { act=android.service.notification.NotificationListenerService cmp=com.gears42.surelock/.service.NotificationListService (has extras) }
01-10 14:12:19.477735   943   943 W ActivityManager: Unable to start service Intent { act=android.service.notification.NotificationListenerService cmp=com.gears42.surelock/.service.NotificationListService } U=0: not found
01-10 14:12:19.477895   943   943 W NotificationListeners: Unable to bind notification listener service: Intent { act=android.service.notification.NotificationListenerService cmp=com.gears42.surelock/.service.NotificationListService (has extras) }
01-10 14:12:19.478346   570   570 I sn      : Retry 1
01-10 14:12:19.478636   570   570 I sn      : Fail to access err=2
01-10 14:12:19.478686   570   570 I chatty  : uid=1000(system) /system/bin/sn identical 1 line
01-10 14:12:19.478703   570   570 I sn      : Fail to access err=2
01-10 14:12:19.478713   570   570 I sn      : Check all possible paths
01-10 14:12:19.505148   943   943 D DuraSpeed/DSBroadcastReceiver: received broadcast, action is: android.intent.action.USER_SWITCHED
01-10 14:12:19.505777   943  1012 D DuraSpeed/DuraSpeedInternalManager: startDuraSpeedApp
01-10 14:12:19.507033   943  1088 D WifiController: battery changed pluggedType: 2
01-10 14:12:19.510280   943  1214 V SettingsProvider: packageValueForCallResult, name = sms_default_application, value : Bundle[{_track_generation=android.util.MemoryIntArray@62, value=com.android.mms, _generation_index=1, _generation=1}]
01-10 14:12:19.528627   943   943 I ActivityManager: Start proc 1550:com.mediatek.ppl/1000 for broadcast com.mediatek.ppl/.PplReceiver
01-10 14:12:19.530201   943   943 D ConditionProviders.SCP: onSubscribe condition://android/schedule?days=1.2.3.4.5&start=22.0&end=7.0&exitAtAlarm=false
01-10 14:12:19.531250   943   943 D ConditionProviders.SCP: setRegistered true
01-10 14:12:19.532016   943   943 D ConditionProviders.SCP: notifyCondition condition://android/schedule?days=1.2.3.4.5&start=22.0&end=7.0&exitAtAlarm=false STATE_FALSE reason=!meetsSchedule
01-10 14:12:19.540667   943  1103 E ActivityThread: Failed to find provider info for com.android.calendar
01-10 14:12:19.541894   943  1103 E ActivityThread: Failed to find provider info for com.android.calendar
01-10 14:12:19.547477   943   943 D ConditionProviders.SCP: Scheduling evaluate for Fri Jan 10 22:00:00 GMT+08:00 2020 (1578664800000), in +7h47m40s469ms, now=Fri Jan 10 14:12:19 GMT+08:00 2020 (1578636739531)
01-10 14:12:19.547951   943   943 D ConditionProviders.SCP: onSubscribe condition://android/schedule?days=6.7&start=23.30&end=10.0&exitAtAlarm=false
01-10 14:12:19.548520   943   943 D ConditionProviders.SCP: notifyCondition condition://android/schedule?days=6.7&start=23.30&end=10.0&exitAtAlarm=false STATE_FALSE reason=!meetsSchedule
01-10 14:12:19.548983   943   943 D ConditionProviders.SCP: notifyCondition condition://android/schedule?days=1.2.3.4.5&start=22.0&end=7.0&exitAtAlarm=false STATE_FALSE reason=!meetsSchedule
01-10 14:12:19.550300   943   943 D ConditionProviders.SCP: Scheduling evaluate for Fri Jan 10 22:00:00 GMT+08:00 2020 (1578664800000), in +7h47m40s452ms, now=Fri Jan 10 14:12:19 GMT+08:00 2020 (1578636739548)
01-10 14:12:19.554010   943  1088 D WifiController: battery changed pluggedType: 2
01-10 14:12:19.571802   943   943 I Telecom : WiredHeadsetManager: ACTION_HEADSET_PLUG event, plugged in: false, : WHC.oADA@AAE
01-10 14:12:19.582888   943  1000 I SyncManager: Got SyncJobService instance.
01-10 14:12:19.592697   943   943 I AutofillManagerService: Updating Autofill for user 0: disabled=false
01-10 14:12:19.594743  1311  1311 I SystemConfig: Non-xml file /system/etc/permissions/pms_sysapp_removable_system_list.txt in /system/etc/permissions directory, ignoring
01-10 14:12:19.594876  1311  1311 I SystemConfig: Non-xml file /system/etc/permissions/pms_sysapp_removable_system_list_cta.txt in /system/etc/permissions directory, ignoring
01-10 14:12:19.605500   943   943 I NotificationService: Cannot find enqueued record for key: -1|android|26|null|1000
01-10 14:12:19.606127   943   943 I NotificationService: Cannot find enqueued record for key: -1|android|32|null|1000
01-10 14:12:19.624801  1311  1311 I SystemConfig: Non-xml file /vendor/etc/permissions/pms_sysapp_removable_vendor_list.txt in /vendor/etc/permissions directory, ignoring
01-10 14:12:19.644072  1550  1550 W ContextImpl: Calling a method in the system process without a qualified user: android.app.ContextImpl.startService:1477 android.content.ContextWrapper.startService:650 android.content.ContextWrapper.startService:650 com.mediatek.ppl.PplReceiver.onReceive:65 android.app.ActivityThread.handleReceiver:3228 
01-10 14:12:19.676387  1130  1130 I StatusBar: isKeyguardShowing() called before startKeyguard(), returning true
01-10 14:12:19.677176  1130  1130 W StatusBar: isKeyguardSecure() called before startKeyguard(), returning false
01-10 14:12:19.677176  1130  1130 W StatusBar: java.lang.Throwable
01-10 14:12:19.677176  1130  1130 W StatusBar: 	at com.android.systemui.statusbar.phone.StatusBar.isKeyguardSecure(StatusBar.java:7707)
01-10 14:12:19.677176  1130  1130 W StatusBar: 	at com.android.systemui.statusbar.phone.StatusBar.isCameraAllowedByAdmin(StatusBar.java:5580)
01-10 14:12:19.677176  1130  1130 W StatusBar: 	at com.android.systemui.statusbar.phone.KeyguardBottomAreaView$DefaultRightButton.getIcon(KeyguardBottomAreaView.java:884)
01-10 14:12:19.677176  1130  1130 W StatusBar: 	at com.android.systemui.statusbar.phone.KeyguardBottomAreaView.updateCameraVisibility(KeyguardBottomAreaView.java:408)
01-10 14:12:19.677176  1130  1130 W StatusBar: 	at com.android.systemui.statusbar.phone.KeyguardBottomAreaView.setStatusBar(KeyguardBottomAreaView.java:377)
01-10 14:12:19.677176  1130  1130 W StatusBar: 	at com.android.systemui.statusbar.phone.NotificationPanelView.setStatusBar(NotificationPanelView.java:252)
01-10 14:12:19.677176  1130  1130 W StatusBar: 	at com.android.systemui.statusbar.phone.StatusBar.makeStatusBarView(StatusBar.java:1040)
01-10 14:12:19.677176  1130  1130 W StatusBar: 	at com.android.systemui.statusbar.phone.StatusBar.addStatusBarWindow(StatusBar.java:3788)
01-10 14:12:19.677176  1130  1130 W StatusBar: 	at com.android.systemui.statusbar.phone.StatusBar.createAndAddWindows(StatusBar.java:3784)
01-10 14:12:19.677176  1130  1130 W StatusBar: 	at com.android.systemui.statusbar.phone.StatusBar.start(StatusBar.java:910)
01-10 14:12:19.677176  1130  1130 W StatusBar: 	at com.android.systemui.SystemBars.createStatusBarFromConfig(SystemBars.java:71)
01-10 14:12:19.677176  1130  1130 W StatusBar: 	at com.android.systemui.SystemBars.start(SystemBars.java:42)
01-10 14:12:19.677176  1130  1130 W StatusBar: 	at com.android.systemui.SystemUIApplication.startServicesIfNeeded(SystemUIApplication.java:215)
01-10 14:12:19.677176  1130  1130 W StatusBar: 	at com.android.systemui.SystemUIApplication.startServicesIfNeeded(SystemUIApplication.java:164)
01-10 14:12:19.677176  1130  1130 W StatusBar: 	at com.android.systemui.SystemUIService.onCreate(SystemUIService.java:33)
01-10 14:12:19.677176  1130  1130 W StatusBar: 	at android.app.ActivityThread.handleCreateService(ActivityThread.java:3380)
01-10 14:12:19.677176  1130  1130 W StatusBar: 	at android.app.ActivityThread.-wrap4(Unknown Source:0)
01-10 14:12:19.677176  1130  1130 W StatusBar: 	at android.app.ActivityThread$H.handleMessage(ActivityThread.java:1711)
01-10 14:12:19.677176  1130  1130 W StatusBar: 	at android.os.Handler.dispatchMessage(Handler.java:106)
01-10 14:12:19.677176  1130  1130 W StatusBar: 	at android.os.Looper.loop(Looper.java:164)
01-10 14:12:19.677176  1130  1130 W StatusBar: 	at android.app.ActivityThread.main(ActivityThread.java:6548)
01-10 14:12:19.677176  1130  1130 W StatusBar: 	at java.lang.reflect.Method.invoke(Native Method)
01-10 14:12:19.677176  1130  1130 W StatusBar: 	at com.android.internal.os.RuntimeInit$MethodAndArgsCaller.run(RuntimeInit.java:438)
01-10 14:12:19.677176  1130  1130 W StatusBar: 	at com.android.internal.os.ZygoteInit.main(ZygoteInit.java:857)
01-10 14:12:19.728204   943  1096 D MtkConnectivityService: Got NetworkFactory Messenger for PhoneSwitcherNetworkRequstListener
01-10 14:12:19.743975  1130  1130 I StatusBar: isKeyguardShowing() called before startKeyguard(), returning true
01-10 14:12:19.744826  1130  1130 W StatusBar: isKeyguardSecure() called before startKeyguard(), returning false
01-10 14:12:19.744826  1130  1130 W StatusBar: java.lang.Throwable
01-10 14:12:19.744826  1130  1130 W StatusBar: 	at com.android.systemui.statusbar.phone.StatusBar.isKeyguardSecure(StatusBar.java:7707)
01-10 14:12:19.744826  1130  1130 W StatusBar: 	at com.android.systemui.statusbar.phone.StatusBar.isCameraAllowedByAdmin(StatusBar.java:5580)
01-10 14:12:19.744826  1130  1130 W StatusBar: 	at com.android.systemui.statusbar.phone.KeyguardBottomAreaView$DefaultRightButton.getIcon(KeyguardBottomAreaView.java:884)
01-10 14:12:19.744826  1130  1130 W StatusBar: 	at com.android.systemui.statusbar.phone.KeyguardBottomAreaView.updateCameraVisibility(KeyguardBottomAreaView.java:408)
01-10 14:12:19.744826  1130  1130 W StatusBar: 	at com.android.systemui.statusbar.phone.KeyguardBottomAreaView.setUserSetupComplete(KeyguardBottomAreaView.java:386)
01-10 14:12:19.744826  1130  1130 W StatusBar: 	at com.android.systemui.statusbar.phone.NotificationPanelView.setUserSetupComplete(NotificationPanelView.java:2655)
01-10 14:12:19.744826  1130  1130 W StatusBar: 	at com.android.systemui.statusbar.phone.StatusBar.makeStatusBarView(StatusBar.java:1197)
01-10 14:12:19.744826  1130  1130 W StatusBar: 	at com.android.systemui.statusbar.phone.StatusBar.addStatusBarWindow(StatusBar.java:3788)
01-10 14:12:19.744826  1130  1130 W StatusBar: 	at com.android.systemui.statusbar.phone.StatusBar.createAndAddWindows(StatusBar.java:3784)
01-10 14:12:19.744826  1130  1130 W StatusBar: 	at com.android.systemui.statusbar.phone.StatusBar.start(StatusBar.java:910)
01-10 14:12:19.744826  1130  1130 W StatusBar: 	at com.android.systemui.SystemBars.createStatusBarFromConfig(SystemBars.java:71)
01-10 14:12:19.744826  1130  1130 W StatusBar: 	at com.android.systemui.SystemBars.start(SystemBars.java:42)
01-10 14:12:19.744826  1130  1130 W StatusBar: 	at com.android.systemui.SystemUIApplication.startServicesIfNeeded(SystemUIApplication.java:215)
01-10 14:12:19.744826  1130  1130 W StatusBar: 	at com.android.systemui.SystemUIApplication.startServicesIfNeeded(SystemUIApplication.java:164)
01-10 14:12:19.744826  1130  1130 W StatusBar: 	at com.android.systemui.SystemUIService.onCreate(SystemUIService.java:33)
01-10 14:12:19.744826  1130  1130 W StatusBar: 	at android.app.ActivityThread.handleCreateService(ActivityThread.java:3380)
01-10 14:12:19.744826  1130  1130 W StatusBar: 	at android.app.ActivityThread.-wrap4(Unknown Source:0)
01-10 14:12:19.744826  1130  1130 W StatusBar: 	at android.app.ActivityThread$H.handleMessage(ActivityThread.java:1711)
01-10 14:12:19.744826  1130  1130 W StatusBar: 	at android.os.Handler.dispatchMessage(Handler.java:106)
01-10 14:12:19.744826  1130  1130 W StatusBar: 	at android.os.Looper.loop(Looper.java:164)
01-10 14:12:19.744826  1130  1130 W StatusBar: 	at android.app.ActivityThread.main(ActivityThread.java:6548)
01-10 14:12:19.744826  1130  1130 W StatusBar: 	at java.lang.reflect.Method.invoke(Native Method)
01-10 14:12:19.744826  1130  1130 W StatusBar: 	at com.android.internal.os.RuntimeInit$MethodAndArgsCaller.run(RuntimeInit.java:438)
01-10 14:12:19.744826  1130  1130 W StatusBar: 	at com.android.internal.os.ZygoteInit.main(ZygoteInit.java:857)
01-10 14:12:19.756098   943  1096 D MtkConnectivityService: Got NetworkFactory Messenger for TelephonyNetworkFactory[0]
01-10 14:12:19.771679  1311  1578 E ActivityThread: Failed to find provider info for com.android.contacts
