01-10 13:54:03.565000   540   540 I auditd  : type=1400 audit(0.0:222): avc: denied { read } for comm="generic" path="/storage/emulated/0/Recording/record20200110131707.3gpp" dev="sdcardfs" ino=787047 scontext=u:r:mediaextractor:s0 tcontext=u:object_r:sdcardfs:s0 tclass=file permissive=0
01-10 13:54:03.571312  3205  3205 I am_on_paused_called: [0,com.android.music.TrackBrowserActivity,handlePauseActivity]
01-10 13:54:03.573540   986  1760 I am_restart_activity: [0,213862766,378,com.android.music/.MediaPlaybackActivity]
01-10 13:54:03.576142   986  1760 I am_set_resumed_activity: [0,com.android.music/.MediaPlaybackActivity,minimalResumeActivityLocked]
01-10 13:54:03.580469   986  1001 I sysui_count: [window_time_0,4]
01-10 13:54:03.580656   986  1001 I sysui_multi_action: [757,803,799,window_time_0,802,4]
01-10 13:54:03.626629   986  1000 I am_pss  : [3205,10080,com.android.music,44407808,34373632,0]
01-10 13:54:03.627779  3205  3205 I am_on_resume_called: [0,com.android.music.MediaPlaybackActivity,LAUNCH_ACTIVITY]
01-10 13:54:03.657288   986  1000 I am_pss  : [3152,10015,android.process.media,8333312,5836800,0]
01-10 13:54:03.679083   986   986 I notification_enqueue: [1000,986,android,40,NULL,0,Notification(channel=FOREGROUND_SERVICE pri=0 contentView=null vibrate=null sound=null defaults=0x0 flags=0x2 color=0xff607d8b vis=PRIVATE),1]
01-10 13:54:03.681387   986   986 I notification_enqueue: [10080,3205,com.android.music,1,NULL,0,Notification(channel=music_notification_channel pri=0 contentView=com.android.music/0x7f04000f vibrate=null sound=null defaults=0x0 flags=0x42 color=0x00000000 vis=PRIVATE),0]
01-10 13:54:03.733000   540   540 I auditd  : type=1400 audit(0.0:223): avc: denied { read } for comm="generic" path="/storage/emulated/0/Recording/record20200110131850.3gpp" dev="sdcardfs" ino=787050 scontext=u:r:mediaextractor:s0 tcontext=u:object_r:sdcardfs:s0 tclass=file permissive=0
01-10 13:54:03.779872   986  1760 I notification_expansion: [0|com.android.music|1|null|10080,0,1,100,100,0]
01-10 13:54:03.781182   986  1760 I notification_expansion: [0|com.android.systemui|1|null|10021,0,0,38706,38256,0]
01-10 13:54:03.854894   986  1009 I am_activity_launch_time: [0,213862766,com.android.music/.MediaPlaybackActivity,277,277]
01-10 13:54:03.920331   986   986 I notification_enqueue: [10080,3205,com.android.music,1,NULL,0,Notification(channel=music_notification_channel pri=0 contentView=com.android.music/0x7f04000f vibrate=null sound=null defaults=0x0 flags=0x42 color=0x00000000 vis=PRIVATE),1]
01-10 13:54:04.220017   986  1001 I am_stop_activity: [0,208907988,com.android.music/.TrackBrowserActivity]
01-10 13:54:04.236877  3205  3205 I am_on_stop_called: [0,com.android.music.TrackBrowserActivity,handleStopActivity]
01-10 13:54:04.341000   551   551 I auditd  : type=1400 audit(0.0:224): avc: denied { add_name } for comm="HwBinder:551_2" name="shading_otp" scontext=u:r:mtk_hal_camera:s0 tcontext=u:object_r:system_data_file:s0 tclass=dir permissive=0
01-10 13:54:05.341000   551   551 I chatty  : uid=1047(cameraserver) /vendor/bin/hw/camerahalserver identical 1 line
01-10 13:54:06.341000   551   551 I auditd  : type=1400 audit(0.0:226): avc: denied { add_name } for comm="HwBinder:551_2" name="shading_otp" scontext=u:r:mtk_hal_camera:s0 tcontext=u:object_r:system_data_file:s0 tclass=dir permissive=0
01-10 13:54:06.865584   986  1001 I am_uid_idle: 10065
01-10 13:54:07.341000   551   551 I auditd  : type=1400 audit(0.0:227): avc: denied { add_name } for comm="HwBinder:551_2" name="shading_otp" scontext=u:r:mtk_hal_camera:s0 tcontext=u:object_r:system_data_file:s0 tclass=dir permissive=0
01-10 13:54:08.341000   551   551 I auditd  : type=1400 audit(0.0:228): avc: denied { add_name } for comm="HwBinder:551_2" name="shading_otp" scontext=u:r:mtk_hal_camera:s0 tcontext=u:object_r:system_data_file:s0 tclass=dir permissive=0
01-10 13:54:08.495615   986   986 I notification_enqueue: [10080,3205,com.android.music,1,NULL,0,Notification(channel=music_notification_channel pri=0 contentView=com.android.music/0x7f04000f vibrate=null sound=null defaults=0x0 flags=0x42 color=0x00000000 vis=PRIVATE),1]
01-10 13:54:08.593721   986   986 I notification_enqueue: [10080,3205,com.android.music,1,NULL,0,Notification(channel=music_notification_channel pri=0 contentView=com.android.music/0x7f04000f vibrate=null sound=null defaults=0x0 flags=0x42 color=0x00000000 vis=PRIVATE),1]
01-10 13:54:09.341000   551   551 I auditd  : type=1400 audit(0.0:229): avc: denied { add_name } for comm="HwBinder:551_2" name="shading_otp" scontext=u:r:mtk_hal_camera:s0 tcontext=u:object_r:system_data_file:s0 tclass=dir permissive=0
01-10 13:54:16.349000   551   551 I chatty  : uid=1047(cameraserver) /vendor/bin/hw/camerahalserver identical 7 lines
01-10 13:54:17.349000   551   551 I auditd  : type=1400 audit(0.0:237): avc: denied { add_name } for comm="HwBinder:551_2" name="shading_otp" scontext=u:r:mtk_hal_camera:s0 tcontext=u:object_r:system_data_file:s0 tclass=dir permissive=0
01-10 13:54:17.802047   986  1173 I battery_status: [5,2,1,2,Li-poly]
01-10 13:54:18.349000   551   551 I auditd  : type=1400 audit(0.0:238): avc: denied { add_name } for comm="HwBinder:551_2" name="shading_otp" scontext=u:r:mtk_hal_camera:s0 tcontext=u:object_r:system_data_file:s0 tclass=dir permissive=0
01-10 13:54:53.941281   986  1001 I am_uid_idle: 10020
01-10 13:54:54.377000   551   551 I auditd  : type=1400 audit(0.0:274): avc: denied { add_name } for comm="HwBinder:551_2" name="shading_otp" scontext=u:r:mtk_hal_camera:s0 tcontext=u:object_r:system_data_file:s0 tclass=dir permissive=0
01-10 13:54:58.377000   551   551 I chatty  : uid=1047(cameraserver) /vendor/bin/hw/camerahalserver identical 4 lines
01-10 13:54:59.381000   551   551 I auditd  : type=1400 audit(0.0:279): avc: denied { add_name } for comm="HwBinder:551_2" name="shading_otp" scontext=u:r:mtk_hal_camera:s0 tcontext=u:object_r:system_data_file:s0 tclass=dir permissive=0
01-10 13:55:00.153126   986  1000 I am_pss  : [2339,10020,com.android.mms,28395520,20111360,0]
01-10 13:55:00.220909   986  1000 I am_pss  : [3227,10078,com.android.musicfx,3891200,2244608,0]
01-10 13:55:00.277473   986  1000 I am_pss  : [1340,1000,com.android.settings,22351872,14581760,0]
01-10 13:55:00.381000   551   551 I auditd  : type=1400 audit(0.0:280): avc: denied { add_name } for comm="HwBinder:551_2" name="shading_otp" scontext=u:r:mtk_hal_camera:s0 tcontext=u:object_r:system_data_file:s0 tclass=dir permissive=0
01-10 13:56:46.457000   551   551 I chatty  : uid=1047(cameraserver) /vendor/bin/hw/camerahalserver identical 106 lines
01-10 13:56:47.457000   551   551 I auditd  : type=1400 audit(0.0:387): avc: denied { add_name } for comm="HwBinder:551_2" name="shading_otp" scontext=u:r:mtk_hal_camera:s0 tcontext=u:object_r:system_data_file:s0 tclass=dir permissive=0
01-10 13:56:48.350399   986  1000 I am_pss  : [3205,10080,com.android.music,50241536,39940096,0]
01-10 13:56:48.397539   986  1000 I am_pss  : [3152,10015,android.process.media,8941568,6098944,0]
01-10 13:56:48.401000  3399  3399 I auditd  : type=1400 audit(0.0:388): avc: denied { getattr } for comm="ls" path="/data/core" dev="dm-2" ino=122881 scontext=u:r:shell:s0 tcontext=u:object_r:aee_core_data_file:s0 tclass=dir permissive=0
01-10 13:56:48.401000  3399  3399 I auditd  : type=1400 audit(0.0:389): avc: denied { getattr } for comm="ls" path="/data/tombstones" dev="dm-2" ino=1228801 scontext=u:r:shell:s0 tcontext=u:object_r:tombstone_data_file:s0 tclass=dir permissive=0
01-10 13:56:48.401000  3399  3399 I auditd  : type=1400 audit(0.0:390): avc: denied { search } for comm="ls" name="mdlog" dev="dm-2" ino=262145 scontext=u:r:shell:s0 tcontext=u:object_r:mdlog_data_file:s0 tclass=dir permissive=0
01-10 13:56:48.461000   551   551 I auditd  : type=1400 audit(0.0:391): avc: denied { add_name } for comm="HwBinder:551_2" name="shading_otp" scontext=u:r:mtk_hal_camera:s0 tcontext=u:object_r:system_data_file:s0 tclass=dir permissive=0
01-10 13:56:48.657397   986  1760 I wm_task_created: [380,1]
01-10 13:56:48.658017   986  1760 I wm_task_moved: [380,1,3]
01-10 13:56:48.658254   986  1760 I wm_task_moved: [380,1,3]
01-10 13:56:48.658810   986  1760 I am_create_task: [0,380]
01-10 13:56:48.658863   986  1760 I am_create_activity: [0,228250074,380,com.android.gallery3d/.app.GalleryActivity,android.intent.action.MAIN,NULL,NULL,270532608]
01-10 13:56:48.661466   986  1760 I wm_task_moved: [380,1,3]
01-10 13:56:48.663124   986  1760 I am_pause_activity: [0,213862766,com.android.music/.MediaPlaybackActivity]
01-10 13:56:48.663973  3205  3205 I am_on_paused_called: [0,com.android.music.MediaPlaybackActivity,handlePauseActivity]
01-10 13:56:48.668611   986  1173 I am_uid_running: 10054
01-10 13:56:48.683485   986  1173 I am_proc_start: [0,3411,10054,com.android.gallery3d,activity,com.android.gallery3d/.app.GalleryActivity]
01-10 13:56:48.686638   986  1001 I sysui_count: [window_time_0,165]
01-10 13:56:48.686821   986  1001 I sysui_multi_action: [757,803,799,window_time_0,802,165]
01-10 13:56:48.699958   986  1173 I am_proc_bound: [0,3411,com.android.gallery3d]
01-10 13:56:48.705200   986  1173 I am_uid_active: 10054
01-10 13:56:48.705368   986  1173 I am_restart_activity: [0,228250074,380,com.android.gallery3d/.app.GalleryActivity]
01-10 13:56:48.706398   986  1173 I am_set_resumed_activity: [0,com.android.gallery3d/.app.GalleryActivity,minimalResumeActivityLocked]
01-10 13:56:49.090861   986  1761 I wm_task_created: [381,1]
01-10 13:56:49.091307   986  1761 I wm_task_moved: [381,1,4]
01-10 13:56:49.091556   986  1761 I wm_task_moved: [381,1,4]
01-10 13:56:49.092121   986  1761 I am_create_task: [0,381]
01-10 13:56:49.092171   986  1761 I am_create_activity: [0,78333631,381,com.datalogic.scan2deploy/.MainActivity,android.intent.action.MAIN,NULL,NULL,270532608]
01-10 13:56:49.092984   986  1761 I wm_task_moved: [381,1,4]
01-10 13:56:49.094595   986  1761 I am_pause_activity: [0,228250074,com.android.gallery3d/.app.GalleryActivity]
01-10 13:56:49.144662  3411  3411 I am_on_resume_called: [0,com.android.gallery3d.app.GalleryActivity,LAUNCH_ACTIVITY]
01-10 13:56:49.210354  3411  3411 I am_on_paused_called: [0,com.android.gallery3d.app.GalleryActivity,handlePauseActivity]
01-10 13:56:49.211308   986  1173 I am_uid_running: 10064
01-10 13:56:49.225905   986  1173 I am_proc_start: [0,3447,10064,com.datalogic.scan2deploy,activity,com.datalogic.scan2deploy/.MainActivity]
01-10 13:56:49.229209   986  1001 I sysui_count: [window_time_0,1]
01-10 13:56:49.229401   986  1001 I sysui_multi_action: [757,803,799,window_time_0,802,1]
01-10 13:56:49.248316   986  1224 I am_proc_bound: [0,3447,com.datalogic.scan2deploy]
01-10 13:56:49.254598   986  1224 I am_uid_active: 10064
01-10 13:56:49.254777   986  1224 I am_restart_activity: [0,78333631,381,com.datalogic.scan2deploy/.MainActivity]
01-10 13:56:49.255999   986  1224 I am_set_resumed_activity: [0,com.datalogic.scan2deploy/.MainActivity,minimalResumeActivityLocked]
01-10 13:56:49.361782   986  1009 I sysui_multi_action: [319,87,321,69,322,710,325,326,757,761,758,7,759,1,806,com.datalogic.scan2deploy,871,com.datalogic.scan2deploy.MainActivity,905,0,945,599]
01-10 13:56:49.441992   986  1173 I wm_task_moved: [381,1,4]
01-10 13:56:49.442689   986  1173 I am_create_activity: [0,216367939,381,com.datalogic.scan2deploy/.RequireDOActivity,NULL,NULL,NULL,0]
01-10 13:56:49.445202   986  1173 I am_pause_activity: [0,78333631,com.datalogic.scan2deploy/.MainActivity]
01-10 13:56:49.461000   551   551 I auditd  : type=1400 audit(0.0:392): avc: denied { add_name } for comm="HwBinder:551_2" name="shading_otp" scontext=u:r:mtk_hal_camera:s0 tcontext=u:object_r:system_data_file:s0 tclass=dir permissive=0
01-10 13:56:49.507755  3447  3447 I am_on_resume_called: [0,com.datalogic.scan2deploy.MainActivity,LAUNCH_ACTIVITY]
01-10 13:56:49.510705  3447  3447 I am_on_paused_called: [0,com.datalogic.scan2deploy.MainActivity,handlePauseActivity]
01-10 13:56:49.512465   986  1173 I am_restart_activity: [0,216367939,381,com.datalogic.scan2deploy/.RequireDOActivity]
01-10 13:56:49.513191   986  1173 I am_set_resumed_activity: [0,com.datalogic.scan2deploy/.RequireDOActivity,minimalResumeActivityLocked]
01-10 13:56:49.517953   986  1001 I sysui_count: [window_time_0,0]
01-10 13:56:49.518142   986  1001 I sysui_multi_action: [757,803,799,window_time_0,802,0]
01-10 13:56:49.570315  3447  3447 I am_on_resume_called: [0,com.datalogic.scan2deploy.RequireDOActivity,LAUNCH_ACTIVITY]
01-10 13:56:49.580844   986  1173 I force_gc: Binder
01-10 13:56:49.772709   986  1009 I am_activity_launch_time: [0,216367939,com.datalogic.scan2deploy/.RequireDOActivity,258,1101]
01-10 13:56:50.045595   986  1001 I am_stop_activity: [0,78333631,com.datalogic.scan2deploy/.MainActivity]
01-10 13:56:50.046268   986  1001 I am_stop_activity: [0,228250074,com.android.gallery3d/.app.GalleryActivity]
01-10 13:56:50.046785   986  1001 I am_stop_activity: [0,213862766,com.android.music/.MediaPlaybackActivity]
01-10 13:56:50.050547  3205  3205 I am_on_stop_called: [0,com.android.music.MediaPlaybackActivity,handleStopActivity]
01-10 13:56:50.051256  3411  3411 I am_on_stop_called: [0,com.android.gallery3d.app.GalleryActivity,handleStopActivity]
01-10 13:56:50.064375   986   986 I notification_enqueue: [1000,986,android,40,NULL,0,Notification(channel=FOREGROUND_SERVICE pri=0 contentView=null vibrate=null sound=null defaults=0x0 flags=0x2 color=0xff607d8b vis=PRIVATE),1]
01-10 13:56:50.132941  3447  3447 I am_on_stop_called: [0,com.datalogic.scan2deploy.MainActivity,handleStopActivity]
01-10 13:56:50.461000   551   551 I auditd  : type=1400 audit(0.0:393): avc: denied { add_name } for comm="HwBinder:551_2" name="shading_otp" scontext=u:r:mtk_hal_camera:s0 tcontext=u:object_r:system_data_file:s0 tclass=dir permissive=0
01-10 13:56:50.808865   986  3509 I wm_task_created: [382,1]
01-10 13:56:50.809913   986  3509 I wm_task_moved: [382,1,5]
01-10 13:56:50.810475   986  3509 I wm_task_moved: [382,1,5]
01-10 13:56:50.811809   986  3509 I am_create_task: [0,382]
01-10 13:56:50.812023   986  3509 I am_create_activity: [0,46972525,382,com.android.settings/.Settings,android.settings.SETTINGS,NULL,NULL,268435456]
01-10 13:56:50.815764   986  3509 I wm_task_moved: [382,1,5]
01-10 13:56:50.817761   986  3509 I am_pause_activity: [0,216367939,com.datalogic.scan2deploy/.RequireDOActivity]
01-10 13:56:50.825135  3447  3447 I am_on_paused_called: [0,com.datalogic.scan2deploy.RequireDOActivity,handlePauseActivity]
01-10 13:56:50.831379   986  3509 I am_restart_activity: [0,46972525,382,com.android.settings/.Settings]
01-10 13:56:50.834492   986  3509 I am_set_resumed_activity: [0,com.android.settings/.Settings,minimalResumeActivityLocked]
01-10 13:56:50.838527   986  1001 I sysui_count: [window_time_0,2]
01-10 13:56:50.838692   986  1001 I sysui_multi_action: [757,803,799,window_time_0,802,2]
01-10 13:56:50.852151   986  1339 I am_finish_activity: [0,46972525,382,com.android.settings/.Settings,app-request]
01-10 13:56:50.852826   986  1339 I am_pause_activity: [0,46972525,com.android.settings/.Settings]
01-10 13:56:50.854720   986  1001 I sysui_count: [window_time_0,0]
01-10 13:56:50.854881   986  1001 I sysui_multi_action: [757,803,799,window_time_0,802,0]
01-10 13:56:50.872887   986  3509 I am_set_resumed_activity: [0,com.datalogic.scan2deploy/.RequireDOActivity,resumeTopActivityInnerLocked]
01-10 13:56:50.878895   986  3509 I am_resume_activity: [0,216367939,381,com.datalogic.scan2deploy/.RequireDOActivity]
01-10 13:56:50.887001   986  1001 I sysui_count: [window_time_0,0]
01-10 13:56:50.887252   986  1001 I sysui_multi_action: [757,803,799,window_time_0,802,0]
01-10 13:56:50.887855  3447  3447 I am_on_resume_called: [0,com.datalogic.scan2deploy.RequireDOActivity,RESUME_ACTIVITY]
01-10 13:56:50.904765   986   996 I am_destroy_activity: [0,46972525,382,com.android.settings/.Settings,finish-idle]
01-10 13:56:50.908398   986   996 I wm_task_removed: [382,removeAppToken: last token]
01-10 13:56:50.909723   986   996 I wm_task_removed: [382,removeTask]
01-10 13:56:51.461000   551   551 I auditd  : type=1400 audit(0.0:394): avc: denied { add_name } for comm="HwBinder:551_2" name="shading_otp" scontext=u:r:mtk_hal_camera:s0 tcontext=u:object_r:system_data_file:s0 tclass=dir permissive=0
01-10 13:56:52.465000   551   551 I auditd  : type=1400 audit(0.0:395): avc: denied { add_name } for comm="HwBinder:551_2" name="shading_otp" scontext=u:r:mtk_hal_camera:s0 tcontext=u:object_r:system_data_file:s0 tclass=dir permissive=0
01-10 13:56:53.138443   986   996 I sysui_count: [key_back_down,1]
01-10 13:56:53.138636   986   996 I sysui_multi_action: [757,803,799,key_back_down,802,1]
01-10 13:56:53.148967   986   996 I am_finish_activity: [0,216367939,381,com.datalogic.scan2deploy/.RequireDOActivity,app-request]
01-10 13:56:53.151183   986   996 I am_pause_activity: [0,216367939,com.datalogic.scan2deploy/.RequireDOActivity]
01-10 13:56:53.156077   986  1001 I sysui_count: [window_time_0,2]
01-10 13:56:53.156315   986  1001 I sysui_multi_action: [757,803,799,window_time_0,802,2]
01-10 13:56:53.157239  3447  3447 I am_on_paused_called: [0,com.datalogic.scan2deploy.RequireDOActivity,handlePauseActivity]
01-10 13:56:53.161558   986   996 I am_set_resumed_activity: [0,com.datalogic.scan2deploy/.MainActivity,resumeTopActivityInnerLocked]
01-10 13:56:53.163920   986   996 I am_resume_activity: [0,78333631,381,com.datalogic.scan2deploy/.MainActivity]
01-10 13:56:53.167537   986  1001 I sysui_count: [window_time_0,0]
01-10 13:56:53.167783   986  1001 I sysui_multi_action: [757,803,799,window_time_0,802,0]
01-10 13:56:53.169617   986   996 I am_finish_activity: [0,78333631,381,com.datalogic.scan2deploy/.MainActivity,app-request]
01-10 13:56:53.170444   986   996 I am_pause_activity: [0,78333631,com.datalogic.scan2deploy/.MainActivity]
01-10 13:56:53.172575   986  1001 I sysui_count: [window_time_0,0]
01-10 13:56:53.172734   986  1001 I sysui_multi_action: [757,803,799,window_time_0,802,0]
01-10 13:56:53.174773   986   996 I am_set_resumed_activity: [0,com.android.gallery3d/.app.GalleryActivity,resumeTopActivityInnerLocked]
01-10 13:56:53.179303   986   996 I am_resume_activity: [0,228250074,380,com.android.gallery3d/.app.GalleryActivity]
01-10 13:56:53.182745   986  1001 I sysui_count: [window_time_0,0]
01-10 13:56:53.182930   986  1001 I sysui_multi_action: [757,803,799,window_time_0,802,0]
01-10 13:56:53.256324  3411  3411 I am_on_resume_called: [0,com.android.gallery3d.app.GalleryActivity,RESUME_ACTIVITY]
01-10 13:56:53.365067   986  1009 I sysui_multi_action: [319,90,322,2552,325,329,757,761,758,8,759,2,806,com.android.settings,871,com.android.settings.Settings,904,com.datalogic.scan2deploy,905,0]
01-10 13:56:53.465000   551   551 I auditd  : type=1400 audit(0.0:396): avc: denied { add_name } for comm="HwBinder:551_2" name="shading_otp" scontext=u:r:mtk_hal_camera:s0 tcontext=u:object_r:system_data_file:s0 tclass=dir permissive=0
01-10 13:56:53.618804   986  1001 I am_destroy_activity: [0,78333631,381,com.datalogic.scan2deploy/.MainActivity,finish-imm]
01-10 13:56:53.619515   986  1001 I am_destroy_activity: [0,216367939,381,com.datalogic.scan2deploy/.RequireDOActivity,finish-imm]
01-10 13:56:53.623377   986  1001 I am_kill : [0,2568,com.mediatek.engineermode,906,empty #17]
01-10 13:56:53.631427  3447  3447 I am_on_stop_called: [0,com.datalogic.scan2deploy.RequireDOActivity,destroy]
01-10 13:56:53.640797   986  1339 I wm_task_removed: [381,removeAppToken: last token]
01-10 13:56:53.641202   986  1339 I wm_task_removed: [381,removeTask]
01-10 13:56:53.646634   986  1339 I am_proc_died: [0,2568,com.mediatek.engineermode,906,17]
01-10 13:56:54.465000   551   551 I auditd  : type=1400 audit(0.0:397): avc: denied { add_name } for comm="HwBinder:551_2" name="shading_otp" scontext=u:r:mtk_hal_camera:s0 tcontext=u:object_r:system_data_file:s0 tclass=dir permissive=0
01-10 13:56:55.465000   551   551 I auditd  : type=1400 audit(0.0:398): avc: denied { add_name } for comm="HwBinder:551_2" name="shading_otp" scontext=u:r:mtk_hal_camera:s0 tcontext=u:object_r:system_data_file:s0 tclass=dir permissive=0
01-10 13:56:56.089000   540   540 I auditd  : type=1400 audit(0.0:399): avc: denied { read } for comm="generic" path="/storage/emulated/0/Recording/record20200110105819.amr" dev="sdcardfs" ino=786991 scontext=u:r:mediaextractor:s0 tcontext=u:object_r:sdcardfs:s0 tclass=file permissive=0
01-10 13:56:56.171903   986   986 I notification_enqueue: [10080,3205,com.android.music,1,NULL,0,Notification(channel=music_notification_channel pri=0 contentView=com.android.music/0x7f04000f vibrate=null sound=null defaults=0x0 flags=0x42 color=0x00000000 vis=PRIVATE),1]
01-10 13:56:56.225000   540   540 I auditd  : type=1400 audit(0.0:400): avc: denied { read } for comm="generic" path="/storage/emulated/0/Recording/record20200110113508.amr" dev="sdcardfs" ino=787021 scontext=u:r:mediaextractor:s0 tcontext=u:object_r:sdcardfs:s0 tclass=file permissive=0
01-10 13:56:56.290819   986   986 I volume_changed: [3,12,13,15,android]
01-10 13:56:56.292344  1126  1272 I sysui_action: [210,3]
01-10 13:56:56.292531  1126  1272 I sysui_multi_action: [757,210,758,4,759,3]
01-10 13:56:56.297952  1126  1272 I sysui_action: [211,13]
01-10 13:56:56.298112  1126  1272 I sysui_multi_action: [757,211,758,4,759,13]
01-10 13:56:56.310175   986   986 I notification_enqueue: [10080,3205,com.android.music,1,NULL,0,Notification(channel=music_notification_channel pri=0 contentView=com.android.music/0x7f04000f vibrate=null sound=null defaults=0x0 flags=0x42 color=0x00000000 vis=PRIVATE),1]
01-10 13:56:56.311304  1126  1126 I sysui_view_visibility: [207,100]
01-10 13:56:56.311489  1126  1126 I sysui_multi_action: [757,207,758,1]
01-10 13:56:56.311585  1126  1126 I sysui_histogram: [volume_from_keyguard,0]
01-10 13:56:56.311646  1126  1126 I sysui_multi_action: [757,804,799,volume_from_keyguard,801,0,802,1]
01-10 13:56:56.465000   551   551 I auditd  : type=1400 audit(0.0:401): avc: denied { add_name } for comm="HwBinder:551_2" name="shading_otp" scontext=u:r:mtk_hal_camera:s0 tcontext=u:object_r:system_data_file:s0 tclass=dir permissive=0
01-10 13:56:57.465000   551   551 I auditd  : type=1400 audit(0.0:402): avc: denied { add_name } for comm="HwBinder:551_2" name="shading_otp" scontext=u:r:mtk_hal_camera:s0 tcontext=u:object_r:system_data_file:s0 tclass=dir permissive=0
01-10 13:56:57.996384  1126  1126 I sysui_view_visibility: [207,0]
01-10 13:56:57.996618  1126  1126 I sysui_multi_action: [757,207,758,2]
01-10 13:56:57.997916  1126  1272 I sysui_action: [210,-1]
01-10 13:56:57.998124  1126  1272 I sysui_multi_action: [757,210,758,4,759,-1]
01-10 13:56:58.465000   551   551 I auditd  : type=1400 audit(0.0:403): avc: denied { add_name } for comm="HwBinder:551_2" name="shading_otp" scontext=u:r:mtk_hal_camera:s0 tcontext=u:object_r:system_data_file:s0 tclass=dir permissive=0
01-10 13:57:53.621925   986  1001 I am_uid_idle: 10064
01-10 13:57:54.509000   551   551 I auditd  : type=1400 audit(0.0:459): avc: denied { add_name } for comm="HwBinder:551_2" name="shading_otp" scontext=u:r:mtk_hal_camera:s0 tcontext=u:object_r:system_data_file:s0 tclass=dir permissive=0
01-10 13:57:58.513000   551   551 I chatty  : uid=1047(cameraserver) /vendor/bin/hw/camerahalserver identical 4 lines
01-10 13:57:59.513000   551   551 I auditd  : type=1400 audit(0.0:464): avc: denied { add_name } for comm="HwBinder:551_2" name="shading_otp" scontext=u:r:mtk_hal_camera:s0 tcontext=u:object_r:system_data_file:s0 tclass=dir permissive=0
01-10 13:58:00.128461   986  1000 I am_pss  : [3411,10054,com.android.gallery3d,59749376,50469888,0]
01-10 13:58:00.194264   986  1000 I am_pss  : [3205,10080,com.android.music,37819392,28999680,0]
01-10 13:58:00.246109   986  1000 I am_pss  : [3447,10064,com.datalogic.scan2deploy,29309952,22077440,0]
01-10 13:58:00.282803   986  1000 I am_pss  : [3152,10015,android.process.media,9363456,6479872,0]
01-10 13:58:00.318730   986  1000 I am_pss  : [1340,1000,com.android.settings,24028160,16130048,0]
01-10 13:58:00.517000   551   551 I auditd  : type=1400 audit(0.0:465): avc: denied { add_name } for comm="HwBinder:551_2" name="shading_otp" scontext=u:r:mtk_hal_camera:s0 tcontext=u:object_r:system_data_file:s0 tclass=dir permissive=0
01-10 13:59:25.577000   551   551 I chatty  : uid=1047(cameraserver) /vendor/bin/hw/camerahalserver identical 85 lines
01-10 13:59:26.577000   551   551 I auditd  : type=1400 audit(0.0:551): avc: denied { add_name } for comm="HwBinder:551_2" name="shading_otp" scontext=u:r:mtk_hal_camera:s0 tcontext=u:object_r:system_data_file:s0 tclass=dir permissive=0
01-10 13:59:27.421000  3631  3631 I auditd  : type=1400 audit(0.0:552): avc: denied { getattr } for comm="ls" path="/data/core" dev="dm-2" ino=122881 scontext=u:r:shell:s0 tcontext=u:object_r:aee_core_data_file:s0 tclass=dir permissive=0
01-10 13:59:27.425000  3631  3631 I auditd  : type=1400 audit(0.0:553): avc: denied { getattr } for comm="ls" path="/data/tombstones" dev="dm-2" ino=1228801 scontext=u:r:shell:s0 tcontext=u:object_r:tombstone_data_file:s0 tclass=dir permissive=0
01-10 13:59:27.577000   551   551 I auditd  : type=1400 audit(0.0:555): avc: denied { add_name } for comm="HwBinder:551_2" name="shading_otp" scontext=u:r:mtk_hal_camera:s0 tcontext=u:object_r:system_data_file:s0 tclass=dir permissive=0
01-10 13:59:27.643097   986  1339 I wm_task_created: [383,1]
01-10 13:59:27.643696   986  1339 I wm_task_moved: [383,1,4]
01-10 13:59:27.643958   986  1339 I wm_task_moved: [383,1,4]
01-10 13:59:27.644594   986  1339 I am_create_task: [0,383]
01-10 13:59:27.644659   986  1339 I am_create_activity: [0,170338,383,com.android.soundrecorder/.SoundRecorder,android.intent.action.MAIN,NULL,NULL,270532608]
01-10 13:59:27.647844   986  1339 I wm_task_moved: [383,1,4]
01-10 13:59:27.649761   986  1339 I am_pause_activity: [0,228250074,com.android.gallery3d/.app.GalleryActivity]
01-10 13:59:27.697178  3411  3411 I am_on_paused_called: [0,com.android.gallery3d.app.GalleryActivity,handlePauseActivity]
01-10 13:59:27.698277   986   996 I am_uid_running: 10079
01-10 13:59:27.715496   986   996 I am_proc_start: [0,3643,10079,com.android.soundrecorder,activity,com.android.soundrecorder/.SoundRecorder]
01-10 13:59:27.731837   986  1339 I am_proc_bound: [0,3643,com.android.soundrecorder]
01-10 13:59:27.736657   986  1339 I am_uid_active: 10079
01-10 13:59:27.736863   986  1339 I am_restart_activity: [0,170338,383,com.android.soundrecorder/.SoundRecorder]
01-10 13:59:27.739320   986  1339 I am_set_resumed_activity: [0,com.android.soundrecorder/.SoundRecorder,minimalResumeActivityLocked]
01-10 13:59:27.829000   389   389 I auditd  : type=1400 audit(0.0:556): avc: denied { read } for comm="Dispatcher_0" name="boot_mode" dev="sysfs" ino=5378 scontext=u:r:hal_graphics_composer_default:s0 tcontext=u:object_r:sysfs:s0 tclass=file permissive=0
01-10 13:59:27.888816  3643  3643 I am_on_resume_called: [0,com.android.soundrecorder.SoundRecorder,LAUNCH_ACTIVITY]
01-10 13:59:28.022975   986  1009 I sysui_multi_action: [319,136,321,83,322,382,325,485,757,761,758,7,759,1,806,com.android.soundrecorder,871,com.android.soundrecorder.SoundRecorder,905,0,945,97]
01-10 13:59:28.023279   986  1009 I am_activity_launch_time: [0,170338,com.android.soundrecorder/.SoundRecorder,319,157191]
01-10 13:59:28.078176   986   996 I wm_task_created: [384,1]
01-10 13:59:28.079450   986   996 I wm_task_moved: [384,1,5]
01-10 13:59:28.079937   986   996 I wm_task_moved: [384,1,5]
01-10 13:59:28.080804   986   996 I am_create_task: [0,384]
01-10 13:59:28.080926   986   996 I am_create_activity: [0,694075,384,com.android.launcher3/.Launcher,android.intent.action.MAIN,NULL,NULL,270532608]
01-10 13:59:28.083110   986   996 I wm_task_moved: [384,1,5]
01-10 13:59:28.084715   986   996 I am_pause_activity: [0,170338,com.android.soundrecorder/.SoundRecorder]
01-10 13:59:28.085563  3643  3643 I am_on_paused_called: [0,com.android.soundrecorder.SoundRecorder,handlePauseActivity]
01-10 13:59:28.095689   986  1173 I am_restart_activity: [0,694075,384,com.android.launcher3/.Launcher]
01-10 13:59:28.098434   986  1173 I am_set_resumed_activity: [0,com.android.launcher3/.Launcher,minimalResumeActivityLocked]
01-10 13:59:28.116398   986  1001 I sysui_count: [window_time_0,155]
01-10 13:59:28.116609   986  1001 I sysui_multi_action: [757,803,799,window_time_0,802,155]
01-10 13:59:28.448244  1721  1721 I am_on_resume_called: [0,com.android.launcher3.Launcher,LAUNCH_ACTIVITY]
01-10 13:59:28.552837   986  1009 I sysui_multi_action: [319,115,321,63,322,477,325,486,757,761,758,8,759,1,806,com.android.launcher3,871,com.android.launcher3.Launcher,905,0]
01-10 13:59:28.552927   986  1009 I am_activity_launch_time: [0,694075,com.android.launcher3/.Launcher,460,460]
01-10 13:59:28.581000   551   551 I auditd  : type=1400 audit(0.0:557): avc: denied { add_name } for comm="HwBinder:551_2" name="shading_otp" scontext=u:r:mtk_hal_camera:s0 tcontext=u:object_r:system_data_file:s0 tclass=dir permissive=0
01-10 13:59:28.598058   986  1173 I am_stop_activity: [0,170338,com.android.soundrecorder/.SoundRecorder]
01-10 13:59:28.598417   986  1173 I am_stop_activity: [0,228250074,com.android.gallery3d/.app.GalleryActivity]
01-10 13:59:28.602251  3411  3411 I am_on_stop_called: [0,com.android.gallery3d.app.GalleryActivity,handleStopActivity]
01-10 13:59:28.613896  3643  3643 I am_on_stop_called: [0,com.android.soundrecorder.SoundRecorder,handleStopActivity]
01-10 13:59:28.666562   986  3696 I sysui_count: [key_back_down,1]
01-10 13:59:28.666645   986  3696 I sysui_multi_action: [757,803,799,key_back_down,802,1]
01-10 13:59:29.150771   986  1050 I wm_task_created: [385,1]
01-10 13:59:29.151488   986  1050 I wm_task_moved: [385,1,6]
01-10 13:59:29.151767   986  1050 I wm_task_moved: [385,1,6]
01-10 13:59:29.152524   986  1050 I am_create_task: [0,385]
01-10 13:59:29.152606   986  1050 I am_create_activity: [0,259243174,385,com.android.email/.activity.Welcome,android.intent.action.MAIN,NULL,NULL,270532608]
01-10 13:59:29.155441   986  1050 I wm_task_moved: [385,1,6]
01-10 13:59:29.157155   986  1050 I am_pause_activity: [0,694075,com.android.launcher3/.Launcher]
01-10 13:59:29.169528  1721  1721 I am_on_paused_called: [0,com.android.launcher3.Launcher,handlePauseActivity]
01-10 13:59:29.176126   986  1173 I am_uid_active: 10052
01-10 13:59:29.176292   986  1173 I am_restart_activity: [0,259243174,385,com.android.email/.activity.Welcome]
01-10 13:59:29.182984   986  1173 I am_set_resumed_activity: [0,com.android.email/.activity.Welcome,minimalResumeActivityLocked]
01-10 13:59:29.190014   986  1001 I sysui_count: [window_time_0,1]
01-10 13:59:29.190205   986  1001 I sysui_multi_action: [757,803,799,window_time_0,802,1]
01-10 13:59:29.386123  2239  2239 I am_on_resume_called: [0,com.android.email.activity.Welcome,LAUNCH_ACTIVITY]
01-10 13:59:29.409521   986  3696 I wm_task_moved: [385,1,6]
01-10 13:59:29.410499   986  3696 I am_create_activity: [0,200547173,385,com.android.email/.activity.setup.AccountSetupFinal,NULL,NULL,NULL,0]
01-10 13:59:29.413120   986  3696 I am_pause_activity: [0,259243174,com.android.email/.activity.Welcome]
01-10 13:59:29.453878  2239  2239 I am_on_paused_called: [0,com.android.email.activity.Welcome,handlePauseActivity]
01-10 13:59:29.458080   986  1050 I am_restart_activity: [0,200547173,385,com.android.email/.activity.setup.AccountSetupFinal]
01-10 13:59:29.460801   986  1050 I am_set_resumed_activity: [0,com.android.email/.activity.setup.AccountSetupFinal,minimalResumeActivityLocked]
01-10 13:59:29.468240   986  1001 I sysui_count: [window_time_0,0]
01-10 13:59:29.468421   986  1001 I sysui_multi_action: [757,803,799,window_time_0,802,0]
01-10 13:59:29.581000   551   551 I auditd  : type=1400 audit(0.0:558): avc: denied { add_name } for comm="HwBinder:551_2" name="shading_otp" scontext=u:r:mtk_hal_camera:s0 tcontext=u:object_r:system_data_file:s0 tclass=dir permissive=0
01-10 13:59:29.583196   986  1173 I am_uid_active: 10002
01-10 13:59:29.584914  2239  2239 I am_on_resume_called: [0,com.android.email.activity.setup.AccountSetupFinal,LAUNCH_ACTIVITY]
01-10 13:59:29.663688   986  1009 I sysui_multi_action: [319,79,321,60,322,521,325,487,757,761,758,8,759,1,806,com.android.email,871,com.android.email.activity.setup.AccountSetupFinal,904,com.android.email,905,0]
01-10 13:59:29.663813   986  1009 I am_activity_launch_time: [0,200547173,com.android.email/.activity.setup.AccountSetupFinal,207,491]
01-10 13:59:29.702717   986  3696 I am_stop_activity: [0,259243174,com.android.email/.activity.Welcome]
01-10 13:59:29.703245   986  3696 I am_stop_activity: [0,694075,com.android.launcher3/.Launcher]
01-10 13:59:29.708956  1721  1721 I am_on_stop_called: [0,com.android.launcher3.Launcher,handleStopActivity]
01-10 13:59:29.710249  2239  2239 I am_on_stop_called: [0,com.android.email.activity.Welcome,handleStopActivity]
01-10 13:59:30.581000   551   551 I auditd  : type=1400 audit(0.0:559): avc: denied { add_name } for comm="HwBinder:551_2" name="shading_otp" scontext=u:r:mtk_hal_camera:s0 tcontext=u:object_r:system_data_file:s0 tclass=dir permissive=0
01-10 13:59:58.601000   551   551 I chatty  : uid=1047(cameraserver) /vendor/bin/hw/camerahalserver identical 28 lines
01-10 13:59:59.601000   551   551 I auditd  : type=1400 audit(0.0:588): avc: denied { add_name } for comm="HwBinder:551_2" name="shading_otp" scontext=u:r:mtk_hal_camera:s0 tcontext=u:object_r:system_data_file:s0 tclass=dir permissive=0
01-10 14:00:00.158099   986  1000 I am_pss  : [2239,10052,com.android.email,45252608,38084608,0]
01-10 14:00:00.229400   986  1000 I am_pss  : [1721,10018,com.android.launcher3,50949120,36794368,0]
01-10 14:00:00.278981   986  1000 I am_pss  : [3643,10079,com.android.soundrecorder,21294080,16273408,0]
01-10 14:00:00.324631   986  1000 I am_pss  : [3411,10054,com.android.gallery3d,35041280,26992640,0]
01-10 14:00:00.356886   986  1000 I am_pss  : [1956,10002,android.process.acore,12412928,9224192,0]
01-10 14:00:00.388316   986  1000 I am_pss  : [3152,10015,android.process.media,9245696,6483968,0]
01-10 14:00:00.601000   551   551 I auditd  : type=1400 audit(0.0:589): avc: denied { add_name } for comm="HwBinder:551_2" name="shading_otp" scontext=u:r:mtk_hal_camera:s0 tcontext=u:object_r:system_data_file:s0 tclass=dir permissive=0
01-10 14:00:26.621000   551   551 I chatty  : uid=1047(cameraserver) /vendor/bin/hw/camerahalserver identical 26 lines
01-10 14:00:27.621000   551   551 I auditd  : type=1400 audit(0.0:616): avc: denied { add_name } for comm="HwBinder:551_2" name="shading_otp" scontext=u:r:mtk_hal_camera:s0 tcontext=u:object_r:system_data_file:s0 tclass=dir permissive=0
01-10 14:00:28.603924   986  1001 I am_uid_idle: 10079
01-10 14:00:28.604875   986  1001 I am_uid_idle: 10054
01-10 14:00:28.621000   551   551 I auditd  : type=1400 audit(0.0:617): avc: denied { add_name } for comm="HwBinder:551_2" name="shading_otp" scontext=u:r:mtk_hal_camera:s0 tcontext=u:object_r:system_data_file:s0 tclass=dir permissive=0
01-10 14:01:01.645000   551   551 I chatty  : uid=1047(cameraserver) /vendor/bin/hw/camerahalserver identical 33 lines
01-10 14:01:02.645000   551   551 I auditd  : type=1400 audit(0.0:651): avc: denied { add_name } for comm="HwBinder:551_2" name="shading_otp" scontext=u:r:mtk_hal_camera:s0 tcontext=u:object_r:system_data_file:s0 tclass=dir permissive=0
01-10 14:01:02.745000  3858  3858 I auditd  : type=1400 audit(0.0:652): avc: denied { getattr } for comm="ls" path="/data/core" dev="dm-2" ino=122881 scontext=u:r:shell:s0 tcontext=u:object_r:aee_core_data_file:s0 tclass=dir permissive=0
01-10 14:01:02.745000  3858  3858 I auditd  : type=1400 audit(0.0:653): avc: denied { getattr } for comm="ls" path="/data/tombstones" dev="dm-2" ino=1228801 scontext=u:r:shell:s0 tcontext=u:object_r:tombstone_data_file:s0 tclass=dir permissive=0
01-10 14:01:02.980315   986  3509 I wm_task_created: [386,1]
01-10 14:01:02.981016   986  3509 I wm_task_moved: [386,1,7]
01-10 14:01:02.981179   986  3509 I wm_task_moved: [386,1,7]
01-10 14:01:02.982023   986  3509 I am_create_task: [0,386]
01-10 14:01:02.982082   986  3509 I am_create_activity: [0,7187631,386,com.gears42.surelock/.ClearDefaultsActivity,android.intent.action.MAIN,NULL,NULL,278921216]
01-10 14:01:02.984603   986  3509 I wm_task_moved: [386,1,7]
01-10 14:01:02.986337   986  3509 I am_pause_activity: [0,200547173,com.android.email/.activity.setup.AccountSetupFinal]
01-10 14:01:02.993828  2239  2239 I am_on_paused_called: [0,com.android.email.activity.setup.AccountSetupFinal,handlePauseActivity]
01-10 14:01:03.000851   986   996 I am_restart_activity: [0,7187631,386,com.gears42.surelock/.ClearDefaultsActivity]
01-10 14:01:03.004186   986   996 I am_set_resumed_activity: [0,com.gears42.surelock/.ClearDefaultsActivity,minimalResumeActivityLocked]
01-10 14:01:03.026356   986  1001 I sysui_count: [window_time_0,94]
01-10 14:01:03.026516   986  1001 I sysui_multi_action: [757,803,799,window_time_0,802,94]
01-10 14:01:03.131358   986  3696 I wm_task_created: [387,1]
01-10 14:01:03.132019   986  3696 I wm_task_moved: [387,1,8]
01-10 14:01:03.132362   986  3696 I wm_task_moved: [387,1,8]
01-10 14:01:03.134763   986  3696 I am_create_task: [0,387]
01-10 14:01:03.134905   986  3696 I am_create_activity: [0,154498466,387,com.gears42.surelock/.permissions_screens.SureLockPermissionsListStatusActivity,NULL,NULL,NULL,268435456]
01-10 14:01:03.137667   986  3696 I wm_task_moved: [387,1,8]
01-10 14:01:03.140010   986  3696 I am_pause_activity: [0,7187631,com.gears42.surelock/.ClearDefaultsActivity]
01-10 14:01:03.149847   986  3696 I am_finish_activity: [0,7187631,386,com.gears42.surelock/.ClearDefaultsActivity,app-request]
01-10 14:01:03.152258  1730  1730 I am_on_resume_called: [0,com.gears42.surelock.ClearDefaultsActivity,LAUNCH_ACTIVITY]
01-10 14:01:03.155316   986  1001 I sysui_count: [window_time_0,0]
01-10 14:01:03.155736   986  1001 I sysui_multi_action: [757,803,799,window_time_0,802,0]
01-10 14:01:03.157340  1730  1730 I am_on_paused_called: [0,com.gears42.surelock.ClearDefaultsActivity,handlePauseActivity]
01-10 14:01:03.172400   986  1050 I am_restart_activity: [0,154498466,387,com.gears42.surelock/.permissions_screens.SureLockPermissionsListStatusActivity]
01-10 14:01:03.173548   986  1050 I am_set_resumed_activity: [0,com.gears42.surelock/.permissions_screens.SureLockPermissionsListStatusActivity,minimalResumeActivityLocked]
01-10 14:01:03.189131   986  1001 I sysui_count: [window_time_0,0]
01-10 14:01:03.189310   986  1001 I sysui_multi_action: [757,803,799,window_time_0,802,0]
01-10 14:01:03.296220   986  3509 I wm_task_created: [388,1]
01-10 14:01:03.296743   986  3509 I wm_task_moved: [388,1,9]
01-10 14:01:03.297050   986  3509 I wm_task_moved: [388,1,9]
01-10 14:01:03.297866   986  3509 I am_create_task: [0,388]
01-10 14:01:03.297963   986  3509 I am_create_activity: [0,266440347,388,com.android.eainstaller/.EAInstallActivity,NULL,NULL,NULL,268435456]
01-10 14:01:03.298861   986  3509 I wm_task_moved: [388,1,9]
01-10 14:01:03.300629   986  3509 I am_pause_activity: [0,154498466,com.gears42.surelock/.permissions_screens.SureLockPermissionsListStatusActivity]
01-10 14:01:03.307957  1730  1730 I am_on_resume_called: [0,com.gears42.surelock.permissions_screens.SureLockPermissionsListStatusActivity,LAUNCH_ACTIVITY]
01-10 14:01:03.323219  1730  1730 I am_on_paused_called: [0,com.gears42.surelock.permissions_screens.SureLockPermissionsListStatusActivity,handlePauseActivity]
01-10 14:01:03.325963   986  3696 I am_uid_running: 10043
01-10 14:01:03.341055   986  3696 I am_proc_start: [0,3879,10043,com.android.eainstaller,activity,com.android.eainstaller/.EAInstallActivity]
01-10 14:01:03.358292   986  3696 I am_proc_bound: [0,3879,com.android.eainstaller]
01-10 14:01:03.367835   986  3696 I am_uid_active: 10043
01-10 14:01:03.368071   986  3696 I am_restart_activity: [0,266440347,388,com.android.eainstaller/.EAInstallActivity]
01-10 14:01:03.376338   986  3696 I am_set_resumed_activity: [0,com.android.eainstaller/.EAInstallActivity,minimalResumeActivityLocked]
01-10 14:01:03.462113   986  3696 I am_finish_activity: [0,266440347,388,com.android.eainstaller/.EAInstallActivity,app-request]
01-10 14:01:03.463005   986  3696 I am_pause_activity: [0,266440347,com.android.eainstaller/.EAInstallActivity]
01-10 14:01:03.465634   986  1001 I sysui_count: [window_time_0,0]
01-10 14:01:03.465798   986  1001 I sysui_multi_action: [757,803,799,window_time_0,802,0]
01-10 14:01:03.481029   986   986 I notification_enqueue: [1000,986,android,40,NULL,0,Notification(channel=FOREGROUND_SERVICE pri=0 contentView=null vibrate=null sound=null defaults=0x0 flags=0x2 color=0xff607d8b vis=PRIVATE),1]
01-10 14:01:03.484443   986  1050 I am_set_resumed_activity: [0,com.gears42.surelock/.permissions_screens.SureLockPermissionsListStatusActivity,resumeTopActivityInnerLocked]
01-10 14:01:03.488557   986  1050 I am_resume_activity: [0,154498466,387,com.gears42.surelock/.permissions_screens.SureLockPermissionsListStatusActivity]
01-10 14:01:03.503342   986   986 I notification_enqueue: [10043,3879,com.android.eainstaller,1,NULL,0,Notification(channel=my_channel_01 pri=0 contentView=null vibrate=null sound=null defaults=0x0 flags=0x40 color=0xff607d8b vis=PRIVATE),0]
01-10 14:01:03.505800   986   986 I sysui_multi_action: [757,199,758,1,759,2,793,4,794,0,795,4,796,1,806,com.android.eainstaller,857,my_channel_01,858,3,947,0]
01-10 14:01:03.505957   986   986 I notification_alert: [0|com.android.eainstaller|1|null|10043,0,1,0]
01-10 14:01:03.506737   986   986 I sysui_multi_action: [757,128,758,5,759,8,793,5,794,0,795,5,796,1,806,com.android.eainstaller,857,my_channel_01,858,3,947,0]
01-10 14:01:03.506918   986   986 I notification_canceled: [0|com.android.eainstaller|1|null|10043,8,5,5,0,NULL]
01-10 14:01:03.507221   986  1001 I sysui_count: [window_time_0,0]
01-10 14:01:03.507326   986  1001 I sysui_multi_action: [757,803,799,window_time_0,802,0]
01-10 14:01:03.513919   986   986 I notification_enqueue: [1000,986,android,40,NULL,0,Notification(channel=FOREGROUND_SERVICE pri=0 contentView=null vibrate=null sound=null defaults=0x0 flags=0x2 color=0xff607d8b vis=PRIVATE),1]
01-10 14:01:03.599708   986  1009 I sysui_multi_action: [319,76,321,57,322,620,325,581,757,761,758,8,759,1,806,com.android.eainstaller,871,com.android.eainstaller.EAInstallActivity,904,com.gears42.surelock,905,0,945,387]
01-10 14:01:03.605975  1730  1730 I am_on_resume_called: [0,com.gears42.surelock.permissions_screens.SureLockPermissionsListStatusActivity,RESUME_ACTIVITY]
01-10 14:01:03.645000   551   551 I auditd  : type=1400 audit(0.0:655): avc: denied { add_name } for comm="HwBinder:551_2" name="shading_otp" scontext=u:r:mtk_hal_camera:s0 tcontext=u:object_r:system_data_file:s0 tclass=dir permissive=0
01-10 14:01:03.688817   986  1050 I am_destroy_activity: [0,266440347,388,com.android.eainstaller/.EAInstallActivity,finish-imm]
01-10 14:01:03.691217   986  1050 I am_destroy_activity: [0,7187631,386,com.gears42.surelock/.ClearDefaultsActivity,finish-imm]
01-10 14:01:03.691577   986  1050 I am_stop_activity: [0,200547173,com.android.email/.activity.setup.AccountSetupFinal]
01-10 14:01:03.692260  1730  1730 I am_on_stop_called: [0,com.gears42.surelock.ClearDefaultsActivity,destroy]
01-10 14:01:03.695856  2239  2239 I am_on_stop_called: [0,com.android.email.activity.setup.AccountSetupFinal,handleStopActivity]
01-10 14:01:03.706556   986  3696 I wm_task_removed: [388,removeAppToken: last token]
01-10 14:01:03.706885   986  3696 I wm_task_removed: [388,removeTask]
01-10 14:01:03.707784   986  3696 I wm_task_removed: [386,removeAppToken: last token]
01-10 14:01:03.708014   986  3696 I wm_task_removed: [386,removeTask]
01-10 14:01:04.437005   986  3696 I wm_task_created: [389,1]
01-10 14:01:04.437606   986  3696 I wm_task_moved: [389,1,8]
01-10 14:01:04.437936   986  3696 I wm_task_moved: [389,1,8]
01-10 14:01:04.440144   986  3696 I am_create_task: [0,389]
01-10 14:01:04.440369   986  3696 I am_create_activity: [0,68617055,389,com.android.packageinstaller/.InstallStart,android.intent.action.VIEW,application/vnd.android.package-archive,content://com.android.eainstaller.provider/files/EADec.apk,276824067]
01-10 14:01:04.442441   986  3696 I wm_task_moved: [389,1,8]
01-10 14:01:04.444285   986  3696 I am_pause_activity: [0,154498466,com.gears42.surelock/.permissions_screens.SureLockPermissionsListStatusActivity]
01-10 14:01:04.645000   551   551 I auditd  : type=1400 audit(0.0:656): avc: denied { add_name } for comm="HwBinder:551_2" name="shading_otp" scontext=u:r:mtk_hal_camera:s0 tcontext=u:object_r:system_data_file:s0 tclass=dir permissive=0
01-10 14:01:04.947958   986  1001 I am_uid_running: 10019
01-10 14:01:04.962851   986  1001 I am_proc_start: [0,3933,10019,com.android.packageinstaller,activity,com.android.packageinstaller/.InstallStart]
01-10 14:01:04.967437   986  1001 I sysui_count: [window_time_0,2]
01-10 14:01:04.967643   986  1001 I sysui_multi_action: [757,803,799,window_time_0,802,2]
01-10 14:01:04.977444   986  3696 I am_proc_bound: [0,3933,com.android.packageinstaller]
01-10 14:01:04.984422   986  3696 I am_uid_active: 10019
01-10 14:01:04.984597   986  3696 I am_restart_activity: [0,68617055,389,com.android.packageinstaller/.InstallStart]
01-10 14:01:04.987547   986  3696 I am_set_resumed_activity: [0,com.android.packageinstaller/.InstallStart,minimalResumeActivityLocked]
01-10 14:01:05.067785   986  1050 I wm_task_moved: [389,1,8]
01-10 14:01:05.069030   986  1050 I am_create_activity: [0,173530056,389,com.android.packageinstaller/.InstallStaging,android.intent.action.VIEW,application/vnd.android.package-archive,content://com.android.eainstaller.provider/files/EADec.apk,33554432]
01-10 14:01:05.070956   986  1050 I am_pause_activity: [0,68617055,com.android.packageinstaller/.InstallStart]
01-10 14:01:05.080121   986  1050 I am_finish_activity: [0,68617055,389,com.android.packageinstaller/.InstallStart,app-request]
01-10 14:01:05.082188   986  1001 I sysui_count: [window_time_0,0]
01-10 14:01:05.082367   986  1001 I sysui_multi_action: [757,803,799,window_time_0,802,0]
01-10 14:01:05.094792   986  3509 I am_restart_activity: [0,173530056,389,com.android.packageinstaller/.InstallStaging]
01-10 14:01:05.096515   986  3509 I am_set_resumed_activity: [0,com.android.packageinstaller/.InstallStaging,minimalResumeActivityLocked]
01-10 14:01:05.104805   986  1001 I sysui_count: [window_time_0,0]
01-10 14:01:05.104980   986  1001 I sysui_multi_action: [757,803,799,window_time_0,802,0]
01-10 14:01:05.126328  3933  3933 I am_on_resume_called: [0,com.android.packageinstaller.InstallStaging,LAUNCH_ACTIVITY]
01-10 14:01:05.186711   986   996 I wm_task_moved: [389,1,8]
01-10 14:01:05.188117   986   996 I am_create_activity: [0,242386270,389,com.android.packageinstaller/.PackageInstallerActivity,android.intent.action.VIEW,NULL,file:///data/user_de/0/com.android.packageinstaller/no_backup/package5951755726525534173.apk,65536]
01-10 14:01:05.191705   986   996 I am_pause_activity: [0,173530056,com.android.packageinstaller/.InstallStaging]
01-10 14:01:05.233181  3933  3933 I am_on_paused_called: [0,com.android.packageinstaller.InstallStaging,handlePauseActivity]
01-10 14:01:05.238991   986  3696 I am_restart_activity: [0,242386270,389,com.android.packageinstaller/.PackageInstallerActivity]
01-10 14:01:05.241829   986  3696 I am_set_resumed_activity: [0,com.android.packageinstaller/.PackageInstallerActivity,minimalResumeActivityLocked]
01-10 14:01:05.250413   986  1001 I sysui_count: [window_time_0,0]
01-10 14:01:05.250604   986  1001 I sysui_multi_action: [757,803,799,window_time_0,802,0]
01-10 14:01:05.253970   986  1009 I sysui_multi_action: [319,587,321,543,322,813,325,582,757,761,758,7,759,1,806,com.android.packageinstaller,871,com.android.packageinstaller.PackageInstallerActivity,904,com.android.packageinstaller,905,0,945,555]
01-10 14:01:05.299771   986   996 I am_finish_activity: [0,242386270,389,com.android.packageinstaller/.PackageInstallerActivity,app-request]
01-10 14:01:05.300646   986   996 I am_pause_activity: [0,242386270,com.android.packageinstaller/.PackageInstallerActivity]
01-10 14:01:05.305159   986  1001 I sysui_count: [window_time_0,0]
01-10 14:01:05.305386   986  1001 I sysui_multi_action: [757,803,799,window_time_0,802,0]
01-10 14:01:05.311322   986   996 I am_set_resumed_activity: [0,com.android.packageinstaller/.InstallStaging,resumeTopActivityInnerLocked]
01-10 14:01:05.313103   986   996 I am_resume_activity: [0,173530056,389,com.android.packageinstaller/.InstallStaging]
01-10 14:01:05.322658   986  1001 I sysui_count: [window_time_0,0]
01-10 14:01:05.322879   986  1001 I sysui_multi_action: [757,803,799,window_time_0,802,0]
01-10 14:01:05.352823   986  3696 I am_finish_activity: [0,173530056,389,com.android.packageinstaller/.InstallStaging,app-request]
01-10 14:01:05.353646   986  3696 I am_pause_activity: [0,173530056,com.android.packageinstaller/.InstallStaging]
01-10 14:01:05.355698   986  1001 I sysui_count: [window_time_0,0]
01-10 14:01:05.355866   986  1001 I sysui_multi_action: [757,803,799,window_time_0,802,0]
01-10 14:01:05.370079   986  3696 I am_set_resumed_activity: [0,com.gears42.surelock/.permissions_screens.SureLockPermissionsListStatusActivity,resumeTopActivityInnerLocked]
01-10 14:01:05.374038   986  3696 I am_resume_activity: [0,154498466,387,com.gears42.surelock/.permissions_screens.SureLockPermissionsListStatusActivity]
01-10 14:01:05.407387   986  1001 I sysui_count: [window_time_0,0]
01-10 14:01:05.407579   986  1001 I sysui_multi_action: [757,803,799,window_time_0,802,0]
