01-10 14:08:40.841000   869   869 I auditd  : type=1400 audit(0.0:1276): avc: denied { open } for comm="aee_aed" path="/sys/kernel/debug/tracing/tracing_on" dev="tracefs" ino=3087 scontext=u:r:aee_aed:s0 tcontext=u:object_r:debugfs_tracing:s0 tclass=file permissive=0
01-10 14:08:40.849000   869   869 I auditd  : type=1400 audit(0.0:1277): avc: denied { open } for comm="aee_aed" path="/sys/kernel/debug/tracing/tracing_on" dev="tracefs" ino=3087 scontext=u:r:aee_aed:s0 tcontext=u:object_r:debugfs_tracing:s0 tclass=file permissive=0
01-10 14:08:40.989000   551   551 I auditd  : type=1400 audit(0.0:1278): avc: denied { add_name } for comm="HwBinder:551_2" name="shading_otp" scontext=u:r:mtk_hal_camera:s0 tcontext=u:object_r:system_data_file:s0 tclass=dir permissive=0
01-10 14:08:43.993000   551   551 I chatty  : uid=1047(cameraserver) /vendor/bin/hw/camerahalserver identical 3 lines
01-10 14:08:44.993000   551   551 I auditd  : type=1400 audit(0.0:1282): avc: denied { add_name } for comm="HwBinder:551_2" name="shading_otp" scontext=u:r:mtk_hal_camera:s0 tcontext=u:object_r:system_data_file:s0 tclass=dir permissive=0
01-10 14:08:45.901000   869   869 I auditd  : type=1400 audit(0.0:1283): avc: denied { open } for comm="aee_aed" path="/sys/kernel/debug/tracing/tracing_on" dev="tracefs" ino=3087 scontext=u:r:aee_aed:s0 tcontext=u:object_r:debugfs_tracing:s0 tclass=file permissive=0
01-10 14:08:45.909000   869   869 I auditd  : type=1400 audit(0.0:1284): avc: denied { open } for comm="aee_aed" path="/sys/kernel/debug/tracing/tracing_on" dev="tracefs" ino=3087 scontext=u:r:aee_aed:s0 tcontext=u:object_r:debugfs_tracing:s0 tclass=file permissive=0
01-10 14:08:45.993000   551   551 I auditd  : type=1400 audit(0.0:1285): avc: denied { add_name } for comm="HwBinder:551_2" name="shading_otp" scontext=u:r:mtk_hal_camera:s0 tcontext=u:object_r:system_data_file:s0 tclass=dir permissive=0
01-10 14:08:48.993000   551   551 I chatty  : uid=1047(cameraserver) /vendor/bin/hw/camerahalserver identical 3 lines
01-10 14:08:49.997000   551   551 I auditd  : type=1400 audit(0.0:1289): avc: denied { add_name } for comm="HwBinder:551_2" name="shading_otp" scontext=u:r:mtk_hal_camera:s0 tcontext=u:object_r:system_data_file:s0 tclass=dir permissive=0
01-10 14:08:50.953000   869   869 I auditd  : type=1400 audit(0.0:1290): avc: denied { open } for comm="aee_aed" path="/sys/kernel/debug/tracing/tracing_on" dev="tracefs" ino=3087 scontext=u:r:aee_aed:s0 tcontext=u:object_r:debugfs_tracing:s0 tclass=file permissive=0
01-10 14:08:50.961000   869   869 I auditd  : type=1400 audit(0.0:1291): avc: denied { open } for comm="aee_aed" path="/sys/kernel/debug/tracing/tracing_on" dev="tracefs" ino=3087 scontext=u:r:aee_aed:s0 tcontext=u:object_r:debugfs_tracing:s0 tclass=file permissive=0
01-10 14:08:50.997000   551   551 I auditd  : type=1400 audit(0.0:1292): avc: denied { add_name } for comm="HwBinder:551_2" name="shading_otp" scontext=u:r:mtk_hal_camera:s0 tcontext=u:object_r:system_data_file:s0 tclass=dir permissive=0
01-10 14:08:54.997000   551   551 I chatty  : uid=1047(cameraserver) /vendor/bin/hw/camerahalserver identical 4 lines
01-10 14:08:56.001000   551   551 I auditd  : type=1400 audit(0.0:1297): avc: denied { add_name } for comm="HwBinder:551_2" name="shading_otp" scontext=u:r:mtk_hal_camera:s0 tcontext=u:object_r:system_data_file:s0 tclass=dir permissive=0
01-10 14:08:56.029000   869   869 I auditd  : type=1400 audit(0.0:1298): avc: denied { open } for comm="aee_aed" path="/sys/kernel/debug/tracing/tracing_on" dev="tracefs" ino=3087 scontext=u:r:aee_aed:s0 tcontext=u:object_r:debugfs_tracing:s0 tclass=file permissive=0
01-10 14:08:56.045000   869   869 I auditd  : type=1400 audit(0.0:1299): avc: denied { open } for comm="aee_aed" path="/sys/kernel/debug/tracing/tracing_on" dev="tracefs" ino=3087 scontext=u:r:aee_aed:s0 tcontext=u:object_r:debugfs_tracing:s0 tclass=file permissive=0
01-10 14:08:57.001000   551   551 I auditd  : type=1400 audit(0.0:1300): avc: denied { add_name } for comm="HwBinder:551_2" name="shading_otp" scontext=u:r:mtk_hal_camera:s0 tcontext=u:object_r:system_data_file:s0 tclass=dir permissive=0
01-10 14:08:59.001000   551   551 I chatty  : uid=1047(cameraserver) /vendor/bin/hw/camerahalserver identical 2 lines
01-10 14:09:00.001000   551   551 I auditd  : type=1400 audit(0.0:1303): avc: denied { add_name } for comm="HwBinder:551_2" name="shading_otp" scontext=u:r:mtk_hal_camera:s0 tcontext=u:object_r:system_data_file:s0 tclass=dir permissive=0
01-10 14:09:00.175416   986  1000 I am_pss  : [986,1000,system,161119232,137375744,0]
01-10 14:09:00.233524   986  1000 I am_pss  : [1126,10021,com.android.systemui,74983424,58376192,0]
01-10 14:09:00.279526   986  1000 I am_pss  : [1666,1000,com.datalogic.service,38820864,33886208,0]
01-10 14:09:00.313056   986  1000 I am_pss  : [1658,1027,com.android.nfc,11957248,8679424,0]
01-10 14:09:00.348239   986  1000 I am_pss  : [1645,1000,com.datalogic.dxu,27403264,23523328,0]
01-10 14:09:00.388357   986  1000 I am_pss  : [1304,1001,com.android.phone,29129728,22831104,0]
01-10 14:09:00.422849   986  1000 I am_pss  : [1288,1001,com.mediatek.ims,13714432,9089024,0]
01-10 14:09:01.005000   551   551 I auditd  : type=1400 audit(0.0:1304): avc: denied { add_name } for comm="HwBinder:551_2" name="shading_otp" scontext=u:r:mtk_hal_camera:s0 tcontext=u:object_r:system_data_file:s0 tclass=dir permissive=0
01-10 14:09:01.061000   869   869 I auditd  : type=1400 audit(0.0:1305): avc: denied { open } for comm="aee_aed" path="/sys/kernel/debug/tracing/tracing_on" dev="tracefs" ino=3087 scontext=u:r:aee_aed:s0 tcontext=u:object_r:debugfs_tracing:s0 tclass=file permissive=0
01-10 14:09:01.069000   869   869 I auditd  : type=1400 audit(0.0:1306): avc: denied { open } for comm="aee_aed" path="/sys/kernel/debug/tracing/tracing_on" dev="tracefs" ino=3087 scontext=u:r:aee_aed:s0 tcontext=u:object_r:debugfs_tracing:s0 tclass=file permissive=0
01-10 14:09:02.005000   551   551 I auditd  : type=1400 audit(0.0:1307): avc: denied { add_name } for comm="HwBinder:551_2" name="shading_otp" scontext=u:r:mtk_hal_camera:s0 tcontext=u:object_r:system_data_file:s0 tclass=dir permissive=0
01-10 14:09:05.005000   551   551 I chatty  : uid=1047(cameraserver) /vendor/bin/hw/camerahalserver identical 3 lines
01-10 14:09:06.009000   551   551 I auditd  : type=1400 audit(0.0:1311): avc: denied { add_name } for comm="HwBinder:551_2" name="shading_otp" scontext=u:r:mtk_hal_camera:s0 tcontext=u:object_r:system_data_file:s0 tclass=dir permissive=0
01-10 14:09:06.101000   869   869 I auditd  : type=1400 audit(0.0:1312): avc: denied { open } for comm="aee_aed" path="/sys/kernel/debug/tracing/tracing_on" dev="tracefs" ino=3087 scontext=u:r:aee_aed:s0 tcontext=u:object_r:debugfs_tracing:s0 tclass=file permissive=0
01-10 14:09:06.105000   869   869 I auditd  : type=1400 audit(0.0:1313): avc: denied { open } for comm="aee_aed" path="/sys/kernel/debug/tracing/tracing_on" dev="tracefs" ino=3087 scontext=u:r:aee_aed:s0 tcontext=u:object_r:debugfs_tracing:s0 tclass=file permissive=0
01-10 14:09:07.009000   551   551 I auditd  : type=1400 audit(0.0:1314): avc: denied { add_name } for comm="HwBinder:551_2" name="shading_otp" scontext=u:r:mtk_hal_camera:s0 tcontext=u:object_r:system_data_file:s0 tclass=dir permissive=0
01-10 14:09:10.009000   551   551 I chatty  : uid=1047(cameraserver) /vendor/bin/hw/camerahalserver identical 3 lines
01-10 14:09:11.013000   551   551 I auditd  : type=1400 audit(0.0:1318): avc: denied { add_name } for comm="HwBinder:551_2" name="shading_otp" scontext=u:r:mtk_hal_camera:s0 tcontext=u:object_r:system_data_file:s0 tclass=dir permissive=0
01-10 14:09:11.169000   869   869 I auditd  : type=1400 audit(0.0:1319): avc: denied { open } for comm="aee_aed" path="/sys/kernel/debug/tracing/tracing_on" dev="tracefs" ino=3087 scontext=u:r:aee_aed:s0 tcontext=u:object_r:debugfs_tracing:s0 tclass=file permissive=0
01-10 14:09:11.177000   869   869 I auditd  : type=1400 audit(0.0:1320): avc: denied { open } for comm="aee_aed" path="/sys/kernel/debug/tracing/tracing_on" dev="tracefs" ino=3087 scontext=u:r:aee_aed:s0 tcontext=u:object_r:debugfs_tracing:s0 tclass=file permissive=0
01-10 14:09:12.013000   551   551 I auditd  : type=1400 audit(0.0:1321): avc: denied { add_name } for comm="HwBinder:551_2" name="shading_otp" scontext=u:r:mtk_hal_camera:s0 tcontext=u:object_r:system_data_file:s0 tclass=dir permissive=0
01-10 14:09:15.013000   551   551 I chatty  : uid=1047(cameraserver) /vendor/bin/hw/camerahalserver identical 3 lines
01-10 14:09:16.013000   551   551 I auditd  : type=1400 audit(0.0:1325): avc: denied { add_name } for comm="HwBinder:551_2" name="shading_otp" scontext=u:r:mtk_hal_camera:s0 tcontext=u:object_r:system_data_file:s0 tclass=dir permissive=0
01-10 14:09:16.229000   869   869 I auditd  : type=1400 audit(0.0:1326): avc: denied { open } for comm="aee_aed" path="/sys/kernel/debug/tracing/tracing_on" dev="tracefs" ino=3087 scontext=u:r:aee_aed:s0 tcontext=u:object_r:debugfs_tracing:s0 tclass=file permissive=0
01-10 14:09:16.237000   869   869 I auditd  : type=1400 audit(0.0:1327): avc: denied { open } for comm="aee_aed" path="/sys/kernel/debug/tracing/tracing_on" dev="tracefs" ino=3087 scontext=u:r:aee_aed:s0 tcontext=u:object_r:debugfs_tracing:s0 tclass=file permissive=0
01-10 14:09:17.017000   551   551 I auditd  : type=1400 audit(0.0:1328): avc: denied { add_name } for comm="HwBinder:551_2" name="shading_otp" scontext=u:r:mtk_hal_camera:s0 tcontext=u:object_r:system_data_file:s0 tclass=dir permissive=0
01-10 14:09:20.017000   551   551 I chatty  : uid=1047(cameraserver) /vendor/bin/hw/camerahalserver identical 3 lines
01-10 14:09:21.017000   551   551 I auditd  : type=1400 audit(0.0:1332): avc: denied { add_name } for comm="HwBinder:551_2" name="shading_otp" scontext=u:r:mtk_hal_camera:s0 tcontext=u:object_r:system_data_file:s0 tclass=dir permissive=0
01-10 14:09:21.289000   869   869 I auditd  : type=1400 audit(0.0:1333): avc: denied { open } for comm="aee_aed" path="/sys/kernel/debug/tracing/tracing_on" dev="tracefs" ino=3087 scontext=u:r:aee_aed:s0 tcontext=u:object_r:debugfs_tracing:s0 tclass=file permissive=0
01-10 14:09:21.297000   869   869 I auditd  : type=1400 audit(0.0:1334): avc: denied { open } for comm="aee_aed" path="/sys/kernel/debug/tracing/tracing_on" dev="tracefs" ino=3087 scontext=u:r:aee_aed:s0 tcontext=u:object_r:debugfs_tracing:s0 tclass=file permissive=0
01-10 14:09:22.021000   551   551 I auditd  : type=1400 audit(0.0:1335): avc: denied { add_name } for comm="HwBinder:551_2" name="shading_otp" scontext=u:r:mtk_hal_camera:s0 tcontext=u:object_r:system_data_file:s0 tclass=dir permissive=0
01-10 14:09:25.021000   551   551 I chatty  : uid=1047(cameraserver) /vendor/bin/hw/camerahalserver identical 3 lines
01-10 14:09:26.021000   551   551 I auditd  : type=1400 audit(0.0:1339): avc: denied { add_name } for comm="HwBinder:551_2" name="shading_otp" scontext=u:r:mtk_hal_camera:s0 tcontext=u:object_r:system_data_file:s0 tclass=dir permissive=0
01-10 14:09:26.341000   869   869 I auditd  : type=1400 audit(0.0:1340): avc: denied { open } for comm="aee_aed" path="/sys/kernel/debug/tracing/tracing_on" dev="tracefs" ino=3087 scontext=u:r:aee_aed:s0 tcontext=u:object_r:debugfs_tracing:s0 tclass=file permissive=0
01-10 14:09:26.353000   869   869 I auditd  : type=1400 audit(0.0:1341): avc: denied { open } for comm="aee_aed" path="/sys/kernel/debug/tracing/tracing_on" dev="tracefs" ino=3087 scontext=u:r:aee_aed:s0 tcontext=u:object_r:debugfs_tracing:s0 tclass=file permissive=0
01-10 14:09:27.021000   551   551 I auditd  : type=1400 audit(0.0:1342): avc: denied { add_name } for comm="HwBinder:551_2" name="shading_otp" scontext=u:r:mtk_hal_camera:s0 tcontext=u:object_r:system_data_file:s0 tclass=dir permissive=0
01-10 14:09:30.025000   551   551 I chatty  : uid=1047(cameraserver) /vendor/bin/hw/camerahalserver identical 3 lines
01-10 14:09:31.025000   551   551 I auditd  : type=1400 audit(0.0:1346): avc: denied { add_name } for comm="HwBinder:551_2" name="shading_otp" scontext=u:r:mtk_hal_camera:s0 tcontext=u:object_r:system_data_file:s0 tclass=dir permissive=0
01-10 14:09:31.397000   869   869 I auditd  : type=1400 audit(0.0:1347): avc: denied { open } for comm="aee_aed" path="/sys/kernel/debug/tracing/tracing_on" dev="tracefs" ino=3087 scontext=u:r:aee_aed:s0 tcontext=u:object_r:debugfs_tracing:s0 tclass=file permissive=0
01-10 14:09:31.409000   869   869 I auditd  : type=1400 audit(0.0:1348): avc: denied { open } for comm="aee_aed" path="/sys/kernel/debug/tracing/tracing_on" dev="tracefs" ino=3087 scontext=u:r:aee_aed:s0 tcontext=u:object_r:debugfs_tracing:s0 tclass=file permissive=0
01-10 14:09:32.029000   551   551 I auditd  : type=1400 audit(0.0:1349): avc: denied { add_name } for comm="HwBinder:551_2" name="shading_otp" scontext=u:r:mtk_hal_camera:s0 tcontext=u:object_r:system_data_file:s0 tclass=dir permissive=0
01-10 14:09:35.029000   551   551 I chatty  : uid=1047(cameraserver) /vendor/bin/hw/camerahalserver identical 3 lines
01-10 14:09:36.033000   551   551 I auditd  : type=1400 audit(0.0:1353): avc: denied { add_name } for comm="HwBinder:551_2" name="shading_otp" scontext=u:r:mtk_hal_camera:s0 tcontext=u:object_r:system_data_file:s0 tclass=dir permissive=0
01-10 14:09:36.457000   869   869 I auditd  : type=1400 audit(0.0:1354): avc: denied { open } for comm="aee_aed" path="/sys/kernel/debug/tracing/tracing_on" dev="tracefs" ino=3087 scontext=u:r:aee_aed:s0 tcontext=u:object_r:debugfs_tracing:s0 tclass=file permissive=0
01-10 14:09:36.465000   869   869 I auditd  : type=1400 audit(0.0:1355): avc: denied { open } for comm="aee_aed" path="/sys/kernel/debug/tracing/tracing_on" dev="tracefs" ino=3087 scontext=u:r:aee_aed:s0 tcontext=u:object_r:debugfs_tracing:s0 tclass=file permissive=0
01-10 14:09:37.033000   551   551 I auditd  : type=1400 audit(0.0:1356): avc: denied { add_name } for comm="HwBinder:551_2" name="shading_otp" scontext=u:r:mtk_hal_camera:s0 tcontext=u:object_r:system_data_file:s0 tclass=dir permissive=0
01-10 14:09:38.033000   551   551 I chatty  : uid=1047(cameraserver) /vendor/bin/hw/camerahalserver identical 1 line
01-10 14:09:39.033000   551   551 I auditd  : type=1400 audit(0.0:1358): avc: denied { add_name } for comm="HwBinder:551_2" name="shading_otp" scontext=u:r:mtk_hal_camera:s0 tcontext=u:object_r:system_data_file:s0 tclass=dir permissive=0
01-10 14:09:39.455475   986  1102 I storage_state: [41217664-9172-527a-b3d5-edabb50a7d69,0,0,24948822016,25830957056]
01-10 14:09:40.033000   551   551 I auditd  : type=1400 audit(0.0:1359): avc: denied { add_name } for comm="HwBinder:551_2" name="shading_otp" scontext=u:r:mtk_hal_camera:s0 tcontext=u:object_r:system_data_file:s0 tclass=dir permissive=0
01-10 14:09:41.033000   551   551 I auditd  : type=1400 audit(0.0:1360): avc: denied { add_name } for comm="HwBinder:551_2" name="shading_otp" scontext=u:r:mtk_hal_camera:s0 tcontext=u:object_r:system_data_file:s0 tclass=dir permissive=0
01-10 14:09:41.505000   869   869 I auditd  : type=1400 audit(0.0:1361): avc: denied { open } for comm="aee_aed" path="/sys/kernel/debug/tracing/tracing_on" dev="tracefs" ino=3087 scontext=u:r:aee_aed:s0 tcontext=u:object_r:debugfs_tracing:s0 tclass=file permissive=0
01-10 14:09:41.513000   869   869 I auditd  : type=1400 audit(0.0:1362): avc: denied { open } for comm="aee_aed" path="/sys/kernel/debug/tracing/tracing_on" dev="tracefs" ino=3087 scontext=u:r:aee_aed:s0 tcontext=u:object_r:debugfs_tracing:s0 tclass=file permissive=0
01-10 14:09:42.033000   551   551 I auditd  : type=1400 audit(0.0:1363): avc: denied { add_name } for comm="HwBinder:551_2" name="shading_otp" scontext=u:r:mtk_hal_camera:s0 tcontext=u:object_r:system_data_file:s0 tclass=dir permissive=0
01-10 14:09:45.037000   551   551 I chatty  : uid=1047(cameraserver) /vendor/bin/hw/camerahalserver identical 3 lines
01-10 14:09:46.037000   551   551 I auditd  : type=1400 audit(0.0:1367): avc: denied { add_name } for comm="HwBinder:551_2" name="shading_otp" scontext=u:r:mtk_hal_camera:s0 tcontext=u:object_r:system_data_file:s0 tclass=dir permissive=0
01-10 14:09:46.565000   869   869 I auditd  : type=1400 audit(0.0:1368): avc: denied { open } for comm="aee_aed" path="/sys/kernel/debug/tracing/tracing_on" dev="tracefs" ino=3087 scontext=u:r:aee_aed:s0 tcontext=u:object_r:debugfs_tracing:s0 tclass=file permissive=0
01-10 14:09:46.573000   869   869 I auditd  : type=1400 audit(0.0:1369): avc: denied { open } for comm="aee_aed" path="/sys/kernel/debug/tracing/tracing_on" dev="tracefs" ino=3087 scontext=u:r:aee_aed:s0 tcontext=u:object_r:debugfs_tracing:s0 tclass=file permissive=0
01-10 14:09:47.037000   551   551 I auditd  : type=1400 audit(0.0:1370): avc: denied { add_name } for comm="HwBinder:551_2" name="shading_otp" scontext=u:r:mtk_hal_camera:s0 tcontext=u:object_r:system_data_file:s0 tclass=dir permissive=0
01-10 14:09:50.041000   551   551 I chatty  : uid=1047(cameraserver) /vendor/bin/hw/camerahalserver identical 3 lines
01-10 14:09:51.041000   551   551 I auditd  : type=1400 audit(0.0:1374): avc: denied { add_name } for comm="HwBinder:551_2" name="shading_otp" scontext=u:r:mtk_hal_camera:s0 tcontext=u:object_r:system_data_file:s0 tclass=dir permissive=0
01-10 14:09:51.629000   869   869 I auditd  : type=1400 audit(0.0:1375): avc: denied { open } for comm="aee_aed" path="/sys/kernel/debug/tracing/tracing_on" dev="tracefs" ino=3087 scontext=u:r:aee_aed:s0 tcontext=u:object_r:debugfs_tracing:s0 tclass=file permissive=0
01-10 14:09:51.633000   869   869 I auditd  : type=1400 audit(0.0:1376): avc: denied { open } for comm="aee_aed" path="/sys/kernel/debug/tracing/tracing_on" dev="tracefs" ino=3087 scontext=u:r:aee_aed:s0 tcontext=u:object_r:debugfs_tracing:s0 tclass=file permissive=0
01-10 14:09:52.041000   551   551 I auditd  : type=1400 audit(0.0:1377): avc: denied { add_name } for comm="HwBinder:551_2" name="shading_otp" scontext=u:r:mtk_hal_camera:s0 tcontext=u:object_r:system_data_file:s0 tclass=dir permissive=0
01-10 14:09:55.045000   551   551 I chatty  : uid=1047(cameraserver) /vendor/bin/hw/camerahalserver identical 3 lines
01-10 14:09:56.045000   551   551 I auditd  : type=1400 audit(0.0:1381): avc: denied { add_name } for comm="HwBinder:551_2" name="shading_otp" scontext=u:r:mtk_hal_camera:s0 tcontext=u:object_r:system_data_file:s0 tclass=dir permissive=0
01-10 14:09:56.681000   869   869 I auditd  : type=1400 audit(0.0:1382): avc: denied { open } for comm="aee_aed" path="/sys/kernel/debug/tracing/tracing_on" dev="tracefs" ino=3087 scontext=u:r:aee_aed:s0 tcontext=u:object_r:debugfs_tracing:s0 tclass=file permissive=0
01-10 14:09:56.693000   869   869 I auditd  : type=1400 audit(0.0:1383): avc: denied { open } for comm="aee_aed" path="/sys/kernel/debug/tracing/tracing_on" dev="tracefs" ino=3087 scontext=u:r:aee_aed:s0 tcontext=u:object_r:debugfs_tracing:s0 tclass=file permissive=0
01-10 14:09:57.045000   551   551 I auditd  : type=1400 audit(0.0:1384): avc: denied { add_name } for comm="HwBinder:551_2" name="shading_otp" scontext=u:r:mtk_hal_camera:s0 tcontext=u:object_r:system_data_file:s0 tclass=dir permissive=0
01-10 14:09:59.045000   551   551 I chatty  : uid=1047(cameraserver) /vendor/bin/hw/camerahalserver identical 2 lines
01-10 14:10:00.049000   551   551 I auditd  : type=1400 audit(0.0:1387): avc: denied { add_name } for comm="HwBinder:551_2" name="shading_otp" scontext=u:r:mtk_hal_camera:s0 tcontext=u:object_r:system_data_file:s0 tclass=dir permissive=0
01-10 14:10:00.152268   986  1000 I am_pss  : [1730,10032,com.gears42.surelock,53288960,45903872,0]
01-10 14:10:01.049000   551   551 I auditd  : type=1400 audit(0.0:1388): avc: denied { add_name } for comm="HwBinder:551_2" name="shading_otp" scontext=u:r:mtk_hal_camera:s0 tcontext=u:object_r:system_data_file:s0 tclass=dir permissive=0
01-10 14:10:01.761000   869   869 I auditd  : type=1400 audit(0.0:1389): avc: denied { open } for comm="aee_aed" path="/sys/kernel/debug/tracing/tracing_on" dev="tracefs" ino=3087 scontext=u:r:aee_aed:s0 tcontext=u:object_r:debugfs_tracing:s0 tclass=file permissive=0
01-10 14:10:01.773000   869   869 I auditd  : type=1400 audit(0.0:1390): avc: denied { open } for comm="aee_aed" path="/sys/kernel/debug/tracing/tracing_on" dev="tracefs" ino=3087 scontext=u:r:aee_aed:s0 tcontext=u:object_r:debugfs_tracing:s0 tclass=file permissive=0
01-10 14:10:02.049000   551   551 I auditd  : type=1400 audit(0.0:1391): avc: denied { add_name } for comm="HwBinder:551_2" name="shading_otp" scontext=u:r:mtk_hal_camera:s0 tcontext=u:object_r:system_data_file:s0 tclass=dir permissive=0
01-10 14:10:05.049000   551   551 I chatty  : uid=1047(cameraserver) /vendor/bin/hw/camerahalserver identical 3 lines
01-10 14:10:06.053000   551   551 I auditd  : type=1400 audit(0.0:1395): avc: denied { add_name } for comm="HwBinder:551_2" name="shading_otp" scontext=u:r:mtk_hal_camera:s0 tcontext=u:object_r:system_data_file:s0 tclass=dir permissive=0
01-10 14:10:06.797000   869   869 I auditd  : type=1400 audit(0.0:1396): avc: denied { open } for comm="aee_aed" path="/sys/kernel/debug/tracing/tracing_on" dev="tracefs" ino=3087 scontext=u:r:aee_aed:s0 tcontext=u:object_r:debugfs_tracing:s0 tclass=file permissive=0
01-10 14:10:06.805000   869   869 I auditd  : type=1400 audit(0.0:1397): avc: denied { open } for comm="aee_aed" path="/sys/kernel/debug/tracing/tracing_on" dev="tracefs" ino=3087 scontext=u:r:aee_aed:s0 tcontext=u:object_r:debugfs_tracing:s0 tclass=file permissive=0
01-10 14:10:07.053000   551   551 I auditd  : type=1400 audit(0.0:1398): avc: denied { add_name } for comm="HwBinder:551_2" name="shading_otp" scontext=u:r:mtk_hal_camera:s0 tcontext=u:object_r:system_data_file:s0 tclass=dir permissive=0
01-10 14:10:10.053000   551   551 I chatty  : uid=1047(cameraserver) /vendor/bin/hw/camerahalserver identical 3 lines
01-10 14:10:11.057000   551   551 I auditd  : type=1400 audit(0.0:1402): avc: denied { add_name } for comm="HwBinder:551_2" name="shading_otp" scontext=u:r:mtk_hal_camera:s0 tcontext=u:object_r:system_data_file:s0 tclass=dir permissive=0
01-10 14:10:11.825000   869   869 I auditd  : type=1400 audit(0.0:1403): avc: denied { open } for comm="aee_aed" path="/sys/kernel/debug/tracing/tracing_on" dev="tracefs" ino=3087 scontext=u:r:aee_aed:s0 tcontext=u:object_r:debugfs_tracing:s0 tclass=file permissive=0
01-10 14:10:11.833000   869   869 I auditd  : type=1400 audit(0.0:1404): avc: denied { open } for comm="aee_aed" path="/sys/kernel/debug/tracing/tracing_on" dev="tracefs" ino=3087 scontext=u:r:aee_aed:s0 tcontext=u:object_r:debugfs_tracing:s0 tclass=file permissive=0
01-10 14:10:12.057000   551   551 I auditd  : type=1400 audit(0.0:1405): avc: denied { add_name } for comm="HwBinder:551_2" name="shading_otp" scontext=u:r:mtk_hal_camera:s0 tcontext=u:object_r:system_data_file:s0 tclass=dir permissive=0
01-10 14:10:16.061000   551   551 I chatty  : uid=1047(cameraserver) /vendor/bin/hw/camerahalserver identical 4 lines
01-10 14:10:17.061000   551   551 I auditd  : type=1400 audit(0.0:1410): avc: denied { add_name } for comm="HwBinder:551_2" name="shading_otp" scontext=u:r:mtk_hal_camera:s0 tcontext=u:object_r:system_data_file:s0 tclass=dir permissive=0
01-10 14:10:17.877000   869   869 I auditd  : type=1400 audit(0.0:1411): avc: denied { open } for comm="aee_aed" path="/sys/kernel/debug/tracing/tracing_on" dev="tracefs" ino=3087 scontext=u:r:aee_aed:s0 tcontext=u:object_r:debugfs_tracing:s0 tclass=file permissive=0
01-10 14:10:17.893000   869   869 I auditd  : type=1400 audit(0.0:1412): avc: denied { open } for comm="aee_aed" path="/sys/kernel/debug/tracing/tracing_on" dev="tracefs" ino=3087 scontext=u:r:aee_aed:s0 tcontext=u:object_r:debugfs_tracing:s0 tclass=file permissive=0
01-10 14:10:18.061000   551   551 I auditd  : type=1400 audit(0.0:1413): avc: denied { add_name } for comm="HwBinder:551_2" name="shading_otp" scontext=u:r:mtk_hal_camera:s0 tcontext=u:object_r:system_data_file:s0 tclass=dir permissive=0
01-10 14:10:21.065000   551   551 I chatty  : uid=1047(cameraserver) /vendor/bin/hw/camerahalserver identical 3 lines
01-10 14:10:22.069000   551   551 I auditd  : type=1400 audit(0.0:1417): avc: denied { add_name } for comm="HwBinder:551_2" name="shading_otp" scontext=u:r:mtk_hal_camera:s0 tcontext=u:object_r:system_data_file:s0 tclass=dir permissive=0
01-10 14:10:22.961000   869   869 I auditd  : type=1400 audit(0.0:1418): avc: denied { open } for comm="aee_aed" path="/sys/kernel/debug/tracing/tracing_on" dev="tracefs" ino=3087 scontext=u:r:aee_aed:s0 tcontext=u:object_r:debugfs_tracing:s0 tclass=file permissive=0
01-10 14:10:22.973000   869   869 I auditd  : type=1400 audit(0.0:1419): avc: denied { open } for comm="aee_aed" path="/sys/kernel/debug/tracing/tracing_on" dev="tracefs" ino=3087 scontext=u:r:aee_aed:s0 tcontext=u:object_r:debugfs_tracing:s0 tclass=file permissive=0
01-10 14:10:23.069000   551   551 I auditd  : type=1400 audit(0.0:1420): avc: denied { add_name } for comm="HwBinder:551_2" name="shading_otp" scontext=u:r:mtk_hal_camera:s0 tcontext=u:object_r:system_data_file:s0 tclass=dir permissive=0
01-10 14:10:27.069000   551   551 I chatty  : uid=1047(cameraserver) /vendor/bin/hw/camerahalserver identical 4 lines
01-10 14:10:28.073000   551   551 I auditd  : type=1400 audit(0.0:1425): avc: denied { add_name } for comm="HwBinder:551_2" name="shading_otp" scontext=u:r:mtk_hal_camera:s0 tcontext=u:object_r:system_data_file:s0 tclass=dir permissive=0
01-10 14:10:29.001000   869   869 I auditd  : type=1400 audit(0.0:1426): avc: denied { open } for comm="aee_aed" path="/sys/kernel/debug/tracing/tracing_on" dev="tracefs" ino=3087 scontext=u:r:aee_aed:s0 tcontext=u:object_r:debugfs_tracing:s0 tclass=file permissive=0
01-10 14:10:29.009000   869   869 I auditd  : type=1400 audit(0.0:1427): avc: denied { open } for comm="aee_aed" path="/sys/kernel/debug/tracing/tracing_on" dev="tracefs" ino=3087 scontext=u:r:aee_aed:s0 tcontext=u:object_r:debugfs_tracing:s0 tclass=file permissive=0
01-10 14:10:29.077000   551   551 I auditd  : type=1400 audit(0.0:1428): avc: denied { add_name } for comm="HwBinder:551_2" name="shading_otp" scontext=u:r:mtk_hal_camera:s0 tcontext=u:object_r:system_data_file:s0 tclass=dir permissive=0
01-10 14:10:32.077000   551   551 I chatty  : uid=1047(cameraserver) /vendor/bin/hw/camerahalserver identical 3 lines
01-10 14:10:33.081000   551   551 I auditd  : type=1400 audit(0.0:1432): avc: denied { add_name } for comm="HwBinder:551_2" name="shading_otp" scontext=u:r:mtk_hal_camera:s0 tcontext=u:object_r:system_data_file:s0 tclass=dir permissive=0
01-10 14:10:34.049000  5748  5748 I auditd  : type=1400 audit(0.0:1433): avc: denied { getattr } for comm="ls" path="/data/core" dev="dm-2" ino=122881 scontext=u:r:shell:s0 tcontext=u:object_r:aee_core_data_file:s0 tclass=dir permissive=0
01-10 14:10:34.049000  5748  5748 I auditd  : type=1400 audit(0.0:1434): avc: denied { getattr } for comm="ls" path="/data/tombstones" dev="dm-2" ino=1228801 scontext=u:r:shell:s0 tcontext=u:object_r:tombstone_data_file:s0 tclass=dir permissive=0
01-10 14:10:34.061000   869   869 I auditd  : type=1400 audit(0.0:1436): avc: denied { open } for comm="aee_aed" path="/sys/kernel/debug/tracing/tracing_on" dev="tracefs" ino=3087 scontext=u:r:aee_aed:s0 tcontext=u:object_r:debugfs_tracing:s0 tclass=file permissive=0
01-10 14:10:34.069000   869   869 I auditd  : type=1400 audit(0.0:1437): avc: denied { open } for comm="aee_aed" path="/sys/kernel/debug/tracing/tracing_on" dev="tracefs" ino=3087 scontext=u:r:aee_aed:s0 tcontext=u:object_r:debugfs_tracing:s0 tclass=file permissive=0
01-10 14:10:34.081000   551   551 I auditd  : type=1400 audit(0.0:1438): avc: denied { add_name } for comm="HwBinder:551_2" name="shading_otp" scontext=u:r:mtk_hal_camera:s0 tcontext=u:object_r:system_data_file:s0 tclass=dir permissive=0
01-10 14:10:38.085000   551   551 I chatty  : uid=1047(cameraserver) /vendor/bin/hw/camerahalserver identical 4 lines
01-10 14:10:39.085000   551   551 I auditd  : type=1400 audit(0.0:1443): avc: denied { add_name } for comm="HwBinder:551_2" name="shading_otp" scontext=u:r:mtk_hal_camera:s0 tcontext=u:object_r:system_data_file:s0 tclass=dir permissive=0
01-10 14:10:39.507927   986  1102 I storage_state: [41217664-9172-527a-b3d5-edabb50a7d69,0,0,25461866496,25830957056]
01-10 14:10:40.085000   551   551 I auditd  : type=1400 audit(0.0:1444): avc: denied { add_name } for comm="HwBinder:551_2" name="shading_otp" scontext=u:r:mtk_hal_camera:s0 tcontext=u:object_r:system_data_file:s0 tclass=dir permissive=0
01-10 14:10:40.145000   869   869 I auditd  : type=1400 audit(0.0:1445): avc: denied { open } for comm="aee_aed" path="/sys/kernel/debug/tracing/tracing_on" dev="tracefs" ino=3087 scontext=u:r:aee_aed:s0 tcontext=u:object_r:debugfs_tracing:s0 tclass=file permissive=0
01-10 14:10:40.153000   869   869 I auditd  : type=1400 audit(0.0:1446): avc: denied { open } for comm="aee_aed" path="/sys/kernel/debug/tracing/tracing_on" dev="tracefs" ino=3087 scontext=u:r:aee_aed:s0 tcontext=u:object_r:debugfs_tracing:s0 tclass=file permissive=0
01-10 14:10:41.089000   551   551 I auditd  : type=1400 audit(0.0:1447): avc: denied { add_name } for comm="HwBinder:551_2" name="shading_otp" scontext=u:r:mtk_hal_camera:s0 tcontext=u:object_r:system_data_file:s0 tclass=dir permissive=0
01-10 14:10:44.089000   551   551 I chatty  : uid=1047(cameraserver) /vendor/bin/hw/camerahalserver identical 3 lines
01-10 14:10:45.089000   551   551 I auditd  : type=1400 audit(0.0:1451): avc: denied { add_name } for comm="HwBinder:551_2" name="shading_otp" scontext=u:r:mtk_hal_camera:s0 tcontext=u:object_r:system_data_file:s0 tclass=dir permissive=0
01-10 14:10:45.189000   869   869 I auditd  : type=1400 audit(0.0:1452): avc: denied { open } for comm="aee_aed" path="/sys/kernel/debug/tracing/tracing_on" dev="tracefs" ino=3087 scontext=u:r:aee_aed:s0 tcontext=u:object_r:debugfs_tracing:s0 tclass=file permissive=0
01-10 14:10:45.197000   869   869 I auditd  : type=1400 audit(0.0:1453): avc: denied { open } for comm="aee_aed" path="/sys/kernel/debug/tracing/tracing_on" dev="tracefs" ino=3087 scontext=u:r:aee_aed:s0 tcontext=u:object_r:debugfs_tracing:s0 tclass=file permissive=0
01-10 14:10:46.093000   551   551 I auditd  : type=1400 audit(0.0:1454): avc: denied { add_name } for comm="HwBinder:551_2" name="shading_otp" scontext=u:r:mtk_hal_camera:s0 tcontext=u:object_r:system_data_file:s0 tclass=dir permissive=0
01-10 14:10:49.093000   551   551 I chatty  : uid=1047(cameraserver) /vendor/bin/hw/camerahalserver identical 3 lines
01-10 14:10:50.093000   551   551 I auditd  : type=1400 audit(0.0:1458): avc: denied { add_name } for comm="HwBinder:551_2" name="shading_otp" scontext=u:r:mtk_hal_camera:s0 tcontext=u:object_r:system_data_file:s0 tclass=dir permissive=0
01-10 14:10:50.233000   869   869 I auditd  : type=1400 audit(0.0:1459): avc: denied { open } for comm="aee_aed" path="/sys/kernel/debug/tracing/tracing_on" dev="tracefs" ino=3087 scontext=u:r:aee_aed:s0 tcontext=u:object_r:debugfs_tracing:s0 tclass=file permissive=0
01-10 14:10:50.241000   869   869 I auditd  : type=1400 audit(0.0:1460): avc: denied { open } for comm="aee_aed" path="/sys/kernel/debug/tracing/tracing_on" dev="tracefs" ino=3087 scontext=u:r:aee_aed:s0 tcontext=u:object_r:debugfs_tracing:s0 tclass=file permissive=0
01-10 14:10:51.097000   551   551 I auditd  : type=1400 audit(0.0:1461): avc: denied { add_name } for comm="HwBinder:551_2" name="shading_otp" scontext=u:r:mtk_hal_camera:s0 tcontext=u:object_r:system_data_file:s0 tclass=dir permissive=0
01-10 14:10:54.097000   551   551 I chatty  : uid=1047(cameraserver) /vendor/bin/hw/camerahalserver identical 3 lines
01-10 14:10:55.101000   551   551 I auditd  : type=1400 audit(0.0:1465): avc: denied { add_name } for comm="HwBinder:551_2" name="shading_otp" scontext=u:r:mtk_hal_camera:s0 tcontext=u:object_r:system_data_file:s0 tclass=dir permissive=0
01-10 14:10:55.301000   869   869 I auditd  : type=1400 audit(0.0:1466): avc: denied { open } for comm="aee_aed" path="/sys/kernel/debug/tracing/tracing_on" dev="tracefs" ino=3087 scontext=u:r:aee_aed:s0 tcontext=u:object_r:debugfs_tracing:s0 tclass=file permissive=0
01-10 14:10:55.317000   869   869 I auditd  : type=1400 audit(0.0:1467): avc: denied { open } for comm="aee_aed" path="/sys/kernel/debug/tracing/tracing_on" dev="tracefs" ino=3087 scontext=u:r:aee_aed:s0 tcontext=u:object_r:debugfs_tracing:s0 tclass=file permissive=0
01-10 14:10:56.101000   551   551 I auditd  : type=1400 audit(0.0:1468): avc: denied { add_name } for comm="HwBinder:551_2" name="shading_otp" scontext=u:r:mtk_hal_camera:s0 tcontext=u:object_r:system_data_file:s0 tclass=dir permissive=0
01-10 14:10:59.101000   551   551 I chatty  : uid=1047(cameraserver) /vendor/bin/hw/camerahalserver identical 3 lines
01-10 14:11:00.101000   551   551 I auditd  : type=1400 audit(0.0:1472): avc: denied { add_name } for comm="HwBinder:551_2" name="shading_otp" scontext=u:r:mtk_hal_camera:s0 tcontext=u:object_r:system_data_file:s0 tclass=dir permissive=0
01-10 14:11:00.333000   869   869 I auditd  : type=1400 audit(0.0:1473): avc: denied { open } for comm="aee_aed" path="/sys/kernel/debug/tracing/tracing_on" dev="tracefs" ino=3087 scontext=u:r:aee_aed:s0 tcontext=u:object_r:debugfs_tracing:s0 tclass=file permissive=0
01-10 14:11:00.341000   869   869 I auditd  : type=1400 audit(0.0:1474): avc: denied { open } for comm="aee_aed" path="/sys/kernel/debug/tracing/tracing_on" dev="tracefs" ino=3087 scontext=u:r:aee_aed:s0 tcontext=u:object_r:debugfs_tracing:s0 tclass=file permissive=0
01-10 14:11:01.105000   551   551 I auditd  : type=1400 audit(0.0:1475): avc: denied { add_name } for comm="HwBinder:551_2" name="shading_otp" scontext=u:r:mtk_hal_camera:s0 tcontext=u:object_r:system_data_file:s0 tclass=dir permissive=0
01-10 14:11:04.105000   551   551 I chatty  : uid=1047(cameraserver) /vendor/bin/hw/camerahalserver identical 3 lines
01-10 14:11:05.105000   551   551 I auditd  : type=1400 audit(0.0:1479): avc: denied { add_name } for comm="HwBinder:551_2" name="shading_otp" scontext=u:r:mtk_hal_camera:s0 tcontext=u:object_r:system_data_file:s0 tclass=dir permissive=0
01-10 14:11:05.417000   869   869 I auditd  : type=1400 audit(0.0:1480): avc: denied { open } for comm="aee_aed" path="/sys/kernel/debug/tracing/tracing_on" dev="tracefs" ino=3087 scontext=u:r:aee_aed:s0 tcontext=u:object_r:debugfs_tracing:s0 tclass=file permissive=0
01-10 14:11:05.429000   869   869 I auditd  : type=1400 audit(0.0:1481): avc: denied { open } for comm="aee_aed" path="/sys/kernel/debug/tracing/tracing_on" dev="tracefs" ino=3087 scontext=u:r:aee_aed:s0 tcontext=u:object_r:debugfs_tracing:s0 tclass=file permissive=0
01-10 14:11:06.109000   551   551 I auditd  : type=1400 audit(0.0:1482): avc: denied { add_name } for comm="HwBinder:551_2" name="shading_otp" scontext=u:r:mtk_hal_camera:s0 tcontext=u:object_r:system_data_file:s0 tclass=dir permissive=0
01-10 14:11:09.109000   551   551 I chatty  : uid=1047(cameraserver) /vendor/bin/hw/camerahalserver identical 3 lines
01-10 14:11:10.109000   551   551 I auditd  : type=1400 audit(0.0:1486): avc: denied { add_name } for comm="HwBinder:551_2" name="shading_otp" scontext=u:r:mtk_hal_camera:s0 tcontext=u:object_r:system_data_file:s0 tclass=dir permissive=0
01-10 14:11:10.469000   869   869 I auditd  : type=1400 audit(0.0:1487): avc: denied { open } for comm="aee_aed" path="/sys/kernel/debug/tracing/tracing_on" dev="tracefs" ino=3087 scontext=u:r:aee_aed:s0 tcontext=u:object_r:debugfs_tracing:s0 tclass=file permissive=0
01-10 14:11:10.481000   869   869 I auditd  : type=1400 audit(0.0:1488): avc: denied { open } for comm="aee_aed" path="/sys/kernel/debug/tracing/tracing_on" dev="tracefs" ino=3087 scontext=u:r:aee_aed:s0 tcontext=u:object_r:debugfs_tracing:s0 tclass=file permissive=0
01-10 14:11:11.113000   551   551 I auditd  : type=1400 audit(0.0:1489): avc: denied { add_name } for comm="HwBinder:551_2" name="shading_otp" scontext=u:r:mtk_hal_camera:s0 tcontext=u:object_r:system_data_file:s0 tclass=dir permissive=0
01-10 14:11:14.113000   551   551 I chatty  : uid=1047(cameraserver) /vendor/bin/hw/camerahalserver identical 3 lines
01-10 14:11:15.113000   551   551 I auditd  : type=1400 audit(0.0:1493): avc: denied { add_name } for comm="HwBinder:551_2" name="shading_otp" scontext=u:r:mtk_hal_camera:s0 tcontext=u:object_r:system_data_file:s0 tclass=dir permissive=0
01-10 14:11:15.509000   869   869 I auditd  : type=1400 audit(0.0:1494): avc: denied { open } for comm="aee_aed" path="/sys/kernel/debug/tracing/tracing_on" dev="tracefs" ino=3087 scontext=u:r:aee_aed:s0 tcontext=u:object_r:debugfs_tracing:s0 tclass=file permissive=0
01-10 14:11:15.517000   869   869 I auditd  : type=1400 audit(0.0:1495): avc: denied { open } for comm="aee_aed" path="/sys/kernel/debug/tracing/tracing_on" dev="tracefs" ino=3087 scontext=u:r:aee_aed:s0 tcontext=u:object_r:debugfs_tracing:s0 tclass=file permissive=0
01-10 14:11:16.117000   551   551 I auditd  : type=1400 audit(0.0:1496): avc: denied { add_name } for comm="HwBinder:551_2" name="shading_otp" scontext=u:r:mtk_hal_camera:s0 tcontext=u:object_r:system_data_file:s0 tclass=dir permissive=0
01-10 14:11:19.117000   551   551 I chatty  : uid=1047(cameraserver) /vendor/bin/hw/camerahalserver identical 3 lines
01-10 14:11:20.117000   551   551 I auditd  : type=1400 audit(0.0:1500): avc: denied { add_name } for comm="HwBinder:551_2" name="shading_otp" scontext=u:r:mtk_hal_camera:s0 tcontext=u:object_r:system_data_file:s0 tclass=dir permissive=0
01-10 14:11:20.569000   869   869 I auditd  : type=1400 audit(0.0:1501): avc: denied { open } for comm="aee_aed" path="/sys/kernel/debug/tracing/tracing_on" dev="tracefs" ino=3087 scontext=u:r:aee_aed:s0 tcontext=u:object_r:debugfs_tracing:s0 tclass=file permissive=0
01-10 14:11:20.577000   869   869 I auditd  : type=1400 audit(0.0:1502): avc: denied { open } for comm="aee_aed" path="/sys/kernel/debug/tracing/tracing_on" dev="tracefs" ino=3087 scontext=u:r:aee_aed:s0 tcontext=u:object_r:debugfs_tracing:s0 tclass=file permissive=0
01-10 14:11:21.121000   551   551 I auditd  : type=1400 audit(0.0:1503): avc: denied { add_name } for comm="HwBinder:551_2" name="shading_otp" scontext=u:r:mtk_hal_camera:s0 tcontext=u:object_r:system_data_file:s0 tclass=dir permissive=0
