01-10 13:51:48.044317   986  1173 I am_proc_died: [0,1975,com.mediatek.security,906,17]
01-10 13:51:48.073875   986  1173 I am_proc_start: [0,2523,1000,com.example.factorydevelopx,broadcast,com.example.factorydevelopx/.BootBroadcastReceiver]
01-10 13:51:48.075225   986  1173 I am_kill : [0,1935,com.mediatek.engineermode,906,empty #17]
01-10 13:51:48.096961   986  1173 I am_proc_died: [0,1935,com.mediatek.engineermode,906,17]
01-10 13:51:48.103824   986  1173 I am_proc_bound: [0,2523,com.example.factorydevelopx]
01-10 13:51:48.178041   986  1050 I am_proc_start: [0,2537,1000,com.mediatek.batterywarning,broadcast,com.mediatek.batterywarning/.BatteryWarningReceiver]
01-10 13:51:48.179245   986  1050 I am_kill : [0,2082,com.gears42.surefox,906,empty #17]
01-10 13:51:48.196399   986  1050 I am_proc_died: [0,2082,com.gears42.surefox,906,17]
01-10 13:51:48.196877   986  1050 I am_uid_stopped: 10030
01-10 13:51:48.199615   986  1224 I am_proc_bound: [0,2537,com.mediatek.batterywarning]
01-10 13:51:48.241000   551   551 I auditd  : type=1400 audit(0.0:83): avc: denied { add_name } for comm="HwBinder:551_2" name="shading_otp" scontext=u:r:mtk_hal_camera:s0 tcontext=u:object_r:system_data_file:s0 tclass=dir permissive=0
01-10 13:51:48.262639   986  1050 I am_proc_start: [0,2553,1000,com.mediatek.bluetooth.dtt,broadcast,com.mediatek.bluetooth.dtt/.BluetoothReceiver]
01-10 13:51:48.263990   986  1050 I am_kill : [0,2201,com.android.contacts,906,empty #17]
01-10 13:51:48.279800   986  1050 I am_proc_bound: [0,2553,com.mediatek.bluetooth.dtt]
01-10 13:51:48.282617   986  1224 I am_proc_died: [0,2201,com.android.contacts,906,17]
01-10 13:51:48.282930   986  1224 I am_uid_stopped: 10014
01-10 13:51:48.324935   986   986 I notification_enqueue: [10049,2141,com.mediatek.mtklogger,2130837539,NULL,0,Notification(channel=null pri=0 contentView=null vibrate=null sound=null tick defaults=0x0 flags=0x0 color=0x00000000 vis=PRIVATE),1]
01-10 13:51:48.362194   986  1050 I am_proc_start: [0,2568,1001,com.mediatek.engineermode,broadcast,com.mediatek.engineermode/.boot.EmBootupReceiver]
01-10 13:51:48.363334   986  1050 I am_kill : [0,1625,com.android.deskclock,906,empty #17]
01-10 13:51:48.395795   986  1050 I am_proc_died: [0,1625,com.android.deskclock,906,17]
01-10 13:51:48.405795   986  1050 I am_proc_bound: [0,2568,com.mediatek.engineermode]
01-10 13:51:48.497331   986  1050 I am_proc_start: [0,2588,10020,com.mediatek.omacp,broadcast,com.mediatek.omacp/.message.OmacpReceiver]
01-10 13:51:48.499071   986  1050 I am_kill : [0,2017,com.android.dialer,906,empty #17]
01-10 13:51:48.514233   986  1050 I am_proc_bound: [0,2588,com.mediatek.omacp]
01-10 13:51:48.518157   986  1761 I am_proc_died: [0,2017,com.android.dialer,906,17]
01-10 13:51:48.518447   986  1761 I am_uid_stopped: 10016
01-10 13:51:48.606696   986  1761 I am_proc_start: [0,2606,1000,com.mediatek.providers.drm,broadcast,com.mediatek.providers.drm/.BootCompletedReceiver]
01-10 13:51:48.613813   986  1050 I am_kill : [0,2279,com.android.gallery3d,906,empty #17]
01-10 13:51:48.630356   986  1050 I am_proc_bound: [0,2606,com.mediatek.providers.drm]
01-10 13:51:48.633956   986  1224 I am_proc_died: [0,2279,com.android.gallery3d,906,17]
01-10 13:51:48.634288   986  1224 I am_uid_stopped: 10054
01-10 13:51:48.712070   986  1224 I am_proc_start: [0,2622,1000,com.mediatek.simprocessor,broadcast,com.mediatek.simprocessor/.BootCmpReceiver]
01-10 13:51:48.713983   986  1224 I am_kill : [0,2254,com.android.exchange,906,empty #17]
01-10 13:51:48.729752   986  1050 I am_proc_died: [0,2254,com.android.exchange,906,17]
01-10 13:51:48.730080   986  1050 I am_uid_stopped: 10045
01-10 13:51:48.734738   986  1050 I am_proc_bound: [0,2622,com.mediatek.simprocessor]
01-10 13:51:48.818375   986  1050 I am_proc_start: [0,2639,1000,com.mediatek.thermalmanager,broadcast,com.mediatek.thermalmanager/.ServiceStarter]
01-10 13:51:48.823490   986   986 I notification_enqueue: [1000,986,android,40,NULL,0,Notification(channel=FOREGROUND_SERVICE pri=0 contentView=null vibrate=null sound=null defaults=0x0 flags=0x2 color=0xff607d8b vis=PRIVATE),1]
01-10 13:51:48.833484   986   986 I notification_enqueue: [1000,2622,com.mediatek.simprocessor,404,NULL,0,Notification(channel=null pri=0 contentView=null vibrate=null sound=null tick defaults=0x0 flags=0x40 color=0x00000000 vis=PRIVATE),0]
01-10 13:51:48.856360   986  1050 I sysui_multi_action: [757,128,758,2,793,33,794,0,795,33,796,404,798,0,806,com.mediatek.simprocessor,857,miscellaneous,858,2,947,0]
01-10 13:51:48.856484   986  1050 I notification_visibility: [0|com.mediatek.simprocessor|404|null|1000,0,33,33,0,0]
01-10 13:51:48.868013   986  1705 I am_proc_bound: [0,2639,com.mediatek.thermalmanager]
01-10 13:51:48.910397   986  1050 I am_uid_running: 10076
01-10 13:51:48.925699   986  1050 I am_proc_start: [0,2655,10076,com.mediatek.camera,broadcast,com.mediatek.camera/.DisableCameraReceiver]
01-10 13:51:48.926777   986  1050 I am_kill : [0,2325,com.android.managedprovisioning,906,empty #17]
01-10 13:51:48.939503   986  1705 I am_proc_died: [0,2325,com.android.managedprovisioning,906,17]
01-10 13:51:48.939738   986  1705 I am_uid_stopped: 10012
01-10 13:51:48.950188   986  1705 I am_proc_bound: [0,2655,com.mediatek.camera]
01-10 13:51:49.024715   986  1705 I am_proc_start: [0,2669,1000,com.mediatek.duraspeed,broadcast,com.mediatek.duraspeed/.view.RunningBoosterAppReceiver]
01-10 13:51:49.025927   986  1705 I am_kill : [0,2381,com.android.onetimeinitializer,906,empty #17]
01-10 13:51:49.043053   986  1705 I am_proc_died: [0,2381,com.android.onetimeinitializer,906,17]
01-10 13:51:49.043282   986  1705 I am_uid_stopped: 10022
01-10 13:51:49.047589   986  1705 I am_proc_bound: [0,2669,com.mediatek.duraspeed]
01-10 13:51:49.120500   986  1705 I am_proc_start: [0,2686,1000,com.mediatek.ppl,broadcast,com.mediatek.ppl/.PplReceiver]
01-10 13:51:49.138463   986  1050 I am_proc_bound: [0,2686,com.mediatek.ppl]
01-10 13:51:49.157982   986  1705 I am_kill : [0,2401,com.android.packageinstaller,906,empty #17]
01-10 13:51:49.174188   986  1705 I am_proc_died: [0,2401,com.android.packageinstaller,906,17]
01-10 13:51:49.174573   986  1705 I am_uid_stopped: 10019
01-10 13:51:49.187976   986   986 I notification_enqueue: [1000,986,android,40,NULL,0,Notification(channel=FOREGROUND_SERVICE pri=0 contentView=null vibrate=null sound=null defaults=0x0 flags=0x2 color=0xff607d8b vis=PRIVATE),1]
01-10 13:51:49.195232   986   986 I notification_enqueue: [1000,2686,com.mediatek.ppl,1,NULL,0,Notification(channel=null pri=0 contentView=null vibrate=null sound=null defaults=0x0 flags=0x40 color=0x00000000 vis=PRIVATE),0]
01-10 13:51:49.197357   986   986 I sysui_multi_action: [757,128,758,5,759,8,793,9,794,0,795,9,796,1,806,com.mediatek.ppl,857,miscellaneous,858,2,947,0]
01-10 13:51:49.197567   986   986 I notification_canceled: [0|com.mediatek.ppl|1|null|1000,8,9,9,0,NULL]
01-10 13:51:49.200832   986   986 I notification_enqueue: [1000,986,android,40,NULL,0,Notification(channel=FOREGROUND_SERVICE pri=0 contentView=null vibrate=null sound=null defaults=0x0 flags=0x2 color=0xff607d8b vis=PRIVATE),1]
01-10 13:51:49.214733   986  1050 I am_kill : [0,2423,com.datalogic.battery,906,empty #17]
01-10 13:51:49.233364   986  1050 I am_proc_died: [0,2423,com.datalogic.battery,906,17]
01-10 13:51:49.233710   986  1050 I am_uid_stopped: 10041
01-10 13:51:49.241000   551   551 I auditd  : type=1400 audit(0.0:84): avc: denied { add_name } for comm="HwBinder:551_2" name="shading_otp" scontext=u:r:mtk_hal_camera:s0 tcontext=u:object_r:system_data_file:s0 tclass=dir permissive=0
01-10 13:51:49.378546   986   986 I sysui_multi_action: [757,128,758,5,759,8,793,555,794,0,795,555,796,404,806,com.mediatek.simprocessor,857,miscellaneous,858,2,947,0]
01-10 13:51:49.378662   986   986 I notification_canceled: [0|com.mediatek.simprocessor|404|null|1000,8,555,555,0,NULL]
01-10 13:51:49.382683   986   986 I notification_enqueue: [1000,986,android,40,NULL,0,Notification(channel=FOREGROUND_SERVICE pri=0 contentView=null vibrate=null sound=null defaults=0x0 flags=0x2 color=0xff607d8b vis=PRIVATE),1]
01-10 13:51:49.384207   986  1705 I am_kill : [0,2440,com.datalogic.enterpriseupdater,906,empty #17]
01-10 13:51:49.410413   986  1050 I am_proc_died: [0,2440,com.datalogic.enterpriseupdater,906,17]
01-10 13:51:49.410701   986  1050 I am_uid_stopped: 10042
01-10 13:51:50.241000   551   551 I auditd  : type=1400 audit(0.0:85): avc: denied { add_name } for comm="HwBinder:551_2" name="shading_otp" scontext=u:r:mtk_hal_camera:s0 tcontext=u:object_r:system_data_file:s0 tclass=dir permissive=0
01-10 13:51:50.467689   986  1050 I am_uid_running: 10030
01-10 13:51:50.480742   986  1050 I am_proc_start: [0,2729,10030,com.gears42.surefox,broadcast,com.gears42.surefox/.DxuReceiver]
01-10 13:51:50.500692   986  1050 I am_proc_bound: [0,2729,com.gears42.surefox]
01-10 13:51:51.241000   551   551 I auditd  : type=1400 audit(0.0:86): avc: denied { add_name } for comm="HwBinder:551_2" name="shading_otp" scontext=u:r:mtk_hal_camera:s0 tcontext=u:object_r:system_data_file:s0 tclass=dir permissive=0
01-10 13:51:51.988314   986  1761 I am_kill : [0,2458,com.datalogic.factory,906,empty #17]
01-10 13:51:52.006103   986  1173 I am_proc_died: [0,2458,com.datalogic.factory,906,17]
01-10 13:51:52.006342   986  1173 I am_uid_stopped: 10046
01-10 13:51:52.068181   986  1705 I force_gc: Binder
01-10 13:51:52.241000   551   551 I auditd  : type=1400 audit(0.0:87): avc: denied { add_name } for comm="HwBinder:551_2" name="shading_otp" scontext=u:r:mtk_hal_camera:s0 tcontext=u:object_r:system_data_file:s0 tclass=dir permissive=0
01-10 13:51:53.089520   986  1705 I am_wtf  : [0,986,system_server,-1,ActivityManager,Sending non-protected broadcast com.gears42.surelock.dxu from system 1645:com.datalogic.dxu/1000 pkg com.datalogic.dxu]
01-10 13:51:53.118773   986  1761 I am_wtf  : [0,986,system_server,-1,ActivityManager,Sending non-protected broadcast datalogic.com.softspot.SettingAction from system 1645:com.datalogic.dxu/1000 pkg com.datalogic.dxu]
01-10 13:51:53.241000   551   551 I auditd  : type=1400 audit(0.0:88): avc: denied { add_name } for comm="HwBinder:551_2" name="shading_otp" scontext=u:r:mtk_hal_camera:s0 tcontext=u:object_r:system_data_file:s0 tclass=dir permissive=0
01-10 13:51:54.241000   551   551 I auditd  : type=1400 audit(0.0:89): avc: denied { add_name } for comm="HwBinder:551_2" name="shading_otp" scontext=u:r:mtk_hal_camera:s0 tcontext=u:object_r:system_data_file:s0 tclass=dir permissive=0
01-10 13:51:54.996781   986  1705 I am_wtf  : [0,986,system_server,-1,ActivityManager,Sending non-protected broadcast com.gears42.surelock.dxu from system 1645:com.datalogic.dxu/1000 pkg com.datalogic.dxu]
01-10 13:51:55.023216   986  1761 I am_wtf  : [0,986,system_server,-1,ActivityManager,Sending non-protected broadcast datalogic.com.softspot.SettingAction from system 1645:com.datalogic.dxu/1000 pkg com.datalogic.dxu]
01-10 13:51:55.245000   551   551 I auditd  : type=1400 audit(0.0:90): avc: denied { add_name } for comm="HwBinder:551_2" name="shading_otp" scontext=u:r:mtk_hal_camera:s0 tcontext=u:object_r:system_data_file:s0 tclass=dir permissive=0
01-10 13:51:56.245000   551   551 I auditd  : type=1400 audit(0.0:91): avc: denied { add_name } for comm="HwBinder:551_2" name="shading_otp" scontext=u:r:mtk_hal_camera:s0 tcontext=u:object_r:system_data_file:s0 tclass=dir permissive=0
01-10 13:51:56.488447   986  1705 I am_wtf  : [0,986,system_server,-1,ActivityManager,Sending non-protected broadcast datalogic.com.softspot.SettingAction from system 1645:com.datalogic.dxu/1000 pkg com.datalogic.dxu]
01-10 13:51:56.496408   986  1761 I am_wtf  : [0,986,system_server,-1,ActivityManager,Sending non-protected broadcast com.gears42.surelock.dxu from system 1645:com.datalogic.dxu/1000 pkg com.datalogic.dxu]
01-10 13:51:57.245000   551   551 I auditd  : type=1400 audit(0.0:92): avc: denied { add_name } for comm="HwBinder:551_2" name="shading_otp" scontext=u:r:mtk_hal_camera:s0 tcontext=u:object_r:system_data_file:s0 tclass=dir permissive=0
01-10 13:51:58.245000   551   551 I chatty  : uid=1047(cameraserver) /vendor/bin/hw/camerahalserver identical 1 line
01-10 13:51:59.245000   551   551 I auditd  : type=1400 audit(0.0:94): avc: denied { add_name } for comm="HwBinder:551_2" name="shading_otp" scontext=u:r:mtk_hal_camera:s0 tcontext=u:object_r:system_data_file:s0 tclass=dir permissive=0
01-10 13:52:00.030067   986  1083 I netstats_mobile_sample: [0,0,0,0,0,0,0,0,0,0,0,0,-1]
01-10 13:52:00.030711   986  1083 I netstats_wifi_sample: [0,0,0,0,0,0,0,0,0,0,0,0,-1]
01-10 13:52:00.145182   986  1000 I am_pss  : [1114,10060,com.android.inputmethod.latin,12674048,9838592,0]
01-10 13:52:00.245000   551   551 I auditd  : type=1400 audit(0.0:95): avc: denied { add_name } for comm="HwBinder:551_2" name="shading_otp" scontext=u:r:mtk_hal_camera:s0 tcontext=u:object_r:system_data_file:s0 tclass=dir permissive=0
01-10 13:52:06.253000   551   551 I chatty  : uid=1047(cameraserver) /vendor/bin/hw/camerahalserver identical 6 lines
01-10 13:52:07.253000   551   551 I auditd  : type=1400 audit(0.0:102): avc: denied { add_name } for comm="HwBinder:551_2" name="shading_otp" scontext=u:r:mtk_hal_camera:s0 tcontext=u:object_r:system_data_file:s0 tclass=dir permissive=0
01-10 13:52:07.430911   986  1008 I am_kill : [0,2492,com.datalogic.setupwizardscanner,906,empty #17]
01-10 13:52:07.432331   986  1008 I am_kill : [0,2477,com.datalogic.scan2deploy,906,empty #18]
01-10 13:52:07.434240   986  1008 I am_kill : [0,1762,android.process.media,906,empty #19]
01-10 13:52:07.478005   986  1761 I am_proc_died: [0,2477,com.datalogic.scan2deploy,906,17]
01-10 13:52:07.478614   986  1761 I am_uid_stopped: 10064
01-10 13:52:07.490092   986  1761 I am_proc_died: [0,2492,com.datalogic.setupwizardscanner,906,17]
01-10 13:52:07.490738   986  1761 I am_uid_stopped: 10066
01-10 13:52:07.502880   986   997 I am_proc_died: [0,1762,android.process.media,906,17]
01-10 13:52:07.503694   986   997 I am_uid_stopped: 10015
01-10 13:52:07.589177   986  1000 I am_pss  : [1730,10032,com.gears42.surelock,27265024,21114880,0]
01-10 13:52:07.661660   986  1000 I am_pss  : [2066,10068,com.datalogic.softspot,22671360,16404480,0]
01-10 13:52:07.708776   986  1000 I am_pss  : [2339,10020,com.android.mms,10262528,5767168,0]
01-10 13:52:07.754823   986  1000 I am_pss  : [1340,1000,com.android.settings,17077248,10125312,0]
01-10 13:52:07.787923   986  1000 I am_pss  : [2180,10072,com.mediatek.mtklogger.proxy,3969024,2277376,0]
01-10 13:52:07.818600   986  1000 I am_pss  : [2160,10051,com.android.calendar,5795840,3444736,0]
01-10 13:52:07.851414   986  1000 I am_pss  : [2141,10049,com.mediatek.mtklogger,7109632,4538368,0]
01-10 13:52:07.882130   986  1000 I am_pss  : [1855,10008,android.ext.services,5305344,2854912,0]
01-10 13:52:07.912511   986  1000 I am_pss  : [1825,10004,com.baidu.map.location,5311488,3440640,0]
01-10 13:52:07.944360   986  1000 I am_pss  : [1778,1000,system:ui,14593024,6705152,0]
01-10 13:52:07.975062   986  1000 I am_pss  : [1721,10018,com.android.launcher3,8420352,5783552,0]
01-10 13:52:08.005100   986  1000 I am_pss  : [1706,10069,com.android.smspush,3936256,2265088,0]
01-10 13:52:08.253000   551   551 I auditd  : type=1400 audit(0.0:103): avc: denied { add_name } for comm="HwBinder:551_2" name="shading_otp" scontext=u:r:mtk_hal_camera:s0 tcontext=u:object_r:system_data_file:s0 tclass=dir permissive=0
01-10 13:52:09.253000   551   551 I auditd  : type=1400 audit(0.0:104): avc: denied { add_name } for comm="HwBinder:551_2" name="shading_otp" scontext=u:r:mtk_hal_camera:s0 tcontext=u:object_r:system_data_file:s0 tclass=dir permissive=0
01-10 13:52:10.056198   986  1001 I am_kill : [0,2506,com.datalogic.systemupdate,906,empty #17]
01-10 13:52:10.083308   986  1761 I am_proc_died: [0,2506,com.datalogic.systemupdate,906,17]
01-10 13:52:10.083831   986  1761 I am_uid_stopped: 10005
01-10 13:52:10.208031   986  1761 I am_proc_start: [0,2900,1000,com.android.keychain,service,com.android.keychain/.KeyChainService]
01-10 13:52:10.257000   551   551 I auditd  : type=1400 audit(0.0:105): avc: denied { add_name } for comm="HwBinder:551_2" name="shading_otp" scontext=u:r:mtk_hal_camera:s0 tcontext=u:object_r:system_data_file:s0 tclass=dir permissive=0
01-10 13:52:10.257225   986  1761 I am_proc_bound: [0,2900,com.android.keychain]
01-10 13:52:10.261000  2898  2898 I auditd  : type=1400 audit(0.0:106): avc: denied { getattr } for comm="ls" path="/data/core" dev="dm-2" ino=122881 scontext=u:r:shell:s0 tcontext=u:object_r:aee_core_data_file:s0 tclass=dir permissive=0
01-10 13:52:10.265000  2898  2898 I auditd  : type=1400 audit(0.0:107): avc: denied { getattr } for comm="ls" path="/data/tombstones" dev="dm-2" ino=1228801 scontext=u:r:shell:s0 tcontext=u:object_r:tombstone_data_file:s0 tclass=dir permissive=0
01-10 13:52:10.265000  2898  2898 I auditd  : type=1400 audit(0.0:108): avc: denied { search } for comm="ls" name="mdlog" dev="dm-2" ino=262145 scontext=u:r:shell:s0 tcontext=u:object_r:mdlog_data_file:s0 tclass=dir permissive=0
01-10 13:52:10.346675   986   997 I am_kill : [0,1684,com.android.printspooler,906,empty #17]
01-10 13:52:10.373376   986   997 I am_proc_died: [0,1684,com.android.printspooler,906,17]
01-10 13:52:10.373877   986   997 I am_uid_stopped: 10062
01-10 13:52:10.497110   986   997 I wm_task_created: [375,1]
01-10 13:52:10.497779   986   997 I wm_task_moved: [375,1,1]
01-10 13:52:10.498370   986   997 I wm_task_moved: [375,1,1]
01-10 13:52:10.498801   986   997 I am_create_task: [0,375]
01-10 13:52:10.498851   986   997 I am_create_activity: [0,86139764,375,com.android.mms/.ui.BootActivity,android.intent.action.MAIN,NULL,NULL,270532608]
01-10 13:52:10.501892   986   997 I wm_task_moved: [375,1,1]
01-10 13:52:10.509774   986   997 I am_uid_active: 10020
01-10 13:52:10.509979   986   997 I am_restart_activity: [0,86139764,375,com.android.mms/.ui.BootActivity]
01-10 13:52:10.510943   986   997 I am_set_resumed_activity: [0,com.android.mms/.ui.BootActivity,minimalResumeActivityLocked]
01-10 13:52:10.512425   986   997 I am_pause_activity: [0,86139764,com.android.mms/.ui.BootActivity]
01-10 13:52:10.532792   986  1761 I am_finish_activity: [0,86139764,375,com.android.mms/.ui.BootActivity,app-request]
01-10 13:52:10.534511   986  1001 I sysui_count: [window_time_0,27]
01-10 13:52:10.534687   986  1001 I sysui_multi_action: [757,803,799,window_time_0,802,27]
01-10 13:52:10.539433   986  1761 I wm_task_created: [376,1]
01-10 13:52:10.539874   986  1761 I wm_task_moved: [376,1,2]
01-10 13:52:10.540103   986  1761 I wm_task_moved: [376,1,2]
01-10 13:52:10.540541   986  1761 I am_create_task: [0,376]
01-10 13:52:10.540621   986  1761 I am_create_activity: [0,180939161,376,com.android.mms/.ui.ConversationList,NULL,NULL,NULL,268468224]
01-10 13:52:10.541308   986  1761 I wm_task_moved: [376,1,2]
01-10 13:52:10.559084   986  1761 I am_restart_activity: [0,180939161,376,com.android.mms/.ui.ConversationList]
01-10 13:52:10.559905   986  1761 I am_set_resumed_activity: [0,com.android.mms/.ui.ConversationList,minimalResumeActivityLocked]
01-10 13:52:10.560966   986  1761 I am_pause_activity: [0,180939161,com.android.mms/.ui.ConversationList]
01-10 13:52:10.562847   986  1001 I sysui_multi_action: [757,1151,758,8,806,com.android.mms,871,com.android.mms.ui.ConversationList]
01-10 13:52:10.563095   986  1001 I am_destroy_activity: [0,86139764,375,com.android.mms/.ui.BootActivity,finish-idle]
01-10 13:52:10.565707   986  1001 I sysui_count: [window_time_0,0]
01-10 13:52:10.565891   986  1001 I sysui_multi_action: [757,803,799,window_time_0,802,0]
01-10 13:52:10.631809  2339  2339 I am_on_resume_called: [0,com.android.mms.ui.ConversationList,LAUNCH_ACTIVITY]
01-10 13:52:10.648041  2339  2339 I am_on_paused_called: [0,com.android.mms.ui.ConversationList,handlePauseActivity]
01-10 13:52:10.649862   986  1001 I am_stop_activity: [0,180939161,com.android.mms/.ui.ConversationList]
01-10 13:52:10.650726   986   997 I wm_task_removed: [375,removeAppToken: last token]
01-10 13:52:10.650971   986   997 I wm_task_removed: [375,removeTask]
01-10 13:52:10.704178  2339  2339 I am_on_stop_called: [0,com.android.mms.ui.ConversationList,handleStopActivity]
01-10 13:52:11.257000   551   551 I auditd  : type=1400 audit(0.0:109): avc: denied { add_name } for comm="HwBinder:551_2" name="shading_otp" scontext=u:r:mtk_hal_camera:s0 tcontext=u:object_r:system_data_file:s0 tclass=dir permissive=0
01-10 13:52:12.041997   986   986 I notification_enqueue: [10049,2141,com.mediatek.mtklogger,2130837539,NULL,0,Notification(channel=null pri=0 contentView=null vibrate=null sound=null tick defaults=0x0 flags=0x0 color=0x00000000 vis=PRIVATE),1]
01-10 13:52:12.257000   551   551 I auditd  : type=1400 audit(0.0:110): avc: denied { add_name } for comm="HwBinder:551_2" name="shading_otp" scontext=u:r:mtk_hal_camera:s0 tcontext=u:object_r:system_data_file:s0 tclass=dir permissive=0
01-10 13:52:12.848383   986  1173 I sysui_multi_action: [757,128,758,2,793,26426,794,25718,795,810,796,2130837539,798,0,806,com.mediatek.mtklogger,857,miscellaneous,858,2,947,0]
01-10 13:52:12.848594   986  1173 I notification_visibility: [0|com.mediatek.mtklogger|2130837539|null|10049,0,26426,810,0,0]
01-10 13:52:12.848900   986  1173 I sysui_multi_action: [757,128,758,2,793,27958,794,27150,795,27958,796,1,798,1,806,com.datalogic.softspot,857,com.datalogic.softspot.booting,858,2,947,0]
01-10 13:52:12.848992   986  1173 I notification_visibility: [0|com.datalogic.softspot|1|null|10068,0,27958,27958,0,1]
01-10 13:52:12.850592   986  1173 I sysui_view_visibility: [127,0]
01-10 13:52:12.850885   986  1173 I sysui_multi_action: [757,127,758,2]
01-10 13:52:12.850963   986  1173 I notification_panel_hidden: 
01-10 13:52:12.861679   986  1173 I am_set_resumed_activity: [0,com.android.mms/.ui.ConversationList,resumeTopActivityInnerLocked]
01-10 13:52:12.865204   986  1173 I am_resume_activity: [0,180939161,376,com.android.mms/.ui.ConversationList]
01-10 13:52:12.903578  2339  2339 I am_on_resume_called: [0,com.android.mms.ui.ConversationList,RESUME_ACTIVITY]
01-10 13:52:12.997127  1126  1126 I sysui_view_visibility: [111,0]
01-10 13:52:12.997374  1126  1126 I sysui_multi_action: [757,111,758,2]
01-10 13:52:13.004563  1126  1126 I sysui_multi_action: [757,196,758,2,759,0]
01-10 13:52:13.004723  1126  1126 I sysui_status_bar_state: [0,0,0,0,0,1]
01-10 13:52:13.016299   986   997 I notification_expansion: [0|com.mediatek.mtklogger|2130837539|null|10049,0,1,26594,978,25886]
01-10 13:52:13.026888   986   986 I notification_enqueue: [1000,986,android,0,com.android.server.wm.AlertWindowNotification - com.datalogic.softspot,0,Notification(channel=com.android.server.wm.AlertWindowNotification - com.datalogic.softspot pri=0 contentView=null vibrate=null sound=null defaults=0x0 flags=0x102 color=0xff607d8b vis=PRIVATE),0]
01-10 13:52:13.257000   551   551 I auditd  : type=1400 audit(0.0:111): avc: denied { add_name } for comm="HwBinder:551_2" name="shading_otp" scontext=u:r:mtk_hal_camera:s0 tcontext=u:object_r:system_data_file:s0 tclass=dir permissive=0
01-10 13:52:17.261000   551   551 I chatty  : uid=1047(cameraserver) /vendor/bin/hw/camerahalserver identical 4 lines
01-10 13:52:18.261000   551   551 I auditd  : type=1400 audit(0.0:116): avc: denied { add_name } for comm="HwBinder:551_2" name="shading_otp" scontext=u:r:mtk_hal_camera:s0 tcontext=u:object_r:system_data_file:s0 tclass=dir permissive=0
01-10 13:52:18.741538  2339  2339 I menu_item_selected: [0,]
01-10 13:52:18.744499   986   997 I wm_task_moved: [376,1,1]
01-10 13:52:18.745184   986   997 I am_create_activity: [0,54019883,376,com.android.mms/com.mediatek.mwi.MwiListActivity,NULL,NULL,NULL,0]
01-10 13:52:18.748873   986   997 I am_pause_activity: [0,180939161,com.android.mms/.ui.ConversationList]
01-10 13:52:18.762862  2339  2339 I am_on_paused_called: [0,com.android.mms.ui.ConversationList,handlePauseActivity]
01-10 13:52:18.764882   986  1224 I am_restart_activity: [0,54019883,376,com.android.mms/com.mediatek.mwi.MwiListActivity]
01-10 13:52:18.768096   986  1224 I am_set_resumed_activity: [0,com.android.mms/com.mediatek.mwi.MwiListActivity,minimalResumeActivityLocked]
01-10 13:52:18.770906   986  1001 I sysui_count: [window_time_0,8]
01-10 13:52:18.771106   986  1001 I sysui_multi_action: [757,803,799,window_time_0,802,8]
01-10 13:52:18.805995   986  1000 I am_pss  : [2239,10052,com.android.email,12003328,8716288,0]
01-10 13:52:18.834020  2339  2339 I am_on_resume_called: [0,com.mediatek.mwi.MwiListActivity,LAUNCH_ACTIVITY]
01-10 13:52:18.835278   986  1000 I am_pss  : [2606,1000,com.mediatek.providers.drm,4282368,2289664,0]
01-10 13:52:18.866296   986  1000 I am_pss  : [2588,10020,com.mediatek.omacp,5171200,3051520,0]
01-10 13:52:18.887388   986  1009 I am_activity_launch_time: [0,54019883,com.android.mms/com.mediatek.mwi.MwiListActivity,120,35871]
01-10 13:52:18.898109   986  1000 I am_pss  : [2568,1001,com.mediatek.engineermode,6751232,4964352,0]
01-10 13:52:18.928176   986  1000 I am_pss  : [2553,1000,com.mediatek.bluetooth.dtt,4610048,2969600,0]
01-10 13:52:18.957851   986  1000 I am_pss  : [2537,1000,com.mediatek.batterywarning,3907584,2248704,0]
01-10 13:52:18.988895   986  1000 I am_pss  : [2523,1000,com.example.factorydevelopx,4297728,2641920,0]
01-10 13:52:19.019724   986  1000 I am_pss  : [2639,1000,com.mediatek.thermalmanager,3819520,2207744,0]
01-10 13:52:19.264087   986  1001 I am_stop_activity: [0,180939161,com.android.mms/.ui.ConversationList]
01-10 13:52:19.261000   551   551 I auditd  : type=1400 audit(0.0:117): avc: denied { add_name } for comm="HwBinder:551_2" name="shading_otp" scontext=u:r:mtk_hal_camera:s0 tcontext=u:object_r:system_data_file:s0 tclass=dir permissive=0
01-10 13:52:19.268991  2339  2339 I am_on_stop_called: [0,com.android.mms.ui.ConversationList,handleStopActivity]
01-10 13:52:19.346549   986  1000 I am_pss  : [2686,1000,com.mediatek.ppl,4612096,2510848,0]
01-10 13:52:19.402009   986  1000 I am_pss  : [2669,1000,com.mediatek.duraspeed,5139456,3141632,0]
01-10 13:52:19.444404   986  1000 I am_pss  : [2655,10076,com.mediatek.camera,5542912,3645440,0]
01-10 13:52:20.261000   551   551 I auditd  : type=1400 audit(0.0:118): avc: denied { add_name } for comm="HwBinder:551_2" name="shading_otp" scontext=u:r:mtk_hal_camera:s0 tcontext=u:object_r:system_data_file:s0 tclass=dir permissive=0
01-10 13:52:20.698918   986  1000 I am_pss  : [1956,10002,android.process.acore,13190144,9695232,0]
01-10 13:52:20.766658   986  1000 I am_pss  : [2622,1000,com.mediatek.simprocessor,4558848,2514944,0]
01-10 13:52:21.265000   551   551 I auditd  : type=1400 audit(0.0:119): avc: denied { add_name } for comm="HwBinder:551_2" name="shading_otp" scontext=u:r:mtk_hal_camera:s0 tcontext=u:object_r:system_data_file:s0 tclass=dir permissive=0
01-10 13:52:25.265000   551   551 I chatty  : uid=1047(cameraserver) /vendor/bin/hw/camerahalserver identical 4 lines
01-10 13:52:26.269000   551   551 I auditd  : type=1400 audit(0.0:124): avc: denied { add_name } for comm="HwBinder:551_2" name="shading_otp" scontext=u:r:mtk_hal_camera:s0 tcontext=u:object_r:system_data_file:s0 tclass=dir permissive=0
01-10 13:52:27.174836   986  1173 I wm_task_created: [377,1]
01-10 13:52:27.176502   986  1173 I wm_task_moved: [377,1,2]
01-10 13:52:27.177519   986  1173 I wm_task_moved: [377,1,2]
01-10 13:52:27.179374   986  1173 I am_create_task: [0,377]
01-10 13:52:27.179723   986  1173 I am_create_activity: [0,209981461,377,com.datalogic.scan/.MainActivity,android.intent.action.MAIN,NULL,NULL,270532608]
01-10 13:52:27.183775   986  1173 I wm_task_moved: [377,1,2]
01-10 13:52:27.185534   986  1173 I am_pause_activity: [0,54019883,com.android.mms/com.mediatek.mwi.MwiListActivity]
01-10 13:52:27.186578  2339  2339 I am_on_paused_called: [0,com.mediatek.mwi.MwiListActivity,handlePauseActivity]
01-10 13:52:27.190912   986   997 I am_uid_running: 10065
01-10 13:52:27.205510   986   997 I am_proc_start: [0,2983,10065,com.datalogic.scan,activity,com.datalogic.scan/.MainActivity]
01-10 13:52:27.208319   986  1001 I sysui_count: [window_time_0,9]
01-10 13:52:27.208492   986  1001 I sysui_multi_action: [757,803,799,window_time_0,802,9]
01-10 13:52:27.220835   986   997 I am_proc_bound: [0,2983,com.datalogic.scan]
01-10 13:52:27.228217   986   997 I am_uid_active: 10065
01-10 13:52:27.228389   986   997 I am_restart_activity: [0,209981461,377,com.datalogic.scan/.MainActivity]
01-10 13:52:27.229388   986   997 I am_set_resumed_activity: [0,com.datalogic.scan/.MainActivity,minimalResumeActivityLocked]
01-10 13:52:27.269000   551   551 I auditd  : type=1400 audit(0.0:125): avc: denied { add_name } for comm="HwBinder:551_2" name="shading_otp" scontext=u:r:mtk_hal_camera:s0 tcontext=u:object_r:system_data_file:s0 tclass=dir permissive=0
01-10 13:52:27.278783   986  1000 I am_pss  : [2729,10030,com.gears42.surefox,47120384,23597056,0]
01-10 13:52:27.344690  2983  2983 I am_on_resume_called: [0,com.datalogic.scan.MainActivity,LAUNCH_ACTIVITY]
01-10 13:52:27.454060   986  1009 I sysui_multi_action: [319,112,321,80,322,288,325,65,757,761,758,7,759,1,806,com.datalogic.scan,871,com.datalogic.scan.MainActivity,905,0,945,60]
01-10 13:52:27.454169   986  1009 I am_activity_launch_time: [0,209981461,com.datalogic.scan/.MainActivity,259,259]
01-10 13:52:28.021125   986  1001 I am_stop_activity: [0,54019883,com.android.mms/com.mediatek.mwi.MwiListActivity]
01-10 13:52:28.023156  2339  2339 I am_on_stop_called: [0,com.mediatek.mwi.MwiListActivity,handleStopActivity]
01-10 13:52:28.269000   551   551 I auditd  : type=1400 audit(0.0:126): avc: denied { add_name } for comm="HwBinder:551_2" name="shading_otp" scontext=u:r:mtk_hal_camera:s0 tcontext=u:object_r:system_data_file:s0 tclass=dir permissive=0
01-10 13:52:36.277000   551   551 I chatty  : uid=1047(cameraserver) /vendor/bin/hw/camerahalserver identical 8 lines
01-10 13:52:37.277000   551   551 I auditd  : type=1400 audit(0.0:135): avc: denied { add_name } for comm="HwBinder:551_2" name="shading_otp" scontext=u:r:mtk_hal_camera:s0 tcontext=u:object_r:system_data_file:s0 tclass=dir permissive=0
01-10 13:52:38.144024   986  1102 I storage_state: [41217664-9172-527a-b3d5-edabb50a7d69,0,0,24791105536,25830957056]
01-10 13:52:38.277000   551   551 I auditd  : type=1400 audit(0.0:136): avc: denied { add_name } for comm="HwBinder:551_2" name="shading_otp" scontext=u:r:mtk_hal_camera:s0 tcontext=u:object_r:system_data_file:s0 tclass=dir permissive=0
01-10 13:52:38.285077   986   986 I am_kill : [0,2160,com.android.calendar,906,empty #17]
01-10 13:52:38.317191   986  1705 I am_proc_died: [0,2160,com.android.calendar,906,17]
01-10 13:52:38.317671   986  1705 I am_uid_stopped: 10051
01-10 13:52:38.391918   986  1000 I am_pss  : [2983,10065,com.datalogic.scan,33609728,22962176,0]
01-10 13:52:39.277000   551   551 I auditd  : type=1400 audit(0.0:137): avc: denied { add_name } for comm="HwBinder:551_2" name="shading_otp" scontext=u:r:mtk_hal_camera:s0 tcontext=u:object_r:system_data_file:s0 tclass=dir permissive=0
01-10 13:52:43.281000   551   551 I chatty  : uid=1047(cameraserver) /vendor/bin/hw/camerahalserver identical 4 lines
01-10 13:52:44.285000   551   551 I auditd  : type=1400 audit(0.0:142): avc: denied { add_name } for comm="HwBinder:551_2" name="shading_otp" scontext=u:r:mtk_hal_camera:s0 tcontext=u:object_r:system_data_file:s0 tclass=dir permissive=0
01-10 13:52:44.746988   986  1001 I am_uid_idle: 10002
01-10 13:52:45.285000   551   551 I auditd  : type=1400 audit(0.0:143): avc: denied { add_name } for comm="HwBinder:551_2" name="shading_otp" scontext=u:r:mtk_hal_camera:s0 tcontext=u:object_r:system_data_file:s0 tclass=dir permissive=0
01-10 13:52:58.293000   551   551 I chatty  : uid=1047(cameraserver) /vendor/bin/hw/camerahalserver identical 13 lines
01-10 13:52:59.293000   551   551 I auditd  : type=1400 audit(0.0:157): avc: denied { add_name } for comm="HwBinder:551_2" name="shading_otp" scontext=u:r:mtk_hal_camera:s0 tcontext=u:object_r:system_data_file:s0 tclass=dir permissive=0
01-10 13:53:00.148552   986  1000 I am_pss  : [2339,10020,com.android.mms,29577216,20262912,0]
01-10 13:53:00.214453   986  1000 I am_pss  : [1855,10008,android.ext.services,4871168,2551808,0]
01-10 13:53:00.262746   986  1000 I am_pss  : [2216,10011,com.android.providers.calendar,6305792,4091904,0]
01-10 13:53:00.293000   551   551 I auditd  : type=1400 audit(0.0:158): avc: denied { add_name } for comm="HwBinder:551_2" name="shading_otp" scontext=u:r:mtk_hal_camera:s0 tcontext=u:object_r:system_data_file:s0 tclass=dir permissive=0
01-10 13:53:00.304941   986  1000 I am_pss  : [2900,1000,com.android.keychain,4111360,2367488,0]
01-10 13:53:00.340504   986  1000 I am_pss  : [1778,1000,system:ui,11339776,5853184,0]
01-10 13:53:01.293000   551   551 I auditd  : type=1400 audit(0.0:159): avc: denied { add_name } for comm="HwBinder:551_2" name="shading_otp" scontext=u:r:mtk_hal_camera:s0 tcontext=u:object_r:system_data_file:s0 tclass=dir permissive=0
01-10 13:53:04.297000   551   551 I chatty  : uid=1047(cameraserver) /vendor/bin/hw/camerahalserver identical 3 lines
01-10 13:53:05.297000   551   551 I auditd  : type=1400 audit(0.0:163): avc: denied { add_name } for comm="HwBinder:551_2" name="shading_otp" scontext=u:r:mtk_hal_camera:s0 tcontext=u:object_r:system_data_file:s0 tclass=dir permissive=0
01-10 13:53:06.009248   986  1071 I sysui_count: [key_back_down,1]
01-10 13:53:06.009719   986  1071 I sysui_multi_action: [757,803,799,key_back_down,802,1]
01-10 13:53:06.021351   986  1705 I am_finish_activity: [0,209981461,377,com.datalogic.scan/.MainActivity,app-request]
01-10 13:53:06.023683   986  1705 I am_pause_activity: [0,209981461,com.datalogic.scan/.MainActivity]
01-10 13:53:06.029975   986  1001 I sysui_count: [window_time_0,39]
01-10 13:53:06.030155   986  1001 I sysui_multi_action: [757,803,799,window_time_0,802,39]
01-10 13:53:06.032887  2983  2983 I am_on_paused_called: [0,com.datalogic.scan.MainActivity,handlePauseActivity]
01-10 13:53:06.035349   986  1705 I am_set_resumed_activity: [0,com.android.mms/com.mediatek.mwi.MwiListActivity,resumeTopActivityInnerLocked]
01-10 13:53:06.039722   986  1705 I am_resume_activity: [0,54019883,376,com.android.mms/com.mediatek.mwi.MwiListActivity]
01-10 13:53:06.042069   986  1001 I sysui_count: [window_time_0,0]
01-10 13:53:06.042256   986  1001 I sysui_multi_action: [757,803,799,window_time_0,802,0]
01-10 13:53:06.068891  2339  2339 I am_on_resume_called: [0,com.mediatek.mwi.MwiListActivity,RESUME_ACTIVITY]
01-10 13:53:06.297000   551   551 I auditd  : type=1400 audit(0.0:164): avc: denied { add_name } for comm="HwBinder:551_2" name="shading_otp" scontext=u:r:mtk_hal_camera:s0 tcontext=u:object_r:system_data_file:s0 tclass=dir permissive=0
01-10 13:53:06.862554   986  1001 I am_destroy_activity: [0,209981461,377,com.datalogic.scan/.MainActivity,finish-imm]
01-10 13:53:06.866452   986  1001 I am_kill : [0,2523,com.example.factorydevelopx,906,empty #17]
01-10 13:53:06.879020  2983  2983 I am_on_stop_called: [0,com.datalogic.scan.MainActivity,destroy]
01-10 13:53:06.894523   986  1705 I wm_task_removed: [377,removeAppToken: last token]
01-10 13:53:06.896160   986  1705 I wm_task_removed: [377,removeTask]
01-10 13:53:06.909269   986  1705 I am_proc_died: [0,2523,com.example.factorydevelopx,906,17]
01-10 13:53:07.301000   551   551 I auditd  : type=1400 audit(0.0:165): avc: denied { add_name } for comm="HwBinder:551_2" name="shading_otp" scontext=u:r:mtk_hal_camera:s0 tcontext=u:object_r:system_data_file:s0 tclass=dir permissive=0
01-10 13:53:09.301000   551   551 I chatty  : uid=1047(cameraserver) /vendor/bin/hw/camerahalserver identical 2 lines
01-10 13:53:10.301000   551   551 I auditd  : type=1400 audit(0.0:168): avc: denied { add_name } for comm="HwBinder:551_2" name="shading_otp" scontext=u:r:mtk_hal_camera:s0 tcontext=u:object_r:system_data_file:s0 tclass=dir permissive=0
01-10 13:53:10.510191   986  1001 I am_uid_idle: 10008
01-10 13:53:11.301000   551   551 I auditd  : type=1400 audit(0.0:169): avc: denied { add_name } for comm="HwBinder:551_2" name="shading_otp" scontext=u:r:mtk_hal_camera:s0 tcontext=u:object_r:system_data_file:s0 tclass=dir permissive=0
01-10 13:53:22.309000   551   551 I chatty  : uid=1047(cameraserver) /vendor/bin/hw/camerahalserver identical 11 lines
01-10 13:53:23.309000   551   551 I auditd  : type=1400 audit(0.0:181): avc: denied { add_name } for comm="HwBinder:551_2" name="shading_otp" scontext=u:r:mtk_hal_camera:s0 tcontext=u:object_r:system_data_file:s0 tclass=dir permissive=0
01-10 13:53:23.387513   986  1002 I am_proc_start: [0,3108,10021,com.android.systemui:screenshot,service,com.android.systemui/.screenshot.TakeScreenshotService]
01-10 13:53:23.436639   986  1705 I am_proc_bound: [0,3108,com.android.systemui:screenshot]
01-10 13:53:23.566472   986  1000 I am_pss  : [2339,10020,com.android.mms,36050944,26738688,0]
01-10 13:53:24.313000   551   551 I auditd  : type=1400 audit(0.0:182): avc: denied { add_name } for comm="HwBinder:551_2" name="shading_otp" scontext=u:r:mtk_hal_camera:s0 tcontext=u:object_r:system_data_file:s0 tclass=dir permissive=0
01-10 13:53:25.078364   986   986 I notification_enqueue: [10021,3108,com.android.systemui,1,NULL,0,Notification(channel=SCN pri=0 contentView=null vibrate=null sound=null tick defaults=0x0 flags=0x20 color=0xff607d8b vis=PRIVATE publicVersion=Notification(channel=SCN pri=0 contentView=null vibrate=null sound=null defaults=0x0 flags=0x0 color=0xff607d8b category=progress vis=PRIVATE)),0]
01-10 13:53:25.203853   986  1050 I notification_expansion: [0|com.android.systemui|1|null|10021,0,1,128,128,0]
01-10 13:53:25.205804   986  1050 I notification_expansion: [0|com.mediatek.mtklogger|2130837539|null|10049,0,0,98783,73167,98075]
01-10 13:53:25.304294   986  1050 I am_uid_running: 10015
01-10 13:53:25.313000   551   551 I auditd  : type=1400 audit(0.0:183): avc: denied { add_name } for comm="HwBinder:551_2" name="shading_otp" scontext=u:r:mtk_hal_camera:s0 tcontext=u:object_r:system_data_file:s0 tclass=dir permissive=0
01-10 13:53:25.328128   986  1050 I am_proc_start: [0,3152,10015,android.process.media,content provider,com.android.providers.media/.MediaProvider]
01-10 13:53:25.356943   986  1705 I am_proc_bound: [0,3152,android.process.media]
01-10 13:53:25.361181   986  1705 I am_uid_active: 10015
01-10 13:53:25.527400   986   986 I notification_enqueue: [10021,3108,com.android.systemui,1,NULL,0,Notification(channel=SCN pri=0 contentView=null vibrate=null sound=null tick defaults=0x0 flags=0x10 color=0xff607d8b actions=2 vis=PRIVATE publicVersion=Notification(channel=SCN pri=0 contentView=null vibrate=null sound=null defaults=0x0 flags=0x10 color=0xff607d8b category=progress vis=PRIVATE)),1]
01-10 13:53:25.548623   986  1050 I am_kill : [0,2537,com.mediatek.batterywarning,906,empty #17]
01-10 13:53:25.572879   986  1050 I am_proc_died: [0,2537,com.mediatek.batterywarning,906,17]
01-10 13:53:26.313000   551   551 I auditd  : type=1400 audit(0.0:184): avc: denied { add_name } for comm="HwBinder:551_2" name="shading_otp" scontext=u:r:mtk_hal_camera:s0 tcontext=u:object_r:system_data_file:s0 tclass=dir permissive=0
01-10 13:53:51.333000   551   551 I chatty  : uid=1047(cameraserver) /vendor/bin/hw/camerahalserver identical 25 lines
01-10 13:53:52.333000   551   551 I auditd  : type=1400 audit(0.0:210): avc: denied { add_name } for comm="HwBinder:551_2" name="shading_otp" scontext=u:r:mtk_hal_camera:s0 tcontext=u:object_r:system_data_file:s0 tclass=dir permissive=0
01-10 13:53:53.087595   986  1071 I wm_task_created: [378,1]
01-10 13:53:53.089271   986  1071 I wm_task_moved: [378,1,2]
01-10 13:53:53.090173   986  1071 I wm_task_moved: [378,1,2]
01-10 13:53:53.091807   986  1071 I am_create_task: [0,378]
01-10 13:53:53.092102   986  1071 I am_create_activity: [0,35251915,378,com.android.music/.MusicBrowserActivity,android.intent.action.MAIN,NULL,NULL,268435456]
01-10 13:53:53.095462   986  1071 I wm_task_moved: [378,1,2]
01-10 13:53:53.096959   986  1071 I am_pause_activity: [0,54019883,com.android.mms/com.mediatek.mwi.MwiListActivity]
01-10 13:53:53.097845  2339  2339 I am_on_paused_called: [0,com.mediatek.mwi.MwiListActivity,handlePauseActivity]
01-10 13:53:53.098809   986  1071 I am_uid_running: 10080
01-10 13:53:53.112044   986  1071 I am_proc_start: [0,3205,10080,com.android.music,activity,com.android.music/.MusicBrowserActivity]
01-10 13:53:53.121679   986  1001 I am_kill : [0,2553,com.mediatek.bluetooth.dtt,906,empty #17]
01-10 13:53:53.138870   986  1050 I am_proc_died: [0,2553,com.mediatek.bluetooth.dtt,906,17]
01-10 13:53:53.141576   986  1760 I am_proc_bound: [0,3205,com.android.music]
01-10 13:53:53.148099   986  1760 I am_uid_active: 10080
01-10 13:53:53.148273   986  1760 I am_restart_activity: [0,35251915,378,com.android.music/.MusicBrowserActivity]
01-10 13:53:53.150430   986  1760 I am_set_resumed_activity: [0,com.android.music/.MusicBrowserActivity,minimalResumeActivityLocked]
01-10 13:53:53.172298   986  1000 I am_pss  : [2983,10065,com.datalogic.scan,24402944,15167488,0]
01-10 13:53:53.210846   986  1000 I am_pss  : [1666,1000,com.datalogic.service,36725760,31588352,0]
01-10 13:53:53.242855   986  1000 I am_pss  : [1658,1027,com.android.nfc,10972160,7180288,0]
01-10 13:53:53.274999   986  1000 I am_pss  : [1645,1000,com.datalogic.dxu,26818560,22482944,0]
01-10 13:53:53.311162   986  1000 I am_pss  : [1304,1001,com.android.phone,27602944,20549632,0]
01-10 13:53:53.333000   551   551 I auditd  : type=1400 audit(0.0:211): avc: denied { add_name } for comm="HwBinder:551_2" name="shading_otp" scontext=u:r:mtk_hal_camera:s0 tcontext=u:object_r:system_data_file:s0 tclass=dir permissive=0
01-10 13:53:53.337706  3205  3205 I am_on_resume_called: [0,com.android.music.PlaylistBrowserActivity,moveToState-STARTED]
01-10 13:53:53.338768  3205  3205 I am_on_resume_called: [0,com.android.music.MusicBrowserActivity,LAUNCH_ACTIVITY]
01-10 13:53:53.345236   986  1000 I am_pss  : [1288,1001,com.mediatek.ims,12639232,7487488,0]
01-10 13:53:53.379250   986  1001 I am_uid_running: 10078
01-10 13:53:53.393100   986  1001 I am_proc_start: [0,3227,10078,com.android.musicfx,broadcast,com.android.musicfx/.ControlPanelReceiver]
01-10 13:53:53.394432   986  1000 I am_pss  : [1126,10021,com.android.systemui,73775104,55869440,0]
01-10 13:53:53.409488   986  1760 I am_proc_bound: [0,3227,com.android.musicfx]
01-10 13:53:53.454728   986  1000 I am_pss  : [986,1000,system,153906176,123457536,0]
01-10 13:53:53.465072  3205  3205 I am_on_resume_called: [0,com.android.music.TrackBrowserActivity,moveToState-INITIALIZING]
01-10 13:53:53.586811   986  1009 I sysui_multi_action: [319,105,321,85,322,519,325,151,757,761,758,8,759,1,806,com.android.music,871,com.android.music.MusicBrowserActivity,904,android,905,0,945,78]
01-10 13:53:53.586894   986  1009 I am_activity_launch_time: [0,35251915,com.android.music/.MusicBrowserActivity,484,484]
01-10 13:53:53.904458   986  1001 I am_stop_activity: [0,54019883,com.android.mms/com.mediatek.mwi.MwiListActivity]
01-10 13:53:53.905702  2339  2339 I am_on_stop_called: [0,com.mediatek.mwi.MwiListActivity,handleStopActivity]
01-10 13:53:54.131419   986  1761 I wm_task_created: [379,1]
01-10 13:53:54.132690   986  1761 I wm_task_moved: [379,1,3]
01-10 13:53:54.133667   986  1761 I wm_task_moved: [379,1,3]
01-10 13:53:54.135453   986  1761 I am_create_task: [0,379]
01-10 13:53:54.135688   986  1761 I am_create_activity: [0,189014359,379,com.android.settings/.Settings,android.intent.action.MAIN,NULL,NULL,270532608]
01-10 13:53:54.139740   986  1761 I wm_task_moved: [379,1,3]
01-10 13:53:54.141849   986  1761 I am_pause_activity: [0,35251915,com.android.music/.MusicBrowserActivity]
01-10 13:53:54.149360  3205  3205 I am_on_paused_called: [0,com.android.music.PlaylistBrowserActivity,performPause]
01-10 13:53:54.149950  3205  3205 I am_on_paused_called: [0,com.android.music.TrackBrowserActivity,performPause]
01-10 13:53:54.150188  3205  3205 I am_on_paused_called: [0,com.android.music.MusicBrowserActivity,handlePauseActivity]
01-10 13:53:54.158378   986  1173 I am_restart_activity: [0,189014359,379,com.android.settings/.Settings]
01-10 13:53:54.161991   986  1173 I am_set_resumed_activity: [0,com.android.settings/.Settings,minimalResumeActivityLocked]
01-10 13:53:54.169039   986  1001 I sysui_count: [window_time_0,48]
01-10 13:53:54.169233   986  1001 I sysui_multi_action: [757,803,799,window_time_0,802,48]
01-10 13:53:54.201171   986  1173 I am_finish_activity: [0,189014359,379,com.android.settings/.Settings,app-request]
01-10 13:53:54.202009   986  1173 I am_pause_activity: [0,189014359,com.android.settings/.Settings]
01-10 13:53:54.205310   986  1001 I sysui_count: [window_time_0,0]
01-10 13:53:54.205549   986  1001 I sysui_multi_action: [757,803,799,window_time_0,802,0]
01-10 13:53:54.284789   986  1173 I am_set_resumed_activity: [0,com.android.music/.MusicBrowserActivity,resumeTopActivityInnerLocked]
01-10 13:53:54.289219   986  1173 I am_resume_activity: [0,35251915,378,com.android.music/.MusicBrowserActivity]
01-10 13:53:54.297674   986  1001 I sysui_count: [window_time_0,0]
01-10 13:53:54.297836   986  1001 I sysui_multi_action: [757,803,799,window_time_0,802,0]
01-10 13:53:54.305309  3205  3205 I am_on_resume_called: [0,com.android.music.PlaylistBrowserActivity,moveToState-STARTED]
01-10 13:53:54.311015  3205  3205 I am_on_resume_called: [0,com.android.music.TrackBrowserActivity,moveToState-STARTED]
01-10 13:53:54.311190  3205  3205 I am_on_resume_called: [0,com.android.music.MusicBrowserActivity,RESUME_ACTIVITY]
01-10 13:53:54.333526   986  1760 I am_destroy_activity: [0,189014359,379,com.android.settings/.Settings,finish-idle]
01-10 13:53:54.333000   551   551 I auditd  : type=1400 audit(0.0:212): avc: denied { add_name } for comm="HwBinder:551_2" name="shading_otp" scontext=u:r:mtk_hal_camera:s0 tcontext=u:object_r:system_data_file:s0 tclass=dir permissive=0
01-10 13:53:54.337795   986  1761 I wm_task_removed: [379,removeAppToken: last token]
01-10 13:53:54.338216   986  1761 I wm_task_removed: [379,removeTask]
01-10 13:53:55.333000   551   551 I auditd  : type=1400 audit(0.0:213): avc: denied { add_name } for comm="HwBinder:551_2" name="shading_otp" scontext=u:r:mtk_hal_camera:s0 tcontext=u:object_r:system_data_file:s0 tclass=dir permissive=0
01-10 13:53:58.337000   551   551 I chatty  : uid=1047(cameraserver) /vendor/bin/hw/camerahalserver identical 3 lines
01-10 13:53:59.337000   551   551 I auditd  : type=1400 audit(0.0:217): avc: denied { add_name } for comm="HwBinder:551_2" name="shading_otp" scontext=u:r:mtk_hal_camera:s0 tcontext=u:object_r:system_data_file:s0 tclass=dir permissive=0
01-10 13:53:59.339098   986  1224 I wm_task_moved: [378,1,2]
01-10 13:53:59.340260   986  1224 I am_create_activity: [0,208907988,378,com.android.music/.TrackBrowserActivity,android.intent.action.PICK,vnd.android.cursor.dir/track,,0]
01-10 13:53:59.343885   986  1224 I am_pause_activity: [0,35251915,com.android.music/.MusicBrowserActivity]
01-10 13:53:59.351453  3205  3205 I am_on_paused_called: [0,com.android.music.PlaylistBrowserActivity,performPause]
01-10 13:53:59.351831  3205  3205 I am_on_paused_called: [0,com.android.music.TrackBrowserActivity,performPause]
01-10 13:53:59.352081  3205  3205 I am_on_paused_called: [0,com.android.music.MusicBrowserActivity,handlePauseActivity]
01-10 13:53:59.354328   986  1761 I am_restart_activity: [0,208907988,378,com.android.music/.TrackBrowserActivity]
01-10 13:53:59.356689   986  1761 I am_set_resumed_activity: [0,com.android.music/.TrackBrowserActivity,minimalResumeActivityLocked]
01-10 13:53:59.359747   986  1001 I sysui_count: [window_time_0,5]
01-10 13:53:59.359950   986  1001 I sysui_multi_action: [757,803,799,window_time_0,802,5]
01-10 13:53:59.396164  3205  3205 I am_on_resume_called: [0,com.android.music.TrackBrowserActivity,LAUNCH_ACTIVITY]
01-10 13:53:59.400670   986  1000 I am_pss  : [3108,10021,com.android.systemui:screenshot,18491392,11390976,0]
01-10 13:53:59.486666   986  1009 I sysui_multi_action: [319,170,321,85,322,5360,325,152,757,761,758,8,759,2,806,com.android.music,871,com.android.music.TrackBrowserActivity,904,com.android.music,905,0]
01-10 13:53:59.486764   986  1009 I am_activity_launch_time: [0,208907988,com.android.music/.TrackBrowserActivity,130,5332]
01-10 13:53:59.866685   986  1001 I am_stop_activity: [0,35251915,com.android.music/.MusicBrowserActivity]
01-10 13:53:59.872285  3205  3205 I am_on_stop_called: [0,com.android.music.PlaylistBrowserActivity,moveToState-STARTED]
01-10 13:53:59.872566  3205  3205 I am_on_stop_called: [0,com.android.music.TrackBrowserActivity,moveToState-STARTED]
01-10 13:53:59.872779  3205  3205 I am_on_stop_called: [0,com.android.music.MusicBrowserActivity,handleStopActivity]
01-10 13:54:00.337000   551   551 I auditd  : type=1400 audit(0.0:218): avc: denied { add_name } for comm="HwBinder:551_2" name="shading_otp" scontext=u:r:mtk_hal_camera:s0 tcontext=u:object_r:system_data_file:s0 tclass=dir permissive=0
01-10 13:54:02.337000   551   551 I chatty  : uid=1047(cameraserver) /vendor/bin/hw/camerahalserver identical 2 lines
01-10 13:54:03.337000   551   551 I auditd  : type=1400 audit(0.0:221): avc: denied { add_name } for comm="HwBinder:551_2" name="shading_otp" scontext=u:r:mtk_hal_camera:s0 tcontext=u:object_r:system_data_file:s0 tclass=dir permissive=0
01-10 13:54:03.534352   986  1761 I wm_task_moved: [378,1,2]
01-10 13:54:03.535609   986  1761 I wm_task_moved: [378,1,2]
01-10 13:54:03.536745   986  1761 I am_create_activity: [0,213862766,378,com.android.music/.MediaPlaybackActivity,NULL,NULL,NULL,268435456]
01-10 13:54:03.540211   986  1761 I am_pause_activity: [0,208907988,com.android.music/.TrackBrowserActivity]
