----- timezone:GMT
01-10 13:51:22.601409   349   349 I auditd  : type=2000 audit(0.0:1): initialized
01-10 13:51:25.465000   349   349 I auditd  : type=1403 audit(0.0:2): policy loaded auid=4294967295 ses=4294967295
01-10 13:51:25.469000   349   349 I auditd  : type=1404 audit(0.0:3): enforcing=1 old_enforcing=0 auid=4294967295 ses=4294967295
01-10 13:51:26.849000   343   343 I auditd  : type=1400 audit(0.0:4): avc: denied { read } for comm="e2fsck" name="mmcblk0p7" dev="tmpfs" ino=8486 scontext=u:r:fsck:s0 tcontext=u:object_r:frp_block_device:s0 tclass=blk_file permissive=0
01-10 13:51:26.853000   343   343 I auditd  : type=1400 audit(0.0:5): avc: denied { read write } for comm="e2fsck" name="mmcblk0p7" dev="tmpfs" ino=8486 scontext=u:r:fsck:s0 tcontext=u:object_r:frp_block_device:s0 tclass=blk_file permissive=0
01-10 13:51:27.010515   350   350 I auditd  : SELinux: Loaded service_contexts from:
01-10 13:51:27.013062   350   350 I auditd  :     /system/etc/selinux/plat_service_contexts
01-10 13:51:27.046229   352   352 I auditd  : SELinux: Loaded service_contexts from:
01-10 13:51:27.047408   352   352 I auditd  :     /vendor/etc/selinux/vndservice_contexts
01-10 13:51:27.121000   365   365 I auditd  : type=1400 audit(0.0:6): avc: denied { write } for comm="teed" name="/" dev="tmpfs" ino=10342 scontext=u:r:tkcore:s0 tcontext=u:object_r:system_data_file:s0 tclass=dir permissive=0
01-10 13:51:27.121000   365   365 I chatty  : uid=1000(system) /vendor/bin/teed identical 4 lines
01-10 13:51:27.121000   365   365 I auditd  : type=1400 audit(0.0:11): avc: denied { write } for comm="teed" name="/" dev="tmpfs" ino=10342 scontext=u:r:tkcore:s0 tcontext=u:object_r:system_data_file:s0 tclass=dir permissive=0
01-10 13:51:27.229000   365   365 I auditd  : type=1400 audit(0.0:12): avc: denied { write } for comm="tkearlyinit" name="/" dev="tmpfs" ino=10342 scontext=u:r:tkcore:s0 tcontext=u:object_r:system_data_file:s0 tclass=dir permissive=0
01-10 13:51:27.257000   365   365 I auditd  : type=1400 audit(0.0:13): avc: denied { write } for comm="tkearlyinit" name="/" dev="tmpfs" ino=10342 scontext=u:r:tkcore:s0 tcontext=u:object_r:system_data_file:s0 tclass=dir permissive=0
01-10 13:51:27.257000   365   365 I auditd  : type=1400 audit(0.0:14): avc: denied { write } for comm="teed" name="/" dev="tmpfs" ino=10342 scontext=u:r:tkcore:s0 tcontext=u:object_r:system_data_file:s0 tclass=dir permissive=0
01-10 13:51:27.257000   365   365 I chatty  : uid=1000(system) /vendor/bin/teed identical 4 lines
01-10 13:51:27.257000   365   365 I auditd  : type=1400 audit(0.0:19): avc: denied { write } for comm="teed" name="/" dev="tmpfs" ino=10342 scontext=u:r:tkcore:s0 tcontext=u:object_r:system_data_file:s0 tclass=dir permissive=0
01-10 13:51:27.257000   365   365 I auditd  : type=1400 audit(0.0:20): avc: denied { write } for comm="tkuinit" name="/" dev="tmpfs" ino=10342 scontext=u:r:tkcore:s0 tcontext=u:object_r:system_data_file:s0 tclass=dir permissive=0
01-10 13:51:27.257000   365   365 I auditd  : type=1400 audit(0.0:21): avc: denied { write } for comm="tkuinit" name="/" dev="tmpfs" ino=10342 scontext=u:r:tkcore:s0 tcontext=u:object_r:system_data_file:s0 tclass=dir permissive=0
01-10 13:51:27.309000   365   365 I auditd  : type=1400 audit(0.0:22): avc: denied { write } for comm="teed" name="/" dev="tmpfs" ino=10342 scontext=u:r:tkcore:s0 tcontext=u:object_r:system_data_file:s0 tclass=dir permissive=0
01-10 13:51:27.613000   365   365 I chatty  : uid=1000(system) /vendor/bin/teed identical 6 lines
01-10 13:51:27.617000   365   365 I auditd  : type=1400 audit(0.0:29): avc: denied { write } for comm="teed" name="/" dev="tmpfs" ino=10342 scontext=u:r:tkcore:s0 tcontext=u:object_r:system_data_file:s0 tclass=dir permissive=0
01-10 13:51:30.469000   547   547 I auditd  : type=1400 audit(0.0:30): avc: denied { read } for comm="storaged" path="/sys/kernel/debug/mmc0/mmc0:0001/ext_csd" dev="debugfs" ino=97 scontext=u:r:storaged:s0 tcontext=u:object_r:debugfs_mmc:s0 tclass=file permissive=0
01-10 13:51:30.798703   525   525 I boot_progress_start: 8989
01-10 13:51:31.326078   351   351 I auditd  : avc:  denied  { find } for interface=android.hardware.configstore::ISurfaceFlingerConfigs sid=u:r:program_binary:s0 pid=581 scontext=u:r:program_binary:s0 tcontext=u:object_r:hal_configstore_ISurfaceFlingerConfigs:s0 tclass=hwservice_manager permissive=0
01-10 13:51:31.833000   767   767 I auditd  : type=1400 audit(0.0:31): avc: denied { getattr } for comm="aee" path="/sys/devices/virtual/BOOT/BOOT/boot/boot_mode" dev="sysfs" ino=5378 scontext=u:r:mobile_log_d:s0 tcontext=u:object_r:sysfs:s0 tclass=file permissive=0
01-10 13:51:32.009000   774   774 I auditd  : type=1400 audit(0.0:32): avc: denied { read } for comm="bip" name="u:object_r:net_dns_prop:s0" dev="tmpfs" ino=8180 scontext=u:r:bip:s0 tcontext=u:object_r:net_dns_prop:s0 tclass=file permissive=0
01-10 13:51:32.009000   774   774 I auditd  : type=1400 audit(0.0:33): avc: denied { read } for comm="bip" name="u:object_r:net_dns_prop:s0" dev="tmpfs" ino=8180 scontext=u:r:bip:s0 tcontext=u:object_r:net_dns_prop:s0 tclass=file permissive=0
01-10 13:51:32.525463   525   525 I sysui_histogram: [boot_zygote_init,10715]
01-10 13:51:32.527049   525   525 I sysui_multi_action: [757,804,799,boot_zygote_init,801,10715,802,1]
01-10 13:51:32.527921   525   525 I boot_progress_preload_start: 10718
01-10 13:51:32.893342   526   526 I sysui_histogram: [boot_zygote_init,11082]
01-10 13:51:32.899051   526   526 I sysui_multi_action: [757,804,799,boot_zygote_init,801,11082,802,1]
01-10 13:51:33.233000   551   551 I auditd  : type=1400 audit(0.0:34): avc: denied { add_name } for comm="HwBinder:551_2" name="shading_otp" scontext=u:r:mtk_hal_camera:s0 tcontext=u:object_r:system_data_file:s0 tclass=dir permissive=0
01-10 13:51:34.151605   525   525 I boot_progress_preload_end: 12342
01-10 13:51:34.233000   551   551 I auditd  : type=1400 audit(0.0:35): avc: denied { add_name } for comm="HwBinder:551_2" name="shading_otp" scontext=u:r:mtk_hal_camera:s0 tcontext=u:object_r:system_data_file:s0 tclass=dir permissive=0
01-10 13:51:34.265000   365   365 I auditd  : type=1400 audit(0.0:36): avc: denied { write } for comm="teed" name="/" dev="dm-2" ino=2 scontext=u:r:tkcore:s0 tcontext=u:object_r:system_data_file:s0 tclass=dir permissive=0
01-10 13:51:34.265000   365   365 I auditd  : type=1400 audit(0.0:37): avc: denied { write } for comm="teed" name="/" dev="dm-2" ino=2 scontext=u:r:tkcore:s0 tcontext=u:object_r:system_data_file:s0 tclass=dir permissive=0
01-10 13:51:34.559843   986   986 I boot_progress_system_run: 12750
01-10 13:51:34.561409   986   986 I sysui_histogram: [boot_system_server_init,12750]
01-10 13:51:34.561777   986   986 I sysui_multi_action: [757,804,799,boot_system_server_init,801,12750,802,1]
01-10 13:51:34.751488   547   638 I storaged_emmc_info: [emmc 5.1,1,1,1]
01-10 13:51:35.233000   551   551 I auditd  : type=1400 audit(0.0:38): avc: denied { add_name } for comm="HwBinder:551_2" name="shading_otp" scontext=u:r:mtk_hal_camera:s0 tcontext=u:object_r:system_data_file:s0 tclass=dir permissive=0
01-10 13:51:35.376912   986   986 I rescue_note: [0,1,13564]
01-10 13:51:35.416103   986   986 I sysui_histogram: [boot_package_manager_init_start,13606]
01-10 13:51:35.416327   986   986 I sysui_multi_action: [757,804,799,boot_package_manager_init_start,801,13606,802,1]
01-10 13:51:35.440797   986   986 I boot_progress_pms_start: 13631
01-10 13:51:35.644789   986   986 I boot_progress_pms_system_scan_start: 13835
01-10 13:51:36.049000   986   986 I auditd  : type=1400 audit(0.0:39): avc: denied { getattr } for comm="system_server" path="/vendor/app/t6" dev="dm-1" ino=31 scontext=u:r:system_server:s0 tcontext=u:object_r:tkcore_systa_dir:s0 tclass=dir permissive=0
01-10 13:51:36.102032   986   986 I boot_progress_pms_data_scan_start: 14292
01-10 13:51:36.118136   986   986 I boot_progress_pms_scan_end: 14308
01-10 13:51:36.233000   551   551 I auditd  : type=1400 audit(0.0:40): avc: denied { add_name } for comm="HwBinder:551_2" name="shading_otp" scontext=u:r:mtk_hal_camera:s0 tcontext=u:object_r:system_data_file:s0 tclass=dir permissive=0
01-10 13:51:36.675016   986   986 I boot_progress_pms_ready: 14865
01-10 13:51:36.847047   986   986 I sysui_histogram: [boot_package_manager_init_ready,15037]
01-10 13:51:36.847273   986   986 I sysui_multi_action: [757,804,799,boot_package_manager_init_ready,801,15037,802,1]
01-10 13:51:36.869773   986   986 I am_uid_running: 1000
01-10 13:51:36.873658   986   986 I am_uid_active: 1000
01-10 13:51:36.944256   986  1050 I battery_status: [2,2,1,2,Li-poly]
01-10 13:51:36.944396   986  1050 I battery_level: [100,4324,223]
01-10 13:51:37.233000   551   551 I auditd  : type=1400 audit(0.0:41): avc: denied { add_name } for comm="HwBinder:551_2" name="shading_otp" scontext=u:r:mtk_hal_camera:s0 tcontext=u:object_r:system_data_file:s0 tclass=dir permissive=0
01-10 13:51:37.264250   986   986 I wm_stack_created: 0
01-10 13:51:37.314230   986   986 I configuration_changed: 24056
01-10 13:51:37.359685   986   986 I configuration_changed: 1024
01-10 13:51:37.376001   986  1071 I configuration_changed: 8
01-10 13:51:37.413026   986  1059 I configuration_changed: 512
01-10 13:51:37.461356   986  1074 I configuration_changed: 256
01-10 13:51:37.480148   986  1009 I configuration_changed: 256
01-10 13:51:38.042093   986  1102 I storage_state: [41217664-9172-527a-b3d5-edabb50a7d69,0,0,23708307456,25830957056]
01-10 13:51:38.101130   986   986 I stream_devices_changed: [0,0,1]
01-10 13:51:38.101816   986   986 I stream_devices_changed: [2,0,2]
01-10 13:51:38.102426   986   986 I stream_devices_changed: [3,0,2]
01-10 13:51:38.102892   986   986 I stream_devices_changed: [4,0,2]
01-10 13:51:38.103594   986   986 I stream_devices_changed: [6,0,1]
01-10 13:51:38.233000   551   551 I auditd  : type=1400 audit(0.0:42): avc: denied { add_name } for comm="HwBinder:551_2" name="shading_otp" scontext=u:r:mtk_hal_camera:s0 tcontext=u:object_r:system_data_file:s0 tclass=dir permissive=0
01-10 13:51:38.557169   986   986 I boot_progress_ams_ready: 16747
01-10 13:51:38.562325   986   986 I configuration_changed: 260
01-10 13:51:38.662115   986  1009 I configuration_changed: 256
01-10 13:51:38.717130   986   986 I am_uid_running: 10060
01-10 13:51:38.740307   986   986 I am_proc_start: [0,1114,10060,com.android.inputmethod.latin,service,com.android.inputmethod.latin/.LatinIME]
01-10 13:51:38.750216   986   986 I am_uid_running: 10021
01-10 13:51:38.775736   986   986 I am_proc_start: [0,1126,10021,com.android.systemui,service,com.android.systemui/.ImageWallpaper]
01-10 13:51:38.779848   986  1050 I am_proc_bound: [0,1114,com.android.inputmethod.latin]
01-10 13:51:38.783882   986  1050 I am_uid_active: 10060
01-10 13:51:38.795659   986  1050 I am_proc_bound: [0,1126,com.android.systemui]
01-10 13:51:38.797216   986  1050 I am_uid_active: 10021
01-10 13:51:38.827087   986  1060 I am_uid_running: 1037
01-10 13:51:38.904906   986  1060 I am_proc_start: [0,1168,1037,WebViewLoader-armeabi-v7a,,]
01-10 13:51:38.921673   986  1083 I netstats_mobile_sample: [0,0,0,0,0,0,0,0,0,0,0,0,-1]
01-10 13:51:38.921864   986  1083 I netstats_wifi_sample: [0,0,0,0,0,0,0,0,0,0,0,0,-1]
01-10 13:51:38.930515   986  1060 I am_proc_start: [0,1183,1037,WebViewLoader-arm64-v8a,,]
01-10 13:51:38.938481   986   997 I am_proc_bound: [0,1168,WebViewLoader-armeabi-v7a]
01-10 13:51:38.940081   986   997 I am_uid_active: 1037
01-10 13:51:38.961211   986   997 I am_proc_bound: [0,1183,WebViewLoader-arm64-v8a]
01-10 13:51:39.101192   986   997 I am_proc_died: [0,1168,WebViewLoader-armeabi-v7a,-700,0]
01-10 13:51:39.103277   986   997 I am_mem_factor: [3,0]
01-10 13:51:39.104368   986   997 I am_low_memory: 4
01-10 13:51:39.136514   986  1224 I am_proc_died: [0,1183,WebViewLoader-arm64-v8a,-700,0]
01-10 13:51:39.136709   986  1224 I am_uid_stopped: 1037
01-10 13:51:39.138113   986  1224 I am_low_memory: 3
01-10 13:51:39.233000   551   551 I auditd  : type=1400 audit(0.0:43): avc: denied { add_name } for comm="HwBinder:551_2" name="shading_otp" scontext=u:r:mtk_hal_camera:s0 tcontext=u:object_r:system_data_file:s0 tclass=dir permissive=0
01-10 13:51:39.268900  1126  1272 I sysui_action: [213,2]
01-10 13:51:39.270731  1126  1272 I sysui_multi_action: [757,213,758,4,759,2]
01-10 13:51:39.375856   986   986 I am_uid_running: 1001
01-10 13:51:39.369000   986   986 I auditd  : type=1400 audit(0.0:44): avc: denied { search } for comm="system_server" name="/" dev="mmcblk0p7" ino=2 scontext=u:r:system_server:s0 tcontext=u:object_r:enterprise_file:s0 tclass=dir permissive=0
01-10 13:51:39.390580   986   986 I am_proc_start: [0,1288,1001,com.mediatek.ims,added application,com.mediatek.ims]
01-10 13:51:39.416379   986   986 I am_proc_start: [0,1304,1001,com.android.phone,added application,com.android.phone]
01-10 13:51:39.511789   986   986 I wm_task_created: [1,0]
01-10 13:51:39.513205   986   986 I wm_task_moved: [1,1,0]
01-10 13:51:39.514059   986   986 I wm_task_moved: [1,1,0]
01-10 13:51:39.514596   986   986 I am_create_task: [0,1]
01-10 13:51:39.514813   986   986 I am_create_activity: [0,169684728,1,com.android.settings/.FallbackHome,android.intent.action.MAIN,NULL,NULL,276824320]
01-10 13:51:39.519522   986   986 I wm_task_moved: [1,1,0]
01-10 13:51:39.539029   986   986 I am_proc_start: [0,1340,1000,com.android.settings,activity,com.android.settings/.FallbackHome]
01-10 13:51:39.566252   986  1224 I am_proc_bound: [0,1288,com.mediatek.ims]
01-10 13:51:39.567646   986   986 I sysui_histogram: [boot_system_server_ready,17758]
01-10 13:51:39.567755   986   986 I sysui_multi_action: [757,804,799,boot_system_server_ready,801,17758,802,1]
01-10 13:51:39.568913   986  1224 I am_uid_active: 1001
01-10 13:51:39.569204   986  1050 I am_proc_bound: [0,1304,com.android.phone]
01-10 13:51:39.573492   986  1338 I am_proc_bound: [0,1340,com.android.settings]
01-10 13:51:39.579543   986  1338 I am_restart_activity: [0,169684728,1,com.android.settings/.FallbackHome]
01-10 13:51:39.580923   986  1338 I am_set_resumed_activity: [0,com.android.settings/.FallbackHome,minimalResumeActivityLocked]
01-10 13:51:39.743188  1340  1340 I am_on_resume_called: [0,com.android.settings.FallbackHome,LAUNCH_ACTIVITY]
01-10 13:51:39.861209   986  1001 I boot_progress_enable_screen: 18051
01-10 13:51:39.861906   986  1009 I am_activity_launch_time: [0,169684728,com.android.settings/.FallbackHome,332,332]
01-10 13:51:39.869409   986  1001 I screen_toggled: 1
01-10 13:51:39.901636   986  1173 I force_gc: Binder
01-10 13:51:39.973796   986   986 I notification_enqueue: [1000,986,android,32,NULL,-1,Notification(channel=USB pri=0 contentView=null vibrate=null sound=null tick defaults=0x0 flags=0x2 color=0xff607d8b vis=PUBLIC),0]
01-10 13:51:39.974794   986   986 I notification_enqueue: [1000,986,android,26,NULL,-1,Notification(channel=DEVELOPER pri=0 contentView=null vibrate=null sound=null tick defaults=0x0 flags=0x2 color=0xff607d8b vis=PUBLIC),0]
01-10 13:51:39.989000  1197  1197 I auditd  : type=1400 audit(0.0:45): avc: denied { open } for comm="main" path="/proc/uptime" dev="proc" ino=4026532104 scontext=u:r:webview_zygote:s0 tcontext=u:object_r:proc:s0 tclass=file permissive=0
01-10 13:51:40.021673  1126  1126 I sysui_multi_action: [757,1093,758,4,793,11,1094,0,1095,0]
01-10 13:51:40.021710   986   997 I am_pause_activity: [0,169684728,com.android.settings/.FallbackHome]
01-10 13:51:40.029676  1340  1340 I am_on_paused_called: [0,com.android.settings.FallbackHome,handlePauseActivity]
01-10 13:51:40.038329   986  1001 I am_stop_activity: [0,169684728,com.android.settings/.FallbackHome]
01-10 13:51:40.039137  1340  1340 I am_on_stop_called: [0,com.android.settings.FallbackHome,handleStopActivity]
01-10 13:51:40.045142   986  1001 I sysui_count: [window_time_0,5]
01-10 13:51:40.045289   986  1001 I sysui_multi_action: [757,803,799,window_time_0,802,5]
01-10 13:51:40.237000   551   551 I auditd  : type=1400 audit(0.0:46): avc: denied { add_name } for comm="HwBinder:551_2" name="shading_otp" scontext=u:r:mtk_hal_camera:s0 tcontext=u:object_r:system_data_file:s0 tclass=dir permissive=0
01-10 13:51:40.360580   986   986 I am_proc_start: [0,1540,1000,com.mediatek.ppl,broadcast,com.mediatek.ppl/.PplReceiver]
01-10 13:51:40.388499   986  1339 I am_proc_bound: [0,1540,com.mediatek.ppl]
01-10 13:51:40.389094   986   986 I notification_enqueue: [1000,986,android,26,NULL,-1,Notification(channel=DEVELOPER pri=0 contentView=null vibrate=null sound=null tick defaults=0x0 flags=0x2 color=0xff607d8b vis=PUBLIC),0]
01-10 13:51:40.389486   986   986 I notification_enqueue: [1000,986,android,32,NULL,-1,Notification(channel=USB pri=0 contentView=null vibrate=null sound=null tick defaults=0x0 flags=0x2 color=0xff607d8b vis=PUBLIC),0]
01-10 13:51:40.428267   986   986 I sysui_multi_action: [757,128,758,5,759,8,793,1624,794,0,795,1624,796,26,806,android,857,DEVELOPER,858,2,947,0]
01-10 13:51:40.428423   986   986 I notification_canceled: [-1|android|26|null|1000,8,1624,1624,0,NULL]
01-10 13:51:40.429039   986   986 I sysui_multi_action: [757,128,758,5,759,8,793,1633,794,0,795,1633,796,32,806,android,857,USB,858,1,947,0]
01-10 13:51:40.429137   986   986 I notification_canceled: [-1|android|32|null|1000,8,1633,1633,0,NULL]
01-10 13:51:40.467445   986   986 I notification_enqueue: [1000,1540,com.mediatek.ppl,1,NULL,0,Notification(channel=null pri=0 contentView=null vibrate=null sound=null defaults=0x0 flags=0x40 color=0x00000000 vis=PRIVATE),0]
01-10 13:51:40.480239   986   986 I sysui_multi_action: [757,128,758,5,759,8,793,15,794,0,795,15,796,1,806,com.mediatek.ppl,857,miscellaneous,858,2,947,0]
01-10 13:51:40.480368   986   986 I notification_canceled: [0|com.mediatek.ppl|1|null|1000,8,15,15,0,NULL]
01-10 13:51:40.583444  1304  1304 I gsm_service_state_change: [1,1,3,3]
01-10 13:51:40.850038   986  1339 I force_gc: Binder
01-10 13:51:41.237000   551   551 I auditd  : type=1400 audit(0.0:47): avc: denied { add_name } for comm="HwBinder:551_2" name="shading_otp" scontext=u:r:mtk_hal_camera:s0 tcontext=u:object_r:system_data_file:s0 tclass=dir permissive=0
01-10 13:51:41.401000   534   534 I auditd  : type=1400 audit(0.0:48): avc: denied { open } for comm=494D4342206D73672068616E646C65 path="/dev/__properties__/u:object_r:mtk_em_video_log_vdec_prop:s0" dev="tmpfs" ino=8129 scontext=u:r:vtservice:s0 tcontext=u:object_r:mtk_em_video_log_vdec_prop:s0 tclass=file permissive=0
01-10 13:51:41.413000   534   534 I auditd  : type=1400 audit(0.0:49): avc: denied { open } for comm=494D4342206D73672068616E646C65 path="/dev/__properties__/u:object_r:mtk_em_video_log_omx_prop:s0" dev="tmpfs" ino=8131 scontext=u:r:vtservice:s0 tcontext=u:object_r:mtk_em_video_log_omx_prop:s0 tclass=file permissive=0
01-10 13:51:41.561000   534   534 I chatty  : uid=1000(system) /system/bin/vtservice identical 14 lines
01-10 13:51:41.569000   534   534 I auditd  : type=1400 audit(0.0:64): avc: denied { open } for comm=494D4342206D73672068616E646C65 path="/dev/__properties__/u:object_r:mtk_em_video_log_omx_prop:s0" dev="tmpfs" ino=8131 scontext=u:r:vtservice:s0 tcontext=u:object_r:mtk_em_video_log_omx_prop:s0 tclass=file permissive=0
01-10 13:51:41.808226  1126  1126 I sysui_view_visibility: [111,100]
01-10 13:51:41.808380  1126  1126 I sysui_multi_action: [757,111,758,1]
01-10 13:51:41.808614  1126  1126 I sysui_multi_action: [757,126,758,1,759,126,833,0,927,0,928,0]
01-10 13:51:41.808731  1126  1126 I sysui_multi_action: [757,113,758,1,759,113,833,0,927,1,928,0]
01-10 13:51:41.808822  1126  1126 I sysui_multi_action: [757,118,758,1,759,118,833,0,927,2,928,0]
01-10 13:51:41.808905  1126  1126 I sysui_multi_action: [757,119,758,1,759,119,833,0,927,3,928,0]
01-10 13:51:41.808993  1126  1126 I sysui_multi_action: [757,123,758,1,759,123,833,0,927,4,928,0]
01-10 13:51:41.809075  1126  1126 I sysui_multi_action: [757,261,758,1,759,261,833,0,927,5,928,0]
01-10 13:51:41.823941   986   986 I notification_enqueue: [1000,1540,com.mediatek.ppl,1,NULL,0,Notification(channel=null pri=0 contentView=null vibrate=null sound=null defaults=0x0 flags=0x40 color=0x00000000 vis=PRIVATE),0]
01-10 13:51:41.831338   986   986 I sysui_multi_action: [757,128,758,5,759,8,793,9,794,0,795,9,796,1,806,com.mediatek.ppl,857,miscellaneous,858,2,947,0]
01-10 13:51:41.831443   986   986 I notification_canceled: [0|com.mediatek.ppl|1|null|1000,8,9,9,0,NULL]
01-10 13:51:41.845388   986   986 I notification_enqueue: [1000,1540,com.mediatek.ppl,1,NULL,0,Notification(channel=null pri=0 contentView=null vibrate=null sound=null defaults=0x0 flags=0x40 color=0x00000000 vis=PRIVATE),0]
01-10 13:51:41.848850   986   986 I sysui_multi_action: [757,128,758,5,759,8,793,5,794,0,795,5,796,1,806,com.mediatek.ppl,857,miscellaneous,858,2,947,0]
01-10 13:51:41.848972   986   986 I notification_canceled: [0|com.mediatek.ppl|1|null|1000,8,5,5,0,NULL]
01-10 13:51:41.849059  1126  1126 I sysui_multi_action: [757,196,758,1,759,0]
01-10 13:51:41.849496  1126  1126 I sysui_status_bar_state: [1,1,0,0,0,1]
01-10 13:51:41.857869   986   997 I sysui_view_visibility: [127,100]
01-10 13:51:41.858041   986   997 I sysui_multi_action: [757,127,758,1]
01-10 13:51:41.858147   986   997 I sysui_histogram: [note_load,0]
01-10 13:51:41.858239   986   997 I sysui_multi_action: [757,804,799,note_load,801,0,802,1]
01-10 13:51:41.858272   986   997 I notification_panel_revealed: 0
01-10 13:51:41.929775  1126  1273 I sysui_multi_action: [757,1093,758,4,793,1908,1094,605028353,1095,4]
01-10 13:51:42.237000   551   551 I auditd  : type=1400 audit(0.0:65): avc: denied { add_name } for comm="HwBinder:551_2" name="shading_otp" scontext=u:r:mtk_hal_camera:s0 tcontext=u:object_r:system_data_file:s0 tclass=dir permissive=0
01-10 13:51:42.283357   401   519 I sf_stop_bootanim: 20473
01-10 13:51:42.288100   986  1009 I wm_boot_animation_done: 20478
01-10 13:51:42.301308   986  1009 I am_user_state_changed: [0,1]
01-10 13:51:42.301537   986  1009 I sysui_histogram: [framework_locked_boot_completed,20]
01-10 13:51:42.301647   986  1009 I sysui_multi_action: [757,804,799,framework_locked_boot_completed,801,20,802,1]
01-10 13:51:42.303727   986  1009 I am_user_state_changed: [0,2]
01-10 13:51:42.360037  1612  1612 I sysui_multi_action: [757,1098,758,4,1099,wdt_by_pass_pwk]
01-10 13:51:42.383287  1613  1613 I sysui_multi_action: [757,804,799,factory_reset_current_time,801,1578635502,802,1]
01-10 13:51:42.384634  1613  1613 I sysui_multi_action: [757,804,799,factory_reset_record_value,801,1262304056,802,1]
01-10 13:51:42.410312  1614  1614 I sysui_multi_action: [757,804,799,post_decrypt_time_elapsed,801,7,802,1]
01-10 13:51:42.412579  1614  1614 I sysui_multi_action: [757,804,799,last_boot_time_utc,801,1578635502,802,1]
01-10 13:51:42.412624  1614  1614 I sysui_multi_action: [757,804,799,build_date,801,1577435794,802,1]
01-10 13:51:42.412663  1614  1614 I sysui_multi_action: [757,804,799,boot_decryption_complete,801,20,802,1]
01-10 13:51:42.412701  1614  1614 I sysui_multi_action: [757,804,799,factory_reset_boot_complete_post_decrypt,801,25,802,1]
01-10 13:51:42.412739  1614  1614 I sysui_multi_action: [757,804,799,factory_reset_boot_complete,801,47,802,1]
01-10 13:51:42.412776  1614  1614 I sysui_multi_action: [757,804,799,ro.boottime.init,801,2753,802,1]
01-10 13:51:42.412813  1614  1614 I sysui_multi_action: [757,804,799,ro.boottime.init.selinux,801,162,802,1]
01-10 13:51:42.412849  1614  1614 I sysui_multi_action: [757,804,799,ro.boottime.init.cold_boot_wait,801,668,802,1]
01-10 13:51:42.412886  1614  1614 I sysui_multi_action: [757,804,799,boottime.bootloader.total,801,0,802,1]
01-10 13:51:42.412923  1614  1614 I sysui_multi_action: [757,804,799,absolute_boot_time,801,20,802,1]
01-10 13:51:42.412960  1614  1614 I sysui_multi_action: [757,804,799,boot_reason,801,1,802,1]
01-10 13:51:42.412997  1614  1614 I sysui_multi_action: [757,804,799,factory_reset_current_time,801,1578635502,802,1]
01-10 13:51:42.413033  1614  1614 I sysui_multi_action: [757,804,799,factory_reset,801,1262304056,802,1]
01-10 13:51:42.413070  1614  1614 I sysui_multi_action: [757,804,799,time_since_last_boot,801,77668,802,1]
01-10 13:51:42.413106  1614  1614 I sysui_multi_action: [757,804,799,boot_complete_post_decrypt,801,13,802,1]
01-10 13:51:42.413142  1614  1614 I sysui_multi_action: [757,804,799,boot_complete,801,20,802,1]
01-10 13:51:42.413179  1614  1614 I sysui_multi_action: [757,804,799,factory_reset_record_value,801,1262304056,802,1]
01-10 13:51:42.413216  1614  1614 I sysui_multi_action: [757,804,799,time_since_factory_reset,801,316331446,802,1]
01-10 13:51:42.587870   986   986 I am_proc_start: [0,1625,1000,com.android.deskclock,broadcast,com.android.deskclock/.AlarmInitReceiver]
01-10 13:51:42.632943   986  1392 I am_proc_bound: [0,1625,com.android.deskclock]
01-10 13:51:42.655864   986   986 I backup_transport_lifecycle: [android/com.android.internal.backup.LocalTransportService,1]
01-10 13:51:42.739500   986  1001 I am_proc_start: [0,1645,1000,com.datalogic.dxu,added application,com.datalogic.dxu]
01-10 13:51:42.740424   986  1001 I am_uid_running: 1027
01-10 13:51:42.755023   986  1001 I am_proc_start: [0,1658,1027,com.android.nfc,added application,com.android.nfc]
01-10 13:51:42.779007   986  1001 I am_proc_start: [0,1666,1000,com.datalogic.service,added application,com.datalogic.service]
01-10 13:51:42.782489   986  1001 I am_user_state_changed: [0,3]
01-10 13:51:42.783228   986  1001 I sysui_histogram: [framework_boot_completed,20]
01-10 13:51:42.783339   986  1001 I sysui_multi_action: [757,804,799,framework_boot_completed,801,20,802,1]
01-10 13:51:42.806769   986  1338 I am_proc_bound: [0,1645,com.datalogic.dxu]
01-10 13:51:42.810344   986  1000 I am_uid_running: 10062
01-10 13:51:42.823355   986  1000 I am_proc_start: [0,1684,10062,com.android.printspooler,service,com.android.printspooler/.model.PrintSpoolerService]
01-10 13:51:42.824436   986  1173 I am_proc_bound: [0,1658,com.android.nfc]
01-10 13:51:42.826377   986  1173 I am_uid_active: 1027
01-10 13:51:42.827177   986   997 I am_proc_bound: [0,1666,com.datalogic.service]
01-10 13:51:42.840805   986  1339 I am_finish_activity: [0,169684728,1,com.android.settings/.FallbackHome,app-request]
01-10 13:51:42.841617   986  1339 I wm_task_moved: [1,1,0]
01-10 13:51:42.842341   986  1339 I am_destroy_activity: [0,169684728,1,com.android.settings/.FallbackHome,finish-imm]
01-10 13:51:42.850307   986  1224 I am_uid_running: 10069
01-10 13:51:42.869089   986  1224 I am_proc_start: [0,1706,10069,com.android.smspush,service,com.android.smspush/.WapPushManager]
01-10 13:51:42.873350   986  1050 I am_proc_bound: [0,1684,com.android.printspooler]
01-10 13:51:42.876078   986  1050 I am_uid_active: 10062
01-10 13:51:42.880071   986   986 I am_uid_running: 10018
01-10 13:51:42.902470   986   986 I am_proc_start: [0,1721,10018,com.android.launcher3,service,com.android.launcher3/.notification.NotificationListener]
01-10 13:51:42.904298   986  1705 I am_proc_bound: [0,1706,com.android.smspush]
01-10 13:51:42.905789   986  1705 I am_uid_active: 10069
01-10 13:51:42.907734   986   986 I am_uid_running: 10032
01-10 13:51:42.935234   986   986 I am_proc_start: [0,1730,10032,com.gears42.surelock,service,com.gears42.surelock/.service.NotificationListService]
01-10 13:51:42.938119   986  1339 I wm_task_removed: [1,removeAppToken: last token]
01-10 13:51:42.938985   986  1339 I wm_task_removed: [1,removeTask]
01-10 13:51:42.944716   986  1339 I wm_stack_created: 1
01-10 13:51:42.945932   986  1339 I wm_task_created: [374,1]
01-10 13:51:42.951221   986  1339 I wm_task_moved: [374,1,0]
01-10 13:51:42.952282   986  1339 I am_focused_stack: [0,1,0,reuseOrNewTask]
01-10 13:51:42.953099   986  1339 I wm_task_moved: [374,1,0]
01-10 13:51:42.953869   986  1339 I am_create_task: [0,374]
01-10 13:51:42.954005   986  1339 I am_create_activity: [0,154479620,374,android/com.android.internal.app.ResolverActivity,android.intent.action.MAIN,NULL,NULL,276824320]
01-10 13:51:42.959371   986  1339 I wm_task_moved: [374,1,0]
01-10 13:51:42.968322   986  1001 I sysui_count: [window_time_0,3]
01-10 13:51:42.968536   986  1001 I sysui_multi_action: [757,803,799,window_time_0,802,3]
01-10 13:51:42.968865   986  1338 I am_proc_bound: [0,1721,com.android.launcher3]
01-10 13:51:42.971281   986  1338 I am_uid_active: 10018
01-10 13:51:42.984129   986  1001 I am_uid_running: 10015
01-10 13:51:43.006592   986  1001 I am_proc_start: [0,1762,10015,android.process.media,broadcast,com.android.providers.media/.MtpReceiver]
01-10 13:51:43.007383   986  1050 I am_proc_bound: [0,1730,com.gears42.surelock]
01-10 13:51:43.009102   986  1050 I am_uid_active: 10032
01-10 13:51:43.039497   986  1001 I am_proc_start: [0,1778,1000,system:ui,activity,android/com.android.internal.app.ResolverActivity]
01-10 13:51:43.059613   986  1000 I am_proc_start: [0,1789,1000,com.android.keychain,service,com.android.keychain/.KeyChainService]
01-10 13:51:43.060491   986  1338 I am_proc_bound: [0,1762,android.process.media]
01-10 13:51:43.080518   986  1705 I am_proc_bound: [0,1778,system:ui]
01-10 13:51:43.088259   986  1705 I am_restart_activity: [0,154479620,374,android/com.android.internal.app.ResolverActivity]
01-10 13:51:43.089979   986  1705 I am_set_resumed_activity: [0,android/com.android.internal.app.ResolverActivity,minimalResumeActivityLocked]
01-10 13:51:43.093996   986  1705 I am_pause_activity: [0,154479620,android/com.android.internal.app.ResolverActivity]
01-10 13:51:43.107085   986  1392 I am_proc_bound: [0,1789,com.android.keychain]
01-10 13:51:43.224956   986  1000 I am_uid_running: 10004
01-10 13:51:43.237000   551   551 I auditd  : type=1400 audit(0.0:66): avc: denied { add_name } for comm="HwBinder:551_2" name="shading_otp" scontext=u:r:mtk_hal_camera:s0 tcontext=u:object_r:system_data_file:s0 tclass=dir permissive=0
01-10 13:51:43.240473   986  1000 I am_proc_start: [0,1825,10004,com.baidu.map.location,service,com.baidu.map.location/.BaiduNetworkLocationService]
01-10 13:51:43.242353   986  1760 I am_uid_running: 10066
01-10 13:51:43.244812  1778  1778 I sysui_action: [451,android.intent.action.MAIN:null:[android.intent.category.HOME]]
01-10 13:51:43.246289  1778  1778 I sysui_multi_action: [757,451,758,4,806,android.intent.action.MAIN:null:[android.intent.category.HOME]]
01-10 13:51:43.269762   986  1760 I am_proc_start: [0,1838,10066,com.datalogic.setupwizardscanner,broadcast,com.datalogic.setupwizardscanner/.ScannerServiceReceiver]
01-10 13:51:43.273665   986  1705 I am_uid_running: 10008
01-10 13:51:43.293934   986  1705 I am_proc_start: [0,1855,10008,android.ext.services,service,android.ext.services/.resolver.LRResolverRankerService]
01-10 13:51:43.295256   986  1760 I am_proc_bound: [0,1825,com.baidu.map.location]
01-10 13:51:43.297988   986   997 I am_proc_bound: [0,1838,com.datalogic.setupwizardscanner]
01-10 13:51:43.302684  1778  1778 I am_on_resume_called: [0,com.android.internal.app.ResolverActivity,LAUNCH_ACTIVITY]
01-10 13:51:43.317094  1778  1778 I am_on_paused_called: [0,com.android.internal.app.ResolverActivity,handlePauseActivity]
01-10 13:51:43.319606   986  1001 I am_stop_activity: [0,154479620,android/com.android.internal.app.ResolverActivity]
01-10 13:51:43.320413   986  1001 I sysui_count: [window_time_0,0]
01-10 13:51:43.320551   986  1001 I sysui_multi_action: [757,803,799,window_time_0,802,0]
01-10 13:51:43.355369   986  1392 I am_proc_bound: [0,1855,android.ext.services]
01-10 13:51:43.359923   986  1392 I am_uid_active: 10008
01-10 13:51:43.361257  1778  1778 I am_on_stop_called: [0,com.android.internal.app.ResolverActivity,handleStopActivity]
01-10 13:51:43.385000  1658  1658 I auditd  : type=1400 audit(0.0:67): avc: denied { read } for comm="SoundPoolThread" path="/vendor/app/NfcNci/NfcNci.apk" dev="dm-1" ino=24 scontext=u:r:drmserver:s0 tcontext=u:object_r:vendor_app_file:s0 tclass=file permissive=0
01-10 13:51:43.390662   986  1338 I am_mem_factor: [2,3]
01-10 13:51:43.393000  1658  1658 I auditd  : type=1400 audit(0.0:68): avc: denied { read } for comm="SoundPoolThread" path="/vendor/app/NfcNci/NfcNci.apk" dev="dm-1" ino=24 scontext=u:r:drmserver:s0 tcontext=u:object_r:vendor_app_file:s0 tclass=file permissive=0
01-10 13:51:43.454564   986  1050 I am_proc_start: [0,1893,1000,com.mediatek.simprocessor,broadcast,com.mediatek.simprocessor/.BootCmpReceiver]
01-10 13:51:43.489779   986  1392 I am_proc_bound: [0,1893,com.mediatek.simprocessor]
01-10 13:51:43.565874   986   986 I notification_enqueue: [1000,1893,com.mediatek.simprocessor,404,NULL,0,Notification(channel=null pri=0 contentView=null vibrate=null sound=null tick defaults=0x0 flags=0x40 color=0x00000000 vis=PRIVATE),0]
01-10 13:51:43.594540   986  1392 I am_proc_start: [0,1935,1001,com.mediatek.engineermode,broadcast,com.mediatek.engineermode/.nsiot.UsbStateReceiverNsiot]
01-10 13:51:43.597000  1658  1658 I auditd  : type=1400 audit(0.0:69): avc: denied { read } for comm="SoundPoolThread" path="/vendor/app/NfcNci/NfcNci.apk" dev="dm-1" ino=24 scontext=u:r:drmserver:s0 tcontext=u:object_r:vendor_app_file:s0 tclass=file permissive=0
01-10 13:51:43.597000  1658  1658 I auditd  : type=1400 audit(0.0:70): avc: denied { read } for comm="SoundPoolThread" path="/vendor/app/NfcNci/NfcNci.apk" dev="dm-1" ino=24 scontext=u:r:drmserver:s0 tcontext=u:object_r:vendor_app_file:s0 tclass=file permissive=0
01-10 13:51:43.618281   986  1338 I am_uid_running: 10002
01-10 13:51:43.639668   986  1338 I am_proc_start: [0,1956,10002,android.process.acore,content provider,com.android.providers.contacts/.ContactsProvider2]
01-10 13:51:43.641153   986  1760 I am_proc_bound: [0,1935,com.mediatek.engineermode]
01-10 13:51:43.685643   986  1173 I am_proc_bound: [0,1956,android.process.acore]
01-10 13:51:43.687930   986  1173 I am_uid_active: 10002
01-10 13:51:43.715536   986  1392 I am_proc_start: [0,1975,1000,com.mediatek.security,broadcast,com.mediatek.security/.service.PermControlReceiver]
01-10 13:51:43.720640   986   986 I notification_enqueue: [1000,1540,com.mediatek.ppl,1,NULL,0,Notification(channel=null pri=0 contentView=null vibrate=null sound=null defaults=0x0 flags=0x40 color=0x00000000 vis=PRIVATE),0]
01-10 13:51:43.725892   986   986 I sysui_multi_action: [757,128,758,5,759,8,793,7,794,0,795,7,796,1,806,com.mediatek.ppl,857,miscellaneous,858,2,947,0]
01-10 13:51:43.726017   986   986 I notification_canceled: [0|com.mediatek.ppl|1|null|1000,8,7,7,0,NULL]
01-10 13:51:43.765000  1658  1658 I auditd  : type=1400 audit(0.0:71): avc: denied { read } for comm="SoundPoolThread" path="/vendor/app/NfcNci/NfcNci.apk" dev="dm-1" ino=24 scontext=u:r:drmserver:s0 tcontext=u:object_r:vendor_app_file:s0 tclass=file permissive=0
01-10 13:51:43.765988   986   997 I am_proc_bound: [0,1975,com.mediatek.security]
01-10 13:51:43.769000  1658  1658 I auditd  : type=1400 audit(0.0:72): avc: denied { read } for comm="SoundPoolThread" path="/vendor/app/NfcNci/NfcNci.apk" dev="dm-1" ino=24 scontext=u:r:drmserver:s0 tcontext=u:object_r:vendor_app_file:s0 tclass=file permissive=0
01-10 13:51:43.844736   986  1760 I force_gc: Binder
01-10 13:51:43.865716   986  1760 I am_mem_factor: [1,2]
01-10 13:51:44.083808   986   986 I am_uid_running: 10016
01-10 13:51:44.101938   986   986 I am_proc_start: [0,2017,10016,com.android.dialer,broadcast,com.android.dialer/.app.calllog.CallLogReceiver]
01-10 13:51:44.132979   986  1173 I am_proc_bound: [0,2017,com.android.dialer]
01-10 13:51:44.149634   986  2016 I sysui_histogram: [boot_fs_shutdown_umount_stat,4]
01-10 13:51:44.149822   986  2016 I sysui_multi_action: [757,804,799,boot_fs_shutdown_umount_stat,801,4,802,1]
01-10 13:51:44.150137   986  2016 I sysui_histogram: [boot_mount_all_duration_default,365]
01-10 13:51:44.150245   986  2016 I sysui_multi_action: [757,804,799,boot_mount_all_duration_default,801,365,802,1]
01-10 13:51:44.151231   986  2016 I sysui_histogram: [boot_fs_stat_cache,1]
01-10 13:51:44.151417   986  2016 I sysui_multi_action: [757,804,799,boot_fs_stat_cache,801,1,802,1]
01-10 13:51:44.151594   986  2016 I sysui_histogram: [boot_fs_stat_protect1,3]
01-10 13:51:44.151685   986  2016 I sysui_multi_action: [757,804,799,boot_fs_stat_protect1,801,3,802,1]
01-10 13:51:44.151807   986  2016 I sysui_histogram: [boot_fs_stat_protect2,3]
01-10 13:51:44.151859   986  2016 I sysui_multi_action: [757,804,799,boot_fs_stat_protect2,801,3,802,1]
01-10 13:51:44.151952   986  2016 I sysui_histogram: [boot_fs_stat_nvdata,3]
01-10 13:51:44.152023   986  2016 I sysui_multi_action: [757,804,799,boot_fs_stat_nvdata,801,3,802,1]
01-10 13:51:44.152141   986  2016 I sysui_histogram: [boot_fs_stat_nvcfg,3]
01-10 13:51:44.152191   986  2016 I sysui_multi_action: [757,804,799,boot_fs_stat_nvcfg,801,3,802,1]
01-10 13:51:44.152462   986  2016 I sysui_histogram: [boot_fs_stat_enterprise,1025]
01-10 13:51:44.152583   986  2016 I sysui_multi_action: [757,804,799,boot_fs_stat_enterprise,801,1025,802,1]
01-10 13:51:44.237000   551   551 I auditd  : type=1400 audit(0.0:73): avc: denied { add_name } for comm="HwBinder:551_2" name="shading_otp" scontext=u:r:mtk_hal_camera:s0 tcontext=u:object_r:system_data_file:s0 tclass=dir permissive=0
01-10 13:51:44.377000   986   986 I auditd  : type=1400 audit(0.0:74): avc: denied { search } for comm="Binder:986_6" name="/" dev="mmcblk0p7" ino=2 scontext=u:r:system_server:s0 tcontext=u:object_r:enterprise_file:s0 tclass=dir permissive=0
01-10 13:51:44.436751   986  1173 I sysui_multi_action: [757,128,758,1,793,872,794,0,795,872,796,404,798,0,806,com.mediatek.simprocessor,857,miscellaneous,858,2,947,0]
01-10 13:51:44.436928   986  1173 I sysui_histogram: [note_freshness,872]
01-10 13:51:44.437038   986  1173 I sysui_multi_action: [757,804,799,note_freshness,801,872,802,1]
01-10 13:51:44.437112   986  1173 I notification_visibility: [0|com.mediatek.simprocessor|404|null|1000,1,872,872,0,0]
01-10 13:51:44.597191   986  1000 I am_meminfo: [558477312,1241497600,4096,209031168,427254784]
01-10 13:51:44.681000   986   986 I auditd  : type=1400 audit(0.0:75): avc: denied { sys_module } for comm="system_server" capability=16 scontext=u:r:system_server:s0 tcontext=u:r:system_server:s0 tclass=capability permissive=0
01-10 13:51:44.712738   986  1338 I am_uid_running: 10068
01-10 13:51:44.725393   986  1338 I am_proc_start: [0,2066,10068,com.datalogic.softspot,broadcast,com.datalogic.softspot/.boot.BootReceiver]
01-10 13:51:44.740860   986  1338 I am_proc_bound: [0,2066,com.datalogic.softspot]
01-10 13:51:44.757915   986   986 I sysui_multi_action: [757,128,758,5,759,8,793,1193,794,321,795,1193,796,404,806,com.mediatek.simprocessor,857,miscellaneous,858,2,947,0]
01-10 13:51:44.758020   986   986 I notification_canceled: [0|com.mediatek.simprocessor|404|null|1000,8,1193,1193,321,NULL]
01-10 13:51:44.834943   986  1338 I am_uid_running: 10030
01-10 13:51:44.846265   986  1338 I am_proc_start: [0,2082,10030,com.gears42.surefox,broadcast,com.gears42.surefox/.settings.BootReceiver]
01-10 13:51:44.859499   986  1338 I am_proc_bound: [0,2082,com.gears42.surefox]
01-10 13:51:44.872722   986  1392 I am_uid_active: 10068
01-10 13:51:44.890936   986   986 I notification_enqueue: [1000,986,android,40,NULL,0,Notification(channel=FOREGROUND_SERVICE pri=0 contentView=null vibrate=null sound=null defaults=0x0 flags=0x2 color=0xff607d8b vis=PRIVATE),0]
01-10 13:51:44.895016   986   986 I notification_enqueue: [10068,2066,com.datalogic.softspot,1,NULL,0,Notification(channel=com.datalogic.softspot.booting pri=0 contentView=null vibrate=null sound=null defaults=0x0 flags=0x52 color=0x00000000 vis=PRIVATE),0]
01-10 13:51:45.021000  1762  1762 I auditd  : type=1400 audit(0.0:76): avc: denied { search } for comm="MediaScannerSer" name="clients" dev="debugfs" ino=7920 scontext=u:r:mediaprovider:s0:c512,c768 tcontext=u:object_r:debugfs_ion:s0 tclass=dir permissive=0
01-10 13:51:45.237000   551   551 I auditd  : type=1400 audit(0.0:77): avc: denied { add_name } for comm="HwBinder:551_2" name="shading_otp" scontext=u:r:mtk_hal_camera:s0 tcontext=u:object_r:system_data_file:s0 tclass=dir permissive=0
01-10 13:51:45.275805   986  1338 I am_uid_running: 10049
01-10 13:51:45.290963   986  1338 I am_proc_start: [0,2141,10049,com.mediatek.mtklogger,broadcast,com.mediatek.mtklogger/.framework.LogReceiver]
01-10 13:51:45.292168   986  1338 I am_mem_factor: [0,1]
01-10 13:51:45.311701   986  1338 I am_proc_bound: [0,2141,com.mediatek.mtklogger]
01-10 13:51:45.377129   986  1392 I am_uid_running: 10051
01-10 13:51:45.392534   986  1392 I am_proc_start: [0,2160,10051,com.android.calendar,broadcast,com.android.calendar/.alerts.AlertReceiver]
01-10 13:51:45.418956   986  1338 I am_proc_bound: [0,2160,com.android.calendar]
01-10 13:51:45.477000  2141  2141 I auditd  : type=1400 audit(0.0:78): avc: denied { connectto } for comm="Thread-4" path=006770736C6F6764 scontext=u:r:platform_app:s0:c512,c768 tcontext=u:r:mnld:s0 tclass=unix_stream_socket permissive=0
01-10 13:51:45.481916   986  1001 I am_uid_running: 10072
01-10 13:51:45.495640   986  1001 I am_proc_start: [0,2180,10072,com.mediatek.mtklogger.proxy,broadcast,com.mediatek.mtklogger.proxy/.ProxyReceiver]
01-10 13:51:45.516186   986   997 I am_proc_bound: [0,2180,com.mediatek.mtklogger.proxy]
01-10 13:51:45.518566   986  1050 I am_uid_running: 10014
01-10 13:51:45.534240   986  1050 I am_proc_start: [0,2201,10014,com.android.contacts,broadcast,com.android.contacts/.interactions.OnBootOrUpgradeReceiver]
01-10 13:51:45.544137   986  1338 I am_uid_running: 10011
01-10 13:51:45.568780   986  1338 I am_proc_start: [0,2216,10011,com.android.providers.calendar,content provider,com.android.providers.calendar/.CalendarProvider2]
01-10 13:51:45.569769   986  1392 I am_proc_bound: [0,2201,com.android.contacts]
01-10 13:51:45.584528   986   997 I am_proc_bound: [0,2216,com.android.providers.calendar]
01-10 13:51:45.661626   986   986 I notification_cancel_all: [10014,2201,com.android.contacts,0,0,64,9,NULL]
01-10 13:51:45.698386   986  1173 I sysui_multi_action: [757,128,758,1,793,808,794,0,795,808,796,1,798,1,806,com.datalogic.softspot,857,com.datalogic.softspot.booting,858,2,947,0]
01-10 13:51:45.698483   986  1173 I sysui_histogram: [note_freshness,808]
01-10 13:51:45.698533   986  1173 I sysui_multi_action: [757,804,799,note_freshness,801,808,802,1]
01-10 13:51:45.698959   986  1173 I notification_visibility: [0|com.datalogic.softspot|1|null|10068,1,808,808,0,1]
01-10 13:51:45.721150   986  1392 I am_uid_running: 10052
01-10 13:51:45.736554   986  1392 I am_proc_start: [0,2239,10052,com.android.email,broadcast,com.android.email/.service.EmailBroadcastReceiver]
01-10 13:51:45.754120   986  1392 I am_proc_bound: [0,2239,com.android.email]
01-10 13:51:45.872862   986  1392 I am_uid_running: 10045
01-10 13:51:45.886950   986  1392 I am_proc_start: [0,2254,10045,com.android.exchange,service,com.android.exchange/.service.EasService]
01-10 13:51:45.903977   986  1392 I am_proc_bound: [0,2254,com.android.exchange]
01-10 13:51:45.937610   986  1392 I force_gc: Binder
01-10 13:51:45.954434   986  1760 I am_uid_running: 10054
01-10 13:51:45.969720   986  1760 I am_proc_start: [0,2279,10054,com.android.gallery3d,broadcast,com.android.gallery3d/com.mediatek.gallery3d.adapter.FeatureServiceStart]
01-10 13:51:45.998702   986  1392 I am_proc_bound: [0,2279,com.android.gallery3d]
01-10 13:51:46.122986   986   997 I am_uid_running: 10012
01-10 13:51:46.156369   986   997 I am_proc_start: [0,2325,10012,com.android.managedprovisioning,broadcast,com.android.managedprovisioning/.preprovisioning.BootReminder]
01-10 13:51:46.167802   986   997 I am_proc_bound: [0,2325,com.android.managedprovisioning]
01-10 13:51:46.237000   551   551 I auditd  : type=1400 audit(0.0:79): avc: denied { add_name } for comm="HwBinder:551_2" name="shading_otp" scontext=u:r:mtk_hal_camera:s0 tcontext=u:object_r:system_data_file:s0 tclass=dir permissive=0
01-10 13:51:46.247668   986   997 I am_uid_running: 10020
01-10 13:51:46.268873   986   997 I am_proc_start: [0,2339,10020,com.android.mms,broadcast,com.android.mms/.transaction.MmsSystemEventReceiver]
01-10 13:51:46.302614   986  1392 I am_proc_bound: [0,2339,com.android.mms]
01-10 13:51:46.419874   986  1392 I am_uid_active: 10049
01-10 13:51:46.424300   986   986 I notification_enqueue: [10049,2141,com.mediatek.mtklogger,2130837539,NULL,0,Notification(channel=null pri=0 contentView=null vibrate=null sound=null tick defaults=0x0 flags=0x0 color=0x00000000 vis=PRIVATE),0]
01-10 13:51:46.433901   986   986 I notification_enqueue: [1000,986,android,40,NULL,0,Notification(channel=FOREGROUND_SERVICE pri=0 contentView=null vibrate=null sound=null defaults=0x0 flags=0x2 color=0xff607d8b vis=PRIVATE),1]
01-10 13:51:46.444744   986   986 I notification_enqueue: [10049,2141,com.mediatek.mtklogger,2130837539,NULL,0,Notification(channel=null pri=0 contentView=com.mediatek.mtklogger/0x109008e vibrate=null sound=null tick defaults=0x0 flags=0x40 color=0x00000000 vis=PRIVATE),1]
01-10 13:51:46.501707   986   997 I am_wtf  : [0,986,system_server,-1,ActivityManager,Sending non-protected broadcast com.gears42.surelock.dxu from system 1645:com.datalogic.dxu/1000 pkg com.datalogic.dxu]
01-10 13:51:46.520670   986  1338 I am_wtf  : [0,986,system_server,-1,ActivityManager,Sending non-protected broadcast datalogic.com.softspot.SettingAction from system 1645:com.datalogic.dxu/1000 pkg com.datalogic.dxu]
01-10 13:51:46.658375   986  1173 I am_uid_running: 10022
01-10 13:51:46.674521   986  1173 I am_proc_start: [0,2381,10022,com.android.onetimeinitializer,broadcast,com.android.onetimeinitializer/.OneTimeInitializerReceiver]
01-10 13:51:46.699816   986   997 I am_proc_bound: [0,2381,com.android.onetimeinitializer]
01-10 13:51:46.766060   986  1339 I am_uid_running: 10019
01-10 13:51:46.781907   986  1339 I am_proc_start: [0,2401,10019,com.android.packageinstaller,broadcast,com.android.packageinstaller/.TemporaryFileManager]
01-10 13:51:46.806387   986  1339 I am_proc_bound: [0,2401,com.android.packageinstaller]
01-10 13:51:47.086462   986  1339 I am_uid_running: 10041
01-10 13:51:47.106098   986  1339 I am_proc_start: [0,2423,10041,com.datalogic.battery,broadcast,com.datalogic.battery/.receiver.BootReceiver]
01-10 13:51:47.130988   986  1339 I sysui_multi_action: [757,128,758,1,793,708,794,0,795,697,796,2130837539,798,1,806,com.mediatek.mtklogger,857,miscellaneous,858,2,947,0]
01-10 13:51:47.131088   986  1339 I sysui_histogram: [note_freshness,697]
01-10 13:51:47.131174   986  1339 I sysui_multi_action: [757,804,799,note_freshness,801,697,802,1]
01-10 13:51:47.131215   986  1339 I notification_visibility: [0|com.mediatek.mtklogger|2130837539|null|10049,1,708,697,0,1]
01-10 13:51:47.137922   986  1339 I am_proc_bound: [0,2423,com.datalogic.battery]
01-10 13:51:47.217057   986  1339 I am_uid_running: 10042
01-10 13:51:47.235187   986  1339 I am_proc_start: [0,2440,10042,com.datalogic.enterpriseupdater,broadcast,com.datalogic.enterpriseupdater/.receiver.BootReceiver]
01-10 13:51:47.237000   551   551 I auditd  : type=1400 audit(0.0:80): avc: denied { add_name } for comm="HwBinder:551_2" name="shading_otp" scontext=u:r:mtk_hal_camera:s0 tcontext=u:object_r:system_data_file:s0 tclass=dir permissive=0
01-10 13:51:47.257086   986  1339 I am_proc_bound: [0,2440,com.datalogic.enterpriseupdater]
01-10 13:51:47.345000   986   986 I auditd  : type=1400 audit(0.0:81): avc: denied { search } for comm="Binder:986_7" name="/" dev="mmcblk0p7" ino=2 scontext=u:r:system_server:s0 tcontext=u:object_r:enterprise_file:s0 tclass=dir permissive=0
01-10 13:51:47.467628   986  1339 I am_uid_running: 10046
01-10 13:51:47.499894   986  1339 I am_proc_start: [0,2458,10046,com.datalogic.factory,broadcast,com.datalogic.factory/.FactoryReceiver]
01-10 13:51:47.501868   986  1339 I am_kill : [0,1789,com.android.keychain,906,empty #17]
01-10 13:51:47.538278   986  1173 I am_proc_died: [0,1789,com.android.keychain,906,17]
01-10 13:51:47.541701   986  1050 I am_proc_bound: [0,2458,com.datalogic.factory]
01-10 13:51:47.600633   986  1173 I am_uid_running: 10064
01-10 13:51:47.616301   986  1173 I am_proc_start: [0,2477,10064,com.datalogic.scan2deploy,broadcast,com.datalogic.scan2deploy/.BootReceiver]
01-10 13:51:47.620054   986  1173 I am_kill : [0,1838,com.datalogic.setupwizardscanner,906,empty #17]
01-10 13:51:47.633279   986  1173 I am_proc_bound: [0,2477,com.datalogic.scan2deploy]
01-10 13:51:47.637134   986  1050 I am_proc_died: [0,1838,com.datalogic.setupwizardscanner,906,17]
01-10 13:51:47.637373   986  1050 I am_uid_stopped: 10066
01-10 13:51:47.725000   986   986 I auditd  : type=1400 audit(0.0:82): avc: denied { search } for comm="Binder:986_4" name="/" dev="mmcblk0p7" ino=2 scontext=u:r:system_server:s0 tcontext=u:object_r:enterprise_file:s0 tclass=dir permissive=0
01-10 13:51:47.846667   986  1173 I am_kill : [0,1893,com.mediatek.simprocessor,906,empty #17]
01-10 13:51:47.855032   986  1173 I am_uid_running: 10066
01-10 13:51:47.877267   986  1173 I am_proc_start: [0,2492,10066,com.datalogic.setupwizardscanner,broadcast,com.datalogic.setupwizardscanner/.ScannerServiceReceiver]
01-10 13:51:47.878244   986  1050 I am_proc_died: [0,1893,com.mediatek.simprocessor,906,17]
01-10 13:51:47.898816   986  1050 I am_proc_bound: [0,2492,com.datalogic.setupwizardscanner]
01-10 13:51:47.969858   986  1050 I am_uid_running: 10005
01-10 13:51:47.989868   986  1050 I am_proc_start: [0,2506,10005,com.datalogic.systemupdate,broadcast,com.datalogic.systemupdate/.NotificationReceiver]
01-10 13:51:47.991131   986  1050 I am_kill : [0,1540,com.mediatek.ppl,906,empty #17]
01-10 13:51:48.007804   986  1338 I am_proc_died: [0,1540,com.mediatek.ppl,906,17]
01-10 13:51:48.014320   986  1338 I am_proc_bound: [0,2506,com.datalogic.systemupdate]
01-10 13:51:48.028804   986  1173 I am_kill : [0,1975,com.mediatek.security,906,empty #17]
