----- timezone:GMT
01-10 13:51:42.343718   871   871 D AEE_AEDV: Got RTT_AEE_REINIT
01-10 13:51:42.343733  1126  1126 D StatusBar: No peeking: unimportant notification: 0|com.mediatek.ppl|1|null|1000
01-10 13:51:42.343990  1126  1126 W StatusBar: removeNotification for unknown key: 0|com.mediatek.ppl|1|null|1000
01-10 13:51:42.344032  1126  1126 D StatusBar: removeNotification key=0|com.mediatek.ppl|1|null|1000 old=null
01-10 13:51:42.344195  1608  1608 D AEE_AEDV: Rtt send req done
01-10 13:51:42.344616  1608  1608 D AEE_AEDV: aee:vrttd_64Rtt waiting 64_daemon finish the job...
01-10 13:51:42.345701   872   872 D AEE_AEDV: $===AEE===AEE===AEE===$
01-10 13:51:42.345759   872   872 D AEE_AEDV: p 0 poll events 1 revents 1
01-10 13:51:42.345828   872   872 D AEE_AEDV: requesting from: pid=1608 cmd=13
01-10 13:51:42.345838   872   872 D AEE_AEDV: Got RTT_AEE_REINIT
01-10 13:51:42.346219  1608  1608 D AEE_AEDV: Rtt send 64 req done
01-10 13:51:42.353183   390   390 D lights  : write_int open fd=7
01-10 13:51:42.353726   390   390 D lights  : write_int open fd=7
01-10 13:51:42.359868  1612  1612 I bootstat: Service started: /system/bin/bootstat --record_boot_reason 
01-10 13:51:42.361460  1612  1612 I bootstat: Unknown boot reason: wdt_by_pass_pwk
01-10 13:51:42.362314   527   558 D AAL     : onBacklightChanged: 377/1023 -> 365/1023(phy:1461/4095)
01-10 13:51:42.362895  1607  1607 D AEE_AED : Rtt command(type:0, file_path: arg0:0)
01-10 13:51:42.363190  1607  1607 D AEE_AED : aee:rttdRtt waiting daemon finish the job...
01-10 13:51:42.366748   869   869 D AEE_AED : $===AEE===AEE===AEE===$
01-10 13:51:42.366826   869   869 D AEE_AED : p 0 poll events 1 revents 1
01-10 13:51:42.366914   869   869 D AEE_AED : requesting from: pid=1607 cmd=13
01-10 13:51:42.366928   869   869 D AEE_AED : Got RTT_AEE_REINIT
01-10 13:51:42.367570  1607  1607 D AEE_AED : Rtt send req done
01-10 13:51:42.367960  1607  1607 D AEE_AED : aee:rttd_64Rtt waiting 64_daemon finish the job...
01-10 13:51:42.368707   870   870 D AEE_AED : $===AEE===AEE===AEE===$
01-10 13:51:42.368763   870   870 D AEE_AED : p 0 poll events 1 revents 1
01-10 13:51:42.368825   870   870 D AEE_AED : requesting from: pid=1607 cmd=13
01-10 13:51:42.368834   870   870 D AEE_AED : Got RTT_AEE_REINIT
01-10 13:51:42.369134  1607  1607 D AEE_AED : Rtt send 64 req done
01-10 13:51:42.373305   390   390 D lights  : write_int open fd=7
01-10 13:51:42.374458   390   390 D lights  : write_int open fd=7
01-10 13:51:42.376019  1126  1126 D CarrierText: updateCarrierText() - after combination, carrierFinalContent = 没有 SIM 卡, allSimsMissing = true
01-10 13:51:42.381246   527   558 D AAL     : onBacklightChanged: 365/1023 -> 353/1023(phy:1413/4095)
01-10 13:51:42.381746  1126  1126 D KeyguardSecurityModel: isPinPukOrMeRequiredOfSubId() - phoneId = 0, simState = ABSENT
01-10 13:51:42.381836  1126  1126 D AntiTheftManager: getCurrentAntiTheftMode() is called.
01-10 13:51:42.381880  1126  1126 D KeyguardSecurityModel: mode current =None
01-10 13:51:42.383143  1613  1613 I bootstat: Service started: /system/bin/bootstat --record_time_since_factory_reset 
01-10 13:51:42.388203  1126  1126 D CarrierText: updateCarrierText() - after combination, carrierFinalContent = 没有 SIM 卡, allSimsMissing = true
01-10 13:51:42.390799   390   390 D lights  : write_int open fd=7
01-10 13:51:42.391245   390   390 D lights  : write_int open fd=7
01-10 13:51:42.396437  1126  1132 I zygote64: Do full code cache collection, code=117KB, data=90KB
01-10 13:51:42.396963  1126  1132 I zygote64: After code cache collection, code=82KB, data=52KB
01-10 13:51:42.409242  1614  1614 I bootstat: Service started: /system/bin/bootstat -l 
01-10 13:51:42.410102   390   390 D lights  : write_int open fd=7
01-10 13:51:42.410710   390   390 D lights  : write_int open fd=7
01-10 13:51:42.419011   527   558 D AAL     : onBacklightChanged: 353/1023 -> 325/1023(phy:1301/4095)
01-10 13:51:42.419579   527   558 D AAL     : 01-10 01:51:42.325 BL= 338,ESS= 256, 01-10 01:51:42.343 BL= 325,ESS= 256, 01-10 01:51:42.362 BL= 312,ESS= 256, 01-10 01:51:42.402 BL= 299,ESS= 256, 01-10 01:51:42.419 BL= 286,ESS= 256, 
01-10 13:51:42.428251   390   390 D lights  : write_int open fd=7
01-10 13:51:42.428898   390   390 D lights  : write_int open fd=7
01-10 13:51:42.437665   527   558 D AAL     : onBacklightChanged: 325/1023 -> 313/1023(phy:1253/4095)
01-10 13:51:42.447188   390   390 D lights  : write_int open fd=7
01-10 13:51:42.447954   390   390 D lights  : write_int open fd=7
01-10 13:51:42.456793   527   558 D AAL     : onBacklightChanged: 313/1023 -> 297/1023(phy:1189/4095)
01-10 13:51:42.465927   390   390 D lights  : write_int open fd=7
01-10 13:51:42.466596   390   390 D lights  : write_int open fd=7
01-10 13:51:42.475384   527   558 D AAL     : onBacklightChanged: 297/1023 -> 285/1023(phy:1141/4095)
01-10 13:51:42.484619   390   390 D lights  : write_int open fd=7
01-10 13:51:42.485177   390   390 D lights  : write_int open fd=7
01-10 13:51:42.494218   527   558 D AAL     : onBacklightChanged: 285/1023 -> 269/1023(phy:1077/4095)
01-10 13:51:42.498828  1615  1618 E GED Service: main_gas: pid=1615
01-10 13:51:42.499227  1615  1618 D GasService: version=2.00
01-10 13:51:42.499282  1615  1618 D GasService: tid=1618
01-10 13:51:42.499263   401   519 I SurfaceFlinger: Adjust vsync offset: -8000000
01-10 13:51:42.500680  1615  1620 D GasService: GAS thread starting...
01-10 13:51:42.505217   986  1338 E TouchFilter: setTouchFilter LOG Enable prameter: 0
01-10 13:51:42.505572   986  1338 D EventHub: Event Hub Touch Filter log is disabled
01-10 13:51:42.505647   986  1338 D EventHub: Event Hub Touch Filter is enabled
01-10 13:51:42.506237   390   390 D lights  : write_int open fd=7
01-10 13:51:42.506698   390   390 D lights  : write_int open fd=7
01-10 13:51:42.513135   527   558 D AAL     : onBacklightChanged: 269/1023 -> 253/1023(phy:1012/4095)
01-10 13:51:42.514388   527   558 D AAL     : 01-10 01:51:42.438 BL= 275,ESS= 256, 01-10 01:51:42.457 BL= 263,ESS= 256, 01-10 01:51:42.475 BL= 251,ESS= 256, 01-10 01:51:42.494 BL= 238,ESS= 256, 01-10 01:51:42.514 BL= 226,ESS= 256, 
01-10 13:51:42.524812   390   390 D lights  : write_int open fd=7
01-10 13:51:42.525323   390   390 D lights  : write_int open fd=7
01-10 13:51:42.532021   527   558 D AAL     : onBacklightChanged: 253/1023 -> 241/1023(phy:964/4095)
01-10 13:51:42.543821   390   390 D lights  : write_int open fd=7
01-10 13:51:42.544337   390   390 D lights  : write_int open fd=7
01-10 13:51:42.550854   527   558 D AAL     : onBacklightChanged: 241/1023 -> 229/1023(phy:916/4095)
01-10 13:51:42.553496   986  1087 D WifiStateMachine:  InitialState !CMD_BOOT_COMPLETED rt=20744/20744 0 0
01-10 13:51:42.553653   986  1087 D WifiStateMachine:  DefaultState !CMD_BOOT_COMPLETED rt=20744/20744 0 0
01-10 13:51:42.569831  1126  1126 D CarrierText: updateCarrierText() - after combination, carrierFinalContent = 没有 SIM 卡, allSimsMissing = true
01-10 13:51:42.570881   390   390 D lights  : write_int open fd=7
01-10 13:51:42.571586   986  1087 D WifiConfigStore: Reading from stores completed in 11 ms.
01-10 13:51:42.573777   390   390 D lights  : write_int open fd=7
01-10 13:51:42.575900  1126  1126 D KeyguardSecurityModel: isPinPukOrMeRequiredOfSubId() - phoneId = 0, simState = ABSENT
01-10 13:51:42.575976  1126  1126 D AntiTheftManager: getCurrentAntiTheftMode() is called.
01-10 13:51:42.576023  1126  1126 D KeyguardSecurityModel: mode current =None
01-10 13:51:42.581939   390   390 D lights  : write_int open fd=7
01-10 13:51:42.582424   390   390 D lights  : write_int open fd=7
01-10 13:51:42.582711  1126  1126 D CarrierText: updateCarrierText() - after combination, carrierFinalContent = 没有 SIM 卡, allSimsMissing = true
01-10 13:51:42.600699   986  1087 D WifiConfigManager: clearInternalData: Clearing all internal data
01-10 13:51:42.600784   390   390 D lights  : write_int open fd=7
01-10 13:51:42.600907   986  1087 V WifiConfigManager: Clearing last selected network
01-10 13:51:42.600991   986  1087 V WifiConfigManager: Adding network from shared store "maidu_sslink_5g"WPA_PSK
01-10 13:51:42.601580   390   390 D lights  : write_int open fd=7
01-10 13:51:42.601836   986  1087 V WifiConfigManager: Adding network from shared store "Internet"NONE
01-10 13:51:42.602286   986  1087 V WifiConfigManager: Adding network from shared store "CISCO-EAP"WPA_EAP
01-10 13:51:42.603500   986  1087 D WIFI    : Registering NetworkFactory
01-10 13:51:42.603919   986  1087 D WIFI_UT : Registering NetworkFactory
01-10 13:51:42.604586   986  1087 D WifiStateMachine:  InitialState !CMD_CHANNEL_HALF_CONNECTED rt=20794/20794 0 0
01-10 13:51:42.604753   986  1087 D WifiStateMachine:  DefaultState !CMD_CHANNEL_HALF_CONNECTED rt=20795/20795 0 0
01-10 13:51:42.605018   986  1087 D WifiStateMachine:  InitialState !CMD_USER_UNLOCK rt=20795/20795 0 0
01-10 13:51:42.605062   986  1087 D WifiStateMachine:  DefaultState !CMD_USER_UNLOCK rt=20795/20795 0 0
01-10 13:51:42.605144   986  1087 V WifiConfigManager: Handling user unlock for 0
01-10 13:51:42.605283   986  1087 V WifiConfigManager: Loading from store after user switch/unlock for 0
01-10 13:51:42.610314   986  1001 I SELinux : SELinux: Loaded file_contexts
01-10 13:51:42.611345   986  1087 D WifiConfigStore: Reading from user store completed in 4 ms.
01-10 13:51:42.613165  1623  1623 I adbd    : dlroot ===checkroot===, [ro.secureboot]: 49  ==bEnableroot:0
01-10 13:51:42.613532  1623  1623 I chatty  : uid=0(root) /system/bin/adbd identical 1 line
01-10 13:51:42.613594  1623  1623 I adbd    : dlroot ===checkroot===, [ro.secureboot]: 49  ==bEnableroot:0
01-10 13:51:42.615073  1623  1634 I adbd    : initializing functionfs
01-10 13:51:42.615206  1623  1634 I adbd    : opening control endpoint /dev/usb-ffs/adb/ep0
01-10 13:51:42.619439   390   390 D lights  : write_int open fd=7
01-10 13:51:42.620392   390   390 D lights  : write_int open fd=7
01-10 13:51:42.626256   527   558 D AAL     : onBacklightChanged: 229/1023 -> 173/1023(phy:692/4095)
01-10 13:51:42.627979   986  1087 D WifiConfigStore: Writing to stores completed in 15 ms.
01-10 13:51:42.628226   986  1087 D WIFI    : got request NetworkRequest [ TRACK_DEFAULT id=3, [ Capabilities: INTERNET&NOT_RESTRICTED&TRUSTED&NOT_VPN] ] with score 0
01-10 13:51:42.628340   986  1087 D WIFI    : got request NetworkRequest [ REQUEST id=1, [ Capabilities: INTERNET&NOT_RESTRICTED&TRUSTED&NOT_VPN] ] with score 0
01-10 13:51:42.628386   986  1087 D WIFI    : got request NetworkRequest [ TRACK_DEFAULT id=6, [ Capabilities: INTERNET&NOT_RESTRICTED&TRUSTED&NOT_VPN] ] with score 0
01-10 13:51:42.628437   986  1087 D WIFI_UT : got request NetworkRequest [ TRACK_DEFAULT id=3, [ Capabilities: INTERNET&NOT_RESTRICTED&TRUSTED&NOT_VPN] ] with score 0
01-10 13:51:42.628519   986  1087 D WIFI_UT : got request NetworkRequest [ REQUEST id=1, [ Capabilities: INTERNET&NOT_RESTRICTED&TRUSTED&NOT_VPN] ] with score 0
01-10 13:51:42.628587   986  1087 D WIFI_UT : got request NetworkRequest [ TRACK_DEFAULT id=6, [ Capabilities: INTERNET&NOT_RESTRICTED&TRUSTED&NOT_VPN] ] with score 0
01-10 13:51:42.628682   986  1087 D WifiStateMachine:  InitialState !CMD_ENABLE_P2P rt=20819/20819 0 0
01-10 13:51:42.628765   986  1087 D WifiStateMachine:  DefaultState !CMD_ENABLE_P2P rt=20819/20819 0 0
01-10 13:51:42.639238   390   390 D lights  : write_int open fd=7
01-10 13:51:42.640180   390   390 D lights  : write_int open fd=7
01-10 13:51:42.642868  1114  1114 I InputAttributes: InputType.TYPE_NULL is specified
01-10 13:51:42.645084   527   558 D AAL     : onBacklightChanged: 173/1023 -> 160/1023(phy:640/4095)
01-10 13:51:42.645674   527   558 D AAL     : 01-10 01:51:42.532 BL= 214,ESS= 256, 01-10 01:51:42.551 BL= 201,ESS= 256, 01-10 01:51:42.607 BL= 196,ESS= 256, 01-10 01:51:42.627 BL= 185,ESS= 256, 01-10 01:51:42.645 BL= 175,ESS= 256, 
01-10 13:51:42.652288  1623  1623 I ADB_SERVICES: g_pending_list length=1
01-10 13:51:42.656898   390   390 D lights  : write_int open fd=7
01-10 13:51:42.657343   390   390 D lights  : write_int open fd=7
01-10 13:51:42.663921   527   558 D AAL     : onBacklightChanged: 160/1023 -> 144/1023(phy:576/4095)
01-10 13:51:42.666601  1625  1625 I zygote64: The ClassLoaderContext is a special shared library.
01-10 13:51:42.676156   390   390 D lights  : write_int open fd=7
01-10 13:51:42.677190   390   390 D lights  : write_int open fd=7
01-10 13:51:42.682769   527   558 D AAL     : onBacklightChanged: 144/1023 -> 132/1023(phy:528/4095)
01-10 13:51:42.694643   390   390 D lights  : write_int open fd=7
01-10 13:51:42.695167   390   390 D lights  : write_int open fd=7
01-10 13:51:42.701651   527   558 D AAL     : onBacklightChanged: 132/1023 -> 120/1023(phy:480/4095)
01-10 13:51:42.713723   390   390 D lights  : write_int open fd=7
01-10 13:51:42.714270   390   390 D lights  : write_int open fd=7
01-10 13:51:42.720510   527   558 D AAL     : onBacklightChanged: 120/1023 -> 104/1023(phy:416/4095)
01-10 13:51:42.732634   390   390 D lights  : write_int open fd=7
01-10 13:51:42.733249   390   390 D lights  : write_int open fd=7
01-10 13:51:42.739614   527   558 D AAL     : onBacklightChanged: 104/1023 -> 92/1023(phy:368/4095)
01-10 13:51:42.739962   527   558 D AAL     : 01-10 01:51:42.664 BL= 163,ESS= 256, 01-10 01:51:42.683 BL= 151,ESS= 256, 01-10 01:51:42.702 BL= 139,ESS= 256, 01-10 01:51:42.721 BL= 127,ESS= 256, 01-10 01:51:42.739 BL= 115,ESS= 256, 
01-10 13:51:42.751387   390   390 D lights  : write_int open fd=7
01-10 13:51:42.752635   390   390 D lights  : write_int open fd=7
01-10 13:51:42.758195   527   558 D AAL     : onBacklightChanged: 92/1023 -> 76/1023(phy:304/4095)
01-10 13:51:42.770252   390   390 D lights  : write_int open fd=7
01-10 13:51:42.770723   390   390 D lights  : write_int open fd=7
01-10 13:51:42.777515   527   558 D AAL     : onBacklightChanged: 76/1023 -> 64/1023(phy:256/4095)
01-10 13:51:42.784939   986  1001 D Cta_ReceiverRecordHelper: updateReceiverCache()
01-10 13:51:42.785141   986  1001 D Cta_ReceiverRecordHelper: updateReceiverCache() at User(0)
01-10 13:51:42.785236   986  1001 D Cta_ReceiverRecordHelper: getPackageListReceivingSpecifiedIntent() find activities receiving intent = android.intent.action.BOOT_COMPLETED
01-10 13:51:42.789870   390   390 D lights  : write_int open fd=7
01-10 13:51:42.790381   390   390 D lights  : write_int open fd=7
01-10 13:51:42.795916   527   558 D AAL     : onBacklightChanged: 64/1023 -> 52/1023(phy:208/4095)
01-10 13:51:42.797879   986  1001 D Cta_ReceiverRecordHelper: getPackageListReceivingSpecifiedIntent() add com.mediatek.camera in the list
01-10 13:51:42.798075   986  1001 D Cta_ReceiverRecordHelper: addReceiverRecord() with com.mediatek.camera at User(0) enabled: true
01-10 13:51:42.798420   986  1001 D Cta_ReceiverRecordHelper: updateReceiverCache() at User(10)
01-10 13:51:42.798553   986  1001 D Cta_ReceiverRecordHelper: getPackageListReceivingSpecifiedIntent() find activities receiving intent = android.intent.action.BOOT_COMPLETED
01-10 13:51:42.803230   986  1001 D Cta_ReceiverController: filterReceiver() - package = com.mediatek.ppl has action = android.intent.action.BOOT_COMPLETED
01-10 13:51:42.803425   986  1001 D Cta_ReceiverController: filterReceiver() - package = com.mediatek.security has action = android.intent.action.BOOT_COMPLETED
01-10 13:51:42.803471   986  1001 D Cta_ReceiverController: filterReceiver() - package = com.gears42.surelock has action = android.intent.action.BOOT_COMPLETED
01-10 13:51:42.803608   986  1001 D Cta_ReceiverController: filterReceiver() - package = android has action = android.intent.action.BOOT_COMPLETED
01-10 13:51:42.803652   986  1001 D Cta_ReceiverController: filterReceiver() - package = com.android.dialer has action = android.intent.action.BOOT_COMPLETED
01-10 13:51:42.803693   986  1001 D Cta_ReceiverController: filterReceiver() - package = com.android.settings has action = android.intent.action.BOOT_COMPLETED
01-10 13:51:42.803742   986  1001 D Cta_ReceiverController: filterReceiver() - package = com.datalogic.softspot has action = android.intent.action.BOOT_COMPLETED
01-10 13:51:42.803780   986  1001 D Cta_ReceiverController: filterReceiver() - package = com.gears42.surefox has action = android.intent.action.BOOT_COMPLETED
01-10 13:51:42.803817   986  1001 D Cta_ReceiverController: filterReceiver() - package = com.mediatek.mtklogger has action = android.intent.action.BOOT_COMPLETED
01-10 13:51:42.803851   986  1001 D Cta_ReceiverController: filterReceiver() - package = com.android.calendar has action = android.intent.action.BOOT_COMPLETED
01-10 13:51:42.803890   986  1001 D Cta_ReceiverController: filterReceiver() - package = com.android.contacts has action = android.intent.action.BOOT_COMPLETED
01-10 13:51:42.803928   986  1001 D Cta_ReceiverController: filterReceiver() - package = com.android.deskclock has action = android.intent.action.BOOT_COMPLETED
01-10 13:51:42.803971   986  1001 D Cta_ReceiverController: filterReceiver() - package = com.android.dialer has action = android.intent.action.BOOT_COMPLETED
01-10 13:51:42.804007   986  1001 D Cta_ReceiverController: filterReceiver() - package = com.android.dialer has action = android.intent.action.BOOT_COMPLETED
01-10 13:51:42.804156   986  1001 D Cta_ReceiverController: filterReceiver() - package = com.android.email has action = android.intent.action.BOOT_COMPLETED
01-10 13:51:42.804262   986  1001 D Cta_ReceiverController: filterReceiver() - package = com.android.gallery3d has action = android.intent.action.BOOT_COMPLETED
01-10 13:51:42.804327   986  1001 D Cta_ReceiverController: filterReceiver() - package = com.android.managedprovisioning has action = android.intent.action.BOOT_COMPLETED
01-10 13:51:42.804382   986  1001 D Cta_ReceiverController: filterReceiver() - package = com.android.mms has action = android.intent.action.BOOT_COMPLETED
01-10 13:51:42.804478   986  1001 I chatty  : uid=1000(system) ActivityManager identical 2 lines
01-10 13:51:42.804526   986  1001 D Cta_ReceiverController: filterReceiver() - package = com.android.mms has action = android.intent.action.BOOT_COMPLETED
01-10 13:51:42.804575   986  1001 D Cta_ReceiverController: filterReceiver() - package = com.android.onetimeinitializer has action = android.intent.action.BOOT_COMPLETED
01-10 13:51:42.804622   986  1001 D Cta_ReceiverController: filterReceiver() - package = com.android.packageinstaller has action = android.intent.action.BOOT_COMPLETED
01-10 13:51:42.804673   986  1001 D Cta_ReceiverController: filterReceiver() - package = com.android.phone has action = android.intent.action.BOOT_COMPLETED
01-10 13:51:42.804767   986  1001 I chatty  : uid=1000(system) ActivityManager identical 2 lines
01-10 13:51:42.804815   986  1001 D Cta_ReceiverController: filterReceiver() - package = com.android.phone has action = android.intent.action.BOOT_COMPLETED
01-10 13:51:42.804863   986  1001 D Cta_ReceiverController: filterReceiver() - package = com.android.providers.calendar has action = android.intent.action.BOOT_COMPLETED
01-10 13:51:42.804910   986  1001 D Cta_ReceiverController: filterReceiver() - package = com.android.providers.downloads has action = android.intent.action.BOOT_COMPLETED
01-10 13:51:42.804967   986  1001 D Cta_ReceiverController: filterReceiver() - package = com.android.providers.media has action = android.intent.action.BOOT_COMPLETED
01-10 13:51:42.805016   986  1001 D Cta_ReceiverController: filterReceiver() - package = com.android.providers.media has action = android.intent.action.BOOT_COMPLETED
01-10 13:51:42.805066   986  1001 D Cta_ReceiverController: filterReceiver() - package = com.android.settings has action = android.intent.action.BOOT_COMPLETED
01-10 13:51:42.805113   986  1001 D Cta_ReceiverController: filterReceiver() - package = com.android.stk has action = android.intent.action.BOOT_COMPLETED
01-10 13:51:42.805163   986  1001 D Cta_ReceiverController: filterReceiver() - package = com.datalogic.battery has action = android.intent.action.BOOT_COMPLETED
01-10 13:51:42.805211   986  1001 D Cta_ReceiverController: filterReceiver() - package = com.datalogic.dxu has action = android.intent.action.BOOT_COMPLETED
01-10 13:51:42.805269   986  1001 D Cta_ReceiverController: filterReceiver() - package = com.datalogic.dxu has action = android.intent.action.BOOT_COMPLETED
01-10 13:51:42.805311   986  1001 D Cta_ReceiverController: filterReceiver() - package = com.datalogic.enterpriseupdater has action = android.intent.action.BOOT_COMPLETED
01-10 13:51:42.805351   986  1001 D Cta_ReceiverController: filterReceiver() - package = com.datalogic.factory has action = android.intent.action.BOOT_COMPLETED
01-10 13:51:42.805390   986  1001 D Cta_ReceiverController: filterReceiver() - package = com.datalogic.scan2deploy has action = android.intent.action.BOOT_COMPLETED
01-10 13:51:42.805546   986  1001 D Cta_ReceiverController: filterReceiver() - package = com.datalogic.service has action = android.intent.action.BOOT_COMPLETED
01-10 13:51:42.805639   986  1001 D Cta_ReceiverController: filterReceiver() - package = com.datalogic.setupwizardscanner has action = android.intent.action.BOOT_COMPLETED
01-10 13:51:42.805699   986  1001 D Cta_ReceiverController: filterReceiver() - package = com.datalogic.systemupdate has action = android.intent.action.BOOT_COMPLETED
01-10 13:51:42.805746   986  1001 D Cta_ReceiverController: filterReceiver() - package = com.example.factorydevelopx has action = android.intent.action.BOOT_COMPLETED
01-10 13:51:42.805789   986  1001 D Cta_ReceiverController: filterReceiver() - package = com.mediatek.batterywarning has action = android.intent.action.BOOT_COMPLETED
01-10 13:51:42.805830   986  1001 D Cta_ReceiverController: filterReceiver() - package = com.mediatek.bluetooth.dtt has action = android.intent.action.BOOT_COMPLETED
01-10 13:51:42.805873   986  1001 D Cta_ReceiverController: filterReceiver() - package = com.mediatek.engineermode has action = android.intent.action.BOOT_COMPLETED
01-10 13:51:42.805917   986  1001 D Cta_ReceiverController: filterReceiver() - package = com.mediatek.omacp has action = android.intent.action.BOOT_COMPLETED
01-10 13:51:42.805963   986  1001 D Cta_ReceiverController: filterReceiver() - package = com.mediatek.providers.drm has action = android.intent.action.BOOT_COMPLETED
01-10 13:51:42.806005   986  1001 D Cta_ReceiverController: filterReceiver() - package = com.mediatek.simprocessor has action = android.intent.action.BOOT_COMPLETED
01-10 13:51:42.806048   986  1001 D Cta_ReceiverController: filterReceiver() - package = com.mediatek.thermalmanager has action = android.intent.action.BOOT_COMPLETED
01-10 13:51:42.806088   986  1001 D Cta_ReceiverController: filterReceiver() - package = com.mediatek.camera has action = android.intent.action.BOOT_COMPLETED
01-10 13:51:42.808194   390   390 D lights  : write_int open fd=7
01-10 13:51:42.808669   390   390 D lights  : write_int open fd=7
01-10 13:51:42.814926   527   558 D AAL     : onBacklightChanged: 52/1023 -> 40/1023(phy:160/4095)
01-10 13:51:42.828560  1645  1645 I zygote64: The ClassLoaderContext is a special shared library.
01-10 13:51:42.834102   527   558 D AAL     : 01-10 01:51:42.759 BL= 103,ESS= 256, 01-10 01:51:42.778 BL=  91,ESS= 256, 01-10 01:51:42.796 BL=  79,ESS= 256, 01-10 01:51:42.815 BL=  67,ESS= 256, 01-10 01:51:42.834 BL=  55,ESS= 256, 
01-10 13:51:42.837559  1340  1340 D FallbackHome: User unlocked and real home found; let's go!
01-10 13:51:42.838864   986  1084 I WifiService: getConfiguredNetworks uid=1000
01-10 13:51:42.838964   986  1084 D WifiAsyncChannel.WifiService: sendMessageSynchronously.send message=131131
01-10 13:51:42.840004  1304  1304 D IntentBroadcaster: Rebroadcasting intent android.intent.action.SIM_STATE_CHANGED ABSENT for slotId 0
01-10 13:51:42.840758   986  1084 D WifiAsyncChannel.WifiService: sendMessageSynchronously.recv message=131131 sendingUid=1000
01-10 13:51:42.844897  1126  1126 D KeyguardSecurityModel: isPinPukOrMeRequiredOfSubId() - phoneId = 0, simState = ABSENT
01-10 13:51:42.845132  1126  1126 D AntiTheftManager: getCurrentAntiTheftMode() is called.
01-10 13:51:42.845209  1126  1126 D KeyguardSecurityModel: mode current =None
01-10 13:51:42.847694  1304  1701 D Mms/Provider/Sms: query begin, match = 15
01-10 13:51:42.849861  1645  1645 I zygote64: The ClassLoaderContext is a special shared library.
01-10 13:51:42.873641  1304  1304 D CarrierSvcBindHelper: Received android.intent.action.USER_UNLOCKED
01-10 13:51:42.874705  1304  1304 D CarrierSvcBindHelper: No carrier app for: 0
01-10 13:51:42.878575  1666  1666 I zygote64: The ClassLoaderContext is a special shared library.
01-10 13:51:42.879308  1340  1340 D View    : [Warning] assignParent to null: this = DecorView@facad70[FallbackHome]
01-10 13:51:42.883839  1340  1340 D WindowClient: Remove from mViews: DecorView@facad70[FallbackHome], this = android.view.WindowManagerGlobal@dfe28e9
01-10 13:51:42.909989  1304  1701 D Mms/Provider/Sms: query begin, match = 15
01-10 13:51:42.917040  1666  1666 D DL-ServiceApplication: onCreate: Capture.build()
01-10 13:51:42.917987   986   995 I zygote64: Background concurrent copying GC freed 57569(3MB) AllocSpace objects, 69(1952KB) LOS objects, 40% free, 8MB/14MB, paused 236us total 131.610ms
01-10 13:51:42.923235  1684  1684 I zygote64: The ClassLoaderContext is a special shared library.
01-10 13:51:42.946619  1623  1634 I adbd    : functionfs successfully initialized
01-10 13:51:42.946859  1623  1634 I adbd    : registering usb transport
01-10 13:51:42.947855  1706  1706 I zygote64: The ClassLoaderContext is a special shared library.
01-10 13:51:42.947931  1623  1752 I ADB_SERVICES: (null): starting write_transport thread, reading from fd 19
01-10 13:51:42.948439  1623  1753 I ADB_SERVICES: (null): starting read_transport thread on fd 19, SYNC online (2)
01-10 13:51:42.949495  1623  1623 I ADB_SERVICES: recv: SYNC 00000001 00000002 0000 
01-10 13:51:42.949759   986   986 I AccountManagerService: User 0 is unlocked - opening CE database
01-10 13:51:42.953326  1666  1666 D DL-ScannerServer: Scanner type is --> Firefly Entry Level
01-10 13:51:42.954321   397   414 I vendor.mediatek.hardware.power@1.1-impl: PowerHint hint:8, data:1
01-10 13:51:42.955195   397   413 I libPerfService: 8: legacy set freq: 1508000 -1 2002000 -1
01-10 13:51:42.964263   397   414 I vendor.mediatek.hardware.power@1.1-impl: PowerHint hint:8, data:0
01-10 13:51:42.965012   397   413 I libPerfService: 8: legacy set freq: -1 -1 -1 -1
01-10 13:51:42.974912  1288  1288 D ImsConfigReceiver: Update LatestSimState, phoneId = 0, state = ABSENT
01-10 13:51:42.974998  1288  1288 D ImsConfigReceiver: Sim state changed, event = ABSENT, check for ECC flag
01-10 13:51:42.975070  1288  1288 D ImsConfigReceiver: Sim state changed, event = ABSENT, reset broadcast flag
01-10 13:51:42.979152  1304  1304 E MtkPhoneIntfMgrEx: isEccInProgress, mIsEccInProgress:false
01-10 13:51:42.979974  1304  1304 E MtkPhoneIntfMgrEx: isEccInProgress, mIsEccInProgress:false
01-10 13:51:42.985590  1126  1273 D NetworkController: subscriptions is null
01-10 13:51:42.988741  1126  1273 D NetworkController: signal callbacks count not equals, reset subInfo, old = 2, new = 4
01-10 13:51:42.989605  1126  1126 D SignalClusterView: hasCorrectSubs, subsInfo:[],--mPhoneStates:[]
01-10 13:51:42.989729  1126  1273 D WifiSignalController: mCurrentState.inetCondition = 0
01-10 13:51:42.989773  1126  1126 D SignalClusterView: hasCorrectSubs, subsInfo:[],--mPhoneStates:[]
01-10 13:51:42.990295  1126  1126 I zygote64: Deoptimizing void com.android.systemui.statusbar.CommandQueue$H.handleMessage(android.os.Message) due to JIT inline cache
01-10 13:51:42.991551  1126  1273 D NetworkController: isEmergencyOnly No sims 
01-10 13:51:42.994378  1304  1572 D CarrierConfigLoader: update config for phoneId: 0 simState: ABSENT
01-10 13:51:42.994514  1304  1572 D CarrierSvcBindHelper: update binding for phoneId: 0 simState: ABSENT
01-10 13:51:42.998731  1304  1304 D CdmaVolteServiceChecker: onReceive, action = android.intent.action.SIM_STATE_CHANGED
01-10 13:51:42.998917  1304  1304 D CdmaVolteServiceChecker: updateState, checking = false
01-10 13:51:42.999560  1304  1304 D CdmaVolteServiceChecker: getMainCapabilitySubId = -2
01-10 13:51:42.999676  1304  1304 D CdmaVolteServiceChecker: mims_support = 1, subId = -2
01-10 13:51:43.000000  1304  1304 D CarrierConfigLoader: mHandler: 0 phoneId: 0
01-10 13:51:43.000779   986   986 D MtkEapSimUtility: onReceive ACTION_SIM_STATE_CHANGED iccState: ABSENT, simSlot: 0
01-10 13:51:43.000885   986   986 D MtkEapSimUtility: resetting networks because SIM0 was removed
01-10 13:51:43.001080   986  1087 D WifiStateMachine:  InitialState !CMD_RESET_SIM_NETWORKS rt=21191/21191 0 0
01-10 13:51:43.001171   986  1087 D WifiStateMachine:  DefaultState !CMD_RESET_SIM_NETWORKS rt=21191/21191 0 0
01-10 13:51:43.009116  1721  1721 I zygote64: The ClassLoaderContext is a special shared library.
01-10 13:51:43.010487  1645  1645 I ReceiversRegistration: context registering receivers on API level 26 and above
01-10 13:51:43.011887  1288  1288 D ImsVT Util: Received ACTION_SIM_STATE_CHANGED, slotId:0, simState:ABSENT
01-10 13:51:43.014170   397   413 I libPerfService: 11: legacy set freq: 1508000 -1 2002000 -1
01-10 13:51:43.021533   401   420 I BufferQueueProducer: [StatusBar#0](this:0x7300cf4800,id:3,api:1,p:1126,c:401) queueBuffer: fps=25.67 dur=1013.04 max=210.42 min=7.54
01-10 13:51:43.031598  1658  1658 I NfcService: Starting NFC service
01-10 13:51:43.051511  1730  1730 I zygote64: The ClassLoaderContext is a special shared library.
01-10 13:51:43.063086  1304  1322 E MtkPhoneIntfMgrEx: [setWifiEnabled] pheonId:0, ifName:wlan0, isEnabled:0
01-10 13:51:43.063572  1658  1658 D BrcmNfcJni: JNI_OnLoad: enter
01-10 13:51:43.063709  1658  1658 I BrcmNfcJni: NFC Service: loading nci JNI
01-10 13:51:43.065354  1288  1288 D ImsConfigManager: DYNAMIC_IMS_SWITCH_TRIGGER phoneId:0, simState:ABSENT
01-10 13:51:43.065505  1658  1658 D BrcmNfcJni: register_com_android_nfc_NativeNfcManager: enter
01-10 13:51:43.065569  1658  1658 D BrcmNfcJni: PowerSwitch::initialize: level=PS-UNKNOWN (0)
01-10 13:51:43.065634  1288  1288 D ImsConfigManager: get MtkImsConfigImpl of phone 0
01-10 13:51:43.065744  1288  1288 W ImsConfigManager: setImsResCapability to volte only w/o SIM on phone 0
01-10 13:51:43.068380  1658  1658 D NfcAdaptation: readConfig Opened base config /vendor/etc/libnfc-brcm.conf
01-10 13:51:43.071260  1288  1288 D ImsConfigStorage: updateResource() comparing: curValue: 1, value:1
01-10 13:51:43.077042  1658  1658 D NfcAdaptation: readConfig Opened optional config /vendor/etc/libnfc-nxp.conf
01-10 13:51:43.080648  1666  1666 D DL-PropertyMonitor: Int type index: 6, value: 0
01-10 13:51:43.082014  1666  1666 D DL-PropertyMonitor: Int type index: 7, value: 1
01-10 13:51:43.082124  1666  1666 D DL-PropertyMonitor: Int type index: 8, value: 1
01-10 13:51:43.082162  1666  1666 D DL-PropertyMonitor: Int type index: 9, value: 0
01-10 13:51:43.082197  1666  1666 D DL-PropertyMonitor: Int type index: 10, value: 0
01-10 13:51:43.082232  1666  1666 D DL-PropertyMonitor: Int type index: 11, value: 0
01-10 13:51:43.082266  1666  1666 D DL-PropertyMonitor: Int type index: 12, value: 0
01-10 13:51:43.082322  1666  1666 D DL-PropertyMonitor: Int type index: 13, value: 0
01-10 13:51:43.082357  1666  1666 D DL-PropertyMonitor: Int type index: 14, value: 0
01-10 13:51:43.082440  1666  1666 D DL-PropertyMonitor: Int type index: 16, value: 1
01-10 13:51:43.082485  1666  1666 D DL-PropertyMonitor: Int type index: 17, value: 1
01-10 13:51:43.082532  1666  1666 D DL-PropertyMonitor: Int type index: 18, value: 0
01-10 13:51:43.082567  1666  1666 D DL-PropertyMonitor: Int type index: 19, value: 1
01-10 13:51:43.082609  1666  1666 D DL-PropertyMonitor: Int type index: 24, value: 0
01-10 13:51:43.082644  1666  1666 D DL-PropertyMonitor: Int type index: 32, value: 1
01-10 13:51:43.082686  1666  1666 D DL-PropertyMonitor: Int type index: 34, value: 70
01-10 13:51:43.082722  1666  1666 D DL-PropertyMonitor: Int type index: 37, value: 0
01-10 13:51:43.082803  1666  1666 D DL-PropertyMonitor: String type: , index: 38
01-10 13:51:43.082849  1666  1666 D DL-PropertyMonitor: String type: 
01-10 13:51:43.082849  1666  1666 D DL-PropertyMonitor: , index: 39
01-10 13:51:43.082885  1666  1666 D DL-PropertyMonitor: Int type index: 41, value: 2
01-10 13:51:43.082935  1666  1666 D DL-PropertyMonitor: Int type index: 42, value: 2
01-10 13:51:43.082973  1666  1666 D DL-PropertyMonitor: String type: , index: 44
01-10 13:51:43.083017  1666  1666 D DL-PropertyMonitor: Int type index: 45, value: 5000
01-10 13:51:43.083053  1666  1666 D DL-PropertyMonitor: Int type index: 46, value: 20
01-10 13:51:43.083096  1666  1666 D DL-PropertyMonitor: Int type index: 47, value: 75
01-10 13:51:43.083137  1666  1666 D DL-PropertyMonitor: String type: /system/media/audio/notifications/Scan_new.ogg, index: 48
01-10 13:51:43.083189  1666  1666 D DL-PropertyMonitor: Int type index: 49, value: 0
01-10 13:51:43.083228  1666  1666 D DL-PropertyMonitor: Int type index: 50, value: 2400
01-10 13:51:43.083265  1666  1666 D DL-PropertyMonitor: Int type index: 51, value: 1
01-10 13:51:43.083307  1666  1666 D DL-PropertyMonitor: Int type index: 80, value: 0
01-10 13:51:43.083343  1666  1666 D DL-PropertyMonitor: Int type index: 81, value: 2
01-10 13:51:43.083379  1666  1666 D DL-PropertyMonitor: Int type index: 82, value: 0
01-10 13:51:43.083431  1666  1666 D DL-PropertyMonitor: Int type index: 96, value: 0
01-10 13:51:43.083470  1666  1666 D DL-PropertyMonitor: Int type index: 97, value: 2
01-10 13:51:43.083505  1666  1666 D DL-PropertyMonitor: Int type index: 256, value: 1
01-10 13:51:43.083549  1666  1666 D DL-PropertyMonitor: Int type index: 257, value: 0
01-10 13:51:43.083586  1666  1666 D DL-PropertyMonitor: Int type index: 258, value: 0
01-10 13:51:43.083633  1666  1666 D DL-PropertyMonitor: Int type index: 259, value: 0
01-10 13:51:43.083689  1666  1666 D DL-PropertyMonitor: Int type index: 261, value: 0
01-10 13:51:43.083726  1666  1666 D DL-PropertyMonitor: Int type index: 264, value: 0
01-10 13:51:43.083761  1666  1666 D DL-PropertyMonitor: Int type index: 272, value: 0
01-10 13:51:43.083797  1666  1666 D DL-PropertyMonitor: Int type index: 288, value: 1
01-10 13:51:43.083854  1666  1666 D DL-PropertyMonitor: Int type index: 289, value: 20
01-10 13:51:43.083891  1666  1666 D DL-PropertyMonitor: Int type index: 290, value: 3
01-10 13:51:43.083967  1666  1666 D DL-PropertyMonitor: Char type: C, index: 291, value: 67
01-10 13:51:43.084017  1666  1666 D DL-PropertyMonitor: Char type: X, index: 293, value: 88
01-10 13:51:43.084057  1666  1666 D DL-PropertyMonitor: Char type: Y, index: 295, value: 89
01-10 13:51:43.084100  1666  1666 D DL-PropertyMonitor: Int type index: 512, value: 0
01-10 13:51:43.084140  1666  1666 D DL-PropertyMonitor: Int type index: 520, value: 0
01-10 13:51:43.084184  1666  1666 D DL-PropertyMonitor: Int type index: 528, value: 1
01-10 13:51:43.084227  1666  1666 D DL-PropertyMonitor: Int type index: 530, value: 0
01-10 13:51:43.084269  1666  1666 D DL-PropertyMonitor: Int type index: 531, value: 0
01-10 13:51:43.084321  1666  1666 D DL-PropertyMonitor: Int type index: 544, value: 6
01-10 13:51:43.084370  1666  1666 D DL-PropertyMonitor: Int type index: 545, value: 10
01-10 13:51:43.084413  1666  1666 D DL-PropertyMonitor: Int type index: 546, value: 3
01-10 13:51:43.084467  1666  1666 D DL-PropertyMonitor: Char type: F, index: 547, value: 70
01-10 13:51:43.084519  1666  1666 D DL-PropertyMonitor: Int type index: 548, value: 6
01-10 13:51:43.084560  1666  1666 D DL-PropertyMonitor: Int type index: 549, value: 10
01-10 13:51:43.084608  1666  1666 D DL-PropertyMonitor: Int type index: 550, value: 3
01-10 13:51:43.084656  1666  1666 D DL-PropertyMonitor: Char type: D, index: 551, value: 68
01-10 13:51:43.084700  1666  1666 D DL-PropertyMonitor: Int type index: 552, value: 6
01-10 13:51:43.084743  1666  1666 D DL-PropertyMonitor: Int type index: 553, value: 10
01-10 13:51:43.084785  1666  1666 D DL-PropertyMonitor: Int type index: 554, value: 3
01-10 13:51:43.084830  1666  1666 D DL-PropertyMonitor: Char type: B, index: 555, value: 66
01-10 13:51:43.084875  1666  1666 D DL-PropertyMonitor: Int type index: 768, value: 1
01-10 13:51:43.084921  1666  1666 D DL-PropertyMonitor: Int type index: 770, value: 0
01-10 13:51:43.084965  1666  1666 D DL-PropertyMonitor: Int type index: 771, value: 0
01-10 13:51:43.085002  1666  1666 D DL-PropertyMonitor: Int type index: 773, value: 0
01-10 13:51:43.085047  1666  1666 D DL-PropertyMonitor: Int type index: 774, value: 0
01-10 13:51:43.085090  1666  1666 D DL-PropertyMonitor: Int type index: 800, value: 4
01-10 13:51:43.085138  1666  1666 D DL-PropertyMonitor: Int type index: 801, value: 20
01-10 13:51:43.085184  1666  1666 D DL-PropertyMonitor: Int type index: 802, value: 3
01-10 13:51:43.085228  1666  1666 D DL-PropertyMonitor: Char type: I, index: 803, value: 73
01-10 13:51:43.085290  1666  1666 D DL-PropertyMonitor: Int type index: 1024, value: 0
01-10 13:51:43.085328  1666  1666 D DL-PropertyMonitor: Int type index: 1032, value: 1
01-10 13:51:43.085366  1666  1666 D DL-PropertyMonitor: Int type index: 1036, value: 1
01-10 13:51:43.086655  1666  1666 D DL-PropertyMonitor: Int type index: 1056, value: 2
01-10 13:51:43.086907  1666  1666 D DL-PropertyMonitor: Int type index: 1057, value: 20
01-10 13:51:43.087023  1666  1666 D DL-PropertyMonitor: Int type index: 1058, value: 3
01-10 13:51:43.087100  1666  1666 D DL-PropertyMonitor: Char type: L, index: 1059, value: 76
01-10 13:51:43.087158  1666  1666 D DL-PropertyMonitor: Int type index: 1060, value: 2
01-10 13:51:43.087199  1666  1666 D DL-PropertyMonitor: Int type index: 1061, value: 40
01-10 13:51:43.087260  1666  1666 D DL-PropertyMonitor: Int type index: 1062, value: 3
01-10 13:51:43.087318  1666  1666 D DL-PropertyMonitor: Char type: K, index: 1063, value: 75
01-10 13:51:43.087372  1666  1666 D DL-PropertyMonitor: Char type: o, index: 1064, value: 111
01-10 13:51:43.087412  1666  1666 D DL-PropertyMonitor: Int type index: 1065, value: 2
01-10 13:51:43.087458  1666  1666 D DL-PropertyMonitor: Int type index: 1066, value: 0
01-10 13:51:43.087505  1666  1666 D DL-PropertyMonitor: Int type index: 1280, value: 1
01-10 13:51:43.087548  1666  1666 D DL-PropertyMonitor: Int type index: 1282, value: 0
01-10 13:51:43.087587  1666  1666 D DL-PropertyMonitor: Int type index: 1283, value: 1
01-10 13:51:43.087643  1666  1666 D DL-PropertyMonitor: Int type index: 1284, value: 0
01-10 13:51:43.087697  1666  1666 D DL-PropertyMonitor: Int type index: 1288, value: 1
01-10 13:51:43.087745  1666  1666 D DL-PropertyMonitor: Int type index: 1289, value: 0
01-10 13:51:43.087785  1666  1666 D DL-PropertyMonitor: Int type index: 1290, value: 0
01-10 13:51:43.087827  1666  1666 D DL-PropertyMonitor: Int type index: 1291, value: 1
01-10 13:51:43.087864  1666  1666 D DL-PropertyMonitor: Int type index: 1292, value: 0
01-10 13:51:43.087912  1666  1666 D DL-PropertyMonitor: Int type index: 1296, value: 1
01-10 13:51:43.087949  1666  1666 D DL-PropertyMonitor: Int type index: 1298, value: 0
01-10 13:51:43.087993  1666  1666 D DL-PropertyMonitor: Int type index: 1299, value: 1
01-10 13:51:43.088030  1666  1666 D DL-PropertyMonitor: Int type index: 1300, value: 0
01-10 13:51:43.088088  1666  1666 D DL-PropertyMonitor: Int type index: 1301, value: 0
01-10 13:51:43.088128  1666  1666 D DL-PropertyMonitor: Int type index: 1304, value: 1
01-10 13:51:43.088184  1666  1666 D DL-PropertyMonitor: Int type index: 1306, value: 0
01-10 13:51:43.088247  1666  1666 D DL-PropertyMonitor: Int type index: 1307, value: 0
01-10 13:51:43.088300  1666  1666 D DL-PropertyMonitor: Int type index: 1308, value: 1
01-10 13:51:43.088367  1666  1666 D DL-PropertyMonitor: Int type index: 1309, value: 1
01-10 13:51:43.088411  1666  1666 D DL-PropertyMonitor: Int type index: 1311, value: 0
01-10 13:51:43.088447  1666  1666 D DL-PropertyMonitor: Int type index: 1312, value: 0
01-10 13:51:43.088506  1666  1666 D DL-PropertyMonitor: Char type: A, index: 1313, value: 65
01-10 13:51:43.088549  1666  1666 D DL-PropertyMonitor: Char type: E, index: 1315, value: 69
01-10 13:51:43.088588  1666  1666 D DL-PropertyMonitor: Char type: M, index: 1317, value: 77
01-10 13:51:43.088625  1666  1666 D DL-PropertyMonitor: Char type: G, index: 1319, value: 71
01-10 13:51:43.088663  1666  1666 D DL-PropertyMonitor: Int type index: 1544, value: 0
01-10 13:51:43.088701  1666  1666 D DL-PropertyMonitor: Int type index: 1546, value: 0
01-10 13:51:43.088737  1666  1666 D DL-PropertyMonitor: Int type index: 1547, value: 0
01-10 13:51:43.088772  1666  1666 D DL-PropertyMonitor: Int type index: 1548, value: 0
01-10 13:51:43.088811  1666  1666 D DL-PropertyMonitor: Int type index: 1572, value: 4
01-10 13:51:43.088847  1666  1666 D DL-PropertyMonitor: Int type index: 1573, value: 10
01-10 13:51:43.088883  1666  1666 D DL-PropertyMonitor: Int type index: 1574, value: 3
01-10 13:51:43.088937  1666  1666 D DL-PropertyMonitor: Char type: H, index: 1575, value: 72
01-10 13:51:43.088977  1666  1666 D DL-PropertyMonitor: Int type index: 1576, value: 2
01-10 13:51:43.089036  1666  1666 D DL-PropertyMonitor: Int type index: 2048, value: 1
01-10 13:51:43.089086  1666  1666 D DL-PropertyMonitor: Int type index: 2051, value: 0
01-10 13:51:43.089134  1666  1666 D DL-PropertyMonitor: Int type index: 2056, value: 1
01-10 13:51:43.089188  1666  1666 D DL-PropertyMonitor: Int type index: 2059, value: 0
01-10 13:51:43.089254  1666  1666 D DL-PropertyMonitor: Int type index: 2064, value: 1
01-10 13:51:43.089352  1666  1666 D DL-PropertyMonitor: Int type index: 2067, value: 0
01-10 13:51:43.089446  1666  1666 D DL-PropertyMonitor: Char type: P, index: 2081, value: 80
01-10 13:51:43.089504  1666  1666 D DL-PropertyMonitor: Char type: Q, index: 2083, value: 81
01-10 13:51:43.089561  1666  1666 D DL-PropertyMonitor: Int type index: 2084, value: 1
01-10 13:51:43.089627  1666  1666 D DL-PropertyMonitor: Int type index: 2085, value: 74
01-10 13:51:43.089682  1666  1666 D DL-PropertyMonitor: Int type index: 2086, value: 3
01-10 13:51:43.089726  1666  1666 D DL-PropertyMonitor: Char type: R, index: 2087, value: 82
01-10 13:51:43.091464  1666  1666 D DL-PropertyMonitor: Int type index: 2320, value: 0
01-10 13:51:43.091764  1666  1666 D DL-PropertyMonitor: Int type index: 2321, value: 0
01-10 13:51:43.092024  1658  1658 D NfcAdaptation: readConfig Cannot open config file /data/vendor/nfc/libnfc-nxpTransit.conf
01-10 13:51:43.092110  1658  1658 D NfcAdaptation: find found SCREEN_OFF_POWER_STATE=(0x1)
01-10 13:51:43.092127  1658  1658 D BrcmNfcJni: PowerSwitch::initialize: desired screen-off state=1
01-10 13:51:43.092206  1658  1658 D BrcmNfcJni: register_com_android_nfc_NativeNfcManager: exit
01-10 13:51:43.093014  1658  1658 D BrcmNfcJni: register_com_android_nfc_NativeNfcTag
01-10 13:51:43.093737  1658  1658 D BrcmNfcJni: RoutingManager::RoutingManager():enter
01-10 13:51:43.093815  1658  1658 D NfcAdaptation: find found DEFAULT_OFFHOST_ROUTE=(0x2)
01-10 13:51:43.093890  1658  1658 D NfcAdaptation: find found AID_MATCHING_MODE=(0x1)
01-10 13:51:43.094401  1666  1666 D DL-PropertyMonitor: Int type index: 2323, value: 0
01-10 13:51:43.094527  1666  1666 D DL-PropertyMonitor: Int type index: 2325, value: 0
01-10 13:51:43.094579  1666  1666 D DL-PropertyMonitor: Int type index: 2326, value: 1
01-10 13:51:43.094625  1666  1666 D DL-PropertyMonitor: Int type index: 2327, value: 0
01-10 13:51:43.094667  1666  1666 D DL-PropertyMonitor: Int type index: 2328, value: 0
01-10 13:51:43.094706  1666  1666 D DL-PropertyMonitor: Int type index: 2329, value: 0
01-10 13:51:43.094760  1666  1666 D DL-PropertyMonitor: Char type: f, index: 2346, value: 102
01-10 13:51:43.094814  1666  1666 D DL-PropertyMonitor: Char type: f, index: 2347, value: 102
01-10 13:51:43.094860  1666  1666 D DL-PropertyMonitor: Char type: f, index: 2348, value: 102
01-10 13:51:43.094795   397   414 I vendor.mediatek.hardware.power@1.1-impl: notifyAppState pack:android, act:com.android.internal.app.ResolverActivity, pid:1778, state:1
01-10 13:51:43.094905  1666  1666 D DL-PropertyMonitor: Char type: f, index: 2350, value: 102
01-10 13:51:43.094945  1666  1666 D DL-PropertyMonitor: Char type: f, index: 2351, value: 102
01-10 13:51:43.094989  1666  1666 D DL-PropertyMonitor: Char type: f, index: 2352, value: 102
01-10 13:51:43.095027  1666  1666 D DL-PropertyMonitor: Char type: f, index: 2353, value: 102
01-10 13:51:43.095063  1666  1666 D DL-PropertyMonitor: Int type index: 2560, value: 1
01-10 13:51:43.095108  1666  1666 D DL-PropertyMonitor: Int type index: 2562, value: 25
01-10 13:51:43.095145  1666  1666 D DL-PropertyMonitor: Int type index: 2568, value: 0
01-10 13:51:43.095194  1666  1666 D DL-PropertyMonitor: Int type index: 2570, value: 25
01-10 13:51:43.095229  1666  1666 D DL-PropertyMonitor: Int type index: 2592, value: 1
01-10 13:51:43.095266  1666  1666 D DL-PropertyMonitor: Int type index: 2593, value: 2710
01-10 13:51:43.095302  1666  1666 D DL-PropertyMonitor: Int type index: 2594, value: 3
01-10 13:51:43.095338  1666  1666 D DL-PropertyMonitor: Char type: S, index: 2595, value: 83
01-10 13:51:43.095374  1666  1666 D DL-PropertyMonitor: Int type index: 2596, value: 1
01-10 13:51:43.095418  1666  1666 D DL-PropertyMonitor: Int type index: 2597, value: 366
01-10 13:51:43.095456  1666  1666 D DL-PropertyMonitor: Int type index: 2598, value: 3
01-10 13:51:43.095495  1666  1666 D DL-PropertyMonitor: Char type: a, index: 2599, value: 97
01-10 13:51:43.095531  1666  1666 D DL-PropertyMonitor: Int type index: 2608, value: 0
01-10 13:51:43.095569  1666  1666 D DL-PropertyMonitor: Int type index: 2610, value: 0
01-10 13:51:43.095626  1666  1666 D DL-PropertyMonitor: Int type index: 2611, value: 0
01-10 13:51:43.095668  1666  1666 D DL-PropertyMonitor: Char type: q, index: 2643, value: 113
01-10 13:51:43.095703  1666  1666 D DL-PropertyMonitor: Int type index: 2816, value: 1
01-10 13:51:43.095740  1666  1666 D DL-PropertyMonitor: Int type index: 2818, value: 25
01-10 13:51:43.095793  1666  1666 D DL-PropertyMonitor: Int type index: 2819, value: 1
01-10 13:51:43.095832  1666  1666 D DL-PropertyMonitor: Int type index: 2824, value: 0
01-10 13:51:43.095868  1666  1666 D DL-PropertyMonitor: Int type index: 2832, value: 1
01-10 13:51:43.095905  1666  1666 D DL-PropertyMonitor: Int type index: 2834, value: 25
01-10 13:51:43.095941  1666  1666 D DL-PropertyMonitor: Int type index: 2836, value: 0
01-10 13:51:43.095986  1666  1666 D DL-PropertyMonitor: Int type index: 2838, value: 25
01-10 13:51:43.096030  1666  1666 D DL-PropertyMonitor: Int type index: 2840, value: 1
01-10 13:51:43.096072  1666  1666 D DL-PropertyMonitor: Int type index: 2842, value: 25
01-10 13:51:43.096114  1666  1666 D DL-PropertyMonitor: Int type index: 2848, value: 1
01-10 13:51:43.096157  1666  1666 D DL-PropertyMonitor: Int type index: 2849, value: 1500
01-10 13:51:43.096201  1666  1666 D DL-PropertyMonitor: Int type index: 2850, value: 3
01-10 13:51:43.096239  1666  1666 D DL-PropertyMonitor: Char type: V, index: 2851, value: 86
01-10 13:51:43.096274  1666  1666 D DL-PropertyMonitor: Int type index: 2852, value: 1
01-10 13:51:43.096309  1666  1666 D DL-PropertyMonitor: Int type index: 2853, value: 138
01-10 13:51:43.096345  1666  1666 D DL-PropertyMonitor: Int type index: 2854, value: 3
01-10 13:51:43.096384  1666  1666 D DL-PropertyMonitor: Char type: W, index: 2855, value: 87
01-10 13:51:43.096426  1666  1666 D DL-PropertyMonitor: Int type index: 2856, value: 1
01-10 13:51:43.096404   397   413 I libPerfService: [perfNotifyAppState] foreground:android, pid:1778
01-10 13:51:43.096473  1666  1666 D DL-PropertyMonitor: Int type index: 2857, value: 3500
01-10 13:51:43.096513  1666  1666 D DL-PropertyMonitor: Int type index: 2858, value: 3
01-10 13:51:43.096551  1666  1666 D DL-PropertyMonitor: Char type: c, index: 2859, value: 99
01-10 13:51:43.096586  1666  1666 D DL-PropertyMonitor: Int type index: 2860, value: 1
01-10 13:51:43.096622  1666  1666 D DL-PropertyMonitor: Int type index: 2861, value: 3750
01-10 13:51:43.096659  1666  1666 D DL-PropertyMonitor: Int type index: 2862, value: 3
01-10 13:51:43.096698  1666  1666 D DL-PropertyMonitor: Char type: d, index: 2863, value: 100
01-10 13:51:43.096734  1666  1666 D DL-PropertyMonitor: Int type index: 2864, value: 1
01-10 13:51:43.096770  1666  1666 D DL-PropertyMonitor: Int type index: 2865, value: 35
01-10 13:51:43.096911  1666  1666 D DL-PropertyMonitor: Int type index: 2866, value: 3
01-10 13:51:43.096960  1666  1666 D DL-PropertyMonitor: Char type: c, index: 2867, value: 99
01-10 13:51:43.097001  1666  1666 D DL-PropertyMonitor: Int type index: 3072, value: 0
01-10 13:51:43.097037  1666  1666 D DL-PropertyMonitor: Int type index: 3074, value: 25
01-10 13:51:43.097074  1666  1666 D DL-PropertyMonitor: Int type index: 3104, value: 1
01-10 13:51:43.097110  1666  1666 D DL-PropertyMonitor: Int type index: 3105, value: 7000
01-10 13:51:43.097147  1666  1666 D DL-PropertyMonitor: Int type index: 3106, value: 0
01-10 13:51:43.097186  1666  1666 D DL-PropertyMonitor: Char type: h, index: 3107, value: 104
01-10 13:51:43.097222  1666  1666 D DL-PropertyMonitor: Int type index: 3328, value: 0
01-10 13:51:43.097260  1666  1666 D DL-PropertyMonitor: Char type: K, index: 3329, value: 75
01-10 13:51:43.097298  1666  1666 D DL-PropertyMonitor: Int type index: 3330, value: 0
01-10 13:51:43.097334  1666  1666 D DL-PropertyMonitor: Int type index: 3331, value: 0
01-10 13:51:43.097371  1666  1666 D DL-PropertyMonitor: Int type index: 65536, value: 0
01-10 13:51:43.097408  1666  1666 D DL-PropertyMonitor: Int type index: 70000, value: 1
