01-10 13:51:45.869060  1666  2013 E cam_capibitiliy: cam_capibitiliy[_queryCropStart]ERR(  473):NOT SUPPORT imgFmt(20)
01-10 13:51:45.869162  1666  2013 E cam_capibitiliy: cam_capibitiliy[GetConstrainedSize]ERR(  820):unsupported format:0x14
01-10 13:51:45.888652  1666  2008 D scanpass:  P1 deque buffer number: 1
01-10 13:51:45.888806  1666  2009 I se_hal  :  take: 0.029846(s)
01-10 13:51:45.888847  1666  2008 D scanpass:  P1 deque start
01-10 13:51:45.889107  1666  2013 E cam_capibitiliy: cam_capibitiliy[_queryCropStart]ERR(  473):NOT SUPPORT imgFmt(20)
01-10 13:51:45.889178  1666  2013 E cam_capibitiliy: cam_capibitiliy[GetConstrainedSize]ERR(  820):unsupported format:0x14
01-10 13:51:45.892129  1666  2009 V DL-scanToEVL_Stub:  Android_FrameNotify 14
01-10 13:51:45.892435  1666  2036 V DL-scanToEVL_Stub:  CI_AcquireFrame 195
01-10 13:51:45.892497  1666  2036 D DL-scanToEVL: device/datalogic/common/scanner-service/native/scanToEVL/CEVLMobileStub.cpp:200 CI_AcquireFrame - Acquiring on 4
01-10 13:51:45.892639  1666  2036 V DL-scanToEVL_Stub:  CacheInvalidate 95
01-10 13:51:45.904096  1666  2036 V DL-scanToEVL_Stub:  CacheInvalidate 95
01-10 13:51:45.908638  1666  2008 D scanpass:  P1 deque buffer number: 1
01-10 13:51:45.908807  1666  2008 D scanpass:  P1 deque start
01-10 13:51:45.908786  1666  2009 I se_hal  :  take: 0.019929(s)
01-10 13:51:45.909080  1666  2013 E cam_capibitiliy: cam_capibitiliy[_queryCropStart]ERR(  473):NOT SUPPORT imgFmt(20)
01-10 13:51:45.909136  1666  2013 E cam_capibitiliy: cam_capibitiliy[GetConstrainedSize]ERR(  820):unsupported format:0x14
01-10 13:51:45.912088  1666  2009 V DL-scanToEVL_Stub:  Android_FrameNotify 14
01-10 13:51:45.912537  1666  2036 V DL-scanToEVL_Stub:  CI_AcquireFrame 195
01-10 13:51:45.912588  1666  2036 D DL-scanToEVL: device/datalogic/common/scanner-service/native/scanToEVL/CEVLMobileStub.cpp:200 CI_AcquireFrame - Acquiring on 2
01-10 13:51:45.928697  1666  2008 D scanpass:  P1 deque buffer number: 1
01-10 13:51:45.928910  1666  2008 D scanpass:  P1 deque start
01-10 13:51:45.928900  1666  2009 I se_hal  :  take: 0.020043(s)
01-10 13:51:45.929382  1666  2013 E cam_capibitiliy: cam_capibitiliy[_queryCropStart]ERR(  473):NOT SUPPORT imgFmt(20)
01-10 13:51:45.929528  1666  2013 E cam_capibitiliy: cam_capibitiliy[GetConstrainedSize]ERR(  820):unsupported format:0x14
01-10 13:51:45.932195  1666  2009 V DL-scanToEVL_Stub:  Android_FrameNotify 14
01-10 13:51:45.932779  1666  2036 V DL-scanToEVL_Stub:  CI_AcquireFrame 195
01-10 13:51:45.932862  1666  2036 D DL-scanToEVL: device/datalogic/common/scanner-service/native/scanToEVL/CEVLMobileStub.cpp:200 CI_AcquireFrame - Acquiring on 0
01-10 13:51:45.932921  1666  2036 V DL-scanToEVL_Stub:  CacheInvalidate 95
01-10 13:51:45.933367  2254  2254 I zygote64: The ClassLoaderContext is a special shared library.
01-10 13:51:45.935290  2239  2265 W Email   : restoreIfNeeded...
01-10 13:51:45.939954  2239  2239 D Email/VIP_Settings: VipMemberCache init...
01-10 13:51:45.943375  2239  2239 D Email/VIP_Settings: VipContentObserver register
01-10 13:51:45.948717  1666  2008 D scanpass:  P1 deque buffer number: 1
01-10 13:51:45.949000  1666  2009 I se_hal  :  take: 0.020023(s)
01-10 13:51:45.949210  1666  2013 E cam_capibitiliy: cam_capibitiliy[_queryCropStart]ERR(  473):NOT SUPPORT imgFmt(20)
01-10 13:51:45.949274  1666  2013 E cam_capibitiliy: cam_capibitiliy[GetConstrainedSize]ERR(  820):unsupported format:0x14
01-10 13:51:45.949512  1666  2008 D scanpass:  P1 deque start
01-10 13:51:45.950804  1666  2036 V DL-scanToEVL_Stub:  CacheInvalidate 95
01-10 13:51:45.952172  1666  2009 V DL-scanToEVL_Stub:  Android_FrameNotify 14
01-10 13:51:45.952456  1666  2036 V DL-scanToEVL_Stub:  CI_AcquireFrame 195
01-10 13:51:45.952500  1666  2036 D DL-scanToEVL: device/datalogic/common/scanner-service/native/scanToEVL/CEVLMobileStub.cpp:200 CI_AcquireFrame - Acquiring on 1
01-10 13:51:45.968743  1666  2008 D scanpass:  P1 deque buffer number: 1
01-10 13:51:45.968939  1666  2008 D scanpass:  P1 deque start
01-10 13:51:45.968909  1666  1990 I se_hal  :  take: 0.019818(s)
01-10 13:51:45.969156  1666  2013 E cam_capibitiliy: cam_capibitiliy[_queryCropStart]ERR(  473):NOT SUPPORT imgFmt(20)
01-10 13:51:45.969198  1666  2013 E cam_capibitiliy: cam_capibitiliy[GetConstrainedSize]ERR(  820):unsupported format:0x14
01-10 13:51:45.972440  1666  1990 V DL-scanToEVL_Stub:  Android_FrameNotify 14
01-10 13:51:45.972896  1666  2036 V DL-scanToEVL_Stub:  CI_AcquireFrame 195
01-10 13:51:45.972952  1666  2036 D DL-scanToEVL: device/datalogic/common/scanner-service/native/scanToEVL/CEVLMobileStub.cpp:200 CI_AcquireFrame - Acquiring on 3
01-10 13:51:45.973059  1666  2036 V DL-scanToEVL_Stub:  CacheInvalidate 95
01-10 13:51:45.981068  2141  2287 I MTKLogger/LogConnection: -->connect(), socketName=mobilelogd
01-10 13:51:45.981701  2141  2179 I MTKLogger/ProxyCommunication: connect to socket gpslogd is OK!
01-10 13:51:45.983212   542   661 I MobileLogD: new client(20) conected!
01-10 13:51:45.983948  2141  2157 I MTKLogger: isAutoTest()-> Monkey running flag is false
01-10 13:51:45.984658  2141  2157 I MTKLogger: isAutoTest()-> isUserAMonkey=false
01-10 13:51:45.988819  1666  2008 D scanpass:  P1 deque buffer number: 1
01-10 13:51:45.989074  1666  2009 I se_hal  :  take: 0.020038(s)
01-10 13:51:45.989078  1666  2008 D scanpass:  P1 deque start
01-10 13:51:45.989179  1666  2013 E cam_capibitiliy: cam_capibitiliy[_queryCropStart]ERR(  473):NOT SUPPORT imgFmt(20)
01-10 13:51:45.989222  1666  2013 E cam_capibitiliy: cam_capibitiliy[GetConstrainedSize]ERR(  820):unsupported format:0x14
01-10 13:51:45.992566  1666  2009 V DL-scanToEVL_Stub:  Android_FrameNotify 14
01-10 13:51:45.992910  1666  2036 V DL-scanToEVL_Stub:  CI_AcquireFrame 195
01-10 13:51:45.992956  1666  2036 D DL-scanToEVL: device/datalogic/common/scanner-service/native/scanToEVL/CEVLMobileStub.cpp:200 CI_AcquireFrame - Acquiring on 2
01-10 13:51:45.993599  1666  2036 V DL-scanToEVL_Stub:  CacheInvalidate 95
01-10 13:51:45.994084  2141  2297 I MTKLogger/MultiModemLog: Add modem[1] at initLogConnection
01-10 13:51:45.994264  2141  2297 I MTKLogger/MultiModemLog: Add modem[2] at initLogConnection
01-10 13:51:45.994342  2141  2297 I MTKLogger/MultiModemLog: Add modem[4] at initLogConnection
01-10 13:51:45.994387  2141  2297 I MTKLogger/MultiModemLog: Add modem[9] at initLogConnection
01-10 13:51:45.994484  2141  2297 I MTKLogger/LogConnection: -->connect(), socketName=com.mediatek.mdlogger.socket
01-10 13:51:45.994881  2141  2297 W MTKLogger/LogConnection: Communications error, Exception happens when connect to socket server
01-10 13:51:45.995095  2141  2297 E MTKLogger/MultiModemLog/ModemManager: Fail to init connection for modem [1]
01-10 13:51:45.995246  2141  2297 I MTKLogger/LogConnection: -->connect(), socketName=com.mediatek.dualmdlogger.socket
01-10 13:51:45.995572  2141  2297 W MTKLogger/LogConnection: Communications error, Exception happens when connect to socket server
01-10 13:51:45.995705  2141  2297 E MTKLogger/MultiModemLog/ModemManager: Fail to init connection for modem [2]
01-10 13:51:45.995824  2141  2297 I MTKLogger/LogConnection: -->connect(), socketName=com.mediatek.emcsmdlogger.socket
01-10 13:51:45.996150  2141  2297 W MTKLogger/LogConnection: Communications error, Exception happens when connect to socket server
01-10 13:51:45.996430  2141  2297 E MTKLogger/MultiModemLog/ModemManager: Fail to init connection for modem [4]
01-10 13:51:45.996666  2141  2297 I MTKLogger/LogConnection: -->connect(), socketName=com.mediatek.mdlogger.socket1
01-10 13:51:45.997759   775   907 D EMDLOGGER1: mdlogger select done
01-10 13:51:45.997884   775   907 D EMDLOGGER1: mdlgger begin to accept
01-10 13:51:45.997965   775   907 D EMDLOGGER1: mdlgger accept done
01-10 13:51:45.998582  2141  2295 I MTKLogger/MultiModemLog: Handle receive message, what=28, msg.arg1=[0]
01-10 13:51:45.999708  2254  2254 I Exchange: EasService.onCreate
01-10 13:51:46.001091  2141  2304 I MTKLogger/LogConnection: -->connect(), socketName=netdiag
01-10 13:51:46.003326   545   573 D Netdiag : commandlistening sock_listen_id:5 has some read event 
01-10 13:51:46.003503   545   573 D Netdiag : select out for sock_listen_id:5,connectfd:6 
01-10 13:51:46.003519   545   573 D Netdiag : [CommandListening] Change current connected FD from 0 to 6 
01-10 13:51:46.003528   545   573 D Netdiag : Add listener on socket server whose id=5
01-10 13:51:46.003536   545   573 D Netdiag : Add listener on former received socket client, fd=6
01-10 13:51:46.003542   545   573 D Netdiag : commandlistening unlock exit
01-10 13:51:46.007490  2239  2289 I Email   : Observing account changes for notifications
01-10 13:51:46.008777  1666  2008 D scanpass:  P1 deque buffer number: 1
01-10 13:51:46.008924  2254  2307 I Exchange: RestartPingTask
01-10 13:51:46.008949  1666  2009 I se_hal  :  take: 0.019799(s)
01-10 13:51:46.008982  1666  2008 D scanpass:  P1 deque start
01-10 13:51:46.009220  1666  2013 E cam_capibitiliy: cam_capibitiliy[_queryCropStart]ERR(  473):NOT SUPPORT imgFmt(20)
01-10 13:51:46.009278  1666  2013 E cam_capibitiliy: cam_capibitiliy[GetConstrainedSize]ERR(  820):unsupported format:0x14
01-10 13:51:46.012179  2141  2157 I MTKLogger/Utils: <--getDefalueInternalSdPath() = /storage/emulated/0
01-10 13:51:46.012416  1666  2009 V DL-scanToEVL_Stub:  Android_FrameNotify 14
01-10 13:51:46.012699  1666  2036 V DL-scanToEVL_Stub:  CI_AcquireFrame 195
01-10 13:51:46.012745  1666  2036 D DL-scanToEVL: device/datalogic/common/scanner-service/native/scanToEVL/CEVLMobileStub.cpp:200 CI_AcquireFrame - Acquiring on 4
01-10 13:51:46.012849  2141  2157 I MTKLogger/MTKLoggerService: -->startRecording(), logTypeCluster=7, reason=boot
01-10 13:51:46.012885  1666  2036 V DL-scanToEVL_Stub:  CacheInvalidate 95
01-10 13:51:46.017275  2141  2157 I MTKLogger/MTKLoggerService: -->sendCommandToSingleNative(), logType = 1, commandType = 1, reason = boot
01-10 13:51:46.017612  2141  2285 I MTKLogger/MobileLog: Handle receive message, what=1
01-10 13:51:46.017847  2141  2285 I MTKLogger/MobileLog: At first start time after boot, re-set log size to confirm info sync, sizeStr = 500, totalSizeStr = 1000
01-10 13:51:46.028939  1666  2008 D scanpass:  P1 deque buffer number: 1
01-10 13:51:46.029089  1666  1990 I se_hal  :  take: 0.020091(s)
01-10 13:51:46.029120  1666  2008 D scanpass:  P1 deque start
01-10 13:51:46.032092  1666  1990 V DL-scanToEVL_Stub:  Android_FrameNotify 14
01-10 13:51:46.032450  1666  2036 V DL-scanToEVL_Stub:  CI_AcquireFrame 195
01-10 13:51:46.032501  1666  2036 D DL-scanToEVL: device/datalogic/common/scanner-service/native/scanToEVL/CEVLMobileStub.cpp:200 CI_AcquireFrame - Acquiring on 1
01-10 13:51:46.032668  1666  2036 V DL-scanToEVL_Stub:  CacheInvalidate 95
01-10 13:51:46.037792  2254  2254 I Exchange: RestartPingsTask did not start any pings.
01-10 13:51:46.037986  2254  2254 I Exchange: PSS stopIfIdle
01-10 13:51:46.038092  2254  2254 I Exchange: PSS has no active accounts; stopping service.
01-10 13:51:46.039316  1666  2013 E cam_capibitiliy: cam_capibitiliy[_queryCropStart]ERR(  473):NOT SUPPORT imgFmt(20)
01-10 13:51:46.039436  1666  2013 E cam_capibitiliy: cam_capibitiliy[GetConstrainedSize]ERR(  820):unsupported format:0x14
01-10 13:51:46.039515  1666  2036 V DL-scanToEVL_Stub:  CacheInvalidate 95
01-10 13:51:46.040162  2254  2254 I Exchange: onDestroy
01-10 13:51:46.041026  2279  2279 I zygote64: The ClassLoaderContext is a special shared library.
01-10 13:51:46.042331  2254  2254 I Exchange: EasService.onCreate
01-10 13:51:46.047035  2254  2316 I Exchange: RestartPingTask
01-10 13:51:46.050762   775   907 D EMDLOGGER1: mdlogger select done
01-10 13:51:46.050884   775   907 I EMDLOGGER1: mdlogger receive command is_gps_support
01-10 13:51:46.050902   775   907 D EMDLOGGER1: mCCB_gear_feature_support = 2, ret = 3
01-10 13:51:46.050924   775   907 I EMDLOGGER1: mdlogger send ACK is_gps_support,3
01-10 13:51:46.051246  2141  2301 I MTKLogger/MultiModemLog: -->dealWithResponse(), resp=is_gps_support,3
01-10 13:51:46.051665  2141  2301 I MTKLogger/LogInstance: setSpecialFeatureSupport() supportValue = 3
01-10 13:51:46.055275  2254  2254 I Exchange: RestartPingsTask did not start any pings.
01-10 13:51:46.055391  2254  2254 I Exchange: PSS stopIfIdle
01-10 13:51:46.055455  2254  2254 I Exchange: PSS has no active accounts; stopping service.
01-10 13:51:46.056464  2254  2254 I Exchange: onDestroy
01-10 13:51:46.058852  1666  2008 D scanpass:  P1 deque buffer number: 1
01-10 13:51:46.059039  1666  2008 D scanpass:  P1 deque start
01-10 13:51:46.059022  1666  1990 I se_hal  :  take: 0.029888(s)
01-10 13:51:46.059259  1666  2013 E cam_capibitiliy: cam_capibitiliy[_queryCropStart]ERR(  473):NOT SUPPORT imgFmt(20)
01-10 13:51:46.059316  1666  2013 E cam_capibitiliy: cam_capibitiliy[GetConstrainedSize]ERR(  820):unsupported format:0x14
01-10 13:51:46.061070  2141  2295 I MTKLogger/LogConnection: <--send cmd done : [is_gps_support] to [com.mediatek.mdlogger.socket1]
01-10 13:51:46.061304  2141  2295 I MTKLogger/MultiModemLog: Handle receive message, what=28, msg.arg1=[0]
01-10 13:51:46.062247  1666  1990 V DL-scanToEVL_Stub:  Android_FrameNotify 14
01-10 13:51:46.062843  1666  2036 V DL-scanToEVL_Stub:  CI_AcquireFrame 195
01-10 13:51:46.062888  1666  2036 D DL-scanToEVL: device/datalogic/common/scanner-service/native/scanToEVL/CEVLMobileStub.cpp:200 CI_AcquireFrame - Acquiring on 3
01-10 13:51:46.068581   542   661 I MobileLogD: recv logsize=500 from 20
01-10 13:51:46.073868   542   661 D MobileLogD: write logsize=500,1 to client 20 
01-10 13:51:46.073963   542   661 D MobileLogD: write to client over
01-10 13:51:46.074150  2141  2290 I MTKLogger/MobileLog: -->dealWithResponse(), resp=logsize=500,1
01-10 13:51:46.076415   986   995 I zygote64: Background concurrent copying GC freed 28826(1583KB) AllocSpace objects, 9(368KB) LOS objects, 40% free, 8MB/14MB, paused 192us total 138.490ms
01-10 13:51:46.078463  2141  2285 I MTKLogger/LogConnection: <--send cmd done : [logsize=500] to [mobilelogd]
01-10 13:51:46.078938  1666  2008 D scanpass:  P1 deque buffer number: 1
01-10 13:51:46.079131  1666  2009 I se_hal  :  take: 0.020026(s)
01-10 13:51:46.079167  1666  2008 D scanpass:  P1 deque start
01-10 13:51:46.082243  1666  2009 V DL-scanToEVL_Stub:  Android_FrameNotify 14
01-10 13:51:46.082554  1666  2036 V DL-scanToEVL_Stub:  CI_AcquireFrame 195
01-10 13:51:46.082595  1666  2036 D DL-scanToEVL: device/datalogic/common/scanner-service/native/scanToEVL/CEVLMobileStub.cpp:200 CI_AcquireFrame - Acquiring on 2
01-10 13:51:46.082763  1666  2036 V DL-scanToEVL_Stub:  CacheInvalidate 95
01-10 13:51:46.088594  2279  2279 D MtkGallery2/Log: BUILD_TYPE: user, IS_ENG: false, CUST_LOG_LEVEL: 2, FORCE_ENABLE: false
01-10 13:51:46.089317  1666  2013 E cam_capibitiliy: cam_capibitiliy[_queryCropStart]ERR(  473):NOT SUPPORT imgFmt(20)
01-10 13:51:46.089404  1666  2013 E cam_capibitiliy: cam_capibitiliy[GetConstrainedSize]ERR(  820):unsupported format:0x14
01-10 13:51:46.100139  2279  2279 D MtkGallery2/Log: BUILD_TYPE: user, IS_ENG: false, CUST_LOG_LEVEL: 2
01-10 13:51:46.101724  2279  2279 D MtkGallery2/FeatureConfig: SUPPORT_FANCY_HOMEPAGE = true
01-10 13:51:46.101831  2279  2279 D MtkGallery2/FeatureConfig: SUPPORT_EMULATOR = false
01-10 13:51:46.101863  2279  2279 D MtkGallery2/FeatureConfig: IS_GMO_RAM_OPTIMIZE = false
01-10 13:51:46.101898  2279  2279 D MtkGallery2/FeatureConfig: sIsLowRamDevice = false
01-10 13:51:46.104462  2279  2279 D MtkGallery2/FeatureManager: <setup> new FeatureManager, initialize
01-10 13:51:46.105493  1666  2036 V DL-scanToEVL_Stub:  CacheInvalidate 95
01-10 13:51:46.105555  2279  2279 D PluginManager/Log: BUILD_TYPE: user, IS_ENG: false, CUST_LOG_LEVEL: 2
01-10 13:51:46.105672  2279  2279 D MtkGallery2/FeatureManager: <initialize> preloadAllPlugins
01-10 13:51:46.108880  1666  2008 D scanpass:  P1 deque buffer number: 1
01-10 13:51:46.109059  1666  1990 I se_hal  :  take: 0.029871(s)
01-10 13:51:46.109086  1666  2008 D scanpass:  P1 deque start
01-10 13:51:46.109301  1666  2013 E cam_capibitiliy: cam_capibitiliy[_queryCropStart]ERR(  473):NOT SUPPORT imgFmt(20)
01-10 13:51:46.109357  1666  2013 E cam_capibitiliy: cam_capibitiliy[GetConstrainedSize]ERR(  820):unsupported format:0x14
01-10 13:51:46.111904   775   907 D EMDLOGGER1: mdlogger select done
01-10 13:51:46.111965  1666  1990 V DL-scanToEVL_Stub:  Android_FrameNotify 14
01-10 13:51:46.112002   775   907 I EMDLOGGER1: mdlogger receive command get_ccb_gear_id
01-10 13:51:46.112755   775   907 D EMDLOGGER1: dllopen /system/lib64/libsysenv_system.so ok
01-10 13:51:46.112921   775   907 D         : [SYSENV]sysenv_get_with_area():429 , get env name=md1_ccb_cap_gear
01-10 13:51:46.112947   775   907 D         : [SYSENV]get_env_info():311 , initialize
01-10 13:51:46.113143   775   907 D         : [SYSENV]get_partition_count():107 , get_partition_count ret ptr: 38
01-10 13:51:46.113350   775   907 D         : [SYSENV]get_partition_path():158 , partition path = /dev/block/mmcblk0p3
01-10 13:51:46.113612   775   907 E         : [SYSENV]get_env_info():321 , env_buffer[0] : 53ada080
01-10 13:51:46.113723  1666  2036 V DL-scanToEVL_Stub:  CI_AcquireFrame 195
01-10 13:51:46.113765  1666  2036 D DL-scanToEVL: device/datalogic/common/scanner-service/native/scanToEVL/CEVLMobileStub.cpp:200 CI_AcquireFrame - Acquiring on 4
01-10 13:51:46.114992   775   907 D         : [SYSENV]read_env_area():244 , read 16384 data from 20000 to 53ada080
01-10 13:51:46.115160   775   907 D         : [SYSENV]get_env_info():348 , ENV initialize success
01-10 13:51:46.115343   775   907 E EMDLOGGER1: sysenv_get key md1_ccb_cap_gear valus is null
01-10 13:51:46.115407   775   907 I EMDLOGGER1: mdlogger send ACK get_ccb_gear_id,0
01-10 13:51:46.115544  2141  2301 I MTKLogger/MultiModemLog: -->dealWithResponse(), resp=get_ccb_gear_id,0
01-10 13:51:46.115727  2141  2301 I MTKLogger/MultiModemLog: setDefaultCcbGearId() gearIdValue = 0
01-10 13:51:46.122102  2141  2295 I MTKLogger/LogConnection: <--send cmd done : [get_ccb_gear_id] to [com.mediatek.mdlogger.socket1]
01-10 13:51:46.122214  2279  2279 D MtkGallery2/FeatureServiceStart: <onReceive> IsLowRamDevice = false GMO_PROJECT = false
01-10 13:51:46.128926  1666  2008 D scanpass:  P1 deque buffer number: 1
01-10 13:51:46.129084  1666  2009 I se_hal  :  take: 0.019968(s)
01-10 13:51:46.129119  1666  2008 D scanpass:  P1 deque start
01-10 13:51:46.129314   542   661 I MobileLogD: recv totallogsize=1000 from 20
01-10 13:51:46.130045  1666  2013 E cam_capibitiliy: cam_capibitiliy[_queryCropStart]ERR(  473):NOT SUPPORT imgFmt(20)
01-10 13:51:46.130143  1666  2013 E cam_capibitiliy: cam_capibitiliy[GetConstrainedSize]ERR(  820):unsupported format:0x14
01-10 13:51:46.132132  1666  2009 V DL-scanToEVL_Stub:  Android_FrameNotify 14
01-10 13:51:46.132487  1666  2036 V DL-scanToEVL_Stub:  CI_AcquireFrame 195
01-10 13:51:46.132536  1666  2036 D DL-scanToEVL: device/datalogic/common/scanner-service/native/scanToEVL/CEVLMobileStub.cpp:200 CI_AcquireFrame - Acquiring on 0
01-10 13:51:46.133902  1666  2036 V DL-scanToEVL_Stub:  CacheInvalidate 95
01-10 13:51:46.136472   542   661 D MobileLogD: write totallogsize=1000,1 to client 20 
01-10 13:51:46.136555   542   661 D MobileLogD: write to client over
01-10 13:51:46.136710  2141  2290 I MTKLogger/MobileLog: -->dealWithResponse(), resp=totallogsize=1000,1
01-10 13:51:46.139259  2141  2285 I MTKLogger/LogConnection: <--send cmd done : [totallogsize=1000] to [mobilelogd]
01-10 13:51:46.141887  2141  2285 I MTKLogger/Utils: <--getDefalueInternalSdPath() = /storage/emulated/0
01-10 13:51:46.148120  2141  2285 I MTKLogger/Utils: <--getDefalueInternalSdPath() = /storage/emulated/0
01-10 13:51:46.148972  1666  2008 D scanpass:  P1 deque buffer number: 1
01-10 13:51:46.149275  1666  2009 I se_hal  :  take: 0.020151(s)
01-10 13:51:46.149278  1666  2008 D scanpass:  P1 deque start
01-10 13:51:46.151707  2141  2285 I MTKLogger/Utils: <--getDefalueInternalSdPath() = /storage/emulated/0
01-10 13:51:46.152871  1666  2009 V DL-scanToEVL_Stub:  Android_FrameNotify 14
01-10 13:51:46.154015  1666  2036 V DL-scanToEVL_Stub:  CI_AcquireFrame 195
01-10 13:51:46.154096  1666  2036 D DL-scanToEVL: device/datalogic/common/scanner-service/native/scanToEVL/CEVLMobileStub.cpp:200 CI_AcquireFrame - Acquiring on 3
01-10 13:51:46.154203  1666  2036 V DL-scanToEVL_Stub:  CacheInvalidate 95
01-10 13:51:46.159394  1666  2013 E cam_capibitiliy: cam_capibitiliy[_queryCropStart]ERR(  473):NOT SUPPORT imgFmt(20)
01-10 13:51:46.159531  1666  2013 E cam_capibitiliy: cam_capibitiliy[GetConstrainedSize]ERR(  820):unsupported format:0x14
01-10 13:51:46.160909  1666  2036 V DL-scanToEVL_Stub:  CacheInvalidate 95
01-10 13:51:46.169990  1304  1323 I IMEI0574: No sim card,return IMEI
01-10 13:51:46.174485  2279  2321 D debugpermission: cta supported
01-10 13:51:46.178178  2279  2323 D debugpermission: cta supported
01-10 13:51:46.178913  1666  2008 D scanpass:  P1 deque buffer number: 1
01-10 13:51:46.179047  1666  2009 I se_hal  :  take: 0.029703(s)
01-10 13:51:46.179070  1666  2008 D scanpass:  P1 deque start
01-10 13:51:46.179345  1666  2013 E cam_capibitiliy: cam_capibitiliy[_queryCropStart]ERR(  473):NOT SUPPORT imgFmt(20)
01-10 13:51:46.179410  1666  2013 E cam_capibitiliy: cam_capibitiliy[GetConstrainedSize]ERR(  820):unsupported format:0x14
01-10 13:51:46.179395  2279  2322 D debugpermission: cta supported
01-10 13:51:46.182105  1666  2009 V DL-scanToEVL_Stub:  Android_FrameNotify 14
01-10 13:51:46.182555  1666  2036 V DL-scanToEVL_Stub:  CI_AcquireFrame 195
01-10 13:51:46.182613  1666  2036 D DL-scanToEVL: device/datalogic/common/scanner-service/native/scanToEVL/CEVLMobileStub.cpp:200 CI_AcquireFrame - Acquiring on 1
01-10 13:51:46.190270  2279  2324 D debugpermission: cta supported
01-10 13:51:46.201519  1666  2008 D scanpass:  P1 deque buffer number: 1
01-10 13:51:46.201689  1666  1990 I se_hal  :  take: 0.022585(s)
01-10 13:51:46.201715  1666  2008 D scanpass:  P1 deque start
01-10 13:51:46.202645   542   661 I MobileLogD: recv set_storage_path,/storage/emulated/0 from 20
01-10 13:51:46.205238  1666  1990 V DL-scanToEVL_Stub:  Android_FrameNotify 14
01-10 13:51:46.209531  1666  2013 E cam_capibitiliy: cam_capibitiliy[_queryCropStart]ERR(  473):NOT SUPPORT imgFmt(20)
01-10 13:51:46.209625  1666  2013 E cam_capibitiliy: cam_capibitiliy[GetConstrainedSize]ERR(  820):unsupported format:0x14
01-10 13:51:46.209648  1666  2036 V DL-scanToEVL_Stub:  CI_AcquireFrame 195
01-10 13:51:46.209684   542   661 D MobileLogD: write set_storage_path,/storage/emulated/0,1 to client 20 
01-10 13:51:46.209714  1666  2036 D DL-scanToEVL: device/datalogic/common/scanner-service/native/scanToEVL/CEVLMobileStub.cpp:200 CI_AcquireFrame - Acquiring on 4
01-10 13:51:46.209749   542   661 D MobileLogD: write to client over
01-10 13:51:46.209765  1666  2036 V DL-scanToEVL_Stub:  CacheInvalidate 95
01-10 13:51:46.209991  2141  2290 I MTKLogger/MobileLog: -->dealWithResponse(), resp=set_storage_path,/storage/emulated/0,1
01-10 13:51:46.212541  2141  2285 I MTKLogger/LogConnection: <--send cmd done : [set_storage_path,/storage/emulated/0] to [mobilelogd]
01-10 13:51:46.212748  2141  2285 I MTKLogger/MobileLog: Mobile log initialization reason = boot
01-10 13:51:46.217762  2325  2325 I zygote64: The ClassLoaderContext is a special shared library.
01-10 13:51:46.225275  1666  2036 V DL-scanToEVL_Stub:  CacheInvalidate 95
01-10 13:51:46.225568  2279  2321 D debugpermission: cta supported
01-10 13:51:46.228980  1666  2008 D scanpass:  P1 deque buffer number: 1
01-10 13:51:46.229212  1666  2008 D scanpass:  P1 deque start
01-10 13:51:46.229181  1666  2009 I se_hal  :  take: 0.027424(s)
01-10 13:51:46.229402  1666  2013 E cam_capibitiliy: cam_capibitiliy[_queryCropStart]ERR(  473):NOT SUPPORT imgFmt(20)
01-10 13:51:46.229502  1666  2013 E cam_capibitiliy: cam_capibitiliy[GetConstrainedSize]ERR(  820):unsupported format:0x14
01-10 13:51:46.232538  1666  2009 V DL-scanToEVL_Stub:  Android_FrameNotify 14
01-10 13:51:46.232868  1666  2036 V DL-scanToEVL_Stub:  CI_AcquireFrame 195
01-10 13:51:46.232914  1666  2036 D DL-scanToEVL: device/datalogic/common/scanner-service/native/scanToEVL/CEVLMobileStub.cpp:200 CI_AcquireFrame - Acquiring on 0
01-10 13:51:46.238763  2279  2324 D debugpermission: cta supported
01-10 13:51:46.237000   551   551 W HwBinder:551_2: type=1400 audit(0.0:79): avc: denied { add_name } for name="shading_otp" scontext=u:r:mtk_hal_camera:s0 tcontext=u:object_r:system_data_file:s0 tclass=dir permissive=0
01-10 13:51:46.240854   551   922 E lsc_nvram: [do_mkdir] fail to mkdir [/data/shading_otp]: 13[Permission denied] (do_mkdir){#65:vendor/mediatek/proprietary/hardware/mtkcam/aaa/source/mt6763/lsc_mgr/LscUtil.h}
01-10 13:51:46.249039  1666  2008 D scanpass:  P1 deque buffer number: 1
01-10 13:51:46.249293  1666  2009 I se_hal  :  take: 0.020013(s)
01-10 13:51:46.249477  1666  2013 E cam_capibitiliy: cam_capibitiliy[_queryCropStart]ERR(  473):NOT SUPPORT imgFmt(20)
01-10 13:51:46.249522  1666  2013 E cam_capibitiliy: cam_capibitiliy[GetConstrainedSize]ERR(  820):unsupported format:0x14
01-10 13:51:46.252636  1666  2009 V DL-scanToEVL_Stub:  Android_FrameNotify 14
01-10 13:51:46.252804  1666  2008 D scanpass:  P1 deque start
01-10 13:51:46.252969  1666  2036 V DL-scanToEVL_Stub:  CI_AcquireFrame 195
01-10 13:51:46.253055  1666  2036 D DL-scanToEVL: device/datalogic/common/scanner-service/native/scanToEVL/CEVLMobileStub.cpp:200 CI_AcquireFrame - Acquiring on 2
01-10 13:51:46.253184  1666  2036 V DL-scanToEVL_Stub:  CacheInvalidate 95
01-10 13:51:46.256520  2279  2324 W zygote64: Unsupported class loader
01-10 13:51:46.263529   542   661 I MobileLogD: recv copy from 20
01-10 13:51:46.265043   542   661 I MobileLogD: create dir /storage/emulated/0/mtklog/mobilelog/APLog_2020_0110_135146__5/
01-10 13:51:46.267557   542   661 I MobileLogD: log dir: /storage/emulated/0/mtklog/mobilelog/APLog_2020_0110_135146__5/
01-10 13:51:46.269060   542   661 E MobileLogD: log folder total size overflow  
01-10 13:51:46.269044  1666  2008 D scanpass:  P1 deque buffer number: 1
01-10 13:51:46.269164   542   661 E MobileLogD: delete APLog_2020_0103_162624__2 
01-10 13:51:46.269169  1666  2008 D scanpass:  P1 deque start
01-10 13:51:46.269164  1666  1990 I se_hal  :  take: 0.019790(s)
01-10 13:51:46.269491  1666  2013 E cam_capibitiliy: cam_capibitiliy[_queryCropStart]ERR(  473):NOT SUPPORT imgFmt(20)
01-10 13:51:46.269533  1666  2013 E cam_capibitiliy: cam_capibitiliy[GetConstrainedSize]ERR(  820):unsupported format:0x14
01-10 13:51:46.271391  2279  2324 W zygote64: Unsupported class loader
01-10 13:51:46.272488  1666  1990 V DL-scanToEVL_Stub:  Android_FrameNotify 14
01-10 13:51:46.272797  1666  2036 V DL-scanToEVL_Stub:  CI_AcquireFrame 195
01-10 13:51:46.272842  1666  2036 D DL-scanToEVL: device/datalogic/common/scanner-service/native/scanToEVL/CEVLMobileStub.cpp:200 CI_AcquireFrame - Acquiring on 1
01-10 13:51:46.273022  1666  2036 V DL-scanToEVL_Stub:  CacheInvalidate 95
01-10 13:51:46.273354  2141  2285 I MTKLogger/LogConnection: <--send cmd done : [copy] to [mobilelogd]
01-10 13:51:46.277052  1666  1682 V DL-ScannerController: State: IN PROGRESS, got msg: STOP DECODE. Locked: false, Busy:true
01-10 13:51:46.277371  1666  1682 V DL-ScannerController: IN PROGRESS->READY
01-10 13:51:46.277476  1666  1682 V DL-ScannerController: Done, New State: READY. Locked: false, Busy:false
01-10 13:51:46.278087  1666  2036 V DL-scanToEVL_Stub:  CacheInvalidate 95
01-10 13:51:46.278119   986  1392 D libdevice_led: set_led, datalogic_led:3, colorARGB:0x0
01-10 13:51:46.278143  2066  2078 I BarcodeManager: +onStopEventReceived
01-10 13:51:46.289018  1666  2008 D scanpass:  P1 deque buffer number: 1
01-10 13:51:46.289228  1666  2008 D scanpass:  P1 deque start
01-10 13:51:46.289218  1666  2009 I se_hal  :  take: 0.019994(s)
01-10 13:51:46.289487  1666  2013 E cam_capibitiliy: cam_capibitiliy[_queryCropStart]ERR(  473):NOT SUPPORT imgFmt(20)
01-10 13:51:46.289562  1666  2013 E cam_capibitiliy: cam_capibitiliy[GetConstrainedSize]ERR(  820):unsupported format:0x14
01-10 13:51:46.291407  2279  2324 E PluginManager/ReflectUtils: <getConstructor>
01-10 13:51:46.291407  2279  2324 E PluginManager/ReflectUtils: java.lang.NoSuchMethodException: parameter type is null
01-10 13:51:46.291407  2279  2324 E PluginManager/ReflectUtils: 	at java.lang.Class.getConstructor0(Class.java:2315)
01-10 13:51:46.291407  2279  2324 E PluginManager/ReflectUtils: 	at java.lang.Class.getDeclaredConstructor(Class.java:2166)
01-10 13:51:46.291407  2279  2324 E PluginManager/ReflectUtils: 	at com.mediatek.plugin.utils.ReflectUtils.getConstructor(ReflectUtils.java:128)
01-10 13:51:46.291407  2279  2324 E PluginManager/ReflectUtils: 	at com.mediatek.plugin.PluginUtility.createInstance(PluginUtility.java:511)
01-10 13:51:46.291407  2279  2324 E PluginManager/ReflectUtils: 	at com.mediatek.gallery3d.adapter.FeatureManager.getImplement(FeatureManager.java:122)
01-10 13:51:46.291407  2279  2324 E PluginManager/ReflectUtils: 	at com.mediatek.gallery3d.adapter.FeatureManager.preloadImplements(FeatureManager.java:99)
01-10 13:51:46.291407  2279  2324 E PluginManager/ReflectUtils: 	at com.mediatek.gallery3d.adapter.FeatureManager.-wrap0(Unknown Source:0)
01-10 13:51:46.291407  2279  2324 E PluginManager/ReflectUtils: 	at com.mediatek.gallery3d.adapter.FeatureManager$1.onPreloadFinished(FeatureManager.java:83)
01-10 13:51:46.291407  2279  2324 E PluginManager/ReflectUtils: 	at com.mediatek.plugin.PluginManager$2.onFutureDone(PluginManager.java:142)
01-10 13:51:46.291407  2279  2324 E PluginManager/ReflectUtils: 	at com.mediatek.plugin.parallel.ThreadPool$Worker.run(ThreadPool.java:144)
01-10 13:51:46.291407  2279  2324 E PluginManager/ReflectUtils: 	at java.util.concurrent.ThreadPoolExecutor.runWorker(ThreadPoolExecutor.java:1162)
01-10 13:51:46.291407  2279  2324 E PluginManager/ReflectUtils: 	at java.util.concurrent.ThreadPoolExecutor$Worker.run(ThreadPoolExecutor.java:636)
01-10 13:51:46.291407  2279  2324 E PluginManager/ReflectUtils: 	at java.lang.Thread.run(Thread.java:764)
01-10 13:51:46.291407  2279  2324 E PluginManager/ReflectUtils: 	at com.mediatek.plugin.parallel.PriorityThreadFactory$1.run(ProrityThreadFactory.java:28)
01-10 13:51:46.291971  2279  2324 W zygote64: Unsupported class loader
01-10 13:51:46.292799  1666  2009 V DL-scanToEVL_Stub:  Android_FrameNotify 14
01-10 13:51:46.292971  1666  2036 V DL-scanToEVL_Stub:  CI_Stop 182
01-10 13:51:46.293032  1666  2036 D DL-CameraContext: se_hw_stop
01-10 13:51:46.293102  1666  2036 V DL-scanToEVL_Stub:  I2C_Write 124
01-10 13:51:46.293126  1666  2036 I DL-CameraContext: I2C write [0x38]|[0x0] Len = 3
01-10 13:51:46.294485  1666  2036 V DL-scanToEVL_Stub:  I2C_Read 118
01-10 13:51:46.294774  1666  2036 I DL-CameraContext: I2C read [0x38]|[0x0] [0x38]|[0x80] Len = 2
01-10 13:51:46.295011  1666  2036 V DL-scanToEVL_Stub:  CacheInvalidate 95
01-10 13:51:46.304272  2279  2324 E PluginManager/ReflectUtils: <getConstructor>
01-10 13:51:46.304272  2279  2324 E PluginManager/ReflectUtils: java.lang.NoSuchMethodException: parameter type is null
01-10 13:51:46.304272  2279  2324 E PluginManager/ReflectUtils: 	at java.lang.Class.getConstructor0(Class.java:2315)
01-10 13:51:46.304272  2279  2324 E PluginManager/ReflectUtils: 	at java.lang.Class.getDeclaredConstructor(Class.java:2166)
01-10 13:51:46.304272  2279  2324 E PluginManager/ReflectUtils: 	at com.mediatek.plugin.utils.ReflectUtils.getConstructor(ReflectUtils.java:128)
01-10 13:51:46.304272  2279  2324 E PluginManager/ReflectUtils: 	at com.mediatek.plugin.PluginUtility.createInstance(PluginUtility.java:511)
01-10 13:51:46.304272  2279  2324 E PluginManager/ReflectUtils: 	at com.mediatek.gallery3d.adapter.FeatureManager.getImplement(FeatureManager.java:122)
01-10 13:51:46.304272  2279  2324 E PluginManager/ReflectUtils: 	at com.mediatek.gallery3d.adapter.FeatureManager.preloadImplements(FeatureManager.java:99)
01-10 13:51:46.304272  2279  2324 E PluginManager/ReflectUtils: 	at com.mediatek.gallery3d.adapter.FeatureManager.-wrap0(Unknown Source:0)
01-10 13:51:46.304272  2279  2324 E PluginManager/ReflectUtils: 	at com.mediatek.gallery3d.adapter.FeatureManager$1.onPreloadFinished(FeatureManager.java:83)
01-10 13:51:46.304272  2279  2324 E PluginManager/ReflectUtils: 	at com.mediatek.plugin.PluginManager$2.onFutureDone(PluginManager.java:142)
01-10 13:51:46.304272  2279  2324 E PluginManager/ReflectUtils: 	at com.mediatek.plugin.parallel.ThreadPool$Worker.run(ThreadPool.java:144)
01-10 13:51:46.304272  2279  2324 E PluginManager/ReflectUtils: 	at java.util.concurrent.ThreadPoolExecutor.runWorker(ThreadPoolExecutor.java:1162)
01-10 13:51:46.304272  2279  2324 E PluginManager/ReflectUtils: 	at java.util.concurrent.ThreadPoolExecutor$Worker.run(ThreadPoolExecutor.java:636)
01-10 13:51:46.304272  2279  2324 E PluginManager/ReflectUtils: 	at java.lang.Thread.run(Thread.java:764)
01-10 13:51:46.304272  2279  2324 E PluginManager/ReflectUtils: 	at com.mediatek.plugin.parallel.PriorityThreadFactory$1.run(ProrityThreadFactory.java:28)
01-10 13:51:46.305660  2279  2324 E PluginManager/ReflectUtils: <getConstructor>
01-10 13:51:46.305660  2279  2324 E PluginManager/ReflectUtils: java.lang.NoSuchMethodException: parameter type is null
01-10 13:51:46.305660  2279  2324 E PluginManager/ReflectUtils: 	at java.lang.Class.getConstructor0(Class.java:2315)
01-10 13:51:46.305660  2279  2324 E PluginManager/ReflectUtils: 	at java.lang.Class.getDeclaredConstructor(Class.java:2166)
01-10 13:51:46.305660  2279  2324 E PluginManager/ReflectUtils: 	at com.mediatek.plugin.utils.ReflectUtils.getConstructor(ReflectUtils.java:128)
01-10 13:51:46.305660  2279  2324 E PluginManager/ReflectUtils: 	at com.mediatek.plugin.PluginUtility.createInstance(PluginUtility.java:511)
01-10 13:51:46.305660  2279  2324 E PluginManager/ReflectUtils: 	at com.mediatek.gallery3d.adapter.FeatureManager.getImplement(FeatureManager.java:122)
01-10 13:51:46.305660  2279  2324 E PluginManager/ReflectUtils: 	at com.mediatek.gallery3d.adapter.FeatureManager.preloadImplements(FeatureManager.java:99)
01-10 13:51:46.305660  2279  2324 E PluginManager/ReflectUtils: 	at com.mediatek.gallery3d.adapter.FeatureManager.-wrap0(Unknown Source:0)
01-10 13:51:46.305660  2279  2324 E PluginManager/ReflectUtils: 	at com.mediatek.gallery3d.adapter.FeatureManager$1.onPreloadFinished(FeatureManager.java:83)
01-10 13:51:46.305660  2279  2324 E PluginManager/ReflectUtils: 	at com.mediatek.plugin.PluginManager$2.onFutureDone(PluginManager.java:142)
01-10 13:51:46.305660  2279  2324 E PluginManager/ReflectUtils: 	at com.mediatek.plugin.parallel.ThreadPool$Worker.run(ThreadPool.java:144)
01-10 13:51:46.305660  2279  2324 E PluginManager/ReflectUtils: 	at java.util.concurrent.ThreadPoolExecutor.runWorker(ThreadPoolExecutor.java:1162)
01-10 13:51:46.305660  2279  2324 E PluginManager/ReflectUtils: 	at java.util.concurrent.ThreadPoolExecutor$Worker.run(ThreadPoolExecutor.java:636)
01-10 13:51:46.305660  2279  2324 E PluginManager/ReflectUtils: 	at java.lang.Thread.run(Thread.java:764)
01-10 13:51:46.305660  2279  2324 E PluginManager/ReflectUtils: 	at com.mediatek.plugin.parallel.PriorityThreadFactory$1.run(ProrityThreadFactory.java:28)
01-10 13:51:46.306460  2279  2324 W zygote64: Unsupported class loader
01-10 13:51:46.315104  1666  2043 V DL-scanToEVL_Stub:  I2C_Write 124
01-10 13:51:46.315180  1666  2043 I DL-CameraContext: I2C write [0x50]|[0x23] Len = 44
01-10 13:51:46.319824  2279  2323 W zygote64: Unsupported class loader
01-10 13:51:46.319958  2279  2322 W zygote64: Unsupported class loader
01-10 13:51:46.331981  2339  2339 I zygote64: The ClassLoaderContext is a special shared library.
01-10 13:51:46.332686   542   661 E MobileLogD: delete APLog_2020_0109_155351__3 
01-10 13:51:46.355612  1666  2043 V DL-scanToEVL_Stub:  I2C_Read 118
01-10 13:51:46.362909  1666  2043 I DL-CameraContext: I2C read [0x50]|[0x23] [0x50]|[0x80] Len = 37
01-10 13:51:46.363060  1666  2043 V DL-scanToEVL_Stub:  I2C_Write 124
01-10 13:51:46.363097  1666  2043 I DL-CameraContext: I2C write [0x3f]|[0x1] Len = 3
01-10 13:51:46.364429  1666  2043 V DL-scanToEVL_Stub:  I2C_Read 118
01-10 13:51:46.364720  1666  2043 I DL-CameraContext: I2C read [0x3f]|[0x1] [0x3f]|[0x80] Len = 2
01-10 13:51:46.365032   542   661 E MobileLogD: delete APLog_2020_0109_161718__4 
01-10 13:51:46.371713  2339  2339 D Mms/Txn : MmsApp.onCreate
01-10 13:51:46.373976  2339  2339 D Mms/ipmsg/utils: sIpMessagePlugin = null
01-10 13:51:46.375607  2339  2339 D OperatorCustomizationFactoryLoader: Slot -1's OperatorInfo is__
01-10 13:51:46.375715  2339  2339 D OperatorCustomizationFactoryLoader: It's OM load or parse failed, because operator is null
01-10 13:51:46.375991  2339  2339 E OperatorCustomizationFactoryLoader: can not find operatorFactoryInfo by slot id -1 from 
01-10 13:51:46.375991  2339  2339 E OperatorCustomizationFactoryLoader: 0: OperatorFactoryInfo(OP03_null_SEGDEFAULT:OP03Mms.apk:com.mediatek.op03.mms.OP03MmsCustomizationFactory:com.mediatek.op03.mms)
01-10 13:51:46.375991  2339  2339 E OperatorCustomizationFactoryLoader: 1: OperatorFactoryInfo(OP03_null_SEGDEFAULT:OP18Mms.apk:com.mediatek.op18.mms.OP03MmsCustomizationFactory:com.mediatek.op18.mms)
01-10 13:51:46.375991  2339  2339 E OperatorCustomizationFactoryLoader: 2: OperatorFactoryInfo(OP03_null_SEGDEFAULT:Rcse.apk:com.mediatek.rcse.plugin.message.RcsIpMmsCustomizationFactory:com.mediatek.rcs)
01-10 13:51:46.375991  2339  2339 E OperatorCustomizationFactoryLoader: 3: OperatorFactoryInfo(OP06_null_SEGDEFAULT:Rcse.apk:com.mediatek.rcse.plugin.message.RcsIpMmsCustomizationFactory:com.mediatek.rcs)
01-10 13:51:46.375991  2339  2339 E OperatorCustomizationFactoryLoader: 4: OperatorFactoryInfo(OP07_null_SEGDEFAULT:Rcse.apk:com.mediatek.rcse.plugin.message.RcsIpMmsCustomizationFactory:com.mediatek.rcs)
01-10 13:51:46.375991  2339  2339 E OperatorCustomizationFactoryLoader: 5: OperatorFactoryInfo(OP08_null_SEGDEFAULT:Rcse.apk:com.mediatek.rcse.plugin.message.RcsIpMmsCustomizationFactory:com.mediatek.rcs)
01-10 13:51:46.376755  2339  2339 D Mms/ipmsg/utils: default sIpMessagePlugin = com.mediatek.mms.ipmessage.DefaultIpMessagePluginImplExt@ae1991f
01-10 13:51:46.384205  2339  2339 I GlobalEnv: [setApplicationContext]sContext: com.android.mms.MmsApp@41e8a35
01-10 13:51:46.386799  2339  2339 D Mms/opmsg/utils: sOpMessagePlugin = null
01-10 13:51:46.387699  2339  2339 D OperatorCustomizationFactoryLoader: Slot -1's OperatorInfo is__
01-10 13:51:46.387800  2339  2339 D OperatorCustomizationFactoryLoader: It's OM load or parse failed, because operator is null
01-10 13:51:46.388129  2339  2339 E OperatorCustomizationFactoryLoader: can not find operatorFactoryInfo by slot id -1 from 
01-10 13:51:46.388129  2339  2339 E OperatorCustomizationFactoryLoader: 0: OperatorFactoryInfo(OP01_null_null:OP01Mms.apk:com.mediatek.mms.plugin.Op01MmsCustomizationFactory:com.mediatek.mms.plugin)
01-10 13:51:46.388129  2339  2339 E OperatorCustomizationFactoryLoader: 1: OperatorFactoryInfo(OP02_null_null:OP02Mms.apk:com.mediatek.mms.plugin.Op02MmsCustomizationFactory:com.mediatek.mms.plugin)
01-10 13:51:46.388129  2339  2339 E OperatorCustomizationFactoryLoader: 2: OperatorFactoryInfo(OP03_null_SEGDEFAULT:OP03Mms.apk:com.mediatek.mms.plugin.OP03MmsCustomizationFactory:com.mediatek.mms.plugin)
01-10 13:51:46.388129  2339  2339 E OperatorCustomizationFactoryLoader: 3: OperatorFactoryInfo(OP06_null_SEGDEFAULT:OP06Mms.apk:com.mediatek.mms.plugin.OP06MmsCustomizationFactory:com.mediatek.mms.plugin)
01-10 13:51:46.388129  2339  2339 E OperatorCustomizationFactoryLoader: 4: OperatorFactoryInfo(OP07_null_SEGDEFAULT:OP07Mms.apk:com.mediatek.mms.plugin.Op07MmsCustomizationFactory:com.mediatek.mms.plugin)
01-10 13:51:46.388129  2339  2339 E OperatorCustomizationFactoryLoader: 5: OperatorFactoryInfo(OP09_null_:OP09Mms.apk:com.mediatek.mms.plugin.Op09MmsCustomizationFactory:com.mediatek.mms.plugin)
01-10 13:51:46.388129  2339  2339 E OperatorCustomizationFactoryLoader: 6: OperatorFactoryInfo(OP09_null_SEGC:OP09MmsClib.apk:com.mediatek.mms.plugin.Op09MmsCustomizationFactory:com.mediatek.mms.plugin)
01-10 13:51:46.388129  2339  2339 E OperatorCustomizationFactoryLoader: 7: OperatorFactoryInfo(OP17_null_SEGDEFAULT:OP17Mms.apk:com.mediatek.mms.plugin.OP17MmsCustomizationFactory:com.mediatek.mms.plugin)
01-10 13:51:46.388129  2339  2339 E OperatorCustomizationFactoryLoader: 8: OperatorFactoryInfo(OP17_null_SEGDEFAULT:OP18Mms.apk:com.mediatek.mms.plugin.OP18MmsCustomizationFactory:com.mediatek.mms.plugin)
01-10 13:51:46.388948  2339  2339 I Mms/opmsg/utils: [getOpConversationExt]create ext_instance:com.mediatek.mms.ext.DefaultOpMessagePluginExt@91b2eca
01-10 13:51:46.389978  2339  2339 D MmsConfig: mnc/mcc: 
01-10 13:51:46.392077  2339  2339 V MmsConfig: tag: bool value: enabledMMS - true
01-10 13:51:46.392247  2339  2339 V MmsConfig: tag: int value: maxMessageSize - 307200
01-10 13:51:46.392383  2339  2339 V MmsConfig: tag: int value: maxImageHeight - 1920
01-10 13:51:46.392466  2339  2339 V MmsConfig: tag: int value: maxImageWidth - 2560
01-10 13:51:46.392522  2339  2339 V MmsConfig: tag: int value: defaultSMSMessagesPerThread - 10000
01-10 13:51:46.392623  2339  2339 V MmsConfig: tag: int value: defaultMMSMessagesPerThread - 1000
01-10 13:51:46.392685  2339  2339 V MmsConfig: tag: int value: minMessageCountPerThread - 10
01-10 13:51:46.392743  2339  2339 V MmsConfig: tag: int value: maxMessageCountPerThread - 10000
01-10 13:51:46.392755   986  1000 D LocationManagerService: request 281e8a9 passive Request[POWER_NONE passive fastest=0] from android(1000 foreground [whitelisted])
01-10 13:51:46.392822  2339  2339 V MmsConfig: tag: string value: uaProfUrl - http://www.google.com/oha/rdf/ua-profile-kila.xml
01-10 13:51:46.392897  2339  2339 V MmsConfig: tag: int value: recipientLimit - 20
01-10 13:51:46.392975  2339  2339 D Mms/MmsConfigImpl: set RecipientLimit: 20
01-10 13:51:46.393039  2339  2339 V MmsConfig: tag: int value: smsToMmsTextThreshold - 4
01-10 13:51:46.393111  2339  2339 D Mms/MmsConfigImpl: set SmsToMmsTextThreshold: 4
01-10 13:51:46.393164  2339  2339 V MmsConfig: tag: bool value: enableMultipartSMS - true
01-10 13:51:46.393246  2339  2339 V MmsConfig: tag: bool value: enableSlideDuration - true
01-10 13:51:46.393308  2339  2339 V MmsConfig: tag: int value: maxMessageTextSize - -1
01-10 13:51:46.393395  2339  2339 D Mms/MmsConfigImpl: set MaxTextLimit: 2048
01-10 13:51:46.408897  2141  2141 I MTKLogger/LogInstance: -->showLogStatusInNotificationBar(), enable?true, title=MTKLogger 正在运行, summary=Mobile log 已打开., tickerText=Mobile log 已打开., icon=2130837539
01-10 13:51:46.409199  2141  2141 I MTKLogger: isAutoTest()-> Monkey running flag is false
01-10 13:51:46.409754  2141  2141 I MTKLogger: isAutoTest()-> isUserAMonkey=false
01-10 13:51:46.411869  2141  2141 I MTKLogger: isAutoTest()-> Monkey running flag is false
01-10 13:51:46.412224  2141  2141 I MTKLogger: isAutoTest()-> isUserAMonkey=false
01-10 13:51:46.414731  2141  2141 I MTKLogger/LogInstance: Give service foreground priority since log is on
01-10 13:51:46.414871  2141  2141 I MTKLogger/LogInstance: Set service to have foreground priority!
01-10 13:51:46.424804  1304  1323 D Mms/Provider/MmsSms: query begin, match = 12
01-10 13:51:46.425841  1304  1323 D Mms/Provider/MmsSms: query end
01-10 13:51:46.428055  1126  1126 D StatusBar: onNotificationPosted: StatusBarNotification(pkg=com.mediatek.mtklogger user=UserHandle{0} id=2130837539 tag=null key=0|com.mediatek.mtklogger|2130837539|null|10049: Notification(channel=null pri=0 contentView=null vibrate=null sound=null tick defaults=0x0 flags=0x0 color=0x00000000 vis=PRIVATE))
01-10 13:51:46.428344  1126  1126 D StatusBar: addNotification key=0|com.mediatek.mtklogger|2130837539|null|10049
01-10 13:51:46.433785  1304  1536 D Mms/Provider/MmsSms: query begin, match = 13
01-10 13:51:46.434293  2339  2339 D AudioTrack: set(): 0x748ece7c00, streamType 8, sampleRate 0, format 0x1, channelMask 0x1, frameCount 960, flags #4, notificationFrames 0, sessionId 0, transferType 1, uid -1, pid -1
01-10 13:51:46.435825  2339  2339 D AudioTrack: set: Create AudioTrackThread, tid = 2365
01-10 13:51:46.436726  2339  2339 D AudioTrack: mNotificationFramesReq 0, notificationFrames 1024
01-10 13:51:46.437751   528  1506 D AudioFlinger: track(0xf2d43c00): mIsOut 1, mFrameCount 960, mSampleRate 48000, mFormat 1, mChannelCount 1, mTrackCount 5, thread 0xf2b83d80, sessionId 81
01-10 13:51:46.437964   528  1506 D AudioFlinger: track(0xf2d43c00): mFastIndex 2, mStreamType 8, mName 4101
01-10 13:51:46.438969  1126  1126 D StatusBar: No peeking: unimportant notification: 0|com.mediatek.mtklogger|2130837539|null|10049
01-10 13:51:46.439630  1304  1536 D Mms/Provider/MmsSms: query end
01-10 13:51:46.439680  1126  1126 D StatusBar: onNotificationPosted: StatusBarNotification(pkg=android user=UserHandle{0} id=40 tag=null key=0|android|40|null|1000: Notification(channel=FOREGROUND_SERVICE pri=0 contentView=null vibrate=null sound=null defaults=0x0 flags=0x2 color=0xff607d8b vis=PRIVATE))
01-10 13:51:46.441969  2339  2339 I AudioTrack: AUDIO_OUTPUT_FLAG_FAST successful; frameCount 960 -> 960
01-10 13:51:46.442057  2339  2339 W AudioTrack: Client adjusted notificationFrames from 1024 to 256 for frameCount 960
01-10 13:51:46.442276  2339  2339 D AudioTrack: createTrack_l: 0x748ece7c00, mCblk = 0x7475a4b000, mLatency = 72, mAfLatency = 52, frameCount = 960, mSampleRate = 48000, mFlags = 0x4, mReqFrameCount = 960, mNotificationFramesAct = 256
01-10 13:51:46.445960  1126  1126 D StatusBar: No peeking: unimportant notification: 0|android|40|null|1000
01-10 13:51:46.446468  2339  2339 D AudioTrack: set(): 0x748ece7800, streamType 0, sampleRate 0, format 0x1, channelMask 0x1, frameCount 960, flags #4, notificationFrames 0, sessionId 0, transferType 1, uid -1, pid -1
01-10 13:51:46.446955  2339  2339 D AudioTrack: set: Create AudioTrackThread, tid = 2366
01-10 13:51:46.449208  2339  2339 D AudioTrack: mNotificationFramesReq 0, notificationFrames 1024
01-10 13:51:46.449820   528  1506 D AudioFlinger: track(0xf2d43d80): mIsOut 1, mFrameCount 960, mSampleRate 48000, mFormat 1, mChannelCount 1, mTrackCount 6, thread 0xf2b83d80, sessionId 89
01-10 13:51:46.449922   528  1506 D AudioFlinger: track(0xf2d43d80): mFastIndex 3, mStreamType 0, mName 4102
01-10 13:51:46.450511  2339  2339 I AudioTrack: AUDIO_OUTPUT_FLAG_FAST successful; frameCount 960 -> 960
01-10 13:51:46.450583  2339  2339 W AudioTrack: Client adjusted notificationFrames from 1024 to 256 for frameCount 960
01-10 13:51:46.450967  2339  2339 D AudioTrack: createTrack_l: 0x748ece7800, mCblk = 0x7475a4b8e0, mLatency = 72, mAfLatency = 52, frameCount = 960, mSampleRate = 48000, mFlags = 0x4, mReqFrameCount = 960, mNotificationFramesAct = 256
01-10 13:51:46.453747  2339  2339 D Mms/Txn : MmsApp.onCreate end
01-10 13:51:46.455686  2339  2339 D Mms     : onReceive(): intent=Intent { act=android.intent.action.BOOT_COMPLETED flg=0x9000010 cmp=com.android.mms/.transaction.MmsSystemEventReceiver (has extras) }
01-10 13:51:46.466827   542   661 I MobileLogD: set cur path: /storage/emulated/0/mtklog/mobilelog/APLog_2020_0110_135146__5/
01-10 13:51:46.467287   542   661 D MobileLogD: write copy,1 to client 20 
01-10 13:51:46.467743  2141  2290 I MTKLogger/MobileLog: -->dealWithResponse(), resp=copy,1
01-10 13:51:46.468140  2141  2285 I MTKLogger/MobileLog: Handle receive message, what=25
01-10 13:51:46.468151  2141  2171 I MTKLogger/MTKLoggerService:  mNativeStateHandler receive message, what=4, arg1=1, arg2=1
01-10 13:51:46.468330  2141  2285 I MTKLogger/MobileLog: -->notifyServiceStatus(), status=1,  reason=[]
01-10 13:51:46.468397   542   661 D MobileLogD: write to client over
01-10 13:51:46.468621  2141  2285 I MTKLogger: isAutoTest()-> Monkey running flag is false
01-10 13:51:46.469348  2339  2339 D Mms     : MmsSystemEventReceiver onReceive() has permisson DraftCache: com.android.mms.util.DraftCache@e0e4504
01-10 13:51:46.469529  2141  2285 I MTKLogger: isAutoTest()-> isUserAMonkey=false
01-10 13:51:46.470001   542   765 I MobileLogD: Read g_redirect_flag~
01-10 13:51:46.470258   542   766 I MobileLogD: change log path.
01-10 13:51:46.470116  2339  2339 D Mms/Txn : Intent.ACTION_BOOT_COMPLETED, remove startService
01-10 13:51:46.470372  2339  2339 D Mms/Txn : Intent.ACTION_BOOT_COMPLETED
01-10 13:51:46.470457   542  2367 I MobileLogD: create thread 2367 do copy dump
01-10 13:51:46.470680   542  2367 I MobileLogD: change ioprio, default:0,0
01-10 13:51:46.471719  2339  2339 D Mms.app : nonBlockingUpdateNewMessageIndicator, newMsgThreadId = -2, isStatusMessage = false
01-10 13:51:46.472739   542   766 I MobileLogD: current folder size limited is 500 MB, factor is 2
01-10 13:51:46.473988   542   766 I MobileLogD: main_log, rotation size 31457280
01-10 13:51:46.474183   542   766 I MobileLogD: radio_log, rotation size 10485760
01-10 13:51:46.474329   542   766 I MobileLogD: events_log, rotation size 10485760
01-10 13:51:46.474438   542   766 I MobileLogD: sys_log, rotation size 10485760
01-10 13:51:46.474540   542   766 I MobileLogD: crash_log, rotation size 6291456
01-10 13:51:46.474644   542   766 I MobileLogD: kernel_log, rotation size 20971520
01-10 13:51:46.474773   542   766 I MobileLogD: atf_log, rotation size 20971520
01-10 13:51:46.474879   542   766 I MobileLogD: bsp_log, rotation size 10485760
01-10 13:51:46.474981   542   766 I MobileLogD: sspm_log, rotation size 6291456
01-10 13:51:46.475981  2339  2368 D Mms/Txn : setPendingMmsFailed
01-10 13:51:46.476722  2339  2339 D Mms/Txn : getAutoDownloadState, roaming=false subId -2 auto download without roaming -> true
