01-10 13:51:49.215319   986  1003 I zygote64: Successfully killed process cgroup uid 10041 pid 2423 in 0ms
01-10 13:51:49.216595  2339  2339 W Settings: Setting airplane_mode_on has moved from android.provider.Settings.System to android.provider.Settings.Global, returning read-only value.
01-10 13:51:49.216693  1126  1126 W StatusBar: removeNotification for unknown key: 0|com.mediatek.ppl|1|null|1000
01-10 13:51:49.216751  1126  1126 D StatusBar: removeNotification key=0|com.mediatek.ppl|1|null|1000 old=null
01-10 13:51:49.219996  2339  2339 D Mms/CellBroadcastReceiver: action android.intent.action.SIM_STATE_CHANGED
01-10 13:51:49.220175  2339  2339 D Mms/CellBroadcastReceiver: simstatus = ABSENT
01-10 13:51:49.220230  2339  2339 D Mms/CellBroadcastReceiver: sim state not ready
01-10 13:51:49.222571  1126  1126 D StatusBar: No peeking: filtered notification: 0|android|40|null|1000
01-10 13:51:49.222933  1304  1304 I VvmSimStateTracker: android.intent.action.SIM_STATE_CHANGED
01-10 13:51:49.225784  1304  1304 D OP20RoamingSettingsReceiver: Subinfo Record Update: -2
01-10 13:51:49.230696   775   911 D EMDLOGGER1: Check SD card status: SD card is ready ok.
01-10 13:51:49.230803   775   911 I EMDLOGGER1: Waiting SD card: SD card is ready and sleep
01-10 13:51:49.240095   775   911 D EMDLOGGER1: Success to write file tree file.
01-10 13:51:49.242496   551   922 E lsc_nvram: [do_mkdir] fail to mkdir [/data/shading_otp]: 13[Permission denied] (do_mkdir){#65:vendor/mediatek/proprietary/hardware/mtkcam/aaa/source/mt6763/lsc_mgr/LscUtil.h}
01-10 13:51:49.241000   551   551 W HwBinder:551_2: type=1400 audit(0.0:84): avc: denied { add_name } for name="shading_otp" scontext=u:r:mtk_hal_camera:s0 tcontext=u:object_r:system_data_file:s0 tclass=dir permissive=0
01-10 13:51:49.243517   775   911 D EMDLOGGER1: File /storage/emulated/0/mtklog/mdlog1/MDLog1_2020_0110_135149/version_info.txt open.
01-10 13:51:49.243870   775   911 I EMDLOGGER1: mkdir: Failed.[/storage/emulated/0/mtklog/mdlog1_config] errno=17
01-10 13:51:49.254035   775   911 I EMDLOGGER1: mkdir: access file ok
01-10 13:51:49.254093   775   911 D EMDLOGGER1: Create config folder: /storage/emulated/0/mtklog/mdlog1_config
01-10 13:51:49.254431   775   911 D EMDLOGGER1: Open log file /storage/emulated/0/mtklog/mdlog1/MDLog1_2020_0110_135149/MDLog1_2020_0110_135149.muxz.tmp.
01-10 13:51:49.254513   775   911 D ccci_lib: write done of user57 buffer0: OK, i=10 write=10, alloc=10, free=9, len=12
01-10 13:51:49.260395   775   911 D EMDLOGGER1: MALCTL_NOTIFY_AP_LOG_FILE_CREATE : /storage/emulated/0/mtklog/mdlog1/MDLog1_2020_0110_135149/MDLog1_2020_0110_135149.muxz.tmp
01-10 13:51:49.260758   775   911 D EMDLOGGER1: Close log file and delete the pointer.
01-10 13:51:49.260789   775   911 D EMDLOGGER1: Clean Close file /data/mdlog/bootupLog/mdlog1/MDLog1_2020_0110_135133_data.muxz.tmp.
01-10 13:51:49.260815   775   911 D EMDLOGGER1: Close log file: Success.
01-10 13:51:49.260908   775   911 D EMDLOGGER1: File's new name is: /data/mdlog/bootupLog/mdlog1/MDLog1_2020_0110_135133_data.muxz
01-10 13:51:49.261263   775   911 D EMDLOGGER1: Success to write file tree file.
01-10 13:51:49.269153   775   917 D EMDLOGGER1: recycle Bootup Log thread exit1,m_bLog2SD=2,m_bPaused=0
01-10 13:51:49.375774   401  1624 I BufferQueueProducer: [StatusBar#0](this:0x7300cf4800,id:3,api:1,p:1126,c:401) queueBuffer: fps=44.68 dur=1007.21 max=170.52 min=6.48
01-10 13:51:49.389677   986  1003 W zygote64: kill(-2440, 9) failed: No such process
01-10 13:51:49.389819   986  1003 I zygote64: Successfully killed process cgroup uid 10042 pid 2440 in 0ms
01-10 13:51:49.395868  1126  1126 D StatusBar: onNotificationRemoved: StatusBarNotification(pkg=com.mediatek.simprocessor user=UserHandle{0} id=404 tag=null key=0|com.mediatek.simprocessor|404|null|1000: Notification(channel=null pri=0 contentView=null vibrate=null sound=null tick defaults=0x0 flags=0x62 color=0x00000000 vis=PRIVATE))
01-10 13:51:49.396438  1126  1126 D StatusBar: onNotificationPosted: StatusBarNotification(pkg=android user=UserHandle{0} id=40 tag=null key=0|android|40|null|1000: Notification(channel=FOREGROUND_SERVICE pri=0 contentView=null vibrate=null sound=null defaults=0x0 flags=0x2 color=0xff607d8b vis=PRIVATE))
01-10 13:51:49.407704  1126  1126 D FGSExtender: setShouldManageLifetime true
01-10 13:51:49.412232  1126  1126 D StatusBar: No peeking: filtered notification: 0|android|40|null|1000
01-10 13:51:49.490786  1730  1741 I zygote64: Do partial code cache collection, code=30KB, data=23KB
01-10 13:51:49.491032  1730  1741 I zygote64: After code cache collection, code=27KB, data=22KB
01-10 13:51:49.491058  1730  1741 I zygote64: Increasing code cache capacity to 128KB
01-10 13:51:49.811178   561   591 D agps    : [agps][n][CDMA] rpc_error_hdlr 32
01-10 13:51:49.859923  1730  1741 I zygote64: Do partial code cache collection, code=41KB, data=55KB
01-10 13:51:49.860264  1730  1741 I zygote64: After code cache collection, code=41KB, data=55KB
01-10 13:51:49.860292  1730  1741 I zygote64: Increasing code cache capacity to 256KB
01-10 13:51:49.860568  1730  1741 I zygote64: JIT allocated 54KB for compiled code of void com.gears42.surelock.common.h.a(android.content.Context, java.lang.String, org.xmlpull.v1.XmlSerializer, boolean)
01-10 13:51:49.860615  1730  1741 I zygote64: Compiler allocated 14MB to compile void com.gears42.surelock.common.h.a(android.content.Context, java.lang.String, org.xmlpull.v1.XmlSerializer, boolean)
01-10 13:51:49.989342  1730  1730 I zygote64: Deoptimizing void com.gears42.utility.common.tool.u.a(java.lang.Throwable) due to JIT inline cache
01-10 13:51:49.989605  1730  1730 I zygote64: Deoptimizing java.lang.String com.gears42.utility.common.tool.u.b(java.lang.Throwable) due to JIT inline cache
01-10 13:51:50.200183  1730  1730 I System.out: Configuration Sent
01-10 13:51:50.203632  1645  1645 V 42Gears : Entering com.datalogic.dxu.plugin.Initiator::onReceive
01-10 13:51:50.211408  1730  1741 I zygote64: Do full code cache collection, code=109KB, data=93KB
01-10 13:51:50.211908  1730  1741 I zygote64: After code cache collection, code=77KB, data=49KB
01-10 13:51:50.243084   551   922 E lsc_nvram: [do_mkdir] fail to mkdir [/data/shading_otp]: 13[Permission denied] (do_mkdir){#65:vendor/mediatek/proprietary/hardware/mtkcam/aaa/source/mt6763/lsc_mgr/LscUtil.h}
01-10 13:51:50.241000   551   551 W HwBinder:551_2: type=1400 audit(0.0:85): avc: denied { add_name } for name="shading_otp" scontext=u:r:mtk_hal_camera:s0 tcontext=u:object_r:system_data_file:s0 tclass=dir permissive=0
01-10 13:51:50.305241   775   911 I EMDLOGGER1: Waiting SD card thread return.
01-10 13:51:50.350492  1645  2372 W System.err: Security framework of XStream not initialized, XStream is probably vulnerable.
01-10 13:51:50.353757  2066  2071 I zygote64: Do partial code cache collection, code=30KB, data=26KB
01-10 13:51:50.354049  2066  2071 I zygote64: After code cache collection, code=30KB, data=26KB
01-10 13:51:50.354080  2066  2071 I zygote64: Increasing code cache capacity to 128KB
01-10 13:51:50.424502  2141  2157 I MTKLogger/MTKLoggerService: <--startRecordingDone(), startTime=14200, result=true
01-10 13:51:50.438208  2141  2725 I MTKLogger/Utils: <--getDefalueInternalSdPath() = /storage/emulated/0
01-10 13:51:50.444355  2141  2728 I MTKLogger/TagLog/LogFilesManager: -->checkDoFileManager
01-10 13:51:50.444785  2141  2157 I MTKLogger: getRebootTime(), rebootTime = 1578635481809
01-10 13:51:50.446662  2141  2157 I MTKLogger: bootTimeStr = 2020_0110_135121
01-10 13:51:50.446880  2141  2157 I MTKLogger: isTaglogEnable ? false
01-10 13:51:50.446964  2141  2157 W MTKLogger/TagLogManager: <--doRequestNewTaglog return, because taglog is disable
01-10 13:51:50.447303  2141  2157 I MTKLogger: isTaglogEnable ? false
01-10 13:51:50.447432  2141  2157 W MTKLogger/TagLogManager: <--doRequestNewTaglog return, because taglog is disable
01-10 13:51:50.447685  2141  2157 I MTKLogger: setBootCompleteDone: bootCompleteDoneTime = 28638
01-10 13:51:50.447921  2141  2727 I MTKLogger/TagLogManager: -->mTaglogManagerHandler msg.what = 8
01-10 13:51:50.448149  2141  2727 I MTKLogger: getRebootTime(), rebootTime = 1578635481810
01-10 13:51:50.448666  2141  2727 I MTKLogger: bootTimeStr = 2020_0110_135121
01-10 13:51:50.448782  2141  2727 I MTKLogger: isTaglogEnable ? false
01-10 13:51:50.448810  2141  2727 W MTKLogger/TagLogManager: <--doRequestNewTaglog return, because taglog is disable
01-10 13:51:50.448922  2141  2176 I MTKLogger/MTKLoggerService: initLogsForBootup(), mIsDoingInitLogsForBootup = true
01-10 13:51:50.449093  2141  2727 I MTKLogger: isTaglogEnable ? false
01-10 13:51:50.449145  2141  2727 W MTKLogger/TagLogManager: <--doRequestNewTaglog return, because taglog is disable
01-10 13:51:50.457598  2066  2071 I zygote64: Do partial code cache collection, code=58KB, data=44KB
01-10 13:51:50.457890  2066  2071 I zygote64: After code cache collection, code=58KB, data=44KB
01-10 13:51:50.457915  2066  2071 I zygote64: Increasing code cache capacity to 256KB
01-10 13:51:50.460037  2141  2727 W MTKLogger/DBManager: getNotCompleteTaglogList = null
01-10 13:51:50.460178  2141  2727 I MTKLogger/TagLogManager: -->resumeTag(), no taglog need resume, just return!
01-10 13:51:50.495450  1645  1650 I zygote64: Do full code cache collection, code=122KB, data=73KB
01-10 13:51:50.495965  1645  1650 I zygote64: After code cache collection, code=122KB, data=62KB
01-10 13:51:50.527641  2729  2729 I zygote  : The ClassLoaderContext is a special shared library.
01-10 13:51:50.546431  2729  2729 I MultiDex: VM with version 2.1.0 has multidex support
01-10 13:51:50.546591  2729  2729 I MultiDex: Installing application
01-10 13:51:50.546627  2729  2729 I MultiDex: VM has multidex support, MultiDex support library is disabled.
01-10 13:51:50.568759   986  1050 E TouchFilter: setTouchFilter LOG Enable prameter: 0
01-10 13:51:50.568834   986  1050 D EventHub: Event Hub Touch Filter log is disabled
01-10 13:51:50.568865   986  1050 D EventHub: Event Hub Touch Filter is enabled
01-10 13:51:50.571928  2729  2747 E FirebaseInstanceId: Google Play services missing or without correct permission.
01-10 13:51:50.580956  2729  2729 D FirebaseApp: com.google.firebase.auth.FirebaseAuth is not linked. Skipping initialization.
01-10 13:51:50.581811  2729  2729 D FirebaseApp: com.google.firebase.crash.FirebaseCrash is not linked. Skipping initialization.
01-10 13:51:50.582208  2729  2729 I FirebaseInitProvider: FirebaseApp initialization successful
01-10 13:51:50.645256  2729  2729 I System.out: true
01-10 13:51:50.646915  2729  2729 I chatty  : uid=10030(com.gears42.surefox) identical 1 line
01-10 13:51:50.648050  2729  2729 I System.out: true
01-10 13:51:50.686349  2729  2748 I FA      : App measurement is starting up, version: 14711
01-10 13:51:50.686528  2729  2748 I FA      : To enable debug logging run: adb shell setprop log.tag.FA VERBOSE
01-10 13:51:50.686844  2729  2748 I FA      : To enable faster debug mode event logging run:
01-10 13:51:50.686844  2729  2748 I FA      :   adb shell setprop debug.firebase.analytics.app com.gears42.surefox
01-10 13:51:50.706477  1645  1645 V 42Gears : Entering com.datalogic.dxu.plugin.Initiator::onReceive
01-10 13:51:50.732021  2729  2747 E FirebaseInstanceId: Google Play services missing or without correct permission.
01-10 13:51:50.742309  2729  2748 W GooglePlayServicesUtil: Google Play Store is missing.
01-10 13:51:50.742585  2729  2748 W FA      : Service invalid
01-10 13:51:50.757245  2729  2747 E FirebaseInstanceId: Google Play services missing or without correct permission.
01-10 13:51:50.843933   390   390 D lights  : write_int open fd=7
01-10 13:51:50.845004   390   390 D lights  : write_int open fd=7
01-10 13:51:50.847494   527   558 D AAL     : onBacklightChanged: 40/1023 -> 36/1023(phy:144/4095)
01-10 13:51:50.860088   390   390 D lights  : write_int open fd=7
01-10 13:51:50.860889   390   390 D lights  : write_int open fd=7
01-10 13:51:50.866388   527   558 D AAL     : onBacklightChanged: 36/1023 -> 24/1023(phy:96/4095)
01-10 13:51:50.878741   390   390 D lights  : write_int open fd=7
01-10 13:51:50.879396   390   390 D lights  : write_int open fd=7
01-10 13:51:50.885175   527   558 D AAL     : onBacklightChanged: 24/1023 -> 12/1023(phy:48/4095)
01-10 13:51:50.897997   390   390 D lights  : write_int open fd=7
01-10 13:51:50.898943   390   390 D lights  : write_int open fd=7
01-10 13:51:50.904021   527   558 D AAL     : onBacklightChanged: 12/1023 -> 4/1023(phy:16/4095)
01-10 13:51:50.923482   527   558 D AAL     : 01-10 01:51:50.847 BL=  30,ESS= 256, 01-10 01:51:50.867 BL=  22,ESS= 256, 01-10 01:51:50.885 BL=  14,ESS= 256, 01-10 01:51:50.904 BL=   6,ESS= 256, 01-10 01:51:50.923 BL=   3,ESS= 256, 
01-10 13:51:51.243500   551   922 E lsc_nvram: [do_mkdir] fail to mkdir [/data/shading_otp]: 13[Permission denied] (do_mkdir){#65:vendor/mediatek/proprietary/hardware/mtkcam/aaa/source/mt6763/lsc_mgr/LscUtil.h}
01-10 13:51:51.241000   551   551 W HwBinder:551_2: type=1400 audit(0.0:86): avc: denied { add_name } for name="shading_otp" scontext=u:r:mtk_hal_camera:s0 tcontext=u:object_r:system_data_file:s0 tclass=dir permissive=0
01-10 13:51:51.355466  2729  2734 I zygote  : Do partial code cache collection, code=22KB, data=30KB
01-10 13:51:51.355863  2729  2734 I zygote  : After code cache collection, code=22KB, data=30KB
01-10 13:51:51.355899  2729  2734 I zygote  : Increasing code cache capacity to 128KB
01-10 13:51:51.610231  2729  2734 I zygote  : Do partial code cache collection, code=62KB, data=50KB
01-10 13:51:51.610588  2729  2734 I zygote  : After code cache collection, code=62KB, data=50KB
01-10 13:51:51.610627  2729  2734 I zygote  : Increasing code cache capacity to 256KB
01-10 13:51:51.731110  2729  2729 I zygote  : Deoptimizing com.thoughtworks.xstream.converters.SingleValueConverter com.thoughtworks.xstream.mapper.EnumMapper.getConverterFromItemType(java.lang.String, java.lang.Class, java.lang.Class) due to JIT inline cache
01-10 13:51:51.777503   775  2724 D EMDLOGGER1: Copy DB finished.
01-10 13:51:51.811426   561   591 D agps    : [agps][n][CDMA] rpc_error_hdlr 32
01-10 13:51:51.978955  2729  2734 I zygote  : Compiler allocated 5MB to compile java.lang.String com.thoughtworks.xstream.mapper.EnumMapper.serializedClass(java.lang.Class)
01-10 13:51:51.980889  2729  2729 I System.out: Configuration Sent
01-10 13:51:51.984630  1645  1645 V 42Gears : Entering com.datalogic.dxu.plugin.Initiator::onReceive
01-10 13:51:51.987981  1645  1645 V 42Gears : Entering com.datalogic.dxu.plugin.Initiator::onReceive
01-10 13:51:51.993755   986  1003 W zygote64: kill(-2458, 9) failed: No such process
01-10 13:51:51.993912   986  1003 I zygote64: Successfully killed process cgroup uid 10046 pid 2458 in 0ms
01-10 13:51:51.994148  1645  1645 V 42Gears : Entering com.datalogic.dxu.plugin.Initiator::onReceive
01-10 13:51:52.002289  2729  2729 I SurfaceFactory: [static] sSurfaceFactory = com.mediatek.view.impl.SurfaceFactoryImpl@cb4d545
01-10 13:51:52.011432   401  1624 I SurfaceFlinger: EventThread Client Pid (2729) created
01-10 13:51:52.013015   401  1624 I SurfaceFlinger: EventThread Client Pid (2729) created
01-10 13:51:52.015968  2729  2729 D WindowClient: Add to mViews: com.gears42.surefox.idletimeout.HUDView{22e9da8 VFE...... ......ID 0,0-0,0}, this = android.view.WindowManagerGlobal@9d280c1
01-10 13:51:52.016381  2216  2775 W CalendarProvider2-i: ###### instances range is already changed.
01-10 13:51:52.017292  2729  2729 D OpenGLRenderer: Dumper init 4 threads <0xde5f4580>
01-10 13:51:52.017659  2729  2729 D OpenGLRenderer: <com.gears42.surefox> is running.
01-10 13:51:52.020077   401  1624 I SurfaceFlinger: EventThread Client Pid (2729) created
01-10 13:51:52.020807  2729  2776 D OpenGLRenderer: HWUI GL Pipeline
01-10 13:51:52.025588  2729  2729 D ViewRootImpl[]: hardware acceleration = true , fakeHwAccelerated = false, sRendererDisabled = false, forceHwAccelerated = false, sSystemRendererDisabled = false
01-10 13:51:52.028981   401   401 I DisplayDevice: [Built-in Screen (type:0)] fps:15.364165,dur:3384.50,max:2430.51,min:3.68
01-10 13:51:52.032995  2729  2748 I FA      : This instance being marked as an uploader
01-10 13:51:52.040194  1645  1645 V 42Gears : Entering com.datalogic.dxu.plugin.Initiator::onReceive
01-10 13:51:52.055174  1645  1650 I zygote64: Do partial code cache collection, code=125KB, data=58KB
01-10 13:51:52.055627  1645  1650 I zygote64: After code cache collection, code=125KB, data=58KB
01-10 13:51:52.055677  1645  1650 I zygote64: Increasing code cache capacity to 512KB
01-10 13:51:52.217994   986   995 I zygote64: Background concurrent copying GC freed 27098(1583KB) AllocSpace objects, 12(432KB) LOS objects, 40% free, 8MB/14MB, paused 354us total 149.362ms
01-10 13:51:52.244001   551   922 E lsc_nvram: [do_mkdir] fail to mkdir [/data/shading_otp]: 13[Permission denied] (do_mkdir){#65:vendor/mediatek/proprietary/hardware/mtkcam/aaa/source/mt6763/lsc_mgr/LscUtil.h}
01-10 13:51:52.241000   551   551 W HwBinder:551_2: type=1400 audit(0.0:87): avc: denied { add_name } for name="shading_otp" scontext=u:r:mtk_hal_camera:s0 tcontext=u:object_r:system_data_file:s0 tclass=dir permissive=0
01-10 13:51:52.293833  2729  2734 I zygote  : Do full code cache collection, code=116KB, data=107KB
01-10 13:51:52.294391  2729  2734 I zygote  : After code cache collection, code=74KB, data=69KB
01-10 13:51:52.376869  1645  2373 I zygote64: Deoptimizing java.lang.String com.thoughtworks.xstream.mapper.MapperWrapper.aliasForSystemAttribute(java.lang.String) due to JIT inline cache
01-10 13:51:52.419573  1645  2373 I zygote64: Deoptimizing java.lang.String com.thoughtworks.xstream.mapper.MapperWrapper.attributeForAlias(java.lang.String) due to JIT inline cache
01-10 13:51:52.577032   986  1705 E TouchFilter: setTouchFilter LOG Enable prameter: 0
01-10 13:51:52.577336   986  1705 D EventHub: Event Hub Touch Filter log is disabled
01-10 13:51:52.577573   986  1705 D EventHub: Event Hub Touch Filter is enabled
01-10 13:51:52.644235  1645  1650 I zygote64: Compiler allocated 4MB to compile java.lang.Class com.thoughtworks.xstream.mapper.MapperWrapper.defaultImplementationOf(java.lang.Class)
01-10 13:51:52.910695  1304  1322 I IMEI0574: No sim card,return IMEI
01-10 13:51:53.041831  1645  1650 I zygote64: Do full code cache collection, code=253KB, data=169KB
01-10 13:51:53.042738  1645  1650 I zygote64: After code cache collection, code=232KB, data=144KB
01-10 13:51:53.088020   986  1705 E ActivityManager: Sending non-protected broadcast com.gears42.surelock.dxu from system 1645:com.datalogic.dxu/1000 pkg com.datalogic.dxu
01-10 13:51:53.088020   986  1705 E ActivityManager: java.lang.Throwable
01-10 13:51:53.088020   986  1705 E ActivityManager: 	at com.android.server.am.ActivityManagerService.checkBroadcastFromSystem(ActivityManagerService.java:19289)
01-10 13:51:53.088020   986  1705 E ActivityManager: 	at com.android.server.am.ActivityManagerService.broadcastIntentLocked(ActivityManagerService.java:19894)
01-10 13:51:53.088020   986  1705 E ActivityManager: 	at com.android.server.am.ActivityManagerService.broadcastIntent(ActivityManagerService.java:20036)
01-10 13:51:53.088020   986  1705 E ActivityManager: 	at android.app.IActivityManager$Stub.onTransact(IActivityManager.java:240)
01-10 13:51:53.088020   986  1705 E ActivityManager: 	at com.android.server.am.ActivityManagerService.onTransact(ActivityManagerService.java:2985)
01-10 13:51:53.088020   986  1705 E ActivityManager: 	at android.os.Binder.execTransact(Binder.java:697)
01-10 13:51:53.101079   986  1705 W AES     : Exception Log handling...
01-10 13:51:53.103021   986  1705 D AES     : ExceptionLog: notify aed (process:system_server pid:986 cause:system_server_wtf )
01-10 13:51:53.103121   986  1705 D AEE_LIBAEE: shell: raise_exp(11, 986, -1361051648, system_server, 0x0x746f899980, 0x0x0)
01-10 13:51:53.104403   986  1705 D AEE_LIBAEE: com.mtk.aee.aed_64shell: connected with AED OK
01-10 13:51:53.105767   870   870 D AEE_AED : $===AEE===AEE===AEE===$
01-10 13:51:53.105992   870   870 D AEE_AED : p 1 poll events 1 revents 1
01-10 13:51:53.106571   870   870 D AEE_AED : PPM cpu cores:8, online:8
01-10 13:51:53.111050   870   870 D AEE_AED : aed_main_fork_worker: generator 0x7c5dc30760, worker 0x7fc38b9968, recv_fd 10
01-10 13:51:53.113759  2784  2784 D AEE_AED : read success, handling msg (Ind, AE_IND_WRN_RAISED)
01-10 13:51:53.114243  2784  2784 I AEE_AED : [preset_info] pid: 986, tid: -1361051648, name: UNKNOWN  >>> system_server <<<
01-10 13:51:53.114420  2784  2784 D AEE_AED : u:r:system_server:s0
01-10 13:51:53.114438  2784  2784 V AEE_AED : dashboard_record_update() : rec->module = system_server 
01-10 13:51:53.114449  2784  2784 D AEE_AED : Skip duplicated exception ! 
01-10 13:51:53.114456  2784  2784 D AEE_AED : Exception Class: 11 
01-10 13:51:53.114462  2784  2784 D AEE_AED : Module: system_server 
01-10 13:51:53.114469  2784  2784 D AEE_AED : Count: 3 
01-10 13:51:53.114476  2784  2784 D AEE_AED : Last exception time: 1578635506 
01-10 13:51:53.114476  2784  2784 D AEE_AED :  
01-10 13:51:53.114484  2784  2784 V AEE_AED : process session - skipped 
01-10 13:51:53.115096   986  1705 D AEE_LIBAEE: shell: got the request (cmd:Ind,AE_IND_LOG_CLOSE)
01-10 13:51:53.115220   986  1705 D AEE_LIBAEE: shell: Got session close ind from AED
01-10 13:51:53.115612   870   870 D AEE_AED : clear ppm settings
01-10 13:51:53.117354   870   870 D AEE_AED : $===AEE===AEE===AEE===$
01-10 13:51:53.118031   986  1761 E ActivityManager: Sending non-protected broadcast datalogic.com.softspot.SettingAction from system 1645:com.datalogic.dxu/1000 pkg com.datalogic.dxu
01-10 13:51:53.118031   986  1761 E ActivityManager: java.lang.Throwable
01-10 13:51:53.118031   986  1761 E ActivityManager: 	at com.android.server.am.ActivityManagerService.checkBroadcastFromSystem(ActivityManagerService.java:19289)
01-10 13:51:53.118031   986  1761 E ActivityManager: 	at com.android.server.am.ActivityManagerService.broadcastIntentLocked(ActivityManagerService.java:19894)
01-10 13:51:53.118031   986  1761 E ActivityManager: 	at com.android.server.am.ActivityManagerService.broadcastIntent(ActivityManagerService.java:20036)
01-10 13:51:53.118031   986  1761 E ActivityManager: 	at android.app.IActivityManager$Stub.onTransact(IActivityManager.java:240)
01-10 13:51:53.118031   986  1761 E ActivityManager: 	at com.android.server.am.ActivityManagerService.onTransact(ActivityManagerService.java:2985)
01-10 13:51:53.118031   986  1761 E ActivityManager: 	at android.os.Binder.execTransact(Binder.java:697)
01-10 13:51:53.124746   986  1761 W AES     : Exception Log handling...
01-10 13:51:53.126975   986  1761 D AES     : ExceptionLog: notify aed (process:system_server pid:986 cause:system_server_wtf )
01-10 13:51:53.127090   986  1761 D AEE_LIBAEE: shell: raise_exp(11, 986, -1361051648, system_server, 0x0x7469e20b80, 0x0x0)
01-10 13:51:53.127954   986  1761 D AEE_LIBAEE: com.mtk.aee.aed_64shell: connected with AED OK
01-10 13:51:53.129027   870   870 D AEE_AED : $===AEE===AEE===AEE===$
01-10 13:51:53.129153   870   870 D AEE_AED : p 1 poll events 1 revents 1
01-10 13:51:53.129618   870   870 D AEE_AED : PPM cpu cores:8, online:8
01-10 13:51:53.134176   870   870 D AEE_AED : aed_main_fork_worker: generator 0x7c5dc30760, worker 0x7fc38b9968, recv_fd 10
01-10 13:51:53.135524  2785  2785 D AEE_AED : read success, handling msg (Ind, AE_IND_WRN_RAISED)
01-10 13:51:53.135867  2785  2785 I AEE_AED : [preset_info] pid: 986, tid: -1361051648, name: UNKNOWN  >>> system_server <<<
01-10 13:51:53.135996  2785  2785 D AEE_AED : u:r:system_server:s0
01-10 13:51:53.136020  2785  2785 V AEE_AED : dashboard_record_update() : rec->module = system_server 
01-10 13:51:53.136031  2785  2785 D AEE_AED : Skip duplicated exception ! 
01-10 13:51:53.136039  2785  2785 D AEE_AED : Exception Class: 11 
01-10 13:51:53.136046  2785  2785 D AEE_AED : Module: system_server 
01-10 13:51:53.136053  2785  2785 D AEE_AED : Count: 4 
01-10 13:51:53.136060  2785  2785 D AEE_AED : Last exception time: 1578635513 
01-10 13:51:53.136060  2785  2785 D AEE_AED :  
01-10 13:51:53.136068  2785  2785 V AEE_AED : process session - skipped 
01-10 13:51:53.137184   870   870 D AEE_AED : clear ppm settings
01-10 13:51:53.138037   986  1761 D AEE_LIBAEE: shell: got the request (cmd:Ind,AE_IND_LOG_CLOSE)
01-10 13:51:53.138190   986  1761 D AEE_LIBAEE: shell: Got session close ind from AED
01-10 13:51:53.138916   870   870 D AEE_AED : $===AEE===AEE===AEE===$
01-10 13:51:53.196257   775   914 I EMDLOGGER1: MDL rate:8 KB/s, full count:0
01-10 13:51:53.244549   551   922 E lsc_nvram: [do_mkdir] fail to mkdir [/data/shading_otp]: 13[Permission denied] (do_mkdir){#65:vendor/mediatek/proprietary/hardware/mtkcam/aaa/source/mt6763/lsc_mgr/LscUtil.h}
01-10 13:51:53.241000   551   551 W HwBinder:551_2: type=1400 audit(0.0:88): avc: denied { add_name } for name="shading_otp" scontext=u:r:mtk_hal_camera:s0 tcontext=u:object_r:system_data_file:s0 tclass=dir permissive=0
01-10 13:51:53.771973  1730  1730 I zygote64: Deoptimizing void com.gears42.utility.common.tool.u.a(java.lang.Throwable) due to JIT inline cache
01-10 13:51:53.772114  1730  1730 I zygote64: Deoptimizing java.lang.String com.gears42.utility.common.tool.u.b(java.lang.Throwable) due to JIT inline cache
01-10 13:51:53.840444  1126  1126 D StatusBar: removeNotification key=0|com.mediatek.simprocessor|404|null|1000 old=StatusBarNotification(pkg=com.mediatek.simprocessor user=UserHandle{0} id=404 tag=null key=0|com.mediatek.simprocessor|404|null|1000: Notification(channel=null pri=0 contentView=null vibrate=null sound=null tick defaults=0x0 flags=0x62 color=0x00000000 vis=PRIVATE))
01-10 13:51:53.840796  1126  1126 D FGSExtender: setShouldManageLifetime false
01-10 13:51:53.858540  1730  1730 I System.out: Configuration Sent
01-10 13:51:53.861344  1645  1645 V 42Gears : Entering com.datalogic.dxu.plugin.Initiator::onReceive
01-10 13:51:53.872096   401  1624 I BufferQueueProducer: [StatusBar#0](this:0x7300cf4800,id:3,api:1,p:1126,c:401) queueBuffer: fps=2.45 dur=4496.23 max=4305.26 min=15.73
01-10 13:51:53.879031   401   401 I DisplayDevice: [Built-in Screen (type:0)] fps:0.540532,dur:1850.03,max:1850.03,min:1850.03
01-10 13:51:53.891529  1645  2781 I zygote64: Deoptimizing java.lang.Object com.thoughtworks.xstream.core.TreeUnmarshaller.convertAnother(java.lang.Object, java.lang.Class, com.thoughtworks.xstream.converters.Converter) due to JIT inline cache
01-10 13:51:53.892957  1645  2781 I zygote64: Deoptimizing java.lang.Class com.thoughtworks.xstream.mapper.MapperWrapper.defaultImplementationOf(java.lang.Class) due to JIT inline cache
01-10 13:51:53.900598  2639  2654 I zygote64: Waiting for a blocking GC ProfileSaver
01-10 13:51:53.909989  2639  2654 I zygote64: WaitForGcToComplete blocked ProfileSaver on HeapTrim for 9.560ms
01-10 13:51:53.931264  1730  1741 I zygote64: Do partial code cache collection, code=123KB, data=80KB
01-10 13:51:53.931733  1730  1741 I zygote64: After code cache collection, code=117KB, data=78KB
01-10 13:51:53.931770  1730  1741 I zygote64: Increasing code cache capacity to 512KB
01-10 13:51:54.200502  2729  2729 I zygote  : Deoptimizing void com.thoughtworks.xstream.core.TreeMarshaller.convert(java.lang.Object, com.thoughtworks.xstream.converters.Converter) due to JIT inline cache
01-10 13:51:54.244960   551   922 E lsc_nvram: [do_mkdir] fail to mkdir [/data/shading_otp]: 13[Permission denied] (do_mkdir){#65:vendor/mediatek/proprietary/hardware/mtkcam/aaa/source/mt6763/lsc_mgr/LscUtil.h}
01-10 13:51:54.241000   551   551 W HwBinder:551_2: type=1400 audit(0.0:89): avc: denied { add_name } for name="shading_otp" scontext=u:r:mtk_hal_camera:s0 tcontext=u:object_r:system_data_file:s0 tclass=dir permissive=0
01-10 13:51:54.314963  2729  2734 I zygote  : Do partial code cache collection, code=122KB, data=123KB
01-10 13:51:54.315317  2729  2734 I zygote  : After code cache collection, code=120KB, data=122KB
01-10 13:51:54.315362  2729  2734 I zygote  : Increasing code cache capacity to 512KB
01-10 13:51:54.325850  2729  2729 I System.out: Configuration Sent
01-10 13:51:54.328266  1645  1645 V 42Gears : Entering com.datalogic.dxu.plugin.Initiator::onReceive
01-10 13:51:54.430116  1645  1645 I chatty  : uid=1000(system) com.datalogic.dxu identical 2 lines
01-10 13:51:54.433717  1645  1645 V 42Gears : Entering com.datalogic.dxu.plugin.Initiator::onReceive
01-10 13:51:54.510927  2066  2071 I zygote64: Do full code cache collection, code=111KB, data=82KB
01-10 13:51:54.511484  2066  2071 I zygote64: After code cache collection, code=75KB, data=54KB
01-10 13:51:54.526542  1645  2782 I zygote64: Deoptimizing java.lang.String com.thoughtworks.xstream.mapper.MapperWrapper.attributeForAlias(java.lang.String) due to JIT inline cache
01-10 13:51:54.606571   986  1705 E TouchFilter: setTouchFilter LOG Enable prameter: 0
01-10 13:51:54.606698   986  1705 D EventHub: Event Hub Touch Filter log is disabled
01-10 13:51:54.606738   986  1705 D EventHub: Event Hub Touch Filter is enabled
01-10 13:51:54.619428  1645  1650 I zygote64: Do partial code cache collection, code=241KB, data=167KB
01-10 13:51:54.619781  1645  1650 I zygote64: After code cache collection, code=222KB, data=139KB
01-10 13:51:54.619820  1645  1650 I zygote64: Increasing code cache capacity to 1024KB
01-10 13:51:54.620217  1645  1650 I zygote64: Compiler allocated 4MB to compile java.lang.Class com.thoughtworks.xstream.mapper.MapperWrapper.defaultImplementationOf(java.lang.Class)
01-10 13:51:54.809845  1304  1322 I IMEI0574: No sim card,return IMEI
01-10 13:51:54.996345   986  1705 E ActivityManager: Sending non-protected broadcast com.gears42.surelock.dxu from system 1645:com.datalogic.dxu/1000 pkg com.datalogic.dxu
01-10 13:51:54.996345   986  1705 E ActivityManager: java.lang.Throwable
01-10 13:51:54.996345   986  1705 E ActivityManager: 	at com.android.server.am.ActivityManagerService.checkBroadcastFromSystem(ActivityManagerService.java:19289)
01-10 13:51:54.996345   986  1705 E ActivityManager: 	at com.android.server.am.ActivityManagerService.broadcastIntentLocked(ActivityManagerService.java:19894)
01-10 13:51:54.996345   986  1705 E ActivityManager: 	at com.android.server.am.ActivityManagerService.broadcastIntent(ActivityManagerService.java:20036)
01-10 13:51:54.996345   986  1705 E ActivityManager: 	at android.app.IActivityManager$Stub.onTransact(IActivityManager.java:240)
01-10 13:51:54.996345   986  1705 E ActivityManager: 	at com.android.server.am.ActivityManagerService.onTransact(ActivityManagerService.java:2985)
01-10 13:51:54.996345   986  1705 E ActivityManager: 	at android.os.Binder.execTransact(Binder.java:697)
01-10 13:51:55.004506   986  1705 W AES     : Exception Log handling...
01-10 13:51:55.006393   986  1705 D AES     : ExceptionLog: notify aed (process:system_server pid:986 cause:system_server_wtf )
01-10 13:51:55.006488   986  1705 D AEE_LIBAEE: shell: raise_exp(11, 986, -1361051648, system_server, 0x0x7469e66940, 0x0x0)
01-10 13:51:55.007127   986  1705 D AEE_LIBAEE: com.mtk.aee.aed_64shell: connected with AED OK
01-10 13:51:55.008654   870   870 D AEE_AED : $===AEE===AEE===AEE===$
01-10 13:51:55.008797   870   870 D AEE_AED : p 1 poll events 1 revents 1
01-10 13:51:55.009228   870   870 D AEE_AED : PPM cpu cores:8, online:8
01-10 13:51:55.013807   870   870 D AEE_AED : aed_main_fork_worker: generator 0x7c5dc30760, worker 0x7fc38b9968, recv_fd 10
01-10 13:51:55.016375  2818  2818 D AEE_AED : read success, handling msg (Ind, AE_IND_WRN_RAISED)
01-10 13:51:55.016995  2818  2818 I AEE_AED : [preset_info] pid: 986, tid: -1361051648, name: UNKNOWN  >>> system_server <<<
01-10 13:51:55.017319  2818  2818 D AEE_AED : u:r:system_server:s0
01-10 13:51:55.017406  2818  2818 V AEE_AED : dashboard_record_update() : rec->module = system_server 
01-10 13:51:55.017573  2818  2818 D AEE_AED : Skip duplicated exception ! 
01-10 13:51:55.017602  2818  2818 D AEE_AED : Exception Class: 11 
01-10 13:51:55.017625  2818  2818 D AEE_AED : Module: system_server 
01-10 13:51:55.017654  2818  2818 D AEE_AED : Count: 5 
01-10 13:51:55.017681  2818  2818 D AEE_AED : Last exception time: 1578635513 
01-10 13:51:55.017681  2818  2818 D AEE_AED :  
01-10 13:51:55.017710  2818  2818 V AEE_AED : process session - skipped 
01-10 13:51:55.018044   986  1705 D AEE_LIBAEE: shell: got the request (cmd:Ind,AE_IND_LOG_CLOSE)
01-10 13:51:55.018174   986  1705 D AEE_LIBAEE: shell: Got session close ind from AED
01-10 13:51:55.019970   870   870 D AEE_AED : clear ppm settings
01-10 13:51:55.021242   870   870 D AEE_AED : $===AEE===AEE===AEE===$
01-10 13:51:55.022396   986  1761 E ActivityManager: Sending non-protected broadcast datalogic.com.softspot.SettingAction from system 1645:com.datalogic.dxu/1000 pkg com.datalogic.dxu
01-10 13:51:55.022396   986  1761 E ActivityManager: java.lang.Throwable
01-10 13:51:55.022396   986  1761 E ActivityManager: 	at com.android.server.am.ActivityManagerService.checkBroadcastFromSystem(ActivityManagerService.java:19289)
01-10 13:51:55.022396   986  1761 E ActivityManager: 	at com.android.server.am.ActivityManagerService.broadcastIntentLocked(ActivityManagerService.java:19894)
01-10 13:51:55.022396   986  1761 E ActivityManager: 	at com.android.server.am.ActivityManagerService.broadcastIntent(ActivityManagerService.java:20036)
01-10 13:51:55.022396   986  1761 E ActivityManager: 	at android.app.IActivityManager$Stub.onTransact(IActivityManager.java:240)
01-10 13:51:55.022396   986  1761 E ActivityManager: 	at com.android.server.am.ActivityManagerService.onTransact(ActivityManagerService.java:2985)
01-10 13:51:55.022396   986  1761 E ActivityManager: 	at android.os.Binder.execTransact(Binder.java:697)
01-10 13:51:55.245981   551   922 E lsc_nvram: [do_mkdir] fail to mkdir [/data/shading_otp]: 13[Permission denied] (do_mkdir){#65:vendor/mediatek/proprietary/hardware/mtkcam/aaa/source/mt6763/lsc_mgr/LscUtil.h}
01-10 13:51:55.245000   551   551 W HwBinder:551_2: type=1400 audit(0.0:90): avc: denied { add_name } for name="shading_otp" scontext=u:r:mtk_hal_camera:s0 tcontext=u:object_r:system_data_file:s0 tclass=dir permissive=0
01-10 13:51:55.518972  1730  1730 I zygote64: Deoptimizing void org.apache.harmony.xml.parsers.DocumentBuilderImpl.parse(org.kxml2.io.KXmlParser, org.apache.harmony.xml.dom.DocumentImpl, org.w3c.dom.Node, int) due to JIT inline cache
01-10 13:51:55.519211  1730  1730 I zygote64: Deoptimizing void org.apache.harmony.xml.dom.NodeImpl.setName(org.apache.harmony.xml.dom.NodeImpl, java.lang.String) due to JIT inline cache
01-10 13:51:55.533236  2729  2742 I zygote  : Waiting for a blocking GC ProfileSaver
01-10 13:51:55.572757  1730  1730 I System.out: Configuration Sent
01-10 13:51:55.575815  1645  1645 V 42Gears : Entering com.datalogic.dxu.plugin.Initiator::onReceive
01-10 13:51:55.595808  2729  2742 I zygote  : WaitForGcToComplete blocked ProfileSaver on HeapTrim for 62.691ms
01-10 13:51:55.731056  2729  2729 I zygote  : Deoptimizing void org.apache.harmony.xml.parsers.DocumentBuilderImpl.parse(org.kxml2.io.KXmlParser, org.apache.harmony.xml.dom.DocumentImpl, org.w3c.dom.Node, int) due to JIT inline cache
01-10 13:51:55.766325  1730  1741 I zygote64: Compiler allocated 4MB to compile java.lang.String com.thoughtworks.xstream.mapper.MapperWrapper.serializedClass(java.lang.Class)
01-10 13:51:55.894645  2729  2729 I System.out: Configuration Sent
01-10 13:51:55.898350  1645  1645 V 42Gears : Entering com.datalogic.dxu.plugin.Initiator::onReceive
01-10 13:51:55.905946  1645  1645 I chatty  : uid=1000(system) com.datalogic.dxu identical 2 lines
01-10 13:51:55.910473  1645  1645 V 42Gears : Entering com.datalogic.dxu.plugin.Initiator::onReceive
01-10 13:51:56.246682   551   922 E lsc_nvram: [do_mkdir] fail to mkdir [/data/shading_otp]: 13[Permission denied] (do_mkdir){#65:vendor/mediatek/proprietary/hardware/mtkcam/aaa/source/mt6763/lsc_mgr/LscUtil.h}
01-10 13:51:56.245000   551   551 W HwBinder:551_2: type=1400 audit(0.0:91): avc: denied { add_name } for name="shading_otp" scontext=u:r:mtk_hal_camera:s0 tcontext=u:object_r:system_data_file:s0 tclass=dir permissive=0
01-10 13:51:56.335922  1304  1322 I IMEI0574: No sim card,return IMEI
01-10 13:51:56.487290   986  1705 E ActivityManager: Sending non-protected broadcast datalogic.com.softspot.SettingAction from system 1645:com.datalogic.dxu/1000 pkg com.datalogic.dxu
01-10 13:51:56.487290   986  1705 E ActivityManager: java.lang.Throwable
01-10 13:51:56.487290   986  1705 E ActivityManager: 	at com.android.server.am.ActivityManagerService.checkBroadcastFromSystem(ActivityManagerService.java:19289)
01-10 13:51:56.487290   986  1705 E ActivityManager: 	at com.android.server.am.ActivityManagerService.broadcastIntentLocked(ActivityManagerService.java:19894)
01-10 13:51:56.487290   986  1705 E ActivityManager: 	at com.android.server.am.ActivityManagerService.broadcastIntent(ActivityManagerService.java:20036)
01-10 13:51:56.487290   986  1705 E ActivityManager: 	at android.app.IActivityManager$Stub.onTransact(IActivityManager.java:240)
01-10 13:51:56.487290   986  1705 E ActivityManager: 	at com.android.server.am.ActivityManagerService.onTransact(ActivityManagerService.java:2985)
01-10 13:51:56.487290   986  1705 E ActivityManager: 	at android.os.Binder.execTransact(Binder.java:697)
01-10 13:51:56.495208   986  1761 E ActivityManager: Sending non-protected broadcast com.gears42.surelock.dxu from system 1645:com.datalogic.dxu/1000 pkg com.datalogic.dxu
01-10 13:51:56.495208   986  1761 E ActivityManager: java.lang.Throwable
01-10 13:51:56.495208   986  1761 E ActivityManager: 	at com.android.server.am.ActivityManagerService.checkBroadcastFromSystem(ActivityManagerService.java:19289)
01-10 13:51:56.495208   986  1761 E ActivityManager: 	at com.android.server.am.ActivityManagerService.broadcastIntentLocked(ActivityManagerService.java:19894)
01-10 13:51:56.495208   986  1761 E ActivityManager: 	at com.android.server.am.ActivityManagerService.broadcastIntent(ActivityManagerService.java:20036)
01-10 13:51:56.495208   986  1761 E ActivityManager: 	at android.app.IActivityManager$Stub.onTransact(IActivityManager.java:240)
01-10 13:51:56.495208   986  1761 E ActivityManager: 	at com.android.server.am.ActivityManagerService.onTransact(ActivityManagerService.java:2985)
01-10 13:51:56.495208   986  1761 E ActivityManager: 	at android.os.Binder.execTransact(Binder.java:697)
01-10 13:51:56.616058   986  1705 E TouchFilter: setTouchFilter LOG Enable prameter: 0
01-10 13:51:56.616222   986  1705 D EventHub: Event Hub Touch Filter log is disabled
01-10 13:51:56.616287   986  1705 D EventHub: Event Hub Touch Filter is enabled
01-10 13:51:56.805288  2729  2729 I System.out: Configuration Sent
01-10 13:51:56.809379  1645  1645 V 42Gears : Entering com.datalogic.dxu.plugin.Initiator::onReceive
01-10 13:51:56.830101  2729  2734 I zygote  : Compiler allocated 6MB to compile java.lang.String com.gears42.surefox.common.n.l()
01-10 13:51:57.245000   551   551 W HwBinder:551_2: type=1400 audit(0.0:92): avc: denied { add_name } for name="shading_otp" scontext=u:r:mtk_hal_camera:s0 tcontext=u:object_r:system_data_file:s0 tclass=dir permissive=0
01-10 13:51:57.247239   551   922 E lsc_nvram: [do_mkdir] fail to mkdir [/data/shading_otp]: 13[Permission denied] (do_mkdir){#65:vendor/mediatek/proprietary/hardware/mtkcam/aaa/source/mt6763/lsc_mgr/LscUtil.h}
01-10 13:51:57.462726  1730  1730 I System.out: Configuration Sent
01-10 13:51:57.466222  1645  1645 V 42Gears : Entering com.datalogic.dxu.plugin.Initiator::onReceive
01-10 13:51:57.478347  1645  1645 I chatty  : uid=1000(system) com.datalogic.dxu identical 2 lines
01-10 13:51:57.485354  1645  1645 V 42Gears : Entering com.datalogic.dxu.plugin.Initiator::onReceive
01-10 13:51:57.707420  1730  1741 I zygote64: Compiler allocated 4MB to compile java.lang.Class com.thoughtworks.xstream.mapper.MapperWrapper.defaultImplementationOf(java.lang.Class)
01-10 13:51:57.859112  1730  1741 I zygote64: Compiler allocated 8MB to compile java.lang.String com.thoughtworks.xstream.mapper.AnnotationMapper.serializedClass(java.lang.Class)
01-10 13:51:57.927280  1730  1741 I zygote64: Compiler allocated 4MB to compile java.lang.Class com.thoughtworks.xstream.mapper.DefaultImplementationsMapper.defaultImplementationOf(java.lang.Class)
01-10 13:51:58.014315   561   591 D agps    : [agps][n][RPC] rcv GPS_RPC_RESPONSE_FRAMESYNC
01-10 13:51:58.197505   775   914 I EMDLOGGER1: MDL rate:2 KB/s, full count:0
01-10 13:51:58.248060   551   922 E lsc_nvram: [do_mkdir] fail to mkdir [/data/shading_otp]: 13[Permission denied] (do_mkdir){#65:vendor/mediatek/proprietary/hardware/mtkcam/aaa/source/mt6763/lsc_mgr/LscUtil.h}
01-10 13:51:58.245000   551   551 W HwBinder:551_2: type=1400 audit(0.0:93): avc: denied { add_name } for name="shading_otp" scontext=u:r:mtk_hal_camera:s0 tcontext=u:object_r:system_data_file:s0 tclass=dir permissive=0
01-10 13:51:58.631846   986  1705 E TouchFilter: setTouchFilter LOG Enable prameter: 0
01-10 13:51:58.632059   986  1705 D EventHub: Event Hub Touch Filter log is disabled
01-10 13:51:58.632190   986  1705 D EventHub: Event Hub Touch Filter is enabled
01-10 13:51:59.248844   551   922 E lsc_nvram: [do_mkdir] fail to mkdir [/data/shading_otp]: 13[Permission denied] (do_mkdir){#65:vendor/mediatek/proprietary/hardware/mtkcam/aaa/source/mt6763/lsc_mgr/LscUtil.h}
01-10 13:51:59.245000   551   551 W HwBinder:551_2: type=1400 audit(0.0:94): avc: denied { add_name } for name="shading_otp" scontext=u:r:mtk_hal_camera:s0 tcontext=u:object_r:system_data_file:s0 tclass=dir permissive=0
01-10 13:52:00.073999   401  1624 I BufferQueueProducer: [StatusBar#0](this:0x7300cf4800,id:3,api:1,p:1126,c:401) queueBuffer: fps=5.00 dur=6201.89 max=5660.76 min=10.55
01-10 13:52:00.083368   401   401 I DisplayDevice: [Built-in Screen (type:0)] fps:4.996513,dur:6204.33,max:5639.88,min:17.63
01-10 13:52:00.249771   551   922 E lsc_nvram: [do_mkdir] fail to mkdir [/data/shading_otp]: 13[Permission denied] (do_mkdir){#65:vendor/mediatek/proprietary/hardware/mtkcam/aaa/source/mt6763/lsc_mgr/LscUtil.h}
01-10 13:52:00.245000   551   551 W HwBinder:551_2: type=1400 audit(0.0:95): avc: denied { add_name } for name="shading_otp" scontext=u:r:mtk_hal_camera:s0 tcontext=u:object_r:system_data_file:s0 tclass=dir permissive=0
01-10 13:52:00.656798   986  1761 E TouchFilter: setTouchFilter LOG Enable prameter: 0
01-10 13:52:00.657027   986  1761 D EventHub: Event Hub Touch Filter log is disabled
01-10 13:52:00.657161   986  1761 D EventHub: Event Hub Touch Filter is enabled
01-10 13:52:01.250575   551   922 E lsc_nvram: [do_mkdir] fail to mkdir [/data/shading_otp]: 13[Permission denied] (do_mkdir){#65:vendor/mediatek/proprietary/hardware/mtkcam/aaa/source/mt6763/lsc_mgr/LscUtil.h}
01-10 13:52:01.249000   551   551 W HwBinder:551_2: type=1400 audit(0.0:96): avc: denied { add_name } for name="shading_otp" scontext=u:r:mtk_hal_camera:s0 tcontext=u:object_r:system_data_file:s0 tclass=dir permissive=0
01-10 13:52:02.251375   551   922 E lsc_nvram: [do_mkdir] fail to mkdir [/data/shading_otp]: 13[Permission denied] (do_mkdir){#65:vendor/mediatek/proprietary/hardware/mtkcam/aaa/source/mt6763/lsc_mgr/LscUtil.h}
01-10 13:52:02.249000   551   551 W HwBinder:551_2: type=1400 audit(0.0:97): avc: denied { add_name } for name="shading_otp" scontext=u:r:mtk_hal_camera:s0 tcontext=u:object_r:system_data_file:s0 tclass=dir permissive=0
01-10 13:52:02.680730   986  1761 E TouchFilter: setTouchFilter LOG Enable prameter: 0
01-10 13:52:02.680961   986  1761 D EventHub: Event Hub Touch Filter log is disabled
01-10 13:52:02.681097   986  1761 D EventHub: Event Hub Touch Filter is enabled
01-10 13:52:03.199696   775   914 I EMDLOGGER1: MDL rate:76 KB/s, full count:0
01-10 13:52:03.252178   551   922 E lsc_nvram: [do_mkdir] fail to mkdir [/data/shading_otp]: 13[Permission denied] (do_mkdir){#65:vendor/mediatek/proprietary/hardware/mtkcam/aaa/source/mt6763/lsc_mgr/LscUtil.h}
01-10 13:52:03.249000   551   551 W HwBinder:551_2: type=1400 audit(0.0:98): avc: denied { add_name } for name="shading_otp" scontext=u:r:mtk_hal_camera:s0 tcontext=u:object_r:system_data_file:s0 tclass=dir permissive=0
01-10 13:52:04.252972   551   922 E lsc_nvram: [do_mkdir] fail to mkdir [/data/shading_otp]: 13[Permission denied] (do_mkdir){#65:vendor/mediatek/proprietary/hardware/mtkcam/aaa/source/mt6763/lsc_mgr/LscUtil.h}
01-10 13:52:04.249000   551   551 W HwBinder:551_2: type=1400 audit(0.0:99): avc: denied { add_name } for name="shading_otp" scontext=u:r:mtk_hal_camera:s0 tcontext=u:object_r:system_data_file:s0 tclass=dir permissive=0
01-10 13:52:04.705958   986  1761 E TouchFilter: setTouchFilter LOG Enable prameter: 0
01-10 13:52:04.706176   986  1761 D EventHub: Event Hub Touch Filter log is disabled
01-10 13:52:04.706309   986  1761 D EventHub: Event Hub Touch Filter is enabled
01-10 13:52:05.253878   551   922 E lsc_nvram: [do_mkdir] fail to mkdir [/data/shading_otp]: 13[Permission denied] (do_mkdir){#65:vendor/mediatek/proprietary/hardware/mtkcam/aaa/source/mt6763/lsc_mgr/LscUtil.h}
01-10 13:52:05.253000   551   551 W HwBinder:551_2: type=1400 audit(0.0:100): avc: denied { add_name } for name="shading_otp" scontext=u:r:mtk_hal_camera:s0 tcontext=u:object_r:system_data_file:s0 tclass=dir permissive=0
01-10 13:52:06.254791   551   922 E lsc_nvram: [do_mkdir] fail to mkdir [/data/shading_otp]: 13[Permission denied] (do_mkdir){#65:vendor/mediatek/proprietary/hardware/mtkcam/aaa/source/mt6763/lsc_mgr/LscUtil.h}
01-10 13:52:06.253000   551   551 W HwBinder:551_2: type=1400 audit(0.0:101): avc: denied { add_name } for name="shading_otp" scontext=u:r:mtk_hal_camera:s0 tcontext=u:object_r:system_data_file:s0 tclass=dir permissive=0
01-10 13:52:06.731342   986  1761 E TouchFilter: setTouchFilter LOG Enable prameter: 0
01-10 13:52:06.731563   986  1761 D EventHub: Event Hub Touch Filter log is disabled
01-10 13:52:06.731696   986  1761 D EventHub: Event Hub Touch Filter is enabled
01-10 13:52:07.255570   551   922 E lsc_nvram: [do_mkdir] fail to mkdir [/data/shading_otp]: 13[Permission denied] (do_mkdir){#65:vendor/mediatek/proprietary/hardware/mtkcam/aaa/source/mt6763/lsc_mgr/LscUtil.h}
01-10 13:52:07.253000   551   551 W HwBinder:551_2: type=1400 audit(0.0:102): avc: denied { add_name } for name="shading_otp" scontext=u:r:mtk_hal_camera:s0 tcontext=u:object_r:system_data_file:s0 tclass=dir permissive=0
01-10 13:52:07.442123   986  1003 W zygote64: kill(-2492, 9) failed: No such process
01-10 13:52:07.446667   986  1003 I zygote64: Successfully killed process cgroup uid 10066 pid 2492 in 4ms
01-10 13:52:07.518439   401   401 I DisplayDevice: [Built-in Screen (type:0)] fps:0.403493,dur:7435.08,max:7379.81,min:18.81
01-10 13:52:07.526133   986  1003 W zygote64: kill(-2477, 9) failed: No such process
01-10 13:52:07.526460   986  1003 I zygote64: Successfully killed process cgroup uid 10064 pid 2477 in 0ms
01-10 13:52:07.526883   986  1003 W zygote64: kill(-1762, 9) failed: No such process
01-10 13:52:07.527019   986  1003 I zygote64: Successfully killed process cgroup uid 10015 pid 1762 in 0ms
01-10 13:52:08.202115   775   914 I EMDLOGGER1: MDL rate:3 KB/s, full count:0
01-10 13:52:08.256446   551   922 E lsc_nvram: [do_mkdir] fail to mkdir [/data/shading_otp]: 13[Permission denied] (do_mkdir){#65:vendor/mediatek/proprietary/hardware/mtkcam/aaa/source/mt6763/lsc_mgr/LscUtil.h}
01-10 13:52:08.253000   551   551 W HwBinder:551_2: type=1400 audit(0.0:103): avc: denied { add_name } for name="shading_otp" scontext=u:r:mtk_hal_camera:s0 tcontext=u:object_r:system_data_file:s0 tclass=dir permissive=0
01-10 13:52:08.756029   986   997 E TouchFilter: setTouchFilter LOG Enable prameter: 0
01-10 13:52:08.756236   986   997 D EventHub: Event Hub Touch Filter log is disabled
01-10 13:52:08.756369   986   997 D EventHub: Event Hub Touch Filter is enabled
01-10 13:52:09.031124   986  1209 D AES     : AEEIOCTL_GET/SET_SF_STATE IOCTL,cmd= 1074294797, lParam=0. 
01-10 13:52:09.031663   986  1209 D AES     : AEEIOCTL_RT_MON_Kick IOCTL,cmd= 2147774474, lParam=300. 
01-10 13:52:09.178232  1623  1623 I ADB_SERVICES: g_pending_list length=1
01-10 13:52:09.178581  1623  1623 I ADB_SERVICES: service_to_fd shell,v2,raw:ps
01-10 13:52:09.257156   551   922 E lsc_nvram: [do_mkdir] fail to mkdir [/data/shading_otp]: 13[Permission denied] (do_mkdir){#65:vendor/mediatek/proprietary/hardware/mtkcam/aaa/source/mt6763/lsc_mgr/LscUtil.h}
01-10 13:52:09.253000   551   551 W HwBinder:551_2: type=1400 audit(0.0:104): avc: denied { add_name } for name="shading_otp" scontext=u:r:mtk_hal_camera:s0 tcontext=u:object_r:system_data_file:s0 tclass=dir permissive=0
01-10 13:52:09.278533  1623  1623 I ADB_SERVICES: +read_data=74876 local_socket_list_len=1
01-10 13:52:09.460342  1623  2888 I ADB_SERVICES: post waitpid (pid=2887) status=0000
01-10 13:52:09.460490  1623  1623 I ADB_SERVICES: ref_cnt != 0 ref_cnt=-1, id=3, peer->id=2225
01-10 13:52:09.582050  1623  1623 I ADB_SERVICES: service_to_fd shell,v2,raw:monkey -s 0 --throttle 1000 --ignore-timeouts --ignore-crashes --ignore-security-exceptions --ignore-native-crashes -v -v -v --pkg-blacklist-file /sdcard/blacklist.txt 300000 > /sdcard/Monkey_log.txt
01-10 13:52:09.648224  1623  1623 I ADB_SERVICES: service_to_fd shell,v2,raw:ps
01-10 13:52:09.884396  1623  2893 I ADB_SERVICES: post waitpid (pid=2892) status=0000
01-10 13:52:09.927159  1623  1623 I ADB_SERVICES: service_to_fd shell,v2,raw:am broadcast -a com.mediatek.mtklogger.ADB_CMD -e cmd_name switch_taglog --ei cmd_target 0 -f 0x04000000
01-10 13:52:10.058234   986  1003 W zygote64: kill(-2506, 9) failed: No such process
