01-10 13:52:10.058448   986  1003 I zygote64: Successfully killed process cgroup uid 10005 pid 2506 in 0ms
01-10 13:52:10.058391  2141  2141 I MTKLogger/LogReceiver:  -->onReceive(), action=com.mediatek.mtklogger.ADB_CMD
01-10 13:52:10.059067  2141  2157 I MTKLogger: isBootCompleteDone: bootCompleteDoneTime = 28638, currentTime = 48249
01-10 13:52:10.065604  1623  2895 I ADB_SERVICES: post waitpid (pid=2894) status=0000
01-10 13:52:10.132352   401   401 I DisplayDevice: [Built-in Screen (type:0)] fps:0.765144,dur:2613.89,max:2601.63,min:12.26
01-10 13:52:10.167275  1623  1623 I ADB_SERVICES: service_to_fd shell,v2,raw:ls -R -l /data/aee_exp/ /data/core/ /mnt/sdcard/mtklog/aee_exp/ /mnt/sdcard0/mtklog/ /mnt/m_external_sd/mtklog/ /mnt/sdcard/mtklog/ /mnt/sdcard2/mtklog/ /mnt/sdcard1/mtklog/ data/vendor/mtklog/aee_exp/ /data/tombstones/ /data/mdlog/bootupLog/ data/aee_exp/ /mnt/sdcard/mtklog/taglog/
01-10 13:52:10.204474  2891  2891 D PQ      : [PQ_PROT] [PQCust] libpq_cust_base.so OK, libpq_cust.so absent
01-10 13:52:10.220016  2891  2891 D PQ      : [PQ_PROT] [PQCust] libpq_cust_base_mtk.so absent, libpq_cust_mtk.so absent
01-10 13:52:10.220532  2891  2891 D AVStageFactory: createInstance(64bit): createVendorAVFactory success!
01-10 13:52:10.220798  2891  2891 D AVStageUtils: createInstance(64bit): createVendorAVUtils success!
01-10 13:52:10.220869  2891  2891 D AVStageFactory: createInstance(64bit): createVendorAVFactory success!
01-10 13:52:10.221034  2891  2891 D AVStageUtils: createInstance(64bit): createVendorAVUtils success!
01-10 13:52:10.224947  2891  2891 D AndroidRuntime: >>>>>> START com.android.internal.os.RuntimeInit uid 2000 <<<<<<
01-10 13:52:10.257000   551   551 W HwBinder:551_2: type=1400 audit(0.0:105): avc: denied { add_name } for name="shading_otp" scontext=u:r:mtk_hal_camera:s0 tcontext=u:object_r:system_data_file:s0 tclass=dir permissive=0
01-10 13:52:10.257832   551   922 E lsc_nvram: [do_mkdir] fail to mkdir [/data/shading_otp]: 13[Permission denied] (do_mkdir){#65:vendor/mediatek/proprietary/hardware/mtkcam/aaa/source/mt6763/lsc_mgr/LscUtil.h}
01-10 13:52:10.261000  2898  2898 W ls      : type=1400 audit(0.0:106): avc: denied { getattr } for path="/data/core" dev="dm-2" ino=122881 scontext=u:r:shell:s0 tcontext=u:object_r:aee_core_data_file:s0 tclass=dir permissive=0
01-10 13:52:10.265000  2898  2898 W ls      : type=1400 audit(0.0:107): avc: denied { getattr } for path="/data/tombstones" dev="dm-2" ino=1228801 scontext=u:r:shell:s0 tcontext=u:object_r:tombstone_data_file:s0 tclass=dir permissive=0
01-10 13:52:10.265000  2898  2898 W ls      : type=1400 audit(0.0:108): avc: denied { search } for name="mdlog" dev="dm-2" ino=262145 scontext=u:r:shell:s0 tcontext=u:object_r:mdlog_data_file:s0 tclass=dir permissive=0
01-10 13:52:10.302896  2900  2900 I zygote64: The ClassLoaderContext is a special shared library.
01-10 13:52:10.339851  1623  2899 I ADB_SERVICES: post waitpid (pid=2898) status=0100
01-10 13:52:10.339977  1623  1623 I ADB_SERVICES: ref_cnt != 0 ref_cnt=-1, id=7, peer->id=2245
01-10 13:52:10.353555   986  1003 W zygote64: kill(-1684, 9) failed: No such process
01-10 13:52:10.353763   986  1003 I zygote64: Successfully killed process cgroup uid 10062 pid 1684 in 0ms
01-10 13:52:10.384041  2891  2891 I app_process: The ClassLoaderContext is a special shared library.
01-10 13:52:10.427456  2891  2891 D AndroidRuntime: Calling main entry com.android.commands.monkey.Monkey
01-10 13:52:10.429315  2891  2891 W Monkey  : args: [-s, 0, --throttle, 1000, --ignore-timeouts, --ignore-crashes, --ignore-security-exceptions, --ignore-native-crashes, -v, -v, -v, --pkg-blacklist-file, /sdcard/blacklist.txt, 300000]
01-10 13:52:10.430117  2891  2891 W Monkey  :  arg: "-s"
01-10 13:52:10.430195  2891  2891 W Monkey  :  arg: "0"
01-10 13:52:10.430256  2891  2891 W Monkey  :  arg: "--throttle"
01-10 13:52:10.430312  2891  2891 W Monkey  :  arg: "1000"
01-10 13:52:10.430375  2891  2891 W Monkey  :  arg: "--ignore-timeouts"
01-10 13:52:10.430435  2891  2891 W Monkey  :  arg: "--ignore-crashes"
01-10 13:52:10.430552  2891  2891 W Monkey  :  arg: "--ignore-security-exceptions"
01-10 13:52:10.430610  2891  2891 W Monkey  :  arg: "--ignore-native-crashes"
01-10 13:52:10.430664  2891  2891 W Monkey  :  arg: "-v"
01-10 13:52:10.430718  2891  2891 I chatty  : uid=2000(shell) com.android.commands.monkey identical 1 line
01-10 13:52:10.430773  2891  2891 W Monkey  :  arg: "-v"
01-10 13:52:10.430829  2891  2891 W Monkey  :  arg: "--pkg-blacklist-file"
01-10 13:52:10.430929  2891  2891 W Monkey  :  arg: "/sdcard/blacklist.txt"
01-10 13:52:10.430991  2891  2891 W Monkey  :  arg: "300000"
01-10 13:52:10.431235  2891  2891 W Monkey  : data="0"
01-10 13:52:10.431499  2891  2891 W Monkey  : arg="--throttle" mCurArgData="null" mNextArg=3 argwas="--throttle" nextarg="1000"
01-10 13:52:10.431836  2891  2891 W Monkey  : data="1000"
01-10 13:52:10.431919  2891  2891 W Monkey  : arg="--ignore-timeouts" mCurArgData="null" mNextArg=5 argwas="--ignore-timeouts" nextarg="--ignore-crashes"
01-10 13:52:10.431991  2891  2891 W Monkey  : arg="--ignore-crashes" mCurArgData="null" mNextArg=6 argwas="--ignore-crashes" nextarg="--ignore-security-exceptions"
01-10 13:52:10.432079  2891  2891 W Monkey  : arg="--ignore-security-exceptions" mCurArgData="null" mNextArg=7 argwas="--ignore-security-exceptions" nextarg="--ignore-native-crashes"
01-10 13:52:10.432151  2891  2891 W Monkey  : arg="--ignore-native-crashes" mCurArgData="null" mNextArg=8 argwas="--ignore-native-crashes" nextarg="-v"
01-10 13:52:10.432233  2891  2891 W Monkey  : arg="--pkg-blacklist-file" mCurArgData="null" mNextArg=12 argwas="--pkg-blacklist-file" nextarg="/sdcard/blacklist.txt"
01-10 13:52:10.432298  2891  2891 W Monkey  : data="/sdcard/blacklist.txt"
01-10 13:52:10.464168  2891  2891 I Monkey  : :Monkey: seed=1578795501430 count=300000
01-10 13:52:10.464373  2891  2891 I Monkey  : :DisallowPackage: com.google.android.apps.maps
01-10 13:52:10.464442  2891  2891 I Monkey  : :DisallowPackage: com.google.android.apps.tachyon
01-10 13:52:10.464506  2891  2891 I Monkey  : :DisallowPackage: com.mediatek.mtklogger.proxy
01-10 13:52:10.464572  2891  2891 I Monkey  : :DisallowPackage: com.google.android.ims
01-10 13:52:10.464637  2891  2891 I Monkey  : :DisallowPackage: com.google.android.backuptransport
01-10 13:52:10.464701  2891  2891 I Monkey  : :DisallowPackage: com.google.android.googlequicksearchbox
01-10 13:52:10.464778  2891  2891 I Monkey  : :DisallowPackage: com.google.android.packageinstaller
01-10 13:52:10.464845  2891  2891 I Monkey  : :DisallowPackage: com.google.android.videos
01-10 13:52:10.464909  2891  2891 I Monkey  : :DisallowPackage: com.google.android.printservice.recommendation
01-10 13:52:10.464974  2891  2891 I Monkey  : :DisallowPackage: com.google.android.marvin.talkback
01-10 13:52:10.465039  2891  2891 I Monkey  : :DisallowPackage: com.google.android.apps.work.oobconfig
01-10 13:52:10.465105  2891  2891 I Monkey  : :DisallowPackage: com.google.android.syncadapters.calendar
01-10 13:52:10.465172  2891  2891 I Monkey  : :DisallowPackage: com.google.android.tts
01-10 13:52:10.465236  2891  2891 I Monkey  : :DisallowPackage: com.google.android.ext.services
01-10 13:52:10.465300  2891  2891 I Monkey  : :DisallowPackage: com.google.android.ext.shared
01-10 13:52:10.465365  2891  2891 I Monkey  : :DisallowPackage: com.google.android.syncadapters.contacts
01-10 13:52:10.465494  2891  2891 I Monkey  : :DisallowPackage: com.google.android.onetimeinitializer
01-10 13:52:10.465559  2891  2891 I Monkey  : :DisallowPackage: com.google.android.gm
01-10 13:52:10.465622  2891  2891 I Monkey  : :DisallowPackage: com.google.android.apps.docs
01-10 13:52:10.465686  2891  2891 I Monkey  : :DisallowPackage: com.mediatek.mtklogger
01-10 13:52:10.465751  2891  2891 I Monkey  : :DisallowPackage: com.google.android.youtube
01-10 13:52:10.465814  2891  2891 I Monkey  : :DisallowPackage: com.google.android.music
01-10 13:52:10.465878  2891  2891 I Monkey  : :DisallowPackage: com.google.android.configupdater
01-10 13:52:10.465942  2891  2891 I Monkey  : :DisallowPackage: com.google.android.gmsintegration
01-10 13:52:10.466035  2891  2891 I Monkey  : :DisallowPackage: com.google.android.feedback
01-10 13:52:10.466108  2891  2891 I Monkey  : :DisallowPackage: com.google.android.gsf
01-10 13:52:10.466202  2891  2891 I Monkey  : :IncludeCategory: android.intent.category.LAUNCHER
01-10 13:52:10.466267  2891  2891 I Monkey  : :IncludeCategory: android.intent.category.MONKEY
01-10 13:52:10.466390  1623  1623 I ADB_SERVICES: service_to_fd shell,v2,raw:id
01-10 13:52:10.476792  2891  2891 I Monkey  : // Selecting main activities from category android.intent.category.LAUNCHER
01-10 13:52:10.477009  2891  2891 I Monkey  : //   + Using main activity com.android.browser.BrowserActivity (from package com.android.browser)
01-10 13:52:10.477134  2891  2891 I Monkey  : //   + Using main activity com.android.calendar.AllInOneActivity (from package com.android.calendar)
01-10 13:52:10.477212  2891  2891 I Monkey  : //   + Using main activity com.android.contacts.activities.PeopleActivity (from package com.android.contacts)
01-10 13:52:10.477326  2891  2891 I Monkey  : //   + Using main activity com.android.deskclock.DeskClock (from package com.android.deskclock)
01-10 13:52:10.477402  2891  2891 I Monkey  : //   + Using main activity com.android.dialer.app.DialtactsActivity (from package com.android.dialer)
01-10 13:52:10.477542  2891  2891 I Monkey  : //   + Using main activity com.android.email.activity.Welcome (from package com.android.email)
01-10 13:52:10.477627  2891  2891 I Monkey  : //   + Using main activity com.android.gallery3d.app.GalleryActivity (from package com.android.gallery3d)
01-10 13:52:10.477701  2891  2891 I Monkey  : //   + Using main activity com.android.mms.ui.BootActivity (from package com.android.mms)
01-10 13:52:10.477776  2891  2891 I Monkey  : //   + Using main activity com.android.settings.Settings (from package com.android.settings)
01-10 13:52:10.477851  2891  2891 I Monkey  : //   + Using main activity com.android.music.MusicBrowserActivity (from package com.android.music)
01-10 13:52:10.477926  2891  2891 I Monkey  : //   + Using main activity com.android.soundrecorder.SoundRecorder (from package com.android.soundrecorder)
01-10 13:52:10.478005  2891  2891 I Monkey  : //   + Using main activity com.mediatek.camera.CameraLauncher (from package com.mediatek.camera)
01-10 13:52:10.478078  2891  2891 I Monkey  : //   + Using main activity com.android.quicksearchbox.SearchActivity (from package com.android.quicksearchbox)
01-10 13:52:10.478151  2891  2891 I Monkey  : //   + Using main activity com.android.stk.StkMain (from package com.android.stk)
01-10 13:52:10.478224  2891  2891 I Monkey  : //   + Using main activity com.datalogic.battery.activity.BatteryMainActivity (from package com.datalogic.battery)
01-10 13:52:10.478302  2891  2891 I Monkey  : //   + Using main activity com.datalogic.dxu.MainActivity (from package com.datalogic.dxu)
01-10 13:52:10.478381  2891  2891 I Monkey  : //   + Using main activity com.datalogic.scan.MainActivity (from package com.datalogic.scan)
01-10 13:52:10.478455  2891  2891 I Monkey  : //   + Using main activity com.datalogic.scan2deploy.MainActivity (from package com.datalogic.scan2deploy)
01-10 13:52:10.478527  2891  2891 I Monkey  : //   + Using main activity softspot.MainActivity (from package com.datalogic.softspot)
01-10 13:52:10.478601  2891  2891 I Monkey  : //   + Using main activity com.gears42.surefox.SurefoxBrowser (from package com.gears42.surefox)
01-10 13:52:10.478676  2891  2891 I Monkey  : //   + Using main activity com.gears42.surelock.ClearDefaultsActivity (from package com.gears42.surelock)
01-10 13:52:10.478754  2891  2891 I Monkey  : //   + Using main activity com.mediatek.filemanager.FileManagerOperationActivity (from package com.mediatek.filemanager)
01-10 13:52:10.478873  2891  2891 I Monkey  : //   + Using main activity com.android.calculator2.Calculator (from package com.android.calculator2)
01-10 13:52:10.480978  2891  2891 I Monkey  : // Selecting main activities from category android.intent.category.MONKEY
01-10 13:52:10.481130  2891  2891 I Monkey  : //   + Using main activity com.android.launcher3.Launcher (from package com.android.launcher3)
01-10 13:52:10.481220  2891  2891 I Monkey  : //   + Using main activity com.android.settings.Settings$RunningServicesActivity (from package com.android.settings)
01-10 13:52:10.481296  2891  2891 I Monkey  : //   + Using main activity com.android.settings.Settings$StorageUseActivity (from package com.android.settings)
01-10 13:52:10.481560  2891  2891 I Monkey  : // Seeded: 1578795501430
01-10 13:52:10.486322  2891  2891 I Monkey  : // Event percentages:
01-10 13:52:10.486505  2891  2891 I Monkey  : //   0: 15.0%
01-10 13:52:10.486575  2891  2891 I Monkey  : //   1: 10.0%
01-10 13:52:10.486639  2891  2891 I Monkey  : //   2: 2.0%
01-10 13:52:10.486703  2891  2891 I Monkey  : //   3: 15.0%
01-10 13:52:10.486767  2891  2891 I Monkey  : //   4: -0.0%
01-10 13:52:10.486847  2891  2891 I Monkey  : //   5: -0.0%
01-10 13:52:10.486911  2891  2891 I Monkey  : //   6: 25.0%
01-10 13:52:10.486973  2891  2891 I Monkey  : //   7: 15.0%
01-10 13:52:10.487036  2891  2891 I Monkey  : //   8: 2.0%
01-10 13:52:10.487118  2891  2891 I Monkey  : //   9: 2.0%
01-10 13:52:10.487180  2891  2891 I Monkey  : //   10: 1.0%
01-10 13:52:10.487244  2891  2891 I Monkey  : //   11: 13.0%
01-10 13:52:10.487530  2891  2891 I Monkey  : :Switch: #Intent;action=android.intent.action.MAIN;category=android.intent.category.LAUNCHER;launchFlags=0x10200000;component=com.android.mms/.ui.BootActivity;end
01-10 13:52:10.489143   986   997 W Binder  : Outgoing transactions from this process must be FLAG_ONEWAY
01-10 13:52:10.489143   986   997 W Binder  : java.lang.Throwable
01-10 13:52:10.489143   986   997 W Binder  : 	at android.os.BinderProxy.transact(Binder.java:754)
01-10 13:52:10.489143   986   997 W Binder  : 	at android.app.IActivityController$Stub$Proxy.activityStarting(IActivityController.java:172)
01-10 13:52:10.489143   986   997 W Binder  : 	at com.android.server.am.ActivityStarter.startActivity(ActivityStarter.java:451)
01-10 13:52:10.489143   986   997 W Binder  : 	at com.android.server.am.ActivityStarter.startActivityLocked(ActivityStarter.java:280)
01-10 13:52:10.489143   986   997 W Binder  : 	at com.android.server.am.ActivityStarter.startActivityMayWait(ActivityStarter.java:839)
01-10 13:52:10.489143   986   997 W Binder  : 	at com.android.server.am.ActivityStarter.startActivityMayWait(ActivityStarter.java:682)
01-10 13:52:10.489143   986   997 W Binder  : 	at com.android.server.am.ActivityManagerService.startActivityAsUser(ActivityManagerService.java:4626)
01-10 13:52:10.489143   986   997 W Binder  : 	at com.android.server.am.ActivityManagerService.startActivity(ActivityManagerService.java:4613)
01-10 13:52:10.489143   986   997 W Binder  : 	at android.app.IActivityManager$Stub.onTransact(IActivityManager.java:121)
01-10 13:52:10.489143   986   997 W Binder  : 	at com.android.server.am.ActivityManagerService.onTransact(ActivityManagerService.java:2985)
01-10 13:52:10.489143   986   997 W Binder  : 	at android.os.Binder.execTransact(Binder.java:697)
01-10 13:52:10.490004  2891  2891 I Monkey  :     // Allowing start of Intent { act=android.intent.action.MAIN cat=[android.intent.category.LAUNCHER] cmp=com.android.mms/.ui.BootActivity } in package com.android.mms
01-10 13:52:10.499105   397   414 I vendor.mediatek.hardware.power@1.1-impl: PowerHint hint:8, data:1
01-10 13:52:10.500409   397   413 I libPerfService: 8: legacy set freq: 1508000 -1 2002000 -1
01-10 13:52:10.512351   397   414 I vendor.mediatek.hardware.power@1.1-impl: notifyAppState pack:com.android.mms, act:com.android.mms.ui.BootActivity, pid:2339, state:1
01-10 13:52:10.513371   397   413 I libPerfService: [perfNotifyAppState] foreground:com.android.mms, pid:2339
01-10 13:52:10.516953  2891  2891 I Monkey  : Sleeping for 1000 milliseconds
01-10 13:52:10.522224  1623  2925 I ADB_SERVICES: post waitpid (pid=2924) status=0000
01-10 13:52:10.522369  1623  1623 I ADB_SERVICES: ref_cnt != 0 ref_cnt=-1, id=8, peer->id=2249
01-10 13:52:10.530610  2339  2339 D PermissionCheckUtil:  requestPermissions all permissions granted
01-10 13:52:10.530806  2339  2339 D BootActivity: bootActivity: onCreate
01-10 13:52:10.531582  2339  2339 D BootActivity: bootActivity enter MMS
01-10 13:52:10.532482  2891  2923 I Monkey  :     // activityResuming(android)
01-10 13:52:10.538419  2891  2923 I Monkey  :     // Allowing start of Intent { cmp=com.android.mms/.ui.ConversationList } in package com.android.mms
01-10 13:52:10.540786   397   414 I vendor.mediatek.hardware.power@1.1-impl: PowerHint hint:8, data:1
01-10 13:52:10.550556   986  1058 W System  : ClassLoader referenced unknown path: 
01-10 13:52:10.556385   397   414 I vendor.mediatek.hardware.power@1.1-impl: PowerHint hint:8, data:0
01-10 13:52:10.560647   401  1350 I SurfaceFlinger: EventThread Client Pid (986) created
01-10 13:52:10.560898   397   414 I vendor.mediatek.hardware.power@1.1-impl: notifyAppState pack:com.android.mms, act:com.android.mms.ui.ConversationList, pid:2339, state:1
01-10 13:52:10.561242   401  1350 I SurfaceFlinger: EventThread Client Pid (986) created
01-10 13:52:10.562413   986  1058 D WindowClient: Add to mViews: DecorView@802810e[mms], this = android.view.WindowManagerGlobal@b37672f
01-10 13:52:10.562585   986  1058 D ViewRootImpl[mms]: hardware acceleration = false , fakeHwAccelerated = true, sRendererDisabled = false, forceHwAccelerated = false, sSystemRendererDisabled = false
01-10 13:52:10.563780   401  1350 I SurfaceFlinger: [SF client] NEW(0x7300829480) for (986:system_server)
01-10 13:52:10.575692  2339  2339 D PermissionCheckUtil:  requestPermissions all permissions granted
01-10 13:52:10.581868  2339  2339 E ActionBarOverlayLayout: Requested split action bar with incompatible window decor! Ignoring request.
01-10 13:52:10.589838   401   401 I BufferQueue: [unnamed-401-7](this:0x7300cdb800,id:7,api:0,p:-1,c:-1) BufferQueue core=(401:/system/bin/surfaceflinger)
01-10 13:52:10.590236   401   401 W GuiExt  : Cannot find GuiExtService
01-10 13:52:10.590379   401   401 I BufferQueueConsumer: [unnamed-401-7](this:0x7300cdb800,id:7,api:0,p:-1,c:401) connect(C): consumer=(401:/system/bin/surfaceflinger) controlledByApp=false
01-10 13:52:10.590435   401   401 I BufferQueueConsumer: [unnamed-401-7](this:0x7300cdb800,id:7,api:0,p:-1,c:401) setConsumerName: unnamed-401-7
01-10 13:52:10.590474   401   401 I BufferQueueConsumer: [Splash Screen com.android.mms#0](this:0x7300cdb800,id:7,api:0,p:-1,c:401) setConsumerName: Splash Screen com.android.mms#0
01-10 13:52:10.590514   401   401 I BufferQueueConsumer: [Splash Screen com.android.mms#0](this:0x7300cdb800,id:7,api:0,p:-1,c:401) setDefaultBufferSize: width=720 height=1280
01-10 13:52:10.602349   986  1058 D Surface : lockCanvas
01-10 13:52:10.602484   986  1058 D Surface : Surface::connect(this=0x7462653000,api=2)
01-10 13:52:10.602708   401   421 I BufferQueueProducer: [Splash Screen com.android.mms#0](this:0x7300cdb800,id:7,api:2,p:986,c:401) connect(P): api=2 producer=(986:system_server) producerControlledByApp=false
01-10 13:52:10.616489  1623  1623 I ADB_SERVICES: service_to_fd shell,v2,raw:am broadcast -a com.mediatek.mtklogger.ADB_CMD -e cmd_name start --ei cmd_target 7 -f 0x04000000
01-10 13:52:10.616873  2339  2339 I ConversationList: [Performance test][Mms] loading data start time [1578635530616]
01-10 13:52:10.616992  2339  2339 D ConversationList: normal message layout
01-10 13:52:10.618476  2339  2339 D ConversationList: DraftManager.sEditingThread = Empty
01-10 13:52:10.619047  2339  2339 D Mms.app : cancelNotification, notificationId:239
01-10 13:52:10.620001  2339  2339 D ConversationList: set onContentChanged listener
01-10 13:52:10.620732  2339  2339 D Mms/MmsDialogNotifyUtils: MmsDialogNotifyExt.closeMsgDialog
01-10 13:52:10.625928  1304  1322 D Mms/Provider/MmsSms: query begin, match = 33
01-10 13:52:10.628865  1304  1322 D Mms/Provider/MmsSms: get threads unread message count = 0
01-10 13:52:10.630863  1304  1322 D Mms/Provider/MmsSms: query end
01-10 13:52:10.633607  2339  2339 I SurfaceFactory: [static] sSurfaceFactory = com.mediatek.view.impl.SurfaceFactoryImpl@e0af7e7
01-10 13:52:10.636236   401  1624 I SurfaceFlinger: EventThread Client Pid (2339) created
01-10 13:52:10.636880   401  1624 I SurfaceFlinger: EventThread Client Pid (2339) created
01-10 13:52:10.638450  2339  2339 D WindowClient: Add to mViews: DecorView@e9e1232[ConversationList], this = android.view.WindowManagerGlobal@7852b83
01-10 13:52:10.639044  1304  1322 D Mms/Provider/MmsSms: query begin, match = 28
01-10 13:52:10.639146  2339  2339 D OpenGLRenderer: Dumper init 4 threads <0x7483b67680>
01-10 13:52:10.639178  1304  1322 D Mms/Provider/MmsSms: getAllUnreadCount begin
01-10 13:52:10.639309  1304  1322 D Mms/Provider/MmsSms: query end
01-10 13:52:10.639412  2339  2339 D OpenGLRenderer: <com.android.mms> is running.
01-10 13:52:10.641166   401   421 I SurfaceFlinger: EventThread Client Pid (2339) created
01-10 13:52:10.641556  2339  2931 D OpenGLRenderer: HWUI GL Pipeline
01-10 13:52:10.644283  2339  2339 D ViewRootImpl[ConversationList]: hardware acceleration = true , fakeHwAccelerated = false, sRendererDisabled = false, forceHwAccelerated = false, sSystemRendererDisabled = false
01-10 13:52:10.645944   401   421 I SurfaceFlinger: [SF client] NEW(0x73008290c0) for (986:system_server)
01-10 13:52:10.647189  2339  2339 V PhoneWindow: DecorView setVisiblity: visibility = 0, Parent = ViewRoot{147a100 com.android.mms/com.android.mms.ui.ConversationList,ident = 0}, this = DecorView@e9e1232[ConversationList]
01-10 13:52:10.650119  2339  2339 D ConversationList: onQueryComplete mNeedQuery = false mIsInActivity = true
01-10 13:52:10.650243  2339  2339 D ConversationList: onQueryComplete cursor count is 0
01-10 13:52:10.650527  2339  2339 D Mms/ScrollListener: OnScrollListener.onScroll(): firstVisibleItem: 0 visibleItemCount0 totalItemCount0 Context: com.android.mms.ui.ConversationList@8b01ce8
01-10 13:52:10.650638  2339  2339 I ConversationListAdapter: [Performance test][Mms] loading data end time [1578635530650]
01-10 13:52:10.651031  2339  2339 D Mms/conv: keepOnly() threads size is 0 mCache size is 0
01-10 13:52:10.651102  2339  2339 D Mms/conv: after keepOnly() mCache size is 0
01-10 13:52:10.654408  2339  2339 D ConversationList: onQueryComplete mNeedQuery = false mIsInActivity = true
01-10 13:52:10.654587  2339  2339 D ConversationList: get threads unread message count = 0
01-10 13:52:10.659931  1304  1536 D Mms/Provider/Sms: query begin, match = 2
01-10 13:52:10.668328   401   401 I BufferQueue: [unnamed-401-8](this:0x72f9d0f000,id:8,api:0,p:-1,c:-1) BufferQueue core=(401:/system/bin/surfaceflinger)
01-10 13:52:10.668746   401   401 W GuiExt  : Cannot find GuiExtService
01-10 13:52:10.668983   401   401 I BufferQueueConsumer: [unnamed-401-8](this:0x72f9d0f000,id:8,api:0,p:-1,c:401) connect(C): consumer=(401:/system/bin/surfaceflinger) controlledByApp=false
01-10 13:52:10.669069   401   401 I BufferQueueConsumer: [unnamed-401-8](this:0x72f9d0f000,id:8,api:0,p:-1,c:401) setConsumerName: unnamed-401-8
01-10 13:52:10.669121   401   401 I BufferQueueConsumer: [com.android.mms/com.android.mms.ui.ConversationList#0](this:0x72f9d0f000,id:8,api:0,p:-1,c:401) setConsumerName: com.android.mms/com.android.mms.ui.ConversationList#0
01-10 13:52:10.669168   401   401 I BufferQueueConsumer: [com.android.mms/com.android.mms.ui.ConversationList#0](this:0x72f9d0f000,id:8,api:0,p:-1,c:401) setDefaultBufferSize: width=720 height=1280
01-10 13:52:10.670366  2141  2141 I MTKLogger/LogReceiver:  -->onReceive(), action=com.mediatek.mtklogger.ADB_CMD
01-10 13:52:10.670805  2141  2157 I MTKLogger: isBootCompleteDone: bootCompleteDoneTime = 28638, currentTime = 48861
01-10 13:52:10.671169  2141  2157 I MTKLogger/MTKLoggerService: -->dealWithAdbCommand(), logTypeCluster=7, command=start
01-10 13:52:10.671298  2141  2157 I MTKLogger/MTKLoggerService: -->startRecording(), logTypeCluster=7, reason=adb
01-10 13:52:10.673492  2141  2157 I MTKLogger/MTKLoggerService: -->setLogAutoStart(), logTypeCluster=7, autoStart?true
01-10 13:52:10.673942  2141  2285 I MTKLogger/MobileLog: Handle receive message, what=7
01-10 13:52:10.673947  1304  1536 V Mms/Provider/Mms: Query begin, match = 2
01-10 13:52:10.674079  2141  2295 I MTKLogger/MultiModemLog: Handle receive message, what=7, msg.arg1=[0]
01-10 13:52:10.674086  2141  2302 I MTKLogger/NetworkLog: Handle receive message, what=7
01-10 13:52:10.674197  2141  2302 W MTKLogger/NetworkLog: Not supported message, tell father to deal with it: 7
01-10 13:52:10.674266  2141  2302 I MTKLogger/LogInstance: Logtype[4] Handle receive message, what=7
01-10 13:52:10.674320  2141  2302 W MTKLogger/LogInstance: Logtype[4] Not supported message: 7
01-10 13:52:10.674342  2339  2339 D Surface : Surface::allocateBuffers(this=0x74755a3000)
01-10 13:52:10.674388  2141  2157 I MTKLogger/MTKLoggerService: -->sendCommandToSingleNative(), logType = 1, commandType = 1, reason = adb
01-10 13:52:10.675187  1304  1536 D Mms/Provider/Mms: query getReadableDatabase query end cursor count =0
01-10 13:52:10.676251   986  1058 D View    : [Warning] assignParent to null: this = DecorView@802810e[mms]
01-10 13:52:10.679158  1623  2930 I ADB_SERVICES: post waitpid (pid=2929) status=0000
01-10 13:52:10.680080   986  1058 D Surface : Surface::disconnect(this=0x7462653000,api=2)
01-10 13:52:10.680292   401   519 I BufferQueueProducer: [Splash Screen com.android.mms#0](this:0x7300cdb800,id:7,api:2,p:986,c:401) disconnect(P): api 2
01-10 13:52:10.680446   401   519 I BufferQueueConsumer: [Splash Screen com.android.mms#0](this:0x7300cdb800,id:7,api:2,p:-1,c:401) getReleasedBuffers: returning mask 0xffffffffffffffff
01-10 13:52:10.683664   986  1058 D WindowClient: Remove from mViews: DecorView@802810e[mms], this = android.view.WindowManagerGlobal@b37672f
01-10 13:52:10.686212  2339  2931 I zygote64: android::hardware::configstore::V1_0::ISurfaceFlingerConfigs::hasWideColorDisplay retrieved: 0
01-10 13:52:10.686479  2339  2931 I OpenGLRenderer: Initialized EGL, version 1.4
01-10 13:52:10.686593  2339  2931 D OpenGLRenderer: Swap behavior 2
01-10 13:52:10.689655  1304  1536 D @M_Mms/Provider/Cb:  query match 2
01-10 13:52:10.695110   401   401 I BufferQueueConsumer: [Splash Screen com.android.mms#0](this:0x7300cdb800,id:7,api:2,p:-1,c:-1) disconnect(C)
01-10 13:52:10.695534   401   401 I BufferQueue: [Splash Screen com.android.mms#0](this:0x7300cdb800,id:7,api:2,p:-1,c:-1) ~BufferQueueCore
01-10 13:52:10.696810  2339  2933 D Mms.app : nonBlockingUpdateNewMessageIndicator, newMsgThreadId = -2, isStatusMessage = false
01-10 13:52:10.698404  2339  2931 D OpenGLRenderer: [init] completed
01-10 13:52:10.698515  2339  2931 D HWUIExtension: MTKProgramCache.init: enable enhancement 1
01-10 13:52:10.698639  2339  2931 I HWUIExtension: Get disable program binary service property (0)
01-10 13:52:10.698657  2339  2931 I HWUIExtension: Initializing program atlas...
01-10 13:52:10.698842  2339  2947 D Mms.app : before check: appNotificationEnabled = true, 	appMute = 0, 	appMuteStart = 0, 	appRingtone = content://settings/system/notification_sound, 	appVibrate = false
01-10 13:52:10.698915  2339  2947 D Mms.app : after check: appNotificationEnabled = true, 	appMute = 0, 	appMuteStart = 0, 	appRingtone = content://settings/system/notification_sound, 	appVibrate = false
01-10 13:52:10.698944  2339  2947 D Mms.app : setNotificationProfileByThreadId: -2
01-10 13:52:10.699000  2339  2933 D Mms.app : getDownloadFailedMessageCount
01-10 13:52:10.699422  2339  2948 D Mms.app : getUndeliveredMessageCount
01-10 13:52:10.699589  2339  2931 I ProgramBinary/Service: ProgramBinaryService client side disable debugging.
01-10 13:52:10.699661  2339  2931 I ProgramBinary/Service: ProgramBinaryService client side disable binary content debugging.
01-10 13:52:10.699671  2339  2931 D ProgramBinary/Service: BpProgramBinaryService.getReady
01-10 13:52:10.699686  2339  2931 D ProgramBinary/Service: zhiyin- 1 BpProgramBinaryService::getReady()
01-10 13:52:10.699848   571   580 D ProgramBinary/Service: zhiyin- ontransact 1 code 1
01-10 13:52:10.699935   571   580 D ProgramBinary/Service: zhiyin- ontransact 2 code 1
01-10 13:52:10.699952   571   580 D ProgramBinary/Service: zhiyin- ontransact 3 code 1
01-10 13:52:10.700061  2339  2931 D ProgramBinary/Service: zhiyin- 2 BpProgramBinaryService::getReady()
01-10 13:52:10.700098  2339  2931 D ProgramBinary/Service: BpProgramBinaryService.getProgramBinaryData
01-10 13:52:10.700159   571   580 D ProgramBinary/Service: zhiyin- ontransact 1 code 3
01-10 13:52:10.700379  2339  2931 I HWUIExtension: Program binary detail: Binary length is 188172, program map length is 104.
01-10 13:52:10.700507  2339  2931 I HWUIExtension: Succeeded to mmap program binaries. File descriptor is 73, and path is /dev/ashmem.
01-10 13:52:10.700556  2339  2931 I HWUIExtension: No need to use file discriptor anymore, close fd(73).
01-10 13:52:10.700677  2339  2931 D HWUIExtension: Dumper init 4 threads <0x74740c1cc0>
01-10 13:52:10.700779  2339  2931 D HWUIExtension: <com.android.mms> is running.
01-10 13:52:10.700840  2339  2931 D HWUIExtension: Initializing program cache from 0x0, size = -1
01-10 13:52:10.701373  2339  2931 D Surface : Surface::connect(this=0x74755a3000,api=1)
01-10 13:52:10.701837   401   421 I BufferQueueProducer: [com.android.mms/com.android.mms.ui.ConversationList#0](this:0x72f9d0f000,id:8,api:1,p:2339,c:401) connect(P): api=1 producer=(2339:com.android.mms) producerControlledByApp=true
01-10 13:52:10.703483  2339  2947 D Mms.app : newMsgThreadId = -2sCurrentlyDisplayedThreadId = 0
01-10 13:52:10.703519  2339  2931 D mali_winsys: EGLint new_window_surface(egl_winsys_display *, void *, EGLSurface, EGLConfig, egl_winsys_surface **, egl_color_buffer_format *, EGLBoolean) returns 0x3000
01-10 13:52:10.704070  2339  2339 D ConversationList: cancel undone queries in onStop
01-10 13:52:10.704402  2339  2339 V PhoneWindow: DecorView setVisiblity: visibility = 4, Parent = ViewRoot{147a100 com.android.mms/com.android.mms.ui.ConversationList,ident = 0}, this = DecorView@e9e1232[ConversationList]
01-10 13:52:10.704460  1304  1536 V Mms/Provider/Mms: Query begin, match = 2
01-10 13:52:10.705646  1304  1322 D Mms/Provider/MmsSms: query begin, match = 8
01-10 13:52:10.705632  1304  1323 D Mms/Provider/MmsSms: delete begin, match = 11
01-10 13:52:10.705808  1304  1536 D Mms/Provider/Mms: query getReadableDatabase query end cursor count =0
01-10 13:52:10.706021  1304  1322 D Mms/Provider/MmsSms: getUndeliveredMessages true
01-10 13:52:10.706877  2339  2339 D ConversationList: onCreateOptionsMenu enter!!
01-10 13:52:10.707358  1304  1322 D Mms/Provider/MmsSms: query end
01-10 13:52:10.708323  2339  2933 D Mms.app : getDownloadFailedMessageCount = 0
01-10 13:52:10.708427  2339  2933 D Mms.app : cancelNotification, notificationId:531
01-10 13:52:10.708560  1304  1323 D Mms/Provider/MmsSms: delete wallpaper from obsolete begin
01-10 13:52:10.709790  1304  1323 D Mms/Provider/MmsSms: delete end, affectedRows = 0
01-10 13:52:10.711049  1304  1605 V Mms/Provider/Mms: Query begin, match = 0
01-10 13:52:10.711710  1304  1605 D Mms/Provider/Mms: query getReadableDatabase query end cursor count =0
01-10 13:52:10.717990  1304  1323 D @M_Mms/Provider/Cb:  query match 2
01-10 13:52:10.719104  1304  1605 D Mms/Provider/Sms: query begin, match = 0
01-10 13:52:10.721505  2339  2933 D Mms.app : Cancel notification notificationId = 125
01-10 13:52:10.722034  2339  2933 I MmsWidgetProvider: notifyDatasetChanged
01-10 13:52:10.722456  2339  2933 I MmsWidgetProvider: appWidgetIds length: 0
01-10 13:52:10.723039  2339  2947 D Mms.app : cancelNotification, notificationId:123
01-10 13:52:10.724524  2141  2285 I MTKLogger/LogConnection: <--send cmd done : [autostart=1] to [mobilelogd]
01-10 13:52:10.724636   775   907 D EMDLOGGER1: mdlogger select done
01-10 13:52:10.724654  2141  2285 I MTKLogger/MobileLog: Handle receive message, what=1
01-10 13:52:10.724741   775   907 I EMDLOGGER1: mdlogger receive command setauto,2
01-10 13:52:10.724757   775   907 D EMDLOGGER1: Handle request: Set auto start logging mode
01-10 13:52:10.724987   542   661 I MobileLogD: recv autostart=1 from 20
01-10 13:52:10.727022  2141  2285 I MTKLogger/Utils: <--getDefalueInternalSdPath() = /storage/emulated/0
01-10 13:52:10.728447  1304  1323 D Mms/Provider/Sms: query begin, match = 0
01-10 13:52:10.729717   542   661 D MobileLogD: write autostart=1,1 to client 20 
01-10 13:52:10.729842   542   661 D MobileLogD: write to client over
01-10 13:52:10.729994  2141  2290 I MTKLogger/MobileLog: -->dealWithResponse(), resp=autostart=1,1
01-10 13:52:10.730835  2141  2285 I MTKLogger/Utils: <--getDefalueInternalSdPath() = /storage/emulated/0
01-10 13:52:10.732179   775   907 I EMDLOGGER1: mdlogger send ACK setauto,2,2
01-10 13:52:10.732254  2141  2301 I MTKLogger/MultiModemLog: -->dealWithResponse(), resp=setauto,2,2
01-10 13:52:10.732729  2141  2285 I MTKLogger/Utils: <--getDefalueInternalSdPath() = /storage/emulated/0
01-10 13:52:10.734741  2141  2295 I MTKLogger/LogConnection: <--send cmd done : [setauto,2] to [com.mediatek.mdlogger.socket1]
01-10 13:52:10.740207  2339  2339 D ConversationList: onPrepareOptionsMenu enter!!
01-10 13:52:10.755774  2339  2931 D Surface : Surface::disconnect(this=0x74755a3000,api=1)
01-10 13:52:10.756039   401   421 I BufferQueueProducer: [com.android.mms/com.android.mms.ui.ConversationList#0](this:0x72f9d0f000,id:8,api:1,p:2339,c:401) disconnect(P): api 1
01-10 13:52:10.756720   401   421 I BufferQueueConsumer: [com.android.mms/com.android.mms.ui.ConversationList#0](this:0x72f9d0f000,id:8,api:1,p:-1,c:401) getReleasedBuffers: returning mask 0xffffffffffffffff
01-10 13:52:10.763108  2339  2339 D ConversationList: DraftManager.sEditingThread.clear()
01-10 13:52:10.763244  2339  2339 D Mms.app : cancelNotification, notificationId:789
01-10 13:52:10.766760   397   413 I libPerfService: 12: legacy set freq: -1 -1 -1 -1
01-10 13:52:10.770381   401   401 I BufferQueueConsumer: [com.android.mms/com.android.mms.ui.ConversationList#0](this:0x72f9d0f000,id:8,api:1,p:-1,c:-1) disconnect(C)
01-10 13:52:10.770552   401   401 I BufferQueue: [com.android.mms/com.android.mms.ui.ConversationList#0](this:0x72f9d0f000,id:8,api:1,p:-1,c:-1) ~BufferQueueCore
01-10 13:52:10.777488   986   997 E TouchFilter: setTouchFilter LOG Enable prameter: 0
01-10 13:52:10.777642   986   997 D EventHub: Event Hub Touch Filter log is disabled
01-10 13:52:10.777681   986   997 D EventHub: Event Hub Touch Filter is enabled
01-10 13:52:10.784178   542   661 I MobileLogD: recv set_storage_path,/storage/emulated/0 from 20
01-10 13:52:10.789669   542   661 D MobileLogD: write set_storage_path,/storage/emulated/0,1 to client 20 
01-10 13:52:10.789774   542   661 D MobileLogD: write to client over
01-10 13:52:10.790030  2141  2290 I MTKLogger/MobileLog: -->dealWithResponse(), resp=set_storage_path,/storage/emulated/0,1
01-10 13:52:10.793787  2141  2285 I MTKLogger/LogConnection: <--send cmd done : [set_storage_path,/storage/emulated/0] to [mobilelogd]
01-10 13:52:10.793885  2141  2285 I MTKLogger/MobileLog: Mobile log initialization reason = adb
01-10 13:52:10.793959  2141  2285 W MTKLogger/MobileLog: Unsupported initialization reason, ignore it.
01-10 13:52:10.845627   542   661 I MobileLogD: recv start from 20
01-10 13:52:10.846247   542   661 E MobileLogD: mblog already running ,why send start?
01-10 13:52:10.846329   542   661 D MobileLogD: write start,1 to client 20 
01-10 13:52:10.846408   542   661 D MobileLogD: write to client over
01-10 13:52:10.846690  2141  2290 I MTKLogger/MobileLog: -->dealWithResponse(), resp=start,1
01-10 13:52:10.847118  2141  2171 I MTKLogger/MTKLoggerService:  mNativeStateHandler receive message, what=4, arg1=1, arg2=1
01-10 13:52:10.854917  2141  2285 I MTKLogger/LogConnection: <--send cmd done : [start] to [mobilelogd]
01-10 13:52:10.855223  2141  2285 I MTKLogger/MobileLog: Handle receive message, what=25
01-10 13:52:10.855562  2141  2285 I MTKLogger/MobileLog: -->notifyServiceStatus(), status=1,  reason=[]
01-10 13:52:10.856136  2141  2285 I MTKLogger: isAutoTest()-> Monkey running flag is false
01-10 13:52:10.857162  2141  2285 I MTKLogger: isAutoTest()-> isUserAMonkey=true
01-10 13:52:10.874927  2141  2157 I MTKLogger/MTKLoggerService: -->sendCommandToSingleNative(), logType = 2, commandType = 1, reason = adb
01-10 13:52:10.875495  2141  2157 I MTKLogger/MTKLoggerService: -->sendCommandToSingleNative(), logType = 4, commandType = 1, reason = adb
01-10 13:52:10.875542  2141  2295 I MTKLogger/MultiModemLog: Handle receive message, what=1, msg.arg1=[0]
01-10 13:52:10.875919  2141  2302 I MTKLogger/NetworkLog: Handle receive message, what=1
01-10 13:52:10.881668  2141  2302 I MTKLogger/Utils: <--getDefalueInternalSdPath() = /storage/emulated/0
01-10 13:52:10.881688  2141  2295 I MTKLogger/Utils: <--getDefalueInternalSdPath() = /storage/emulated/0
01-10 13:52:10.892025  2141  2295 I MTKLogger/Utils: <--getDefalueInternalSdPath() = /storage/emulated/0
01-10 13:52:10.893047  2141  2302 I MTKLogger/Utils: <--getDefalueInternalSdPath() = /storage/emulated/0
01-10 13:52:10.896442  2141  2295 I MTKLogger/Utils: <--getDefalueInternalSdPath() = /storage/emulated/0
01-10 13:52:10.896963  2141  2302 I MTKLogger/Utils: <--getDefalueInternalSdPath() = /storage/emulated/0
01-10 13:52:10.948293   775   907 D EMDLOGGER1: mdlogger select done
01-10 13:52:10.948560   775   907 I EMDLOGGER1: mdlogger receive command set_storage_path,/storage/emulated/0
01-10 13:52:10.948532   545   573 E Netdiag : select out for fd=6,i=0  
01-10 13:52:10.948750   545   573 E Netdiag : commandlistening handle_message
01-10 13:52:10.948914   545   573 E Netdiag : commandlistening buffer set_storage_path,/storage/emulated/0
01-10 13:52:10.949059   545   573 E Netdiag : FD_CLR fd=6,index i:0
01-10 13:52:10.949112   545   573 D Netdiag : Add listener on socket server whose id=5
01-10 13:52:10.949158   545   573 D Netdiag : Add listener on former received socket client, fd=6
01-10 13:52:10.949196   545   573 D Netdiag : commandlistening unlock exit
01-10 13:52:10.951386   775   907 I EMDLOGGER1: mdlogger send ACK set_storage_path,/storage/emulated/0,1
01-10 13:52:10.951969  2141  2301 I MTKLogger/MultiModemLog: -->dealWithResponse(), resp=set_storage_path,/storage/emulated/0,1
01-10 13:52:10.958372  2141  2295 I MTKLogger/LogConnection: <--send cmd done : [set_storage_path,/storage/emulated/0] to [com.mediatek.mdlogger.socket1]
01-10 13:52:10.958473  2141  2302 I MTKLogger/LogConnection: <--send cmd done : [set_storage_path,/storage/emulated/0] to [netdiag]
01-10 13:52:10.958925  2141  2302 I MTKLogger/NetworkLog: limitedPackageSize=0
01-10 13:52:11.009933   545   573 E Netdiag : select out for fd=6,i=0  
01-10 13:52:11.010117   545   573 E Netdiag : commandlistening handle_message
01-10 13:52:11.010238   545   573 E Netdiag : commandlistening buffer tcpdump_sdcard_start_600
01-10 13:52:11.010285   545   573 E Netdiag : COMMAND = tcpdump
01-10 13:52:11.010324   545   573 E Netdiag : location = sdcard
01-10 13:52:11.010358   545   573 E Netdiag : action = start
01-10 13:52:11.010393   545   573 E Netdiag : log size= 600
01-10 13:52:11.010401   775   907 D EMDLOGGER1: mdlogger select done
01-10 13:52:11.010441   545   573 D Netdiag : Ignore SIGPIPE to avoid possible NE
01-10 13:52:11.010488   545   573 E Netdiag : Tcpdump STARTING:2017-7-19
01-10 13:52:11.010536   775   907 I EMDLOGGER1: mdlogger receive command start,2,2
01-10 13:52:11.010578   545   573 E Netdiag : Stop flag is still 1, treat it as log is already running, ignore other start command.
01-10 13:52:11.010644   545   573 D Netdiag : Network log is already running, just return success
01-10 13:52:11.010683   545   573 E Netdiag : FD_CLR fd=6,index i:0
01-10 13:52:11.010726   545   573 D Netdiag : Add listener on socket server whose id=5
01-10 13:52:11.010770   545   573 D Netdiag : Add listener on former received socket client, fd=6
01-10 13:52:11.010808   545   573 D Netdiag : commandlistening unlock exit
01-10 13:52:11.011182  2141  2306 I MTKLogger/NetworkLog: -->dealWithResponse(), resp=to
01-10 13:52:11.011466  2141  2295 I MTKLogger/LogConnection: <--send cmd done : [start,2,2] to [com.mediatek.mdlogger.socket1]
01-10 13:52:11.011707  2141  2171 I MTKLogger/MTKLoggerService:  mNativeStateHandler receive message, what=4, arg1=4, arg2=1
01-10 13:52:11.016098   775   907 E EMDLOGGER1: Set custom autostart mode 0 to config file, returned 4
01-10 13:52:11.016204   775   907 D EMDLOGGER1: Set custom autostart  mode: 0
01-10 13:52:11.016233   775   907 D EMDLOGGER1: Handle request:executeCommand Start logging: 2,g_loggingmode,2
01-10 13:52:11.017582   775   907 D EMDLOGGER1: debug.starting.mode.md1:2, start_mode = 2
01-10 13:52:11.017675   775   907 I EMDLOGGER1: MDL: START Logging, mode=2 Gear Id when Reset=0
01-10 13:52:11.017696   775   907 D EMDLOGGER1: startMDLogging: no mode change, resume
01-10 13:52:11.017712   775   907 I EMDLOGGER1: MDL: RESUME Logging
01-10 13:52:11.017728   775   907 D EMDLOGGER1: MDCommEngine.resume:start
01-10 13:52:11.020153  2141  2302 I MTKLogger/LogConnection: <--send cmd done : [tcpdump_sdcard_start_600] to [netdiag]
01-10 13:52:11.020377  2141  2302 I MTKLogger/NetworkLog: Handle receive message, what=33
01-10 13:52:11.020587  2141  2302 I MTKLogger/NetworkLog: Resp type: 1, failReason string: []
01-10 13:52:11.020699  2141  2302 I MTKLogger/NetworkLog: -->notifyServiceStatus(), status=1,  reason=[]
01-10 13:52:11.020688   775   907 D EMDLOGGER1: setproperty debug.mdlogger.Running: 1.
01-10 13:52:11.020741   775   907 W EMDLOGGER1: MDCommEngine.resume: not paused
01-10 13:52:11.020762   775   907 D EMDLOGGER1: resumeLogging: MD engine success to resume log.
01-10 13:52:11.020993  2141  2301 I MTKLogger/MultiModemLog: -->dealWithResponse(), resp=start,2,2,1
01-10 13:52:11.021217  2141  2302 I MTKLogger: isAutoTest()-> Monkey running flag is false
01-10 13:52:11.021990   775   907 I EMDLOGGER1: mdlogger send ACK start,2,2,1
01-10 13:52:11.021987  2141  2295 I MTKLogger/MultiModemLog: Handle receive message, what=25, msg.arg1=[9]
01-10 13:52:11.022551  2141  2302 I MTKLogger: isAutoTest()-> isUserAMonkey=true
01-10 13:52:11.022821  2141  2302 W MTKLogger/LogInstance: Too frequent status bar update request, slow down.
01-10 13:52:11.023540  2141  2295 I MTKLogger/MultiModemLog: -->notifyServiceStatus(), status=1,  reason=[], mStartStopModemTimes = 1
01-10 13:52:11.024762  2141  2295 I MTKLogger: isAutoTest()-> Monkey running flag is false
01-10 13:52:11.026139  2141  2295 I MTKLogger: isAutoTest()-> isUserAMonkey=true
01-10 13:52:11.026341  2141  2295 W MTKLogger/LogInstance: Too frequent status bar update request, slow down.
01-10 13:52:11.026937  2141  2171 I MTKLogger/MTKLoggerService:  mNativeStateHandler receive message, what=4, arg1=2, arg2=1
01-10 13:52:11.081526  2141  2157 I MTKLogger/MTKLoggerService: <--startRecordingDone(), startTime=14800, result=true
01-10 13:52:11.258800   551   922 E lsc_nvram: [do_mkdir] fail to mkdir [/data/shading_otp]: 13[Permission denied] (do_mkdir){#65:vendor/mediatek/proprietary/hardware/mtkcam/aaa/source/mt6763/lsc_mgr/LscUtil.h}
01-10 13:52:11.257000   551   551 W HwBinder:551_2: type=1400 audit(0.0:109): avc: denied { add_name } for name="shading_otp" scontext=u:r:mtk_hal_camera:s0 tcontext=u:object_r:system_data_file:s0 tclass=dir permissive=0
01-10 13:52:11.519443  2891  2891 I Monkey  : :Sending Key (ACTION_DOWN): 23    // KEYCODE_DPAD_CENTER
01-10 13:52:11.523429   986  1173 D WindowManager: interceptKeyTq keycode=23 interactive=true keyguardActive=true policyFlags=2b000000
01-10 13:52:11.524728   986  1071 D WindowManager: interceptKeyTi keyCode=23 down=true repeatCount=0 keyguardOn=true mHomePressed=false canceled=false metaState:0
01-10 13:52:11.527820  2891  2891 I Monkey  : :Sending Key (ACTION_UP): 23    // KEYCODE_DPAD_CENTER
01-10 13:52:11.529214   986  1050 D WindowManager: interceptKeyTq keycode=23 interactive=true keyguardActive=true policyFlags=2b000000
01-10 13:52:11.530234   986  1071 D WindowManager: interceptKeyTi keyCode=23 down=false repeatCount=0 keyguardOn=true mHomePressed=false canceled=false metaState:0
01-10 13:52:11.534808  2891  2891 I Monkey  : Sleeping for 1000 milliseconds
01-10 13:52:11.557738   401  1624 I BufferQueueProducer: [StatusBar#0](this:0x7300cf4800,id:3,api:1,p:1126,c:401) queueBuffer: fps=0.26 dur=11483.62 max=11435.47 min=14.01
01-10 13:52:11.567349   401   401 I DisplayDevice: [Built-in Screen (type:0)] fps:9.059204,dur:1435.00,max:765.10,min:2.14
01-10 13:52:12.029253  2141  2141 I MTKLogger/LogInstance: -->showLogStatusInNotificationBar(), enable?true, title=MTKLogger 正在运行, summary=Mobile log, Modem log, Network log 已打开., tickerText=Mobile log, Modem log, Network log 已打开., icon=2130837539
01-10 13:52:12.029823  2141  2141 I MTKLogger: isAutoTest()-> Monkey running flag is false
01-10 13:52:12.030990  2141  2141 I MTKLogger: isAutoTest()-> isUserAMonkey=true
01-10 13:52:12.033003  2141  2141 I MTKLogger: isAutoTest()-> Monkey running flag is false
01-10 13:52:12.034205  2141  2141 I MTKLogger: isAutoTest()-> isUserAMonkey=true
01-10 13:52:12.034404  2141  2141 E MTKLogger/LogInstance: Could not find MTKLogger settings page.
01-10 13:52:12.034631  2141  2141 I MTKLogger/LogInstance: Give service foreground priority since log is on
01-10 13:52:12.050072  1126  1126 D StatusBar: onNotificationPosted: StatusBarNotification(pkg=com.mediatek.mtklogger user=UserHandle{0} id=2130837539 tag=null key=0|com.mediatek.mtklogger|2130837539|null|10049: Notification(channel=null pri=0 contentView=null vibrate=null sound=null tick defaults=0x0 flags=0x62 color=0x00000000 vis=PRIVATE))
01-10 13:52:12.058171  1126  1126 D StatusBar: No peeking: unimportant notification: 0|com.mediatek.mtklogger|2130837539|null|10049
01-10 13:52:12.259560   551   922 E lsc_nvram: [do_mkdir] fail to mkdir [/data/shading_otp]: 13[Permission denied] (do_mkdir){#65:vendor/mediatek/proprietary/hardware/mtkcam/aaa/source/mt6763/lsc_mgr/LscUtil.h}
01-10 13:52:12.257000   551   551 W HwBinder:551_2: type=1400 audit(0.0:110): avc: denied { add_name } for name="shading_otp" scontext=u:r:mtk_hal_camera:s0 tcontext=u:object_r:system_data_file:s0 tclass=dir permissive=0
01-10 13:52:12.536596  2891  2891 I Monkey  : :Sending Key (ACTION_DOWN): 82    // KEYCODE_MENU
01-10 13:52:12.538560   986  1173 D WindowManager: interceptKeyTq keycode=82 interactive=true keyguardActive=true policyFlags=2b000000
01-10 13:52:12.539242   986  1071 D WindowManager: interceptKeyTi keyCode=82 down=true repeatCount=0 keyguardOn=true mHomePressed=false canceled=false metaState:0
01-10 13:52:12.542137  2891  2891 I Monkey  : :Sending Key (ACTION_UP): 82    // KEYCODE_MENU
01-10 13:52:12.543675   986  1173 D WindowManager: interceptKeyTq keycode=82 interactive=true keyguardActive=true policyFlags=2b000000
01-10 13:52:12.544052   986  1071 D WindowManager: interceptKeyTi keyCode=82 down=false repeatCount=0 keyguardOn=true mHomePressed=false canceled=false metaState:0
01-10 13:52:12.546498  2891  2891 I Monkey  : Sleeping for 1000 milliseconds
01-10 13:52:12.606307   401   519 I BufferQueueProducer: [StatusBar#0](this:0x7300cf4800,id:3,api:1,p:1126,c:401) queueBuffer: fps=10.49 dur=1048.76 max=476.41 min=13.01
01-10 13:52:12.627439   401   401 I DisplayDevice: [Built-in Screen (type:0)] fps:10.376633,dur:1060.07,max:478.37,min:15.09
01-10 13:52:12.648582  1126  1126 I zygote64: Deoptimizing void com.android.systemui.statusbar.stack.NotificationStackScrollLayout.updateBackgroundBounds() due to JIT inline cache
01-10 13:52:12.786574   986  1173 E TouchFilter: setTouchFilter LOG Enable prameter: 0
01-10 13:52:12.786739   986  1173 D EventHub: Event Hub Touch Filter log is disabled
01-10 13:52:12.786806   986  1173 D EventHub: Event Hub Touch Filter is enabled
01-10 13:52:12.795457  1126  1126 D StatusBar: disable<e i a s b H R c s q >
01-10 13:52:12.851818  1126  1126 D StatusBarKeyguardViewManager: dismiss(authenticated = false) is called.
01-10 13:52:12.852020  1126  1126 D VoiceWakeupManagerProxy: getInstance(...) is called.
01-10 13:52:12.854067  1126  1126 D AntiTheftManager: getCurrentAntiTheftMode() is called.
01-10 13:52:12.854406  1126  1126 D KeyguardSecurityView: showNext.. mCurrentSecuritySelection = None
01-10 13:52:12.854729  1126  1126 D KeyguardSecurityModel: isPinPukOrMeRequiredOfSubId() - phoneId = 0, simState = ABSENT
01-10 13:52:12.854822  1126  1126 D AntiTheftManager: getCurrentAntiTheftMode() is called.
01-10 13:52:12.854910  1126  1126 D KeyguardSecurityModel: mode current =None
01-10 13:52:12.856151  1126  1126 D KeyguardViewMediator: updateNavbarStatus() is called.
01-10 13:52:12.856510  1126  1126 D VoiceWakeupManagerProxy: getInstance(...) is called.
01-10 13:52:12.858579  1126  1126 D KeyguardViewMediator: handleKeyguardDone before check remote lock
01-10 13:52:12.862374   397   414 I vendor.mediatek.hardware.power@1.1-impl: notifyAppState pack:com.android.mms, act:com.android.mms.ui.ConversationList, pid:2339, state:1
01-10 13:52:12.873302  1126  1126 D KeyguardSecurityView: finish 
01-10 13:52:12.873797  1126  1126 D StatusBar: disable<e i a s b H R c s q >
01-10 13:52:12.890374  2339  2339 I ConversationList: [Performance test][Mms] loading data start time [1578635532890]
01-10 13:52:12.892077  2339  2339 D ConversationList: DraftManager.sEditingThread = Empty
