01-10 14:03:49.553926  1304  1304 D MTKSST  : [CdmaLteSST0] old:{level:0, raw:SignalStrength: 99 -1 -120 -160 -120 -1 -1 99 2147483647 2147483647 2147483647 2147483647 0 -52 cdma}, new:{level:0, raw:SignalStrength: 99 -1 -120 -160 -120 -1 -1 99 2147483647 2147483647 2147483647 2147483647 0 -53 cdma}
01-10 14:03:52.382842   908  4295 I RilClient: initialize: commandFd is 0
01-10 14:03:52.384264   908  4311 I RilOemClient: NUMBER:1
01-10 14:03:52.384593   908  4311 I RilOemClient: arg len:14
01-10 14:03:52.384737   908  4311 I RilOemClient: ARGS[0]:THERMAL,0,-1
01-10 14:03:52.384934   908  4311 I RilOemClient: executeThermal
01-10 14:03:52.385170   908  4311 D RilOemClient: Thermal line = THERMAL,0,-1
01-10 14:03:52.385170   908  4311 D RilOemClient: , cmd:THERMAL, slotId:0, targetSim: 0
01-10 14:03:52.385294   908  4311 I RilOemClient: arg : -1
01-10 14:03:52.387775   908   956 D RmcOemRequestHandler: [0] onHandleRequest: RFX_MSG_REQUEST_QUERY_MODEM_THERMAL(55019)
01-10 14:03:52.387941   908   956 I RmcOemRequestHandler: requestQueryThermal Enter: -1
01-10 14:03:52.388067   908   956 I AT      : [0] AT> AT+ETHERMAL (RIL_CMD_READER_1, tid:541379884272)
01-10 14:03:52.400193   908   955 I AT      : [0] AT< +ETHERMAL: 2, 32767, -127, -23614, 32767, 8 (RIL_CMD_READER_1, tid:541380920560)
01-10 14:03:52.400827   908   955 I AT      : [0] AT< OK (RIL_CMD_READER_1, tid:541380920560)
01-10 14:03:52.401177   908   956 I RmcOemRequestHandler: requestQueryThermal success
01-10 14:03:52.402668   908   947 D RtcRilClientController: client 1001 handle requestComplete
01-10 14:03:52.402828   908   947 I RilOemClient: request for THERMAL returned
01-10 14:03:52.402935   908   947 I RilOemClient: mThermalFd is valid strResult is  2, 32767, -127, -23614, 32767, 8
01-10 14:03:52.404228   908  4312 D RilOemClient: stream null here
01-10 14:03:52.405656   908  4313 I RilClient: start listen on fd: 11, soicket name: rild-oem
01-10 14:03:54.669014   908   953 I AT      : [0] AT< +ECSQ: 68,43,1,-210,-11,1,1,4,32767,1 (RIL_URC_READER, tid:541386102000)
01-10 14:03:54.671200   908   954 D RmcNwHdlr: [0] handleSignalStrength, sig1:99, sig2:-1, cdma_dbm:-1, cdma_ecio:-1, evdo_dbm:-1,evdo_ecio:-1, evdo_snr:-1, lte_sig:99, lte_rsrp:2147483647, lte_rsrq:2147483647, lte_rssnr:2147483647, lte_cqi:2147483647,lte_timing_advance:2147483647, td_scdma_rscp:52
01-10 14:03:54.674485  1304  1304 D MTKSST  : [CdmaLteSST0] old:{level:0, raw:SignalStrength: 99 -1 -120 -160 -120 -1 -1 99 2147483647 2147483647 2147483647 2147483647 0 -53 cdma}, new:{level:0, raw:SignalStrength: 99 -1 -120 -160 -120 -1 -1 99 2147483647 2147483647 2147483647 2147483647 0 -52 cdma}
01-10 14:03:58.642181   561  1153 E RPC     : entry g_lowpower_mode
01-10 14:03:59.790525   908   953 I AT      : [0] AT< +ECSQ: 67,42,1,-213,-14,1,1,4,32767,1 (RIL_URC_READER, tid:541386102000)
01-10 14:03:59.792533   908   954 D RmcNwHdlr: [0] handleSignalStrength, sig1:99, sig2:-1, cdma_dbm:-1, cdma_ecio:-1, evdo_dbm:-1,evdo_ecio:-1, evdo_snr:-1, lte_sig:99, lte_rsrp:2147483647, lte_rsrq:2147483647, lte_rssnr:2147483647, lte_cqi:2147483647,lte_timing_advance:2147483647, td_scdma_rscp:53
01-10 14:03:59.796134  1304  1304 D MTKSST  : [CdmaLteSST0] old:{level:0, raw:SignalStrength: 99 -1 -120 -160 -120 -1 -1 99 2147483647 2147483647 2147483647 2147483647 0 -52 cdma}, new:{level:0, raw:SignalStrength: 99 -1 -120 -160 -120 -1 -1 99 2147483647 2147483647 2147483647 2147483647 0 -53 cdma}
01-10 14:04:02.411333   908  4313 I RilClient: initialize: commandFd is 71
01-10 14:04:02.413145   908  4330 I RilOemClient: NUMBER:1
01-10 14:04:02.413598   908  4330 I RilOemClient: arg len:14
01-10 14:04:02.413763   908  4330 I RilOemClient: ARGS[0]:THERMAL,0,-1
01-10 14:04:02.413946   908  4330 I RilOemClient: executeThermal
01-10 14:04:02.414189   908  4330 D RilOemClient: Thermal line = THERMAL,0,-1
01-10 14:04:02.414189   908  4330 D RilOemClient: , cmd:THERMAL, slotId:0, targetSim: 0
01-10 14:04:02.414318   908  4330 I RilOemClient: arg : -1
01-10 14:04:02.417155   908   956 D RmcOemRequestHandler: [0] onHandleRequest: RFX_MSG_REQUEST_QUERY_MODEM_THERMAL(55019)
01-10 14:04:02.417324   908   956 I RmcOemRequestHandler: requestQueryThermal Enter: -1
01-10 14:04:02.417518   908   956 I AT      : [0] AT> AT+ETHERMAL (RIL_CMD_READER_1, tid:541379884272)
01-10 14:04:02.429907   908   955 I AT      : [0] AT< +ETHERMAL: 2, 32767, -127, 2029, 32767, 8 (RIL_CMD_READER_1, tid:541380920560)
01-10 14:04:02.430787   908   955 I AT      : [0] AT< OK (RIL_CMD_READER_1, tid:541380920560)
01-10 14:04:02.431322   908   956 I RmcOemRequestHandler: requestQueryThermal success
01-10 14:04:02.432657   908   947 D RtcRilClientController: client 1001 handle requestComplete
01-10 14:04:02.432805   908   947 I RilOemClient: request for THERMAL returned
01-10 14:04:02.432911   908   947 I RilOemClient: mThermalFd is valid strResult is  2, 32767, -127, 2029, 32767, 8
01-10 14:04:02.434353   908  4331 D RilOemClient: stream null here
01-10 14:04:02.435723   908  4332 I RilClient: start listen on fd: 11, soicket name: rild-oem
01-10 14:04:04.902356   908   953 I AT      : [0] AT< +ECSQ: 68,44,1,-209,-10,1,1,4,32767,1 (RIL_URC_READER, tid:541386102000)
01-10 14:04:04.904971   908   954 D RmcNwHdlr: [0] handleSignalStrength, sig1:99, sig2:-1, cdma_dbm:-1, cdma_ecio:-1, evdo_dbm:-1,evdo_ecio:-1, evdo_snr:-1, lte_sig:99, lte_rsrp:2147483647, lte_rsrq:2147483647, lte_rssnr:2147483647, lte_cqi:2147483647,lte_timing_advance:2147483647, td_scdma_rscp:52
01-10 14:04:04.908259  1304  1304 D MTKSST  : [CdmaLteSST0] old:{level:0, raw:SignalStrength: 99 -1 -120 -160 -120 -1 -1 99 2147483647 2147483647 2147483647 2147483647 0 -53 cdma}, new:{level:0, raw:SignalStrength: 99 -1 -120 -160 -120 -1 -1 99 2147483647 2147483647 2147483647 2147483647 0 -52 cdma}
01-10 14:04:10.023975   908   953 I AT      : [0] AT< +ECSQ: 68,42,1,-210,-13,1,1,4,32767,1 (RIL_URC_READER, tid:541386102000)
01-10 14:04:12.441261   908  4332 I RilClient: initialize: commandFd is 0
01-10 14:04:12.445168   908  4346 I RilOemClient: NUMBER:1
01-10 14:04:12.448708   908  4346 I RilOemClient: arg len:14
01-10 14:04:12.448878   908  4346 I RilOemClient: ARGS[0]:THERMAL,0,-1
01-10 14:04:12.448990   908  4346 I RilOemClient: executeThermal
01-10 14:04:12.449148   908  4346 D RilOemClient: Thermal line = THERMAL,0,-1
01-10 14:04:12.449148   908  4346 D RilOemClient: , cmd:THERMAL, slotId:0, targetSim: 0
01-10 14:04:12.449198   908  4346 I RilOemClient: arg : -1
01-10 14:04:12.451275   908   956 D RmcOemRequestHandler: [0] onHandleRequest: RFX_MSG_REQUEST_QUERY_MODEM_THERMAL(55019)
01-10 14:04:12.451381   908   956 I RmcOemRequestHandler: requestQueryThermal Enter: -1
01-10 14:04:12.451457   908   956 I AT      : [0] AT> AT+ETHERMAL (RIL_CMD_READER_1, tid:541379884272)
01-10 14:04:12.462058   908   955 I AT      : [0] AT< +ETHERMAL: 2, 32767, -127, 27726, 32767, 8 (RIL_CMD_READER_1, tid:541380920560)
01-10 14:04:12.462553   908   955 I AT      : [0] AT< OK (RIL_CMD_READER_1, tid:541380920560)
01-10 14:04:12.462772   908   956 I RmcOemRequestHandler: requestQueryThermal success
01-10 14:04:12.463419   908   947 D RtcRilClientController: client 1001 handle requestComplete
01-10 14:04:12.463503   908   947 I RilOemClient: request for THERMAL returned
01-10 14:04:12.463556   908   947 I RilOemClient: mThermalFd is valid strResult is  2, 32767, -127, 27726, 32767, 8
01-10 14:04:12.466589   908  4347 D RilOemClient: stream null here
01-10 14:04:12.473677   908  4348 I RilClient: start listen on fd: 11, soicket name: rild-oem
01-10 14:04:15.145055   908   953 I AT      : [0] AT< +ECSQ: 69,42,1,-207,-13,1,1,4,32767,1 (RIL_URC_READER, tid:541386102000)
01-10 14:04:15.147041   908   954 D RmcNwHdlr: [0] handleSignalStrength, sig1:99, sig2:-1, cdma_dbm:-1, cdma_ecio:-1, evdo_dbm:-1,evdo_ecio:-1, evdo_snr:-1, lte_sig:99, lte_rsrp:2147483647, lte_rsrq:2147483647, lte_rssnr:2147483647, lte_cqi:2147483647,lte_timing_advance:2147483647, td_scdma_rscp:51
01-10 14:04:15.150571  1304  1304 D MTKSST  : [CdmaLteSST0] old:{level:0, raw:SignalStrength: 99 -1 -120 -160 -120 -1 -1 99 2147483647 2147483647 2147483647 2147483647 0 -52 cdma}, new:{level:0, raw:SignalStrength: 99 -1 -120 -160 -120 -1 -1 99 2147483647 2147483647 2147483647 2147483647 0 -51 cdma}
01-10 14:04:20.265849   908   953 I AT      : [0] AT< +ECSQ: 69,43,1,-206,-11,1,1,4,32767,1 (RIL_URC_READER, tid:541386102000)
01-10 14:04:22.473932   908  4348 I RilClient: initialize: commandFd is 71
01-10 14:04:22.476149   908  4365 I RilOemClient: NUMBER:1
01-10 14:04:22.476513   908  4365 I RilOemClient: arg len:14
01-10 14:04:22.477361   908  4365 I RilOemClient: ARGS[0]:THERMAL,0,-1
01-10 14:04:22.477703   908  4365 I RilOemClient: executeThermal
01-10 14:04:22.477941   908  4365 D RilOemClient: Thermal line = THERMAL,0,-1
01-10 14:04:22.477941   908  4365 D RilOemClient: , cmd:THERMAL, slotId:0, targetSim: 0
01-10 14:04:22.478028   908  4365 I RilOemClient: arg : -1
01-10 14:04:22.480851   908   956 D RmcOemRequestHandler: [0] onHandleRequest: RFX_MSG_REQUEST_QUERY_MODEM_THERMAL(55019)
01-10 14:04:22.481064   908   956 I RmcOemRequestHandler: requestQueryThermal Enter: -1
01-10 14:04:22.481862   908   956 I AT      : [0] AT> AT+ETHERMAL (RIL_CMD_READER_1, tid:541379884272)
01-10 14:04:22.495366   908   955 I AT      : [0] AT< +ETHERMAL: 2, 32767, -127, -12151, 32767, 8 (RIL_CMD_READER_1, tid:541380920560)
01-10 14:04:22.495605   908   955 I AT      : [0] AT< OK (RIL_CMD_READER_1, tid:541380920560)
01-10 14:04:22.495954   908   956 I RmcOemRequestHandler: requestQueryThermal success
01-10 14:04:22.497298   908   947 D RtcRilClientController: client 1001 handle requestComplete
01-10 14:04:22.497647   908   947 I RilOemClient: request for THERMAL returned
01-10 14:04:22.497773   908   947 I RilOemClient: mThermalFd is valid strResult is  2, 32767, -127, -12151, 32767, 8
01-10 14:04:22.499953   908  4366 D RilOemClient: stream null here
01-10 14:04:22.503511   908  4367 I RilClient: start listen on fd: 11, soicket name: rild-oem
01-10 14:04:25.386928   908   953 I AT      : [0] AT< +ECSQ: 69,44,1,-205,-10,1,1,4,32767,1 (RIL_URC_READER, tid:541386102000)
01-10 14:04:30.508622   908   953 I AT      : [0] AT< +ECSQ: 69,43,1,-208,-12,1,1,4,32767,1 (RIL_URC_READER, tid:541386102000)
01-10 14:04:30.510795   908   954 D RmcNwHdlr: [0] handleSignalStrength, sig1:99, sig2:-1, cdma_dbm:-1, cdma_ecio:-1, evdo_dbm:-1,evdo_ecio:-1, evdo_snr:-1, lte_sig:99, lte_rsrp:2147483647, lte_rsrq:2147483647, lte_rssnr:2147483647, lte_cqi:2147483647,lte_timing_advance:2147483647, td_scdma_rscp:52
01-10 14:04:30.514380  1304  1304 D MTKSST  : [CdmaLteSST0] old:{level:0, raw:SignalStrength: 99 -1 -120 -160 -120 -1 -1 99 2147483647 2147483647 2147483647 2147483647 0 -51 cdma}, new:{level:0, raw:SignalStrength: 99 -1 -120 -160 -120 -1 -1 99 2147483647 2147483647 2147483647 2147483647 0 -52 cdma}
01-10 14:04:32.503641   908  4367 I RilClient: initialize: commandFd is 0
01-10 14:04:32.505386   908  4383 I RilOemClient: NUMBER:1
01-10 14:04:32.505918   908  4383 I RilOemClient: arg len:14
01-10 14:04:32.506063   908  4383 I RilOemClient: ARGS[0]:THERMAL,0,-1
01-10 14:04:32.506242   908  4383 I RilOemClient: executeThermal
01-10 14:04:32.506481   908  4383 D RilOemClient: Thermal line = THERMAL,0,-1
01-10 14:04:32.506481   908  4383 D RilOemClient: , cmd:THERMAL, slotId:0, targetSim: 0
01-10 14:04:32.506603   908  4383 I RilOemClient: arg : -1
01-10 14:04:32.508976   908   956 D RmcOemRequestHandler: [0] onHandleRequest: RFX_MSG_REQUEST_QUERY_MODEM_THERMAL(55019)
01-10 14:04:32.509143   908   956 I RmcOemRequestHandler: requestQueryThermal Enter: -1
01-10 14:04:32.509263   908   956 I AT      : [0] AT> AT+ETHERMAL (RIL_CMD_READER_1, tid:541379884272)
01-10 14:04:32.522116   908   955 I AT      : [0] AT< +ETHERMAL: 2, 32767, -127, 13455, 32767, 8 (RIL_CMD_READER_1, tid:541380920560)
01-10 14:04:32.522763   908   955 I AT      : [0] AT< OK (RIL_CMD_READER_1, tid:541380920560)
01-10 14:04:32.523119   908   956 I RmcOemRequestHandler: requestQueryThermal success
01-10 14:04:32.524280   908   947 D RtcRilClientController: client 1001 handle requestComplete
01-10 14:04:32.524429   908   947 I RilOemClient: request for THERMAL returned
01-10 14:04:32.524532   908   947 I RilOemClient: mThermalFd is valid strResult is  2, 32767, -127, 13455, 32767, 8
01-10 14:04:32.526549   908  4384 D RilOemClient: stream null here
01-10 14:04:32.528046   908  4385 I RilClient: start listen on fd: 11, soicket name: rild-oem
01-10 14:04:35.629386   908   953 I AT      : [0] AT< +ECSQ: 68,42,1,-209,-13,1,1,4,32767,1 (RIL_URC_READER, tid:541386102000)
01-10 14:04:40.751426   908   953 I AT      : [0] AT< +ECSQ: 69,43,1,-208,-12,1,1,4,32767,1 (RIL_URC_READER, tid:541386102000)
01-10 14:04:42.532905   908  4385 I RilClient: initialize: commandFd is 71
01-10 14:04:42.539393   908  4401 I RilOemClient: NUMBER:1
01-10 14:04:42.540102   908  4401 I RilOemClient: arg len:14
01-10 14:04:42.541329   908  4401 I RilOemClient: ARGS[0]:THERMAL,0,-1
01-10 14:04:42.541936   908  4401 I RilOemClient: executeThermal
01-10 14:04:42.542247   908  4401 D RilOemClient: Thermal line = THERMAL,0,-1
01-10 14:04:42.542247   908  4401 D RilOemClient: , cmd:THERMAL, slotId:0, targetSim: 0
01-10 14:04:42.542392   908  4401 I RilOemClient: arg : -1
01-10 14:04:42.545321   908   956 D RmcOemRequestHandler: [0] onHandleRequest: RFX_MSG_REQUEST_QUERY_MODEM_THERMAL(55019)
01-10 14:04:42.545621   908   956 I RmcOemRequestHandler: requestQueryThermal Enter: -1
01-10 14:04:42.545756   908   956 I AT      : [0] AT> AT+ETHERMAL (RIL_CMD_READER_1, tid:541379884272)
01-10 14:04:42.559169   908   955 I AT      : [0] AT< +ETHERMAL: 2, 32767, -127, -26330, 32767, 8 (RIL_CMD_READER_1, tid:541380920560)
01-10 14:04:42.559393   908   955 I AT      : [0] AT< OK (RIL_CMD_READER_1, tid:541380920560)
01-10 14:04:42.559695   908   956 I RmcOemRequestHandler: requestQueryThermal success
01-10 14:04:42.560850   908   947 D RtcRilClientController: client 1001 handle requestComplete
01-10 14:04:42.560990   908   947 I RilOemClient: request for THERMAL returned
01-10 14:04:42.561093   908   947 I RilOemClient: mThermalFd is valid strResult is  2, 32767, -127, -26330, 32767, 8
01-10 14:04:42.562251   908  4402 D RilOemClient: stream null here
01-10 14:04:42.563536   908  4403 I RilClient: start listen on fd: 11, soicket name: rild-oem
01-10 14:04:44.458283   561  1997 E RPC     : entry g_lowpower_mode
01-10 14:04:45.878808   908   953 I AT      : [0] AT< +ECSQ: 69,43,1,-206,-11,1,1,4,32767,1 (RIL_URC_READER, tid:541386102000)
01-10 14:04:45.881089   908   954 D RmcNwHdlr: [0] handleSignalStrength, sig1:99, sig2:-1, cdma_dbm:-1, cdma_ecio:-1, evdo_dbm:-1,evdo_ecio:-1, evdo_snr:-1, lte_sig:99, lte_rsrp:2147483647, lte_rsrq:2147483647, lte_rssnr:2147483647, lte_cqi:2147483647,lte_timing_advance:2147483647, td_scdma_rscp:51
01-10 14:04:45.884261  1304  1304 D MTKSST  : [CdmaLteSST0] old:{level:0, raw:SignalStrength: 99 -1 -120 -160 -120 -1 -1 99 2147483647 2147483647 2147483647 2147483647 0 -52 cdma}, new:{level:0, raw:SignalStrength: 99 -1 -120 -160 -120 -1 -1 99 2147483647 2147483647 2147483647 2147483647 0 -51 cdma}
01-10 14:04:50.983582   908   953 I AT      : [0] AT< +ECSQ: 69,43,1,-207,-12,1,1,4,32767,1 (RIL_URC_READER, tid:541386102000)
01-10 14:04:52.569608   908  4403 I RilClient: initialize: commandFd is 0
01-10 14:04:52.571407   908  4420 I RilOemClient: NUMBER:1
01-10 14:04:52.571735   908  4420 I RilOemClient: arg len:14
01-10 14:04:52.571877   908  4420 I RilOemClient: ARGS[0]:THERMAL,0,-1
01-10 14:04:52.572065   908  4420 I RilOemClient: executeThermal
01-10 14:04:52.572309   908  4420 D RilOemClient: Thermal line = THERMAL,0,-1
01-10 14:04:52.572309   908  4420 D RilOemClient: , cmd:THERMAL, slotId:0, targetSim: 0
01-10 14:04:52.572432   908  4420 I RilOemClient: arg : -1
01-10 14:04:52.574894   908   956 D RmcOemRequestHandler: [0] onHandleRequest: RFX_MSG_REQUEST_QUERY_MODEM_THERMAL(55019)
01-10 14:04:52.575075   908   956 I RmcOemRequestHandler: requestQueryThermal Enter: -1
01-10 14:04:52.575192   908   956 I AT      : [0] AT> AT+ETHERMAL (RIL_CMD_READER_1, tid:541379884272)
01-10 14:04:52.586978   908   955 I AT      : [0] AT< +ETHERMAL: 2, 32767, -127, -696, 32767, 8 (RIL_CMD_READER_1, tid:541380920560)
01-10 14:04:52.587802   908   955 I AT      : [0] AT< OK (RIL_CMD_READER_1, tid:541380920560)
01-10 14:04:52.588148   908   956 I RmcOemRequestHandler: requestQueryThermal success
01-10 14:04:52.589304   908   947 D RtcRilClientController: client 1001 handle requestComplete
01-10 14:04:52.589549   908   947 I RilOemClient: request for THERMAL returned
01-10 14:04:52.589658   908   947 I RilOemClient: mThermalFd is valid strResult is  2, 32767, -127, -696, 32767, 8
01-10 14:04:52.592127   908  4421 D RilOemClient: stream null here
01-10 14:04:52.593583   908  4422 I RilClient: start listen on fd: 11, soicket name: rild-oem
01-10 14:04:56.104369   908   953 I AT      : [0] AT< +ECSQ: 69,43,1,-208,-11,1,1,4,32767,1 (RIL_URC_READER, tid:541386102000)
01-10 14:04:56.106636   908   954 D RmcNwHdlr: [0] handleSignalStrength, sig1:99, sig2:-1, cdma_dbm:-1, cdma_ecio:-1, evdo_dbm:-1,evdo_ecio:-1, evdo_snr:-1, lte_sig:99, lte_rsrp:2147483647, lte_rsrq:2147483647, lte_rssnr:2147483647, lte_cqi:2147483647,lte_timing_advance:2147483647, td_scdma_rscp:52
01-10 14:04:56.109759  1304  1304 D MTKSST  : [CdmaLteSST0] old:{level:0, raw:SignalStrength: 99 -1 -120 -160 -120 -1 -1 99 2147483647 2147483647 2147483647 2147483647 0 -51 cdma}, new:{level:0, raw:SignalStrength: 99 -1 -120 -160 -120 -1 -1 99 2147483647 2147483647 2147483647 2147483647 0 -52 cdma}
01-10 14:04:58.701915   561  1153 E RPC     : entry g_lowpower_mode
01-10 14:05:01.225764   908   953 I AT      : [0] AT< +ECSQ: 68,43,1,-209,-12,1,1,4,32767,1 (RIL_URC_READER, tid:541386102000)
01-10 14:05:02.595253   908  4422 I RilClient: initialize: commandFd is 71
01-10 14:05:02.596764   908  4438 I RilOemClient: NUMBER:1
01-10 14:05:02.597101   908  4438 I RilOemClient: arg len:14
01-10 14:05:02.597243   908  4438 I RilOemClient: ARGS[0]:THERMAL,0,-1
01-10 14:05:02.597381   908  4438 I RilOemClient: executeThermal
01-10 14:05:02.597709   908  4438 D RilOemClient: Thermal line = THERMAL,0,-1
01-10 14:05:02.597709   908  4438 D RilOemClient: , cmd:THERMAL, slotId:0, targetSim: 0
01-10 14:05:02.597862   908  4438 I RilOemClient: arg : -1
01-10 14:05:02.600335   908   956 D RmcOemRequestHandler: [0] onHandleRequest: RFX_MSG_REQUEST_QUERY_MODEM_THERMAL(55019)
01-10 14:05:02.600504   908   956 I RmcOemRequestHandler: requestQueryThermal Enter: -1
01-10 14:05:02.600627   908   956 I AT      : [0] AT> AT+ETHERMAL (RIL_CMD_READER_1, tid:541379884272)
01-10 14:05:02.612683   908   955 I AT      : [0] AT< +ETHERMAL: 2, 32767, -127, 24883, 32767, 8 (RIL_CMD_READER_1, tid:541380920560)
01-10 14:05:02.613276   908   955 I AT      : [0] AT< OK (RIL_CMD_READER_1, tid:541380920560)
01-10 14:05:02.613706   908   956 I RmcOemRequestHandler: requestQueryThermal success
01-10 14:05:02.614865   908   947 D RtcRilClientController: client 1001 handle requestComplete
01-10 14:05:02.615008   908   947 I RilOemClient: request for THERMAL returned
01-10 14:05:02.615110   908   947 I RilOemClient: mThermalFd is valid strResult is  2, 32767, -127, 24883, 32767, 8
01-10 14:05:02.617634   908  4439 D RilOemClient: stream null here
01-10 14:05:02.619172   908  4440 I RilClient: start listen on fd: 11, soicket name: rild-oem
01-10 14:05:06.347871   908   953 I AT      : [0] AT< +ECSQ: 69,43,1,-205,-11,1,1,4,32767,1 (RIL_URC_READER, tid:541386102000)
01-10 14:05:06.350248   908   954 D RmcNwHdlr: [0] handleSignalStrength, sig1:99, sig2:-1, cdma_dbm:-1, cdma_ecio:-1, evdo_dbm:-1,evdo_ecio:-1, evdo_snr:-1, lte_sig:99, lte_rsrp:2147483647, lte_rsrq:2147483647, lte_rssnr:2147483647, lte_cqi:2147483647,lte_timing_advance:2147483647, td_scdma_rscp:51
01-10 14:05:06.354115  1304  1304 D MTKSST  : [CdmaLteSST0] old:{level:0, raw:SignalStrength: 99 -1 -120 -160 -120 -1 -1 99 2147483647 2147483647 2147483647 2147483647 0 -52 cdma}, new:{level:0, raw:SignalStrength: 99 -1 -120 -160 -120 -1 -1 99 2147483647 2147483647 2147483647 2147483647 0 -51 cdma}
01-10 14:05:11.468004   908   953 I AT      : [0] AT< +ECSQ: 68,43,1,-210,-12,1,1,4,32767,1 (RIL_URC_READER, tid:541386102000)
01-10 14:05:11.469928   908   954 D RmcNwHdlr: [0] handleSignalStrength, sig1:99, sig2:-1, cdma_dbm:-1, cdma_ecio:-1, evdo_dbm:-1,evdo_ecio:-1, evdo_snr:-1, lte_sig:99, lte_rsrp:2147483647, lte_rsrq:2147483647, lte_rssnr:2147483647, lte_cqi:2147483647,lte_timing_advance:2147483647, td_scdma_rscp:52
01-10 14:05:11.473092  1304  1304 D MTKSST  : [CdmaLteSST0] old:{level:0, raw:SignalStrength: 99 -1 -120 -160 -120 -1 -1 99 2147483647 2147483647 2147483647 2147483647 0 -51 cdma}, new:{level:0, raw:SignalStrength: 99 -1 -120 -160 -120 -1 -1 99 2147483647 2147483647 2147483647 2147483647 0 -52 cdma}
01-10 14:05:12.619336   908  4440 I RilClient: initialize: commandFd is 0
01-10 14:05:12.621081   908  4457 I RilOemClient: NUMBER:1
01-10 14:05:12.621548   908  4457 I RilOemClient: arg len:14
01-10 14:05:12.621708   908  4457 I RilOemClient: ARGS[0]:THERMAL,0,-1
01-10 14:05:12.621859   908  4457 I RilOemClient: executeThermal
01-10 14:05:12.622123   908  4457 D RilOemClient: Thermal line = THERMAL,0,-1
01-10 14:05:12.622123   908  4457 D RilOemClient: , cmd:THERMAL, slotId:0, targetSim: 0
01-10 14:05:12.622253   908  4457 I RilOemClient: arg : -1
01-10 14:05:12.624739   908   956 D RmcOemRequestHandler: [0] onHandleRequest: RFX_MSG_REQUEST_QUERY_MODEM_THERMAL(55019)
01-10 14:05:12.624916   908   956 I RmcOemRequestHandler: requestQueryThermal Enter: -1
01-10 14:05:12.625039   908   956 I AT      : [0] AT> AT+ETHERMAL (RIL_CMD_READER_1, tid:541379884272)
01-10 14:05:12.637203   908   955 I AT      : [0] AT< +ETHERMAL: 2, 32767, -127, -15090, 32767, 8 (RIL_CMD_READER_1, tid:541380920560)
01-10 14:05:12.639398   908   955 I AT      : [0] AT< OK (RIL_CMD_READER_1, tid:541380920560)
01-10 14:05:12.640161   908   956 I RmcOemRequestHandler: requestQueryThermal success
01-10 14:05:12.641818   908   947 D RtcRilClientController: client 1001 handle requestComplete
01-10 14:05:12.641998   908   947 I RilOemClient: request for THERMAL returned
01-10 14:05:12.642106   908   947 I RilOemClient: mThermalFd is valid strResult is  2, 32767, -127, -15090, 32767, 8
01-10 14:05:12.644235   908  4458 D RilOemClient: stream null here
01-10 14:05:12.646052   908  4459 I RilClient: start listen on fd: 11, soicket name: rild-oem
01-10 14:05:16.589877   908   953 I AT      : [0] AT< +ECSQ: 68,42,1,-211,-13,1,1,4,32767,1 (RIL_URC_READER, tid:541386102000)
01-10 14:05:21.711522   908   953 I AT      : [0] AT< +ECSQ: 68,42,1,-212,-13,1,1,4,32767,1 (RIL_URC_READER, tid:541386102000)
01-10 14:05:21.713280   908   954 D RmcNwHdlr: [0] handleSignalStrength, sig1:99, sig2:-1, cdma_dbm:-1, cdma_ecio:-1, evdo_dbm:-1,evdo_ecio:-1, evdo_snr:-1, lte_sig:99, lte_rsrp:2147483647, lte_rsrq:2147483647, lte_rssnr:2147483647, lte_cqi:2147483647,lte_timing_advance:2147483647, td_scdma_rscp:53
01-10 14:05:21.716112  1304  1304 D MTKSST  : [CdmaLteSST0] old:{level:0, raw:SignalStrength: 99 -1 -120 -160 -120 -1 -1 99 2147483647 2147483647 2147483647 2147483647 0 -52 cdma}, new:{level:0, raw:SignalStrength: 99 -1 -120 -160 -120 -1 -1 99 2147483647 2147483647 2147483647 2147483647 0 -53 cdma}
01-10 14:05:22.651421   908  4459 I RilClient: initialize: commandFd is 71
01-10 14:05:22.652991   908  4475 I RilOemClient: NUMBER:1
01-10 14:05:22.653348   908  4475 I RilOemClient: arg len:14
01-10 14:05:22.653628   908  4475 I RilOemClient: ARGS[0]:THERMAL,0,-1
01-10 14:05:22.653837   908  4475 I RilOemClient: executeThermal
01-10 14:05:22.654112   908  4475 D RilOemClient: Thermal line = THERMAL,0,-1
01-10 14:05:22.654112   908  4475 D RilOemClient: , cmd:THERMAL, slotId:0, targetSim: 0
01-10 14:05:22.654239   908  4475 I RilOemClient: arg : -1
01-10 14:05:22.656902   908   956 D RmcOemRequestHandler: [0] onHandleRequest: RFX_MSG_REQUEST_QUERY_MODEM_THERMAL(55019)
01-10 14:05:22.657077   908   956 I RmcOemRequestHandler: requestQueryThermal Enter: -1
01-10 14:05:22.657196   908   956 I AT      : [0] AT> AT+ETHERMAL (RIL_CMD_READER_1, tid:541379884272)
01-10 14:05:22.669482   908   955 I AT      : [0] AT< +ETHERMAL: 2, 32767, -127, 10588, 32767, 8 (RIL_CMD_READER_1, tid:541380920560)
01-10 14:05:22.670354   908   955 I AT      : [0] AT< OK (RIL_CMD_READER_1, tid:541380920560)
01-10 14:05:22.670699   908   956 I RmcOemRequestHandler: requestQueryThermal success
01-10 14:05:22.671838   908   947 D RtcRilClientController: client 1001 handle requestComplete
01-10 14:05:22.671980   908   947 I RilOemClient: request for THERMAL returned
01-10 14:05:22.672085   908   947 I RilOemClient: mThermalFd is valid strResult is  2, 32767, -127, 10588, 32767, 8
01-10 14:05:22.673350   908  4476 D RilOemClient: stream null here
01-10 14:05:22.674982   908  4477 I RilClient: start listen on fd: 11, soicket name: rild-oem
01-10 14:05:26.821847   908   953 I AT      : [0] AT< +ECSQ: 67,45,1,-213,-7,1,1,4,32767,1 (RIL_URC_READER, tid:541386102000)
01-10 14:05:31.946544   908   953 I AT      : [0] AT< +ECSQ: 67,43,1,-214,-12,1,1,4,32767,1 (RIL_URC_READER, tid:541386102000)
01-10 14:05:32.679556   908  4477 I RilClient: initialize: commandFd is 0
01-10 14:05:32.683647   908  4493 I RilOemClient: NUMBER:1
01-10 14:05:32.684031   908  4493 I RilOemClient: arg len:14
01-10 14:05:32.684325   908  4493 I RilOemClient: ARGS[0]:THERMAL,0,-1
01-10 14:05:32.684529   908  4493 I RilOemClient: executeThermal
01-10 14:05:32.684773   908  4493 D RilOemClient: Thermal line = THERMAL,0,-1
01-10 14:05:32.684773   908  4493 D RilOemClient: , cmd:THERMAL, slotId:0, targetSim: 0
01-10 14:05:32.684898   908  4493 I RilOemClient: arg : -1
01-10 14:05:32.687422   908   956 D RmcOemRequestHandler: [0] onHandleRequest: RFX_MSG_REQUEST_QUERY_MODEM_THERMAL(55019)
01-10 14:05:32.687621   908   956 I RmcOemRequestHandler: requestQueryThermal Enter: -1
01-10 14:05:32.687749   908   956 I AT      : [0] AT> AT+ETHERMAL (RIL_CMD_READER_1, tid:541379884272)
01-10 14:05:32.700324   908   955 I AT      : [0] AT< +ETHERMAL: 2, 32767, -127, -29295, 32767, 8 (RIL_CMD_READER_1, tid:541380920560)
01-10 14:05:32.701234   908   955 I AT      : [0] AT< OK (RIL_CMD_READER_1, tid:541380920560)
01-10 14:05:32.702064   908   956 I RmcOemRequestHandler: requestQueryThermal success
01-10 14:05:32.703575   908   947 D RtcRilClientController: client 1001 handle requestComplete
01-10 14:05:32.703728   908   947 I RilOemClient: request for THERMAL returned
01-10 14:05:32.703832   908   947 I RilOemClient: mThermalFd is valid strResult is  2, 32767, -127, -29295, 32767, 8
01-10 14:05:32.705000   908  4494 D RilOemClient: stream null here
01-10 14:05:32.706600   908  4495 I RilClient: start listen on fd: 11, soicket name: rild-oem
01-10 14:05:37.064879   908   953 I AT      : [0] AT< +ECSQ: 68,43,1,-212,-11,1,1,4,32767,1 (RIL_URC_READER, tid:541386102000)
01-10 14:05:42.185683   908   953 I AT      : [0] AT< +ECSQ: 67,41,1,-215,-15,1,1,4,32767,1 (RIL_URC_READER, tid:541386102000)
01-10 14:05:42.712272   908  4495 I RilClient: initialize: commandFd is 71
01-10 14:05:42.715897   908  4512 I RilOemClient: NUMBER:1
01-10 14:05:42.716434   908  4512 I RilOemClient: arg len:14
01-10 14:05:42.718086   908  4512 I RilOemClient: ARGS[0]:THERMAL,0,-1
01-10 14:05:42.718430   908  4512 I RilOemClient: executeThermal
01-10 14:05:42.718945   908  4512 D RilOemClient: Thermal line = THERMAL,0,-1
01-10 14:05:42.718945   908  4512 D RilOemClient: , cmd:THERMAL, slotId:0, targetSim: 0
01-10 14:05:42.719038   908  4512 I RilOemClient: arg : -1
01-10 14:05:42.720477   908   956 D RmcOemRequestHandler: [0] onHandleRequest: RFX_MSG_REQUEST_QUERY_MODEM_THERMAL(55019)
01-10 14:05:42.720584   908   956 I RmcOemRequestHandler: requestQueryThermal Enter: -1
01-10 14:05:42.720650   908   956 I AT      : [0] AT> AT+ETHERMAL (RIL_CMD_READER_1, tid:541379884272)
01-10 14:05:42.730928   908   955 I AT      : [0] AT< +ETHERMAL: 2, 32767, -127, -3608, 32767, 8 (RIL_CMD_READER_1, tid:541380920560)
01-10 14:05:42.731226   908   955 I AT      : [0] AT< OK (RIL_CMD_READER_1, tid:541380920560)
01-10 14:05:42.731521   908   956 I RmcOemRequestHandler: requestQueryThermal success
01-10 14:05:42.732233   908   947 D RtcRilClientController: client 1001 handle requestComplete
01-10 14:05:42.732313   908   947 I RilOemClient: request for THERMAL returned
01-10 14:05:42.732362   908   947 I RilOemClient: mThermalFd is valid strResult is  2, 32767, -127, -3608, 32767, 8
01-10 14:05:42.733826   908  4513 D RilOemClient: stream null here
01-10 14:05:42.734787   908  4514 I RilClient: start listen on fd: 11, soicket name: rild-oem
01-10 14:05:44.518833   561  1997 E RPC     : entry g_lowpower_mode
01-10 14:05:47.307438   908   953 I AT      : [0] AT< +ECSQ: 67,43,1,-215,-12,1,1,4,32767,1 (RIL_URC_READER, tid:541386102000)
01-10 14:05:52.427986   908   953 I AT      : [0] AT< +ECSQ: 68,43,1,-212,-11,1,1,4,32767,1 (RIL_URC_READER, tid:541386102000)
01-10 14:05:52.739922   908  4514 I RilClient: initialize: commandFd is 0
01-10 14:05:52.742641   908  4530 I RilOemClient: NUMBER:1
01-10 14:05:52.743653   908  4530 I RilOemClient: arg len:14
01-10 14:05:52.744122   908  4530 I RilOemClient: ARGS[0]:THERMAL,0,-1
01-10 14:05:52.744340   908  4530 I RilOemClient: executeThermal
01-10 14:05:52.744660   908  4530 D RilOemClient: Thermal line = THERMAL,0,-1
01-10 14:05:52.744660   908  4530 D RilOemClient: , cmd:THERMAL, slotId:0, targetSim: 0
01-10 14:05:52.744798   908  4530 I RilOemClient: arg : -1
01-10 14:05:52.747630   908   956 D RmcOemRequestHandler: [0] onHandleRequest: RFX_MSG_REQUEST_QUERY_MODEM_THERMAL(55019)
01-10 14:05:52.747860   908   956 I RmcOemRequestHandler: requestQueryThermal Enter: -1
01-10 14:05:52.747988   908   956 I AT      : [0] AT> AT+ETHERMAL (RIL_CMD_READER_1, tid:541379884272)
01-10 14:05:52.761675   908   955 I AT      : [0] AT< +ETHERMAL: 2, 32767, -127, 22026, 32767, 8 (RIL_CMD_READER_1, tid:541380920560)
01-10 14:05:52.762797   908   955 I AT      : [0] AT< OK (RIL_CMD_READER_1, tid:541380920560)
01-10 14:05:52.763458   908   956 I RmcOemRequestHandler: requestQueryThermal success
01-10 14:05:52.765231   908   947 D RtcRilClientController: client 1001 handle requestComplete
01-10 14:05:52.765620   908   947 I RilOemClient: request for THERMAL returned
01-10 14:05:52.765745   908   947 I RilOemClient: mThermalFd is valid strResult is  2, 32767, -127, 22026, 32767, 8
01-10 14:05:52.767038   908  4531 D RilOemClient: stream null here
01-10 14:05:52.768394   908  4532 I RilClient: start listen on fd: 11, soicket name: rild-oem
01-10 14:05:57.549250   908   953 I AT      : [0] AT< +ECSQ: 68,44,1,-211,-10,1,1,4,32767,1 (RIL_URC_READER, tid:541386102000)
01-10 14:05:57.551259   908   954 D RmcNwHdlr: [0] handleSignalStrength, sig1:99, sig2:-1, cdma_dbm:-1, cdma_ecio:-1, evdo_dbm:-1,evdo_ecio:-1, evdo_snr:-1, lte_sig:99, lte_rsrp:2147483647, lte_rsrq:2147483647, lte_rssnr:2147483647, lte_cqi:2147483647,lte_timing_advance:2147483647, td_scdma_rscp:52
01-10 14:05:57.554547  1304  1304 D MTKSST  : [CdmaLteSST0] old:{level:0, raw:SignalStrength: 99 -1 -120 -160 -120 -1 -1 99 2147483647 2147483647 2147483647 2147483647 0 -53 cdma}, new:{level:0, raw:SignalStrength: 99 -1 -120 -160 -120 -1 -1 99 2147483647 2147483647 2147483647 2147483647 0 -52 cdma}
01-10 14:05:58.742316   561  1153 E RPC     : entry g_lowpower_mode
01-10 14:06:02.670430   908   953 I AT      : [0] AT< +ECSQ: 68,43,1,-211,-11,1,1,4,32767,1 (RIL_URC_READER, tid:541386102000)
01-10 14:06:02.774510   908  4532 I RilClient: initialize: commandFd is 71
01-10 14:06:02.776149   908  4550 I RilOemClient: NUMBER:1
01-10 14:06:02.776487   908  4550 I RilOemClient: arg len:14
01-10 14:06:02.776627   908  4550 I RilOemClient: ARGS[0]:THERMAL,0,-1
01-10 14:06:02.776811   908  4550 I RilOemClient: executeThermal
01-10 14:06:02.777077   908  4550 D RilOemClient: Thermal line = THERMAL,0,-1
01-10 14:06:02.777077   908  4550 D RilOemClient: , cmd:THERMAL, slotId:0, targetSim: 0
01-10 14:06:02.777202   908  4550 I RilOemClient: arg : -1
01-10 14:06:02.779900   908   956 D RmcOemRequestHandler: [0] onHandleRequest: RFX_MSG_REQUEST_QUERY_MODEM_THERMAL(55019)
01-10 14:06:02.780074   908   956 I RmcOemRequestHandler: requestQueryThermal Enter: -1
01-10 14:06:02.780191   908   956 I AT      : [0] AT> AT+ETHERMAL (RIL_CMD_READER_1, tid:541379884272)
01-10 14:06:02.792239   908   955 I AT      : [0] AT< +ETHERMAL: 2, 32767, -127, -17853, 32767, 8 (RIL_CMD_READER_1, tid:541380920560)
01-10 14:06:02.792851   908   955 I AT      : [0] AT< OK (RIL_CMD_READER_1, tid:541380920560)
01-10 14:06:02.793191   908   956 I RmcOemRequestHandler: requestQueryThermal success
01-10 14:06:02.794404   908   947 D RtcRilClientController: client 1001 handle requestComplete
01-10 14:06:02.794554   908   947 I RilOemClient: request for THERMAL returned
01-10 14:06:02.794655   908   947 I RilOemClient: mThermalFd is valid strResult is  2, 32767, -127, -17853, 32767, 8
01-10 14:06:02.795910   908  4551 D RilOemClient: stream null here
01-10 14:06:02.797129   908  4552 I RilClient: start listen on fd: 11, soicket name: rild-oem
01-10 14:06:07.782968   908   953 I AT      : [0] AT< +ECSQ: 68,44,1,-211,-10,1,1,4,32767,1 (RIL_URC_READER, tid:541386102000)
01-10 14:06:12.803309   908  4552 I RilClient: initialize: commandFd is 0
01-10 14:06:12.805284   908  4569 I RilOemClient: NUMBER:1
01-10 14:06:12.805728   908  4569 I RilOemClient: arg len:14
01-10 14:06:12.805872   908  4569 I RilOemClient: ARGS[0]:THERMAL,0,-1
01-10 14:06:12.806057   908  4569 I RilOemClient: executeThermal
01-10 14:06:12.806288   908  4569 D RilOemClient: Thermal line = THERMAL,0,-1
01-10 14:06:12.806288   908  4569 D RilOemClient: , cmd:THERMAL, slotId:0, targetSim: 0
01-10 14:06:12.806419   908  4569 I RilOemClient: arg : -1
01-10 14:06:12.808957   908   956 D RmcOemRequestHandler: [0] onHandleRequest: RFX_MSG_REQUEST_QUERY_MODEM_THERMAL(55019)
01-10 14:06:12.809132   908   956 I RmcOemRequestHandler: requestQueryThermal Enter: -1
01-10 14:06:12.809252   908   956 I AT      : [0] AT> AT+ETHERMAL (RIL_CMD_READER_1, tid:541379884272)
01-10 14:06:12.822035   908   955 I AT      : [0] AT< +ETHERMAL: 2, 32767, -127, 7789, 32767, 8 (RIL_CMD_READER_1, tid:541380920560)
01-10 14:06:12.822822   908   955 I AT      : [0] AT< OK (RIL_CMD_READER_1, tid:541380920560)
01-10 14:06:12.823181   908   956 I RmcOemRequestHandler: requestQueryThermal success
01-10 14:06:12.824486   908   947 D RtcRilClientController: client 1001 handle requestComplete
01-10 14:06:12.824631   908   947 I RilOemClient: request for THERMAL returned
01-10 14:06:12.824735   908   947 I RilOemClient: mThermalFd is valid strResult is  2, 32767, -127, 7789, 32767, 8
01-10 14:06:12.827304   908  4570 D RilOemClient: stream null here
01-10 14:06:12.828673   908  4571 I RilClient: start listen on fd: 11, soicket name: rild-oem
01-10 14:06:12.907606   908   953 I AT      : [0] AT< +ECSQ: 67,43,1,-213,-12,1,1,4,32767,1 (RIL_URC_READER, tid:541386102000)
01-10 14:06:12.909811   908   954 D RmcNwHdlr: [0] handleSignalStrength, sig1:99, sig2:-1, cdma_dbm:-1, cdma_ecio:-1, evdo_dbm:-1,evdo_ecio:-1, evdo_snr:-1, lte_sig:99, lte_rsrp:2147483647, lte_rsrq:2147483647, lte_rssnr:2147483647, lte_cqi:2147483647,lte_timing_advance:2147483647, td_scdma_rscp:53
01-10 14:06:12.913307  1304  1304 D MTKSST  : [CdmaLteSST0] old:{level:0, raw:SignalStrength: 99 -1 -120 -160 -120 -1 -1 99 2147483647 2147483647 2147483647 2147483647 0 -52 cdma}, new:{level:0, raw:SignalStrength: 99 -1 -120 -160 -120 -1 -1 99 2147483647 2147483647 2147483647 2147483647 0 -53 cdma}
01-10 14:06:18.025264   908   953 I AT      : [0] AT< +ECSQ: 67,42,1,-215,-13,1,1,4,32767,1 (RIL_URC_READER, tid:541386102000)
01-10 14:06:22.834889   908  4571 I RilClient: initialize: commandFd is 71
01-10 14:06:22.839424   908  4587 I RilOemClient: NUMBER:1
01-10 14:06:22.839820   908  4587 I RilOemClient: arg len:14
01-10 14:06:22.840210   908  4587 I RilOemClient: ARGS[0]:THERMAL,0,-1
01-10 14:06:22.841184   908  4587 I RilOemClient: executeThermal
01-10 14:06:22.841717   908  4587 D RilOemClient: Thermal line = THERMAL,0,-1
01-10 14:06:22.841717   908  4587 D RilOemClient: , cmd:THERMAL, slotId:0, targetSim: 0
01-10 14:06:22.842035   908  4587 I RilOemClient: arg : -1
01-10 14:06:22.845866   908   956 D RmcOemRequestHandler: [0] onHandleRequest: RFX_MSG_REQUEST_QUERY_MODEM_THERMAL(55019)
01-10 14:06:22.846026   908   956 I RmcOemRequestHandler: requestQueryThermal Enter: -1
01-10 14:06:22.846127   908   956 I AT      : [0] AT> AT+ETHERMAL (RIL_CMD_READER_1, tid:541379884272)
01-10 14:06:22.857609   908   955 I AT      : [0] AT< +ETHERMAL: 2, 32767, -127, -32001, 32767, 8 (RIL_CMD_READER_1, tid:541380920560)
01-10 14:06:22.858220   908   955 I AT      : [0] AT< OK (RIL_CMD_READER_1, tid:541380920560)
01-10 14:06:22.858510   908   956 I RmcOemRequestHandler: requestQueryThermal success
01-10 14:06:22.859871   908   947 D RtcRilClientController: client 1001 handle requestComplete
01-10 14:06:22.860017   908   947 I RilOemClient: request for THERMAL returned
01-10 14:06:22.860122   908   947 I RilOemClient: mThermalFd is valid strResult is  2, 32767, -127, -32001, 32767, 8
01-10 14:06:22.862402   908  4588 D RilOemClient: stream null here
01-10 14:06:22.863709   908  4589 I RilClient: start listen on fd: 11, soicket name: rild-oem
01-10 14:06:23.144602   908   953 I AT      : [0] AT< +ECSQ: 67,43,1,-214,-12,1,1,4,32767,1 (RIL_URC_READER, tid:541386102000)
01-10 14:06:28.266565   908   953 I AT      : [0] AT< +ECSQ: 68,43,1,-211,-11,1,1,4,32767,1 (RIL_URC_READER, tid:541386102000)
01-10 14:06:28.268467   908   954 D RmcNwHdlr: [0] handleSignalStrength, sig1:99, sig2:-1, cdma_dbm:-1, cdma_ecio:-1, evdo_dbm:-1,evdo_ecio:-1, evdo_snr:-1, lte_sig:99, lte_rsrp:2147483647, lte_rsrq:2147483647, lte_rssnr:2147483647, lte_cqi:2147483647,lte_timing_advance:2147483647, td_scdma_rscp:52
01-10 14:06:28.271299  1304  1304 D MTKSST  : [CdmaLteSST0] old:{level:0, raw:SignalStrength: 99 -1 -120 -160 -120 -1 -1 99 2147483647 2147483647 2147483647 2147483647 0 -53 cdma}, new:{level:0, raw:SignalStrength: 99 -1 -120 -160 -120 -1 -1 99 2147483647 2147483647 2147483647 2147483647 0 -52 cdma}
01-10 14:06:32.868703   908  4589 I RilClient: initialize: commandFd is 0
01-10 14:06:32.870328   908  4605 I RilOemClient: NUMBER:1
01-10 14:06:32.870698   908  4605 I RilOemClient: arg len:14
01-10 14:06:32.870847   908  4605 I RilOemClient: ARGS[0]:THERMAL,0,-1
01-10 14:06:32.871028   908  4605 I RilOemClient: executeThermal
01-10 14:06:32.871284   908  4605 D RilOemClient: Thermal line = THERMAL,0,-1
01-10 14:06:32.871284   908  4605 D RilOemClient: , cmd:THERMAL, slotId:0, targetSim: 0
01-10 14:06:32.871418   908  4605 I RilOemClient: arg : -1
01-10 14:06:32.874232   908   956 D RmcOemRequestHandler: [0] onHandleRequest: RFX_MSG_REQUEST_QUERY_MODEM_THERMAL(55019)
01-10 14:06:32.874421   908   956 I RmcOemRequestHandler: requestQueryThermal Enter: -1
01-10 14:06:32.874540   908   956 I AT      : [0] AT> AT+ETHERMAL (RIL_CMD_READER_1, tid:541379884272)
01-10 14:06:32.886836   908   955 I AT      : [0] AT< +ETHERMAL: 2, 32767, -127, -6375, 32767, 8 (RIL_CMD_READER_1, tid:541380920560)
01-10 14:06:32.887794   908   955 I AT      : [0] AT< OK (RIL_CMD_READER_1, tid:541380920560)
01-10 14:06:32.888338   908   956 I RmcOemRequestHandler: requestQueryThermal success
01-10 14:06:32.889553   908   947 D RtcRilClientController: client 1001 handle requestComplete
01-10 14:06:32.889709   908   947 I RilOemClient: request for THERMAL returned
01-10 14:06:32.889813   908   947 I RilOemClient: mThermalFd is valid strResult is  2, 32767, -127, -6375, 32767, 8
01-10 14:06:32.891088   908  4606 D RilOemClient: stream null here
01-10 14:06:32.892684   908  4607 I RilClient: start listen on fd: 11, soicket name: rild-oem
01-10 14:06:33.387946   908   953 I AT      : [0] AT< +ECSQ: 69,43,1,-207,-12,1,1,4,32767,1 (RIL_URC_READER, tid:541386102000)
01-10 14:06:33.389961   908   954 D RmcNwHdlr: [0] handleSignalStrength, sig1:99, sig2:-1, cdma_dbm:-1, cdma_ecio:-1, evdo_dbm:-1,evdo_ecio:-1, evdo_snr:-1, lte_sig:99, lte_rsrp:2147483647, lte_rsrq:2147483647, lte_rssnr:2147483647, lte_cqi:2147483647,lte_timing_advance:2147483647, td_scdma_rscp:51
01-10 14:06:33.393228  1304  1304 D MTKSST  : [CdmaLteSST0] old:{level:0, raw:SignalStrength: 99 -1 -120 -160 -120 -1 -1 99 2147483647 2147483647 2147483647 2147483647 0 -52 cdma}, new:{level:0, raw:SignalStrength: 99 -1 -120 -160 -120 -1 -1 99 2147483647 2147483647 2147483647 2147483647 0 -51 cdma}
01-10 14:06:38.508963   908   953 I AT      : [0] AT< +ECSQ: 69,42,1,-208,-14,1,1,4,32767,1 (RIL_URC_READER, tid:541386102000)
01-10 14:06:38.511104   908   954 D RmcNwHdlr: [0] handleSignalStrength, sig1:99, sig2:-1, cdma_dbm:-1, cdma_ecio:-1, evdo_dbm:-1,evdo_ecio:-1, evdo_snr:-1, lte_sig:99, lte_rsrp:2147483647, lte_rsrq:2147483647, lte_rssnr:2147483647, lte_cqi:2147483647,lte_timing_advance:2147483647, td_scdma_rscp:52
01-10 14:06:38.514723  1304  1304 D MTKSST  : [CdmaLteSST0] old:{level:0, raw:SignalStrength: 99 -1 -120 -160 -120 -1 -1 99 2147483647 2147483647 2147483647 2147483647 0 -51 cdma}, new:{level:0, raw:SignalStrength: 99 -1 -120 -160 -120 -1 -1 99 2147483647 2147483647 2147483647 2147483647 0 -52 cdma}
01-10 14:06:42.898370   908  4607 I RilClient: initialize: commandFd is 71
01-10 14:06:42.899827   908  4624 I RilOemClient: NUMBER:1
01-10 14:06:42.900146   908  4624 I RilOemClient: arg len:14
01-10 14:06:42.900290   908  4624 I RilOemClient: ARGS[0]:THERMAL,0,-1
01-10 14:06:42.900482   908  4624 I RilOemClient: executeThermal
01-10 14:06:42.900725   908  4624 D RilOemClient: Thermal line = THERMAL,0,-1
01-10 14:06:42.900725   908  4624 D RilOemClient: , cmd:THERMAL, slotId:0, targetSim: 0
01-10 14:06:42.900848   908  4624 I RilOemClient: arg : -1
01-10 14:06:42.903680   908   956 D RmcOemRequestHandler: [0] onHandleRequest: RFX_MSG_REQUEST_QUERY_MODEM_THERMAL(55019)
01-10 14:06:42.903871   908   956 I RmcOemRequestHandler: requestQueryThermal Enter: -1
01-10 14:06:42.903997   908   956 I AT      : [0] AT> AT+ETHERMAL (RIL_CMD_READER_1, tid:541379884272)
01-10 14:06:42.916342   908   955 I AT      : [0] AT< +ETHERMAL: 2, 32767, -127, 19264, 32767, 8 (RIL_CMD_READER_1, tid:541380920560)
01-10 14:06:42.917098   908   955 I AT      : [0] AT< OK (RIL_CMD_READER_1, tid:541380920560)
01-10 14:06:42.917764   908   956 I RmcOemRequestHandler: requestQueryThermal success
01-10 14:06:42.919111   908   947 D RtcRilClientController: client 1001 handle requestComplete
01-10 14:06:42.919265   908   947 I RilOemClient: request for THERMAL returned
01-10 14:06:42.919370   908   947 I RilOemClient: mThermalFd is valid strResult is  2, 32767, -127, 19264, 32767, 8
01-10 14:06:42.921351   908  4625 D RilOemClient: stream null here
01-10 14:06:42.923006   908  4626 I RilClient: start listen on fd: 11, soicket name: rild-oem
01-10 14:06:43.629903   908   953 I AT      : [0] AT< +ECSQ: 69,42,1,-206,-13,1,1,4,32767,1 (RIL_URC_READER, tid:541386102000)
01-10 14:06:43.631988   908   954 D RmcNwHdlr: [0] handleSignalStrength, sig1:99, sig2:-1, cdma_dbm:-1, cdma_ecio:-1, evdo_dbm:-1,evdo_ecio:-1, evdo_snr:-1, lte_sig:99, lte_rsrp:2147483647, lte_rsrq:2147483647, lte_rssnr:2147483647, lte_cqi:2147483647,lte_timing_advance:2147483647, td_scdma_rscp:51
01-10 14:06:43.635557  1304  1304 D MTKSST  : [CdmaLteSST0] old:{level:0, raw:SignalStrength: 99 -1 -120 -160 -120 -1 -1 99 2147483647 2147483647 2147483647 2147483647 0 -52 cdma}, new:{level:0, raw:SignalStrength: 99 -1 -120 -160 -120 -1 -1 99 2147483647 2147483647 2147483647 2147483647 0 -51 cdma}
01-10 14:06:44.579616   561  1997 E RPC     : entry g_lowpower_mode
01-10 14:06:48.741794   908   953 I AT      : [0] AT< +ECSQ: 69,42,1,-205,-13,1,1,4,32767,1 (RIL_URC_READER, tid:541386102000)
01-10 14:06:52.927937   908  4626 I RilClient: initialize: commandFd is 0
01-10 14:06:52.930285   908  4642 I RilOemClient: NUMBER:1
01-10 14:06:52.930692   908  4642 I RilOemClient: arg len:14
01-10 14:06:52.930845   908  4642 I RilOemClient: ARGS[0]:THERMAL,0,-1
01-10 14:06:52.931061   908  4642 I RilOemClient: executeThermal
01-10 14:06:52.931798   908  4642 D RilOemClient: Thermal line = THERMAL,0,-1
01-10 14:06:52.931798   908  4642 D RilOemClient: , cmd:THERMAL, slotId:0, targetSim: 0
01-10 14:06:52.931945   908  4642 I RilOemClient: arg : -1
01-10 14:06:52.934928   908   956 D RmcOemRequestHandler: [0] onHandleRequest: RFX_MSG_REQUEST_QUERY_MODEM_THERMAL(55019)
01-10 14:06:52.935145   908   956 I RmcOemRequestHandler: requestQueryThermal Enter: -1
01-10 14:06:52.935276   908   956 I AT      : [0] AT> AT+ETHERMAL (RIL_CMD_READER_1, tid:541379884272)
01-10 14:06:52.950440   908   955 I AT      : [0] AT< +ETHERMAL: 2, 32767, -127, -20599, 32767, 8 (RIL_CMD_READER_1, tid:541380920560)
01-10 14:06:52.951795   908   955 I AT      : [0] AT< OK (RIL_CMD_READER_1, tid:541380920560)
01-10 14:06:52.952528   908   956 I RmcOemRequestHandler: requestQueryThermal success
01-10 14:06:52.954279   908   947 D RtcRilClientController: client 1001 handle requestComplete
01-10 14:06:52.954470   908   947 I RilOemClient: request for THERMAL returned
01-10 14:06:52.954580   908   947 I RilOemClient: mThermalFd is valid strResult is  2, 32767, -127, -20599, 32767, 8
01-10 14:06:52.959017   908  4643 D RilOemClient: stream null here
01-10 14:06:52.960793   908  4644 I RilClient: start listen on fd: 11, soicket name: rild-oem
01-10 14:06:53.863172   908   953 I AT      : [0] AT< +ECSQ: 69,43,1,-207,-12,1,1,4,32767,1 (RIL_URC_READER, tid:541386102000)
01-10 14:06:58.803126   561  1153 E RPC     : entry g_lowpower_mode
01-10 14:06:58.984576   908   953 I AT      : [0] AT< +ECSQ: 69,43,1,-208,-11,1,1,4,32767,1 (RIL_URC_READER, tid:541386102000)
01-10 14:06:58.987076   908   954 D RmcNwHdlr: [0] handleSignalStrength, sig1:99, sig2:-1, cdma_dbm:-1, cdma_ecio:-1, evdo_dbm:-1,evdo_ecio:-1, evdo_snr:-1, lte_sig:99, lte_rsrp:2147483647, lte_rsrq:2147483647, lte_rssnr:2147483647, lte_cqi:2147483647,lte_timing_advance:2147483647, td_scdma_rscp:52
01-10 14:06:58.990729  1304  1304 D MTKSST  : [CdmaLteSST0] old:{level:0, raw:SignalStrength: 99 -1 -120 -160 -120 -1 -1 99 2147483647 2147483647 2147483647 2147483647 0 -51 cdma}, new:{level:0, raw:SignalStrength: 99 -1 -120 -160 -120 -1 -1 99 2147483647 2147483647 2147483647 2147483647 0 -52 cdma}
01-10 14:07:02.962933   908  4644 I RilClient: initialize: commandFd is 71
01-10 14:07:02.964437   908  4660 I RilOemClient: NUMBER:1
01-10 14:07:02.964765   908  4660 I RilOemClient: arg len:14
01-10 14:07:02.964908   908  4660 I RilOemClient: ARGS[0]:THERMAL,0,-1
01-10 14:07:02.965107   908  4660 I RilOemClient: executeThermal
01-10 14:07:02.965351   908  4660 D RilOemClient: Thermal line = THERMAL,0,-1
01-10 14:07:02.965351   908  4660 D RilOemClient: , cmd:THERMAL, slotId:0, targetSim: 0
01-10 14:07:02.965594   908  4660 I RilOemClient: arg : -1
01-10 14:07:02.968017   908   956 D RmcOemRequestHandler: [0] onHandleRequest: RFX_MSG_REQUEST_QUERY_MODEM_THERMAL(55019)
01-10 14:07:02.968198   908   956 I RmcOemRequestHandler: requestQueryThermal Enter: -1
01-10 14:07:02.968321   908   956 I AT      : [0] AT> AT+ETHERMAL (RIL_CMD_READER_1, tid:541379884272)
01-10 14:07:02.980746   908   955 I AT      : [0] AT< +ETHERMAL: 2, 32767, -127, 5088, 32767, 8 (RIL_CMD_READER_1, tid:541380920560)
01-10 14:07:02.981811   908   955 I AT      : [0] AT< OK (RIL_CMD_READER_1, tid:541380920560)
01-10 14:07:02.982389   908   956 I RmcOemRequestHandler: requestQueryThermal success
01-10 14:07:02.983878   908   947 D RtcRilClientController: client 1001 handle requestComplete
01-10 14:07:02.984033   908   947 I RilOemClient: request for THERMAL returned
01-10 14:07:02.984142   908   947 I RilOemClient: mThermalFd is valid strResult is  2, 32767, -127, 5088, 32767, 8
01-10 14:07:02.985955   908  4661 D RilOemClient: stream null here
01-10 14:07:02.987292   908  4662 I RilClient: start listen on fd: 11, soicket name: rild-oem
01-10 14:07:04.104766   908   953 I AT      : [0] AT< +ECSQ: 68,43,1,-210,-11,1,1,4,32767,1 (RIL_URC_READER, tid:541386102000)
01-10 14:07:09.226806   908   953 I AT      : [0] AT< +ECSQ: 69,42,1,-207,-13,1,1,4,32767,1 (RIL_URC_READER, tid:541386102000)
01-10 14:07:09.228751   908   954 D RmcNwHdlr: [0] handleSignalStrength, sig1:99, sig2:-1, cdma_dbm:-1, cdma_ecio:-1, evdo_dbm:-1,evdo_ecio:-1, evdo_snr:-1, lte_sig:99, lte_rsrp:2147483647, lte_rsrq:2147483647, lte_rssnr:2147483647, lte_cqi:2147483647,lte_timing_advance:2147483647, td_scdma_rscp:51
01-10 14:07:09.231966  1304  1304 D MTKSST  : [CdmaLteSST0] old:{level:0, raw:SignalStrength: 99 -1 -120 -160 -120 -1 -1 99 2147483647 2147483647 2147483647 2147483647 0 -52 cdma}, new:{level:0, raw:SignalStrength: 99 -1 -120 -160 -120 -1 -1 99 2147483647 2147483647 2147483647 2147483647 0 -51 cdma}
01-10 14:07:12.991977   908  4662 I RilClient: initialize: commandFd is 0
01-10 14:07:12.995005   908  4679 I RilOemClient: NUMBER:1
01-10 14:07:12.995218   908  4679 I RilOemClient: arg len:14
01-10 14:07:12.995620   908  4679 I RilOemClient: ARGS[0]:THERMAL,0,-1
01-10 14:07:12.995790   908  4679 I RilOemClient: executeThermal
01-10 14:07:12.996083   908  4679 D RilOemClient: Thermal line = THERMAL,0,-1
01-10 14:07:12.996083   908  4679 D RilOemClient: , cmd:THERMAL, slotId:0, targetSim: 0
01-10 14:07:12.996135   908  4679 I RilOemClient: arg : -1
01-10 14:07:12.997484   908   956 D RmcOemRequestHandler: [0] onHandleRequest: RFX_MSG_REQUEST_QUERY_MODEM_THERMAL(55019)
01-10 14:07:12.997578   908   956 I RmcOemRequestHandler: requestQueryThermal Enter: -1
