01-10 13:51:41.421299  1304  1459 D RILJ    : [3707]< RIL_REQUEST_REPORT_SMS_MEMORY_STATUS error 11 [SUB0]
01-10 13:51:41.421467  1304  1459 D RilRequest: [3707]< RIL_REQUEST_REPORT_SMS_MEMORY_STATUS error: com.android.internal.telephony.CommandException: SIM_ABSENT ret=
01-10 13:51:41.421462  1304  1304 D GsmCdmaCallTracker: [GsmCdmaCallTracker] Receives EVENT_RADIO_ON
01-10 13:51:41.422527   908   958 D RmcCCReqHandler: [0] onHandleRequest: RFX_MSG_REQUEST_GET_CURRENT_CALLS
01-10 13:51:41.422606   908   958 D RmcCCBaseHandler: [0] isGsmRat, voiceRadioTech:0
01-10 13:51:41.422649   908   958 I AT      : [0] AT> AT+CLCC=*** (RIL_CMD_READER_2, tid:541377811696)
01-10 13:51:41.423795  1304  1304 I MtkPhoneNumberUtils: Init: sIsCtaSupport: true, sIsCtaSet: true, sIsC2kSupport: true, sIsOP09Support: false
01-10 13:51:41.423868  1304  1304 D PlusCodeProcessor: getPlusCodeUtils sPlusCodeUtilsInstance=com.mediatek.internal.telephony.cdma.pluscode.CdmaPlusCodeUtils@882c0ea
01-10 13:51:41.424252  1304  1304 I MtkPhoneNumberUtils: [parseEccList] empty property
01-10 13:51:41.424438  1304  1304 I MtkPhoneNumberUtils: [parseEccList] Read ECC list from /system/vendor/etc/ecc_list.xml
01-10 13:51:41.425189   908   957 I AT      : [0] AT< OK (RIL_CMD_READER_2, tid:541378847984)
01-10 13:51:41.426318  1304  1459 D RILJ    : [3708]< GET_CURRENT_CALLS {} [SUB0]
01-10 13:51:41.428751  1304  1304 I MtkPhoneNumberUtils: [parseEccList] Read CDMA ECC list from /system/vendor/etc/cdma_ecc_list_ss.xml
01-10 13:51:41.440433  1304  1304 D MtkRILJ : [3709]> MTK: RIL_REQUEST_SET_ECC_LIST ecc1: 10,"120",0,0,"122",0,0,"119",0,0,"110",0,0,"112",0,1,"911",0,1,"000",0,1,"08",0,1,"118",0,1,"999",0,0, ecc2:  [SUB0]
01-10 13:51:41.441360   908   947 E         : no RfxBaseData, send error to RILJ
01-10 13:51:41.442156  1304  1304 D RILJ    : [3710]> RIL_REQUEST_IMS_REGISTRATION_STATE [SUB0]
01-10 13:51:41.443409  1304  1459 D RILJ    : [3709]< MTK: RIL_REQUEST_SET_ECC_LIST error 6 [SUB0]
01-10 13:51:41.443663   908   960 I AT      : [0] AT> AT+CIREG? (RIL_CMD_READER_3, tid:541375739120)
01-10 13:51:41.444123  1304  1459 D RilRequest: [3709]< MTK: RIL_REQUEST_SET_ECC_LIST error: com.android.internal.telephony.CommandException: REQUEST_NOT_SUPPORTED ret=
01-10 13:51:41.445339  1304  1304 D RILJ    : [3711]> RIL_REQUEST_CDMA_GET_SUBSCRIPTION_SOURCE [SUB0]
01-10 13:51:41.446447  1304  1304 E IccCardProxy: setExternalState: !override and newstate unchanged from ABSENT (slot 0)
01-10 13:51:41.447412   908   959 I AT      : [0] AT< +CIREG: 2,0,0 (RIL_CMD_READER_3, tid:541376775408)
01-10 13:51:41.448231  1304  1304 D RILJ    : [3712]> RIL_REQUEST_VOICE_RADIO_TECH [SUB0]
01-10 13:51:41.449108   908   959 I AT      : [0] AT< OK (RIL_CMD_READER_3, tid:541376775408)
01-10 13:51:41.449472  1304  1304 D CdmaSSM : getcdmasubscriptionSource: 0
01-10 13:51:41.449667   908   960 E RmcGsmSimRequest: [0] Not support the request!
01-10 13:51:41.449713   908   960 D RmcCdmaSimRequest: [0] needHandle => req 51025, result 0
01-10 13:51:41.449766   908   960 I AT      : [0] AT> AT+EUIMCFG? (RIL_CMD_READER_3, tid:541375739120)
01-10 13:51:41.449846  1304  1304 D FdManager: [phoneId0]handleMessage: msg.what = 1
01-10 13:51:41.450006  1304  1304 D FdManager: [phoneId0]onRadioOn: update fd status when radio on
01-10 13:51:41.450236  1304  1304 D FdManager: [phoneId0]isDefaultDataSubId: subId = -2 dataSubId = 1
01-10 13:51:41.450683  1304  1304 D MTKSST  : [CdmaLteSST0] pollState: modemTriggered=true, mPollingContext=3, RadioState=RADIO_ON
01-10 13:51:41.450767  1304  1459 D RILJ    : [3712]< RIL_REQUEST_VOICE_RADIO_TECH {6} [SUB0]
01-10 13:51:41.451312  1304  1459 D RILJ    : [3710]< RIL_REQUEST_IMS_REGISTRATION_STATE {0, 0} [SUB0]
01-10 13:51:41.453233  1304  1304 D MTKSST  : [CdmaLteSST0] EVENT_SIM_NOT_INSERTED, ignored.
01-10 13:51:41.453726  1304  1304 D MTKSST  : [CdmaLteSST0] old:{level:0, raw:SignalStrength: 99 -1 -1 -1 -1 -1 -1 99 2147483647 2147483647 2147483647 2147483647 0 2147483647 gsm|lte}, new:{level:0, raw:SignalStrength: 99 -1 -120 -160 -120 -1 -1 99 2147483647 2147483647 2147483647 2147483647 0 2147483647 cdma}
01-10 13:51:41.454165   908   959 I AT      : [0] AT< +EUIMCFG:1 (RIL_CMD_READER_3, tid:541376775408)
01-10 13:51:41.454330   908   959 I AT      : [0] AT< OK (RIL_CMD_READER_3, tid:541376775408)
01-10 13:51:41.454514   908   960 D RmcCdmaSimRequest: [0] handleCdmaGetSubscriptionSource State: 1,  source: 0
01-10 13:51:41.455453  1304  1459 D RILJ    : [3711]< RIL_REQUEST_CDMA_GET_SUBSCRIPTION_SOURCE {0} [SUB0]
01-10 13:51:41.457000  1304  1304 D MTKSST  : [CdmaLteSST0] pollState: modemTriggered=true, mPollingContext=3, RadioState=RADIO_ON
01-10 13:51:41.459152  1304  1304 D RILJ    : [3713]> RIL_REQUEST_IMS_REGISTRATION_STATE [SUB0]
01-10 13:51:41.460735   908   960 I AT      : [0] AT> AT+CIREG? (RIL_CMD_READER_3, tid:541375739120)
01-10 13:51:41.461588  1304  1304 D RILJ    : [3714]> RIL_REQUEST_IMS_REGISTRATION_STATE [SUB0]
01-10 13:51:41.462231  1304  1304 D MTKSST  : [CdmaLteSST0] pollState: modemTriggered=true, mPollingContext=3, RadioState=RADIO_ON
01-10 13:51:41.462504  1304  1304 I chatty  : uid=1001(radio) com.android.phone identical 1 line
01-10 13:51:41.462957  1304  1304 D MTKSST  : [CdmaLteSST0] pollState: modemTriggered=true, mPollingContext=3, RadioState=RADIO_ON
01-10 13:51:41.463097  1304  1304 D MtkImsPhoneCallTracker: [MtkImsPhoneCallTracker] handleMessage what=26
01-10 13:51:41.463186  1304  1304 D MtkImsPhoneCallTracker: [MtkImsPhoneCallTracker] handleMessage what=26
01-10 13:51:41.463278  1304  1304 D MtkImsPhoneCallTracker: [MtkImsPhoneCallTracker] handleFeatureCapabilityChanged: VoLTE:false ViLTE:false VoWiFi:false ViWiFi:false UTLTE:false UTWiFi:false  isVideoEnabledStateChanged=false
01-10 13:51:41.463324  1304  1304 D MtkImsPhoneCallTracker: [MtkImsPhoneCallTracker] handleFeatureCapabilityChanged: isVolteEnabled=false, isVideoCallEnabled=false, isVowifiEnabled=false, isUtEnabled=false
01-10 13:51:41.464131   908   959 I AT      : [0] AT< +CIREG: 2,0,0 (RIL_CMD_READER_3, tid:541376775408)
01-10 13:51:41.464719  1304  1304 D PhoneSwitcher: evaluating due to netRequest
01-10 13:51:41.465004   908   959 I AT      : [0] AT< OK (RIL_CMD_READER_3, tid:541376775408)
01-10 13:51:41.465538  1304  1304 D RadioCapabilitySwitchUtil: [RadioCapSwitchUtil] [RadioCapSwitchUtil] getMainCapabilityPhoneId 0
01-10 13:51:41.465642  1304  1304 D MtkPhoneSwitcher: newActivePhones is empty
01-10 13:51:41.465705  1304  1304 D DcHelper: isSimInserted:phoneId =0
01-10 13:51:41.465765  1304  1304 D MtkPhoneSwitcher: ECC w/o SIM
01-10 13:51:41.465850  1304  1304 E MtkPhoneSwitcher: isAllowEims, NetworkRequest not include EIMS capability
01-10 13:51:41.466052  1304  1304 D PhoneSwitcher: evaluating due to netRequest
01-10 13:51:41.466069   908   960 I AT      : [0] AT> AT+CIREG? (RIL_CMD_READER_3, tid:541375739120)
01-10 13:51:41.466644  1304  1304 D RadioCapabilitySwitchUtil: [RadioCapSwitchUtil] [RadioCapSwitchUtil] getMainCapabilityPhoneId 0
01-10 13:51:41.466744  1304  1304 D MtkPhoneSwitcher: newActivePhones is empty
01-10 13:51:41.466779  1304  1304 D DcHelper: isSimInserted:phoneId =0
01-10 13:51:41.466827  1304  1304 D MtkPhoneSwitcher: ECC w/o SIM
01-10 13:51:41.466839  1304  1459 D RILJ    : [3713]< RIL_REQUEST_IMS_REGISTRATION_STATE {0, 0} [SUB0]
01-10 13:51:41.466882  1304  1304 E MtkPhoneSwitcher: isAllowEims, NetworkRequest not include EIMS capability
01-10 13:51:41.466909  1304  1304 E MtkPhoneSwitcher: isAllowEims, NetworkRequest not include EIMS capability
01-10 13:51:41.467077  1304  1304 D PhoneSwitcher: evaluating due to netRequest
01-10 13:51:41.467605  1304  1304 D RadioCapabilitySwitchUtil: [RadioCapSwitchUtil] [RadioCapSwitchUtil] getMainCapabilityPhoneId 0
01-10 13:51:41.467735  1304  1304 D MtkPhoneSwitcher: newActivePhones is empty
01-10 13:51:41.467778  1304  1304 D DcHelper: isSimInserted:phoneId =0
01-10 13:51:41.467840  1304  1304 D MtkPhoneSwitcher: ECC w/o SIM
01-10 13:51:41.467904  1304  1304 E MtkPhoneSwitcher: isAllowEims, NetworkRequest not include EIMS capability
01-10 13:51:41.467924  1304  1304 I chatty  : uid=1001(radio) com.android.phone identical 1 line
01-10 13:51:41.467940  1304  1304 E MtkPhoneSwitcher: isAllowEims, NetworkRequest not include EIMS capability
01-10 13:51:41.468999  1304  1304 D TelephonyNetworkFactory[0]: not acting - isApp=false, isAct=false NetworkRequest [ TRACK_DEFAULT id=3, [ Capabilities: INTERNET&NOT_RESTRICTED&TRUSTED&NOT_VPN] ]
01-10 13:51:41.470229  1304  1304 D TelephonyNetworkFactory[0]: not acting - isApp=false, isAct=false NetworkRequest [ REQUEST id=1, [ Capabilities: INTERNET&NOT_RESTRICTED&TRUSTED&NOT_VPN] ]
01-10 13:51:41.471171  1304  1304 D TelephonyNetworkFactory[0]: not acting - isApp=false, isAct=false NetworkRequest [ TRACK_DEFAULT id=6, [ Capabilities: INTERNET&NOT_RESTRICTED&TRUSTED&NOT_VPN] ]
01-10 13:51:41.474104  1304  1304 D MtkGsmCdmaPhone: networkType=UNKNOWN
01-10 13:51:41.474325  1304  1304 D MtkGsmCdmaPhone: isVideoEnabled: false
01-10 13:51:41.478036   908   959 I AT      : [0] AT< +CIREG: 2,0,0 (RIL_CMD_READER_3, tid:541376775408)
01-10 13:51:41.478240   908   959 I AT      : [0] AT< OK (RIL_CMD_READER_3, tid:541376775408)
01-10 13:51:41.479269  1304  1459 D RILJ    : [3714]< RIL_REQUEST_IMS_REGISTRATION_STATE {0, 0} [SUB0]
01-10 13:51:41.499281  1304  1304 D MtkGsmCdmaPhone: isPhoneTypeCdmaLte:true, phoneId: 0 isCdmaWithoutLteCard: false mNewVoiceTech: 6
01-10 13:51:41.500626  1304  1304 D MtkGsmSMSDispatcher: EVENT_ICC_CHANGED, PhoneId: 0 match exactly.
01-10 13:51:41.500765  1304  1304 D GsmSMSDispatcher: GsmSMSDispatcher: subId = -2 slotId = 0
01-10 13:51:41.501141  1304  1304 E IccCardProxy: setExternalState: !override and newstate unchanged from ABSENT (slot 0)
01-10 13:51:41.501583  1304  1304 D SuppServHelper: [0]handleMessage: EVENT_ICC_CHANGED(13)
01-10 13:51:41.502766  1304  1304 D MtkGsmCdmaPhone: isPhoneTypeCdmaLte:true, phoneId: 0 isCdmaWithoutLteCard: false mNewVoiceTech: 6
01-10 13:51:41.503713  1304  1304 D MtkGsmSMSDispatcher: EVENT_ICC_CHANGED, PhoneId: 0 match exactly.
01-10 13:51:41.503788  1304  1304 D GsmSMSDispatcher: GsmSMSDispatcher: subId = -2 slotId = 0
01-10 13:51:41.503958  1304  1304 E IccCardProxy: setExternalState: !override and newstate unchanged from ABSENT (slot 0)
01-10 13:51:41.504312  1304  1304 D SuppServHelper: [0]handleMessage: EVENT_ICC_CHANGED(13)
01-10 13:51:41.504417  1304  1304 E CarrierActionAgent: [0]Unsupported action: 7
01-10 13:51:41.505594  1304  1304 E IccCardProxy: setExternalState: !override and newstate unchanged from ABSENT (slot 0)
01-10 13:51:41.508954  1304  1304 D MTKSST  : [CdmaLteSST0] mDeviceShuttingDown=false, mDesiredPowerState=true, getRadioState=RADIO_ON, mPowerOffDelayNeed=true, mAlarmSwitch=false
01-10 13:51:41.516623  1304  1304 D SAT     : [0]onSimAbsent, reset activation state to UNKNOWN
01-10 13:51:41.516708  1304  1304 D SAT     : [0]setVoiceActivationState=0
01-10 13:51:41.518085  1304  1304 D SAT     : [0]setDataActivationState=0
01-10 13:51:41.520069  1304  1304 D MTKSST  : [CdmaLteSST0] [CDMA]phoneId:0, mPhoneId:0, simStatus:ABSENT
01-10 13:51:41.520345  1304  1304 D MtkSubscriptionInfoUpdater: [Receiver]+
01-10 13:51:41.520529  1304  1304 D MtkSubscriptionInfoUpdater: Action: android.intent.action.SIM_STATE_CHANGED
01-10 13:51:41.520626  1304  1304 D MtkSubscriptionInfoUpdater: slotIndex: 0
01-10 13:51:41.520685  1304  1304 D MtkSubscriptionInfoUpdater: simStatus: ABSENT
01-10 13:51:41.520760  1304  1304 D MtkSubscriptionInfoUpdater: [Receiver]-
01-10 13:51:41.521113  1304  1304 D DSSExt  : subsidylock: handleSimStateChanged: ABSENT
01-10 13:51:41.521253  1304  1304 D RadioCapabilitySwitchUtil: [RadioCapSwitchUtil] updateSimImsiStatus slot = 0, value = 0
01-10 13:51:41.521492  1304  1572 D MtkSubscriptionInfoUpdater: SIM1 absent - card state no changed.
01-10 13:51:41.525003  1304  1304 D RadioCapabilitySwitchUtil: [RadioCapSwitchUtil] clear property gsm.sim.ril.mcc.mnc
01-10 13:51:41.525378  1304  1304 D SuppServHelper: [0]ACTION_SIM_STATE_CHANGED: ABSENT, subId: -2, CallForwardingFromSimRecords: -1
01-10 13:51:41.527857  1304  1304 D MTKSST  : [CdmaLteSST0] RIL_REQUEST_OPERATOR.response[2], the numeric,  is bad. Using SystemProperties 'ro.cdma.home.operator.numeric'= 
01-10 13:51:41.528058  1304  1304 D MTKSST  : [CdmaLteSST0] handlPollStateResultMessage: CdmaLteSST setDataRegState=1 regState=0 dataRadioTechnology=0
01-10 13:51:41.529933  1304  1304 D MTKSST  : [CdmaLteSST0] [CDMA]handlePollStateResult: set mEmergencyOnly=false, mNetworkExsit=false
01-10 13:51:41.530521  1304  1304 D MTKSST  : [CdmaLteSST0] Set CDMA Roaming Indicator to: 1. voiceRoaming = false. dataRoaming = false, isPrlLoaded = true. namMatch = false , mIsInPrl = false, mRoamingIndicator = 0, mDefaultRoamingIndicator= 2
01-10 13:51:41.530723  1304  1304 D MtkRILJ : subId=-2 numeric= desireLongName=true nLac=-1
01-10 13:51:41.530948  1304  1304 D MtkRILJ : plmn name update to Nitz: 
01-10 13:51:41.556990  1304  1304 W MtkSpnOverride: test mccmncspn = 20408Hi, name = Hi
01-10 13:51:41.557084  1304  1304 W MtkSpnOverride: test mccmncspn = 20408Ortel NL, name = Ortel NL
01-10 13:51:41.557121  1304  1304 W MtkSpnOverride: test mccmncspn = 20408Rabo Mobiel, name = Rabo Mobiel
01-10 13:51:41.557166  1304  1304 W MtkSpnOverride: test mccmncspn = 20412Lebara, name = Lebara
01-10 13:51:41.557212  1304  1304 W MtkSpnOverride: test mccmncspn = 20610LYCAMOBILE, name = LYCAMOBILE
01-10 13:51:41.557259  1304  1304 W MtkSpnOverride: test mccmncspn = 20620Ortel BE, name = Ortel
01-10 13:51:41.557305  1304  1304 W MtkSpnOverride: test mccmncspn = 20801C le mobile, name = NRJ Mobile
01-10 13:51:41.557359  1304  1304 W MtkSpnOverride: test mccmncspn = 20801NRJ Mobile, name = NRJ Mobile
01-10 13:51:41.557399  1304  1304 W MtkSpnOverride: test mccmncspn = 20810A MOBILE, name = A MOBILE
01-10 13:51:41.557489  1304  1304 W MtkSpnOverride: test mccmncspn = 20810AfoneMobile, name = Afone
01-10 13:51:41.557531  1304  1304 W MtkSpnOverride: test mccmncspn = 20810C le mobile, name = NRJ
01-10 13:51:41.557571  1304  1304 W MtkSpnOverride: test mccmncspn = 20810La Poste Mobile, name = La Poste Mobile
01-10 13:51:41.557616  1304  1304 W MtkSpnOverride: test mccmncspn = 20810NRJ Mobile, name = NRJ
01-10 13:51:41.557658  1304  1304 W MtkSpnOverride: test mccmncspn = 20810Simplicime, name = Simplicime
01-10 13:51:41.557730  1304  1304 W MtkSpnOverride: test mccmncspn = 22201tiscalimobile, name = Tiscali Mobile
01-10 13:51:41.557774  1304  1304 W MtkSpnOverride: test mccmncspn = 22201COOP, name = Coop
01-10 13:51:41.557808  1304  1304 W MtkSpnOverride: test mccmncspn = 22201Noverca, name = Noverca
01-10 13:51:41.557848  1304  1304 W MtkSpnOverride: test mccmncspn = 22207Noverca, name = Noverca
01-10 13:51:41.557882  1304  1304 W MtkSpnOverride: test mccmncspn = 22210BT Italia, name = BT Italia Mobile
01-10 13:51:41.557921  1304  1304 W MtkSpnOverride: test mccmncspn = 22210ERG, name = ERG Mobile
01-10 13:51:41.557954  1304  1304 W MtkSpnOverride: test mccmncspn = 22210ERG mobile, name = ERG Mobile
01-10 13:51:41.557993  1304  1304 W MtkSpnOverride: test mccmncspn = 22210PosteMobile, name = Poste Mobile
01-10 13:51:41.558035  1304  1304 W MtkSpnOverride: test mccmncspn = 22299FASTWEB, name = Fastweb
01-10 13:51:41.558076  1304  1304 W MtkSpnOverride: test mccmncspn = 23401Vectone Mobile, name = Vectone
01-10 13:51:41.558109  1304  1304 W MtkSpnOverride: test mccmncspn = 23410TESCO, name = TESCO
01-10 13:51:41.558152  1304  1304 W MtkSpnOverride: test mccmncspn = 23415ASDA Mobile, name = ASDA Mobile
01-10 13:51:41.558192  1304  1304 W MtkSpnOverride: test mccmncspn = 23415BT, name = BT Mobile
01-10 13:51:41.558226  1304  1304 W MtkSpnOverride: test mccmncspn = 23415Lebara, name = Lebara
01-10 13:51:41.558265  1304  1304 W MtkSpnOverride: test mccmncspn = 23420Lebara, name = Lebara
01-10 13:51:41.558303  1304  1304 W MtkSpnOverride: test mccmncspn = 23426GT mobile, name = GT mobile
01-10 13:51:41.558342  1304  1304 W MtkSpnOverride: test mccmncspn = 23426Lycamobile, name = Lycamobile
01-10 13:51:41.558374  1304  1304 W MtkSpnOverride: test mccmncspn = 23430Virgin, name = Virgin
01-10 13:51:41.558412  1304  1304 W MtkSpnOverride: test mccmncspn = 23431Virgin, name = Virgin
01-10 13:51:41.558444  1304  1304 W MtkSpnOverride: test mccmncspn = 23432Virgin, name = Virgin
01-10 13:51:41.558483  1304  1304 W MtkSpnOverride: test mccmncspn = 23433Now mobile, name = Now mobile
01-10 13:51:41.558515  1304  1304 W MtkSpnOverride: test mccmncspn = 26201congstar, name = Telekom.de
01-10 13:51:41.558554  1304  1304 W MtkSpnOverride: test mccmncspn = 26203blau.de, name = blau.de
01-10 13:51:41.558591  1304  1304 W MtkSpnOverride: test mccmncspn = 26203AY YILDIZ, name = AY YILDIZ
01-10 13:51:41.558631  1304  1304 W MtkSpnOverride: test mccmncspn = 26203simVOICE, name = simVOICE
01-10 13:51:41.558664  1304  1304 W MtkSpnOverride: test mccmncspn = 26203ptt-mobile, name = ptt-mobile
01-10 13:51:41.558702  1304  1304 W MtkSpnOverride: test mccmncspn = 466017-Mobile, name = 7-Mobile
01-10 13:51:41.558736  1304  1304 W MtkSpnOverride: test mccmncspn = 46601, name = 
01-10 13:51:41.558775  1304  1304 W MtkSpnOverride: test mccmncspn = 46692, name = 
01-10 13:51:41.558820  1304  1304 W MtkSpnOverride: test mccmncspn = 20404, name = 
01-10 13:51:41.558852  1304  1304 W MtkSpnOverride: test mccmncspn = 45403, name = 
01-10 13:51:41.558898  1304  1304 W MtkSpnOverride: test mccmncspn = 46001, name = 
01-10 13:51:41.558938  1304  1304 W MtkSpnOverride: test mccmncspn = 46001, name = 
01-10 13:51:41.558973  1304  1304 W MtkSpnOverride: test mccmncspn = 204048.ta , name = 8.ta
01-10 13:51:41.561689  1304  1304 W MtkSpnOverride: test imsipattern = 2080120801xxx67xxxxx, name = Virgin
01-10 13:51:41.563788  1304  1304 W MtkSpnOverride: test mccmncpnn = 26203Ortel D, name = Ortel D
01-10 13:51:41.563898  1304  1304 W MtkSpnOverride: test mccmncpnn = 23430EE, name = EE
01-10 13:51:41.565602  1304  1304 W MtkSpnOverride: test mccmncgid1 = 2343040, name = Virgin
01-10 13:51:41.566600  1304  1304 D MtkRILJ : plmn name update to MVNO: 
01-10 13:51:41.566765  1304  1304 D MtkRILJ : subId=-2 numeric= desireLongName=false nLac=-1
01-10 13:51:41.566843  1304  1304 D MtkRILJ : plmn name update to Nitz: 
01-10 13:51:41.567205  1304  1304 D MtkRILJ : plmn name update to MVNO: 
01-10 13:51:41.567300  1304  1304 D MTKSST  : [CdmaLteSST0] refreshSpn: , , mForceBroadcastServiceState=true
01-10 13:51:41.569218  1304  1304 D MTKSST  : [CdmaLteSST0] Poll ServiceState done:  oldSS=[{mVoiceRegState=1(OUT_OF_SERVICE), mDataRegState=1(OUT_OF_SERVICE), mVoiceRoamingType=home, mDataRoamingType=home, mVoiceOperatorAlphaLong=null, mVoiceOperatorAlphaShort=null, mDataOperatorAlphaLong=null, mDataOperatorAlphaShort=null, isManualNetworkSelection=false(automatic), mRilVoiceRadioTechnology=0(Unknown), mRilDataRadioTechnology=0(Unknown), mCssIndicator=unsupported, mNetworkId=0, mSystemId=0, mCdmaRoamingIndicator=-1, mCdmaDefaultRoamingIndicator=-1, mIsEmergencyOnly=false, mIsDataRoamingFromRegistration=false, mIsUsingCarrierAggregation=false, mLteEarfcnRsrpBoost=0, Ril Voice Regist state=0, Ril Data Regist state=0, mProprietaryDataRadioTechnology=0, VoiceRejectCause=-1, DataRejectCause=-1}] newSS=[{mVoiceRegState=1(OUT_OF_SERVICE), mDataRegState=1(OUT_OF_SERVICE), mVoiceRoamingType=home, mDataRoamingType=home, mVoiceOperatorAlphaLong=, mVoiceOperatorAlphaShort=, mDataOperatorAlphaLong=, mDataOperatorAlphaShort=, isManualNetworkSelection=false(automatic), mRilVoiceRadioTechnology=0(Unknown), mRilDataRadioTechnology=0(Unknown), mCssIndicator=unsupported, mNetworkId=0, mSystemId=0, mCdmaRoamingIndicator=1, mCdmaDefaultRoamingIndicator=2, mIsEmergencyOnly=false, mIsDataRoamingFromRegistration=false, mIsUsingCarrierAggregation=false, mLteEarfcnRsrpBoost=0, Ril Voice Regist state=0, Ril Data Regist state=0, mProprietaryDataRadioTechnology=0, VoiceRejectCause=-1, DataRejectCause=-1}] oldMaxDataCalls=1 mNewMaxDataCalls=1 oldReasonDataDenied=-1 mNewReasonDataDenied=-1
01-10 13:51:41.569788  1304  1304 D MTKSST  : [CdmaLteSST0] pollStateDone: hasRegistered=false hasDeregistered=false hasDataAttached=false hasDataDetached=false hasDataRegStateChanged=false hasRilVoiceRadioTechnologyChanged= false hasRilDataRadioTechnologyChanged=false hasChanged=true hasVoiceRoamingOn=false hasVoiceRoamingOff=false hasDataRoamingOn=false hasDataRoamingOff=false hasLocationChanged=true has4gHandoff = false hasMultiApnSupport=false hasLostMultiApnSupport=false
01-10 13:51:41.571024  1304  1304 D MTKSST  : [CdmaLteSST0] updateSpnDisplay: radio is on but out of svc, set plmn=''
01-10 13:51:41.572515  1304  1304 D MTKSST  : [CdmaLteSST0] [CDMA]updateSpnDisplay: rule=2, spn=, showSpn=false
01-10 13:51:41.575936   908   980 D VT RIL THD: [VT RIL THD] msg_type = 101506, recv_length = 60076
01-10 13:51:41.576247   908   980 I VT RIL PSR: [VT  PARSER] MSG_ID_WRAP_IMSVT_IMCB_GET_CAP_RSP
01-10 13:51:41.576334   908   980 D VT RIL THD: [VT RIL THD] slot_id = 0, msg_data.size = 60084, msg_data.data = 541389155264
01-10 13:51:41.577537   908   979 I VT RIL RMC: [Handle EVT] event = 59022
01-10 13:51:41.577666   908   979 D VT RIL RMC: [VTREQ SENT] pSendMsg->size = 60084, pSendMsg->data = 541389292992
01-10 13:51:41.581129  1288  1288 D ImsDataTracker: onSubscriptionsChanged
01-10 13:51:41.585374  1304  1304 D MTKSST  : [CdmaLteSST0] [CDMA]updateSpnDisplay: subId=-2, showPlmn=true, plmn=, showSpn=false, spn=, mSpnUpdatePending=true
01-10 13:51:41.585672  1304  1304 D TelephonyManager: setTelephonyProperty: success phoneId=0 property=gsm.operator.alpha value:  propVal=
01-10 13:51:41.586923  1304  1304 D TelephonyManager: setTelephonyProperty: success phoneId=0 property=gsm.operator.numeric value:  propVal=
01-10 13:51:41.589651  1304  1304 D MTKSST  : [CdmaLteSST0] operatorNumeric  is invalid
01-10 13:51:41.589798  1304  1304 D TelephonyManager: setTelephonyProperty: success phoneId=0 property=gsm.operator.iso-country value:  propVal=
01-10 13:51:41.591676  1304  1304 D TelephonyManager: setTelephonyProperty: success phoneId=0 property=gsm.operator.isroaming value: false propVal=false
01-10 13:51:41.593580  1304  1304 D MTKSST  : [CdmaLteSST0] Broadcasting ServiceState : {mVoiceRegState=1(OUT_OF_SERVICE), mDataRegState=1(OUT_OF_SERVICE), mVoiceRoamingType=home, mDataRoamingType=home, mVoiceOperatorAlphaLong=, mVoiceOperatorAlphaShort=, mDataOperatorAlphaLong=, mDataOperatorAlphaShort=, isManualNetworkSelection=false(automatic), mRilVoiceRadioTechnology=0(Unknown), mRilDataRadioTechnology=0(Unknown), mCssIndicator=unsupported, mNetworkId=0, mSystemId=0, mCdmaRoamingIndicator=1, mCdmaDefaultRoamingIndicator=2, mIsEmergencyOnly=false, mIsDataRoamingFromRegistration=false, mIsUsingCarrierAggregation=false, mLteEarfcnRsrpBoost=0, Ril Voice Regist state=0, Ril Data Regist state=0, mProprietaryDataRadioTechnology=0, VoiceRejectCause=-1, DataRejectCause=-1}
01-10 13:51:41.593922  1304  1304 D DefaultPhoneNotifier: nofityServiceState: mRegistry=com.android.internal.telephony.ITelephonyRegistry$Stub$Proxy@d07fe7c ss={mVoiceRegState=1(OUT_OF_SERVICE), mDataRegState=1(OUT_OF_SERVICE), mVoiceRoamingType=home, mDataRoamingType=home, mVoiceOperatorAlphaLong=, mVoiceOperatorAlphaShort=, mDataOperatorAlphaLong=, mDataOperatorAlphaShort=, isManualNetworkSelection=false(automatic), mRilVoiceRadioTechnology=0(Unknown), mRilDataRadioTechnology=0(Unknown), mCssIndicator=unsupported, mNetworkId=0, mSystemId=0, mCdmaRoamingIndicator=1, mCdmaDefaultRoamingIndicator=2, mIsEmergencyOnly=false, mIsDataRoamingFromRegistration=false, mIsUsingCarrierAggregation=false, mLteEarfcnRsrpBoost=0, Ril Voice Regist state=0, Ril Data Regist state=0, mProprietaryDataRadioTechnology=0, VoiceRejectCause=-1, DataRejectCause=-1} sender=Handler (com.mediatek.internal.telephony.MtkGsmCdmaPhone) {ff44624} phondId=0 subId=-2
01-10 13:51:41.600548  1304  1304 D MtkRILJ : [3715]> MTK: RIL_REQUEST_SET_SERVICE_STATE voiceRegState: 1 dataRegState: 1 voiceRoamingType: 0 dataRoamingType: 0 rilVoiceRegState: 0 rilDataRegState:0 [SUB0]
01-10 13:51:41.601812   908   956 I AT      : [0] AT> AT+ESRVSTATE=1,1,0,0,0,0 (RIL_CMD_READER_1, tid:541379884272)
01-10 13:51:41.602280   986  1339 D TelephonyRegistry: notifyCellLocationForSubscriber: subId=-2 cellLocation=Bundle[mParcelledData.dataSize=216]
01-10 13:51:41.603097  1304  1304 D MTKSST  : [CdmaLteSST0] pollState: modemTriggered=true, mPollingContext=0, RadioState=RADIO_ON
01-10 13:51:41.604070  1304  1304 D RILJ    : [3716]> OPERATOR [SUB0]
01-10 13:51:41.604426   908   955 I AT      : [0] AT< OK (RIL_CMD_READER_1, tid:541380920560)
01-10 13:51:41.605155   908   956 I AT      : [0] AT> AT+EOPS? (RIL_CMD_READER_1, tid:541379884272)
01-10 13:51:41.605359  1304  1304 D RILJ    : [3717]> DATA_REGISTRATION_STATE [SUB0]
01-10 13:51:41.606084  1304  1459 D RILJ    : [3715]< MTK: RIL_REQUEST_SET_SERVICE_STATE  [SUB0]
01-10 13:51:41.606799  1304  1304 D RILJ    : [3718]> VOICE_REGISTRATION_STATE [SUB0]
01-10 13:51:41.607106  1304  1304 V SmsStorageMonitor: Memory status report to modem pending : mStorageAvailable = true
01-10 13:51:41.607295  1304  1304 D GsmCdmaCallTracker: Event EVENT_POLL_CALLS_RESULT Received
01-10 13:51:41.607449  1304  1304 D GsmCdmaCallTracker: [GsmCdmaCallTracker] update phone state, old=IDLE new=IDLE
01-10 13:51:41.607779  1304  1304 D CdmaSSM : getcdmasubscriptionSource: 0
01-10 13:51:41.608387   908   955 I AT      : [0] AT< +EOPS: 0,2,"000000",1 (RIL_CMD_READER_1, tid:541380920560)
01-10 13:51:41.608624   908   955 I AT      : [0] AT< OK (RIL_CMD_READER_1, tid:541380920560)
01-10 13:51:41.608960   908   956 I AT      : [0] AT> AT+EGREG? (RIL_CMD_READER_1, tid:541379884272)
01-10 13:51:41.609080  1304  1304 D MtkGsmCdmaPhone: correctPhoneTypeForCdma: change:false newVoiceRadioTech=6 mActivePhone=CDMA
01-10 13:51:41.609261  1304  1304 D RIL_ImsSms: IMS is NOT registered!
01-10 13:51:41.609303  1304  1304 E RIL_ImsSms: IMS format was unknown!
01-10 13:51:41.609351  1304  1304 D CdmaSSM : CDMA_SUBSCRIPTION_SOURCE event = 2
01-10 13:51:41.609576  1304  1459 D RILJ    : [3716]< OPERATOR {, , } [SUB0]
01-10 13:51:41.611663   908   955 I AT      : [0] AT< +EGREG: 3,0,"0000","00000000",0,0,0,0,0,0 (RIL_CMD_READER_1, tid:541380920560)
01-10 13:51:41.611799   908   955 I AT      : [0] AT< OK (RIL_CMD_READER_1, tid:541380920560)
01-10 13:51:41.611911   908   956 D RmcNwReqHdlr: [0] combineDataRegState(): ril_wfc_reg_status=0 registration_state=0
01-10 13:51:41.612240   908   956 I AT      : [0] AT> AT+EREG? (RIL_CMD_READER_1, tid:541379884272)
01-10 13:51:41.613005  1304  1459 D RILJ    : [3717]< DATA_REGISTRATION_STATE {.regState = NOT_REG_MT_NOT_SEARCHING_OP, .rat = 0, .reasonDataDenied = 0, .maxDataCalls = 1, .cellIdentity = {.cellInfoType = NONE, .cellIdentityGsm = [], .cellIdentityWcdma = [], .cellIdentityCdma = [], .cellIdentityLte = [], .cellIdentityTdscdma = []}} [SUB0]
01-10 13:51:41.614947   908   955 I AT      : [0] AT< +EREG: 3,0,"FFFF","0FFFFFFF",0,0,0,0,0 (RIL_CMD_READER_1, tid:541380920560)
01-10 13:51:41.615095   908   955 I AT      : [0] AT< OK (RIL_CMD_READER_1, tid:541380920560)
01-10 13:51:41.615246   908   956 I AT      : [0] AT> AT+VLOCINFO? (RIL_CMD_READER_1, tid:541379884272)
01-10 13:51:41.619439   908   955 I AT      : [0] AT< +VLOCINFO:0,111,11,0,0,0,0,0,0x00000000000000000000000000000000,0x00 (RIL_CMD_READER_1, tid:541380920560)
01-10 13:51:41.619575   908   955 I AT      : [0] AT< OK (RIL_CMD_READER_1, tid:541380920560)
01-10 13:51:41.621053  1304  1459 D RILJ    : [3718]< VOICE_REGISTRATION_STATE {.regState = NOT_REG_MT_NOT_SEARCHING_OP, .rat = 0, .cssSupported = false, .roamingIndicator = 0, .systemIsInPrl = 0, .defaultRoamingIndicator = 2, .reasonForDenial = 0, .cellIdentity = {.cellInfoType = NONE, .cellIdentityGsm = [], .cellIdentityWcdma = [], .cellIdentityCdma = [], .cellIdentityLte = [], .cellIdentityTdscdma = []}} [SUB0]
01-10 13:51:41.633388  1304  1304 D MTKCAT  : StkAppInstaller: init
01-10 13:51:41.634924  1304  1304 D MTKCAT  : com.android.stk.BootCompletedReceiver: [onReceive] action = android.intent.action.SIM_STATE_CHANGED
01-10 13:51:41.635333  1304  1304 D MTKCAT  : com.android.stk.BootCompletedReceiver: checkSimRadioState slotId = 0
01-10 13:51:41.635647  1304  1304 D MTKCAT  : com.android.stk.BootCompletedReceiver: multiSimMode: 1, slotId: 0, curRadioOnSim: 1
01-10 13:51:41.635856  1304  1304 D MTKCAT  : com.android.stk.BootCompletedReceiver: airlane mode is false
01-10 13:51:41.638235  1304  1304 D MTKSST  : [CdmaLteSST0] EVENT_IMS_CAPABILITY_CHANGED
01-10 13:51:41.639575  1304  1304 D MTKSST  : [CdmaLteSST0] updateSpnDisplay: radio is on but out of svc, set plmn=''
01-10 13:51:41.639725  1304  1304 D MTKSST  : [CdmaLteSST0] [CDMA]updateSpnDisplay: rule=2, spn=, showSpn=false
01-10 13:51:41.639824  1304  1304 D RIL_ImsSms: IMS is NOT registered!
01-10 13:51:41.639904  1304  1304 E RIL_ImsSms: IMS format was unknown!
01-10 13:51:41.640019  1304  1304 E CarrierActionAgent: [0]Unsupported action: 7
01-10 13:51:41.640058  1304  1304 D CarrierActionAgent: [0]EVENT_SIM_STATE_CHANGED status: ABSENT
01-10 13:51:41.640955  1304  1304 D MTKSST  : [CdmaLteSST0] SubscriptionListener.onSubscriptionInfoChanged
01-10 13:51:41.641121  1304  1304 D MtkImsPhoneCallTracker: [MtkImsPhoneCallTracker] SubscriptionListener.onSubscriptionInfoChanged, subId=-2
01-10 13:51:41.647306  1304  1304 D MtkGsmCdmaPhone: networkType=UNKNOWN
01-10 13:51:41.647446  1304  1304 D MtkGsmCdmaPhone: isVideoEnabled: false
01-10 13:51:41.667890  1304  1304 D DcHelper: msg id = 0
01-10 13:51:41.668021  1304  1304 D DcHelper: EVENT_SUBSCRIPTION_CHANGED
01-10 13:51:41.668827  1304  1304 D DSSExt  : handleSubinfoRecordUpdated: detectedType = 4
01-10 13:51:41.669610  1304  1304 D RadioCapabilitySwitchUtil: [RadioCapSwitchUtil] isPS2SupportLTE = true
01-10 13:51:41.669742  1304  1304 D DSSExt  : getHighCapabilityPhoneIdBySimType : -1
01-10 13:51:41.670400  1304  1304 D DSSExt  : phoneId out of boundary :2147483647
01-10 13:51:41.670754  1304  1304 D MtkImsPhone: handleMessage what=53
01-10 13:51:41.672234  1304  1304 E IccCardProxy: setExternalState: !override and newstate unchanged from ABSENT (slot 0)
01-10 13:51:41.672503  1304  1304 D MTKSST  : [CdmaLteSST0] RIL_REQUEST_OPERATOR.response[2], the numeric,  is bad. Using SystemProperties 'ro.cdma.home.operator.numeric'= 
01-10 13:51:41.672718  1304  1304 D MTKSST  : [CdmaLteSST0] handlPollStateResultMessage: CdmaLteSST setDataRegState=1 regState=0 dataRadioTechnology=0
01-10 13:51:41.672891  1304  1304 D MTKSST  : [CdmaLteSST0] [CDMA]handlePollStateResult: set mEmergencyOnly=false, mNetworkExsit=false
01-10 13:51:41.673067  1304  1304 D MTKSST  : [CdmaLteSST0] Set CDMA Roaming Indicator to: 1. voiceRoaming = false. dataRoaming = false, isPrlLoaded = true. namMatch = false , mIsInPrl = false, mRoamingIndicator = 0, mDefaultRoamingIndicator= 2
01-10 13:51:41.673217  1304  1304 D MtkRILJ : subId=-2 numeric= desireLongName=true nLac=-1
01-10 13:51:41.673338  1304  1304 D MtkRILJ : plmn name update to Nitz: 
01-10 13:51:41.673810  1304  1304 D MtkRILJ : plmn name update to MVNO: 
01-10 13:51:41.673952  1304  1304 D MtkRILJ : subId=-2 numeric= desireLongName=false nLac=-1
01-10 13:51:41.674034  1304  1304 D MtkRILJ : plmn name update to Nitz: 
01-10 13:51:41.674352  1304  1304 D MtkRILJ : plmn name update to MVNO: 
01-10 13:51:41.674437  1304  1304 D MTKSST  : [CdmaLteSST0] refreshSpn: , , mForceBroadcastServiceState=false
01-10 13:51:41.675851  1304  1304 D MTKSST  : [CdmaLteSST0] Poll ServiceState done:  oldSS=[{mVoiceRegState=1(OUT_OF_SERVICE), mDataRegState=1(OUT_OF_SERVICE), mVoiceRoamingType=home, mDataRoamingType=home, mVoiceOperatorAlphaLong=, mVoiceOperatorAlphaShort=, mDataOperatorAlphaLong=, mDataOperatorAlphaShort=, isManualNetworkSelection=false(automatic), mRilVoiceRadioTechnology=0(Unknown), mRilDataRadioTechnology=0(Unknown), mCssIndicator=unsupported, mNetworkId=0, mSystemId=0, mCdmaRoamingIndicator=1, mCdmaDefaultRoamingIndicator=2, mIsEmergencyOnly=false, mIsDataRoamingFromRegistration=false, mIsUsingCarrierAggregation=false, mLteEarfcnRsrpBoost=0, Ril Voice Regist state=0, Ril Data Regist state=0, mProprietaryDataRadioTechnology=0, VoiceRejectCause=-1, DataRejectCause=-1}] newSS=[{mVoiceRegState=1(OUT_OF_SERVICE), mDataRegState=1(OUT_OF_SERVICE), mVoiceRoamingType=home, mDataRoamingType=home, mVoiceOperatorAlphaLong=, mVoiceOperatorAlphaShort=, mDataOperatorAlphaLong=, mDataOperatorAlphaShort=, isManualNetworkSelection=false(automatic), mRilVoiceRadioTechnology=0(Unknown), mRilDataRadioTechnology=0(Unknown), mCssIndicator=unsupported, mNetworkId=0, mSystemId=0, mCdmaRoamingIndicator=1, mCdmaDefaultRoamingIndicator=2, mIsEmergencyOnly=false, mIsDataRoamingFromRegistration=false, mIsUsingCarrierAggregation=false, mLteEarfcnRsrpBoost=0, Ril Voice Regist state=0, Ril Data Regist state=0, mProprietaryDataRadioTechnology=0, VoiceRejectCause=-1, DataRejectCause=-1}] oldMaxDataCalls=1 mNewMaxDataCalls=1 oldReasonDataDenied=-1 mNewReasonDataDenied=-1
01-10 13:51:41.676126  1304  1304 D MTKSST  : [CdmaLteSST0] pollStateDone: hasRegistered=false hasDeregistered=false hasDataAttached=false hasDataDetached=false hasDataRegStateChanged=false hasRilVoiceRadioTechnologyChanged= false hasRilDataRadioTechnologyChanged=false hasChanged=false hasVoiceRoamingOn=false hasVoiceRoamingOff=false hasDataRoamingOn=false hasDataRoamingOff=false hasLocationChanged=false has4gHandoff = false hasMultiApnSupport=false hasLostMultiApnSupport=false
01-10 13:51:41.677858  1304  1304 D MTKCAT  : StkAppService: onCreate()+ simCount: 1
01-10 13:51:41.681113  1304  1304 D MTKCAT  : CatService: call getInstance 3
01-10 13:51:41.688406  1304  1304 D MTKCAT  : StkAppInstaller: [install]+ sim_id: 255
01-10 13:51:41.690644  1304  1600 D MTKCAT  : StkAppInstaller: setAppState, sim_id: 255 Change app state[true]
01-10 13:51:41.790398  1304  1304 D MTKCAT  : StkAppService: StkAppService onStart sim id: -1, op: 5, Bundle[{op=5}]
01-10 13:51:41.790837  1304  1599 D MTKCAT  : StkAppService: handleMessage opcode[OP_BOOT_COMPLETED], sim id[-1]
01-10 13:51:41.796035  1304  1304 D MtkGsmCdmaPhone: networkType=UNKNOWN
01-10 13:51:41.796152  1304  1304 D MtkGsmCdmaPhone: isVideoEnabled: false
01-10 13:51:41.829094  1304  1304 D MTKCAT  : com.android.stk.BootCompletedReceiver: [onReceive] action = android.intent.action.SIM_STATE_CHANGED
01-10 13:51:41.829784  1304  1304 D MTKCAT  : com.android.stk.BootCompletedReceiver: checkSimRadioState slotId = 0
01-10 13:51:41.830127  1304  1304 D MTKCAT  : com.android.stk.BootCompletedReceiver: multiSimMode: 1, slotId: 0, curRadioOnSim: 1
01-10 13:51:41.830315  1304  1304 D MTKCAT  : com.android.stk.BootCompletedReceiver: airlane mode is false
01-10 13:51:41.847636  1304  1304 D MTKCAT  : com.android.stk.BootCompletedReceiver: [onReceive] action = android.intent.action.SIM_STATE_CHANGED
01-10 13:51:41.847890  1304  1304 D MTKCAT  : com.android.stk.BootCompletedReceiver: checkSimRadioState slotId = 0
01-10 13:51:41.848057  1304  1304 D MTKCAT  : com.android.stk.BootCompletedReceiver: multiSimMode: 1, slotId: 0, curRadioOnSim: 1
01-10 13:51:41.848161  1304  1304 D MTKCAT  : com.android.stk.BootCompletedReceiver: airlane mode is false
01-10 13:51:41.851221  1304  1304 D MTKCAT  : StkAppService: StkAppService onStart sim id: 0, op: 9, Bundle[{SLOT_ID=0, op=9}]
01-10 13:51:41.851310  1304  1304 D MTKCAT  : CatService: call getInstance 3
01-10 13:51:41.854632  1304  1304 D MTKCAT  : StkAppService: onDestroy()
01-10 13:51:42.049736   908   953 I AT      : [0] AT< +EREG: 0,"D72B","09279288",4,0,0,0,0 (RIL_URC_READER, tid:541386102000)
01-10 13:51:42.049985   908   953 I AT      : [0] AT< +EGREG: 4,"D72B","09279288",4,"2B",0,0,0,0 (RIL_URC_READER, tid:541386102000)
01-10 13:51:42.050243   908   953 I AT      : [0] AT< +ECSQ: 0,-512,1,1,1,1,1,256,1,1 (RIL_URC_READER, tid:541386102000)
01-10 13:51:42.052586  1304  1459 D RILJ    : Unsol response received; Sending ack to ril.cpp [SUB0]
01-10 13:51:42.052736  1304  1459 D RILJ    : [UNSL]< UNSOL_RESPONSE_CS_NETWORK_STATE_CHANGED [SUB0]
01-10 13:51:42.053455   908   964 D RmcEmbmsRequestHandler: [0] postEpsNetworkUpdate urc=+EGREG: 4,"D72B","09279288",4,"2B",0,0,0,0
01-10 13:51:42.053528   908   964 I AT      : [0] AT> AT+EOPS? (RIL_ATCI_READER, tid:541371593968)
01-10 13:51:42.053736   908   956 I AT      : [0] AT> AT+EOPS? (RIL_CMD_READER_1, tid:541379884272)
01-10 13:51:42.053906   908   947 I RILC    : try to getOpUnsolResponse from operator library
01-10 13:51:42.053936   908   947 I RilOpProxy: [getOpUnsolResponseInfo] dlopen failed in libmtk-rilop.so: (null)
01-10 13:51:42.053959   908   947 E RILC    : unsupported unsolicited response code 0
01-10 13:51:42.054503  1304  1459 D RILJ    : Unsol response received; Sending ack to ril.cpp [SUB0]
01-10 13:51:42.054575  1304  1459 D RILJ    : [UNSL]< UNSOL_RESPONSE_NETWORK_STATE_CHANGED [SUB0]
01-10 13:51:42.054712  1304  1304 D MTKSST  : [CdmaLteSST0] pollState: modemTriggered=true, mPollingContext=0, RadioState=RADIO_ON
01-10 13:51:42.055702  1304  1304 D RILJ    : [3721]> OPERATOR [SUB0]
01-10 13:51:42.055840   908   953 I AT      : [0] AT< +ECSQ: 0,-512,1,1,1,1,1,256,1,1 (RIL_URC_READER, tid:541386102000)
01-10 13:51:42.056029   908   953 I AT      : [0] AT< +EREG: 0,"D72B","09279288",4,0,1,0,0 (RIL_URC_READER, tid:541386102000)
01-10 13:51:42.056772  1304  1304 D RILJ    : [3722]> DATA_REGISTRATION_STATE [SUB0]
01-10 13:51:42.057816  1304  1304 D RILJ    : [3723]> VOICE_REGISTRATION_STATE [SUB0]
01-10 13:51:42.059025  1304  1459 D RILJ    : Unsol response received; Sending ack to ril.cpp [SUB0]
01-10 13:51:42.059066  1304  1459 D RILJ    : [UNSL]< UNSOL_RESPONSE_CS_NETWORK_STATE_CHANGED [SUB0]
01-10 13:51:42.059180   908   963 I AT      : [0] AT< +EOPS: 0,2,"46001",1 (RIL_ATCI_READER, tid:541372630256)
01-10 13:51:42.059259   908   963 I AT      : [0] AT< OK (RIL_ATCI_READER, tid:541372630256)
01-10 13:51:42.059627   908   947 D RTC_EMBMS_AT: [0] Handle URC RFX_MSG_URC_EMBMS_CELL_INFO_NOTIFICATION Slot 0 (DefaultDataSlot:-1)
01-10 13:51:42.059688   908   947 D RTC_EMBMS_AT: [0] ignore URC due to not on DefaultDataSlot:-1
01-10 13:51:42.060156  1304  1459 D RILJ    : Unsol response received; Sending ack to ril.cpp [SUB0]
01-10 13:51:42.060247  1304  1459 D RILJ    : [UNSL]< UNSOL_RESPONSE_NETWORK_STATE_CHANGED [SUB0]
01-10 13:51:42.060388  1304  1304 D MTKSST  : [CdmaLteSST0] pollState: modemTriggered=true, mPollingContext=3, RadioState=RADIO_ON
01-10 13:51:42.064159   908   955 I AT      : [0] AT< +EOPS: 0,2,"46001",1 (RIL_CMD_READER_1, tid:541380920560)
01-10 13:51:42.064670   908   955 I AT      : [0] AT< OK (RIL_CMD_READER_1, tid:541380920560)
01-10 13:51:42.064956   908   956 I AT      : [0] AT> AT+EOPS? (RIL_CMD_READER_1, tid:541379884272)
01-10 13:51:42.066540  1304  1459 D RILJ    : Unsol response received; Sending ack to ril.cpp [SUB0]
01-10 13:51:42.066665  1304  1459 D RILJ    : [UNSL]< UNSOL_RESPONSE_PS_NETWORK_STATE_CHANGED [SUB0]
01-10 13:51:42.067803  1304  1459 D RILJ    : Unsol response received; Sending ack to ril.cpp [SUB0]
01-10 13:51:42.067914  1304  1459 D RILJ    : [UNSL]< UNSOL_RESPONSE_NETWORK_STATE_CHANGED [SUB0]
01-10 13:51:42.068048  1304  1304 D MTKSST  : [CdmaLteSST0] pollState: modemTriggered=true, mPollingContext=3, RadioState=RADIO_ON
01-10 13:51:42.068045   908   955 I AT      : [0] AT< +EOPS: 0,2,"46001",1 (RIL_CMD_READER_1, tid:541380920560)
01-10 13:51:42.068412   908   955 I AT      : [0] AT< OK (RIL_CMD_READER_1, tid:541380920560)
01-10 13:51:42.068764   908   956 I AT      : [0] AT> AT+EGREG? (RIL_CMD_READER_1, tid:541379884272)
01-10 13:51:42.073138   908   955 I AT      : [0] AT< +EGREG: 3,4,"D72B","09279288",4,0,0,0,0,0 (RIL_CMD_READER_1, tid:541380920560)
01-10 13:51:42.073339   908   955 I AT      : [0] AT< OK (RIL_CMD_READER_1, tid:541380920560)
01-10 13:51:42.073522   908   956 D RmcNwReqHdlr: [0] combineDataRegState(): ril_wfc_reg_status=0 registration_state=4
01-10 13:51:42.073877   908   956 I AT      : [0] AT> AT+EREG? (RIL_CMD_READER_1, tid:541379884272)
01-10 13:51:42.074156  1304  1459 D RILJ    : [3721]< OPERATOR {CHN-UNICOM, CHN-UNICOM, 46001} [SUB0]
01-10 13:51:42.075201  1304  1304 D MTKSST  : [CdmaLteSST0] updateLocatedPlmn(),previous plmn= null ,update to: 46001
01-10 13:51:42.077074   908   955 I AT      : [0] AT< +EREG: 3,0,"D72B","09279288",4,0,1,0,0 (RIL_CMD_READER_1, tid:541380920560)
01-10 13:51:42.077252   908   955 I AT      : [0] AT< OK (RIL_CMD_READER_1, tid:541380920560)
01-10 13:51:42.077384   908   956 D RmcNwReqHdlr: [0] Set slot0 m_emergencly_only to true
01-10 13:51:42.077501   908   956 I AT      : [0] AT> AT+VLOCINFO? (RIL_CMD_READER_1, tid:541379884272)
01-10 13:51:42.078354   908   947 D agps-ril: [-1] [RtcAgpsNSlotController]onServiceStateChanged(0) cs_reg=0, cs_rat=0, ps_reg=4, ps_rat=0
01-10 13:51:42.079214  1304  1459 D RILJ    : [3722]< DATA_REGISTRATION_STATE {.regState = UNKNOWN, .rat = 0, .reasonDataDenied = 0, .maxDataCalls = 1, .cellIdentity = {.cellInfoType = NONE, .cellIdentityGsm = [], .cellIdentityWcdma = [], .cellIdentityCdma = [], .cellIdentityLte = [], .cellIdentityTdscdma = []}} [SUB0]
01-10 13:51:42.081365   908   955 I AT      : [0] AT< +VLOCINFO:0,111,11,0,0,0,0,0,0x00000000000000000000000000000000,0x00 (RIL_CMD_READER_1, tid:541380920560)
01-10 13:51:42.081376  1304  1304 D MTKSST  : [CdmaLteSST0] Invalid subId, skip setDeviceRatMode!
01-10 13:51:42.081831   908   955 I AT      : [0] AT< OK (RIL_CMD_READER_1, tid:541380920560)
01-10 13:51:42.082912   908   947 D agps-ril: [-1] [RtcAgpsNSlotController]onServiceStateChanged(0) cs_reg=10, cs_rat=0, ps_reg=4, ps_rat=0
01-10 13:51:42.083138  1304  1459 D RILJ    : [3723]< VOICE_REGISTRATION_STATE {.regState = NOT_REG_MT_NOT_SEARCHING_OP_EM, .rat = 0, .cssSupported = false, .roamingIndicator = 1, .systemIsInPrl = 0, .defaultRoamingIndicator = 2, .reasonForDenial = 0, .cellIdentity = {.cellInfoType = NONE, .cellIdentityGsm = [], .cellIdentityWcdma = [], .cellIdentityCdma = [], .cellIdentityLte = [], .cellIdentityTdscdma = []}} [SUB0]
01-10 13:51:42.084610  1288  1288 D WfcLocationHandler: onReceive action:mediatek.intent.action.LOCATED_PLMN_CHANGED
01-10 13:51:42.084806  1288  1288 D WfcLocationHandler: ACTION_LOCATED_PLMN_CHANGED, iso: CN
01-10 13:51:42.084823  1304  1304 D MTKSST  : [CdmaLteSST0] handlPollStateResultMessage: CdmaLteSST setDataRegState=1 regState=4 dataRadioTechnology=0
01-10 13:51:42.084972  1288  1479 D WfcLocationHandler: handleMessage: msg= EVENT_SET_COUNTRY_CODE
01-10 13:51:42.085615  1288  1479 D WfcLocationHandler: setLocationInfo info=[LocationInfo objId: 87311309, phoneId: 0, transationId: 0, latitude: 0.0, longitude: 0.0, accuracy: 0.0, method: , city: , state: Unknown, zip: , countryCode: CN, mPlmnCountryCode:CN
01-10 13:51:42.085706  1288  1479 D WfcLocationHandler: setLocationInfo getUeWlanMacAddr=
01-10 13:51:42.085798  1288  1479 D WfcLocationHandler: getMainCapabilityPhoneId = 0
01-10 13:51:42.086638  1304  1304 D MTKSST  : [CdmaLteSST0] [CDMA]handlePollStateResult: set mEmergencyOnly=true, mNetworkExsit=true
01-10 13:51:42.086918  1304  1304 D MTKSST  : [CdmaLteSST0] Set CDMA Roaming Indicator to: 1. voiceRoaming = false. dataRoaming = false, isPrlLoaded = true. namMatch = false , mIsInPrl = false, mRoamingIndicator = 1, mDefaultRoamingIndicator= 2
01-10 13:51:42.087221  1304  1304 D MtkRILJ : subId=-2 numeric=46001 desireLongName=true nLac=-1
01-10 13:51:42.087634  1304  1304 D MtkRILJ : plmn name update to MVNO: 
01-10 13:51:42.087767  1304  1304 D MtkRILJ : subId=-2 numeric=46001 desireLongName=false nLac=-1
01-10 13:51:42.088109  1304  1304 D MtkRILJ : plmn name update to MVNO: CU-GSM
01-10 13:51:42.088230  1304  1304 D MTKSST  : [CdmaLteSST0] refreshSpn: , CU-GSM, mForceBroadcastServiceState=true
01-10 13:51:42.090827  1304  1304 D MTKSST  : [CdmaLteSST0] Poll ServiceState done:  oldSS=[{mVoiceRegState=1(OUT_OF_SERVICE), mDataRegState=1(OUT_OF_SERVICE), mVoiceRoamingType=home, mDataRoamingType=home, mVoiceOperatorAlphaLong=, mVoiceOperatorAlphaShort=, mDataOperatorAlphaLong=, mDataOperatorAlphaShort=, isManualNetworkSelection=false(automatic), mRilVoiceRadioTechnology=0(Unknown), mRilDataRadioTechnology=0(Unknown), mCssIndicator=unsupported, mNetworkId=0, mSystemId=0, mCdmaRoamingIndicator=1, mCdmaDefaultRoamingIndicator=2, mIsEmergencyOnly=false, mIsDataRoamingFromRegistration=false, mIsUsingCarrierAggregation=false, mLteEarfcnRsrpBoost=0, Ril Voice Regist state=0, Ril Data Regist state=0, mProprietaryDataRadioTechnology=0, VoiceRejectCause=-1, DataRejectCause=-1}] newSS=[{mVoiceRegState=1(OUT_OF_SERVICE), mDataRegState=1(OUT_OF_SERVICE), mVoiceRoamingType=home, mDataRoamingType=home, mVoiceOperatorAlphaLong=, mVoiceOperatorAlphaShort=CU-GSM, mDataOperatorAlphaLong=, mDataOperatorAlphaShort=CU-GSM, isManualNetworkSelection=false(automatic), mRilVoiceRadioTechnology=0(Unknown), mRilDataRadioTechnology=0(Unknown), mCssIndicator=unsupported, mNetworkId=0, mSystemId=0, mCdmaRoamingIndicator=1, mCdmaDefaultRoamingIndicator=2, mIsEmergencyOnly=true, mIsDataRoamingFromRegistration=false, mIsUsingCarrierAggregation=false, mLteEarfcnRsrpBoost=0, Ril Voice Regist state=10, Ril Data Regist state=4, mProprietaryDataRadioTechnology=0, VoiceRejectCause=-1, DataRejectCause=-1}] oldMaxDataCalls=1 mNewMaxDataCalls=1 oldReasonDataDenied=-1 mNewReasonDataDenied=-1
01-10 13:51:42.091015  1304  1304 D MTKSST  : [CdmaLteSST0] pollStateDone: hasRegistered=false hasDeregistered=false hasDataAttached=false hasDataDetached=false hasDataRegStateChanged=false hasRilVoiceRadioTechnologyChanged= false hasRilDataRadioTechnologyChanged=false hasChanged=true hasVoiceRoamingOn=false hasVoiceRoamingOff=false hasDataRoamingOn=false hasDataRoamingOff=false hasLocationChanged=false has4gHandoff = false hasMultiApnSupport=false hasLostMultiApnSupport=false
01-10 13:51:42.091781  1304  1304 D MTKSST  : [CdmaLteSST0] updateSpnDisplay: radio is on but out of svc, set plmn=''
01-10 13:51:42.091932  1304  1304 D MTKSST  : [CdmaLteSST0] [CDMA]updateSpnDisplay:phone show emergency call only, mEmergencyOnly = true
01-10 13:51:42.092065  1304  1304 D MTKSST  : [CdmaLteSST0] [CDMA]updateSpnDisplay: rule=2, spn=, showSpn=false
01-10 13:51:42.093322  1304  1536 D MtkRILJ : [3728]> MTK: RIL_REQUEST_SET_GEO_LOCATION [SUB0]
01-10 13:51:42.094320  1288  1479 D WfcLocationHandler: No GeoLocation task
01-10 13:51:42.095785   908   960 D RmcMwi  : [0] setGeoLocation dataLen: 11
01-10 13:51:42.095924   908   960 I AT      : [0] AT> AT+EIMSGEO=*** (RIL_CMD_READER_3, tid:541375739120)
01-10 13:51:42.105787   908   959 I AT      : [0] AT< OK (RIL_CMD_READER_3, tid:541376775408)
01-10 13:51:42.105905  1304  1304 D MTKSST  : [CdmaLteSST0] [CDMA]updateSpnDisplay: subId=-2, showPlmn=true, plmn=, showSpn=false, spn=, mSpnUpdatePending=true
01-10 13:51:42.106063  1304  1304 D TelephonyManager: setTelephonyProperty: success phoneId=0 property=gsm.operator.alpha value:  propVal=
01-10 13:51:42.106893  1288  1288 D ImsDataTracker: onSubscriptionsChanged
01-10 13:51:42.109558  1304  1304 D TelephonyManager: setTelephonyProperty: success phoneId=0 property=gsm.operator.numeric value: 46001 propVal=46001
01-10 13:51:42.109896  1304  1459 D RILJ    : [3728]< MTK: RIL_REQUEST_SET_GEO_LOCATION  [SUB0]
01-10 13:51:42.110216  1304  1304 D MTKSST  : [CdmaLteSST0] update mccmnc=46001 fromServiceState=true
01-10 13:51:42.117301  1304  1304 D TelephonyManager: setTelephonyProperty: success phoneId=0 property=gsm.operator.iso-country value: cn propVal=cn
01-10 13:51:42.154357  1304  1304 D MTKSST  : [CdmaLteSST0] 0: Asia/Shanghai  1: Asia/Urumqi  
01-10 13:51:42.155273  1304  1304 D MTKSST  : [CdmaLteSST0] getTimeZonesWithCapitalCity=libcore.util.ZoneInfo[id="Asia/Shanghai",mRawOffset=28800000,mEarliestRawOffset=28800000,mUseDst=false,mDstSavings=0,transitions=16] iso= cn auto=true
01-10 13:51:42.155492  1304  1304 D MTKSST  : [CdmaLteSST0] setAndBroadcastNetworkSetTimeZone: setTimeZone=Asia/Shanghai
01-10 13:51:42.157801  1304  1304 D MTKSST  : [CdmaLteSST0] setAndBroadcastNetworkSetTimeZone: call alarm.setTimeZone and broadcast zoneId=Asia/Shanghai
01-10 13:51:42.161254  1304  1304 D TelephonyManager: setTelephonyProperty: success phoneId=0 property=gsm.operator.idpstring value: 00 propVal=00
01-10 13:51:42.163001  1304  1304 D MTKSST  : [CdmaLteSST0] shouldFixTimeZoneNow: retVal=false iccCardExist=false operatorNumeric=46001 mcc=460 prevOperatorNumeric= prevMcc=461 needToFixTimeZone=false ltod=01-10 13:51:42.162
01-10 13:51:42.163141  1304  1304 D TelephonyManager: setTelephonyProperty: success phoneId=0 property=gsm.operator.isroaming value: false propVal=false
01-10 13:51:42.164521  1304  1304 D MTKSST  : [CdmaLteSST0] Broadcasting ServiceState : {mVoiceRegState=1(OUT_OF_SERVICE), mDataRegState=1(OUT_OF_SERVICE), mVoiceRoamingType=home, mDataRoamingType=home, mVoiceOperatorAlphaLong=, mVoiceOperatorAlphaShort=CU-GSM, mDataOperatorAlphaLong=, mDataOperatorAlphaShort=CU-GSM, isManualNetworkSelection=false(automatic), mRilVoiceRadioTechnology=0(Unknown), mRilDataRadioTechnology=0(Unknown), mCssIndicator=unsupported, mNetworkId=0, mSystemId=0, mCdmaRoamingIndicator=1, mCdmaDefaultRoamingIndicator=2, mIsEmergencyOnly=true, mIsDataRoamingFromRegistration=false, mIsUsingCarrierAggregation=false, mLteEarfcnRsrpBoost=0, Ril Voice Regist state=10, Ril Data Regist state=4, mProprietaryDataRadioTechnology=0, VoiceRejectCause=-1, DataRejectCause=-1}
