01-10 13:51:40.921401  1304  1304 D TelephonyManager: setTelephonyProperty: success phoneId=0 property=gsm.current.phone-type value: 2 propVal=2
01-10 13:51:40.921506  1304  1459 D RILJ    : convertHalRadioCapability: session=-1, phase=3, rat=94714, logicModemUuid=, status=1 [SUB0]
01-10 13:51:40.921658  1304  1459 D RILJ    : [3668]< RIL_REQUEST_GET_RADIO_CAPABILITY {mPhoneId = 0 mVersion=1 mSession=-1 mPhase=3 mRadioAccessFamily=94714 mLogicModemId= mStatus=1} [SUB0]
01-10 13:51:40.923437  1304  1304 D CdmaSSM : getcdmasubscriptionSource: 0
01-10 13:51:40.924017  1304  1304 D MtkRILJ : getRilOp
01-10 13:51:40.924546  1304  1304 D MtkRILJ : mMtkRilOp init fail
01-10 13:51:40.925676   908   955 I AT      : [0] AT< +CGMR: MOLY.LR12A.R2.MP.V61.22, 2019/08/30 09:47 (RIL_CMD_READER_1, tid:541380920560)
01-10 13:51:40.925924   908   955 I AT      : [0] AT< OK (RIL_CMD_READER_1, tid:541380920560)
01-10 13:51:40.926259  1304  1304 D CdmaSSM : getcdmasubscriptionSource: 0
01-10 13:51:40.926283   908   956 D RmcOemRequestHandler: [0] onHandleRequest: RFX_MSG_REQUEST_DEVICE_IDENTITY(55015)
01-10 13:51:40.926374   908   956 I AT      : [0] AT> AT+CGSN (RIL_CMD_READER_1, tid:541379884272)
01-10 13:51:40.927039   908   961 I AT      : [0] AT< +ELCE: 1,200 (RIL_CMD_READER_4, tid:541374702832)
01-10 13:51:40.927187   908   961 I AT      : [0] AT< OK (RIL_CMD_READER_4, tid:541374702832)
01-10 13:51:40.927346   908   962 I RmcDcMiscImpl: [0][requestStartLce] lceStatus=1, actualInterval=200
01-10 13:51:40.927302  1304  1459 D RILJ    : [3666]< BASEBAND_VERSION MOLY.LR12A.R2.MP.V61.22 [SUB0]
01-10 13:51:40.927621  1304  1304 D MTKSST  : [CdmaLteSST0] getOtasp: otasp uninitialized due to sim not loaded
01-10 13:51:40.927779  1304  1304 D TelephonyManager: setTelephonyProperty: success phoneId=0 property=gsm.network.type value: Unknown propVal=Unknown
01-10 13:51:40.928221  1304  1459 D RILJ    : [3669]< RIL_REQUEST_START_LCE error 11 [SUB0]
01-10 13:51:40.928497  1304  1459 D RilRequest: [3669]< RIL_REQUEST_START_LCE error: com.android.internal.telephony.CommandException: SIM_ABSENT ret=[1, 200]
01-10 13:51:40.928999  1304  1304 D MTKSST  : [CdmaLteSST0] notifyDataRegStateRilRadioTechnologyChanged: drs=1 rat=0
01-10 13:51:40.929165  1304  1304 D TelephonyManager: setTelephonyProperty: success phoneId=0 property=gsm.network.type value: Unknown propVal=Unknown
01-10 13:51:40.929720   908   955 I AT      : [0] AT< *** (RIL_CMD_READER_1, tid:541380920560)
01-10 13:51:40.929830   908   955 I AT      : [0] AT< OK (RIL_CMD_READER_1, tid:541380920560)
01-10 13:51:40.930364   908   956 I AT      : [0] AT> AT+GSN (RIL_CMD_READER_1, tid:541379884272)
01-10 13:51:40.931405  1304  1304 D TelephonyManager: setTelephonyProperty: success phoneId=0 property=persist.radio.cellular_ps_reg value: 0 propVal=0
01-10 13:51:40.939348   908   955 I AT      : [0] AT< +GSN:0x80efdc9c (RIL_CMD_READER_1, tid:541380920560)
01-10 13:51:40.939730   908   955 I AT      : [0] AT< OK (RIL_CMD_READER_1, tid:541380920560)
01-10 13:51:40.939973   908   956 I AT      : [0] AT> AT^MEID (RIL_CMD_READER_1, tid:541379884272)
01-10 13:51:40.940724  1304  1304 D MtkGsmCdmaPhone: isPhoneTypeCdmaLte:true, phoneId: 0 isCdmaWithoutLteCard: false mNewVoiceTech: 6
01-10 13:51:40.941386  1304  1304 D TDC     : getModemCount: 2
01-10 13:51:40.941495  1304  1304 D TDC     : getModem: 0
01-10 13:51:40.941516  1304  1304 D TDC     : getModemCount: 2
01-10 13:51:40.941527  1304  1304 D TDC     : getModem: 0
01-10 13:51:40.941649  1304  1304 D GsmCdmaCallTracker: reset
01-10 13:51:40.941780  1304  1304 D GsmCdmaCallTracker: [GsmCdmaCallTracker] update phone state, old=IDLE new=IDLE
01-10 13:51:40.943576  1304  1304 D TDC     : getModemCount: 2
01-10 13:51:40.943687  1304  1304 D TDC     : getModem: 0
01-10 13:51:40.943713  1304  1304 D TDC     : getModemCount: 2
01-10 13:51:40.943722  1304  1304 D TDC     : getModem: 0
01-10 13:51:40.945006  1304  1304 D RILJ    : [3670]> GET_CURRENT_CALLS [SUB0]
01-10 13:51:40.946780   908   958 D RmcCCReqHandler: [0] onHandleRequest: RFX_MSG_REQUEST_GET_CURRENT_CALLS
01-10 13:51:40.946891   908   958 D RmcCCBaseHandler: [0] isGsmRat, voiceRadioTech:0
01-10 13:51:40.946957   908   958 I AT      : [0] AT> AT+CLCC=*** (RIL_CMD_READER_2, tid:541377811696)
01-10 13:51:40.947025  1304  1304 D RILJ    : [3671]> BASEBAND_VERSION [SUB0]
01-10 13:51:40.949286   908   955 I AT      : [0] AT< ^MEID:0x35464802000025 (RIL_CMD_READER_1, tid:541380920560)
01-10 13:51:40.949459   908   955 I AT      : [0] AT< OK (RIL_CMD_READER_1, tid:541380920560)
01-10 13:51:40.949667   908   956 I AT      : [0] AT> AT+CCID? (RIL_CMD_READER_1, tid:541379884272)
01-10 13:51:40.949762  1304  1304 D RILJ    : [3672]> RIL_REQUEST_DEVICE_IDENTITY [SUB0]
01-10 13:51:40.950710   908   957 I AT      : [0] AT< OK (RIL_CMD_READER_2, tid:541378847984)
01-10 13:51:40.951303  1304  1304 D RILJ    : [3673]> RIL_REQUEST_GET_RADIO_CAPABILITY [SUB0]
01-10 13:51:40.952274  1304  1459 D RILJ    : [3670]< GET_CURRENT_CALLS {} [SUB0]
01-10 13:51:40.952620   908   947 I RtcCapa : [-1] onHandleResponse:RFX_MSG_REQUEST_GET_RADIO_CAPABILITY
01-10 13:51:40.953254  1304  1304 D RILJ    : [3674]> RIL_REQUEST_START_LCE reportIntervalMs = 200 pullMode = true [SUB0]
01-10 13:51:40.953800  1304  1459 D RILJ    : convertHalRadioCapability: session=-1, phase=3, rat=94714, logicModemUuid=, status=1 [SUB0]
01-10 13:51:40.953848  1304  1304 D CdmaSSM : getcdmasubscriptionSource: 0
01-10 13:51:40.954000  1304  1459 D RILJ    : [3673]< RIL_REQUEST_GET_RADIO_CAPABILITY {mPhoneId = 0 mVersion=1 mSession=-1 mPhase=3 mRadioAccessFamily=94714 mLogicModemId= mStatus=1} [SUB0]
01-10 13:51:40.954747   908   962 I AT      : [0] AT> AT+ELCE=2,200 (RIL_CMD_READER_4, tid:541373666544)
01-10 13:51:40.958175  1304  1304 E IccCardProxy: setExternalState: !override and newstate unchanged from UNKNOWN (slot 0)
01-10 13:51:40.958269   908   955 I AT      : [0] AT< +CME ERROR:10010 (RIL_CMD_READER_1, tid:541380920560)
01-10 13:51:40.958699  1304  1304 D MTKSST  : [CdmaLteSST0] handle EVENT_RADIO_STATE_CHANGED
01-10 13:51:40.958700   908   956 D RmcOemRequestHandler: [0] onHandleRequest: RFX_MSG_REQUEST_BASEBAND_VERSION(55012)
01-10 13:51:40.958776   908   956 I AT      : [0] AT> AT+CGMR (RIL_CMD_READER_1, tid:541379884272)
01-10 13:51:40.959320   908   961 I AT      : [0] AT< +ELCE: 1,200 (RIL_CMD_READER_4, tid:541374702832)
01-10 13:51:40.959607   908   961 I AT      : [0] AT< OK (RIL_CMD_READER_4, tid:541374702832)
01-10 13:51:40.959765   908   962 I RmcDcMiscImpl: [0][requestStartLce] lceStatus=1, actualInterval=200
01-10 13:51:40.960120  1304  1459 D RILJ    : [3667]< RIL_REQUEST_DEVICE_IDENTITY {354648020000251, 03, 80efdc9c, 35464802000025} [SUB0]
01-10 13:51:40.960780  1304  1459 D RILJ    : [3674]< RIL_REQUEST_START_LCE error 11 [SUB0]
01-10 13:51:40.960933  1304  1459 D RilRequest: [3674]< RIL_REQUEST_START_LCE error: com.android.internal.telephony.CommandException: SIM_ABSENT ret=[1, 200]
01-10 13:51:40.962086   908   955 I AT      : [0] AT< +CGMR: MOLY.LR12A.R2.MP.V61.22, 2019/08/30 09:47 (RIL_CMD_READER_1, tid:541380920560)
01-10 13:51:40.962246  1304  1304 D MTKSST  : [CdmaLteSST0] mDeviceShuttingDown=false, mDesiredPowerState=true, getRadioState=RADIO_OFF, mPowerOffDelayNeed=true, mAlarmSwitch=false
01-10 13:51:40.962299   908   955 I AT      : [0] AT< OK (RIL_CMD_READER_1, tid:541380920560)
01-10 13:51:40.962626  1304  1304 D ImsSwitchController: notifyRadioPowerChange, power:true phoneId:0
01-10 13:51:40.962687   908   956 D RmcOemRequestHandler: [0] onHandleRequest: RFX_MSG_REQUEST_DEVICE_IDENTITY(55015)
01-10 13:51:40.962760   908   956 I AT      : [0] AT> AT+CGSN (RIL_CMD_READER_1, tid:541379884272)
01-10 13:51:40.962808  1304  1304 D RadioCapabilitySwitchUtil: [RadioCapSwitchUtil] [RadioCapSwitchUtil] getMainCapabilityPhoneId 0
01-10 13:51:40.963864  1304  1459 D RILJ    : [3671]< BASEBAND_VERSION MOLY.LR12A.R2.MP.V61.22 [SUB0]
01-10 13:51:40.970790  1304  1304 D ImsSwitchController: radio power change processed
01-10 13:51:40.971138   908   955 I AT      : [0] AT< *** (RIL_CMD_READER_1, tid:541380920560)
01-10 13:51:40.971355   908   955 I AT      : [0] AT< OK (RIL_CMD_READER_1, tid:541380920560)
01-10 13:51:40.971483   908   956 I AT      : [0] AT> AT+GSN (RIL_CMD_READER_1, tid:541379884272)
01-10 13:51:40.972280  1304  1304 D RILJ    : [3675]> RADIO_POWER on = true [SUB0]
01-10 13:51:40.977142   908   945 I RfxMclMessenger: RFX_MSG_REQUEST_RADIO_POWER(56014) dispatchs to main protocol: 0
01-10 13:51:40.977013   908   960 I AT      : [0] AT> AT+EIMSCFG=1,0,0,0,1,1 (RIL_CMD_READER_3, tid:541375739120)
01-10 13:51:40.977711   908   972 I RmcRadioReq: [0] original mode=1
01-10 13:51:40.977795   908   972 I RmcRadioReq: [0] requestRadioPower, desired power = 1, target mode = 1, caller: -1
01-10 13:51:40.980562   908   955 I AT      : [0] AT< +GSN:0x80efdc9c (RIL_CMD_READER_1, tid:541380920560)
01-10 13:51:40.980711   908   955 I AT      : [0] AT< OK (RIL_CMD_READER_1, tid:541380920560)
01-10 13:51:40.980850   908   956 I AT      : [0] AT> AT^MEID (RIL_CMD_READER_1, tid:541379884272)
01-10 13:51:40.981257   908   959 I AT      : [0] AT< OK (RIL_CMD_READER_3, tid:541376775408)
01-10 13:51:40.981513   908   953 I AT      : [0] AT< +EIMS: 1 (RIL_URC_READER, tid:541386102000)
01-10 13:51:40.982700   908   972 I AT      : [0] AT> AT+EFUN=1 (RIL_CMD_RADIO_9, tid:541363303664)
01-10 13:51:40.985101   908   955 I AT      : [0] AT< ^MEID:0x35464802000025 (RIL_CMD_READER_1, tid:541380920560)
01-10 13:51:40.985246   908   955 I AT      : [0] AT< OK (RIL_CMD_READER_1, tid:541380920560)
01-10 13:51:40.985570   908   956 I AT      : [0] AT> AT+CCID? (RIL_CMD_READER_1, tid:541379884272)
01-10 13:51:40.986434  1304  1304 D MTKSST  : [CdmaLteSST0] pollState: modemTriggered=true, mPollingContext=0, RadioState=RADIO_OFF
01-10 13:51:40.987661  1304  1304 D RILJ    : [3676]> OPERATOR [SUB0]
01-10 13:51:40.990269   908   955 I AT      : [0] AT< +CME ERROR:10010 (RIL_CMD_READER_1, tid:541380920560)
01-10 13:51:40.990818   908   956 I AT      : [0] AT> AT+EOPS? (RIL_CMD_READER_1, tid:541379884272)
01-10 13:51:40.991227  1304  1304 D RILJ    : [3677]> DATA_REGISTRATION_STATE [SUB0]
01-10 13:51:40.992510  1304  1459 D RILJ    : [3672]< RIL_REQUEST_DEVICE_IDENTITY {354648020000251, 03, 80efdc9c, 35464802000025} [SUB0]
01-10 13:51:40.994321  1304  1304 D RILJ    : [3678]> VOICE_REGISTRATION_STATE [SUB0]
01-10 13:51:40.994788  1304  1304 D MTKSST  : [CdmaLteSST0] handle EVENT_RADIO_STATE_CHANGED
01-10 13:51:40.996197   908   955 I AT      : [0] AT< +EOPS: 0,2,"",1 (RIL_CMD_READER_1, tid:541380920560)
01-10 13:51:40.996337   908   955 I AT      : [0] AT< OK (RIL_CMD_READER_1, tid:541380920560)
01-10 13:51:40.996723   908   956 I AT      : [0] AT> AT+EGREG? (RIL_CMD_READER_1, tid:541379884272)
01-10 13:51:40.997632  1304  1459 D RILJ    : [3676]< OPERATOR {, , } [SUB0]
01-10 13:51:40.998707  1304  1304 D MTKSST  : [CdmaLteSST0] mDeviceShuttingDown=false, mDesiredPowerState=true, getRadioState=RADIO_OFF, mPowerOffDelayNeed=true, mAlarmSwitch=false
01-10 13:51:40.998883  1304  1304 D ImsSwitchController: notifyRadioPowerChange, power:true phoneId:0
01-10 13:51:40.998966  1304  1304 D RadioCapabilitySwitchUtil: [RadioCapSwitchUtil] [RadioCapSwitchUtil] getMainCapabilityPhoneId 0
01-10 13:51:41.001088   908   955 I AT      : [0] AT< +EGREG: 3,0,"0000","00000000",0,0,0,0,0,0 (RIL_CMD_READER_1, tid:541380920560)
01-10 13:51:41.001293   908   955 I AT      : [0] AT< OK (RIL_CMD_READER_1, tid:541380920560)
01-10 13:51:41.001720   908   956 D RmcNwReqHdlr: [0] combineDataRegState(): ril_wfc_reg_status=0 registration_state=0
01-10 13:51:41.002033   908   956 I AT      : [0] AT> AT+EREG? (RIL_CMD_READER_1, tid:541379884272)
01-10 13:51:41.003891  1304  1459 D RILJ    : [3677]< DATA_REGISTRATION_STATE {.regState = NOT_REG_MT_NOT_SEARCHING_OP, .rat = 0, .reasonDataDenied = 0, .maxDataCalls = 1, .cellIdentity = {.cellInfoType = NONE, .cellIdentityGsm = [], .cellIdentityWcdma = [], .cellIdentityCdma = [], .cellIdentityLte = [], .cellIdentityTdscdma = []}} [SUB0]
01-10 13:51:41.004970   908   955 I AT      : [0] AT< +EREG: 3,0,"0000","00000000",0,0,0,0,0 (RIL_CMD_READER_1, tid:541380920560)
01-10 13:51:41.005213   908   955 I AT      : [0] AT< OK (RIL_CMD_READER_1, tid:541380920560)
01-10 13:51:41.005502   908   956 D RmcNwReqHdlr: [0] Set slot0 m_emergencly_only to true
01-10 13:51:41.005592   908   956 I AT      : [0] AT> AT+VLOCINFO? (RIL_CMD_READER_1, tid:541379884272)
01-10 13:51:41.009137  1304  1304 D ImsSwitchController: radio power change processed
01-10 13:51:41.009709   908   955 I AT      : [0] AT< +VLOCINFO:0,111,11,0,0,0,0,0,0x00000000000000000000000000000000,0x00 (RIL_CMD_READER_1, tid:541380920560)
01-10 13:51:41.009927   908   955 I AT      : [0] AT< OK (RIL_CMD_READER_1, tid:541380920560)
01-10 13:51:41.010079   908   956 D ViaHandler: getCdmaLocationInfo, set systemId is 0.
01-10 13:51:41.010859  1304  1304 D RILJ    : [3679]> RADIO_POWER on = true [SUB0]
01-10 13:51:41.050820   908   953 I AT      : [0] AT< +EREG: 0,"FFFF","0FFFFFFF",0,0,0,0,0 (RIL_URC_READER, tid:541386102000)
01-10 13:51:41.053509   908   960 I AT      : [0] AT> AT+EIMSCFG=1,0,0,0,1,1 (RIL_CMD_READER_3, tid:541375739120)
01-10 13:51:41.053947   908   953 I AT      : [0] AT< +CIEV: 130,8 (RIL_URC_READER, tid:541386102000)
01-10 13:51:41.054880   908   947 E         : no RfxBaseData, send error to RILJ
01-10 13:51:41.055017   908   947 E RILC    : RIL_onRequestComplete: invalid RIL_Token
01-10 13:51:41.055031   908   953 I AT      : [0] AT< +EIND: 1 (RIL_URC_READER, tid:541386102000)
01-10 13:51:41.055854   908   953 I AT      : [0] AT< +CIEV: 130,2 (RIL_URC_READER, tid:541386102000)
01-10 13:51:41.055965  1304  1459 D RILJ    : Unsol response received; Sending ack to ril.cpp [SUB0]
01-10 13:51:41.056100  1304  1459 D RILJ    : [UNSL]< UNSOL_RESPONSE_CS_NETWORK_STATE_CHANGED [SUB0]
01-10 13:51:41.056566   908   953 I AT      : [0] AT< +CIEV: 131,302 (RIL_URC_READER, tid:541386102000)
01-10 13:51:41.056912   908   947 E         : no RfxBaseData, send error to RILJ
01-10 13:51:41.056988   908   947 E RILC    : RIL_onRequestComplete: invalid RIL_Token
01-10 13:51:41.057909  1304  1459 D RILJ    : Unsol response received; Sending ack to ril.cpp [SUB0]
01-10 13:51:41.057997  1304  1459 D RILJ    : [UNSL]< UNSOL_RESPONSE_NETWORK_STATE_CHANGED [SUB0]
01-10 13:51:41.058542   908   953 I AT      : [0] AT< +EDEFROAM: 2 (RIL_URC_READER, tid:541386102000)
01-10 13:51:41.059213   908   947 D agps-ril: [-1] [RtcAgpsNSlotController]onServiceStateChanged(0) cs_reg=10, cs_rat=0, ps_reg=0, ps_rat=0
01-10 13:51:41.059919   908   959 I AT      : [0] AT< OK (RIL_CMD_READER_3, tid:541376775408)
01-10 13:51:41.060336   908   960 D RmcCommSmsReq: [0] notifySmsReady
01-10 13:51:41.060484   908   960 I AT      : [0] AT> AT+CMGF=0 (RIL_CMD_READER_3, tid:541375739120)
01-10 13:51:41.061933   908   953 I AT      : [0] AT< +EIMS: 1 (RIL_URC_READER, tid:541386102000)
01-10 13:51:41.062898   908   971 I AT      : [0] AT< OK (RIL_CMD_RADIO_9, tid:541364339952)
01-10 13:51:41.062810  1304  1459 D RILJ    : [3678]< VOICE_REGISTRATION_STATE {.regState = NOT_REG_MT_NOT_SEARCHING_OP_EM, .rat = 0, .cssSupported = false, .roamingIndicator = 0, .systemIsInPrl = 0, .defaultRoamingIndicator = 0, .reasonForDenial = 0, .cellIdentity = {.cellInfoType = NONE, .cellIdentityGsm = [], .cellIdentityWcdma = [], .cellIdentityCdma = [], .cellIdentityLte = [], .cellIdentityTdscdma = []}} [SUB0]
01-10 13:51:41.063381   908   947 I RtcRadioCont: [0] radio State: 0 -> 10, using google native API for urc
01-10 13:51:41.063552   908   947 I RIL-Fusion: getRadioState(): radioState=10
01-10 13:51:41.063723   908   947 D RtcCommSimCtrl: [0] onRadioStateChanged (0, 10) (slot 0)
01-10 13:51:41.063762   908   947 D RTC_EMBMS_CON_PROXY: [0] radioState 10
01-10 13:51:41.064665   908   945 I RfxMclMessenger: RFX_MSG_REQUEST_RADIO_POWER(56014) dispatchs to main protocol: 0
01-10 13:51:41.064939  1304  1459 D RILJ    : Unsol response received; Sending ack to ril.cpp [SUB0]
01-10 13:51:41.065405  1304  1459 D RILJ    : [3675]< RADIO_POWER  [SUB0]
01-10 13:51:41.066320   908   972 I RmcRadioReq: [0] original mode=1
01-10 13:51:41.066468   908   972 I RmcRadioReq: [0] requestRadioPower, desired power = 1, target mode = 1, caller: -1
01-10 13:51:41.070572   908   959 I AT      : [0] AT< OK (RIL_CMD_READER_3, tid:541376775408)
01-10 13:51:41.071087   908   960 I AT      : [0] AT> AT+CSMS=1 (RIL_CMD_READER_3, tid:541375739120)
01-10 13:51:41.071351  1304  1459 D RILJ    : Unsol response received; Sending ack to ril.cpp [SUB0]
01-10 13:51:41.071421  1304  1459 D RILJ    : [UNSL]< UNSOL_RESPONSE_RADIO_STATE_CHANGED radioStateChanged: RADIO_ON [SUB0]
01-10 13:51:41.073623  1304  1304 D MTKSST  : [CdmaLteSST0] pollState: modemTriggered=true, mPollingContext=3, RadioState=RADIO_ON
01-10 13:51:41.074286   908   972 I AT      : [0] AT> AT+EFUN=1 (RIL_CMD_RADIO_9, tid:541363303664)
01-10 13:51:41.074640  1304  1304 I CSST    : PrefNetworkNotification: sendMessage() w/values: ,false,-1,true,true
01-10 13:51:41.074858   908   959 I AT      : [0] AT< +CME ERROR: 10 (RIL_CMD_READER_3, tid:541376775408)
01-10 13:51:41.075124   908   960 I AT      : [0] AT> AT+CNMI=1,2,2,1,1 (RIL_CMD_READER_3, tid:541375739120)
01-10 13:51:41.075628  1304  1304 I CSST    : canceling notifications: 1000
01-10 13:51:41.075960  1304  1304 D CSST    : isPhoneRegisteredForWifiCalling: false
01-10 13:51:41.076073  1304  1304 I CSST    : EmergencyNetworkNotification: sendMessage() w/values: ,false,-1,false,true
01-10 13:51:41.076738  1304  1304 I CSST    : canceling notifications: 1001
01-10 13:51:41.077114  1304  1304 I CSST    : PrefNetworkNotification: sendMessage() w/values: ,false,-1,true,true
01-10 13:51:41.077210  1304  1459 D RILJ    : Broadcast for RadioStateChanged: state=10 [SUB0]
01-10 13:51:41.078037  1288  1288 D WifiPdnHandler: onReceive action:com.mediatek.intent.action.RADIO_STATE_CHANGED
01-10 13:51:41.078620  1288  1288 D WifiPdnHandler: RADIO_STATE_CHANGED radioState: 10RADIO_ON
01-10 13:51:41.078682  1288  1288 D WifiPdnHandler: send EVENT_RADIO_AVAILABLE
01-10 13:51:41.078803  1304  1304 I CSST    : canceling notifications: 1000
01-10 13:51:41.078988  1304  1304 D CSST    : isPhoneRegisteredForWifiCalling: false
01-10 13:51:41.079070  1288  1479 D WifiPdnHandler: handleMessage: EVENT_RADIO_AVAILABLE
01-10 13:51:41.079068  1304  1304 I CSST    : EmergencyNetworkNotification: sendMessage() w/values: ,false,-1,false,true
01-10 13:51:41.079139  1288  1479 D WifiPdnHandler: setWifiSignalLevel(): 0
01-10 13:51:41.079749   908   971 I AT      : [0] AT< OK (RIL_CMD_RADIO_9, tid:541364339952)
01-10 13:51:41.079859   908   959 I AT      : [0] AT< OK (RIL_CMD_READER_3, tid:541376775408)
01-10 13:51:41.079982   908   960 I AT      : [0] AT> AT+CPMS="SM", "SM", "SM" (RIL_CMD_READER_3, tid:541375739120)
01-10 13:51:41.080237  1304  1304 I CSST    : canceling notifications: 1001
01-10 13:51:41.080678  1304  1304 D MTKSST  : [CdmaLteSST0] [CDMA]phoneId:0, mPhoneId:0, simStatus:NOT_READY
01-10 13:51:41.081160   908   954 D ViaHandler: prlKey: cdma.prl.version0, prlValue: 302.
01-10 13:51:41.082748   986  1224 D MtkTelephonyRegistryEx: idMatchEx: rSubId=2147483647, subId=-2, dSubId=-1, rPhoneId=-1, phoneId=0
01-10 13:51:41.083781  1304  1578 D MtkRILJ : [3684]> MTK: RIL_REQUEST_SET_WIFI_SIGNAL_LEVEL 0, 60 [SUB0]
01-10 13:51:41.084205   908   959 I AT      : [0] AT< ERROR (RIL_CMD_READER_3, tid:541376775408)
01-10 13:51:41.084474   908   960 I AT      : [0] AT> AT+EC2KCPMS="SM", "SM", "SM" (RIL_CMD_READER_3, tid:541375739120)
01-10 13:51:41.085349  1288  1479 D WifiPdnHandler: setWifiEnabled(): false, mIsAirplaneModeOn: false, mIsEccInProgresss: false
01-10 13:51:41.088927   908   959 I AT      : [0] AT< +EC2KCPMS:0,0,0,0,0,0 (RIL_CMD_READER_3, tid:541376775408)
01-10 13:51:41.088944  1304  1536 D MtkRILJ : [3685]> MTK: RIL_REQUEST_SET_WIFI_ENABLED [SUB0]
01-10 13:51:41.089250   908   959 I AT      : [0] AT< OK (RIL_CMD_READER_3, tid:541376775408)
01-10 13:51:41.089997   908   960 I AT      : [0] AT> AT+EIMSCFG=1,0,0,0,1,1 (RIL_CMD_READER_3, tid:541375739120)
01-10 13:51:41.090082  1288  1479 D WifiPdnHandler: setWifiAssoc() ifName:  associated: false ssid:  apMac: 
01-10 13:51:41.090528  1304  1459 D RILJ    : [3679]< RADIO_POWER  [SUB0]
01-10 13:51:41.092371  1304  1459 D RILJ    : Unsol response received; Sending ack to ril.cpp [SUB0]
01-10 13:51:41.092471  1304  1459 D RILJ    : [UNSL]< UNSOL_CDMA_PRL_CHANGED {302} [SUB0]
01-10 13:51:41.094500  1304  1459 D RILJ    : Unsol response received; Sending ack to ril.cpp [SUB0]
01-10 13:51:41.094581  1304  1459 D RILJ    : [UNSL]< UNSOL_RESPONSE_NETWORK_STATE_CHANGED [SUB0]
01-10 13:51:41.095720   908   959 I AT      : [0] AT< OK (RIL_CMD_READER_3, tid:541376775408)
01-10 13:51:41.096189   908   960 I AT      : [0] AT> AT+EWIFISIGLVL="wlan",0,"unknow" (RIL_CMD_READER_3, tid:541375739120)
01-10 13:51:41.096441   908   953 I AT      : [0] AT< +EIMS: 1 (RIL_URC_READER, tid:541386102000)
01-10 13:51:41.096468   986  1339 D MtkTelephonyRegistryEx: idMatchEx: rSubId=2147483647, subId=-2, dSubId=-1, rPhoneId=-1, phoneId=0
01-10 13:51:41.097137  1304  1536 D MtkRILJ : [3688]> MTK: RIL_REQUEST_SET_WIFI_ASSOCIATED [SUB0]
01-10 13:51:41.097497  1304  1304 I MtkDCT  : [0]notifyOffApnsOfAvailability optimize reason: dataDetached, notify only for type default and emergency
01-10 13:51:41.098058  1288  1479 D WifiPdnHandler: setWifiIpAddr() ifName:  ipv4Addr:  ipv6Addr: 
01-10 13:51:41.099510   908   959 I AT      : [0] AT< OK (RIL_CMD_READER_3, tid:541376775408)
01-10 13:51:41.099854   908   960 D RmcMwi  : [0] setWifiEnabled dataLen: 2
01-10 13:51:41.099949   908   960 I AT      : [0] AT> AT+EWIFIEN="wlan0",0 (RIL_CMD_READER_3, tid:541375739120)
01-10 13:51:41.101733  1304  1459 D RILJ    : [3684]< MTK: RIL_REQUEST_SET_WIFI_SIGNAL_LEVEL  [SUB0]
01-10 13:51:41.101990  1304  1304 D TDC     : getModemCount: 2
01-10 13:51:41.102047  1304  1304 D TDC     : getModem: 0
01-10 13:51:41.102067  1304  1304 D TDC     : getModemCount: 2
01-10 13:51:41.102081  1304  1304 D TDC     : getModem: 0
01-10 13:51:41.102908   908   959 I AT      : [0] AT< OK (RIL_CMD_READER_3, tid:541376775408)
01-10 13:51:41.103063   908   961 I AT      : [0] AT< OK (RIL_CMD_READER_4, tid:541374702832)
01-10 13:51:41.103353   908   960 I AT      : [0] AT> AT+EWIFIASC="wlan0",0,"0","0" (RIL_CMD_READER_3, tid:541375739120)
01-10 13:51:41.103444  1304  1536 D MtkRILJ : [3689]> MTK: RIL_REQUEST_SET_WIFI_IP_ADDRESS [SUB0]
01-10 13:51:41.104739  1304  1459 D RILJ    : [3685]< MTK: RIL_REQUEST_SET_WIFI_ENABLED  [SUB0]
01-10 13:51:41.106004   908   959 I AT      : [0] AT< OK (RIL_CMD_READER_3, tid:541376775408)
01-10 13:51:41.106433   908   960 I AT      : [0] AT> AT+EWIFIADDR=*** (RIL_CMD_READER_3, tid:541375739120)
01-10 13:51:41.107990  1304  1459 D RILJ    : [3688]< MTK: RIL_REQUEST_SET_WIFI_ASSOCIATED  [SUB0]
01-10 13:51:41.108833   908   959 I AT      : [0] AT< OK (RIL_CMD_READER_3, tid:541376775408)
01-10 13:51:41.110444  1304  1459 D RILJ    : [3689]< MTK: RIL_REQUEST_SET_WIFI_IP_ADDRESS  [SUB0]
01-10 13:51:41.115788  1304  1304 D TDC     : getModemCount: 2
01-10 13:51:41.115884  1304  1304 D TDC     : getModem: 0
01-10 13:51:41.115902  1304  1304 D TDC     : getModemCount: 2
01-10 13:51:41.115915  1304  1304 D TDC     : getModem: 0
01-10 13:51:41.116177  1304  1304 I MtkDCT  : [0]notifyOffApnsOfAvailability optimize reason: roamingOff, notify only for type default and emergency
01-10 13:51:41.127956  1304  1304 D TDC     : getModemCount: 2
01-10 13:51:41.128060  1304  1304 D TDC     : getModem: 0
01-10 13:51:41.128079  1304  1304 D TDC     : getModemCount: 2
01-10 13:51:41.128088  1304  1304 D TDC     : getModem: 0
01-10 13:51:41.133931  1304  1304 D RILJ    : [3690]> RIL_REQUEST_SEND_DEVICE_STATE 1:true [SUB0]
01-10 13:51:41.134892   908   947 E         : no RfxBaseData, send error to RILJ
01-10 13:51:41.135496  1304  1459 D RILJ    : [3690]< RIL_REQUEST_SEND_DEVICE_STATE error 6 [SUB0]
01-10 13:51:41.135657  1304  1459 D RilRequest: [3690]< RIL_REQUEST_SEND_DEVICE_STATE error: com.android.internal.telephony.CommandException: REQUEST_NOT_SUPPORTED ret=
01-10 13:51:41.136043  1304  1304 D RILJ    : [3691]> RIL_REQUEST_SEND_DEVICE_STATE 2:false [SUB0]
01-10 13:51:41.136761   908   947 E         : no RfxBaseData, send error to RILJ
01-10 13:51:41.137637  1304  1459 D RILJ    : [3691]< RIL_REQUEST_SEND_DEVICE_STATE error 6 [SUB0]
01-10 13:51:41.137800  1304  1459 D RilRequest: [3691]< RIL_REQUEST_SEND_DEVICE_STATE error: com.android.internal.telephony.CommandException: REQUEST_NOT_SUPPORTED ret=
01-10 13:51:41.138234  1304  1304 D RILJ    : [3692]> RIL_REQUEST_SEND_DEVICE_STATE 0:false [SUB0]
01-10 13:51:41.139011   908   947 E         : no RfxBaseData, send error to RILJ
01-10 13:51:41.139573  1304  1459 D RILJ    : [3692]< RIL_REQUEST_SEND_DEVICE_STATE error 6 [SUB0]
01-10 13:51:41.139712  1304  1459 D RilRequest: [3692]< RIL_REQUEST_SEND_DEVICE_STATE error: com.android.internal.telephony.CommandException: REQUEST_NOT_SUPPORTED ret=
01-10 13:51:41.140133  1304  1304 D RILJ    : [3693]> RIL_REQUEST_SET_UNSOLICITED_RESPONSE_FILTER 7 [SUB0]
01-10 13:51:41.141514   908   956 I AT      : [0] AT> AT+ECSQ=1 (RIL_CMD_READER_1, tid:541379884272)
01-10 13:51:41.141973  1304  1304 D FdManager: [phoneId0]mIntentReceiver: Received ACTION_TETHER_STATE_CHANGED mIsTetheredMode = false
01-10 13:51:41.142163  1304  1304 D MTKSST  : [CdmaLteSST0] SubscriptionListener.onSubscriptionInfoChanged
01-10 13:51:41.142231  1304  1304 E Phone   : getStoredVoiceMessageCount: invalid subId -2
01-10 13:51:41.142279  1304  1304 E Phone   : setVoiceMessageCount in sharedPreference: invalid subId -2
01-10 13:51:41.144781   908   955 I AT      : [0] AT< OK (RIL_CMD_READER_1, tid:541380920560)
01-10 13:51:41.145208   908   956 I AT      : [0] AT> AT+ECSQ (RIL_CMD_READER_1, tid:541379884272)
01-10 13:51:41.147558  1304  1304 D RILJ    : [3694]> MTK: RIL_REQUEST_SET_SMS_FWK_READY [SUB0]
01-10 13:51:41.148244   908   955 I AT      : [0] AT< +ECSQ: 0,0,0,0,0,0,0,0,0,0 (RIL_CMD_READER_1, tid:541380920560)
01-10 13:51:41.148412  1304  1304 D MtkSubscriptionInfoUpdater: [Receiver]+
01-10 13:51:41.148550  1304  1304 D MtkSubscriptionInfoUpdater: Action: android.intent.action.SIM_STATE_CHANGED
01-10 13:51:41.148586   908   955 I AT      : [0] AT< +ECSQ: 0,0,0,0,0,0,0,0,0,0 (RIL_CMD_READER_1, tid:541380920560)
01-10 13:51:41.148700  1304  1304 D MtkSubscriptionInfoUpdater: slotIndex: 0
01-10 13:51:41.148735   908   947 D RtcImsSmsCtrl: [0] Always let RFX_MSG_REQUEST_SET_SMS_FWK_READY go!
01-10 13:51:41.148757  1304  1304 D MtkSubscriptionInfoUpdater: simStatus: NOT_READY
01-10 13:51:41.148822  1304  1304 D MtkSubscriptionInfoUpdater: Ignoring simStatus: NOT_READY
01-10 13:51:41.148855  1304  1304 D MtkSubscriptionInfoUpdater: [Receiver]-
01-10 13:51:41.149149   908   955 I AT      : [0] AT< +ECSQ: 0,0,0,0,0,0,0,0,0,0 (RIL_CMD_READER_1, tid:541380920560)
01-10 13:51:41.149234   908   955 I AT      : [0] AT< OK (RIL_CMD_READER_1, tid:541380920560)
01-10 13:51:41.149238  1304  1459 D RILJ    : setSmsFwkReadyRsp: from HIDL [SUB0]
01-10 13:51:41.149244  1304  1304 D DSSExt  : subsidylock: handleSimStateChanged: NOT_READY
01-10 13:51:41.149358   908   956 D RmcNwReqHdlr: [0] updateSignalStrength, sig1:99, sig2:-1, cdma_dbm:-1, cdma_ecio:-1, evdo_dbm:-1,evdo_ecio:-1, evdo_snr:-1, lte_sig:99, lte_rsrp:2147483647, lte_rsrq:2147483647, lte_rssnr:2147483647, lte_cqi:2147483647,lte_timing_advance:2147483647, td_scdma_rscp:2147483647
01-10 13:51:41.149559   908   956 I AT      : [0] AT> AT+EREG=3 (RIL_CMD_READER_1, tid:541379884272)
01-10 13:51:41.149783  1304  1304 D RadioCapabilitySwitchUtil: [RadioCapSwitchUtil] updateSimImsiStatus slot = 0, value = 0
01-10 13:51:41.150509  1304  1459 D RILJ    : [3694]< MTK: RIL_REQUEST_SET_SMS_FWK_READY  [SUB0]
01-10 13:51:41.151750  1304  1304 D DSSExt  : handleSubinfoRecordUpdated: detectedType = 4
01-10 13:51:41.152685   908   953 I AT      : [0] AT< +EREG: 0,"FFFF","0FFFFFFF",0,0,0,0,0 (RIL_URC_READER, tid:541386102000)
01-10 13:51:41.152730   908   955 I AT      : [0] AT< OK (RIL_CMD_READER_1, tid:541380920560)
01-10 13:51:41.152716  1304  1304 D RadioCapabilitySwitchUtil: [RadioCapSwitchUtil] isPS2SupportLTE = true
01-10 13:51:41.152866  1304  1304 D DSSExt  : getHighCapabilityPhoneIdBySimType : -1
01-10 13:51:41.152931   908   956 I AT      : [0] AT> AT+EGREG=3 (RIL_CMD_READER_1, tid:541379884272)
01-10 13:51:41.154502  1304  1304 D DSSExt  : phoneId out of boundary :2147483647
01-10 13:51:41.154769  1304  1304 D DcHelper: msg id = 0
01-10 13:51:41.154860  1304  1304 D DcHelper: EVENT_SUBSCRIPTION_CHANGED
01-10 13:51:41.156013  1304  1304 D DcHelper: updateDefaultDataIccid, invalid dataPhoneId:2147483647
01-10 13:51:41.156028  1304  1459 D RILJ    : Unsol response received; Sending ack to ril.cpp [SUB0]
01-10 13:51:41.156165  1304  1459 D RILJ    : [UNSL]< UNSOL_RESPONSE_CS_NETWORK_STATE_CHANGED [SUB0]
01-10 13:51:41.156134   908   953 I AT      : [0] AT< +EGREG: 0,"0000","00000000",0,"00",0,0,0,0 (RIL_URC_READER, tid:541386102000)
01-10 13:51:41.156443   908   955 I AT      : [0] AT< OK (RIL_CMD_READER_1, tid:541380920560)
01-10 13:51:41.156624   908   956 I AT      : [0] AT> AT+PSBEARER=1 (RIL_CMD_READER_1, tid:541379884272)
01-10 13:51:41.157244   908   964 D RmcEmbmsRequestHandler: [0] postEpsNetworkUpdate urc=+EGREG: 0,"0000","00000000",0,"00",0,0,0,0
01-10 13:51:41.157321   908   947 I RILC    : try to getOpUnsolResponse from operator library
01-10 13:51:41.157338   908   964 I AT      : [0] AT> AT+EOPS? (RIL_ATCI_READER, tid:541371593968)
01-10 13:51:41.157350   908   947 I RilOpProxy: [getOpUnsolResponseInfo] dlopen failed in libmtk-rilop.so: (null)
01-10 13:51:41.157374   908   947 E RILC    : unsupported unsolicited response code 0
01-10 13:51:41.158510  1304  1459 D RILJ    : Unsol response received; Sending ack to ril.cpp [SUB0]
01-10 13:51:41.158614  1304  1459 D RILJ    : [UNSL]< UNSOL_RESPONSE_NETWORK_STATE_CHANGED [SUB0]
01-10 13:51:41.160233   908   955 I AT      : [0] AT< OK (RIL_CMD_READER_1, tid:541380920560)
01-10 13:51:41.160577   908   956 I AT      : [0] AT> AT+CIREG=2 (RIL_CMD_READER_1, tid:541379884272)
01-10 13:51:41.161008   908   963 I AT      : [0] AT< +EOPS: 0,2,"000000",1 (RIL_ATCI_READER, tid:541372630256)
01-10 13:51:41.161306   908   963 I AT      : [0] AT< OK (RIL_ATCI_READER, tid:541372630256)
01-10 13:51:41.161940   908   947 D RTC_EMBMS_AT: [0] Handle URC RFX_MSG_URC_EMBMS_CELL_INFO_NOTIFICATION Slot 0 (DefaultDataSlot:-1)
01-10 13:51:41.162014   908   947 D RTC_EMBMS_AT: [0] ignore URC due to not on DefaultDataSlot:-1
01-10 13:51:41.164044   908   953 I AT      : [0] AT< +CIREGU: 0 (RIL_URC_READER, tid:541386102000)
01-10 13:51:41.164585   908   955 I AT      : [0] AT< OK (RIL_CMD_READER_1, tid:541380920560)
01-10 13:51:41.164761   908   956 I AT      : [0] AT> AT+EREGINFO=1 (RIL_CMD_READER_1, tid:541379884272)
01-10 13:51:41.167128  1304  1459 D RILJ    : Unsol response received; Sending ack to ril.cpp [SUB0]
01-10 13:51:41.167245  1304  1459 D RILJ    : [UNSL]< UNSOL_RESPONSE_IMS_NETWORK_STATE_CHANGED [SUB0]
01-10 13:51:41.167807   908   955 I AT      : [0] AT< OK (RIL_CMD_READER_1, tid:541380920560)
01-10 13:51:41.168079   908   956 I AT      : [0] AT> AT+EIPRL? (RIL_CMD_READER_1, tid:541379884272)
01-10 13:51:41.170242  1304  1304 D DcHelper: updateDefaultDataIccid: Set 898601199[****]
01-10 13:51:41.171591   908   955 I AT      : [0] AT< +EIPRL:0,255,1,255 (RIL_CMD_READER_1, tid:541380920560)
01-10 13:51:41.171806   908   955 I AT      : [0] AT< OK (RIL_CMD_READER_1, tid:541380920560)
01-10 13:51:41.171972   908   956 I AT      : [0] AT> AT+EDEFROAM=1 (RIL_CMD_READER_1, tid:541379884272)
01-10 13:51:41.174240  1304  1459 D RILJ    : Unsol response received; Sending ack to ril.cpp [SUB0]
01-10 13:51:41.174349  1304  1459 D RILJ    : [UNSL]< UNSOL_RESPONSE_NETWORK_STATE_CHANGED [SUB0]
01-10 13:51:41.175450   908   955 I AT      : [0] AT< OK (RIL_CMD_READER_1, tid:541380920560)
01-10 13:51:41.175678   908   956 I AT      : [0] AT> AT+EDEFROAM? (RIL_CMD_READER_1, tid:541379884272)
01-10 13:51:41.176677  1304  1304 D DcHelper: syncDefaultDataSlotId: slot ID: -1
01-10 13:51:41.179193   908   955 I AT      : [0] AT< +EDEFROAM:1,2 (RIL_CMD_READER_1, tid:541380920560)
01-10 13:51:41.179466   908   955 I AT      : [0] AT< OK (RIL_CMD_READER_1, tid:541380920560)
01-10 13:51:41.179791   908   956 I AT      : [0] AT> AT+EOPS? (RIL_CMD_READER_1, tid:541379884272)
01-10 13:51:41.180052  1304  1304 D DcHelper: EVENT_PHONE0_EVENT_RIL_CONNECTED
01-10 13:51:41.180261  1304  1304 D DcHelper: onCheckIfRetriggerDataAllowed: retriggerDataAllowed: mPhone[0]
01-10 13:51:41.180368  1304  1304 D MtkPhoneSwitcher: resendDataAllowed: mPhoneStateIsSet[0] =false
01-10 13:51:41.180477  1304  1459 D RILJ    : [3693]< RIL_REQUEST_SET_UNSOLICITED_RESPONSE_FILTER  [SUB0]
01-10 13:51:41.180564  1304  1304 D SuppServHelper: [0]handleMessage: EVENT_DATA_CONNECTION_DETACHED(3)
01-10 13:51:41.180679  1304  1304 D SuppServHelper: [0]handleMessage: EVENT_ICC_CHANGED(13)
01-10 13:51:41.181069   908   962 I RmcDcCommon: [0][requestSyncDataSettingsToMd] Start, dataOn:-2, dataRoaming:-2, defaultDataSim: 0 (original: -1),domestic roaming: -2, international raoming: -2
01-10 13:51:41.181160   908   962 I AT      : [0] AT> AT+EDALLOW=2,0 (RIL_CMD_READER_4, tid:541373666544)
01-10 13:51:41.181197  1304  1304 D SuppServHelper: [0]ACTION_SIM_STATE_CHANGED: NOT_READY, subId: -2, CallForwardingFromSimRecords: -1
01-10 13:51:41.181964  1304  1304 D MtkImsPhoneCallTracker: [MtkImsPhoneCallTracker] handleMessage what=23
01-10 13:51:41.182090  1304  1304 D MtkImsPhoneCallTracker: [MtkImsPhoneCallTracker] handleMessage what=23
01-10 13:51:41.182071  1304  1459 D RILJ    : Unsol response received; Sending ack to ril.cpp [SUB0]
01-10 13:51:41.182140  1304  1459 D RILJ    : [UNSL]< UNSOL_RESPONSE_NETWORK_STATE_CHANGED [SUB0]
01-10 13:51:41.182149  1304  1304 D MtkImsPhoneCallTracker: [MtkImsPhoneCallTracker] onDataEnabledChanged: enabled=true, reason=0
01-10 13:51:41.183611   908   955 I AT      : [0] AT< +EOPS: 0,2,"000000",1 (RIL_CMD_READER_1, tid:541380920560)
01-10 13:51:41.183726   908   955 I AT      : [0] AT< OK (RIL_CMD_READER_1, tid:541380920560)
01-10 13:51:41.184368  1304  1304 D MtkImsPhoneCallTracker: [MtkImsPhoneCallTracker] Ignore data enabled - carrier policy indicates that data is not metered for ViLTE calls.
01-10 13:51:41.184569  1304  1304 D MtkImsPhoneCallTracker: [MtkImsPhoneCallTracker] handleMessage what=24
01-10 13:51:41.184612  1304  1304 D MtkImsPhoneCallTracker: [MtkImsPhoneCallTracker] handleMessage what=24
01-10 13:51:41.184692  1304  1304 D MtkImsPhoneCallTracker: [MtkImsPhoneCallTracker] getImsService
01-10 13:51:41.184815  1304  1304 D MtkImsPhoneCallTracker: [MtkImsPhoneCallTracker] Status Changed: 2
01-10 13:51:41.185946  1304  1459 D RILJ    : Unsol response received; Sending ack to ril.cpp [SUB0]
01-10 13:51:41.185944   908   961 I AT      : [0] AT< OK (RIL_CMD_READER_4, tid:541374702832)
01-10 13:51:41.186071  1304  1459 D RILJ    : [UNSL]< UNSOL_RESPONSE_PS_NETWORK_STATE_CHANGED [SUB0]
01-10 13:51:41.186190   908   962 I RmcDcCommon: [0][requestSyncDataSettingsToMd] No need to sync to MD for mobile data and roaming data.
01-10 13:51:41.187209  1304  1459 D RILJ    : Unsol response received; Sending ack to ril.cpp [SUB0]
01-10 13:51:41.187302  1304  1459 D RILJ    : [UNSL]< UNSOL_RESPONSE_NETWORK_STATE_CHANGED [SUB0]
01-10 13:51:41.187887  1304  1536 D MtkImsPhoneCallTracker: [MtkImsPhoneCallTracker] onImsDisconnected imsReasonInfo=ImsReasonInfo :: {1000, 0, 0}
01-10 13:51:41.188164  1304  1536 D MtkImsPhoneCallTracker: [MtkImsPhoneCallTracker] Resetting Capabilities...
01-10 13:51:41.188414  1304  1459 D RILJ    : [3699]< MTK: RIL_REQUEST_SYNC_DATA_SETTINGS_TO_MD  [SUB0]
01-10 13:51:41.188514  1304  1536 D MtkImsPhone: updateIsEmergencyOnly() sst: 1 supportImsEcc: false
01-10 13:51:41.194471  1288  1311 D DialogEventPackageReceiver: DialogEventPackageReceiver
01-10 13:51:41.194769  1288  1311 D ImsMultiEndpointImpl: ImsMultiEndpointImpl
01-10 13:51:41.196063  1304  1304 D ImsMultiEndpoint: ImsMultiEndpoint created
01-10 13:51:41.196200  1304  1304 D ImsMultiEndpoint: setExternalCallStateListener
01-10 13:51:41.199669  1304  1578 D MtkImsPhoneCallTracker: [MtkImsPhoneCallTracker] onImsDisconnected imsReasonInfo=ImsReasonInfo :: {1000, 0, 0}
01-10 13:51:41.199671  1304  1304 D MtkImsPhoneCallTracker: [MtkImsPhoneCallTracker] handleMessage what=28
01-10 13:51:41.199799  1304  1304 D MtkImsPhoneCallTracker: [MtkImsPhoneCallTracker] onDataRoamingOff
01-10 13:51:41.199807  1304  1578 D MtkImsPhoneCallTracker: [MtkImsPhoneCallTracker] Resetting Capabilities...
01-10 13:51:41.199860  1304  1304 D MtkImsPhoneCallTracker: [MtkImsPhoneCallTracker] onDataRoamingOff: device already not roaming. ignored the update.
01-10 13:51:41.199960  1304  1304 D MtkImsPhoneCallTracker: [MtkImsPhoneCallTracker] SubscriptionListener.onSubscriptionInfoChanged, subId=-2
01-10 13:51:41.200074  1304  1304 D MtkImsPhone: handleMessage what=52
01-10 13:51:41.200092  1304  1578 D MtkImsPhone: updateIsEmergencyOnly() sst: 1 supportImsEcc: false
01-10 13:51:41.200416  1304  1304 D PhoneSwitcher: evaluating due to subChanged default 0->1 phone[0] 0->-2
01-10 13:51:41.201241  1304  1304 D RadioCapabilitySwitchUtil: [RadioCapSwitchUtil] [RadioCapSwitchUtil] getMainCapabilityPhoneId 0
01-10 13:51:41.201381  1304  1304 D MtkPhoneSwitcher: newActivePhones is empty
01-10 13:51:41.202115  1304  1304 D DcHelper: isSimInserted:phoneId =0
01-10 13:51:41.202299  1304  1304 D MtkPhoneSwitcher: ECC w/o SIM
01-10 13:51:41.204202  1304  1304 D TelephonyNetworkFactory[0]: onSubIdChange -1->-2
01-10 13:51:41.204773  1304  1304 D TelephonyNetworkFactory[0]: got request NetworkRequest [ TRACK_DEFAULT id=3, [ Capabilities: INTERNET&NOT_RESTRICTED&TRUSTED&NOT_VPN] ] with score 0
01-10 13:51:41.204981  1304  1304 D TelephonyNetworkFactory[0]: got request NetworkRequest [ REQUEST id=1, [ Capabilities: INTERNET&NOT_RESTRICTED&TRUSTED&NOT_VPN] ] with score 0
01-10 13:51:41.205110  1304  1304 D TelephonyNetworkFactory[0]: got request NetworkRequest [ TRACK_DEFAULT id=6, [ Capabilities: INTERNET&NOT_RESTRICTED&TRUSTED&NOT_VPN] ] with score 0
01-10 13:51:41.205900  1304  1304 D DebugService: DebugService DebugService:
01-10 13:51:41.208779  1304  1304 D MtkImsPhoneCallTracker: [MtkImsPhoneCallTracker] SubscriptionListener.onSubscriptionInfoChanged, subId=-2
01-10 13:51:41.210468  1304  1304 D DcHelper: msg id = 0
01-10 13:51:41.210552  1304  1304 D DcHelper: EVENT_SUBSCRIPTION_CHANGED
01-10 13:51:41.210795  1304  1304 D MTKSST  : [CdmaLteSST0] SubscriptionListener.onSubscriptionInfoChanged
01-10 13:51:41.212338  1304  1304 D DSSExt  : handleSubinfoRecordUpdated: detectedType = 4
01-10 13:51:41.213677  1304  1304 D RadioCapabilitySwitchUtil: [RadioCapSwitchUtil] isPS2SupportLTE = true
01-10 13:51:41.213771  1304  1304 D DSSExt  : getHighCapabilityPhoneIdBySimType : -1
01-10 13:51:41.214400  1304  1304 D DSSExt  : phoneId out of boundary :2147483647
01-10 13:51:41.226864  1304  1304 D MtkGsmCdmaPhone: networkType=UNKNOWN
01-10 13:51:41.227065  1304  1304 D MtkGsmCdmaPhone: isVideoEnabled: false
01-10 13:51:41.227946  1288  1311 E ImsService: can't get WifiOffloadService
01-10 13:51:41.229275  1288  1311 D MWIS    : [MwiService] getWfcHandlerInterface
01-10 13:51:41.231252  1288  1311 D WfcHandler: registerForHandoverEvent for com.mediatek.ims.ImsService$IWifiOffloadListenerProxy@e1c3f91
01-10 13:51:41.274327  1304  1304 D RILJ    : [3703]> RIL_REQUEST_QUERY_TTY_MODE [SUB0]
01-10 13:51:41.276701   908   958 D RmcCCReqHandler: [0] onHandleRequest: RFX_MSG_REQUEST_QUERY_TTY_MODE
01-10 13:51:41.276886   908   958 I AT      : [0] AT> AT+CTMCALL? (RIL_CMD_READER_2, tid:541377811696)
01-10 13:51:41.277630  1304  1574 D SuppServConf: [0]handleMessage msg: EVENT_ICC_CHANGED
01-10 13:51:41.277968  1304  1574 D SuppServConf: [0]handleMessage msg: EVENT_ICC_CHANGED
01-10 13:51:41.278792  1304  1304 D MTKSST  : [CdmaLteSST0] [CDMA]phoneId:0, mPhoneId:0, simStatus:UNKNOWN
01-10 13:51:41.278977  1304  1304 D MtkSubscriptionInfoUpdater: [Receiver]+
01-10 13:51:41.279025  1304  1304 D MtkSubscriptionInfoUpdater: Action: android.intent.action.SIM_STATE_CHANGED
01-10 13:51:41.279069  1304  1304 D MtkSubscriptionInfoUpdater: slotIndex: 0
01-10 13:51:41.279143  1304  1304 D MtkSubscriptionInfoUpdater: simStatus: UNKNOWN
01-10 13:51:41.279194  1304  1304 D MtkSubscriptionInfoUpdater: [Receiver]-
01-10 13:51:41.279338  1304  1304 D DSSExt  : subsidylock: handleSimStateChanged: UNKNOWN
01-10 13:51:41.279475  1304  1304 D SuppServHelper: [0]ACTION_SIM_STATE_CHANGED: UNKNOWN, subId: -2, CallForwardingFromSimRecords: -1
01-10 13:51:41.282952  1304  1304 E IccCardProxy: setExternalState: set mPhoneId=0 mExternalState=ABSENT (slot 0)
01-10 13:51:41.283033   908   957 I AT      : [0] AT< +CTMCALL: 0 (RIL_CMD_READER_2, tid:541378847984)
01-10 13:51:41.283217  1304  1304 D TelephonyManager: setTelephonyProperty: success phoneId=0 property=gsm.sim.state value: ABSENT propVal=ABSENT
01-10 13:51:41.283279   908   957 I AT      : [0] AT< OK (RIL_CMD_READER_2, tid:541378847984)
01-10 13:51:41.287008  1304  1459 D RILJ    : [3703]< RIL_REQUEST_QUERY_TTY_MODE {0} [SUB0]
01-10 13:51:41.289171  1304  1304 E MtkDCT  : [0]**** MMS ApnContext not found ****
01-10 13:51:41.299656  1304  1304 D MTKSST  : [CdmaLteSST0] handle EVENT_RADIO_STATE_CHANGED
01-10 13:51:41.299726  1304  1304 D CdmaSSM : getcdmasubscriptionSource: 0
01-10 13:51:41.299754  1304  1304 D MTKSST  : [CdmaLteSST0] Subscription Source : 0
01-10 13:51:41.299788  1304  1304 D MTKSST  : [CdmaLteSST0] isFromRuim: true
01-10 13:51:41.299840  1304  1304 D MTKSST  : [CdmaLteSST0] Storing cdma subscription source: 0
01-10 13:51:41.299804  1304  1536 D MtkImsPhoneCallTracker: [MtkImsPhoneCallTracker] registrationAssociatedUriChanged
01-10 13:51:41.301706  1304  1304 D MTKSST  : [CdmaLteSST0] Read from settings: 0
01-10 13:51:41.305637  1304  1304 D MTKSST  : [CdmaLteSST0] mDeviceShuttingDown=false, mDesiredPowerState=true, getRadioState=RADIO_ON, mPowerOffDelayNeed=true, mAlarmSwitch=false
01-10 13:51:41.324756  1304  1304 D MTKSST  : [CdmaLteSST0] pollState: modemTriggered=true, mPollingContext=3, RadioState=RADIO_ON
01-10 13:51:41.328466  1304  1304 D TDC     : getModemCount: 2
01-10 13:51:41.328544  1304  1304 D TDC     : getModem: 0
01-10 13:51:41.328558  1304  1304 D TDC     : getModemCount: 2
01-10 13:51:41.328571  1304  1304 D TDC     : getModem: 0
01-10 13:51:41.328715  1304  1304 I MtkDCT  : [0]notifyOffApnsOfAvailability optimize reason: roamingOff, notify only for type default and emergency
01-10 13:51:41.337911  1304  1304 D TDC     : getModemCount: 2
01-10 13:51:41.337976  1304  1304 D TDC     : getModem: 0
01-10 13:51:41.337993  1304  1304 D TDC     : getModemCount: 2
01-10 13:51:41.338002  1304  1304 D TDC     : getModem: 0
01-10 13:51:41.338176  1304  1304 D MtkImsPhoneCallTracker: [MtkImsPhoneCallTracker] handleMessage what=28
01-10 13:51:41.338224  1304  1304 D MtkImsPhoneCallTracker: [MtkImsPhoneCallTracker] onDataRoamingOff
01-10 13:51:41.338244  1304  1304 D MtkImsPhoneCallTracker: [MtkImsPhoneCallTracker] onDataRoamingOff: device already not roaming. ignored the update.
01-10 13:51:41.338406  1304  1304 I CSST    : PrefNetworkNotification: sendMessage() w/values: ,false,-1,true,true
01-10 13:51:41.338920  1304  1304 I CSST    : canceling notifications: 1000
01-10 13:51:41.339010  1304  1304 D CSST    : isPhoneRegisteredForWifiCalling: false
01-10 13:51:41.339053  1304  1304 I CSST    : EmergencyNetworkNotification: sendMessage() w/values: ,false,-1,false,true
01-10 13:51:41.339267  1304  1304 I CSST    : canceling notifications: 1001
01-10 13:51:41.339650   986  1173 D MtkTelephonyRegistryEx: idMatchEx: rSubId=2147483647, subId=-2, dSubId=-1, rPhoneId=-1, phoneId=0
01-10 13:51:41.339929  1304  1304 I MtkDCT  : [0]notifyOffApnsOfAvailability optimize reason: dataDetached, notify only for type default and emergency
01-10 13:51:41.350256  1304  1304 D SuppServHelper: [0]handleMessage: EVENT_DATA_CONNECTION_DETACHED(3)
01-10 13:51:41.350510  1304  1304 D MtkImsPhone: handleMessage what=52
01-10 13:51:41.350997  1304  1304 D GsmCdmaCallTracker: Event EVENT_POLL_CALLS_RESULT Received
01-10 13:51:41.351193  1304  1304 D GsmCdmaCallTracker: [GsmCdmaCallTracker] update phone state, old=IDLE new=IDLE
01-10 13:51:41.351470  1304  1304 E IccCardProxy: setExternalState: !override and newstate unchanged from ABSENT (slot 0)
01-10 13:51:41.351729  1304  1304 D IccFileFetcherBase: IccFileFetcherBase hashmap is cleared! (phoneId 0)
01-10 13:51:41.351890  1304  1304 I chatty  : uid=1001(radio) com.android.phone identical 3 lines
01-10 13:51:41.351920  1304  1304 D IccFileFetcherBase: IccFileFetcherBase hashmap is cleared! (phoneId 0)
01-10 13:51:41.364619  1304  1304 E CarrierActionAgent: [0]Unsupported action: 7
01-10 13:51:41.368446  1304  1304 D MTKSST  : [CdmaLteSST0] RIL_REQUEST_OPERATOR.response[2], the numeric,  is bad. Using SystemProperties 'ro.cdma.home.operator.numeric'= 
01-10 13:51:41.369897  1304  1304 D MTKSST  : [CdmaLteSST0] handlPollStateResultMessage: CdmaLteSST setDataRegState=1 regState=0 dataRadioTechnology=0
01-10 13:51:41.370245  1304  1304 D MTKSST  : [CdmaLteSST0] pollState: modemTriggered=true, mPollingContext=1, RadioState=RADIO_ON
01-10 13:51:41.372506  1304  1304 D RILJ    : [3704]> OPERATOR [SUB0]
01-10 13:51:41.374499   908   956 I AT      : [0] AT> AT+EOPS? (RIL_CMD_READER_1, tid:541379884272)
01-10 13:51:41.374666  1304  1304 D RILJ    : [3705]> DATA_REGISTRATION_STATE [SUB0]
01-10 13:51:41.377497  1304  1304 D RILJ    : [3706]> VOICE_REGISTRATION_STATE [SUB0]
01-10 13:51:41.378059  1304  1304 D MtkSmsCommonEventHelper: SMS is ready, Phone: 0
01-10 13:51:41.378567   908   955 I AT      : [0] AT< +EOPS: 0,2,"000000",1 (RIL_CMD_READER_1, tid:541380920560)
01-10 13:51:41.378657   908   955 I AT      : [0] AT< OK (RIL_CMD_READER_1, tid:541380920560)
01-10 13:51:41.378878   908   956 I AT      : [0] AT> AT+EGREG? (RIL_CMD_READER_1, tid:541379884272)
01-10 13:51:41.379604  1304  1459 D RILJ    : [3704]< OPERATOR {, , } [SUB0]
01-10 13:51:41.380910  1304  1304 D MTKSST  : [CdmaLteSST0] handle EVENT_RADIO_STATE_CHANGED
01-10 13:51:41.380984  1304  1304 D CdmaSSM : getcdmasubscriptionSource: 0
01-10 13:51:41.381017  1304  1304 D MTKSST  : [CdmaLteSST0] Subscription Source : 0
01-10 13:51:41.381039  1304  1304 D MTKSST  : [CdmaLteSST0] isFromRuim: true
01-10 13:51:41.381056  1304  1304 D MTKSST  : [CdmaLteSST0] Storing cdma subscription source: 0
01-10 13:51:41.382141  1304  1304 D MTKSST  : [CdmaLteSST0] Read from settings: 0
01-10 13:51:41.382735   908   955 I AT      : [0] AT< +EGREG: 3,0,"0000","00000000",0,0,0,0,0,0 (RIL_CMD_READER_1, tid:541380920560)
01-10 13:51:41.382860   908   955 I AT      : [0] AT< OK (RIL_CMD_READER_1, tid:541380920560)
01-10 13:51:41.383002   908   956 D RmcNwReqHdlr: [0] combineDataRegState(): ril_wfc_reg_status=0 registration_state=0
01-10 13:51:41.383344   908   956 I AT      : [0] AT> AT+EREG? (RIL_CMD_READER_1, tid:541379884272)
01-10 13:51:41.384025  1304  1459 D RILJ    : [3705]< DATA_REGISTRATION_STATE {.regState = NOT_REG_MT_NOT_SEARCHING_OP, .rat = 0, .reasonDataDenied = 0, .maxDataCalls = 1, .cellIdentity = {.cellInfoType = NONE, .cellIdentityGsm = [], .cellIdentityWcdma = [], .cellIdentityCdma = [], .cellIdentityLte = [], .cellIdentityTdscdma = []}} [SUB0]
01-10 13:51:41.384387  1304  1304 D MTKSST  : [CdmaLteSST0] mDeviceShuttingDown=false, mDesiredPowerState=true, getRadioState=RADIO_ON, mPowerOffDelayNeed=true, mAlarmSwitch=false
01-10 13:51:41.386238   908   955 I AT      : [0] AT< +EREG: 3,0,"FFFF","0FFFFFFF",0,0,0,0,0 (RIL_CMD_READER_1, tid:541380920560)
01-10 13:51:41.386371   908   955 I AT      : [0] AT< OK (RIL_CMD_READER_1, tid:541380920560)
01-10 13:51:41.386609   908   956 D RmcNwReqHdlr: [0] Set slot0 s_emergencly_only to false
01-10 13:51:41.386697   908   956 I AT      : [0] AT> AT+VLOCINFO? (RIL_CMD_READER_1, tid:541379884272)
01-10 13:51:41.390799   908   955 I AT      : [0] AT< +VLOCINFO:0,111,11,0,0,0,0,0,0x00000000000000000000000000000000,0x00 (RIL_CMD_READER_1, tid:541380920560)
01-10 13:51:41.391238   908   955 I AT      : [0] AT< OK (RIL_CMD_READER_1, tid:541380920560)
01-10 13:51:41.391953   908   947 D agps-ril: [-1] [RtcAgpsNSlotController]onServiceStateChanged(0) cs_reg=0, cs_rat=0, ps_reg=0, ps_rat=0
01-10 13:51:41.393394  1304  1459 D RILJ    : [3706]< VOICE_REGISTRATION_STATE {.regState = NOT_REG_MT_NOT_SEARCHING_OP, .rat = 0, .cssSupported = false, .roamingIndicator = 0, .systemIsInPrl = 0, .defaultRoamingIndicator = 2, .reasonForDenial = 0, .cellIdentity = {.cellInfoType = NONE, .cellIdentityGsm = [], .cellIdentityWcdma = [], .cellIdentityCdma = [], .cellIdentityLte = [], .cellIdentityTdscdma = []}} [SUB0]
01-10 13:51:41.400738  1288  1391 D MtkImsManagerEx: mMtkImsService = com.mediatek.ims.MtkImsService@9789564
01-10 13:51:41.401375  1288  1391 D MtkImsManagerEx: getModemMultiImsCount=2
01-10 13:51:41.417163  1304  1304 D MTKSST  : [CdmaLteSST0] pollState: modemTriggered=true, mPollingContext=3, RadioState=RADIO_ON
01-10 13:51:41.417360  1304  1304 V MtkSmsStorageMonitor: Sending pending memory status report : mStorageAvailable = true
01-10 13:51:41.419179  1304  1304 D RILJ    : [3707]> RIL_REQUEST_REPORT_SMS_MEMORY_STATUS available = true [SUB0]
01-10 13:51:41.420481   908   960 E RmcGsmSmsRequest: [0] SIM card was removed!
01-10 13:51:41.420932  1304  1304 D RILJ    : [3708]> GET_CURRENT_CALLS [SUB0]
