01-10 13:54:00.613195   908   956 I RmcOemRequestHandler: requestQueryThermal Enter: -1
01-10 13:54:00.613309   908   956 I AT      : [0] AT> AT+ETHERMAL (RIL_CMD_READER_1, tid:541379884272)
01-10 13:54:00.625639   908   955 I AT      : [0] AT< +ETHERMAL: 2, 32767, -127, -29536, 32767, 8 (RIL_CMD_READER_1, tid:541380920560)
01-10 13:54:00.626551   908   955 I AT      : [0] AT< OK (RIL_CMD_READER_1, tid:541380920560)
01-10 13:54:00.626911   908   956 I RmcOemRequestHandler: requestQueryThermal success
01-10 13:54:00.628038   908   947 D RtcRilClientController: client 1001 handle requestComplete
01-10 13:54:00.628184   908   947 I RilOemClient: request for THERMAL returned
01-10 13:54:00.628284   908   947 I RilOemClient: mThermalFd is valid strResult is  2, 32767, -127, -29536, 32767, 8
01-10 13:54:00.629390   908  3283 D RilOemClient: stream null here
01-10 13:54:00.630758   908  3284 I RilClient: start listen on fd: 11, soicket name: rild-oem
01-10 13:54:00.747039   908   953 I AT      : [0] AT< +ECSQ: 68,42,1,-209,-13,1,1,4,32767,1 (RIL_URC_READER, tid:541386102000)
01-10 13:54:05.881676   908   953 I AT      : [0] AT< +ECSQ: 68,40,1,-212,-17,1,1,4,32767,1 (RIL_URC_READER, tid:541386102000)
01-10 13:54:05.882745   908   954 D RmcNwHdlr: [0] handleSignalStrength, sig1:99, sig2:-1, cdma_dbm:-1, cdma_ecio:-1, evdo_dbm:-1,evdo_ecio:-1, evdo_snr:-1, lte_sig:99, lte_rsrp:2147483647, lte_rsrq:2147483647, lte_rssnr:2147483647, lte_cqi:2147483647,lte_timing_advance:2147483647, td_scdma_rscp:53
01-10 13:54:05.884678  1304  1304 D MTKSST  : [CdmaLteSST0] old:{level:0, raw:SignalStrength: 99 -1 -120 -160 -120 -1 -1 99 2147483647 2147483647 2147483647 2147483647 0 -52 cdma}, new:{level:0, raw:SignalStrength: 99 -1 -120 -160 -120 -1 -1 99 2147483647 2147483647 2147483647 2147483647 0 -53 cdma}
01-10 13:54:10.635536   908  3284 I RilClient: initialize: commandFd is 0
01-10 13:54:10.637807   908  3333 I RilOemClient: NUMBER:1
01-10 13:54:10.638238   908  3333 I RilOemClient: arg len:14
01-10 13:54:10.638384   908  3333 I RilOemClient: ARGS[0]:THERMAL,0,-1
01-10 13:54:10.638563   908  3333 I RilOemClient: executeThermal
01-10 13:54:10.638818   908  3333 D RilOemClient: Thermal line = THERMAL,0,-1
01-10 13:54:10.638818   908  3333 D RilOemClient: , cmd:THERMAL, slotId:0, targetSim: 0
01-10 13:54:10.638940   908  3333 I RilOemClient: arg : -1
01-10 13:54:10.641286   908   956 D RmcOemRequestHandler: [0] onHandleRequest: RFX_MSG_REQUEST_QUERY_MODEM_THERMAL(55019)
01-10 13:54:10.641542   908   956 I RmcOemRequestHandler: requestQueryThermal Enter: -1
01-10 13:54:10.641665   908   956 I AT      : [0] AT> AT+ETHERMAL (RIL_CMD_READER_1, tid:541379884272)
01-10 13:54:10.654132   908   955 I AT      : [0] AT< +ETHERMAL: 2, 32767, -127, -3919, 32767, 8 (RIL_CMD_READER_1, tid:541380920560)
01-10 13:54:10.654940   908   955 I AT      : [0] AT< OK (RIL_CMD_READER_1, tid:541380920560)
01-10 13:54:10.655482   908   956 I RmcOemRequestHandler: requestQueryThermal success
01-10 13:54:10.656829   908   947 D RtcRilClientController: client 1001 handle requestComplete
01-10 13:54:10.656977   908   947 I RilOemClient: request for THERMAL returned
01-10 13:54:10.657080   908   947 I RilOemClient: mThermalFd is valid strResult is  2, 32767, -127, -3919, 32767, 8
01-10 13:54:10.658474   908  3334 D RilOemClient: stream null here
01-10 13:54:10.660212   908  3335 I RilClient: start listen on fd: 11, soicket name: rild-oem
01-10 13:54:10.986332   908   953 I AT      : [0] AT< +ECSQ: 69,42,1,-207,-14,1,1,4,32767,1 (RIL_URC_READER, tid:541386102000)
01-10 13:54:10.987257   908   954 D RmcNwHdlr: [0] handleSignalStrength, sig1:99, sig2:-1, cdma_dbm:-1, cdma_ecio:-1, evdo_dbm:-1,evdo_ecio:-1, evdo_snr:-1, lte_sig:99, lte_rsrp:2147483647, lte_rsrq:2147483647, lte_rssnr:2147483647, lte_cqi:2147483647,lte_timing_advance:2147483647, td_scdma_rscp:51
01-10 13:54:10.988796  1304  1304 D MTKSST  : [CdmaLteSST0] old:{level:0, raw:SignalStrength: 99 -1 -120 -160 -120 -1 -1 99 2147483647 2147483647 2147483647 2147483647 0 -53 cdma}, new:{level:0, raw:SignalStrength: 99 -1 -120 -160 -120 -1 -1 99 2147483647 2147483647 2147483647 2147483647 0 -51 cdma}
01-10 13:54:16.109087   908   953 I AT      : [0] AT< +ECSQ: 69,42,1,-208,-14,1,1,4,32767,1 (RIL_URC_READER, tid:541386102000)
01-10 13:54:16.111756   908   954 D RmcNwHdlr: [0] handleSignalStrength, sig1:99, sig2:-1, cdma_dbm:-1, cdma_ecio:-1, evdo_dbm:-1,evdo_ecio:-1, evdo_snr:-1, lte_sig:99, lte_rsrp:2147483647, lte_rsrq:2147483647, lte_rssnr:2147483647, lte_cqi:2147483647,lte_timing_advance:2147483647, td_scdma_rscp:52
01-10 13:54:16.115385  1304  1304 D MTKSST  : [CdmaLteSST0] old:{level:0, raw:SignalStrength: 99 -1 -120 -160 -120 -1 -1 99 2147483647 2147483647 2147483647 2147483647 0 -51 cdma}, new:{level:0, raw:SignalStrength: 99 -1 -120 -160 -120 -1 -1 99 2147483647 2147483647 2147483647 2147483647 0 -52 cdma}
01-10 13:54:20.665714   908  3335 I RilClient: initialize: commandFd is 71
01-10 13:54:20.667282   908  3340 I RilOemClient: NUMBER:1
01-10 13:54:20.667609   908  3340 I RilOemClient: arg len:14
01-10 13:54:20.667751   908  3340 I RilOemClient: ARGS[0]:THERMAL,0,-1
01-10 13:54:20.667936   908  3340 I RilOemClient: executeThermal
01-10 13:54:20.668175   908  3340 D RilOemClient: Thermal line = THERMAL,0,-1
01-10 13:54:20.668175   908  3340 D RilOemClient: , cmd:THERMAL, slotId:0, targetSim: 0
01-10 13:54:20.668295   908  3340 I RilOemClient: arg : -1
01-10 13:54:20.671180   908   956 D RmcOemRequestHandler: [0] onHandleRequest: RFX_MSG_REQUEST_QUERY_MODEM_THERMAL(55019)
01-10 13:54:20.671435   908   956 I RmcOemRequestHandler: requestQueryThermal Enter: -1
01-10 13:54:20.671558   908   956 I AT      : [0] AT> AT+ETHERMAL (RIL_CMD_READER_1, tid:541379884272)
01-10 13:54:20.683984   908   955 I AT      : [0] AT< +ETHERMAL: 2, 32767, -127, 21724, 32767, 8 (RIL_CMD_READER_1, tid:541380920560)
01-10 13:54:20.684799   908   955 I AT      : [0] AT< OK (RIL_CMD_READER_1, tid:541380920560)
01-10 13:54:20.685334   908   956 I RmcOemRequestHandler: requestQueryThermal success
01-10 13:54:20.686594   908   947 D RtcRilClientController: client 1001 handle requestComplete
01-10 13:54:20.686736   908   947 I RilOemClient: request for THERMAL returned
01-10 13:54:20.686837   908   947 I RilOemClient: mThermalFd is valid strResult is  2, 32767, -127, 21724, 32767, 8
01-10 13:54:20.688693   908  3341 D RilOemClient: stream null here
01-10 13:54:20.689932   908  3342 I RilClient: start listen on fd: 11, soicket name: rild-oem
01-10 13:54:21.230316   908   953 I AT      : [0] AT< +ECSQ: 71,42,1,-200,-13,1,1,4,32767,1 (RIL_URC_READER, tid:541386102000)
01-10 13:54:21.232313   908   954 D RmcNwHdlr: [0] handleSignalStrength, sig1:99, sig2:-1, cdma_dbm:-1, cdma_ecio:-1, evdo_dbm:-1,evdo_ecio:-1, evdo_snr:-1, lte_sig:99, lte_rsrp:2147483647, lte_rsrq:2147483647, lte_rssnr:2147483647, lte_cqi:2147483647,lte_timing_advance:2147483647, td_scdma_rscp:50
01-10 13:54:21.235501  1304  1304 D MTKSST  : [CdmaLteSST0] old:{level:0, raw:SignalStrength: 99 -1 -120 -160 -120 -1 -1 99 2147483647 2147483647 2147483647 2147483647 0 -52 cdma}, new:{level:0, raw:SignalStrength: 99 -1 -120 -160 -120 -1 -1 99 2147483647 2147483647 2147483647 2147483647 0 -50 cdma}
01-10 13:54:26.351027   908   953 I AT      : [0] AT< +ECSQ: 70,42,1,-204,-13,1,1,4,32767,1 (RIL_URC_READER, tid:541386102000)
01-10 13:54:26.353637   908   954 D RmcNwHdlr: [0] handleSignalStrength, sig1:99, sig2:-1, cdma_dbm:-1, cdma_ecio:-1, evdo_dbm:-1,evdo_ecio:-1, evdo_snr:-1, lte_sig:99, lte_rsrp:2147483647, lte_rsrq:2147483647, lte_rssnr:2147483647, lte_cqi:2147483647,lte_timing_advance:2147483647, td_scdma_rscp:51
01-10 13:54:26.356882  1304  1304 D MTKSST  : [CdmaLteSST0] old:{level:0, raw:SignalStrength: 99 -1 -120 -160 -120 -1 -1 99 2147483647 2147483647 2147483647 2147483647 0 -50 cdma}, new:{level:0, raw:SignalStrength: 99 -1 -120 -160 -120 -1 -1 99 2147483647 2147483647 2147483647 2147483647 0 -51 cdma}
01-10 13:54:30.693020   908  3342 I RilClient: initialize: commandFd is 0
01-10 13:54:30.694806   908  3343 I RilOemClient: NUMBER:1
01-10 13:54:30.695364   908  3343 I RilOemClient: arg len:14
01-10 13:54:30.695919   908  3343 I RilOemClient: ARGS[0]:THERMAL,0,-1
01-10 13:54:30.696116   908  3343 I RilOemClient: executeThermal
01-10 13:54:30.696833   908  3343 D RilOemClient: Thermal line = THERMAL,0,-1
01-10 13:54:30.696833   908  3343 D RilOemClient: , cmd:THERMAL, slotId:0, targetSim: 0
01-10 13:54:30.696964   908  3343 I RilOemClient: arg : -1
01-10 13:54:30.699956   908   956 D RmcOemRequestHandler: [0] onHandleRequest: RFX_MSG_REQUEST_QUERY_MODEM_THERMAL(55019)
01-10 13:54:30.700142   908   956 I RmcOemRequestHandler: requestQueryThermal Enter: -1
01-10 13:54:30.700264   908   956 I AT      : [0] AT> AT+ETHERMAL (RIL_CMD_READER_1, tid:541379884272)
01-10 13:54:30.712181   908   955 I AT      : [0] AT< +ETHERMAL: 2, 32767, -127, -18185, 32767, 8 (RIL_CMD_READER_1, tid:541380920560)
01-10 13:54:30.712968   908   955 I AT      : [0] AT< OK (RIL_CMD_READER_1, tid:541380920560)
01-10 13:54:30.713312   908   956 I RmcOemRequestHandler: requestQueryThermal success
01-10 13:54:30.714520   908   947 D RtcRilClientController: client 1001 handle requestComplete
01-10 13:54:30.714664   908   947 I RilOemClient: request for THERMAL returned
01-10 13:54:30.714767   908   947 I RilOemClient: mThermalFd is valid strResult is  2, 32767, -127, -18185, 32767, 8
01-10 13:54:30.716076   908  3344 D RilOemClient: stream null here
01-10 13:54:30.717339   908  3345 I RilClient: start listen on fd: 11, soicket name: rild-oem
01-10 13:54:31.463918   908   953 I AT      : [0] AT< +ECSQ: 69,43,1,-206,-11,1,1,4,32767,1 (RIL_URC_READER, tid:541386102000)
01-10 13:54:36.586320   908   953 I AT      : [0] AT< +ECSQ: 69,43,1,-207,-12,1,1,4,32767,1 (RIL_URC_READER, tid:541386102000)
01-10 13:54:40.724414   908  3345 I RilClient: initialize: commandFd is 71
01-10 13:54:40.734163   908  3346 I RilOemClient: NUMBER:1
01-10 13:54:40.734588   908  3346 I RilOemClient: arg len:14
01-10 13:54:40.734726   908  3346 I RilOemClient: ARGS[0]:THERMAL,0,-1
01-10 13:54:40.735466   908  3346 I RilOemClient: executeThermal
01-10 13:54:40.736114   908  3346 D RilOemClient: Thermal line = THERMAL,0,-1
01-10 13:54:40.736114   908  3346 D RilOemClient: , cmd:THERMAL, slotId:0, targetSim: 0
01-10 13:54:40.736242   908  3346 I RilOemClient: arg : -1
01-10 13:54:40.738687   908   956 D RmcOemRequestHandler: [0] onHandleRequest: RFX_MSG_REQUEST_QUERY_MODEM_THERMAL(55019)
01-10 13:54:40.738828   908   956 I RmcOemRequestHandler: requestQueryThermal Enter: -1
01-10 13:54:40.738920   908   956 I AT      : [0] AT> AT+ETHERMAL (RIL_CMD_READER_1, tid:541379884272)
01-10 13:54:40.751541   908   955 I AT      : [0] AT< +ETHERMAL: 2, 32767, -127, 7596, 32767, 8 (RIL_CMD_READER_1, tid:541380920560)
01-10 13:54:40.752190   908   955 I AT      : [0] AT< OK (RIL_CMD_READER_1, tid:541380920560)
01-10 13:54:40.752752   908   956 I RmcOemRequestHandler: requestQueryThermal success
01-10 13:54:40.754402   908   947 D RtcRilClientController: client 1001 handle requestComplete
01-10 13:54:40.754562   908   947 I RilOemClient: request for THERMAL returned
01-10 13:54:40.754666   908   947 I RilOemClient: mThermalFd is valid strResult is  2, 32767, -127, 7596, 32767, 8
01-10 13:54:40.755733   908  3347 D RilOemClient: stream null here
01-10 13:54:40.757149   908  3348 I RilClient: start listen on fd: 11, soicket name: rild-oem
01-10 13:54:41.707039   908   953 I AT      : [0] AT< +ECSQ: 69,42,1,-207,-13,1,1,4,32767,1 (RIL_URC_READER, tid:541386102000)
01-10 13:54:43.973949   561  1997 E RPC     : entry g_lowpower_mode
01-10 13:54:46.827106   908   953 I AT      : [0] AT< +ECSQ: 68,42,1,-209,-13,1,1,4,32767,1 (RIL_URC_READER, tid:541386102000)
01-10 13:54:46.829298   908   954 D RmcNwHdlr: [0] handleSignalStrength, sig1:99, sig2:-1, cdma_dbm:-1, cdma_ecio:-1, evdo_dbm:-1,evdo_ecio:-1, evdo_snr:-1, lte_sig:99, lte_rsrp:2147483647, lte_rsrq:2147483647, lte_rssnr:2147483647, lte_cqi:2147483647,lte_timing_advance:2147483647, td_scdma_rscp:52
01-10 13:54:46.832507  1304  1304 D MTKSST  : [CdmaLteSST0] old:{level:0, raw:SignalStrength: 99 -1 -120 -160 -120 -1 -1 99 2147483647 2147483647 2147483647 2147483647 0 -51 cdma}, new:{level:0, raw:SignalStrength: 99 -1 -120 -160 -120 -1 -1 99 2147483647 2147483647 2147483647 2147483647 0 -52 cdma}
01-10 13:54:50.759781   908  3348 I RilClient: initialize: commandFd is 0
01-10 13:54:50.764652   908  3349 I RilOemClient: NUMBER:1
01-10 13:54:50.765053   908  3349 I RilOemClient: arg len:14
01-10 13:54:50.765199   908  3349 I RilOemClient: ARGS[0]:THERMAL,0,-1
01-10 13:54:50.765361   908  3349 I RilOemClient: executeThermal
01-10 13:54:50.765727   908  3349 D RilOemClient: Thermal line = THERMAL,0,-1
01-10 13:54:50.765727   908  3349 D RilOemClient: , cmd:THERMAL, slotId:0, targetSim: 0
01-10 13:54:50.765868   908  3349 I RilOemClient: arg : -1
01-10 13:54:50.770519   908   956 D RmcOemRequestHandler: [0] onHandleRequest: RFX_MSG_REQUEST_QUERY_MODEM_THERMAL(55019)
01-10 13:54:50.771604   908   956 I RmcOemRequestHandler: requestQueryThermal Enter: -1
01-10 13:54:50.771741   908   956 I AT      : [0] AT> AT+ETHERMAL (RIL_CMD_READER_1, tid:541379884272)
01-10 13:54:50.784577   908   955 I AT      : [0] AT< +ETHERMAL: 2, 32767, -127, -32241, 32767, 8 (RIL_CMD_READER_1, tid:541380920560)
01-10 13:54:50.785594   908   955 I AT      : [0] AT< OK (RIL_CMD_READER_1, tid:541380920560)
01-10 13:54:50.786147   908   956 I RmcOemRequestHandler: requestQueryThermal success
01-10 13:54:50.787317   908   947 D RtcRilClientController: client 1001 handle requestComplete
01-10 13:54:50.787466   908   947 I RilOemClient: request for THERMAL returned
01-10 13:54:50.787570   908   947 I RilOemClient: mThermalFd is valid strResult is  2, 32767, -127, -32241, 32767, 8
01-10 13:54:50.789074   908  3350 D RilOemClient: stream null here
01-10 13:54:50.790468   908  3351 I RilClient: start listen on fd: 11, soicket name: rild-oem
01-10 13:54:51.947757   908   953 I AT      : [0] AT< +ECSQ: 70,43,1,-203,-12,1,1,4,32767,1 (RIL_URC_READER, tid:541386102000)
01-10 13:54:51.949766   908   954 D RmcNwHdlr: [0] handleSignalStrength, sig1:99, sig2:-1, cdma_dbm:-1, cdma_ecio:-1, evdo_dbm:-1,evdo_ecio:-1, evdo_snr:-1, lte_sig:99, lte_rsrp:2147483647, lte_rsrq:2147483647, lte_rssnr:2147483647, lte_cqi:2147483647,lte_timing_advance:2147483647, td_scdma_rscp:50
01-10 13:54:51.953371  1304  1304 D MTKSST  : [CdmaLteSST0] old:{level:0, raw:SignalStrength: 99 -1 -120 -160 -120 -1 -1 99 2147483647 2147483647 2147483647 2147483647 0 -52 cdma}, new:{level:0, raw:SignalStrength: 99 -1 -120 -160 -120 -1 -1 99 2147483647 2147483647 2147483647 2147483647 0 -50 cdma}
01-10 13:54:57.068910   908   953 I AT      : [0] AT< +ECSQ: 70,42,1,-203,-14,1,1,4,32767,1 (RIL_URC_READER, tid:541386102000)
01-10 13:54:58.164818   561  1153 E RPC     : entry g_lowpower_mode
01-10 13:55:00.795301   908  3351 I RilClient: initialize: commandFd is 71
01-10 13:55:00.796888   908  3352 I RilOemClient: NUMBER:1
01-10 13:55:00.797219   908  3352 I RilOemClient: arg len:14
01-10 13:55:00.797359   908  3352 I RilOemClient: ARGS[0]:THERMAL,0,-1
01-10 13:55:00.797688   908  3352 I RilOemClient: executeThermal
01-10 13:55:00.797933   908  3352 D RilOemClient: Thermal line = THERMAL,0,-1
01-10 13:55:00.797933   908  3352 D RilOemClient: , cmd:THERMAL, slotId:0, targetSim: 0
01-10 13:55:00.798059   908  3352 I RilOemClient: arg : -1
01-10 13:55:00.800405   908   956 D RmcOemRequestHandler: [0] onHandleRequest: RFX_MSG_REQUEST_QUERY_MODEM_THERMAL(55019)
01-10 13:55:00.800581   908   956 I RmcOemRequestHandler: requestQueryThermal Enter: -1
01-10 13:55:00.800699   908   956 I AT      : [0] AT> AT+ETHERMAL (RIL_CMD_READER_1, tid:541379884272)
01-10 13:55:00.812676   908   955 I AT      : [0] AT< +ETHERMAL: 2, 32767, -127, -6612, 32767, 8 (RIL_CMD_READER_1, tid:541380920560)
01-10 13:55:00.813806   908   955 I AT      : [0] AT< OK (RIL_CMD_READER_1, tid:541380920560)
01-10 13:55:00.814151   908   956 I RmcOemRequestHandler: requestQueryThermal success
01-10 13:55:00.815614   908   947 D RtcRilClientController: client 1001 handle requestComplete
01-10 13:55:00.815755   908   947 I RilOemClient: request for THERMAL returned
01-10 13:55:00.815860   908   947 I RilOemClient: mThermalFd is valid strResult is  2, 32767, -127, -6612, 32767, 8
01-10 13:55:00.818430   908  3353 D RilOemClient: stream null here
01-10 13:55:00.820158   908  3354 I RilClient: start listen on fd: 11, soicket name: rild-oem
01-10 13:55:02.194126   908   953 I AT      : [0] AT< +ECSQ: 69,42,1,-206,-14,1,1,4,32767,1 (RIL_URC_READER, tid:541386102000)
01-10 13:55:02.196102   908   954 D RmcNwHdlr: [0] handleSignalStrength, sig1:99, sig2:-1, cdma_dbm:-1, cdma_ecio:-1, evdo_dbm:-1,evdo_ecio:-1, evdo_snr:-1, lte_sig:99, lte_rsrp:2147483647, lte_rsrq:2147483647, lte_rssnr:2147483647, lte_cqi:2147483647,lte_timing_advance:2147483647, td_scdma_rscp:51
01-10 13:55:02.198867  1304  1304 D MTKSST  : [CdmaLteSST0] old:{level:0, raw:SignalStrength: 99 -1 -120 -160 -120 -1 -1 99 2147483647 2147483647 2147483647 2147483647 0 -50 cdma}, new:{level:0, raw:SignalStrength: 99 -1 -120 -160 -120 -1 -1 99 2147483647 2147483647 2147483647 2147483647 0 -51 cdma}
01-10 13:55:07.312182   908   953 I AT      : [0] AT< +ECSQ: 68,41,1,-210,-16,1,1,4,32767,1 (RIL_URC_READER, tid:541386102000)
01-10 13:55:07.314660   908   954 D RmcNwHdlr: [0] handleSignalStrength, sig1:99, sig2:-1, cdma_dbm:-1, cdma_ecio:-1, evdo_dbm:-1,evdo_ecio:-1, evdo_snr:-1, lte_sig:99, lte_rsrp:2147483647, lte_rsrq:2147483647, lte_rssnr:2147483647, lte_cqi:2147483647,lte_timing_advance:2147483647, td_scdma_rscp:52
01-10 13:55:07.317902  1304  1304 D MTKSST  : [CdmaLteSST0] old:{level:0, raw:SignalStrength: 99 -1 -120 -160 -120 -1 -1 99 2147483647 2147483647 2147483647 2147483647 0 -51 cdma}, new:{level:0, raw:SignalStrength: 99 -1 -120 -160 -120 -1 -1 99 2147483647 2147483647 2147483647 2147483647 0 -52 cdma}
01-10 13:55:10.823498   908  3354 I RilClient: initialize: commandFd is 0
01-10 13:55:10.824989   908  3355 I RilOemClient: NUMBER:1
01-10 13:55:10.825318   908  3355 I RilOemClient: arg len:14
01-10 13:55:10.825582   908  3355 I RilOemClient: ARGS[0]:THERMAL,0,-1
01-10 13:55:10.825764   908  3355 I RilOemClient: executeThermal
01-10 13:55:10.826005   908  3355 D RilOemClient: Thermal line = THERMAL,0,-1
01-10 13:55:10.826005   908  3355 D RilOemClient: , cmd:THERMAL, slotId:0, targetSim: 0
01-10 13:55:10.826129   908  3355 I RilOemClient: arg : -1
01-10 13:55:10.828721   908   956 D RmcOemRequestHandler: [0] onHandleRequest: RFX_MSG_REQUEST_QUERY_MODEM_THERMAL(55019)
01-10 13:55:10.828897   908   956 I RmcOemRequestHandler: requestQueryThermal Enter: -1
01-10 13:55:10.829017   908   956 I AT      : [0] AT> AT+ETHERMAL (RIL_CMD_READER_1, tid:541379884272)
01-10 13:55:10.841228   908   955 I AT      : [0] AT< +ETHERMAL: 2, 32767, -127, 19005, 32767, 8 (RIL_CMD_READER_1, tid:541380920560)
01-10 13:55:10.842394   908   955 I AT      : [0] AT< OK (RIL_CMD_READER_1, tid:541380920560)
01-10 13:55:10.842742   908   956 I RmcOemRequestHandler: requestQueryThermal success
01-10 13:55:10.843901   908   947 D RtcRilClientController: client 1001 handle requestComplete
01-10 13:55:10.844041   908   947 I RilOemClient: request for THERMAL returned
01-10 13:55:10.844145   908   947 I RilOemClient: mThermalFd is valid strResult is  2, 32767, -127, 19005, 32767, 8
01-10 13:55:10.845343   908  3356 D RilOemClient: stream null here
01-10 13:55:10.846876   908  3357 I RilClient: start listen on fd: 11, soicket name: rild-oem
01-10 13:55:12.424646   908   953 I AT      : [0] AT< +ECSQ: 68,38,1,-211,-21,1,1,4,32767,1 (RIL_URC_READER, tid:541386102000)
01-10 13:55:20.852269   908  3357 I RilClient: initialize: commandFd is 71
01-10 13:55:20.854143   908  3358 I RilOemClient: NUMBER:1
01-10 13:55:20.854493   908  3358 I RilOemClient: arg len:14
01-10 13:55:20.854635   908  3358 I RilOemClient: ARGS[0]:THERMAL,0,-1
01-10 13:55:20.854834   908  3358 I RilOemClient: executeThermal
01-10 13:55:20.855071   908  3358 D RilOemClient: Thermal line = THERMAL,0,-1
01-10 13:55:20.855071   908  3358 D RilOemClient: , cmd:THERMAL, slotId:0, targetSim: 0
01-10 13:55:20.855196   908  3358 I RilOemClient: arg : -1
01-10 13:55:20.857834   908   956 D RmcOemRequestHandler: [0] onHandleRequest: RFX_MSG_REQUEST_QUERY_MODEM_THERMAL(55019)
01-10 13:55:20.858020   908   956 I RmcOemRequestHandler: requestQueryThermal Enter: -1
01-10 13:55:20.858140   908   956 I AT      : [0] AT> AT+ETHERMAL (RIL_CMD_READER_1, tid:541379884272)
01-10 13:55:20.870477   908   955 I AT      : [0] AT< +ETHERMAL: 2, 32767, -127, -20899, 32767, 8 (RIL_CMD_READER_1, tid:541380920560)
01-10 13:55:20.871631   908   955 I AT      : [0] AT< OK (RIL_CMD_READER_1, tid:541380920560)
01-10 13:55:20.872228   908   956 I RmcOemRequestHandler: requestQueryThermal success
01-10 13:55:20.874040   908   947 D RtcRilClientController: client 1001 handle requestComplete
01-10 13:55:20.874217   908   947 I RilOemClient: request for THERMAL returned
01-10 13:55:20.874327   908   947 I RilOemClient: mThermalFd is valid strResult is  2, 32767, -127, -20899, 32767, 8
01-10 13:55:20.884984   908  3359 D RilOemClient: stream null here
01-10 13:55:20.890559   908  3360 I RilClient: start listen on fd: 11, soicket name: rild-oem
01-10 13:55:22.681188   908   953 I AT      : [0] AT< +ECSQ: 69,41,1,-208,-16,1,1,4,32767,1 (RIL_URC_READER, tid:541386102000)
01-10 13:55:27.787768   908   953 I AT      : [0] AT< +ECSQ: 69,43,1,-206,-11,1,1,4,32767,1 (RIL_URC_READER, tid:541386102000)
01-10 13:55:27.791736   908   954 D RmcNwHdlr: [0] handleSignalStrength, sig1:99, sig2:-1, cdma_dbm:-1, cdma_ecio:-1, evdo_dbm:-1,evdo_ecio:-1, evdo_snr:-1, lte_sig:99, lte_rsrp:2147483647, lte_rsrq:2147483647, lte_rssnr:2147483647, lte_cqi:2147483647,lte_timing_advance:2147483647, td_scdma_rscp:51
01-10 13:55:27.795478  1304  1304 D MTKSST  : [CdmaLteSST0] old:{level:0, raw:SignalStrength: 99 -1 -120 -160 -120 -1 -1 99 2147483647 2147483647 2147483647 2147483647 0 -52 cdma}, new:{level:0, raw:SignalStrength: 99 -1 -120 -160 -120 -1 -1 99 2147483647 2147483647 2147483647 2147483647 0 -51 cdma}
01-10 13:55:30.882963   908  3360 I RilClient: initialize: commandFd is 0
01-10 13:55:30.885103   908  3361 I RilOemClient: NUMBER:1
01-10 13:55:30.885527   908  3361 I RilOemClient: arg len:14
01-10 13:55:30.885679   908  3361 I RilOemClient: ARGS[0]:THERMAL,0,-1
01-10 13:55:30.885859   908  3361 I RilOemClient: executeThermal
01-10 13:55:30.886124   908  3361 D RilOemClient: Thermal line = THERMAL,0,-1
01-10 13:55:30.886124   908  3361 D RilOemClient: , cmd:THERMAL, slotId:0, targetSim: 0
01-10 13:55:30.886248   908  3361 I RilOemClient: arg : -1
01-10 13:55:30.888797   908   956 D RmcOemRequestHandler: [0] onHandleRequest: RFX_MSG_REQUEST_QUERY_MODEM_THERMAL(55019)
01-10 13:55:30.888973   908   956 I RmcOemRequestHandler: requestQueryThermal Enter: -1
01-10 13:55:30.889093   908   956 I AT      : [0] AT> AT+ETHERMAL (RIL_CMD_READER_1, tid:541379884272)
01-10 13:55:30.901344   908   955 I AT      : [0] AT< +ETHERMAL: 2, 32767, -127, 4765, 32767, 8 (RIL_CMD_READER_1, tid:541380920560)
01-10 13:55:30.902099   908   955 I AT      : [0] AT< OK (RIL_CMD_READER_1, tid:541380920560)
01-10 13:55:30.902460   908   956 I RmcOemRequestHandler: requestQueryThermal success
01-10 13:55:30.903975   908   947 D RtcRilClientController: client 1001 handle requestComplete
01-10 13:55:30.904123   908   947 I RilOemClient: request for THERMAL returned
01-10 13:55:30.904228   908   947 I RilOemClient: mThermalFd is valid strResult is  2, 32767, -127, 4765, 32767, 8
01-10 13:55:30.905337   908  3362 D RilOemClient: stream null here
01-10 13:55:30.908225   908  3363 I RilClient: start listen on fd: 11, soicket name: rild-oem
01-10 13:55:32.908610   908   953 I AT      : [0] AT< +ECSQ: 71,41,1,-199,-15,1,1,4,32767,1 (RIL_URC_READER, tid:541386102000)
01-10 13:55:32.910863   908   954 D RmcNwHdlr: [0] handleSignalStrength, sig1:99, sig2:-1, cdma_dbm:-1, cdma_ecio:-1, evdo_dbm:-1,evdo_ecio:-1, evdo_snr:-1, lte_sig:99, lte_rsrp:2147483647, lte_rsrq:2147483647, lte_rssnr:2147483647, lte_cqi:2147483647,lte_timing_advance:2147483647, td_scdma_rscp:49
01-10 13:55:32.914473  1304  1304 D MTKSST  : [CdmaLteSST0] old:{level:0, raw:SignalStrength: 99 -1 -120 -160 -120 -1 -1 99 2147483647 2147483647 2147483647 2147483647 0 -51 cdma}, new:{level:0, raw:SignalStrength: 99 -1 -120 -160 -120 -1 -1 99 2147483647 2147483647 2147483647 2147483647 0 -49 cdma}
01-10 13:55:38.029342   908   953 I AT      : [0] AT< +ECSQ: 72,42,1,-196,-14,1,1,4,32767,1 (RIL_URC_READER, tid:541386102000)
01-10 13:55:40.911983   908  3363 I RilClient: initialize: commandFd is 71
01-10 13:55:40.913745   908  3364 I RilOemClient: NUMBER:1
01-10 13:55:40.914086   908  3364 I RilOemClient: arg len:14
01-10 13:55:40.914230   908  3364 I RilOemClient: ARGS[0]:THERMAL,0,-1
01-10 13:55:40.914409   908  3364 I RilOemClient: executeThermal
01-10 13:55:40.914650   908  3364 D RilOemClient: Thermal line = THERMAL,0,-1
01-10 13:55:40.914650   908  3364 D RilOemClient: , cmd:THERMAL, slotId:0, targetSim: 0
01-10 13:55:40.914773   908  3364 I RilOemClient: arg : -1
01-10 13:55:40.917119   908   956 D RmcOemRequestHandler: [0] onHandleRequest: RFX_MSG_REQUEST_QUERY_MODEM_THERMAL(55019)
01-10 13:55:40.917284   908   956 I RmcOemRequestHandler: requestQueryThermal Enter: -1
01-10 13:55:40.917400   908   956 I AT      : [0] AT> AT+ETHERMAL (RIL_CMD_READER_1, tid:541379884272)
01-10 13:55:40.929304   908   955 I AT      : [0] AT< +ETHERMAL: 2, 32767, -127, 30384, 32767, 8 (RIL_CMD_READER_1, tid:541380920560)
01-10 13:55:40.931016   908   955 I AT      : [0] AT< OK (RIL_CMD_READER_1, tid:541380920560)
01-10 13:55:40.931496   908   956 I RmcOemRequestHandler: requestQueryThermal success
01-10 13:55:40.932958   908   947 D RtcRilClientController: client 1001 handle requestComplete
01-10 13:55:40.933114   908   947 I RilOemClient: request for THERMAL returned
01-10 13:55:40.933220   908   947 I RilOemClient: mThermalFd is valid strResult is  2, 32767, -127, 30384, 32767, 8
01-10 13:55:40.935280   908  3365 D RilOemClient: stream null here
01-10 13:55:40.936601   908  3366 I RilClient: start listen on fd: 11, soicket name: rild-oem
01-10 13:55:43.166122   908   953 I AT      : [0] AT< +ECSQ: 72,39,1,-195,-19,1,1,4,32767,1 (RIL_URC_READER, tid:541386102000)
01-10 13:55:43.168252   908   954 D RmcNwHdlr: [0] handleSignalStrength, sig1:99, sig2:-1, cdma_dbm:-1, cdma_ecio:-1, evdo_dbm:-1,evdo_ecio:-1, evdo_snr:-1, lte_sig:99, lte_rsrp:2147483647, lte_rsrq:2147483647, lte_rssnr:2147483647, lte_cqi:2147483647,lte_timing_advance:2147483647, td_scdma_rscp:48
01-10 13:55:43.171733  1304  1304 D MTKSST  : [CdmaLteSST0] old:{level:0, raw:SignalStrength: 99 -1 -120 -160 -120 -1 -1 99 2147483647 2147483647 2147483647 2147483647 0 -49 cdma}, new:{level:0, raw:SignalStrength: 99 -1 -120 -160 -120 -1 -1 99 2147483647 2147483647 2147483647 2147483647 0 -48 cdma}
01-10 13:55:44.019290   561  1997 E RPC     : entry g_lowpower_mode
01-10 13:55:48.271913   908   953 I AT      : [0] AT< +ECSQ: 69,42,1,-208,-13,1,1,4,32767,1 (RIL_URC_READER, tid:541386102000)
01-10 13:55:48.274205   908   954 D RmcNwHdlr: [0] handleSignalStrength, sig1:99, sig2:-1, cdma_dbm:-1, cdma_ecio:-1, evdo_dbm:-1,evdo_ecio:-1, evdo_snr:-1, lte_sig:99, lte_rsrp:2147483647, lte_rsrq:2147483647, lte_rssnr:2147483647, lte_cqi:2147483647,lte_timing_advance:2147483647, td_scdma_rscp:52
01-10 13:55:48.277862  1304  1304 D MTKSST  : [CdmaLteSST0] old:{level:0, raw:SignalStrength: 99 -1 -120 -160 -120 -1 -1 99 2147483647 2147483647 2147483647 2147483647 0 -48 cdma}, new:{level:0, raw:SignalStrength: 99 -1 -120 -160 -120 -1 -1 99 2147483647 2147483647 2147483647 2147483647 0 -52 cdma}
01-10 13:55:50.941551   908  3366 I RilClient: initialize: commandFd is 0
01-10 13:55:50.943041   908  3367 I RilOemClient: NUMBER:1
01-10 13:55:50.943375   908  3367 I RilOemClient: arg len:14
01-10 13:55:50.943519   908  3367 I RilOemClient: ARGS[0]:THERMAL,0,-1
01-10 13:55:50.943697   908  3367 I RilOemClient: executeThermal
01-10 13:55:50.943943   908  3367 D RilOemClient: Thermal line = THERMAL,0,-1
01-10 13:55:50.943943   908  3367 D RilOemClient: , cmd:THERMAL, slotId:0, targetSim: 0
01-10 13:55:50.944067   908  3367 I RilOemClient: arg : -1
01-10 13:55:50.946520   908   956 D RmcOemRequestHandler: [0] onHandleRequest: RFX_MSG_REQUEST_QUERY_MODEM_THERMAL(55019)
01-10 13:55:50.946698   908   956 I RmcOemRequestHandler: requestQueryThermal Enter: -1
01-10 13:55:50.946815   908   956 I AT      : [0] AT> AT+ETHERMAL (RIL_CMD_READER_1, tid:541379884272)
01-10 13:55:50.958731   908   955 I AT      : [0] AT< +ETHERMAL: 2, 32767, -127, -9514, 32767, 8 (RIL_CMD_READER_1, tid:541380920560)
01-10 13:55:50.960856   908   955 I AT      : [0] AT< OK (RIL_CMD_READER_1, tid:541380920560)
01-10 13:55:50.961397   908   956 I RmcOemRequestHandler: requestQueryThermal success
01-10 13:55:50.963254   908   947 D RtcRilClientController: client 1001 handle requestComplete
01-10 13:55:50.963431   908   947 I RilOemClient: request for THERMAL returned
01-10 13:55:50.963538   908   947 I RilOemClient: mThermalFd is valid strResult is  2, 32767, -127, -9514, 32767, 8
01-10 13:55:50.965037   908  3368 D RilOemClient: stream null here
01-10 13:55:50.966520   908  3369 I RilClient: start listen on fd: 11, soicket name: rild-oem
01-10 13:55:53.384311   908   953 I AT      : [0] AT< +ECSQ: 70,42,1,-201,-13,1,1,4,32767,1 (RIL_URC_READER, tid:541386102000)
01-10 13:55:53.387205   908   954 D RmcNwHdlr: [0] handleSignalStrength, sig1:99, sig2:-1, cdma_dbm:-1, cdma_ecio:-1, evdo_dbm:-1,evdo_ecio:-1, evdo_snr:-1, lte_sig:99, lte_rsrp:2147483647, lte_rsrq:2147483647, lte_rssnr:2147483647, lte_cqi:2147483647,lte_timing_advance:2147483647, td_scdma_rscp:50
01-10 13:55:53.394302  1304  1304 D MTKSST  : [CdmaLteSST0] old:{level:0, raw:SignalStrength: 99 -1 -120 -160 -120 -1 -1 99 2147483647 2147483647 2147483647 2147483647 0 -52 cdma}, new:{level:0, raw:SignalStrength: 99 -1 -120 -160 -120 -1 -1 99 2147483647 2147483647 2147483647 2147483647 0 -50 cdma}
01-10 13:55:58.169319   561  1153 E RPC     : entry g_lowpower_mode
01-10 13:55:58.505623   908   953 I AT      : [0] AT< +ECSQ: 69,42,1,-207,-13,1,1,4,32767,1 (RIL_URC_READER, tid:541386102000)
01-10 13:55:58.508111   908   954 D RmcNwHdlr: [0] handleSignalStrength, sig1:99, sig2:-1, cdma_dbm:-1, cdma_ecio:-1, evdo_dbm:-1,evdo_ecio:-1, evdo_snr:-1, lte_sig:99, lte_rsrp:2147483647, lte_rsrq:2147483647, lte_rssnr:2147483647, lte_cqi:2147483647,lte_timing_advance:2147483647, td_scdma_rscp:51
01-10 13:55:58.511407  1304  1304 D MTKSST  : [CdmaLteSST0] old:{level:0, raw:SignalStrength: 99 -1 -120 -160 -120 -1 -1 99 2147483647 2147483647 2147483647 2147483647 0 -50 cdma}, new:{level:0, raw:SignalStrength: 99 -1 -120 -160 -120 -1 -1 99 2147483647 2147483647 2147483647 2147483647 0 -51 cdma}
01-10 13:56:00.970882   908  3369 I RilClient: initialize: commandFd is 71
01-10 13:56:00.972941   908  3370 I RilOemClient: NUMBER:1
01-10 13:56:00.973343   908  3370 I RilOemClient: arg len:14
01-10 13:56:00.973624   908  3370 I RilOemClient: ARGS[0]:THERMAL,0,-1
01-10 13:56:00.973824   908  3370 I RilOemClient: executeThermal
01-10 13:56:00.974164   908  3370 D RilOemClient: Thermal line = THERMAL,0,-1
01-10 13:56:00.974164   908  3370 D RilOemClient: , cmd:THERMAL, slotId:0, targetSim: 0
01-10 13:56:00.974295   908  3370 I RilOemClient: arg : -1
01-10 13:56:00.976748   908   956 D RmcOemRequestHandler: [0] onHandleRequest: RFX_MSG_REQUEST_QUERY_MODEM_THERMAL(55019)
01-10 13:56:00.976925   908   956 I RmcOemRequestHandler: requestQueryThermal Enter: -1
01-10 13:56:00.977041   908   956 I AT      : [0] AT> AT+ETHERMAL (RIL_CMD_READER_1, tid:541379884272)
01-10 13:56:00.989569   908   955 I AT      : [0] AT< +ETHERMAL: 2, 32767, -127, 16138, 32767, 8 (RIL_CMD_READER_1, tid:541380920560)
01-10 13:56:00.990250   908   955 I AT      : [0] AT< OK (RIL_CMD_READER_1, tid:541380920560)
01-10 13:56:00.990628   908   956 I RmcOemRequestHandler: requestQueryThermal success
01-10 13:56:00.991984   908   947 D RtcRilClientController: client 1001 handle requestComplete
01-10 13:56:00.992148   908   947 I RilOemClient: request for THERMAL returned
01-10 13:56:00.992252   908   947 I RilOemClient: mThermalFd is valid strResult is  2, 32767, -127, 16138, 32767, 8
01-10 13:56:00.993287   908  3371 D RilOemClient: stream null here
01-10 13:56:00.995228   908  3372 I RilClient: start listen on fd: 11, soicket name: rild-oem
01-10 13:56:03.625911   908   953 I AT      : [0] AT< +ECSQ: 69,42,1,-207,-14,1,1,4,32767,1 (RIL_URC_READER, tid:541386102000)
01-10 13:56:08.746846   908   953 I AT      : [0] AT< +ECSQ: 69,42,1,-206,-14,1,1,4,32767,1 (RIL_URC_READER, tid:541386102000)
01-10 13:56:10.999911   908  3372 I RilClient: initialize: commandFd is 0
01-10 13:56:11.001355   908  3373 I RilOemClient: NUMBER:1
01-10 13:56:11.001826   908  3373 I RilOemClient: arg len:14
01-10 13:56:11.001969   908  3373 I RilOemClient: ARGS[0]:THERMAL,0,-1
01-10 13:56:11.002153   908  3373 I RilOemClient: executeThermal
01-10 13:56:11.002385   908  3373 D RilOemClient: Thermal line = THERMAL,0,-1
01-10 13:56:11.002385   908  3373 D RilOemClient: , cmd:THERMAL, slotId:0, targetSim: 0
01-10 13:56:11.002510   908  3373 I RilOemClient: arg : -1
01-10 13:56:11.005186   908   956 D RmcOemRequestHandler: [0] onHandleRequest: RFX_MSG_REQUEST_QUERY_MODEM_THERMAL(55019)
01-10 13:56:11.005385   908   956 I RmcOemRequestHandler: requestQueryThermal Enter: -1
01-10 13:56:11.005655   908   956 I AT      : [0] AT> AT+ETHERMAL (RIL_CMD_READER_1, tid:541379884272)
01-10 13:56:11.019847   908   955 I AT      : [0] AT< +ETHERMAL: 2, 32767, -127, -23762, 32767, 8 (RIL_CMD_READER_1, tid:541380920560)
01-10 13:56:11.020080   908   955 I AT      : [0] AT< OK (RIL_CMD_READER_1, tid:541380920560)
01-10 13:56:11.020412   908   956 I RmcOemRequestHandler: requestQueryThermal success
01-10 13:56:11.021830   908   947 D RtcRilClientController: client 1001 handle requestComplete
01-10 13:56:11.021985   908   947 I RilOemClient: request for THERMAL returned
01-10 13:56:11.022091   908   947 I RilOemClient: mThermalFd is valid strResult is  2, 32767, -127, -23762, 32767, 8
01-10 13:56:11.023339   908  3374 D RilOemClient: stream null here
01-10 13:56:11.024934   908  3375 I RilClient: start listen on fd: 11, soicket name: rild-oem
01-10 13:56:13.866602   908   953 I AT      : [0] AT< +ECSQ: 68,39,1,-211,-20,1,1,4,32767,1 (RIL_URC_READER, tid:541386102000)
01-10 13:56:13.867736   908   954 D RmcNwHdlr: [0] handleSignalStrength, sig1:99, sig2:-1, cdma_dbm:-1, cdma_ecio:-1, evdo_dbm:-1,evdo_ecio:-1, evdo_snr:-1, lte_sig:99, lte_rsrp:2147483647, lte_rsrq:2147483647, lte_rssnr:2147483647, lte_cqi:2147483647,lte_timing_advance:2147483647, td_scdma_rscp:52
01-10 13:56:13.870182  1304  1304 D MTKSST  : [CdmaLteSST0] old:{level:0, raw:SignalStrength: 99 -1 -120 -160 -120 -1 -1 99 2147483647 2147483647 2147483647 2147483647 0 -51 cdma}, new:{level:0, raw:SignalStrength: 99 -1 -120 -160 -120 -1 -1 99 2147483647 2147483647 2147483647 2147483647 0 -52 cdma}
01-10 13:56:18.988123   908   953 I AT      : [0] AT< +ECSQ: 69,41,1,-205,-15,1,1,4,32767,1 (RIL_URC_READER, tid:541386102000)
01-10 13:56:18.989648   908   954 D RmcNwHdlr: [0] handleSignalStrength, sig1:99, sig2:-1, cdma_dbm:-1, cdma_ecio:-1, evdo_dbm:-1,evdo_ecio:-1, evdo_snr:-1, lte_sig:99, lte_rsrp:2147483647, lte_rsrq:2147483647, lte_rssnr:2147483647, lte_cqi:2147483647,lte_timing_advance:2147483647, td_scdma_rscp:51
01-10 13:56:18.991834  1304  1304 D MTKSST  : [CdmaLteSST0] old:{level:0, raw:SignalStrength: 99 -1 -120 -160 -120 -1 -1 99 2147483647 2147483647 2147483647 2147483647 0 -52 cdma}, new:{level:0, raw:SignalStrength: 99 -1 -120 -160 -120 -1 -1 99 2147483647 2147483647 2147483647 2147483647 0 -51 cdma}
01-10 13:56:21.030526   908  3375 I RilClient: initialize: commandFd is 71
01-10 13:56:21.032483   908  3376 I RilOemClient: NUMBER:1
01-10 13:56:21.032836   908  3376 I RilOemClient: arg len:14
01-10 13:56:21.032979   908  3376 I RilOemClient: ARGS[0]:THERMAL,0,-1
01-10 13:56:21.033157   908  3376 I RilOemClient: executeThermal
01-10 13:56:21.033604   908  3376 D RilOemClient: Thermal line = THERMAL,0,-1
01-10 13:56:21.033604   908  3376 D RilOemClient: , cmd:THERMAL, slotId:0, targetSim: 0
01-10 13:56:21.033741   908  3376 I RilOemClient: arg : -1
01-10 13:56:21.036515   908   956 D RmcOemRequestHandler: [0] onHandleRequest: RFX_MSG_REQUEST_QUERY_MODEM_THERMAL(55019)
01-10 13:56:21.036709   908   956 I RmcOemRequestHandler: requestQueryThermal Enter: -1
01-10 13:56:21.036832   908   956 I AT      : [0] AT> AT+ETHERMAL (RIL_CMD_READER_1, tid:541379884272)
01-10 13:56:21.048647   908   955 I AT      : [0] AT< +ETHERMAL: 2, 32767, -127, 1894, 32767, 8 (RIL_CMD_READER_1, tid:541380920560)
01-10 13:56:21.049600   908   955 I AT      : [0] AT< OK (RIL_CMD_READER_1, tid:541380920560)
01-10 13:56:21.049946   908   956 I RmcOemRequestHandler: requestQueryThermal success
01-10 13:56:21.051232   908   947 D RtcRilClientController: client 1001 handle requestComplete
01-10 13:56:21.051376   908   947 I RilOemClient: request for THERMAL returned
01-10 13:56:21.051475   908   947 I RilOemClient: mThermalFd is valid strResult is  2, 32767, -127, 1894, 32767, 8
01-10 13:56:21.052719   908  3377 D RilOemClient: stream null here
01-10 13:56:21.054363   908  3378 I RilClient: start listen on fd: 11, soicket name: rild-oem
01-10 13:56:24.109260   908   953 I AT      : [0] AT< +ECSQ: 70,43,1,-203,-12,1,1,4,32767,1 (RIL_URC_READER, tid:541386102000)
01-10 13:56:24.110281   908   954 D RmcNwHdlr: [0] handleSignalStrength, sig1:99, sig2:-1, cdma_dbm:-1, cdma_ecio:-1, evdo_dbm:-1,evdo_ecio:-1, evdo_snr:-1, lte_sig:99, lte_rsrp:2147483647, lte_rsrq:2147483647, lte_rssnr:2147483647, lte_cqi:2147483647,lte_timing_advance:2147483647, td_scdma_rscp:50
01-10 13:56:24.113328  1304  1304 D MTKSST  : [CdmaLteSST0] old:{level:0, raw:SignalStrength: 99 -1 -120 -160 -120 -1 -1 99 2147483647 2147483647 2147483647 2147483647 0 -51 cdma}, new:{level:0, raw:SignalStrength: 99 -1 -120 -160 -120 -1 -1 99 2147483647 2147483647 2147483647 2147483647 0 -50 cdma}
01-10 13:56:29.231914   908   953 I AT      : [0] AT< +ECSQ: 70,42,1,-202,-14,1,1,4,32767,1 (RIL_URC_READER, tid:541386102000)
01-10 13:56:31.059588   908  3378 I RilClient: initialize: commandFd is 0
01-10 13:56:31.061045   908  3379 I RilOemClient: NUMBER:1
01-10 13:56:31.061368   908  3379 I RilOemClient: arg len:14
01-10 13:56:31.061673   908  3379 I RilOemClient: ARGS[0]:THERMAL,0,-1
01-10 13:56:31.061872   908  3379 I RilOemClient: executeThermal
01-10 13:56:31.062154   908  3379 D RilOemClient: Thermal line = THERMAL,0,-1
01-10 13:56:31.062154   908  3379 D RilOemClient: , cmd:THERMAL, slotId:0, targetSim: 0
01-10 13:56:31.062276   908  3379 I RilOemClient: arg : -1
01-10 13:56:31.064960   908   956 D RmcOemRequestHandler: [0] onHandleRequest: RFX_MSG_REQUEST_QUERY_MODEM_THERMAL(55019)
01-10 13:56:31.065206   908   956 I RmcOemRequestHandler: requestQueryThermal Enter: -1
01-10 13:56:31.065329   908   956 I AT      : [0] AT> AT+ETHERMAL (RIL_CMD_READER_1, tid:541379884272)
01-10 13:56:31.077598   908   955 I AT      : [0] AT< +ETHERMAL: 2, 32767, -127, 27517, 32767, 8 (RIL_CMD_READER_1, tid:541380920560)
01-10 13:56:31.078391   908   955 I AT      : [0] AT< OK (RIL_CMD_READER_1, tid:541380920560)
01-10 13:56:31.078748   908   956 I RmcOemRequestHandler: requestQueryThermal success
01-10 13:56:31.079884   908   947 D RtcRilClientController: client 1001 handle requestComplete
01-10 13:56:31.080026   908   947 I RilOemClient: request for THERMAL returned
01-10 13:56:31.080129   908   947 I RilOemClient: mThermalFd is valid strResult is  2, 32767, -127, 27517, 32767, 8
01-10 13:56:31.081174   908  3380 D RilOemClient: stream null here
01-10 13:56:31.082599   908  3381 I RilClient: start listen on fd: 11, soicket name: rild-oem
01-10 13:56:34.344592   908   953 I AT      : [0] AT< +ECSQ: 70,43,1,-201,-11,1,1,4,32767,1 (RIL_URC_READER, tid:541386102000)
01-10 13:56:39.479481   908   953 I AT      : [0] AT< +ECSQ: 72,43,1,-193,-11,1,1,4,32767,1 (RIL_URC_READER, tid:541386102000)
01-10 13:56:39.481609   908   954 D RmcNwHdlr: [0] handleSignalStrength, sig1:99, sig2:-1, cdma_dbm:-1, cdma_ecio:-1, evdo_dbm:-1,evdo_ecio:-1, evdo_snr:-1, lte_sig:99, lte_rsrp:2147483647, lte_rsrq:2147483647, lte_rssnr:2147483647, lte_cqi:2147483647,lte_timing_advance:2147483647, td_scdma_rscp:48
01-10 13:56:39.484948  1304  1304 D MTKSST  : [CdmaLteSST0] old:{level:0, raw:SignalStrength: 99 -1 -120 -160 -120 -1 -1 99 2147483647 2147483647 2147483647 2147483647 0 -50 cdma}, new:{level:0, raw:SignalStrength: 99 -1 -120 -160 -120 -1 -1 99 2147483647 2147483647 2147483647 2147483647 0 -48 cdma}
01-10 13:56:41.083587   908  3381 I RilClient: initialize: commandFd is 71
01-10 13:56:41.085722   908  3382 I RilOemClient: NUMBER:1
01-10 13:56:41.086095   908  3382 I RilOemClient: arg len:14
01-10 13:56:41.086238   908  3382 I RilOemClient: ARGS[0]:THERMAL,0,-1
01-10 13:56:41.086448   908  3382 I RilOemClient: executeThermal
01-10 13:56:41.086646   908  3382 D RilOemClient: Thermal line = THERMAL,0,-1
01-10 13:56:41.086646   908  3382 D RilOemClient: , cmd:THERMAL, slotId:0, targetSim: 0
01-10 13:56:41.086732   908  3382 I RilOemClient: arg : -1
01-10 13:56:41.090028   908   956 D RmcOemRequestHandler: [0] onHandleRequest: RFX_MSG_REQUEST_QUERY_MODEM_THERMAL(55019)
01-10 13:56:41.090206   908   956 I RmcOemRequestHandler: requestQueryThermal Enter: -1
01-10 13:56:41.090322   908   956 I AT      : [0] AT> AT+ETHERMAL (RIL_CMD_READER_1, tid:541379884272)
01-10 13:56:41.103060   908   955 I AT      : [0] AT< +ETHERMAL: 2, 32767, -127, -12450, 32767, 8 (RIL_CMD_READER_1, tid:541380920560)
01-10 13:56:41.104970   908   955 I AT      : [0] AT< OK (RIL_CMD_READER_1, tid:541380920560)
01-10 13:56:41.105686   908   956 I RmcOemRequestHandler: requestQueryThermal success
01-10 13:56:41.111144   908   947 D RtcRilClientController: client 1001 handle requestComplete
01-10 13:56:41.111341   908   947 I RilOemClient: request for THERMAL returned
01-10 13:56:41.111449   908   947 I RilOemClient: mThermalFd is valid strResult is  2, 32767, -127, -12450, 32767, 8
01-10 13:56:41.114174   908  3383 D RilOemClient: stream null here
01-10 13:56:41.116371   908  3384 I RilClient: start listen on fd: 11, soicket name: rild-oem
01-10 13:56:44.063767   561  1997 E RPC     : entry g_lowpower_mode
01-10 13:56:44.586537   908   953 I AT      : [0] AT< +ECSQ: 71,41,1,-200,-16,1,1,4,32767,1 (RIL_URC_READER, tid:541386102000)
01-10 13:56:44.588838   908   954 D RmcNwHdlr: [0] handleSignalStrength, sig1:99, sig2:-1, cdma_dbm:-1, cdma_ecio:-1, evdo_dbm:-1,evdo_ecio:-1, evdo_snr:-1, lte_sig:99, lte_rsrp:2147483647, lte_rsrq:2147483647, lte_rssnr:2147483647, lte_cqi:2147483647,lte_timing_advance:2147483647, td_scdma_rscp:50
01-10 13:56:44.591927  1304  1304 D MTKSST  : [CdmaLteSST0] old:{level:0, raw:SignalStrength: 99 -1 -120 -160 -120 -1 -1 99 2147483647 2147483647 2147483647 2147483647 0 -48 cdma}, new:{level:0, raw:SignalStrength: 99 -1 -120 -160 -120 -1 -1 99 2147483647 2147483647 2147483647 2147483647 0 -50 cdma}
01-10 13:56:49.704340   908   953 I AT      : [0] AT< +ECSQ: 71,43,1,-200,-12,1,1,4,32767,1 (RIL_URC_READER, tid:541386102000)
01-10 13:56:50.863817  1304  1323 D RadioCapabilitySwitchUtil: [RadioCapSwitchUtil] [RadioCapSwitchUtil] getMainCapabilityPhoneId 0
01-10 13:56:51.120174   908  3384 I RilClient: initialize: commandFd is 0
01-10 13:56:51.121360   908  3516 I RilOemClient: NUMBER:1
01-10 13:56:51.121657   908  3516 I RilOemClient: arg len:14
01-10 13:56:51.121724   908  3516 I RilOemClient: ARGS[0]:THERMAL,0,-1
01-10 13:56:51.122583   908  3516 I RilOemClient: executeThermal
01-10 13:56:51.123350   908  3516 D RilOemClient: Thermal line = THERMAL,0,-1
01-10 13:56:51.123350   908  3516 D RilOemClient: , cmd:THERMAL, slotId:0, targetSim: 0
01-10 13:56:51.123428   908  3516 I RilOemClient: arg : -1
01-10 13:56:51.126155   908   956 D RmcOemRequestHandler: [0] onHandleRequest: RFX_MSG_REQUEST_QUERY_MODEM_THERMAL(55019)
01-10 13:56:51.126226   908   956 I RmcOemRequestHandler: requestQueryThermal Enter: -1
01-10 13:56:51.126279   908   956 I AT      : [0] AT> AT+ETHERMAL (RIL_CMD_READER_1, tid:541379884272)
01-10 13:56:51.135849   908   955 I AT      : [0] AT< +ETHERMAL: 2, 32767, -127, 13281, 32767, 8 (RIL_CMD_READER_1, tid:541380920560)
01-10 13:56:51.135992   908   955 I AT      : [0] AT< OK (RIL_CMD_READER_1, tid:541380920560)
01-10 13:56:51.136176   908   956 I RmcOemRequestHandler: requestQueryThermal success
01-10 13:56:51.136520   908   947 D RtcRilClientController: client 1001 handle requestComplete
01-10 13:56:51.136557   908   947 I RilOemClient: request for THERMAL returned
01-10 13:56:51.136582   908   947 I RilOemClient: mThermalFd is valid strResult is  2, 32767, -127, 13281, 32767, 8
01-10 13:56:51.137184   908  3517 D RilOemClient: stream null here
01-10 13:56:51.137712   908  3518 I RilClient: start listen on fd: 11, soicket name: rild-oem
01-10 13:56:54.827856   908   953 I AT      : [0] AT< +ECSQ: 71,43,1,-199,-11,1,1,4,32767,1 (RIL_URC_READER, tid:541386102000)
01-10 13:56:54.830224   908   954 D RmcNwHdlr: [0] handleSignalStrength, sig1:99, sig2:-1, cdma_dbm:-1, cdma_ecio:-1, evdo_dbm:-1,evdo_ecio:-1, evdo_snr:-1, lte_sig:99, lte_rsrp:2147483647, lte_rsrq:2147483647, lte_rssnr:2147483647, lte_cqi:2147483647,lte_timing_advance:2147483647, td_scdma_rscp:49
01-10 13:56:54.832816  1304  1304 D MTKSST  : [CdmaLteSST0] old:{level:0, raw:SignalStrength: 99 -1 -120 -160 -120 -1 -1 99 2147483647 2147483647 2147483647 2147483647 0 -50 cdma}, new:{level:0, raw:SignalStrength: 99 -1 -120 -160 -120 -1 -1 99 2147483647 2147483647 2147483647 2147483647 0 -49 cdma}
01-10 13:56:58.229855   561  1153 E RPC     : entry g_lowpower_mode
01-10 13:56:59.949108   908   953 I AT      : [0] AT< +ECSQ: 71,42,1,-197,-13,1,1,4,32767,1 (RIL_URC_READER, tid:541386102000)
01-10 13:57:01.143702   908  3518 I RilClient: initialize: commandFd is 71
01-10 13:57:01.144534   908  3565 I RilOemClient: NUMBER:1
01-10 13:57:01.144659   908  3565 I RilOemClient: arg len:14
01-10 13:57:01.144690   908  3565 I RilOemClient: ARGS[0]:THERMAL,0,-1
01-10 13:57:01.144744   908  3565 I RilOemClient: executeThermal
01-10 13:57:01.144808   908  3565 D RilOemClient: Thermal line = THERMAL,0,-1
01-10 13:57:01.144808   908  3565 D RilOemClient: , cmd:THERMAL, slotId:0, targetSim: 0
01-10 13:57:01.144836   908  3565 I RilOemClient: arg : -1
01-10 13:57:01.145895   908   956 D RmcOemRequestHandler: [0] onHandleRequest: RFX_MSG_REQUEST_QUERY_MODEM_THERMAL(55019)
01-10 13:57:01.145961   908   956 I RmcOemRequestHandler: requestQueryThermal Enter: -1
01-10 13:57:01.146001   908   956 I AT      : [0] AT> AT+ETHERMAL (RIL_CMD_READER_1, tid:541379884272)
01-10 13:57:01.157591   908   955 I AT      : [0] AT< +ETHERMAL: 2, 32767, -127, -26770, 32767, 8 (RIL_CMD_READER_1, tid:541380920560)
01-10 13:57:01.158493   908   955 I AT      : [0] AT< OK (RIL_CMD_READER_1, tid:541380920560)
01-10 13:57:01.158843   908   956 I RmcOemRequestHandler: requestQueryThermal success
01-10 13:57:01.160598   908   947 D RtcRilClientController: client 1001 handle requestComplete
01-10 13:57:01.160757   908   947 I RilOemClient: request for THERMAL returned
01-10 13:57:01.160862   908   947 I RilOemClient: mThermalFd is valid strResult is  2, 32767, -127, -26770, 32767, 8
01-10 13:57:01.162323   908  3566 D RilOemClient: stream null here
01-10 13:57:01.164448   908  3567 I RilClient: start listen on fd: 11, soicket name: rild-oem
01-10 13:57:10.192034   908   953 I AT      : [0] AT< +ECSQ: 71,42,1,-198,-13,1,1,4,32767,1 (RIL_URC_READER, tid:541386102000)
01-10 13:57:11.169660   908  3567 I RilClient: initialize: commandFd is 0
01-10 13:57:11.171329   908  3575 I RilOemClient: NUMBER:1
01-10 13:57:11.171670   908  3575 I RilOemClient: arg len:14
01-10 13:57:11.171814   908  3575 I RilOemClient: ARGS[0]:THERMAL,0,-1
01-10 13:57:11.171986   908  3575 I RilOemClient: executeThermal
01-10 13:57:11.172179   908  3575 D RilOemClient: Thermal line = THERMAL,0,-1
01-10 13:57:11.172179   908  3575 D RilOemClient: , cmd:THERMAL, slotId:0, targetSim: 0
01-10 13:57:11.172303   908  3575 I RilOemClient: arg : -1
01-10 13:57:11.175003   908   956 D RmcOemRequestHandler: [0] onHandleRequest: RFX_MSG_REQUEST_QUERY_MODEM_THERMAL(55019)
01-10 13:57:11.175359   908   956 I RmcOemRequestHandler: requestQueryThermal Enter: -1
01-10 13:57:11.175482   908   956 I AT      : [0] AT> AT+ETHERMAL (RIL_CMD_READER_1, tid:541379884272)
01-10 13:57:11.187733   908   955 I AT      : [0] AT< +ETHERMAL: 2, 32767, -127, -1120, 32767, 8 (RIL_CMD_READER_1, tid:541380920560)
01-10 13:57:11.188527   908   955 I AT      : [0] AT< OK (RIL_CMD_READER_1, tid:541380920560)
01-10 13:57:11.188852   908   956 I RmcOemRequestHandler: requestQueryThermal success
01-10 13:57:11.190474   908   947 D RtcRilClientController: client 1001 handle requestComplete
01-10 13:57:11.190629   908   947 I RilOemClient: request for THERMAL returned
01-10 13:57:11.190734   908   947 I RilOemClient: mThermalFd is valid strResult is  2, 32767, -127, -1120, 32767, 8
01-10 13:57:11.191771   908  3576 D RilOemClient: stream null here
01-10 13:57:11.193222   908  3577 I RilClient: start listen on fd: 11, soicket name: rild-oem
01-10 13:57:15.304162   908   953 I AT      : [0] AT< +ECSQ: 71,41,1,-199,-15,1,1,4,32767,1 (RIL_URC_READER, tid:541386102000)
01-10 13:57:20.424515   908   953 I AT      : [0] AT< +ECSQ: 69,42,1,-205,-14,1,1,4,32767,1 (RIL_URC_READER, tid:541386102000)
