01-10 14:12:12.250812   548   884 E MtkCam/IonHeap: PDC_tbl_2@ onCreate (create){#336:vendor/mediatek/proprietary/hardware/mtkcam/utils/imgbuf/IonImageBufferHeap.cpp}
01-10 14:12:12.250912   548   884 E MtkCam/BaseHeap: Unvalid Image Size(0x1) (onCreate){#327:vendor/mediatek/proprietary/hardware/mtkcam/utils/imgbuf/BaseImageBufferHeap.cpp}
01-10 14:12:12.253176   484   501 D skia    : SkJpegCodec::onGetPixels + (720, 1280)
01-10 14:12:12.263935   548   877 W aaa_state_mgr: [StateCommon::transitState] StateInit --> StateUninit
01-10 14:12:12.264227   548   877 I Drv/HWsync: Drv/HWsync[uninit] +, user&cnt(HW_SYNC_USER_AE,2),srIdxNum(1)
01-10 14:12:12.264352   548   877 I Drv/HWsync: Drv/HWsync[uninit] mAECyclePeriod(-1)
01-10 14:12:12.264416   548   877 I Drv/HWsync: Drv/HWsync[uninit] -
01-10 14:12:12.264548   548   877 E MtkCam/SensorProviderService: (877)[doDisableSensor] NULL value! (doDisableSensor){#412:vendor/mediatek/proprietary/hardware/mtkcam/utils/sys/SensorProvider/SensorProviderService.cpp}
01-10 14:12:12.264676   548   877 E MtkCam/SensorProviderService: (877)[doDisableSensor] NULL value! (doDisableSensor){#412:vendor/mediatek/proprietary/hardware/mtkcam/utils/sys/SensorProvider/SensorProviderService.cpp}
01-10 14:12:12.268042   548   884 I MtkCam/Utils: onCreate#00 pc 00006cc1  /vendor/lib/libmtkcam_stdutils.so (NSCam::Utils::dumpCallStack(char const*)+28)
01-10 14:12:12.268174   548   884 I MtkCam/Utils: onCreate#01 pc 000102dd  /vendor/lib/libmtkcam_imgbuf.so (NSCam::NSImageBufferHeap::BaseImageBufferHeap::onCreate(NSCam::MSize const&, int, unsigned int, int)+188)
01-10 14:12:12.268188   548   884 I MtkCam/Utils: onCreate#02 pc 00015d19  /vendor/lib/libmtkcam_imgbuf.so (NSCam::IIonImageBufferHeap::create(char const*, NSCam::IImageBufferAllocator::ImgParam const&, NSCam::IIonImageBufferHeap::AllocExtraParam const&, int)+56)
01-10 14:12:12.268199   548   884 I MtkCam/Utils: onCreate#03 pc 000f59bd  /vendor/lib/libcam.hal3a.v3.so (NSIspTuningv3::ISP_MGR_BNR2::setBPCIBuf(CAMERA_BPCI_STRUCT_t*)+464)
01-10 14:12:12.268210   548   884 I MtkCam/Utils: onCreate#04 pc 0011ec53  /vendor/lib/libcam.hal3a.v3.so (NSIspTuningv3::Paramctrl::sendIspTuningIOCtrl(unsigned int, int, int)+738)
01-10 14:12:12.268218   548   884 I MtkCam/Utils: onCreate#05 pc 00090895  /vendor/lib/libcam.hal3a.v3.so (Hal3ARawImp::ThreadIspSetBpciTable(void*)+304)
01-10 14:12:12.268225   548   884 I MtkCam/Utils: onCreate#06 pc 000475df  /system/lib/libc.so (__pthread_start(void*)+22)
01-10 14:12:12.268233   548   884 I MtkCam/Utils: onCreate#07 pc 0001af55  /system/lib/libc.so (__start_thread+32)
01-10 14:12:12.268256   548   884 E MtkCam/IonHeap: PDC_tbl_3@ onCreate (create){#336:vendor/mediatek/proprietary/hardware/mtkcam/utils/imgbuf/IonImageBufferHeap.cpp}
01-10 14:12:12.268329   548   884 E MtkCam/BaseHeap: Unvalid Image Size(0x1) (onCreate){#327:vendor/mediatek/proprietary/hardware/mtkcam/utils/imgbuf/BaseImageBufferHeap.cpp}
01-10 14:12:12.269131   484   501 D skia    : SkJpegCodec::onGetPixels -
01-10 14:12:12.284361   548   884 I MtkCam/Utils: onCreate#00 pc 00006cc1  /vendor/lib/libmtkcam_stdutils.so (NSCam::Utils::dumpCallStack(char const*)+28)
01-10 14:12:12.284555   548   884 I MtkCam/Utils: onCreate#01 pc 000102dd  /vendor/lib/libmtkcam_imgbuf.so (NSCam::NSImageBufferHeap::BaseImageBufferHeap::onCreate(NSCam::MSize const&, int, unsigned int, int)+188)
01-10 14:12:12.284571   548   884 I MtkCam/Utils: onCreate#02 pc 00015d19  /vendor/lib/libmtkcam_imgbuf.so (NSCam::IIonImageBufferHeap::create(char const*, NSCam::IImageBufferAllocator::ImgParam const&, NSCam::IIonImageBufferHeap::AllocExtraParam const&, int)+56)
01-10 14:12:12.284581   548   884 I MtkCam/Utils: onCreate#03 pc 000f59f3  /vendor/lib/libcam.hal3a.v3.so (NSIspTuningv3::ISP_MGR_BNR2::setBPCIBuf(CAMERA_BPCI_STRUCT_t*)+518)
01-10 14:12:12.284590   548   884 I MtkCam/Utils: onCreate#04 pc 0011ec53  /vendor/lib/libcam.hal3a.v3.so (NSIspTuningv3::Paramctrl::sendIspTuningIOCtrl(unsigned int, int, int)+738)
01-10 14:12:12.284600   548   884 I MtkCam/Utils: onCreate#05 pc 00090895  /vendor/lib/libcam.hal3a.v3.so (Hal3ARawImp::ThreadIspSetBpciTable(void*)+304)
01-10 14:12:12.284609   548   884 I MtkCam/Utils: onCreate#06 pc 000475df  /system/lib/libc.so (__pthread_start(void*)+22)
01-10 14:12:12.284617   548   884 I MtkCam/Utils: onCreate#07 pc 0001af55  /system/lib/libc.so (__start_thread+32)
01-10 14:12:12.284645   548   884 E MtkCam/IonHeap: PDC_tbl_4@ onCreate (create){#336:vendor/mediatek/proprietary/hardware/mtkcam/utils/imgbuf/IonImageBufferHeap.cpp}
01-10 14:12:12.284719   548   884 E isp_mgr_bnr: [PDC_tbl_1] ImageBufferHeap create fail (setBPCIBuf){#727:vendor/mediatek/proprietary/hardware/mtkcam/aaa/source/mt6763/isp_mgr/isp_mgr_bnr.cpp}
01-10 14:12:12.285665   548   877 D AppTsf  : [TsfExit] TsfExit
01-10 14:12:12.285798   548   877 D AppTsf  : [~AppTsf] destructor
01-10 14:12:12.285818   548   877 D tsf_core: [~TsfCore] destructor
01-10 14:12:12.286912   548   877 I Drv/HWsync: Drv/HWsync[uninit] +, user&cnt(HW_SYNC_USER_HALSENSOR,1),srIdxNum(1)
01-10 14:12:12.287034   548   877 I Drv/HWsync: Drv/HWsync[uninit] idx(0,remain_0),tg(0)
01-10 14:12:12.287050   548   877 W Drv/HWsync: Drv/HWsync[uninit] WARNING: wtginf, sindex(0x0),tg(0x0)
01-10 14:12:12.287059   548   877 I Drv/HWsync: Drv/HWsync[uninit] -
01-10 14:12:12.287154   548   877 D SeninfDrvImp: [setMclk1][setTg1Phase]pcEn(0), clkPol(0), mMclk1User(0), TimestampClk(11)
01-10 14:12:12.287224   548   877 D SeninfDrvImp: [setMclk1][setTg1Phase]pcEn(0), clkPol(0), mMclk1User(0), TimestampClk(11), SENINF_TG1_PH_CNT(0x5)
01-10 14:12:12.290529   548   877 D ImgSensorDrv: [uninit][uninit] imgsensor_drv 0
01-10 14:12:12.290686   548   877 D SeninfDrvImp: [uninit][uninit]: 1 
01-10 14:12:12.290790   548   877 D SeninfDrvImp: [uninit][uninit]: 0, mfd(16) 
01-10 14:12:12.294613   548   877 I mtkcam-devicemgr: [detachOpenDeviceLocked] device: device@1.0/internal/0 openTimestamp:01-10 14:12:11.980
01-10 14:12:12.294790   484   501 D skia    : SkJpegCodec::onGetPixels + (720, 1280)
01-10 14:12:12.295085   527   729 W CameraProviderManager: Camera provider internal/0 says an unknown camera device@1.0/internal/0 now has torch status 1. Curious.
01-10 14:12:12.295266   548   877 I mtkcam-camprovider: [onTorchModeStatusChange] device@1.0/internal/0 TorchModeStatus:1
01-10 14:12:12.295507   548   877 I mtkcam-dev1: 0[CameraDevice1Base::close] Del cameraId 0 - 0xefab0600, this - 0xefab0600
01-10 14:12:12.295592   548   877 I mtkcam-dev1: 0[CameraDevice1Base::close] -
01-10 14:12:12.295848   394   414 I vendor.mediatek.hardware.power@1.1-impl: scnUnreg hdl:39
01-10 14:12:12.296303   394   413 I powerd  : [powerd_req] POWER_MSG_SCN_UNREG: hdl:39
01-10 14:12:12.296392   394   413 I libPerfService: perfUserUnregScn - handle:39
01-10 14:12:12.296484   527   729 I CameraProviderManager: Camera provider internal/0 ready with 1 camera devices
01-10 14:12:12.296605   394   414 I vendor.mediatek.hardware.power@1.1-impl: scnDisable hdl:39
01-10 14:12:12.297508   394   414 I vendor.mediatek.hardware.power@1.1-impl: scnUnreg hdl:-1
01-10 14:12:12.297476   527   729 I CameraService: onDeviceStatusChanged: Status changed for cameraId=0, newStatus=1
01-10 14:12:12.297581   527   729 E CameraService: onDeviceStatusChanged: State transition to the same status 0x1 not allowed
01-10 14:12:12.297715   394   413 I powerd  : [powerd_req] POWER_MSG_SCN_UNREG: hdl:-1
01-10 14:12:12.297787   394   413 I libPerfService: perfUserUnregScn - handle:-1
01-10 14:12:12.297898   394   414 I vendor.mediatek.hardware.power@1.1-impl: scnDisable hdl:-1
01-10 14:12:12.310672   484   501 D skia    : SkJpegCodec::onGetPixels -
01-10 14:12:12.336639   484   501 D skia    : SkJpegCodec::onGetPixels + (720, 1280)
01-10 14:12:12.343232   523   562 D AAL     : 01-10 02:12:12.267 BL= 963,ESS= 256, 01-10 02:12:12.286 BL= 964,ESS= 256, 01-10 02:12:12.305 BL= 965,ESS= 256, 01-10 02:12:12.324 BL= 966,ESS= 256, 01-10 02:12:12.343 BL= 967,ESS= 256, 
01-10 14:12:12.346163   521   521 E ActivityRecognitionHardware: activity_recognition HAL is deprecated. class_init is effectively a no-op
01-10 14:12:12.352275   484   501 D skia    : SkJpegCodec::onGetPixels -
01-10 14:12:12.378464   484   501 D skia    : SkJpegCodec::onGetPixels + (720, 1280)
01-10 14:12:12.393057   521   521 W Zygote  : Class not found for preloading: android.icu.impl.number.Parse
01-10 14:12:12.394302   484   501 D skia    : SkJpegCodec::onGetPixels -
01-10 14:12:12.395020   401   401 W ccci_fsd(1): O: X://NA77_006, flag 0x700, ret 1
01-10 14:12:12.396024   401   401 W ccci_fsd(1): O: Y://NA77_006, flag 0x700, ret 1
01-10 14:12:12.407271   521   521 I zygote64: Thread[1,tid=521,Native,Thread*=0x74c30c3a00,peer=0x12c01fb8,"main"] recursive attempt to load library "/system/lib64/libmedia_jni.so"
01-10 14:12:12.407879   521   521 D MtpDeviceJNI: register_android_mtp_MtpDevice
01-10 14:12:12.409525   521   521 I zygote64: Thread[1,tid=521,Native,Thread*=0x74c30c3a00,peer=0x12c01fb8,"main"] recursive attempt to load library "/system/lib64/libmedia_jni.so"
01-10 14:12:12.410078   521   521 I zygote64: Thread[1,tid=521,Native,Thread*=0x74c30c3a00,peer=0x12c01fb8,"main"] recursive attempt to load library "/system/lib64/libmedia_jni.so"
01-10 14:12:12.420509   484   501 D skia    : SkJpegCodec::onGetPixels + (720, 1280)
01-10 14:12:12.429479   521   521 D MtkSettingsProviderExt: Global moveToSecure
01-10 14:12:12.431557   521   521 D MtkSettingsProviderExt: Secure moveToGlobal
01-10 14:12:12.433123   521   521 D MtkSettingsProviderExt: System moveToSecure
01-10 14:12:12.433398   521   521 D MtkSettingsProviderExt: System moveToGlobal
01-10 14:12:12.434088   521   521 D MtkSettingsProviderExt: putInPublicSettings
01-10 14:12:12.436136   484   501 D skia    : SkJpegCodec::onGetPixels -
01-10 14:12:12.437673   523   562 D AAL     : 01-10 02:12:12.367 BL= 968,ESS= 256, 01-10 02:12:12.381 BL= 969,ESS= 256, 01-10 02:12:12.399 BL= 970,ESS= 256, 01-10 02:12:12.418 BL= 971,ESS= 256, 01-10 02:12:12.437 BL= 972,ESS= 256, 
01-10 14:12:12.462368   484   501 D skia    : SkJpegCodec::onGetPixels + (720, 1280)
01-10 14:12:12.477831   484   501 D skia    : SkJpegCodec::onGetPixels -
01-10 14:12:12.504381   484   501 D skia    : SkJpegCodec::onGetPixels + (720, 1280)
01-10 14:12:12.510663   806   806 D ccci_lib: read info:[modem num]:1
01-10 14:12:12.510663   806   806 D ccci_lib: [modem en]:1-0-0-0-0
01-10 14:12:12.510663   806   806 D ccci_lib: [MTK_ECCCI_C2K]:1
01-10 14:12:12.510663   806   806 D ccci_lib: [ccci_drv_ver]:V2
01-10 14:12:12.510663   806   806 D ccci_lib: total:71
01-10 14:12:12.510839   806   806 D ccci_lib: parse_info name:modem num
01-10 14:12:12.510883   806   806 D EMDLOGGER1: initUSBPortMappingFile get current port is 1
01-10 14:12:12.511035   806   806 D EMDLOGGER1: Get auto start mode: 2
01-10 14:12:12.511059   806   806 D EMDLOGGER1: getSavedLoggingMode(): mode = 2
01-10 14:12:12.520109   484   501 D skia    : SkJpegCodec::onGetPixels -
01-10 14:12:12.531943   523   562 D AAL     : 01-10 02:12:12.456 BL= 973,ESS= 256, 01-10 02:12:12.475 BL= 974,ESS= 256, 01-10 02:12:12.493 BL= 975,ESS= 256, 01-10 02:12:12.512 BL= 976,ESS= 256, 01-10 02:12:12.531 BL= 977,ESS= 256, 
01-10 14:12:12.542683   891   891 I [epdg_wo]: [DMN] starting WI-FI OFFLOAD DAEMON
01-10 14:12:12.544729   891   891 I [epdg_wo]: [IKE] IKEv2 Daemon stopped
01-10 14:12:12.544818   891   891 I [epdg_wo]: [NID] create post_routing chain
01-10 14:12:12.544893   891   891 I [epdg_wo]: [NID] netutils supported
01-10 14:12:12.546421   484   501 D skia    : SkJpegCodec::onGetPixels + (720, 1280)
01-10 14:12:12.562246   484   501 D skia    : SkJpegCodec::onGetPixels -
01-10 14:12:12.568493   806   806 D EMDLOGGER1: MAL_Init
01-10 14:12:12.568958   521   521 I Zygote  : ...preloaded 4715 classes in 983ms.
01-10 14:12:12.569171   521   521 I zygote64: VMRuntime.preloadDexCaches starting
01-10 14:12:12.571228   806   806 D ccci_lib: mmap on /dev/ccci_ccb_dhl(5) for addr=0x7c000000, len=2097152
01-10 14:12:12.575351   806   806 D ccci_lib: ccb_info_len=20
01-10 14:12:12.576685   806   806 D ccci_lib: new ccb_ctrl mmap on /dev/ccci_ccb_ctrl(6) for addr=0x80018000, len=4096
01-10 14:12:12.579225   806   806 D ccci_lib: register user57 md0: base=0x71cdbdf000, len=2097152, ctrl_base=0x71ce864000, ctrl_offset=0
01-10 14:12:12.579343   806   806 D ccci_lib: register user57 md0 DL0, pattern=ddbbccaa, dl_page=0x71cdbdf000
01-10 14:12:12.579361   806   806 D ccci_lib: register user57 md0 UL0, pattern=ddbbccaa, ul_page=0x71cdbe7000
01-10 14:12:12.579375   806   806 D ccci_lib: register user57 md0 DL1, pattern=ddbbccaa, dl_page=0x71cdbef000
01-10 14:12:12.579476   806   806 D ccci_lib: register user57 md0 UL1, pattern=ddbbccaa, ul_page=0x71cdc0d000
01-10 14:12:12.579494   806   806 D ccci_lib: register user57 md0 DL2, pattern=ddbbccaa, dl_page=0x71cdc0d080
01-10 14:12:12.579507   806   806 D ccci_lib: register user57 md0 UL2, pattern=ddbbccaa, ul_page=0x71cdc16080
01-10 14:12:12.579520   806   806 D ccci_lib: register user57 md0 DL3, pattern=ddbbccaa, dl_page=0x71cdc1e080
01-10 14:12:12.579533   806   806 D ccci_lib: register user57 md0 UL3, pattern=ddbbccaa, ul_page=0x71cdc26080
01-10 14:12:12.579545   806   806 D ccci_lib: register user57 md0 DL4, pattern=ddbbccaa, dl_page=0x71cdc26100
01-10 14:12:12.579557   806   806 D ccci_lib: register user57 md0 UL4, pattern=ddbbccaa, ul_page=0x71cdc2e100
01-10 14:12:12.579570   806   806 D ccci_lib: register user57 md0 DL5, pattern=ddbbccaa, dl_page=0x71cdc2e180
01-10 14:12:12.579581   806   806 D ccci_lib: register user57 md0 UL5, pattern=ddbbccaa, ul_page=0x71cdc4e180
01-10 14:12:12.579593   806   806 D ccci_lib: register user57 md0 DL6, pattern=ddbbccaa, dl_page=0x71cdc4e200
01-10 14:12:12.579605   806   806 D ccci_lib: register user57 md0 UL6, pattern=ddbbccaa, ul_page=0x71cdc4e280
01-10 14:12:12.579617   806   806 D ccci_lib: register user57 md0 DL7, pattern=ddbbccaa, dl_page=0x71cdc4e300
01-10 14:12:12.579629   806   806 D ccci_lib: register user57 md0 UL7, pattern=ddbbccaa, ul_page=0x71cdc4e380
01-10 14:12:12.579642   806   806 D ccci_lib: register user57 md0 DL8, pattern=ddbbccaa, dl_page=0x71cdc4e400
01-10 14:12:12.579653   806   806 D ccci_lib: register user57 md0 UL8, pattern=ddbbccaa, ul_page=0x71cdc4e480
01-10 14:12:12.579666   806   806 D ccci_lib: register user57 md0 DL9, pattern=ddbbccaa, dl_page=0x71cdc4e500
01-10 14:12:12.579678   806   806 D ccci_lib: register user57 md0 UL9, pattern=ddbbccaa, ul_page=0x71cdc4e580
01-10 14:12:12.579690   806   806 D ccci_lib: register user57 md0 DL10, pattern=ddbbccaa, dl_page=0x71cdc4e600
01-10 14:12:12.579702   806   806 D ccci_lib: register user57 md0 UL10, pattern=ddbbccaa, ul_page=0x71cdc4e680
01-10 14:12:12.579714   806   806 D ccci_lib: register user57 md0 DL11, pattern=ddbbccaa, dl_page=0x71cdc4e700
01-10 14:12:12.579727   806   806 D ccci_lib: register user57 md0 UL11, pattern=ddbbccaa, ul_page=0x71cdc4e780
01-10 14:12:12.579764   806   806 D ccci_lib: register user57 md0 DL12, pattern=ddbbccaa, dl_page=0x71cdc4e800
01-10 14:12:12.579777   806   806 D ccci_lib: register user57 md0 UL12, pattern=ddbbccaa, ul_page=0x71cdc4e880
01-10 14:12:12.579790   806   806 D ccci_lib: register user57 md0 DL13, pattern=ddbbccaa, dl_page=0x71cdc4e900
01-10 14:12:12.579802   806   806 D ccci_lib: register user57 md0 UL13, pattern=ddbbccaa, ul_page=0x71cdc4e980
01-10 14:12:12.579814   806   806 D ccci_lib: register user57 md0 DL14, pattern=ddbbccaa, dl_page=0x71cdc4ea00
01-10 14:12:12.579826   806   806 D ccci_lib: register user57 md0 UL14, pattern=ddbbccaa, ul_page=0x71cdc4ea80
01-10 14:12:12.579838   806   806 D ccci_lib: register user57 md0 DL15, pattern=ddbbccaa, dl_page=0x71cdc4eb00
01-10 14:12:12.579850   806   806 D ccci_lib: register user57 md0 UL15, pattern=ddbbccaa, ul_page=0x71cdc4eb80
01-10 14:12:12.579862   806   806 D ccci_lib: register user57 md0 DL16, pattern=ddbbccaa, dl_page=0x71cdc4ec00
01-10 14:12:12.579874   806   806 D ccci_lib: register user57 md0 UL16, pattern=ddbbccaa, ul_page=0x71cdc4ec80
01-10 14:12:12.579886   806   806 D ccci_lib: register user57 md0 DL17, pattern=ddbbccaa, dl_page=0x71cdc4ed00
01-10 14:12:12.579898   806   806 D ccci_lib: register user57 md0 UL17, pattern=ddbbccaa, ul_page=0x71cdc4ef80
01-10 14:12:12.579925   806   806 I EMDLOGGER1: MAL_ccb_Init: CCB is ready
01-10 14:12:12.582471   806   806 D ccci_lib: mmap on /dev/ccci_raw_dhl(7) for addr=0x7c200000, len=20971520
01-10 14:12:12.584092   806   908 I EMDLOGGER1: mdlog_ccb_ctrl_reader_thread started
01-10 14:12:12.584269   806   806 D ccci_lib: write done of user57 buffer0: OK, i=1 write=1, alloc=1, free=0, len=16
01-10 14:12:12.584548   806   806 D ccci_lib: write done of user57 buffer0: OK, i=2 write=2, alloc=2, free=1, len=12
01-10 14:12:12.586417   806   806 D ccci_lib: write done of user57 buffer0: OK, i=3 write=3, alloc=3, free=2, len=16
01-10 14:12:12.586523   806   806 D EMDLOGGER1: Main: getSavedGPSLocation support_gps_location: 1
01-10 14:12:12.586607   806   806 D EMDLOGGER1: Not set property: persist.mtklog.mdlog.mdsilrbt
01-10 14:12:12.587472   806   909 D EMDLOGGER1: runListener
01-10 14:12:12.587609   806   806 D EMDLOGGER1: Success to setup socket local server
01-10 14:12:12.587631   806   806 I EMDLOGGER1: MDL: START Logging, mode=2 Gear Id when Reset=0
01-10 14:12:12.587643   806   806 D EMDLOGGER1: startMDLogging: Create starter thread
01-10 14:12:12.587655   806   806 D EMDLOGGER1: startLoggingThreadFun: curr_mode=0, new_mode=2
01-10 14:12:12.587664   806   806 I EMDLOGGER1: ------>Init SD logging mode<------
01-10 14:12:12.587758   806   806 D EMDLOGGER1: Init MDEngine: OK
01-10 14:12:12.587806   806   806 D EMDLOGGER1: MAL_ccb_QueryMDInfo : Send MAL_QueryMDInfo
01-10 14:12:12.587853   806   806 D ccci_lib: write done of user57 buffer0: OK, i=4 write=4, alloc=4, free=3, len=12
01-10 14:12:12.588659   484   501 D skia    : SkJpegCodec::onGetPixels + (720, 1280)
01-10 14:12:12.591659   806   806 D EMDLOGGER1: Init LogWritter: OK
01-10 14:12:12.591809   806   806 D EMDLOGGER1: OKOKOK >Init SD logging mode< OKOKOK
01-10 14:12:12.591826   806   806 D EMDLOGGER1: MDCommEngine.start: mode=2
01-10 14:12:12.591880   806   806 D EMDLOGGER1: LogWriter: Logging is started
01-10 14:12:12.597954   806   806 I EMDLOGGER1: property debug.mdl.save_log_storage is not set value
01-10 14:12:12.598055   806   806 D EMDLOGGER1: ccb_ioctl: fd 5, req 80044322, ret 0
01-10 14:12:12.598067   806   806 I EMDLOGGER1: MAL_ccb_GetModemSuffix: suffix 1_ulwctg_n
01-10 14:12:12.598258   806   806 D EMDLOGGER1: access filter config file fail then create: /mnt/sdcard/mtklog/mdlog1_config/filter_config
01-10 14:12:12.598305   806   806 E EMDLOGGER1: Create filter config file /mnt/sdcard/mtklog/mdlog1_config/filter_config failed, errno = 2
01-10 14:12:12.598349   806   806 D ccci_lib: write done of user57 buffer0: OK, i=5 write=5, alloc=5, free=4, len=12
01-10 14:12:12.599232   806   806 I EMDLOGGER1: MAL_ccb_QueryMDTime: MD time is 27049
01-10 14:12:12.599970   806   806 I EMDLOGGER1: Creating compressor thread
01-10 14:12:12.600503   806   806 D EMDLOGGER1: Check SD card status
01-10 14:12:12.601387   806   918 I EMDLOGGER1: thrLogBufferWriter started
01-10 14:12:12.604451   484   501 D skia    : SkJpegCodec::onGetPixels -
01-10 14:12:12.606039   806   806 I EMDLOGGER1: property debug.mdl.save_log_storage is not set value
01-10 14:12:12.606189   806   806 D EMDLOGGER1: access filter config file fail then create: /mnt/sdcard/mtklog/mdlog1_config/filter_config
01-10 14:12:12.606234   806   806 E EMDLOGGER1: Create filter config file /mnt/sdcard/mtklog/mdlog1_config/filter_config failed, errno = 2
01-10 14:12:12.606262   806   806 E EMDLOGGER1: Failed to get the SD card status: /mnt/sdcard, errno=2
01-10 14:12:12.606273   806   806 D EMDLOGGER1: Failed to init logwriter: SD card status can't be got or is full.
01-10 14:12:12.606282   806   806 D EMDLOGGER1: Init LogWriter: SD card is not ready, record log on Nand
01-10 14:12:12.606289   806   806 D EMDLOGGER1: Create log file on Nand
01-10 14:12:12.622660   806   806 D EMDLOGGER1: Open log file /data/mdlog/bootupLog/mdlog1/MDLog1_2020_0110_141212_data.muxz.tmp.
01-10 14:12:12.622770   806   806 D ccci_lib: write done of user57 buffer0: OK, i=6 write=6, alloc=6, free=5, len=12
01-10 14:12:12.623028   806   806 D EMDLOGGER1: MALCTL_NOTIFY_AP_LOG_FILE_CREATE : /data/mdlog/bootupLog/mdlog1/MDLog1_2020_0110_141212_data.muxz.tmp
01-10 14:12:12.623667   806   806 D EMDLOGGER1: MAL_ccb_OnLoggingStart mode = 2
01-10 14:12:12.623718   806   806 D EMDLOGGER1: MAL_ccb_OnLoggingStart: Send SPLM_A2M_RESET_SPLM_STATE. mdlog_logging_mode = 1
01-10 14:12:12.623752   806   806 D ccci_lib: write done of user57 buffer0: OK, i=7 write=7, alloc=7, free=6, len=16
01-10 14:12:12.624022   806   806 D ccci_lib: write done of user57 buffer0: OK, i=8 write=8, alloc=8, free=7, len=16
01-10 14:12:12.624449   806   926 I EMDLOGGER1: Started Waiting SD card thread.
01-10 14:12:12.624540   806   926 D EMDLOGGER1: Check SD card status
01-10 14:12:12.625225   806   806 D EMDLOGGER1: MAL_ccb_OnLoggingStart: Send SPLM_A2M_AP_LOGGING_IS_READY, mdlog_logging_mode = 1
01-10 14:12:12.625300   806   806 D ccci_lib: write done of user57 buffer0: OK, i=9 write=9, alloc=9, free=8, len=16
01-10 14:12:12.627114   523   562 D AAL     : 01-10 02:12:12.550 BL= 978,ESS= 256, 01-10 02:12:12.569 BL= 979,ESS= 256, 01-10 02:12:12.588 BL= 980,ESS= 256, 01-10 02:12:12.607 BL= 981,ESS= 256, 01-10 02:12:12.627 BL= 982,ESS= 256, 
01-10 14:12:12.627572   806   928 I EMDLOGGER1: Modem log writer thread started
01-10 14:12:12.627781   806   927 I EMDLOGGER1: Modem log reader thread started
01-10 14:12:12.628530   806   806 D ccci_lib: write done of user57 buffer2: OK, i=1 write=1, alloc=1, free=0, len=1016
01-10 14:12:12.628633   806   806 D ccci_lib: write done of user57 buffer2: OK, i=2 write=2, alloc=2, free=0, len=8
01-10 14:12:12.628658   806   806 D ccci_lib: write done of user57 buffer2: OK, i=3 write=3, alloc=3, free=0, len=1016
01-10 14:12:12.628706   806   806 D ccci_lib: write done of user57 buffer2: OK, i=4 write=4, alloc=4, free=0, len=8
01-10 14:12:12.628732   806   806 D ccci_lib: write done of user57 buffer2: OK, i=5 write=5, alloc=5, free=0, len=1016
01-10 14:12:12.628848   806   806 D ccci_lib: write done of user57 buffer2: OK, i=6 write=6, alloc=6, free=0, len=8
01-10 14:12:12.628920   806   806 D ccci_lib: write done of user57 buffer2: OK, i=7 write=7, alloc=7, free=0, len=1016
01-10 14:12:12.628972   806   806 D ccci_lib: write done of user57 buffer2: OK, i=8 write=8, alloc=8, free=0, len=8
01-10 14:12:12.628998   806   806 D ccci_lib: write done of user57 buffer2: OK, i=9 write=9, alloc=9, free=0, len=1016
01-10 14:12:12.629019   806   806 D ccci_lib: write done of user57 buffer2: OK, i=10 write=10, alloc=10, free=1, len=8
01-10 14:12:12.629068   806   806 D ccci_lib: write done of user57 buffer2: OK, i=11 write=11, alloc=11, free=1, len=1016
01-10 14:12:12.629090   806   806 D ccci_lib: write done of user57 buffer2: OK, i=12 write=12, alloc=12, free=1, len=8
01-10 14:12:12.629141   806   806 D ccci_lib: write done of user57 buffer2: OK, i=13 write=13, alloc=13, free=1, len=1016
01-10 14:12:12.629189   806   806 D ccci_lib: write done of user57 buffer2: OK, i=14 write=14, alloc=14, free=1, len=8
01-10 14:12:12.629187   806   929 I EMDLOGGER1: Comm monitor thread started!
01-10 14:12:12.629305   806   806 D ccci_lib: write done of user57 buffer2: OK, i=15 write=15, alloc=15, free=2, len=1016
01-10 14:12:12.629373   806   806 D ccci_lib: write done of user57 buffer2: OK, i=16 write=16, alloc=16, free=2, len=8
01-10 14:12:12.629400   806   806 D ccci_lib: write done of user57 buffer2: OK, i=17 write=17, alloc=17, free=2, len=1016
01-10 14:12:12.629422   806   806 D ccci_lib: write done of user57 buffer2: OK, i=18 write=18, alloc=18, free=2, len=8
01-10 14:12:12.629478   806   806 D ccci_lib: write done of user57 buffer2: OK, i=19 write=19, alloc=19, free=2, len=410
01-10 14:12:12.629608   806   806 E EMDLOGGER1: filter size: 9634 Bytes
01-10 14:12:12.629690   806   806 E EMDLOGGER1: filter modified time:2009-01-01 07:00:00
01-10 14:12:12.629701   806   806 E EMDLOGGER1: filter path:/system/vendor/firmware/catcher_filter_1_ulwctg_n.bin
01-10 14:12:12.629712   806   806 D EMDLOGGER1: passFilter: filter successfully sent
01-10 14:12:12.629957   806   930 I EMDLOGGER1: Detect filter thread started!
01-10 14:12:12.630155   806   806 I EMDLOGGER1: create log recycle thread for data folder log after MAL_start pass
01-10 14:12:12.630331   806   806 D EMDLOGGER1: Start MDEngine: done. mode = 2
01-10 14:12:12.630383   806   806 I EMDLOGGER1: Success to start logging in SD Mode!
01-10 14:12:12.630394   806   806 D EMDLOGGER1: startLoggingThread result is 1
01-10 14:12:12.630407   806   806 D EMDLOGGER1: startLoggingThread: inform auto start done
01-10 14:12:12.630450   806   806 E EMDLOGGER1: System is not ready then can not auto Start intent.
01-10 14:12:12.630490   806   806 D EMDLOGGER1: Normal boot 1
01-10 14:12:12.630562   484   501 D skia    : SkJpegCodec::onGetPixels + (720, 1280)
01-10 14:12:12.630639   806   806 D EMDLOGGER1: Open servFifoFd FIFO -1
01-10 14:12:12.631692   806   926 I EMDLOGGER1: property debug.mdl.save_log_storage is not set value
01-10 14:12:12.631852   806   926 D EMDLOGGER1: access filter config file fail then create: /mnt/sdcard/mtklog/mdlog1_config/filter_config
01-10 14:12:12.631947   806   926 E EMDLOGGER1: Create filter config file /mnt/sdcard/mtklog/mdlog1_config/filter_config failed, errno = 2
01-10 14:12:12.646594   484   501 D skia    : SkJpegCodec::onGetPixels -
01-10 14:12:12.672353   484   501 D skia    : SkJpegCodec::onGetPixels + (720, 1280)
01-10 14:12:12.681257   376   865 E VT HIDL : [IVT] [VT THREAD] [VT_Bind] des = volte_imsvt1 Fail to connect . retry count: 2
01-10 14:12:12.681701   376   865 D VT HIDL : [IVT] isIMCBrun : True
01-10 14:12:12.684006   521   521 I zygote64: VMRuntime.preloadDexCaches strings total=360436 before=13118 after=13118
01-10 14:12:12.684118   521   521 I zygote64: VMRuntime.preloadDexCaches types total=30514 before=6502 after=6516
01-10 14:12:12.684136   521   521 I zygote64: VMRuntime.preloadDexCaches fields total=142505 before=5834 after=5892
01-10 14:12:12.684151   521   521 I zygote64: VMRuntime.preloadDexCaches methods total=267782 before=12265 after=12328
01-10 14:12:12.684162   521   521 I zygote64: VMRuntime.preloadDexCaches finished
01-10 14:12:12.689018   484   501 D skia    : SkJpegCodec::onGetPixels -
01-10 14:12:12.714026   484   501 D skia    : SkJpegCodec::onGetPixels + (720, 1280)
01-10 14:12:12.720416   523   562 D AAL     : 01-10 02:12:12.644 BL= 983,ESS= 256, 01-10 02:12:12.663 BL= 984,ESS= 256, 01-10 02:12:12.682 BL= 985,ESS= 256, 01-10 02:12:12.701 BL= 986,ESS= 256, 01-10 02:12:12.720 BL= 987,ESS= 256, 
01-10 14:12:12.729960   484   501 D skia    : SkJpegCodec::onGetPixels -
01-10 14:12:12.755980   484   501 D skia    : SkJpegCodec::onGetPixels + (720, 1280)
01-10 14:12:12.771974   484   501 D skia    : SkJpegCodec::onGetPixels -
01-10 14:12:12.797655   484   501 D skia    : SkJpegCodec::onGetPixels + (720, 1280)
01-10 14:12:12.813935   484   501 D skia    : SkJpegCodec::onGetPixels -
01-10 14:12:12.814901   523   562 D AAL     : 01-10 02:12:12.739 BL= 988,ESS= 256, 01-10 02:12:12.758 BL= 989,ESS= 256, 01-10 02:12:12.776 BL= 990,ESS= 256, 01-10 02:12:12.795 BL= 991,ESS= 256, 01-10 02:12:12.814 BL= 992,ESS= 256, 
01-10 14:12:12.839756   484   501 D skia    : SkJpegCodec::onGetPixels + (720, 1280)
01-10 14:12:12.855816   484   501 D skia    : SkJpegCodec::onGetPixels -
01-10 14:12:12.881861   484   501 D skia    : SkJpegCodec::onGetPixels + (720, 1280)
01-10 14:12:12.890413   521   521 I Zygote  : Preloading resources...
01-10 14:12:12.898488   484   501 D skia    : SkJpegCodec::onGetPixels -
01-10 14:12:12.907371   544   637 I ServiceManager: Waiting for service package_native...
01-10 14:12:12.908854   523   562 D AAL     : 01-10 02:12:12.833 BL= 993,ESS= 256, 01-10 02:12:12.852 BL= 994,ESS= 256, 01-10 02:12:12.871 BL= 995,ESS= 256, 01-10 02:12:12.890 BL= 996,ESS= 256, 01-10 02:12:12.908 BL= 997,ESS= 256, 
01-10 14:12:12.917970   521   521 W Resources: Preloaded drawable resource #0x1080264 (android:drawable/dialog_background_material) that varies with configuration!!
01-10 14:12:12.923716   402   402 E ccci_fsd(3): fail to open /dev/ccci3_fs: 2
01-10 14:12:12.924033   484   501 D skia    : SkJpegCodec::onGetPixels + (720, 1280)
01-10 14:12:12.940187   484   501 D skia    : SkJpegCodec::onGetPixels -
01-10 14:12:12.942717   891   891 I [epdg_wo]: [C3I] wo_ccci_open: status:MD ready
01-10 14:12:12.942934   891   891 I [epdg_wo]: [WOA] Open /dev/ccci_woa successfully (fd:5); wait adpt ready...
01-10 14:12:12.943039   891   891 I [epdg_wo]: [WOA] wo_msg_sensitive_print: [wostatusget=1](13)
01-10 14:12:12.949239   521   521 I Zygote  : ...preloaded 64 resources in 58ms.
01-10 14:12:12.955330   521   521 W Resources: Preloaded color resource #0x1060053 (android:color/btn_default_material_dark) that varies with configuration!!
01-10 14:12:12.957025   521   521 I Zygote  : ...preloaded 41 resources in 6ms.
01-10 14:12:12.965825   484   501 D skia    : SkJpegCodec::onGetPixels + (720, 1280)
01-10 14:12:12.981824   484   501 D skia    : SkJpegCodec::onGetPixels -
01-10 14:12:12.991347   548   881 W /vendor/bin/hw/camerahalserver: Waited one second for android.frameworks.sensorservice@1.0::ISensorManager/default. Waiting another...
01-10 14:12:13.002021   521   521 D PQ      : [PQ_PROT] [PQCust] libpq_cust_base.so OK, libpq_cust.so absent
01-10 14:12:13.003176   523   562 D AAL     : 01-10 02:12:12.927 BL= 998,ESS= 256, 01-10 02:12:12.946 BL= 999,ESS= 256, 01-10 02:12:12.965 BL=1000,ESS= 256, 01-10 02:12:12.984 BL=1001,ESS= 256, 01-10 02:12:13.003 BL=1002,ESS= 256, 
01-10 14:12:13.006586   521   521 D libEGL  : loaded /vendor/lib64/egl/libGLES_mali.so
01-10 14:12:13.007959   484   501 D skia    : SkJpegCodec::onGetPixels + (720, 1280)
01-10 14:12:13.024097   484   501 D skia    : SkJpegCodec::onGetPixels -
01-10 14:12:13.034912   398   421 I BufferQueueProducer: [BootAnimation#0](this:0x7f74423000,id:1,api:1,p:484,c:398) queueBuffer: fps=23.87 dur=1005.25 max=46.65 min=39.06
01-10 14:12:13.046168   521   521 I Zygote  : Preloading shared libraries...
01-10 14:12:13.049911   484   501 D skia    : SkJpegCodec::onGetPixels + (720, 1280)
01-10 14:12:13.065987   484   501 D skia    : SkJpegCodec::onGetPixels -
01-10 14:12:13.068077   521   521 I Zygote  : Uninstalled ICU cache reference pinning...
01-10 14:12:13.070068   521   521 I Zygote  : Installed AndroidKeyStoreProvider in 2ms.
01-10 14:12:13.081863   521   521 I Zygote  : Warmed up JCA providers in 12ms.
01-10 14:12:13.081942   521   521 D Zygote  : end preload
01-10 14:12:13.091970   484   501 D skia    : SkJpegCodec::onGetPixels + (720, 1280)
01-10 14:12:13.097513   523   562 D AAL     : 01-10 02:12:13.021 BL=1003,ESS= 256, 01-10 02:12:13.040 BL=1004,ESS= 256, 01-10 02:12:13.059 BL=1005,ESS= 256, 01-10 02:12:13.078 BL=1006,ESS= 256, 01-10 02:12:13.097 BL=1007,ESS= 256, 
01-10 14:12:13.098937   521   521 I zygote64: Explicit concurrent copying GC freed 16171(799KB) AllocSpace objects, 2(56KB) LOS objects, 75% free, 1501KB/5MB, paused 40us total 16.693ms
01-10 14:12:13.107985   484   501 D skia    : SkJpegCodec::onGetPixels -
01-10 14:12:13.113484   521   521 I zygote64: Explicit concurrent copying GC freed 2260(112KB) AllocSpace objects, 0(0B) LOS objects, 75% free, 1420KB/5MB, paused 37us total 12.961ms
01-10 14:12:13.114571   521   521 I zygote64: Global filter of size 170 installed
01-10 14:12:13.133704   484   501 D skia    : SkJpegCodec::onGetPixels + (720, 1280)
01-10 14:12:13.149851   484   501 D skia    : SkJpegCodec::onGetPixels -
01-10 14:12:13.158055   521   521 I Zygote  : System server process 943 has been created
01-10 14:12:13.161376   521   521 I Zygote  : Accepting command socket connections
01-10 14:12:13.163641   398   398 I DisplayDevice: [Built-in Screen (type:0)] fps:24.123470,dur:1036.34,max:57.17,min:36.98
01-10 14:12:13.175780   484   501 D skia    : SkJpegCodec::onGetPixels + (720, 1280)
01-10 14:12:13.178143   943   943 I Zygote  : Process: zygote socket zygote_secondary opened, supported ABIS: armeabi-v7a,armeabi
01-10 14:12:13.181919   376   865 E VT HIDL : [IVT] [VT THREAD] [VT_Bind] des = volte_imsvt1 Fail to connect . retry count: 3
01-10 14:12:13.182322   376   865 D VT HIDL : [IVT] isIMCBrun : True
01-10 14:12:13.190651   548   882 E lsc_nvram: [do_mkdir] fail to mkdir [/data/shading_otp]: 13[Permission denied] (do_mkdir){#65:vendor/mediatek/proprietary/hardware/mtkcam/aaa/source/mt6763/lsc_mgr/LscUtil.h}
01-10 14:12:13.186000   548   548 W HwBinder:548_2: type=1400 audit(0.0:38): avc: denied { add_name } for name="shading_otp" scontext=u:r:mtk_hal_camera:s0 tcontext=u:object_r:system_data_file:s0 tclass=dir permissive=0
01-10 14:12:13.192038   484   501 D skia    : SkJpegCodec::onGetPixels -
01-10 14:12:13.192498   523   562 D AAL     : 01-10 02:12:13.116 BL=1008,ESS= 256, 01-10 02:12:13.135 BL=1009,ESS= 256, 01-10 02:12:13.153 BL=1010,ESS= 256, 01-10 02:12:13.172 BL=1011,ESS= 256, 01-10 02:12:13.192 BL=1012,ESS= 256, 
01-10 14:12:13.217708   484   501 D skia    : SkJpegCodec::onGetPixels + (720, 1280)
01-10 14:12:13.223366   925   925 D         : [SYSENV]sysenv_get_with_area():429 , get env name=msim_config
01-10 14:12:13.223515   925   925 D         : [SYSENV]get_env_info():311 , initialize
01-10 14:12:13.223724   925   925 D         : [SYSENV]get_partition_count():107 , get_partition_count ret ptr: 38
01-10 14:12:13.223873   925   925 D         : [SYSENV]get_partition_path():158 , partition path = /dev/block/mmcblk0p3
01-10 14:12:13.223904   925   925 E         : [SYSENV]get_env_info():321 , env_buffer[1] : 40e45780
01-10 14:12:13.228242   925   925 D         : [SYSENV]read_env_area():244 , read 16384 data from 24000 to 40e45780
01-10 14:12:13.228554   925   925 W         : [SYSENV]get_env_info():352 , Incorrect sig, probably sysenv is still empty
01-10 14:12:13.234548   484   501 D skia    : SkJpegCodec::onGetPixels -
01-10 14:12:13.259710   484   501 D skia    : SkJpegCodec::onGetPixels + (720, 1280)
01-10 14:12:13.275966   484   501 D skia    : SkJpegCodec::onGetPixels -
01-10 14:12:13.284545   943   943 I zygote64: The ClassLoaderContext is a special shared library.
01-10 14:12:13.287074   523   562 D AAL     : 01-10 02:12:13.210 BL=1013,ESS= 256, 01-10 02:12:13.229 BL=1014,ESS= 256, 01-10 02:12:13.248 BL=1015,ESS= 256, 01-10 02:12:13.267 BL=1016,ESS= 256, 01-10 02:12:13.287 BL=1017,ESS= 256, 
01-10 14:12:13.301577   484   501 D skia    : SkJpegCodec::onGetPixels + (720, 1280)
01-10 14:12:13.305391   943   943 I zygote64: The ClassLoaderContext is a special shared library.
01-10 14:12:13.307993   943   943 I zygote64: The ClassLoaderContext is a special shared library.
01-10 14:12:13.318145   484   501 D skia    : SkJpegCodec::onGetPixels -
01-10 14:12:13.318453   943   943 I zygote64: The ClassLoaderContext is a special shared library.
01-10 14:12:13.343455   484   501 D skia    : SkJpegCodec::onGetPixels + (720, 1280)
01-10 14:12:13.359968   484   501 D skia    : SkJpegCodec::onGetPixels -
01-10 14:12:13.367594   943   943 I zygote64: The ClassLoaderContext is a special shared library.
01-10 14:12:13.374757   812   868 I VoLTE IMCB-CM: receive the nessage from IMC #72
01-10 14:12:13.375951   812   812 I VoLTE IMCB: {{{{[process_msg] msg_id=100116(0x00018714), dst=IMCB[2], IMCB_IMC_HEADER_FILE_VERNO=6c, MSG_ID_IMC_IN_BEGIN=100000, IMC_FEATURE_BITMAP=0x3 @0#187
01-10 14:12:13.375951   812   812 I VoLTE IMCB: ENTER imcb_imc_tlv_para_setting_ind_handler()@0#5493
01-10 14:12:13.375951   812   812 I VoLTE IMCB: Pure Mesage Send dest=UA[3], msg_id=10021(0x00002725), len=24, IMCB_IMC_HEADER_FILE_VERNO=6c, MSG_ID_IMC_IN_BEGIN=100000, IMC_FEATURE_BITMAP=0x3 imcb_send_to_COMM()@0#248
01-10 14:12:13.375951   812   812 I VoLTE IMCB: send REQ_UPDATE_RT_SETTING from tlv_para IMC to UA imcb_imc_tlv_para_setting_ind_handler()@0#5518
01-10 14:12:13.375951   812   812 I VoLTE IMCB: EndofMessage process_msg()@0#236}}}}
01-10 14:12:13.376263   811   853 I VoLTE SMS: SMS psismsc_from_user = 0, force_psi_scheme_to_tel = 0, add_user_phone = 1, update_call_id_with_host = 0 (module/volte//volte_ua/src/sms/sms.c:301)
01-10 14:12:13.376320   808   843 I VoLTE REG: rcs_feature = 0 (module/volte//volte_stack/src/reg/reg.c:3230)
01-10 14:12:13.376393   811   853 I VoLTE SMS: SMS add_no_fork = 0, nsn_specific = 0, mo_retry_after_504 = 0, send_timerF_expiry = 0 (module/volte//volte_ua/src/sms/sms.c:308)
01-10 14:12:13.376403   808   843 I VoLTE REG: rcs_state = 0 (module/volte//volte_stack/src/reg/reg.c:3233)
01-10 14:12:13.376472   811   853 I VoLTE SMS: SMS imsi_reged_disable_sms = 0, retry_count = 0, retry_duration = 0, wfc_with_plani = 0, in_reply_to_support = 1, check_reason_phase = 0, pani_country = 0, restore_in_3gpp_abnormal = 1, sms_force_sip_uri = 0 (module/volte//volte_ua/src/sms/sms.c:320)
01-10 14:12:13.378914   812   812 I VoLTE IMCB-2: {{{{[process_msg] msg_id=101602(0x00018CE2), dst=VT1[7], IMCB_IMC_HEADER_FILE_VERNO=6c, MSG_ID_IMC_IN_BEGIN=100000, IMC_FEATURE_BITMAP=0x3 @0#187
01-10 14:12:13.378914   812   812 I VoLTE IMCB-2: connection status change for module 7 as error_num 0 imcb_imcb_comm_error_handler()@0#797
01-10 14:12:13.378914   812   812 I VoLTE IMCB-2: ENTER imcb_send_multiple_imc_imsvt_connect_req()@0#4072
01-10 14:12:13.378914   812   812 I VoLTE IMCB-2: CHECK: is_connect 0 imcb_send_imc_imsvt_connect_req()@0#4060
01-10 14:12:13.378914   812   812 I VoLTE IMCB-2: Pure Mesage Send dest=IMCB[2], msg_id=100003(0x000186A3), len=3456, IMCB_IMC_HEADER_FILE_VERNO=6c, MSG_ID_IMC_IN_BEGIN=100000, IMC_FEATURE_BITMAP=0x3 imcb_send_to_COMM()@0#248
01-10 14:12:13.378914   812   812 I VoLTE IMCB-2: CHECK: is_connect 0 imcb_send_imc_imsvt_connect_req()@1#4060
01-10 14:12:13.378914   812   812 I VoLTE IMCB-2: Pure Mesage Send dest=IMCB[2], msg_id=100003(0x000186A3), len=3456, IMCB_IMC_HEADER_FILE_VERNO=6c, MSG_ID_IMC_IN_BEGIN=100000, IMC_FEATURE_BITMAP=0x3 imcb_send_to_COMM()@1#248}}}}
01-10 14:12:13.379578   812   812 I VoLTE IMCB-2: {{{{CHECK: is_connect 0 imcb_send_imc_imsvt_connect_req()@2#4060
01-10 14:12:13.379578   812   812 I VoLTE IMCB-2: Pure Mesage Send dest=IMCB[2], msg_id=100003(0x000186A3), len=3456, IMCB_IMC_HEADER_FILE_VERNO=6c, MSG_ID_IMC_IN_BEGIN=100000, IMC_FEATURE_BITMAP=0x3 imcb_send_to_COMM()@2#248
01-10 14:12:13.379578   812   812 I VoLTE IMCB-2: ENTER imcb_send_multiple_imc_imsvt_connect_req()@0#4072
01-10 14:12:13.379578   812   812 I VoLTE IMCB-2: CHECK: is_connect 1 imcb_send_imc_imsvt_connect_req()@0#4060
01-10 14:12:13.379578   812   812 I VoLTE IMCB-2: Pure Mesage Send dest=IMCB[2], msg_id=100003(0x000186A3), len=3456, IMCB_IMC_HEADER_FILE_VERNO=6c, MSG_ID_IMC_IN_BEGIN=100000, IMC_FEATURE_BITMAP=0x3 imcb_send_to_COMM()@0#248
01-10 14:12:13.379578   812   812 I VoLTE IMCB-2: CHECK: is_connect 1 imcb_send_imc_imsvt_connect_req()@1#4060
01-10 14:12:13.379578   812   812 I VoLTE IMCB-2: Pure Mesage Send dest=IMCB[2], msg_id=100003(0x000186A3), len=3456, IMCB_IMC_HEADER_FILE_VERNO=6c, MSG_ID_IMC_IN_BEGIN=100000, IMC_FEATURE_BITMAP=0x3 imcb_send_to_COMM()@1#248}}}}
01-10 14:12:13.379745   812   812 I VoLTE IMCB: {{{{CHECK: is_connect 1 imcb_send_imc_imsvt_connect_req()@2#4060
01-10 14:12:13.379745   812   812 I VoLTE IMCB: Pure Mesage Send dest=IMCB[2], msg_id=100003(0x000186A3), len=3456, IMCB_IMC_HEADER_FILE_VERNO=6c, MSG_ID_IMC_IN_BEGIN=100000, IMC_FEATURE_BITMAP=0x3 imcb_send_to_COMM()@2#248
01-10 14:12:13.379745   812   812 I VoLTE IMCB: EndofMessage process_msg()@0#236}}}}
01-10 14:12:13.380256   523   562 D AAL     : 01-10 02:12:13.304 BL=1018,ESS= 256, 01-10 02:12:13.323 BL=1017,ESS= 256, 01-10 02:12:13.342 BL=1016,ESS= 256, 01-10 02:12:13.361 BL=1017,ESS= 256, 01-10 02:12:13.380 BL=1018,ESS= 256, 
01-10 14:12:13.382952   812   868 I VoLTE IMCB-CM: receive the nessage from IMC #72
01-10 14:12:13.383921   812   868 I VoLTE IMCB-CM: receive the nessage from IMC #72
01-10 14:12:13.384660   812   812 I VoLTE IMCB: {{{{[process_msg] msg_id=100038(0x000186C6), dst=IMCB[2], IMCB_IMC_HEADER_FILE_VERNO=6c, MSG_ID_IMC_IN_BEGIN=100000, IMC_FEATURE_BITMAP=0x3 @0#187
01-10 14:12:13.384660   812   812 I VoLTE IMCB: ENTER imcb_imc_vt_cap_query_ind_handler()@0#5407
01-10 14:12:13.384660   812   812 I VoLTE IMCB: ENTER imcb_send_imsvt_get_cap_req()@0#4089
01-10 14:12:13.384660   812   812 I VoLTE IMCB: Pure Mesage Send dest=VT1[7], msg_id=101505(0x00018C81), len=4, IMCB_IMC_HEADER_FILE_VERNO=6c, MSG_ID_IMC_IN_BEGIN=100000, IMC_FEATURE_BITMAP=0x3 imcb_send_to_COMM()@0#248
01-10 14:12:13.384660   812   812 I VoLTE IMCB: EndofMessage process_msg()@0#236}}}}
01-10 14:12:13.385080   484   501 D skia    : SkJpegCodec::onGetPixels + (720, 1280)
01-10 14:12:13.385546   812   812 I VoLTE IMCB: {{{{[process_msg] msg_id=100038(0x000186C6), dst=IMCB[2], IMCB_IMC_HEADER_FILE_VERNO=6c, MSG_ID_IMC_IN_BEGIN=100000, IMC_FEATURE_BITMAP=0x3 @1#187
01-10 14:12:13.385546   812   812 I VoLTE IMCB: ENTER imcb_imc_vt_cap_query_ind_handler()@1#5407
01-10 14:12:13.385546   812   812 I VoLTE IMCB: ENTER imcb_send_imsvt_get_cap_req()@1#4089
01-10 14:12:13.385546   812   812 I VoLTE IMCB: Pure Mesage Send dest=VT1[7], msg_id=101505(0x00018C81), len=4, IMCB_IMC_HEADER_FILE_VERNO=6c, MSG_ID_IMC_IN_BEGIN=100000, IMC_FEATURE_BITMAP=0x3 imcb_send_to_COMM()@1#248
01-10 14:12:13.385546   812   812 I VoLTE IMCB: EndofMessage process_msg()@0#236}}}}
01-10 14:12:13.401755   484   501 D skia    : SkJpegCodec::onGetPixels -
01-10 14:12:13.427035   484   501 D skia    : SkJpegCodec::onGetPixels + (720, 1280)
01-10 14:12:13.443805   484   501 D skia    : SkJpegCodec::onGetPixels -
01-10 14:12:13.468866   484   501 D skia    : SkJpegCodec::onGetPixels + (720, 1280)
01-10 14:12:13.471498   555   580 D agps    : [agps][n][RIL] rilp_init_handler = 0
01-10 14:12:13.471604   555   580 D agps    : [agps][n][RPC] GPS_RPC_REQUEST_RE_INIT_RPC
01-10 14:12:13.474549   523   562 D AAL     : 01-10 02:12:13.399 BL=1019,ESS= 256, 01-10 02:12:13.417 BL=1018,ESS= 256, 01-10 02:12:13.436 BL=1017,ESS= 256, 01-10 02:12:13.455 BL=1016,ESS= 256, 01-10 02:12:13.474 BL=1015,ESS= 256, 
01-10 14:12:13.485747   484   501 D skia    : SkJpegCodec::onGetPixels -
01-10 14:12:13.492689   812   868 I VoLTE IMCB-CM: receive the nessage from IMC #72
01-10 14:12:13.493311   812   812 I VoLTE IMCB: {{{{[process_msg] msg_id=100109(0x0001870D), dst=IMCB[2], IMCB_IMC_HEADER_FILE_VERNO=6c, MSG_ID_IMC_IN_BEGIN=100000, IMC_FEATURE_BITMAP=0x3 @0#187
01-10 14:12:13.493311   812   812 I VoLTE IMCB: ENTER imcb_imc_ussd_urc_status_ind_handler()@0#5365
01-10 14:12:13.493311   812   812 I VoLTE IMCB: Pure Mesage Send dest=UA[3], msg_id=16002(0x00003E82), len=8, IMCB_IMC_HEADER_FILE_VERNO=6c, MSG_ID_IMC_IN_BEGIN=100000, IMC_FEATURE_BITMAP=0x3 imcb_send_to_COMM()@0#248
01-10 14:12:13.493311   812   812 I VoLTE IMCB: EndofMessage process_msg()@0#236}}}}
01-10 14:12:13.493422   811   856 E VoLTE Service: Error message type, type = 16002, len = 8 (module/volte//volte_ua/src/service/service.c:1118)
01-10 14:12:13.510592   484   501 D skia    : SkJpegCodec::onGetPixels + (720, 1280)
01-10 14:12:13.520123   361   367 D tkcore-teec: New pos: 68659
01-10 14:12:13.520485   361   367 D tkcore-teec: Logging started
01-10 14:12:13.518000   361   361 W teed    : type=1400 audit(0.0:39): avc: denied { write } for name="/" dev="dm-2" ino=2 scontext=u:r:tkcore:s0 tcontext=u:object_r:system_data_file:s0 tclass=dir permissive=0
01-10 14:12:13.527455   484   501 D skia    : SkJpegCodec::onGetPixels -
01-10 14:12:13.552362   484   501 D skia    : SkJpegCodec::onGetPixels + (720, 1280)
01-10 14:12:13.568847   484   501 D skia    : SkJpegCodec::onGetPixels -
01-10 14:12:13.568901   523   562 D AAL     : 01-10 02:12:13.493 BL=1014,ESS= 256, 01-10 02:12:13.512 BL=1013,ESS= 256, 01-10 02:12:13.531 BL=1012,ESS= 256, 01-10 02:12:13.549 BL=1011,ESS= 256, 01-10 02:12:13.568 BL=1010,ESS= 256, 
01-10 14:12:13.588745   806   909 E EMDLOGGER1: select timeout
01-10 14:12:13.594338   484   501 D skia    : SkJpegCodec::onGetPixels + (720, 1280)
01-10 14:12:13.610950   484   501 D skia    : SkJpegCodec::onGetPixels -
01-10 14:12:13.614600   555   627 D agps    : [agps] WARNING: [CP] cp2_fd_1_req_sim_num_timeout
01-10 14:12:13.615340   555   580 D agps    : [agps][n][CP] [MD_1] write  sim_info_req  gsm_disabled=[0] umts_disabled=[0] lte_disabled=[0] lppe_enable=[1] lppe_network_location_disable=[0] reject_non911_nilr_enable=[0] battery_percentage=[100]
01-10 14:12:13.618368   555   580 D agps    : [agps][n][CP] [MD_1] read  sim_info_rsp  sim_number=2 md_type=0 (0=fdd, 1=tdd) ecid=1 otdoa=0 band_num=11
01-10 14:12:13.618457   555   580 D agps    : [agps][n][CP] i=0  support_band=1
01-10 14:12:13.618504   555   580 D agps    : [agps][n][CP] i=1  support_band=3
01-10 14:12:13.618546   555   580 D agps    : [agps][n][CP] i=2  support_band=5
01-10 14:12:13.618587   555   580 D agps    : [agps][n][CP] i=3  support_band=7
01-10 14:12:13.618628   555   580 D agps    : [agps][n][CP] i=4  support_band=8
01-10 14:12:13.618670   555   580 D agps    : [agps][n][CP] i=5  support_band=20
01-10 14:12:13.618712   555   580 D agps    : [agps][n][CP] i=6  support_band=28
01-10 14:12:13.618754   555   580 D agps    : [agps][n][CP] i=7  support_band=38
01-10 14:12:13.618796   555   580 D agps    : [agps][n][CP] i=8  support_band=39
01-10 14:12:13.618838   555   580 D agps    : [agps][n][CP] i=9  support_band=40
01-10 14:12:13.618880   555   580 D agps    : [agps][n][CP] i=10  support_band=41
01-10 14:12:13.618968   555   580 D agps    : [agps][n][CP] index=[0]  support_lpp_otdoa_nbr_cell_list=[0] support_supl_flow_ind=[1] support_location_settings=[1] support_cp_lppe=[0]
01-10 14:12:13.619706   555   580 D agps    : [agps][n][CP] [MD_1] write  cp2_util_send_location_setting  enabled=[0]
01-10 14:12:13.619706   555   604 D agps    : [agps][n][task] lpp  rcv src=[MOD_LPP_CP] dest=[MOD_LPP_UP] msg=[MSG_ID_LPP_LBS_CAPABILITY_UPDATE_REQ]
01-10 14:12:13.619924   555   604 D agps    : [agps][n][task] lpp  rcv src=[MOD_LPP_CP] dest=[MOD_LPP_UP] msg=[MSG_ID_LPP_PEER_EUTRAN_BAND_UPDATE_CNF]
01-10 14:12:13.620125   555   580 D agps    : [agps][n][AGPS] [MNL] write  agps_settings_sync  sib8_16=[1], gps=[1] glonass=[1] beidou=[1] galileo=[1] agps=[1] aglonass=[1] abeidou=[0] agalileo=[0]
01-10 14:12:13.620781   520   691 D MNLD    : agps_settings_sync: agps setting, sib8_16_enable = 1, gps_sat_en = 1, glonass_sat_en = 1,         beidou_sat_en = 1, galileo_sat_en = 1, a_glonass_sat_en = 1,         a_gps_satellite_enable = 1, a_beidou_satellite_enable = 0, a_galileo_satellite_enable = 0, lppe_enable=1
01-10 14:12:13.622050   520   691 D MNLD    : agps_settings_sync: mnl stop, mnld send pmtk764 to agpsd
01-10 14:12:13.622171   555   580 D agps    : [agps][n][AGPS] [MNL] read  agps_settings_ack  gps=[1] glonass=[1] beidou=[1] galileo=[0]
01-10 14:12:13.622234   520   691 D MNLD    : get_agnss_capability: MNLD_PMTK764: $PMTK764,0,0,0,2,0,128,4,128,1*2C
01-10 14:12:13.622234   520   691 D MNLD    : , agps_cap:1, aglonass_cap:1, abeidou_cap:0, agalileo_cap:0, lppe_support:1
01-10 14:12:13.623082   555   580 D agps    : [agps][n][AGPS] [MNL] read  pmtk=[$PMTK764,0,0,0,2,0,128,4,128,1*2C
01-10 14:12:13.623082   555   580 D agps    : ]
01-10 14:12:13.623178   555   580 D agps    : [agps][n][AGPS] gnss_num=2
01-10 14:12:13.623322   555   580 D agps    : [agps][n][CP] [MD_1] write  pmtk [$PMTK764,0,0,0,2,0,128,4,128,1*2C
01-10 14:12:13.623322   555   580 D agps    : ]
01-10 14:12:13.636385   484   501 D skia    : SkJpegCodec::onGetPixels + (720, 1280)
01-10 14:12:13.653139   484   501 D skia    : SkJpegCodec::onGetPixels -
01-10 14:12:13.663189   523   562 D AAL     : 01-10 02:12:13.587 BL=1009,ESS= 256, 01-10 02:12:13.606 BL=1008,ESS= 256, 01-10 02:12:13.625 BL=1007,ESS= 256, 01-10 02:12:13.644 BL=1006,ESS= 256, 01-10 02:12:13.663 BL=1005,ESS= 256, 
01-10 14:12:13.678200   484   501 D skia    : SkJpegCodec::onGetPixels + (720, 1280)
01-10 14:12:13.682732   376   865 E VT HIDL : [IVT] [VT THREAD] [VT_Bind] des = volte_imsvt1 Fail to connect . retry count: 4
01-10 14:12:13.683762   376   865 E VT HIDL : [IVT] [VT THREAD] [VT_Bind] des = volte_imsvt1 Success fd: 10
01-10 14:12:13.683909   376   865 I VT HIDL : [IVT] [VT THREAD] [VT_Bind] des = volte_imsvt1 initialize communication
01-10 14:12:13.683963   376   865 D VT HIDL : [IVT] getInstance
01-10 14:12:13.684031   376   865 I VT HIDL : [IVT] [VT THREAD] [VT_IMCB_Thread] read from IMCB
01-10 14:12:13.695088   484   501 D skia    : SkJpegCodec::onGetPixels -
01-10 14:12:13.720162   484   501 D skia    : SkJpegCodec::onGetPixels + (720, 1280)
01-10 14:12:13.736985   484   501 D skia    : SkJpegCodec::onGetPixels -
01-10 14:12:13.757430   523   562 D AAL     : 01-10 02:12:13.681 BL=1004,ESS= 256, 01-10 02:12:13.700 BL=1003,ESS= 256, 01-10 02:12:13.719 BL=1002,ESS= 256, 01-10 02:12:13.738 BL=1001,ESS= 256, 01-10 02:12:13.757 BL=1000,ESS= 256, 
01-10 14:12:13.761908   484   501 D skia    : SkJpegCodec::onGetPixels + (720, 1280)
01-10 14:12:13.778767   484   501 D skia    : SkJpegCodec::onGetPixels -
01-10 14:12:13.803748   484   501 D skia    : SkJpegCodec::onGetPixels + (720, 1280)
01-10 14:12:13.820942   484   501 D skia    : SkJpegCodec::onGetPixels -
01-10 14:12:13.845549   484   501 D skia    : SkJpegCodec::onGetPixels + (720, 1280)
01-10 14:12:13.851732   523   562 D AAL     : 01-10 02:12:13.776 BL= 999,ESS= 256, 01-10 02:12:13.795 BL= 998,ESS= 256, 01-10 02:12:13.813 BL= 997,ESS= 256, 01-10 02:12:13.833 BL= 996,ESS= 256, 01-10 02:12:13.851 BL= 995,ESS= 256, 
