01-10 14:12:07.340994   386   386 I hwcomposer: [DPY] ydpi        : 295563.625000  
01-10 14:12:07.341022   386   386 I hwcomposer: [DPY] vsync       : 1  
01-10 14:12:07.341051   386   386 I hwcomposer: [DPY] refresh     : 18832392  
01-10 14:12:07.341078   386   386 I hwcomposer: [DPY] connected   : 1  
01-10 14:12:07.341106   386   386 I hwcomposer: [DPY] hwrotation  : 0  
01-10 14:12:07.341133   386   386 I hwcomposer: [DPY] subtype     : 0  
01-10 14:12:07.341176   386   386 I hwcomposer: [DPY] aspect      : 0.562, 1.778  
01-10 14:12:07.341207   386   386 I hwcomposer: [DPY] protrait    : [   0,   0, 720,1280]  
01-10 14:12:07.341236   386   386 I hwcomposer: [DPY] landscape   : [   0,   0, 720,1280]  
01-10 14:12:07.341265   386   386 I hwcomposer: [DPY] trigger_by_vsync: 0  
01-10 14:12:07.341292   386   386 I hwcomposer: [DPY] supportS3D  : 0  
01-10 14:12:07.341320   386   386 I hwcomposer: [DPY] density     : 320  
01-10 14:12:07.341359   386   386 I hwcomposer: [DPY] ro.sf.lcd_density : 320  
01-10 14:12:07.342000   361   361 W teed    : type=1400 audit(0.0:31): avc: denied { write } for name="/" dev="tmpfs" ino=2155 scontext=u:r:tkcore:s0 tcontext=u:object_r:system_data_file:s0 tclass=dir permissive=0
01-10 14:12:07.342000   361   361 W teed    : type=1400 audit(0.0:32): avc: denied { write } for name="/" dev="tmpfs" ino=2155 scontext=u:r:tkcore:s0 tcontext=u:object_r:system_data_file:s0 tclass=dir permissive=0
01-10 14:12:07.342315   398   398 I BufferQueue: [unnamed-398-0](this:0x7f76bfd000,id:0,api:0,p:-1,c:-1) BufferQueue core=(398:/system/bin/surfaceflinger)
01-10 14:12:07.355549   398   398 W GuiExt  : Cannot find GuiExtService
01-10 14:12:07.355748   398   398 E GED     : ged_gpu_timestamp: GED_ERROR_FAIL eErr = 0, 7
01-10 14:12:07.357415   398   398 I BufferQueueConsumer: [unnamed-398-0](this:0x7f76bfd000,id:0,api:0,p:-1,c:398) connect(C): consumer=(398:/system/bin/surfaceflinger) controlledByApp=false
01-10 14:12:07.357483   398   398 I BufferQueueConsumer: [unnamed-398-0](this:0x7f76bfd000,id:0,api:0,p:-1,c:398) setConsumerName: unnamed-398-0
01-10 14:12:07.357513   398   398 I BufferQueueConsumer: [FrameBufferSurface_0](this:0x7f76bfd000,id:0,api:0,p:-1,c:398) setConsumerName: FrameBufferSurface_0
01-10 14:12:07.357701   398   398 I BufferQueueConsumer: [FrameBufferSurface_0](this:0x7f76bfd000,id:0,api:0,p:-1,c:398) setDefaultBufferSize: width=720 height=1280
01-10 14:12:07.358041   398   398 I BufferQueueProducer: [FrameBufferSurface_0](this:0x7f76bfd000,id:0,api:1,p:398,c:398) connect(P): api=1 producer=(398:/system/bin/surfaceflinger) producerControlledByApp=false
01-10 14:12:07.387120   362   362 I KeymasterHAL: module.cpp:2130: Open session successfully
01-10 14:12:07.395696   385   454 W gralloc : Failed to find GPU block configuration in libGLES_mali.so. Using static build configuration.
01-10 14:12:07.397554   362   362 I ServiceManagement: Removing namespace from process name android.hardware.keymaster@3.0-service to keymaster@3.0-s.
01-10 14:12:07.398803   362   362 I android.hardware.keymaster@3.0-service: Registration complete for android.hardware.keymaster@3.0::IKeymasterDevice/default.
01-10 14:12:07.536083   407   407 I wmt_loader: external combo chip detected
01-10 14:12:07.537436   408   408 I wmt_launcher: get property(service.wcn.driver.ready) is no
01-10 14:12:07.538210   407   407 I wmt_loader: chipid (0x6630) detected
01-10 14:12:07.540915   407   407 I wmt_loader: set property(persist.mtk.wcn.combo.chipid) to 0x6630 succeed.
01-10 14:12:07.543355   407   407 I wmt_loader: do SDIO3.0 autok succeed
01-10 14:12:07.564321   407   407 I wmt_loader: external combo chip power off succeed
01-10 14:12:07.584505   407   407 I wmt_loader: do kernel module init succeed: 0
01-10 14:12:07.588176   407   407 I wmt_loader: set property(service.wcn.driver.ready) to yes succeed
01-10 14:12:07.802058   386   386 I hwcomposer: [HWC] Display(0) SetPowerMode(2)  
01-10 14:12:07.804012   398   481 I SurfaceFlinger: [checkEnableBootAnim] boot reason = ''
01-10 14:12:07.804312   398   481 I boot    : mBootAnimationEnabled = 1
01-10 14:12:07.808792   398   481 I boot    : BOOTPROF:BootAnimation:Start:6949
01-10 14:12:07.828595   386   386 W hwcomposer: [JOB] (0) SET/bypass/no_visible_layers  
01-10 14:12:07.837674   408   408 I wmt_launcher: get property(service.wcn.driver.ready) is yes
01-10 14:12:07.839656   408   408 I wmt_launcher: open device node succeed.(Node:/dev/stpwmt, fd:5) 
01-10 14:12:07.839699   408   408 I wmt_launcher: key:(persist.mtk.wcn.combo.chipid)-value:(0x6630),chip_id:0x6630
01-10 14:12:07.839710   408   408 I wmt_launcher: chip_id:0x6630
01-10 14:12:07.839728   408   408 I wmt_launcher: patch path:/vendor/firmware/
01-10 14:12:07.840963   408   408 I wmt_launcher: set chip_id(0x6630) to driver
01-10 14:12:07.844163   408   408 I wmt_launcher: Info:key:mt6620.defAnt value:mt6620_ant_m3.cfg
01-10 14:12:07.844244   408   408 I wmt_launcher: Info:key:mt6628.defAnt value:mt6628_ant_m1.cfg
01-10 14:12:07.844258   408   408 I wmt_launcher: Info:key:mt6630.defAnt value:mt6630_ant_m1.cfg
01-10 14:12:07.844271   408   408 I wmt_launcher: Info:key:mt6632.defAnt value:mt6632_ant_m1.cfg
01-10 14:12:07.844287   408   408 I wmt_launcher: NULL is returned, eighter EOF or error maybe found
01-10 14:12:07.844326   408   408 I wmt_launcher: close /system/vendor/firmware/WMT.cfg succeed
01-10 14:12:07.844342   408   408 I wmt_launcher: index:2, chip_id:0x6630
01-10 14:12:07.844358   408   408 I wmt_launcher: chip_id(0x6630), default Mode(4), strlen(g_wmt_cfg_name)(17), g_wmt_cfg_name(mt6630_ant_m1.cfg)
01-10 14:12:07.844857   398   485 E GED     : SF restart
01-10 14:12:07.850554   408   408 I wmt_launcher: create pwr on thread ok
01-10 14:12:07.850567   408   486 I wmt_launcher: enter power on connsys flow
01-10 14:12:07.850698   408   408 I wmt_launcher: get property(service.wcn.formeta.ready) failed iRet:0 or property is 
01-10 14:12:07.852787   408   408 I wmt_launcher: set property(service.wcn.formeta.ready) to yes succeed
01-10 14:12:08.596689   398   421 I SurfaceFlinger: [SF client] NEW(0x7f7b228000) for (484:/system/bin/bootanimation)
01-10 14:12:08.602089   398   398 I BufferQueue: [unnamed-398-1](this:0x7f74423000,id:1,api:0,p:-1,c:-1) BufferQueue core=(398:/system/bin/surfaceflinger)
01-10 14:12:08.602404   398   398 W GuiExt  : Cannot find GuiExtService
01-10 14:12:08.602520   398   398 I BufferQueueConsumer: [unnamed-398-1](this:0x7f74423000,id:1,api:0,p:-1,c:398) connect(C): consumer=(398:/system/bin/surfaceflinger) controlledByApp=false
01-10 14:12:08.602567   398   398 I BufferQueueConsumer: [unnamed-398-1](this:0x7f74423000,id:1,api:0,p:-1,c:398) setConsumerName: unnamed-398-1
01-10 14:12:08.602615   398   398 I BufferQueueConsumer: [BootAnimation#0](this:0x7f74423000,id:1,api:0,p:-1,c:398) setConsumerName: BootAnimation#0
01-10 14:12:08.602664   398   398 I BufferQueueConsumer: [BootAnimation#0](this:0x7f74423000,id:1,api:0,p:-1,c:398) setDefaultBufferSize: width=720 height=1280
01-10 14:12:08.609391   386   386 W hwcomposer: [JOB] (0) SET/bypass/no_visible_layers  
01-10 14:12:08.618850   502   502 I /system/bin/tzdatacheck: timezone distro dir /data/misc/zoneinfo/current does not exist. No action required.
01-10 14:12:08.720079   484   501 I /system/bin/bootanimation: android::hardware::configstore::V1_0::ISurfaceFlingerConfigs::hasWideColorDisplay retrieved: 0
01-10 14:12:08.720843   398   421 I BufferQueueProducer: [BootAnimation#0](this:0x7f74423000,id:1,api:1,p:484,c:398) connect(P): api=1 producer=(484:/system/bin/bootanimation) producerControlledByApp=false
01-10 14:12:08.732077   503   503 I bootstat: Service started: /system/bin/bootstat -r post_decrypt_time_elapsed 
01-10 14:12:09.017831   398   398 I DisplayDevice: [Built-in Screen (type:0)] fps:1.681545,dur:1189.38,max:780.79,min:408.59
01-10 14:12:09.282908   529   529 I thermald: START+++++++++ 529
01-10 14:12:09.283074   529   529 I thermald: Success to write 529 to /proc/driver/thermal/clsd_pid
01-10 14:12:09.283113   529   529 I thermald: Success to write 529 to /proc/driver/thermal/clmutt_tmd_pid
01-10 14:12:09.283133   529   529 I thermald: Enter infinite loop
01-10 14:12:09.330313   539   539 I MobileLogD: =====MOBILELOG START=======
01-10 14:12:09.343498   551   551 I thermal_mgr: main argc 1.
01-10 14:12:09.352763   550   550 I thermal_repeater: START+++++++++ 550
01-10 14:12:09.352949   550   550 I thermal_repeater: Success to write 550 to /proc/driver/thermal/clwmt_pid
01-10 14:12:09.353117   550   550 I thermal_repeater: Success to write 550 to /proc/driver/thermal/clmutt_tm_pid
01-10 14:12:09.353171   550   550 I thermal_repeater: RilRPC_init 
01-10 14:12:09.353307   551   551 I thermal_mgr: argv[0] /vendor/bin/thermal_manager.
01-10 14:12:09.353484   550   550 I thermal_repeater: RilRPC_init dlopen fail: dlopen failed: library "librpcril.so" not found 
01-10 14:12:09.355035   552   552 I thermal_src: ta_main
01-10 14:12:09.361847   523   562 E AALCust : Invalid LCM index -1, LCM count 1
01-10 14:12:09.362025   523   562 I AALCust : LCM index: 0/1
01-10 14:12:09.366191   542   542 I Netdiag : network_dignose_daemon doing
01-10 14:12:09.374018   542   568 I Netdiag : commandlistening threadStart doing
01-10 14:12:09.384346   552   552 I thermal_src1: libthermal_algo_setup
01-10 14:12:09.384901   552   552 I thermal_src1: ta_daemon_init
01-10 14:12:09.385033   552   552 I thermal_src1: spa_init
01-10 14:12:09.385356   551   551 I thermal_mgr: loadmtc thermal.conf
01-10 14:12:09.385466   551   551 I libMtcLoader: loadmtc
01-10 14:12:09.385782   552   552 I thermal_src: spa_processMsg, ARGS[0]:Tpolicy,/vendor/etc/.tp/thermal.conf
01-10 14:12:09.385929   551   551 I libMtcLoader: spa socket send done!
01-10 14:12:09.401735   555   555 E agps    : [agps] ERR: [MAIN] mtk_agpsd is running ver=4.309.0
01-10 14:12:09.402114   555   555 E agps    : [agps] ERR: [MAIN] mtk_agpsd is for Android
01-10 14:12:09.409137   559   559 E         : [SYSENV]get_env_info():321 , env_buffer[0] : f4d2a000
01-10 14:12:09.423176   547   547 E android.hardware.sensors@1.0-service-mediatek: sensor hidl defaultPassthroughServiceImplementation start.
01-10 14:12:09.430786   551   551 I libMtcLoader: .tp.settings is opened.
01-10 14:12:09.445316   538   538 I         : [MET_LOG_D: drop_privs 2394]prctl success
01-10 14:12:09.445485   538   538 I         : [MET_LOG_D: drop_privs 2400]setgroups success
01-10 14:12:09.445520   538   538 I         : [MET_LOG_D: drop_privs 2406]setgid 2000 success
01-10 14:12:09.445549   538   538 I         : [MET_LOG_D: drop_privs 2412]setuid 2000 success
01-10 14:12:09.456584   539   539 I MobileLogD: boot mode is 0
01-10 14:12:09.465475   551   551 I libMtcLoader: readPolicy_formatV2
01-10 14:12:09.466273   551   551 E libMtcLoader: failed to write "" to /proc/mtkcooler/mtktscpu-sysrst!
01-10 14:12:09.466690   551   551 E libMtcLoader: failed to write "" to /proc/mtkcooler/mtktspmic-sysrst!
01-10 14:12:09.466776   551   551 E libMtcLoader: failed to write "" to /proc/mtkcooler/mtktsbattery-sysrst!
01-10 14:12:09.466827   551   551 E libMtcLoader: failed to write "" to /proc/mtkcooler/mtk-cl-shutdown01!
01-10 14:12:09.466871   551   551 E libMtcLoader: failed to write "" to /proc/mtkcooler/mtktscharger-sysrst!
01-10 14:12:09.466918   551   551 E libMtcLoader: failed to write "" to /proc/mtkcooler/mtktswmt-sysrst!
01-10 14:12:09.466969   551   551 E libMtcLoader: failed to write "" to /proc/mtkcooler/mtktsAP-sysrst!
01-10 14:12:09.467012   551   551 E libMtcLoader: failed to write "" to /proc/mtkcooler/mtk-cl-shutdown00!
01-10 14:12:09.467193   551   551 E libMtcLoader: failed to write "" to /proc/mtkcooler/mtk-cl-shutdown02!
01-10 14:12:09.467344   551   551 E libMtcLoader: failed to write "" to /proc/mtkcooler/mtk-cl-kshutdown00!
01-10 14:12:09.469493   551   551 E libMtcLoader: failed to write "" to /proc/mtkcooler/mtk-cl-kshutdown01!
01-10 14:12:09.469906   551   551 E libMtcLoader: failed to write "" to /proc/mtkcooler/mtk-cl-kshutdown02!
01-10 14:12:09.470105   551   551 E libMtcLoader: failed to write "" to /proc/mtkcooler/mtk-cl-kshutdown03!
01-10 14:12:09.470207   551   551 E libMtcLoader: failed to write "" to /proc/mtkcooler/mtk-cl-kshutdown04!
01-10 14:12:09.504192   552   552 I thermal_src: ta_catm_init_flow
01-10 14:12:09.504308   552   552 I thermal_src: u_CATM_ON == -1, get catm init val
01-10 14:12:09.504397   552   552 I thermal_src: TTJ_D 13500,TT_H 500,TT_L 500,TT 4000,MAX_TT 800000,MIN_TT -800000,MIN_TTJ 65000,CATM_ON 2,TTJ 59000,MAX_TARGET_TJ 85000,TRIP_TPCB 43000,STEADY_TARGET_TPCB 46000
01-10 14:12:09.504413   552   552 I thermal_src: update param 4608,59000,71500,27648,-25600
01-10 14:12:09.516009   563   563 W libutils.threads: Thread (this=0x7c3766c648): getTid() is undefined before run()
01-10 14:12:09.524876   563   563 I ServiceManagement: Removing namespace from process name vendor.mediatek.hardware.pq@2.0-service to pq@2.0-service.
01-10 14:12:09.535147   567   567 I gatekeeperd: Starting gatekeeperd...
01-10 14:12:09.537250   563   563 I vendor.mediatek.hardware.pq@2.0-service: Registration complete for vendor.mediatek.hardware.pq@2.0::IPictureQuality/default.
01-10 14:12:09.545216   555   580 I MtkAgpsNative: Enter mtk_agps_up_init
01-10 14:12:09.545445   555   580 I MtkAgpsNative: [????] kal_create_mutex: name(tls_global) 
01-10 14:12:09.545482   572   572 I /system/bin/tombstoned: tombstoned successfully initialized
01-10 14:12:09.564260   543   543 I PPL/PPLAgent: PPLAgent created start
01-10 14:12:09.565732   543   543 E PPL/PPLAgent: failed to get entry for /ppl
01-10 14:12:09.565803   543   543 I PPL/PPLAgent: PPLAgent created end
01-10 14:12:09.568408   543   543 I PPL/PPLAgent: Registered to Service Manager. writeOnProtect=1, rawDataPart=0
01-10 14:12:09.568627   375   375 W /system/bin/hw/android.hidl.allocator@1.0-service: ashmem_create_region(149504) returning hidl_memory(0x705b02b5f0, 149504)
01-10 14:12:09.568698   543   543 I PPL/PPLAgent: PPLAgent Service is now ready
01-10 14:12:09.572192   536   536 I mediametrics: ServiceManager: 0x7ef6e316c0
01-10 14:12:09.577360   555   580 E agps    : [agps] ERR: [Default] mtk_expat_xml_load() failed reason=[fopen() failed reason=[No such file or directory]]
01-10 14:12:09.577513   555   580 E agps    : [agps] ERR: [Default] mtk_expat_xml_load() failed reason=[fopen() failed reason=[No such file or directory]]
01-10 14:12:09.587049   569   569 I ProgramBinary/Server: Get disable program binary service property (0)
01-10 14:12:09.587243   569   569 I ProgramBinary/Server: Program binary server is starting...
01-10 14:12:09.587735   569   569 I ProgramBinary/Service: ProgramBinaryService created.
01-10 14:12:09.590464   548   548 I camerahalserver: Camera HAL Server is starting..., ADV_CAM_SUPPORT(1)
01-10 14:12:09.591733   569   569 I ProgramBinary/Service: ProgramBinaryService init...
01-10 14:12:09.591819   569   569 I ProgramBinary/Service: ProgramBinaryService disable debugging.
01-10 14:12:09.591872   569   569 I ProgramBinary/Service: ProgramBinaryService disable binary content debugging.
01-10 14:12:09.592929   569   569 I ProgramBinary/Server: Program binary service is added to service manager.
01-10 14:12:09.593104   569   569 I ProgramBinary/Server: Execute program_binary_builder.
01-10 14:12:09.599964   569   569 I ProgramBinary/Server: Parent process for handling binder: Pid of child is 621.
01-10 14:12:09.607894   555   580 E agps    : [agps] ERR: [MNL] sendto dest=[/data/agps_supl/agps_to_mnl] len=8 reason=[Connection refused]
01-10 14:12:09.608135   555   580 E agps    : [agps] ERR: [MNL] sendto dest=[/data/agps_supl/agps_to_mnl] len=48 reason=[Connection refused]
01-10 14:12:09.608712   621   621 I ProgramBinary/Server: Child process for building program: Pid is 621.
01-10 14:12:09.611915   541   541 I Netd    : Netd 1.0 starting
01-10 14:12:09.613377   555   580 E MtkAgpsNative: safe_write reason=[No such device]19
01-10 14:12:09.613701   555   580 E agps    : [agps] ERR: [CP] get_ccci_uart  open failed node=[/dev/ccci2_tty2] reason=[No such file or directory]
01-10 14:12:09.613786   555   580 E agps    : [agps] ERR: [CP] ccci_uart_2  open failed
01-10 14:12:09.615956   533   533 I mediaserver: ServiceManager: 0xf6898f20
01-10 14:12:09.629285   561   561 E         : safe_sendto: safe_sendto() sendto() failed path=[mtk_hal2mnl] ret=-1 reason=[Connection refused]111
01-10 14:12:09.630203   561   561 I ServiceManagement: Removing namespace from process name vendor.mediatek.hardware.gnss@1.1-service to gnss@1.1-servic.
01-10 14:12:09.637302   561   561 I vendor.mediatek.hardware.gnss@1.1-service: Registration complete for vendor.mediatek.hardware.gnss@1.1::IMtkGnss/default.
01-10 14:12:09.650000   544   544 W storaged: type=1400 audit(0.0:33): avc: denied { read } for path="/sys/kernel/debug/mmc0/mmc0:0001/ext_csd" dev="debugfs" ino=96 scontext=u:r:storaged:s0 tcontext=u:object_r:debugfs_mmc:s0 tclass=file permissive=0
01-10 14:12:09.675790   520   520 E mnl_linux: mnl_utl_load_property: Config is not set yet, ignore
01-10 14:12:09.676323   547   547 I Accelerometer: read div buf(/sys/class/sensor/m_acc_misc/accactive), mdiv 1000
01-10 14:12:09.687528   547   547 E         : settings file open failed: -2 (No such file or directory)
01-10 14:12:09.687710   547   547 E Accelerometer: read bias: [0.000000, 0.000000, 0.000000]
01-10 14:12:09.687788   547   547 E         : settings file open failed: -2 (No such file or directory)
01-10 14:12:09.687815   547   547 E Accelerometer: read cali: [0, 0, 0]
01-10 14:12:09.690087   547   547 I Magnetic: misc path =/sys/class/sensor/m_mag_misc/
01-10 14:12:09.690399   547   547 I Magnetic: read div buf(/sys/class/sensor/m_mag_misc/magactive), mdiv_M 1024000
01-10 14:12:09.690462   547   547 E         : settings file open failed: -2 (No such file or directory)
01-10 14:12:09.690523   547   547 I Magnetic: read bias: [0.000000, 0.000000, 0.000000]
01-10 14:12:09.706660   547   547 I Proximity: misc path =/sys/class/sensor/m_ps_misc/
01-10 14:12:09.706850   547   547 I Proximity: read div buf(/sys/class/sensor/m_ps_misc/psactive), mdiv 100
01-10 14:12:09.706914   547   547 I Light   : misc path =/sys/class/sensor/m_als_misc/
01-10 14:12:09.706977   547   547 I Light   : read div buf(/sys/class/sensor/m_als_misc/alsactive),mdiv 100
01-10 14:12:09.707026   547   547 I Gyroscope: misc path =/sys/class/sensor/m_gyro_misc/
01-10 14:12:09.707085   547   547 I Gyroscope: read div buf(/sys/class/sensor/m_gyro_misc/gyroactive), mdiv 7506
01-10 14:12:09.707155   547   547 E         : settings file open failed: -2 (No such file or directory)
01-10 14:12:09.707216   547   547 I Gyroscope: read bias: [0.000000, 0.000000, 0.000000]
01-10 14:12:09.707242   547   547 E         : settings file open failed: -2 (No such file or directory)
01-10 14:12:09.707257   547   547 I Gyroscope: read cali: [0, 0, 0]
01-10 14:12:09.707280   547   547 E         : settings file open failed: -2 (No such file or directory)
01-10 14:12:09.707307   547   547 I Gyroscope: read temp: [0, 0, 0, 0, 0, 0]
01-10 14:12:09.710069   547   547 E Pressure: couldn't find sensor device , 0.1
01-10 14:12:09.710270   547   547 E Pressure: couldn't find input device ,0.1
01-10 14:12:09.710325   547   547 E HUMIDITY: couldn't find sensor device
01-10 14:12:09.710365   547   547 E HUMIDITY: couldn't find input device 
01-10 14:12:09.710390   547   547 E StepRecognize: couldn't find input device
01-10 14:12:09.710418   547   547 I StepRecognize: misc path =
01-10 14:12:09.710454   547   547 E StepRecognize: open misc path /sys/class/sensor/m_step_c_misc/step_cactive fail 
01-10 14:12:09.710482   547   547 E Pedometer: couldn't find input device
01-10 14:12:09.710526   547   547 I Pedometer: misc path =
01-10 14:12:09.710545   547   547 E Pedometer: open misc path /sys/class/sensor/m_pedo_misc/pedoactive fail
01-10 14:12:09.710588   547   547 E Activity: couldn't find input device
01-10 14:12:09.710608   547   547 E Activity: couldn't find input device 
01-10 14:12:09.710639   547   547 E Situation: couldn't find input device
01-10 14:12:09.710658   547   547 I Situation: misc path =
01-10 14:12:09.710694   547   547 E Fusion  : open fusion misc path /sys/class/sensor/m_fusion_misc/fusionactive fail 
01-10 14:12:09.710742   547   547 I android.hardware.sensors@1.0-service-mediatek: sensor hidl load sensor module success.
01-10 14:12:09.711699   556   556 I NVRAM   : Registration complete for vendor.mediatek.hardware.nvram@1.0::INvram/default.
01-10 14:12:09.713902   547   547 I ServiceManagement: Removing namespace from process name android.hardware.sensors@1.0-service-mediatek to sensors@1.0-ser.
01-10 14:12:09.720915   547   547 I android.hardware.sensors@1.0-service-mediatek: Registration complete for android.hardware.sensors@1.0::ISensors/default.
01-10 14:12:09.741069   541   541 I Netd    : Creating child chains: 67.5ms
01-10 14:12:09.741511   541   541 I Netd    : Setting up OEM hooks: 0.4ms
01-10 14:12:09.763300   541   541 I Netd    : Setting up FirewallController hooks: 21.8ms
01-10 14:12:09.768338   541   541 I Netd    : Setting up NatController hooks: 5.0ms
01-10 14:12:09.781434   541   541 I Netd    : Setting up BandwidthController hooks: 5.3ms
01-10 14:12:09.781574   541   541 I Netd    : Setting up IdletimerController hooks: 8.0ms
01-10 14:12:09.795892   541   541 I Netd    : Disabling bandwidth control: 14.3ms
01-10 14:12:09.798694   636   636 I recovery: Recovery image already installed
01-10 14:12:09.804438   541   541 E Netd    : cannot find interface dummy0
01-10 14:12:09.805141   541   541 I Netd    : Initializing RouteController: 9.3ms
01-10 14:12:09.808184   540   540 I advcamserver: ServiceManager: 0xf1918ec0
01-10 14:12:09.808332   540   540 I advcam/AdvCamService: AdvCamService started (pid=540)
01-10 14:12:09.811837   541   541 I Netd    : Registering NetdNativeService: 4.9ms
01-10 14:12:09.812209   540   540 I mmsdk/MMSdkService: MMSdkService started (pid=540)
01-10 14:12:09.812242   541   541 I Netd    : Starting CommandListener: 0.4ms
01-10 14:12:09.824053   541   541 I Netd    : Registering NetdHwService: 11.8ms
01-10 14:12:09.824191   541   541 I Netd    : Netd started in 212ms
01-10 14:12:09.847699   546   546 I /vendor/bin/hw/android.hardware.media.omx@1.0-service: mediacodecservice starting
01-10 14:12:09.857776   548   548 I mtkcam-devicemgr: [CameraDeviceManagerBase] "internal" this:0xf0e63004 persist.mtkcam.aosp_hal_version: persist.mtkcam.aosp_hal_legacy:1 persist.mtkcam.aosp_hal_legacy:0
01-10 14:12:09.862093   546   546 W /vendor/bin/hw/android.hardware.media.omx@1.0-service: libminijail[546]: allowing syscall: clock_gettime
01-10 14:12:09.862229   546   546 W /vendor/bin/hw/android.hardware.media.omx@1.0-service: libminijail[546]: allowing syscall: connect
01-10 14:12:09.862310   546   546 W /vendor/bin/hw/android.hardware.media.omx@1.0-service: libminijail[546]: allowing syscall: fcntl64
01-10 14:12:09.862382   546   546 W /vendor/bin/hw/android.hardware.media.omx@1.0-service: libminijail[546]: allowing syscall: socket
01-10 14:12:09.862456   546   546 W /vendor/bin/hw/android.hardware.media.omx@1.0-service: libminijail[546]: allowing syscall: writev
01-10 14:12:09.863709   546   546 W /vendor/bin/hw/android.hardware.media.omx@1.0-service: libminijail[546]: logging seccomp filter failures
01-10 14:12:09.888406   546   546 W MediaCodecsXmlParser: unable to open media codecs configuration xml file: /data/misc/media/media_codecs_profiling_results.xml
01-10 14:12:09.888604   546   546 W MediaCodecsXmlParser: parseTopLevelXMLFile(/data/misc/media/media_codecs_profiling_results.xml) failed
01-10 14:12:09.888810   546   546 E MediaCodecsXmlParser: Cannot find the role for a decoder of type audio/x-ms-wma
01-10 14:12:09.890892   546   546 I ServiceManagement: Removing namespace from process name android.hardware.media.omx@1.0-service to omx@1.0-service.
01-10 14:12:09.900343   544   637 I ServiceManager: Waiting for service package_native...
01-10 14:12:09.926979   546   546 W MediaCodecsXmlParser: unable to open media codecs configuration xml file: /data/misc/media/media_codecs_profiling_results.xml
01-10 14:12:09.927130   546   546 W MediaCodecsXmlParser: parseTopLevelXMLFile(/data/misc/media/media_codecs_profiling_results.xml) failed
01-10 14:12:09.927328   546   546 I ServiceManagement: Removing namespace from process name android.hardware.media.omx@1.0-service to omx@1.0-service.
01-10 14:12:09.936843   546   546 I /vendor/bin/hw/android.hardware.media.omx@1.0-service: Treble OMX service created.
01-10 14:12:09.972054   521   521 I zygote64: option[0]=-Xzygote
01-10 14:12:09.972158   521   521 I zygote64: option[1]=-Xusetombstonedtraces
01-10 14:12:09.972173   521   521 I zygote64: option[2]=exit
01-10 14:12:09.972183   521   521 I zygote64: option[3]=vfprintf
01-10 14:12:09.972194   521   521 I zygote64: option[4]=sensitiveThread
01-10 14:12:09.972204   521   521 I zygote64: option[5]=-verbose:gc
01-10 14:12:09.972214   521   521 I zygote64: option[6]=-Xms4m
01-10 14:12:09.972222   521   521 I zygote64: option[7]=-Xmx256m
01-10 14:12:09.972233   521   521 I zygote64: option[8]=-XX:HeapGrowthLimit=128m
01-10 14:12:09.972245   521   521 I zygote64: option[9]=-Xusejit:true
01-10 14:12:09.972256   521   521 I zygote64: option[10]=-Xjitsaveprofilinginfo
01-10 14:12:09.972267   521   521 I zygote64: option[11]=-agentlib:jdwp=transport=dt_android_adb,suspend=n,server=y
01-10 14:12:09.972283   521   521 I zygote64: option[12]=-Ximage-compiler-option
01-10 14:12:09.972295   521   521 I zygote64: option[13]=--runtime-arg
01-10 14:12:09.972307   521   521 I zygote64: option[14]=-Ximage-compiler-option
01-10 14:12:09.972319   521   521 I zygote64: option[15]=-Xms64m
01-10 14:12:09.972330   521   521 I zygote64: option[16]=-Ximage-compiler-option
01-10 14:12:09.972340   521   521 I zygote64: option[17]=--runtime-arg
01-10 14:12:09.972351   521   521 I zygote64: option[18]=-Ximage-compiler-option
01-10 14:12:09.972362   521   521 I zygote64: option[19]=-Xmx64m
01-10 14:12:09.972373   521   521 I zygote64: option[20]=-Ximage-compiler-option
01-10 14:12:09.972385   521   521 I zygote64: option[21]=--image-classes=/system/etc/preloaded-classes
01-10 14:12:09.972396   521   521 I zygote64: option[22]=-Ximage-compiler-option
01-10 14:12:09.972407   521   521 I zygote64: option[23]=--compiled-classes=/system/etc/compiled-classes
01-10 14:12:09.972419   521   521 I zygote64: option[24]=-Ximage-compiler-option
01-10 14:12:09.972432   521   521 I zygote64: option[25]=--dirty-image-objects=/system/etc/dirty-image-objects
01-10 14:12:09.972444   521   521 I zygote64: option[26]=-Xcompiler-option
01-10 14:12:09.972455   521   521 I zygote64: option[27]=--runtime-arg
01-10 14:12:09.972465   521   521 I zygote64: option[28]=-Xcompiler-option
01-10 14:12:09.972475   521   521 I zygote64: option[29]=-Xms64m
01-10 14:12:09.972486   521   521 I zygote64: option[30]=-Xcompiler-option
01-10 14:12:09.972497   521   521 I zygote64: option[31]=--runtime-arg
01-10 14:12:09.972509   521   521 I zygote64: option[32]=-Xcompiler-option
01-10 14:12:09.972520   521   521 I zygote64: option[33]=-Xmx512m
01-10 14:12:09.972530   521   521 I zygote64: option[34]=-Ximage-compiler-option
01-10 14:12:09.972541   521   521 I zygote64: option[35]=--instruction-set-variant=cortex-a53
01-10 14:12:09.972552   521   521 I zygote64: option[36]=-Xcompiler-option
01-10 14:12:09.972564   521   521 I zygote64: option[37]=--instruction-set-variant=cortex-a53
01-10 14:12:09.972578   521   521 I zygote64: option[38]=-Ximage-compiler-option
01-10 14:12:09.972590   521   521 I zygote64: option[39]=--instruction-set-features=default
01-10 14:12:09.972601   521   521 I zygote64: option[40]=-Xcompiler-option
01-10 14:12:09.972612   521   521 I zygote64: option[41]=--instruction-set-features=default
01-10 14:12:09.972623   521   521 I zygote64: option[42]=-Duser.locale=zh-Hans-CN
01-10 14:12:09.972633   521   521 I zygote64: option[43]=--cpu-abilist=arm64-v8a
01-10 14:12:09.972648   521   521 I zygote64: option[44]=-Xfingerprint:Datalogic/dl35cn/dl35:8.1.0/1.07.15.20191227/1577435794:user/release-keys
01-10 14:12:10.003695   398   640 I BufferQueueProducer: [BootAnimation#0](this:0x7f74423000,id:1,api:1,p:484,c:398) queueBuffer: fps=15.87 dur=1008.40 max=129.59 min=33.64
01-10 14:12:10.031196   535   535 W /system/bin/mediaextractor: libminijail[535]: allowing syscall: connect
01-10 14:12:10.031459   535   535 W /system/bin/mediaextractor: libminijail[535]: allowing syscall: fcntl
01-10 14:12:10.031559   535   535 W /system/bin/mediaextractor: libminijail[535]: allowing syscall: sendto
01-10 14:12:10.031617   535   535 W /system/bin/mediaextractor: libminijail[535]: allowing syscall: socket
01-10 14:12:10.031669   535   535 W /system/bin/mediaextractor: libminijail[535]: allowing syscall: writev
01-10 14:12:10.032282   535   535 W /system/bin/mediaextractor: libminijail[535]: logging seccomp filter failures
01-10 14:12:10.063974   539   539 I MobileLogD: set cur path: /data/log_temp/boot/
01-10 14:12:10.064715   539   539 I MobileLogD: ld_p type: 0, id: 0, log_name: main_log, rotate_size: 15728640
01-10 14:12:10.064861   539   539 I MobileLogD: ld_p type: 0, id: 1, log_name: radio_log, rotate_size: 5242880
01-10 14:12:10.064962   539   539 I MobileLogD: ld_p type: 0, id: 2, log_name: events_log, rotate_size: 5242880
01-10 14:12:10.065061   539   539 I MobileLogD: ld_p type: 0, id: 3, log_name: sys_log, rotate_size: 5242880
01-10 14:12:10.065163   539   539 I MobileLogD: ld_p type: 0, id: 4, log_name: crash_log, rotate_size: 3145728
01-10 14:12:10.065246   539   539 I MobileLogD: Read kernel log from kmsg
01-10 14:12:10.065352   539   539 I MobileLogD: ld_p type: 1, id: 6, log_name: kernel_log, rotate_size: 10485760
01-10 14:12:10.065521   539   539 I MobileLogD: ld_p type: 1, id: 7, log_name: atf_log, rotate_size: 10485760
01-10 14:12:10.065729   539   539 I MobileLogD: ld_p type: 1, id: 8, log_name: gz_log, rotate_size: 3145728
01-10 14:12:10.065831   539   539 E MobileLogD: open /proc/gz_log fail(No such file or directory)
01-10 14:12:10.071895   398   398 I DisplayDevice: [Built-in Screen (type:0)] fps:16.128290,dur:1054.05,max:132.28,min:36.44
01-10 14:12:10.112101   539   539 I MobileLogD: ld_p type: 1, id: 9, log_name: bsp_log, rotate_size: 5242880
01-10 14:12:10.123307   557   669 E HWMLIB  : alsps_set_cali: set_cali err: -1
01-10 14:12:10.123319   557   668 E HWMLIB  : gyroscope_set_cali: set_cali err: -1
01-10 14:12:10.123331   557   667 E HWMLIB  : gsensor_set_cali: set_cali err: -1
01-10 14:12:10.178397   527   527 I cameraserver: ServiceManager: 0xec998f40
01-10 14:12:10.178584   527   527 I CameraService: CameraService started (pid=527)
01-10 14:12:10.181985   520   520 E mnld_uti: read_NVRAM: not 3332 UART port
01-10 14:12:10.182299   520   520 E gps_controlller: hasAlmanac: open file(/nvcfg/almanac.dat) fail
01-10 14:12:10.185942   673   673 I MobileLogD: bsp ftrace buffer initializing...
01-10 14:12:10.193145   524   524 I FastMixerState: sMaxFastTracks = 8
01-10 14:12:10.201078   524   524 W BatteryNotifier: batterystats service unavailable!
01-10 14:12:10.202286   539   539 I MobileLogD: ld_p type: 1, id: 11, log_name: scp_log, rotate_size: 3145728
01-10 14:12:10.202601   539   539 E MobileLogD: open /dev/scp fail(No such file or directory)
01-10 14:12:10.206076   520   520 E mtk_lbs_utility: safe_sendto: safe_sendto() sendto() failed path=[mtk_mnl2hal] ret=-1 reason=[Connection refused]111
01-10 14:12:10.216544   555   580 E MtkAgpsNative: safe_write reason=[No such device]19
01-10 14:12:10.249411   524   524 I AudioFlinger: Using default 3000 mSec as standby time.
01-10 14:12:10.249648   403   403 I ccci_mdinit: (1):Gotten ret=0,nvram_init=Ready!
01-10 14:12:10.254411   403   403 I ccci_mdinit: (1):md_img_exist 0 0 0 0
01-10 14:12:10.254906   524   524 E APM::Serializer: deserialize: Could not parse /odm/etc/audio_policy_configuration.xml document.
01-10 14:12:10.261118   539   539 I MobileLogD: ld_p type: 1, id: 12, log_name: scp_b_log, rotate_size: 3145728
01-10 14:12:10.261420   539   539 E MobileLogD: open /dev/scp_B fail(No such file or directory)
01-10 14:12:10.271559   537   537 I mediaserver: ServiceManager: 0xe9ad8740
01-10 14:12:10.279580   537   537 W BatteryNotifier: batterystats service unavailable!
01-10 14:12:10.286007   539   539 I MobileLogD: ld_p type: 1, id: 13, log_name: sspm_log, rotate_size: 3145728
01-10 14:12:10.289086   539   539 E MobileLogD: open tagmap done
01-10 14:12:10.289693   539   539 I MobileLogD: current folder size limited is 300 MB, factor is 1
01-10 14:12:10.290048   539   539 I MobileLogD: main_log, rotation size 15728640
01-10 14:12:10.290232   539   539 I MobileLogD: radio_log, rotation size 5242880
01-10 14:12:10.295985   403   703 I ccci_mdinit: (1):Update time to md by ipc port fail(25)
01-10 14:12:10.298588   539   539 I MobileLogD: events_log, rotation size 5242880
01-10 14:12:10.299187   539   539 I MobileLogD: sys_log, rotation size 5242880
01-10 14:12:10.304889   539   539 I MobileLogD: crash_log, rotation size 3145728
01-10 14:12:10.305205   539   539 I MobileLogD: kernel_log, rotation size 10485760
01-10 14:12:10.305450   539   539 I MobileLogD: atf_log, rotation size 10485760
01-10 14:12:10.305721   539   539 I MobileLogD: bsp_log, rotation size 5242880
01-10 14:12:10.305937   539   539 I MobileLogD: sspm_log, rotation size 3145728
01-10 14:12:10.305988   539   539 I MobileLogD: create dir /data/log_temp/boot/
01-10 14:12:10.324478   401   401 E ccci_fsd(1): FS_OTP_init:otp_open failed, errno=2!
01-10 14:12:10.324626   401   401 E ccci_fsd(1): can't catch SIGKILL
01-10 14:12:10.332346   403   403 I ccci_mdinit: (1):Gotten ret=0,nvram_init=Ready!
01-10 14:12:10.336815   403   403 I ccci_mdinit: (1):USP_SBP:persist.mtk_usp_md_sbp_code not exist
01-10 14:12:10.336966   403   403 I ccci_mdinit: (1):get_cip_sbp_setting, file /custom/etc/firmware/CIP_MD_SBP NOT exists!
01-10 14:12:10.337019   403   403 I ccci_mdinit: (1):PRJ_SBP_ID:ro.mtk_md_sbp_custom_value not exist, using default value
01-10 14:12:10.349328   403   403 I ccci_mdinit: (1):SBP_SUB_ID:persist.operator.subid not exist
01-10 14:12:10.349452   403   403 I ccci_mdinit: (1):set md boot data:mdl=2 sbp=0 dbg_dump=-1 sbp_sub=0
01-10 14:12:10.349535   403   403 I ccci_mdinit: (1):start_service init.svc.ccci_fsd, current state:running, returned:7
01-10 14:12:10.355235   621   621 I ProgramBinary/Builder: Program binary builder is starting...
01-10 14:12:10.360320   621   621 I ProgramBinary/Builder: Build program consctruct.
01-10 14:12:10.360337   621   621 I ProgramBinary/Builder: Build program is running...
01-10 14:12:10.411102   573   573 I iptables-wrapper-1.0: iptables: No chain/target/match by that name.
01-10 14:12:10.413267   573   573 I iptables-wrapper-1.0: iptables-wrapper-1.0 terminated by exit(1)
01-10 14:12:10.413456   573   573 E NetdagentIptables: exec() res=0, status=256 for /system/bin/iptables-wrapper-1.0 -w -t filter -F oem_mobile 
01-10 14:12:10.471696   573   573 I ip6tables-wrapper-1.0: ip6tables: No chain/target/match by that name.
01-10 14:12:10.472552   573   573 I ip6tables-wrapper-1.0: ip6tables-wrapper-1.0 terminated by exit(1)
01-10 14:12:10.472764   573   573 E NetdagentIptables: exec() res=0, status=256 for /system/bin/ip6tables-wrapper-1.0 -w -t filter -F oem_mobile 
01-10 14:12:10.520917   573   573 I iptables-wrapper-1.0: iptables: No chain/target/match by that name.
01-10 14:12:10.521773   573   573 I iptables-wrapper-1.0: iptables-wrapper-1.0 terminated by exit(1)
01-10 14:12:10.522245   573   573 E NetdagentIptables: exec() res=0, status=256 for /system/bin/iptables-wrapper-1.0 -w -t filter -X oem_mobile 
01-10 14:12:10.524253   673   673 I MobileLogD: bsp ftrace buffer initialize done
01-10 14:12:10.539026   403   403 I ccci_mdinit: (1):wait_for_property:success(init.svc.ccci_fsd=running), loop:600
01-10 14:12:10.560277   349   349 E SELinux : avc:  denied  { find } for interface=android.hardware.configstore::ISurfaceFlingerConfigs sid=u:r:program_binary:s0 pid=621 scontext=u:r:program_binary:s0 tcontext=u:object_r:hal_configstore_ISurfaceFlingerConfigs:s0 tclass=hwservice_manager permissive=0
01-10 14:12:10.563985   621   621 I /system/bin/program_binary_builder: android::hardware::configstore::V1_0::ISurfaceFlingerConfigs::hasWideColorDisplay retrieved: 0 (default)
01-10 14:12:10.564264   621   621 I ProgramBinary/Builder: EGL version 1.4
01-10 14:12:10.573601   527   527 I CameraService: CameraService process starting
01-10 14:12:10.573977   522   522 I zygote  : option[0]=-Xzygote
01-10 14:12:10.574116   522   522 I zygote  : option[1]=-Xusetombstonedtraces
01-10 14:12:10.574140   522   522 I zygote  : option[2]=exit
01-10 14:12:10.574160   522   522 I zygote  : option[3]=vfprintf
01-10 14:12:10.574182   522   522 I zygote  : option[4]=sensitiveThread
01-10 14:12:10.574201   522   522 I zygote  : option[5]=-verbose:gc
01-10 14:12:10.574214   527   527 W BatteryNotifier: batterystats service unavailable!
01-10 14:12:10.574223   522   522 I zygote  : option[6]=-Xms4m
01-10 14:12:10.574244   522   522 I zygote  : option[7]=-Xmx256m
01-10 14:12:10.574267   522   522 I zygote  : option[8]=-XX:HeapGrowthLimit=128m
01-10 14:12:10.574304   522   522 I zygote  : option[9]=-Xusejit:true
01-10 14:12:10.574332   522   522 I zygote  : option[10]=-Xjitsaveprofilinginfo
01-10 14:12:10.574354   522   522 I zygote  : option[11]=-agentlib:jdwp=transport=dt_android_adb,suspend=n,server=y
01-10 14:12:10.574376   522   522 I zygote  : option[12]=-Ximage-compiler-option
01-10 14:12:10.574395   522   522 I zygote  : option[13]=--runtime-arg
01-10 14:12:10.574416   522   522 I zygote  : option[14]=-Ximage-compiler-option
01-10 14:12:10.574434   522   522 I zygote  : option[15]=-Xms64m
01-10 14:12:10.574470   522   522 I zygote  : option[16]=-Ximage-compiler-option
01-10 14:12:10.574497   522   522 I zygote  : option[17]=--runtime-arg
01-10 14:12:10.574525   522   522 I zygote  : option[18]=-Ximage-compiler-option
01-10 14:12:10.574552   522   522 I zygote  : option[19]=-Xmx64m
01-10 14:12:10.574581   522   522 I zygote  : option[20]=-Ximage-compiler-option
01-10 14:12:10.574613   522   522 I zygote  : option[21]=--image-classes=/system/etc/preloaded-classes
01-10 14:12:10.574642   522   522 I zygote  : option[22]=-Ximage-compiler-option
01-10 14:12:10.574687   522   522 I zygote  : option[23]=--compiled-classes=/system/etc/compiled-classes
01-10 14:12:10.574723   522   522 I zygote  : option[24]=-Ximage-compiler-option
01-10 14:12:10.574760   522   522 I zygote  : option[25]=--dirty-image-objects=/system/etc/dirty-image-objects
01-10 14:12:10.574790   522   522 I zygote  : option[26]=-Xcompiler-option
01-10 14:12:10.574820   522   522 I zygote  : option[27]=--runtime-arg
01-10 14:12:10.574840   522   522 I zygote  : option[28]=-Xcompiler-option
01-10 14:12:10.574868   522   522 I zygote  : option[29]=-Xms64m
01-10 14:12:10.574896   522   522 I zygote  : option[30]=-Xcompiler-option
01-10 14:12:10.574923   522   522 I zygote  : option[31]=--runtime-arg
01-10 14:12:10.574951   522   522 I zygote  : option[32]=-Xcompiler-option
01-10 14:12:10.574979   522   522 I zygote  : option[33]=-Xmx512m
01-10 14:12:10.575017   522   522 I zygote  : option[34]=-Ximage-compiler-option
01-10 14:12:10.575039   522   522 I zygote  : option[35]=--instruction-set-variant=cortex-a53
01-10 14:12:10.575058   522   522 I zygote  : option[36]=-Xcompiler-option
01-10 14:12:10.575078   522   522 I zygote  : option[37]=--instruction-set-variant=cortex-a53
01-10 14:12:10.575098   522   522 I zygote  : option[38]=-Ximage-compiler-option
01-10 14:12:10.575119   522   522 I zygote  : option[39]=--instruction-set-features=default
01-10 14:12:10.575152   522   522 I zygote  : option[40]=-Xcompiler-option
01-10 14:12:10.575173   522   522 I zygote  : option[41]=--instruction-set-features=default
01-10 14:12:10.575193   522   522 I zygote  : option[42]=-Duser.locale=zh-Hans-CN
01-10 14:12:10.575214   522   522 I zygote  : option[43]=--cpu-abilist=armeabi-v7a,armeabi
01-10 14:12:10.575236   522   522 I zygote  : option[44]=-Xfingerprint:Datalogic/dl35cn/dl35:8.1.0/1.07.15.20191227/1577435794:user/release-keys
01-10 14:12:10.579570   527   527 W BatteryNotifier: batterystats service unavailable!
01-10 14:12:10.583848   349   349 W /system/bin/hwservicemanager: getTransport: Cannot find entry android.hardware.camera.provider@2.4::ICameraProvider/legacy/0 in either framework or device manifest.
01-10 14:12:10.592070   573   573 I ip6tables-wrapper-1.0: ip6tables: No chain/target/match by that name.
01-10 14:12:10.592318   573   573 I ip6tables-wrapper-1.0: ip6tables-wrapper-1.0 terminated by exit(1)
01-10 14:12:10.592465   573   573 E NetdagentIptables: exec() res=0, status=256 for /system/bin/ip6tables-wrapper-1.0 -w -t filter -X oem_mobile 
01-10 14:12:10.749401   573   573 I iptables-wrapper-1.0: iptables: No chain/target/match by that name.
01-10 14:12:10.749612   573   573 I iptables-wrapper-1.0: iptables-wrapper-1.0 terminated by exit(1)
01-10 14:12:10.749764   573   573 E NetdagentIptables: exec() res=0, status=256 for /system/bin/iptables-wrapper-1.0 -w -t filter -F oem_wifi 
01-10 14:12:10.794876   573   573 I ip6tables-wrapper-1.0: ip6tables: No chain/target/match by that name.
01-10 14:12:10.795087   573   573 I ip6tables-wrapper-1.0: ip6tables-wrapper-1.0 terminated by exit(1)
01-10 14:12:10.795238   573   573 E NetdagentIptables: exec() res=0, status=256 for /system/bin/ip6tables-wrapper-1.0 -w -t filter -F oem_wifi 
01-10 14:12:10.844038   573   573 I iptables-wrapper-1.0: iptables: No chain/target/match by that name.
01-10 14:12:10.844355   573   573 I iptables-wrapper-1.0: iptables-wrapper-1.0 terminated by exit(1)
01-10 14:12:10.844528   573   573 E NetdagentIptables: exec() res=0, status=256 for /system/bin/iptables-wrapper-1.0 -w -t filter -X oem_wifi 
01-10 14:12:10.870162   539   539 I MobileLogD: logd_sock: 19
01-10 14:12:10.872326   539   539 I MobileLogD: init debug
01-10 14:12:10.874610   539   761 I MobileLogD: write thread 761
01-10 14:12:10.876530   539   760 I MobileLogD: read thread 760
01-10 14:12:10.876750   539   760 E MobileLogD: /sys/kernel/debug/tracing/instances/bsp/trace_pipe is ready now, and open it.
01-10 14:12:10.891025   563   578 D PQ      : ccorr table index=0
01-10 14:12:10.891230   563   578 D PQTransition: onTransition: TRS: Mode2 (13)
01-10 14:12:10.891276   563   578 D PQTransition: CheckIfFinished: TRS: CheckIfFinished(EN=1)
01-10 14:12:10.891468   563   578 D PQ      : [PQ_SERVICE] setPQParamWithFilter configFlag: 2
01-10 14:12:10.892392   484   501 D skia    : SkJpegCodec::onGetPixels -
01-10 14:12:10.903703   573   573 I ip6tables-wrapper-1.0: ip6tables: No chain/target/match by that name.
01-10 14:12:10.905152   544   637 I ServiceManager: Waiting for service package_native...
01-10 14:12:10.908153   573   573 I ip6tables-wrapper-1.0: ip6tables-wrapper-1.0 terminated by exit(1)
01-10 14:12:10.908689   573   573 E NetdagentIptables: exec() res=0, status=256 for /system/bin/ip6tables-wrapper-1.0 -w -t filter -X oem_wifi 
01-10 14:12:10.909834   563   578 D PQ      : ccorr table index=0
01-10 14:12:10.909962   563   578 D PQTransition: onTransition: TRS: Mode2 (14)
01-10 14:12:10.910087   563   578 D PQTransition: CheckIfFinished: TRS: CheckIfFinished(EN=1)
01-10 14:12:10.910221   563   578 D PQ      : [PQ_SERVICE] setPQParamWithFilter configFlag: 2
01-10 14:12:10.921865   621   621 D HWUIExtension: 7 Program id 10, key 0x0002000800000003, offset 33708, binaryLength 5140 within 51114ns
01-10 14:12:10.925162   484   501 D skia    : SkJpegCodec::onGetPixels + (720, 1280)
01-10 14:12:10.928609   563   578 D PQ      : ccorr table index=0
01-10 14:12:10.928690   563   578 D PQTransition: onTransition: TRS: Mode2 (15)
01-10 14:12:10.928779   563   578 D PQTransition: CheckIfFinished: TRS: CheckIfFinished(EN=1)
01-10 14:12:10.928839   563   578 D PQ      : [PQ_SERVICE] setPQParamWithFilter configFlag: 2
01-10 14:12:10.928849   523   562 D AAL     : 01-10 02:12:10.854 BL= 942,ESS= 256, 01-10 02:12:10.872 BL= 941,ESS= 256, 01-10 02:12:10.892 BL= 940,ESS= 256, 01-10 02:12:10.910 BL= 939,ESS= 256, 01-10 02:12:10.928 BL= 938,ESS= 256, 
01-10 14:12:10.942136   484   501 D skia    : SkJpegCodec::onGetPixels -
01-10 14:12:10.947521   563   578 D PQ      : ccorr table index=0
01-10 14:12:10.947655   563   578 D PQTransition: onTransition: TRS: Mode2 (16)
01-10 14:12:10.947745   563   578 D PQTransition: CheckIfFinished: TRS: CheckIfFinished(EN=1)
01-10 14:12:10.947806   563   578 D PQ      : [PQ_SERVICE] setPQParamWithFilter configFlag: 2
01-10 14:12:10.954000   763   763 W aee     : type=1400 audit(0.0:34): avc: denied { getattr } for path="/sys/devices/virtual/BOOT/BOOT/boot/boot_mode" dev="sysfs" ino=5378 scontext=u:r:mobile_log_d:s0 tcontext=u:object_r:sysfs:s0 tclass=file permissive=0
01-10 14:12:10.956569   763   763 D AEE_AED : Rtt command(type:0, file_path:3 arg0:539)
01-10 14:12:10.956799   763   763 E AEE_AED : aee:rttdRtt command connect socket fail: Connection refused
01-10 14:12:10.956856   763   763 E AEE_AED : aee:rttd_64Rtt command connect 64_socket fail: Connection refused
01-10 14:12:10.956871   763   763 D AEE_AED : switch AEE mode fail
01-10 14:12:10.967051   484   501 D skia    : SkJpegCodec::onGetPixels + (720, 1280)
01-10 14:12:10.967213   563   578 D PQ      : ccorr table index=0
01-10 14:12:10.967269   563   578 D PQTransition: onTransition: TRS: Mode2 (17)
01-10 14:12:10.967351   563   578 D PQTransition: CheckIfFinished: TRS: CheckIfFinished(EN=1)
01-10 14:12:10.967552   563   578 D PQ      : [PQ_SERVICE] setPQParamWithFilter configFlag: 2
01-10 14:12:10.984301   621   621 D HWUIExtension: 8 Program id 11, key 0x0000010000000008, offset 38848, binaryLength 9412 within 62143ns
01-10 14:12:10.985507   563   578 D PQ      : ccorr table index=0
01-10 14:12:10.985595   563   578 D PQTransition: onTransition: TRS: Mode2 (18)
01-10 14:12:10.985661   563   578 D PQTransition: CheckIfFinished: TRS: CheckIfFinished(EN=1)
01-10 14:12:10.985725   563   578 D PQ      : [PQ_SERVICE] setPQParamWithFilter configFlag: 2
01-10 14:12:10.987883   484   501 D skia    : SkJpegCodec::onGetPixels -
01-10 14:12:11.004725   563   578 D PQ      : ccorr table index=0
01-10 14:12:11.004922   563   578 D PQTransition: onTransition: TRS: Mode2 (19)
01-10 14:12:11.005094   563   578 D PQTransition: CheckIfFinished: TRS: CheckIfFinished(EN=1)
01-10 14:12:11.005313   563   578 D PQ      : [PQ_SERVICE] setPQParamWithFilter configFlag: 2
01-10 14:12:11.006538   398   421 I BufferQueueProducer: [BootAnimation#0](this:0x7f74423000,id:1,api:1,p:484,c:398) queueBuffer: fps=20.93 dur=1003.23 max=67.86 min=33.82
01-10 14:12:11.008798   484   501 D skia    : SkJpegCodec::onGetPixels + (720, 1280)
01-10 14:12:11.013433   377   696 E AudioParamParser-vnd: audioTypeLoadParamUnitHash(), No paramUnit element found!
01-10 14:12:11.017294   621   621 D HWUIExtension: 9 Program id 12, key 0x0002000800000001, offset 48260, binaryLength 5140 within 32872ns
01-10 14:12:11.018117   621   621 D HWUIExtension: 10 Program id 13, key 0x0000001800000000, offset 53400, binaryLength 4648 within 705ns
01-10 14:12:11.023152   523   562 D AAL     : 01-10 02:12:10.947 BL= 937,ESS= 256, 01-10 02:12:10.968 BL= 936,ESS= 256, 01-10 02:12:10.985 BL= 935,ESS= 256, 01-10 02:12:11.004 BL= 934,ESS= 256, 01-10 02:12:11.023 BL= 933,ESS= 256, 
01-10 14:12:11.023277   563   578 D PQ      : ccorr table index=0
01-10 14:12:11.023314   563   578 D PQTransition: onTransition: TRS: Mode2 (20)
01-10 14:12:11.023383   563   578 D PQTransition: CheckIfFinished: TRS: CheckIfFinished(EN=1)
01-10 14:12:11.023521   563   578 D PQ      : [PQ_SERVICE] setPQParamWithFilter configFlag: 2
01-10 14:12:11.026000   484   501 D skia    : SkJpegCodec::onGetPixels -
01-10 14:12:11.041715   563   578 D PQ      : ccorr table index=0
01-10 14:12:11.041791   563   578 D PQTransition: onTransition: TRS: Mode2 (21)
01-10 14:12:11.041863   563   578 D PQTransition: CheckIfFinished: TRS: CheckIfFinished(EN=1)
01-10 14:12:11.041958   563   578 D PQ      : [PQ_SERVICE] setPQParamWithFilter configFlag: 2
01-10 14:12:11.046015   377   696 D AudioSmartPaController: initSmartPaAttribute(), spkType: int_lo_buf, isSmartPAUsed: 0, SmartPA dynamic detect: 0
01-10 14:12:11.046129   377   696 D AudioALSAHardwareResourceManager: AudioALSAHardwareResourceManager()
01-10 14:12:11.050775   484   501 D skia    : SkJpegCodec::onGetPixels + (720, 1280)
01-10 14:12:11.051755   377   696 D AudioALSACodecDeviceBase: AudioALSACodecDeviceBase()
01-10 14:12:11.051927   377   696 D AudioALSACodecDeviceOutEarphonePMIC: AudioALSACodecDeviceOutEarphonePMIC()
01-10 14:12:11.052028   377   696 D AudioALSACodecDeviceOutEarphonePMIC: DeviceDoDcCalibrate(), ctl Dctrim_Control_Switch = 2
01-10 14:12:11.052045   377   696 D AudioALSACodecDeviceOutEarphonePMIC: DeviceDoDcCalibrate(), dc trimmed
01-10 14:12:11.052094   377   696 D AudioALSACodecDeviceBase: AudioALSACodecDeviceBase()
01-10 14:12:11.052129   377   696 D AudioALSACodecDeviceOutSpeakerEarphonePMIC: AudioALSACodecDeviceOutSpeakerEarphonePMIC()
01-10 14:12:11.052162   377   696 D AudioALSACodecDeviceOutSpeakerEarphonePMIC: DeviceDoDcCalibrate()
01-10 14:12:11.052195   377   696 D AudioALSACodecDeviceOutSpeakerEarphonePMIC: DeviceDoDcCalibrate(), can't get mixer control(Audio HPL_SPK Offset)
01-10 14:12:11.052235   377   696 D AudioALSACodecDeviceOutSpeakerEarphonePMIC: DeviceDoDcCalibrate(), can't get mixer control(Audio HPR_SPK Offset)
01-10 14:12:11.060584   563   578 D PQ      : ccorr table index=0
01-10 14:12:11.060672   563   578 D PQTransition: onTransition: TRS: Mode2 (22)
