01-10 14:12:11.741947   807   821 D VoLTE IMSM: receive MSG_ID_WRAP_IMSA_IMCB_SIM_QUERY_IND, transaction_id = 2 (module/mdagent/volte_imsm_93/src/imsm_handler.c:2886)
01-10 14:12:11.741968   807   821 D VoLTE IMSM: send MSG_ID_WRAP_IMSA_IMCB_SIM_QUERY_RSP, transaction_id = 2, sim_usim_type = 0, isim_type = 3, session_id = 0 (module/mdagent/volte_imsm_93/src/imsm_handler.c:2907)
01-10 14:12:11.741980   807   821 I VoLTE IMSMx: IMSM -> IMCB : [1] SIM_QUERY_RSP
01-10 14:12:11.742229   812   812 I VoLTE IMCB: {{{{[process_msg] msg_id=100116(0x00018714), dst=IMCB[2], IMCB_IMC_HEADER_FILE_VERNO=6c, MSG_ID_IMC_IN_BEGIN=100000, IMC_FEATURE_BITMAP=0x3 @0#187
01-10 14:12:11.742229   812   812 I VoLTE IMCB: ENTER imcb_imc_tlv_para_setting_ind_handler()@0#5493
01-10 14:12:11.742229   812   812 I VoLTE IMCB: Pure Mesage Send dest=UA[3], msg_id=10021(0x00002725), len=32, IMCB_IMC_HEADER_FILE_VERNO=6c, MSG_ID_IMC_IN_BEGIN=100000, IMC_FEATURE_BITMAP=0x3 imcb_send_to_COMM()@0#248
01-10 14:12:11.742229   812   812 I VoLTE IMCB: send REQ_UPDATE_RT_SETTING from tlv_para IMC to UA imcb_imc_tlv_para_setting_ind_handler()@0#5518
01-10 14:12:11.742229   812   812 I VoLTE IMCB: EndofMessage process_msg()@0#236}}}}
01-10 14:12:11.742377   811   853 I VoLTE SMS: SMS psismsc_from_user = 0, force_psi_scheme_to_tel = 0, add_user_phone = 1, update_call_id_with_host = 0 (module/volte//volte_ua/src/sms/sms.c:301)
01-10 14:12:11.742407   811   853 I VoLTE SMS: SMS add_no_fork = 0, nsn_specific = 0, mo_retry_after_504 = 0, send_timerF_expiry = 0 (module/volte//volte_ua/src/sms/sms.c:308)
01-10 14:12:11.742438   811   853 I VoLTE SMS: SMS imsi_reged_disable_sms = 0, retry_count = 0, retry_duration = 0, wfc_with_plani = 0, in_reply_to_support = 1, check_reason_phase = 0, pani_country = 0, restore_in_3gpp_abnormal = 1, sms_force_sip_uri = 0 (module/volte//volte_ua/src/sms/sms.c:320)
01-10 14:12:11.742629   808   843 I VoLTE REG: rcs_feature = 0 (module/volte//volte_stack/src/reg/reg.c:3230)
01-10 14:12:11.742590   812   868 I VoLTE IMCB-CM: receive the nessage from IMC #72
01-10 14:12:11.742657   808   843 I VoLTE REG: rcs_state = 0 (module/volte//volte_stack/src/reg/reg.c:3233)
01-10 14:12:11.744621   812   812 I VoLTE IMCB: {{{{[process_msg] msg_id=100118(0x00018716), dst=IMCB[2], IMCB_IMC_HEADER_FILE_VERNO=6c, MSG_ID_IMC_IN_BEGIN=100000, IMC_FEATURE_BITMAP=0x3 @0#187
01-10 14:12:11.744621   812   812 I VoLTE IMCB: Pure Mesage Send dest=UA[3], msg_id=1000001(0x000F4241), len=40, IMCB_IMC_HEADER_FILE_VERNO=6c, MSG_ID_IMC_IN_BEGIN=100000, IMC_FEATURE_BITMAP=0x3 imcb_send_to_COMM()@0#248
01-10 14:12:11.744621   812   812 I VoLTE IMCB: Pure Mesage Send dest=UA[3], msg_id=1000001(0x000F4241), len=40, IMCB_IMC_HEADER_FILE_VERNO=6c, MSG_ID_IMC_IN_BEGIN=100000, IMC_FEATURE_BITMAP=0x3 @0#248
01-10 14:12:11.744621   812   812 I VoLTE IMCB: EndofMessage process_msg()@0#236}}}}
01-10 14:12:11.744852   811   853 E VoLTE SMS: Error message type in SMS service message queue, type = 1000001, len = 40 (module/volte//volte_ua/src/sms/sms.c:2942)
01-10 14:12:11.744903   811   853 E VoLTE SMS: Error message type in SMS service message queue, type = 1000001, len = 40 (module/volte//volte_ua/src/sms/sms.c:2942)
01-10 14:12:11.745207   812   812 I VoLTE IMCB: {{{{[process_msg] msg_id=100035(0x000186C3), dst=IMCB[2], IMCB_IMC_HEADER_FILE_VERNO=6c, MSG_ID_IMC_IN_BEGIN=100000, IMC_FEATURE_BITMAP=0x3 @1#187
01-10 14:12:11.745207   812   812 I VoLTE IMCB: ENTER imcb_imc_imsvops_notification_ind_handler()@1#5379
01-10 14:12:11.745207   812   812 I VoLTE IMCB: Pure Mesage Send dest=UA[3], msg_id=12045(0x00002F0D), len=8, IMCB_IMC_HEADER_FILE_VERNO=6c, MSG_ID_IMC_IN_BEGIN=100000, IMC_FEATURE_BITMAP=0x3 imcb_send_to_COMM()@1#248
01-10 14:12:11.745207   812   812 I VoLTE IMCB: EndofMessage process_msg()@0#236}}}}
01-10 14:12:11.745329   811   853 I VoLTE SMS: SMS[2] update is_vops = (0) (module/volte//volte_ua/src/sms/sms.c:2935)
01-10 14:12:11.745767   812   812 I VoLTE IMCB: {{{{[process_msg] msg_id=100116(0x00018714), dst=IMCB[2], IMCB_IMC_HEADER_FILE_VERNO=6c, MSG_ID_IMC_IN_BEGIN=100000, IMC_FEATURE_BITMAP=0x3 @1#187
01-10 14:12:11.745767   812   812 I VoLTE IMCB: ENTER imcb_imc_tlv_para_setting_ind_handler()@1#5493
01-10 14:12:11.745767   812   812 I VoLTE IMCB: Pure Mesage Send dest=UA[3], msg_id=10021(0x00002725), len=32, IMCB_IMC_HEADER_FILE_VERNO=6c, MSG_ID_IMC_IN_BEGIN=100000, IMC_FEATURE_BITMAP=0x3 imcb_send_to_COMM()@1#248
01-10 14:12:11.745767   812   812 I VoLTE IMCB: send REQ_UPDATE_RT_SETTING from tlv_para IMC to UA imcb_imc_tlv_para_setting_ind_handler()@1#5518
01-10 14:12:11.745767   812   812 I VoLTE IMCB: EndofMessage process_msg()@0#236}}}}
01-10 14:12:11.745873   811   853 I VoLTE SMS: SMS psismsc_from_user = 0, force_psi_scheme_to_tel = 0, add_user_phone = 1, update_call_id_with_host = 0 (module/volte//volte_ua/src/sms/sms.c:301)
01-10 14:12:11.745917   811   853 I VoLTE SMS: SMS add_no_fork = 0, nsn_specific = 0, mo_retry_after_504 = 0, send_timerF_expiry = 0 (module/volte//volte_ua/src/sms/sms.c:308)
01-10 14:12:11.745950   811   853 I VoLTE SMS: SMS imsi_reged_disable_sms = 0, retry_count = 0, retry_duration = 0, wfc_with_plani = 0, in_reply_to_support = 1, check_reason_phase = 0, pani_country = 0, restore_in_3gpp_abnormal = 1, sms_force_sip_uri = 0 (module/volte//volte_ua/src/sms/sms.c:320)
01-10 14:12:11.745943   808   843 E VoLTE REG: invalid rcs information (module/volte//volte_stack/src/reg/reg.c:3221)
01-10 14:12:11.746126   812   812 I VoLTE IMCB: {{{{[process_msg] msg_id=100509(0x0001889D), dst=IMSA1[5], IMCB_IMC_HEADER_FILE_VERNO=6c, MSG_ID_IMC_IN_BEGIN=100000, IMC_FEATURE_BITMAP=0x3 @1#187
01-10 14:12:11.746126   812   812 I VoLTE IMCB: ENTER imsa_imcb_sim_query_rsp_handler()@1#1081
01-10 14:12:11.746126   812   812 I VoLTE IMCB: transaction_id:2, sim_usim_type:0, isim_type:3, session_id:0 @1#1084
01-10 14:12:11.746126   812   812 I VoLTE IMCB: Pure Mesage Send dest=IMCB[2], msg_id=100003(0x000186A3), len=3456, IMCB_IMC_HEADER_FILE_VERNO=6c, MSG_ID_IMC_IN_BEGIN=100000, IMC_FEATURE_BITMAP=0x3 imcb_send_to_COMM()@1#248
01-10 14:12:11.746126   812   812 I VoLTE IMCB: EndofMessage process_msg()@0#236}}}}
01-10 14:12:11.746693   812   812 I VoLTE IMCB: {{{{[process_msg] msg_id=100118(0x00018716), dst=IMCB[2], IMCB_IMC_HEADER_FILE_VERNO=6c, MSG_ID_IMC_IN_BEGIN=100000, IMC_FEATURE_BITMAP=0x3 @1#187
01-10 14:12:11.746693   812   812 I VoLTE IMCB: Pure Mesage Send dest=UA[3], msg_id=1000001(0x000F4241), len=40, IMCB_IMC_HEADER_FILE_VERNO=6c, MSG_ID_IMC_IN_BEGIN=100000, IMC_FEATURE_BITMAP=0x3 imcb_send_to_COMM()@1#248
01-10 14:12:11.746693   812   812 I VoLTE IMCB: Pure Mesage Send dest=UA[3], msg_id=1000001(0x000F4241), len=40, IMCB_IMC_HEADER_FILE_VERNO=6c, MSG_ID_IMC_IN_BEGIN=100000, IMC_FEATURE_BITMAP=0x3 @1#248
01-10 14:12:11.746693   812   812 I VoLTE IMCB: EndofMessage process_msg()@0#236}}}}
01-10 14:12:11.746831   811   853 E VoLTE SMS: Error message type in SMS service message queue, type = 1000001, len = 40 (module/volte//volte_ua/src/sms/sms.c:2942)
01-10 14:12:11.746887   811   853 E VoLTE SMS: Error message type in SMS service message queue, type = 1000001, len = 40 (module/volte//volte_ua/src/sms/sms.c:2942)
01-10 14:12:11.747225   484   501 D skia    : SkJpegCodec::onGetPixels + (720, 1280)
01-10 14:12:11.752026   524   872 I AudioFlinger_Threads: AudioFlinger's thread 0xe9503e00 tid=872 ready to run
01-10 14:12:11.752726   377   696 D r_submix: adev_close_input_stream()
01-10 14:12:11.752795   377   696 D r_submix: submix_audio_device_release_pipe_l(idx=9) addr=0
01-10 14:12:11.752824   377   696 D r_submix: submix_audio_device_destroy_pipe_l(): pipe destroyed
01-10 14:12:11.753047   524   524 E EffectsConfig: Failed to parse /vendor/etc/audio_effects.xml: Tinyxml2 error (3): /vendor/etc/audio_effects.xml (null)
01-10 14:12:11.753152   524   524 W AudioPolicyEffects: Failed to load XML effect configuration, fallback to .conf
01-10 14:12:11.754483   524   524 D audioserver: AudioPolicyService init done
01-10 14:12:11.755770   349   349 W /system/bin/hwservicemanager: getTransport: Cannot find entry android.hardware.soundtrigger@2.0::ISoundTriggerHw/default in either framework or device manifest.
01-10 14:12:11.756041   524   524 E SoundTriggerHwService: could not read implementation properties
01-10 14:12:11.756558   524   524 D audioserver: SoundTriggerHwService init done
01-10 14:12:11.764615   484   501 D skia    : SkJpegCodec::onGetPixels -
01-10 14:12:11.764863   621   621 D HWUIExtension: 24 Program id 27, key 0x000201080000000b, offset 171572, binaryLength 11808 within 63211ns
01-10 14:12:11.765999   621   621 D HWUIExtension: 25 Program id 28, key 0x0000001800500040, offset 183380, binaryLength 4792 within 1005ns
01-10 14:12:11.770041   621   621 I ProgramBinary/Builder: ProgramEntry # 0: key 0x0000000000000000, offset      0, binaryLength 4420, format 36705 --> 0x4d 0x50 0x42 0x31 0x3c 0x11 0x00 0x00 0x02 0x00
01-10 14:12:11.770224   621   621 I ProgramBinary/Builder: ProgramEntry # 1: key 0x0000001000500040, offset   4420, binaryLength 4792, format 36705 --> 0x4d 0x50 0x42 0x31 0xb0 0x12 0x00 0x00 0x02 0x00
01-10 14:12:11.770247   621   621 I ProgramBinary/Builder: ProgramEntry # 2: key 0x0000003800000000, offset   9212, binaryLength 4812, format 36705 --> 0x4d 0x50 0x42 0x31 0xc4 0x12 0x00 0x00 0x02 0x00
01-10 14:12:11.770263   621   621 I ProgramBinary/Builder: ProgramEntry # 3: key 0x0002000000000001, offset  14024, binaryLength 4944, format 36705 --> 0x4d 0x50 0x42 0x31 0x48 0x13 0x00 0x00 0x02 0x00
01-10 14:12:11.770278   621   621 I ProgramBinary/Builder: ProgramEntry # 4: key 0x0002000000000003, offset  18968, binaryLength 4944, format 36705 --> 0x4d 0x50 0x42 0x31 0x48 0x13 0x00 0x00 0x02 0x00
01-10 14:12:11.770292   621   621 I ProgramBinary/Builder: ProgramEntry # 5: key 0x0002000000500041, offset  23912, binaryLength 5148, format 36705 --> 0x4d 0x50 0x42 0x31 0x14 0x14 0x00 0x00 0x02 0x00
01-10 14:12:11.770307   621   621 I ProgramBinary/Builder: ProgramEntry # 6: key 0x0000001000000000, offset  29060, binaryLength 4648, format 36705 --> 0x4d 0x50 0x42 0x31 0x20 0x12 0x00 0x00 0x02 0x00
01-10 14:12:11.770322   621   621 I ProgramBinary/Builder: ProgramEntry # 7: key 0x0002000800000003, offset  33708, binaryLength 5140, format 36705 --> 0x4d 0x50 0x42 0x31 0x0c 0x14 0x00 0x00 0x02 0x00
01-10 14:12:11.770340   621   621 I ProgramBinary/Builder: ProgramEntry # 8: key 0x0000010000000008, offset  38848, binaryLength 9412, format 36705 --> 0x4d 0x50 0x42 0x31 0xbc 0x24 0x00 0x00 0x02 0x00
01-10 14:12:11.770355   621   621 I ProgramBinary/Builder: ProgramEntry # 9: key 0x0002000800000001, offset  48260, binaryLength 5140, format 36705 --> 0x4d 0x50 0x42 0x31 0x0c 0x14 0x00 0x00 0x02 0x00
01-10 14:12:11.770371   621   621 I ProgramBinary/Builder: ProgramEntry #10: key 0x0000001800000000, offset  53400, binaryLength 4648, format 36705 --> 0x4d 0x50 0x42 0x31 0x20 0x12 0x00 0x00 0x02 0x00
01-10 14:12:11.770385   621   621 I ProgramBinary/Builder: ProgramEntry #11: key 0x0002001800500044, offset  58048, binaryLength 10924, format 36705 --> 0x4d 0x50 0x42 0x31 0xa4 0x2a 0x00 0x00 0x02 0x00
01-10 14:12:11.770405   621   621 I ProgramBinary/Builder: ProgramEntry #12: key 0x0000001000000008, offset  68972, binaryLength 11256, format 36705 --> 0x4d 0x50 0x42 0x31 0xf0 0x2b 0x00 0x00 0x02 0x00
01-10 14:12:11.770420   621   621 I ProgramBinary/Builder: ProgramEntry #13: key 0x0002000000900041, offset  80228, binaryLength 5204, format 36705 --> 0x4d 0x50 0x42 0x31 0x4c 0x14 0x00 0x00 0x02 0x00
01-10 14:12:11.770435   621   621 I ProgramBinary/Builder: ProgramEntry #14: key 0x0000081000000000, offset  85432, binaryLength 12020, format 36705 --> 0x4d 0x50 0x42 0x31 0xec 0x2e 0x00 0x00 0x02 0x00
01-10 14:12:11.770449   621   621 I ProgramBinary/Builder: ProgramEntry #15: key 0x0002080800000001, offset  97452, binaryLength 12588, format 36705 --> 0x4d 0x50 0x42 0x31 0x24 0x31 0x00 0x00 0x02 0x00
01-10 14:12:11.770464   621   621 I ProgramBinary/Builder: ProgramEntry #16: key 0x0002080000d00041, offset 110040, binaryLength 12592, format 36705 --> 0x4d 0x50 0x42 0x31 0x28 0x31 0x00 0x00 0x02 0x00
01-10 14:12:11.770479   621   621 I ProgramBinary/Builder: ProgramEntry #17: key 0x0002080000900041, offset 122632, binaryLength 12848, format 36705 --> 0x4d 0x50 0x42 0x31 0x28 0x32 0x00 0x00 0x02 0x00
01-10 14:12:11.770492   621   621 I ProgramBinary/Builder: ProgramEntry #18: key 0x0002080800000003, offset 135480, binaryLength 12588, format 36705 --> 0x4d 0x50 0x42 0x31 0x24 0x31 0x00 0x00 0x02 0x00
01-10 14:12:11.770507   621   621 I ProgramBinary/Builder: ProgramEntry #19: key 0x0000000800500040, offset 148068, binaryLength 4496, format 36705 --> 0x4d 0x50 0x42 0x31 0x88 0x11 0x00 0x00 0x02 0x00
01-10 14:12:11.770523   621   621 I ProgramBinary/Builder: ProgramEntry #20: key 0x0000000000000001, offset 152564, binaryLength 4944, format 36705 --> 0x4d 0x50 0x42 0x31 0x48 0x13 0x00 0x00 0x02 0x00
01-10 14:12:11.770537   621   621 I ProgramBinary/Builder: ProgramEntry #21: key 0x0000000800000000, offset 157508, binaryLength 4420, format 36705 --> 0x4d 0x50 0x42 0x31 0x3c 0x11 0x00 0x00 0x02 0x00
01-10 14:12:11.770551   621   621 I ProgramBinary/Builder: ProgramEntry #22: key 0x0000000000500040, offset 161928, binaryLength 4496, format 36705 --> 0x4d 0x50 0x42 0x31 0x88 0x11 0x00 0x00 0x02 0x00
01-10 14:12:11.770565   621   621 I ProgramBinary/Builder: ProgramEntry #23: key 0x0002000000d00041, offset 166424, binaryLength 5148, format 36705 --> 0x4d 0x50 0x42 0x31 0x14 0x14 0x00 0x00 0x02 0x00
01-10 14:12:11.770579   621   621 I ProgramBinary/Builder: ProgramEntry #24: key 0x000201080000000b, offset 171572, binaryLength 11808, format 36705 --> 0x4d 0x50 0x42 0x31 0x18 0x2e 0x00 0x00 0x02 0x00
01-10 14:12:11.770593   621   621 I ProgramBinary/Builder: ProgramEntry #25: key 0x0000001800500040, offset 183380, binaryLength 4792, format 36705 --> 0x4d 0x50 0x42 0x31 0xb0 0x12 0x00 0x00 0x02 0x00
01-10 14:12:11.770653   621   621 I ProgramBinary/Builder: Build program succeeded.
01-10 14:12:11.773814   621   621 I ProgramBinary/Builder: Build program result is sending to server...
01-10 14:12:11.774015   621   621 I ProgramBinary/Service: ProgramBinaryService client side disable debugging.
01-10 14:12:11.774096   621   621 I ProgramBinary/Service: ProgramBinaryService client side disable binary content debugging.
01-10 14:12:11.774112   621   621 D ProgramBinary/Service: BpProgramBinaryService.setProgramBinaryData
01-10 14:12:11.774356   569   634 D ProgramBinary/Service: zhiyin- ontransact 1 code 4
01-10 14:12:11.774658   621   621 D ProgramBinary/Service: BpProgramBuilderService.setReady
01-10 14:12:11.774792   569   634 D ProgramBinary/Service: zhiyin- ontransact 1 code 2
01-10 14:12:11.775010   621   621 I ProgramBinary/Builder: Build program result: Build is Successful & Send is Successful.
01-10 14:12:11.775106   621   621 I ProgramBinary/Builder: Program binary builder ended!
01-10 14:12:11.775115   621   621 I ProgramBinary/Builder: Build program desctruct.
01-10 14:12:11.778093   523   562 D AAL     : 01-10 02:12:11.702 BL= 933,ESS= 256, 01-10 02:12:11.721 BL= 934,ESS= 256, 01-10 02:12:11.739 BL= 935,ESS= 256, 01-10 02:12:11.758 BL= 936,ESS= 256, 01-10 02:12:11.778 BL= 937,ESS= 256, 
01-10 14:12:11.781586   621   621 I         : [MALI] @eglp_check_display_valid_and_initialized_and_retain: MALI_EGL_DISPLAY_INITIALIZED != dpy->state (EGL_NOT_INITIALIZED)
01-10 14:12:11.788984   484   501 D skia    : SkJpegCodec::onGetPixels + (720, 1280)
01-10 14:12:11.806194   484   501 D skia    : SkJpegCodec::onGetPixels -
01-10 14:12:11.830808   484   501 D skia    : SkJpegCodec::onGetPixels + (720, 1280)
01-10 14:12:11.848053   484   501 D skia    : SkJpegCodec::onGetPixels -
01-10 14:12:11.871781   523   562 D AAL     : 01-10 02:12:11.796 BL= 938,ESS= 256, 01-10 02:12:11.815 BL= 939,ESS= 256, 01-10 02:12:11.833 BL= 940,ESS= 256, 01-10 02:12:11.852 BL= 941,ESS= 256, 01-10 02:12:11.871 BL= 942,ESS= 256, 
01-10 14:12:11.872666   484   501 D skia    : SkJpegCodec::onGetPixels + (720, 1280)
01-10 14:12:11.889513   484   501 D skia    : SkJpegCodec::onGetPixels -
01-10 14:12:11.897641   548   548 D AAALOGTAG:  3alog = 0, default = 0
01-10 14:12:11.898960   548   548 I mtkcam-module: [ModuleStore] ctor
01-10 14:12:11.899064   548   548 I mtkcam-module: [dump_module] [registered] module_id:0x0x10001 module_factory:0xe5147b6d register_name:vendor/mediatek/proprietary/hardware/mtkcam/main/core/module/aaa/register_Hal3A.cpp
01-10 14:12:11.899081   548   548 I mtkcam-module: [dump_module] [registered] module_id:0x0x10002 module_factory:0xe5218281 register_name:vendor/mediatek/proprietary/hardware/mtkcam/main/core/module/aaa/register_HalFlash.cpp
01-10 14:12:11.899099   548   548 I mtkcam-module: [dump_module] [registered] module_id:0x0x10003 module_factory:0xe5147b71 register_name:vendor/mediatek/proprietary/hardware/mtkcam/main/core/module/aaa/register_IspMgrIf.cpp
01-10 14:12:11.899113   548   548 I mtkcam-module: [dump_module] [registered] module_id:0x0x10005 module_factory:0xe51f7dad register_name:vendor/mediatek/proprietary/hardware/mtkcam/main/core/module/aaa/register_SwNR.cpp
01-10 14:12:11.899127   548   548 I mtkcam-module: [dump_module] [registered] module_id:0x0x10006 module_factory:0xe589e5e9 register_name:vendor/mediatek/proprietary/hardware/mtkcam/main/core/module/aaa/register_DngInfo.cpp
01-10 14:12:11.899141   548   548 I mtkcam-module: [dump_module] [registered] module_id:0x0x10007 module_factory:0xe6320791 register_name:vendor/mediatek/proprietary/hardware/mtkcam/main/core/module/aaa/register_NvBufUtil.cpp
01-10 14:12:11.899155   548   548 I mtkcam-module: [dump_module] [registered] module_id:0x0x10008 module_factory:0xe60b4c91 register_name:vendor/mediatek/proprietary/hardware/mtkcam/main/core/module/aaa/register_LscTable.cpp
01-10 14:12:11.899170   548   548 I mtkcam-module: [dump_module] [registered] module_id:0x0x10009 module_factory:0xe6e44f2d register_name:vendor/mediatek/proprietary/hardware/mtkcam/main/core/module/aaa/register_lcs_hal.cpp
01-10 14:12:11.899187   548   548 I mtkcam-module: [ShowLoading] loading (MODULE_GROUP_ID:1 MODULE_GROUP_COUNT:10 ...
01-10 14:12:11.899470   548   548 I mtkcam-module: [load] MtkCam_getModuleFactory_aaa(0xe6ea4fe9) @ libmtkcam_modulefactory_aaa.so
01-10 14:12:11.899531   548   548 W nvbuf_util.cpp: [getInstance:397] getInstance, bInit(0)
01-10 14:12:11.899593   548   548 W nvbuf_util.cpp: [getInstance:414] init Mem, nvramId(0), dev(1), size(1039536)
01-10 14:12:11.900265   548   548 W nvbuf_util.cpp: [getInstance:414] init Mem, nvramId(0), dev(2), size(1039536)
01-10 14:12:11.901002   548   548 W nvbuf_util.cpp: [getInstance:414] init Mem, nvramId(0), dev(4), size(1039536)
01-10 14:12:11.901750   548   548 W nvbuf_util.cpp: [getInstance:414] init Mem, nvramId(0), dev(8), size(1039536)
01-10 14:12:11.902494   548   548 W nvbuf_util.cpp: [getInstance:414] init Mem, nvramId(1), dev(1), size(96504)
01-10 14:12:11.902636   548   548 W nvbuf_util.cpp: [getInstance:414] init Mem, nvramId(1), dev(2), size(96504)
01-10 14:12:11.902743   548   548 W nvbuf_util.cpp: [getInstance:414] init Mem, nvramId(1), dev(4), size(96504)
01-10 14:12:11.902841   548   548 W nvbuf_util.cpp: [getInstance:414] init Mem, nvramId(1), dev(8), size(96504)
01-10 14:12:11.902918   548   548 W nvbuf_util.cpp: [getInstance:414] init Mem, nvramId(2), dev(1), size(1050652)
01-10 14:12:11.903635   548   548 W nvbuf_util.cpp: [getInstance:414] init Mem, nvramId(2), dev(2), size(1050652)
01-10 14:12:11.904551   548   548 W nvbuf_util.cpp: [getInstance:414] init Mem, nvramId(2), dev(4), size(1050652)
01-10 14:12:11.905510   548   548 W nvbuf_util.cpp: [getInstance:414] init Mem, nvramId(2), dev(8), size(1050652)
01-10 14:12:11.906522   548   548 W nvbuf_util.cpp: [getInstance:414] init Mem, nvramId(3), dev(1), size(157704)
01-10 14:12:11.906716   548   548 W nvbuf_util.cpp: [getInstance:414] init Mem, nvramId(3), dev(2), size(157704)
01-10 14:12:11.906710   544   637 I ServiceManager: Waiting for service package_native...
01-10 14:12:11.906870   548   548 W nvbuf_util.cpp: [getInstance:414] init Mem, nvramId(3), dev(4), size(157704)
01-10 14:12:11.906989   548   548 W nvbuf_util.cpp: [getInstance:414] init Mem, nvramId(3), dev(8), size(157704)
01-10 14:12:11.907103   548   548 W nvbuf_util.cpp: [getInstance:414] init Mem, nvramId(4), dev(1), size(336868)
01-10 14:12:11.907319   548   548 W nvbuf_util.cpp: [getInstance:414] init Mem, nvramId(4), dev(2), size(336868)
01-10 14:12:11.907614   548   548 W nvbuf_util.cpp: [getInstance:414] init Mem, nvramId(4), dev(4), size(336868)
01-10 14:12:11.907847   548   548 W nvbuf_util.cpp: [getInstance:414] init Mem, nvramId(4), dev(8), size(336868)
01-10 14:12:11.908069   548   548 W nvbuf_util.cpp: [getInstance:414] init Mem, nvramId(5), dev(1), size(5120)
01-10 14:12:11.908113   548   548 W nvbuf_util.cpp: [getInstance:414] init Mem, nvramId(5), dev(2), size(5120)
01-10 14:12:11.908134   548   548 W nvbuf_util.cpp: [getInstance:414] init Mem, nvramId(5), dev(4), size(5120)
01-10 14:12:11.908151   548   548 W nvbuf_util.cpp: [getInstance:414] init Mem, nvramId(5), dev(8), size(5120)
01-10 14:12:11.908169   548   548 W nvbuf_util.cpp: [getInstance:414] init Mem, nvramId(6), dev(1), size(70520)
01-10 14:12:11.908226   548   548 W nvbuf_util.cpp: [getInstance:414] init Mem, nvramId(6), dev(2), size(70520)
01-10 14:12:11.908286   548   548 W nvbuf_util.cpp: [getInstance:414] init Mem, nvramId(6), dev(4), size(70520)
01-10 14:12:11.908340   548   548 W nvbuf_util.cpp: [getInstance:414] init Mem, nvramId(6), dev(8), size(70520)
01-10 14:12:11.908397   548   548 W nvbuf_util.cpp: [getInstance:414] init Mem, nvramId(7), dev(1), size(80)
01-10 14:12:11.908412   548   548 W nvbuf_util.cpp: [getInstance:414] init Mem, nvramId(7), dev(2), size(80)
01-10 14:12:11.908425   548   548 W nvbuf_util.cpp: [getInstance:414] init Mem, nvramId(7), dev(4), size(80)
01-10 14:12:11.908439   548   548 W nvbuf_util.cpp: [getInstance:414] init Mem, nvramId(7), dev(8), size(80)
01-10 14:12:11.908452   548   548 W nvbuf_util.cpp: [getInstance:414] init Mem, nvramId(8), dev(1), size(54000)
01-10 14:12:11.908495   548   548 W nvbuf_util.cpp: [getInstance:414] init Mem, nvramId(8), dev(2), size(54000)
01-10 14:12:11.908538   548   548 W nvbuf_util.cpp: [getInstance:414] init Mem, nvramId(8), dev(4), size(54000)
01-10 14:12:11.908589   548   548 W nvbuf_util.cpp: [getInstance:414] init Mem, nvramId(8), dev(8), size(54000)
01-10 14:12:11.908632   548   548 W nvbuf_util.cpp: [getInstance:414] init Mem, nvramId(9), dev(1), size(80)
01-10 14:12:11.908646   548   548 W nvbuf_util.cpp: [getInstance:414] init Mem, nvramId(9), dev(2), size(80)
01-10 14:12:11.908659   548   548 W nvbuf_util.cpp: [getInstance:414] init Mem, nvramId(9), dev(4), size(80)
01-10 14:12:11.908673   548   548 W nvbuf_util.cpp: [getInstance:414] init Mem, nvramId(9), dev(8), size(80)
01-10 14:12:11.908686   548   548 W nvbuf_util.cpp: [getInstance:414] init Mem, nvramId(10), dev(1), size(42928)
01-10 14:12:11.908726   548   548 W nvbuf_util.cpp: [getInstance:414] init Mem, nvramId(10), dev(2), size(42928)
01-10 14:12:11.908764   548   548 W nvbuf_util.cpp: [getInstance:414] init Mem, nvramId(10), dev(4), size(42928)
01-10 14:12:11.908804   548   548 W nvbuf_util.cpp: [getInstance:414] init Mem, nvramId(10), dev(8), size(42928)
01-10 14:12:11.908844   548   548 W nvbuf_util.cpp: [getInstance:414] init Mem, nvramId(11), dev(1), size(4096)
01-10 14:12:11.908862   548   548 W nvbuf_util.cpp: [getInstance:414] init Mem, nvramId(11), dev(2), size(4096)
01-10 14:12:11.908880   548   548 W nvbuf_util.cpp: [getInstance:414] init Mem, nvramId(11), dev(4), size(4096)
01-10 14:12:11.908897   548   548 W nvbuf_util.cpp: [getInstance:414] init Mem, nvramId(11), dev(8), size(4096)
01-10 14:12:11.908914   548   548 W nvbuf_util.cpp: [getInstance:414] init Mem, nvramId(12), dev(1), size(22400)
01-10 14:12:11.908941   548   548 W nvbuf_util.cpp: [getInstance:414] init Mem, nvramId(12), dev(2), size(22400)
01-10 14:12:11.908968   548   548 W nvbuf_util.cpp: [getInstance:414] init Mem, nvramId(12), dev(4), size(22400)
01-10 14:12:11.908993   548   548 W nvbuf_util.cpp: [getInstance:414] init Mem, nvramId(12), dev(8), size(22400)
01-10 14:12:11.909114   548   548 W nvbuf_util.cpp: [getBufAndReadNoLock:709] ramId(0), sensorDev(1), p(0x0), bForceRead(0) +
01-10 14:12:11.909271   548   548 W nvbuf_util.cpp: [readRamVersion:245] nvRamId(0), ver: isp(0),3a(0),sh(0),lens(0),pl(0),stb(0),tsf(0),pdc(0),geo(0),fov(0),feature(0)
01-10 14:12:11.909312   548   548 W NvramDrv: [readDefaultData:735] CAMERA_NVRAM_DATA_ISP
01-10 14:12:11.910842   548   548 W nvbuf_util.cpp: [getInstance:397] getInstance, bInit(1)
01-10 14:12:11.910970   548   548 W nvbuf_util.cpp: [getBufAndReadNoLock:709] ramId(2), sensorDev(1), p(0x0), bForceRead(0) +
01-10 14:12:11.910999   548   548 W nvbuf_util.cpp: [readRamVersion:245] nvRamId(2), ver: isp(0),3a(0),sh(0),lens(0),pl(0),stb(0),tsf(0),pdc(0),geo(0),fov(0),feature(0)
01-10 14:12:11.911026   548   548 W NvramDrv: [readDefaultData:743] CAMERA_NVRAM_DATA_SHADING
01-10 14:12:11.913066   548   548 W nvbuf_util.cpp: [getInstance:397] getInstance, bInit(1)
01-10 14:12:11.913227   548   548 W nvbuf_util.cpp: [getBufAndReadNoLock:709] ramId(1), sensorDev(1), p(0x0), bForceRead(0) +
01-10 14:12:11.913253   548   548 W nvbuf_util.cpp: [readRamVersion:245] nvRamId(1), ver: isp(0),3a(0),sh(0),lens(0),pl(0),stb(0),tsf(0),pdc(0),geo(0),fov(0),feature(0)
01-10 14:12:11.913281   548   548 W NvramDrv: [readDefaultData:739] CAMERA_NVRAM_DATA_3A
01-10 14:12:11.914382   484   501 D skia    : SkJpegCodec::onGetPixels + (720, 1280)
01-10 14:12:11.928390   548   548 I mtkcam-devicemgr: [logLocked] Physical Devices: # 1
01-10 14:12:11.928518   548   548 I mtkcam-devicemgr: [logLocked] --
01-10 14:12:11.928531   548   548 I mtkcam-devicemgr: [logLocked]   [00] -> orientation(wanted/setup)=( 90/90 ) BACK  hasFlashUnit:1 SENSOR_DRVNAME_S5K3L8_MIPI_RAW [PhysEnumDevice:0xf1321730]
01-10 14:12:11.928541   548   548 I mtkcam-devicemgr: [logLocked] --
01-10 14:12:11.928550   548   548 I mtkcam-devicemgr: [logLocked] Virtual Devices: # 1
01-10 14:12:11.928558   548   548 I mtkcam-devicemgr: [logLocked] --
01-10 14:12:11.928566   548   548 I mtkcam-devicemgr: [logLocked]   [device@1.0/internal/0] -> 00 torchModeStatus:AVAILABLE_OFF hasFlashUnit:1 [VirtEnumDevice:0xf137c718 IVirtualDevice:0xf1321e50]
01-10 14:12:11.928574   548   548 I mtkcam-devicemgr: [logLocked] --
01-10 14:12:11.928584   548   548 I mtkcam-devicemgr: [logLocked] Open Devices: # 0 (multi-opened maximum: # 2)
01-10 14:12:11.928592   548   548 I mtkcam-devicemgr: [logLocked] --
01-10 14:12:11.928607   548   548 I mtkcam-devicemgr: [initialize] -
01-10 14:12:11.928626   548   548 I mtkcam-camprovider: [createICameraProvider_V2_4] + internal/0
01-10 14:12:11.928661   548   548 I mtkcam-camprovider: [initialize] +
01-10 14:12:11.928840   548   548 I mtkcam-camprovider: [initialize] -
01-10 14:12:11.928872   548   548 I mtkcam-camprovider: [createICameraProvider_V2_4] - internal/0 provider:0xf132b860 manager:0xf0e63004
01-10 14:12:11.930892   484   501 D skia    : SkJpegCodec::onGetPixels -
01-10 14:12:11.932443   548   548 I camerahalserver: Registration complete for android.hardware.camera.provider@2.4::ICameraProvider/internal/0.
01-10 14:12:11.934356   548   548 D vndksupport: Loading /vendor/lib/hw/vendor.mediatek.hardware.camera.advcam@1.0-impl.so from current namespace instead of sphal namespace.
01-10 14:12:11.939828   548   548 I AdvCamControl_impl: IAdvCamControl  into HIDL_FETCH_IAdvCamControl
01-10 14:12:11.942147   548   548 I camerahalserver: Registration complete for vendor.mediatek.hardware.camera.advcam@1.0::IAdvCamControl/internal/0.
01-10 14:12:11.943316   548   548 D vndksupport: Loading /vendor/lib/hw/vendor.mediatek.hardware.camera.lomoeffect@1.0-impl.so from current namespace instead of sphal namespace.
01-10 14:12:11.949052   548   548 I camerahalserver: Registration complete for vendor.mediatek.hardware.camera.lomoeffect@1.0::ILomoEffect/internal/0.
01-10 14:12:11.950080   548   548 D vndksupport: Loading /vendor/lib/hw/vendor.mediatek.hardware.camera.ccap@1.0-impl.so from current namespace instead of sphal namespace.
01-10 14:12:11.954802   548   548 I camerahalserver: Registration complete for vendor.mediatek.hardware.camera.ccap@1.0::ICCAPControl/internal/0.
01-10 14:12:11.956333   484   501 D skia    : SkJpegCodec::onGetPixels + (720, 1280)
01-10 14:12:11.956283   548   548 D vndksupport: Loading /vendor/lib/hw/vendor.mediatek.hardware.camera.callbackclient@1.0-impl.so from current namespace instead of sphal namespace.
01-10 14:12:11.965447   548   548 I camerahalserver: Registration complete for vendor.mediatek.hardware.camera.callbackclient@1.0::IMtkCallbackClient/internal/0.
01-10 14:12:11.966050   523   562 D AAL     : 01-10 02:12:11.890 BL= 943,ESS= 256, 01-10 02:12:11.909 BL= 944,ESS= 256, 01-10 02:12:11.928 BL= 945,ESS= 256, 01-10 02:12:11.947 BL= 946,ESS= 256, 01-10 02:12:11.966 BL= 947,ESS= 256, 
01-10 14:12:11.966461   527   729 I CameraProviderManager: Connecting to new camera provider: internal/0, isRemote? 1
01-10 14:12:11.967536   527   729 I CameraProviderManager: Enumerating new camera device: device@1.0/internal/0
01-10 14:12:11.969686   548   878 I mtkcam-dev1: [createSpecificCameraDevice1] APP_MODE_NAME_DEFAULT
01-10 14:12:11.972510   484   501 D skia    : SkJpegCodec::onGetPixels -
01-10 14:12:11.975291   394   413 I powerd  : [powerd_req] POWER_MSG_SCN_REG: pid:548, uid:1047
01-10 14:12:11.975879   394   414 I vendor.mediatek.hardware.power@1.1-impl: scnReg hdl:39
01-10 14:12:11.976844   394   414 I vendor.mediatek.hardware.power@1.1-impl: scnEnable hdl:39, timeout:1000
01-10 14:12:11.977244   394   413 I powerd  : [powerd_req] POWER_MSG_SCN_ENABLE: hdl:39, timeout:1000
01-10 14:12:11.977397   394   413 I libPerfService: perfUserScnEnable - handle:39
01-10 14:12:11.978823   394   413 I libPerfService: 39: legacy set freq: 1508000 -1 2002000 -1
01-10 14:12:11.979788   548   878 I mtkcam-dev1: [createSpecificCameraDevice1] - 0xefab0600
01-10 14:12:11.979895   548   878 I mtkcam-dev1: 0[CameraDevice1Base::open] +
01-10 14:12:11.980187   548   878 I mtkcam-devicemgr: [attachOpenDeviceLocked] device: device@1.0/internal/0 openTimestamp:01-10 14:12:11.980
01-10 14:12:11.980638   548   880 D SeninfDrvImp: [init][init]: Entry count 0 
01-10 14:12:11.981399   548   878 I Drv/HWsync: Drv/HWsync[init] +, user&cnt(HW_SYNC_USER_AE,0),srIdxNum(0)
01-10 14:12:11.981494   548   878 I Drv/HWsync: Drv/HWsync[init] mAECyclePeriod(3)
01-10 14:12:11.981509   548   878 I Drv/HWsync: Drv/HWsync[init] -
01-10 14:12:11.981562   548   878 W nvbuf_util.cpp: [getInstance:397] getInstance, bInit(1)
01-10 14:12:11.981636   548   878 W nvbuf_util.cpp: [getBufAndReadNoLock:709] ramId(1), sensorDev(1), p(0x0), bForceRead(0) +
01-10 14:12:11.981655   548   878 W nvbuf_util.cpp: [getInstance:397] getInstance, bInit(1)
01-10 14:12:11.981701   548   878 W nvbuf_util.cpp: [getBufAndReadNoLock:709] ramId(4), sensorDev(1), p(0x0), bForceRead(0) +
01-10 14:12:11.981733   548   878 W nvbuf_util.cpp: [readRamVersion:245] nvRamId(4), ver: isp(0),3a(0),sh(0),lens(0),pl(0),stb(0),tsf(0),pdc(0),geo(0),fov(0),feature(0)
01-10 14:12:11.981787   548   878 W NvramDrv: [readDefaultData:755] CAMERA_DATA_AE_PLINETABLE
01-10 14:12:11.982183   548   878 W nvbuf_util.cpp: [getInstance:397] getInstance, bInit(1)
01-10 14:12:11.982262   548   878 W nvbuf_util.cpp: [getBufAndReadNoLock:709] ramId(0), sensorDev(1), p(0x0), bForceRead(0) +
01-10 14:12:11.985907   548   878 D LaserDrv: LaserDrv()
01-10 14:12:11.986189   548   878 D LaserDrv: Device error opening : No such file or directory
01-10 14:12:11.987218   548   878 W nvbuf_util.cpp: [getInstance:397] getInstance, bInit(1)
01-10 14:12:11.987199   548   880 D SeninfDrvImp: [init]Efuse Data:0x11f1018c= 0x8c631940, 0x11f10190= 0x7c208364, 0x11f101bc= 0x80000000
01-10 14:12:11.987308   548   878 W nvbuf_util.cpp: [getBufAndReadNoLock:709] ramId(0), sensorDev(1), p(0x0), bForceRead(0) +
01-10 14:12:11.987316   548   880 D SeninfDrvImp: [init][init]: Exit count 1 
01-10 14:12:11.987447   548   880 D ImgSensorDrv: [init][init] imgsensor_drv 1
01-10 14:12:11.987591   548   880 D SeninfDrvImp: [setMclk1][setTg1Phase]pcEn(1), clkPol(0), mMclk1User(1), TimestampClk(11)
01-10 14:12:11.987704   548   880 D SeninfDrvImp: [setMclk1][setTg1Phase]pcEn(1), clkPol(0), mMclk1User(1), TimestampClk(11), SENINF_TG1_PH_CNT(0x80000005)
01-10 14:12:11.988035   548   880 D SeninfDrvImp: [setMclk1IODrivingCurrent]DrivingIdx(3), Reg(0x30000000)
01-10 14:12:11.998123   484   501 D skia    : SkJpegCodec::onGetPixels + (720, 1280)
01-10 14:12:12.015313   484   501 D skia    : SkJpegCodec::onGetPixels -
01-10 14:12:12.029755   398   640 I BufferQueueProducer: [BootAnimation#0](this:0x7f74423000,id:1,api:1,p:484,c:398) queueBuffer: fps=23.46 dur=1023.13 max=61.73 min=31.57
01-10 14:12:12.040150   484   501 D skia    : SkJpegCodec::onGetPixels + (720, 1280)
01-10 14:12:12.055843   522   522 I zygote  : Explicit concurrent copying GC freed 181(8KB) AllocSpace objects, 0(0B) LOS objects, 98% free, 23KB/1559KB, paused 89us total 6.286ms
01-10 14:12:12.056713   484   501 D skia    : SkJpegCodec::onGetPixels -
01-10 14:12:12.060248   523   562 D AAL     : 01-10 02:12:11.985 BL= 948,ESS= 256, 01-10 02:12:12.003 BL= 949,ESS= 256, 01-10 02:12:12.022 BL= 950,ESS= 256, 01-10 02:12:12.041 BL= 951,ESS= 256, 01-10 02:12:12.060 BL= 952,ESS= 256, 
01-10 14:12:12.062567   522   522 I zygote  : Explicit concurrent copying GC freed 5(32KB) AllocSpace objects, 0(0B) LOS objects, 98% free, 23KB/1559KB, paused 56us total 6.222ms
01-10 14:12:12.064247   522   522 I zygote  : Global filter of size 170 installed
01-10 14:12:12.065937   522   522 I Zygote  : Accepting command socket connections
01-10 14:12:12.076548   548   880 I Drv/HWsync: Drv/HWsync[init] +, user&cnt(HW_SYNC_USER_HALSENSOR,1),srIdxNum(0)
01-10 14:12:12.076715   548   880 I Drv/HWsync: Drv/HWsync[init] -
01-10 14:12:12.079165   548   878 W nvbuf_util.cpp: [getInstance:397] getInstance, bInit(1)
01-10 14:12:12.079275   548   878 W nvbuf_util.cpp: [getBufAndReadNoLock:709] ramId(0), sensorDev(1), p(0x0), bForceRead(0) +
01-10 14:12:12.079290   548   878 W nvbuf_util.cpp: [getInstance:397] getInstance, bInit(1)
01-10 14:12:12.079306   548   878 W nvbuf_util.cpp: [getBufAndReadNoLock:709] ramId(2), sensorDev(1), p(0x0), bForceRead(0) +
01-10 14:12:12.079319   548   878 W nvbuf_util.cpp: [getInstance:397] getInstance, bInit(1)
01-10 14:12:12.079335   548   878 W nvbuf_util.cpp: [getBufAndReadNoLock:709] ramId(1), sensorDev(1), p(0x0), bForceRead(0) +
01-10 14:12:12.079350   548   878 W nvbuf_util.cpp: [getInstance:397] getInstance, bInit(1)
01-10 14:12:12.079366   548   878 W nvbuf_util.cpp: [getBufAndReadNoLock:709] ramId(6), sensorDev(1), p(0x0), bForceRead(0) +
01-10 14:12:12.079449   548   878 W nvbuf_util.cpp: [readRamVersion:245] nvRamId(6), ver: isp(0),3a(0),sh(0),lens(0),pl(0),stb(0),tsf(0),pdc(0),geo(0),fov(0),feature(0)
01-10 14:12:12.079482   548   878 W NvramDrv: [readDefaultData:772] CAMERA_DATA_TSF_TABLE
01-10 14:12:12.079824   548   878 D CAM_CUS_MSDK: CAM_CUS_MSDK GetCameraCalData(MainSensorIdx=30c8) Enter
01-10 14:12:12.079873   548   878 D CAM_CUS_MSDK: CAM_CUS_MSDK SensorId != pstSensorInitFunc[0].SensorId=258 
01-10 14:12:12.079889   548   878 D CAM_CUS_MSDK: CAM_CUS_MSDK SensorId == pstSensorInitFunc[1].SensorId=30c8 
01-10 14:12:12.079903   548   878 D CAM_CUS_MSDK: CAM_CUS_MSDK Enter! GetCameraCalData(MainSensorIdx=30c8) Enter
01-10 14:12:12.079922   548   878 D CAM_CUS_MSDK: CAM_CUS_MSDK pstSensorInitFunc(MainSensorIdx=30c8) Enter
01-10 14:12:12.079936   548   878 I CamCalCamCal: ver1017~ pCamCalData->sensorID=30c8
01-10 14:12:12.079959   548   878 I CamCalCamCal: ver1017~ pCamCalData->deviceID=1
01-10 14:12:12.081828   484   501 D skia    : SkJpegCodec::onGetPixels + (720, 1280)
01-10 14:12:12.085145   548   878 I CamCalCamCal: ver1017~ lsc table_size 1868
01-10 14:12:12.104032   484   501 D skia    : SkJpegCodec::onGetPixels -
01-10 14:12:12.123716   484   501 D skia    : SkJpegCodec::onGetPixels + (720, 1280)
01-10 14:12:12.127314   398   398 I DisplayDevice: [Built-in Screen (type:0)] fps:23.558634,dur:1018.73,max:57.07,min:33.66
01-10 14:12:12.142297   484   501 D skia    : SkJpegCodec::onGetPixels -
01-10 14:12:12.154757   523   562 D AAL     : 01-10 02:12:12.079 BL= 953,ESS= 256, 01-10 02:12:12.097 BL= 954,ESS= 256, 01-10 02:12:12.116 BL= 955,ESS= 256, 01-10 02:12:12.135 BL= 956,ESS= 256, 01-10 02:12:12.154 BL= 957,ESS= 256, 
01-10 14:12:12.165721   484   501 D skia    : SkJpegCodec::onGetPixels + (720, 1280)
01-10 14:12:12.180529   376   865 E VT HIDL : [IVT] [VT THREAD] [VT_Bind] des = volte_imsvt1 Fail to connect . retry count: 1
01-10 14:12:12.180982   376   865 D VT HIDL : [IVT] isIMCBrun : True
01-10 14:12:12.182500   484   501 D skia    : SkJpegCodec::onGetPixels -
01-10 14:12:12.189436   548   878 I CamCalCamCal: ver1017~ ======================SingleLsc Data==================
01-10 14:12:12.189546   548   878 I CamCalCamCal: ver1017~ [1st] = 2, 8, 4c, 7 
01-10 14:12:12.189562   548   878 I CamCalCamCal: ver1017~ [1st] = SensorLSC(1)?MTKLSC(2)?  2 
01-10 14:12:12.189576   548   878 I CamCalCamCal: ver1017~ CapIspReg =0x30000000, 0xd04bd037, 0x40000000, 0x4d0041, 0x20202020
01-10 14:12:12.189587   548   878 I CamCalCamCal: ver1017~ RETURN = 0x0 
01-10 14:12:12.189601   548   878 I CamCalCamCal: ver1017~ ======================SingleLsc Data==================
01-10 14:12:12.189637   548   878 D CAM_CUS_MSDK: CAM_CUS_MSDK Done! GetCameraCalData(MainSensorIdx=30c8) Enter
01-10 14:12:12.190217   548   878 D gma_core: [GmaCore] constructor, sensor dev:1
01-10 14:12:12.190308   548   882 E lsc_nvram: [do_mkdir] fail to mkdir [/data/shading_otp]: 13[Permission denied] (do_mkdir){#65:vendor/mediatek/proprietary/hardware/mtkcam/aaa/source/mt6763/lsc_mgr/LscUtil.h}
01-10 14:12:12.190387   548   878 D lce_core: [LceCore] constructor, sensor dev:1
01-10 14:12:12.195783   548   878 D SHADING_TRANS_UTIL: [compute_spline] STEP_OK
01-10 14:12:12.196297   548   878 D SHADING_TRANS_UTIL: [compute_spline] STEP_OK
01-10 14:12:12.196447   548   878 D ShadingTrans_core: Less than 1x gain detected in channel 0
01-10 14:12:12.196520   548   878 D ShadingTrans_core: Less than 1x gain detected in channel 1
01-10 14:12:12.196535   548   878 D ShadingTrans_core: Less than 1x gain detected in channel 2
01-10 14:12:12.196547   548   878 D ShadingTrans_core: Less than 1x gain detected in channel 3
01-10 14:12:12.197021   548   878 D SHADING_TRANS_UTIL: [compute_spline] STEP_OK
01-10 14:12:12.197319   548   878 E lsc_mgr_dft: [do_mkdir] fail to mkdir [/sdcard/shading]: 2[No such file or directory] (do_mkdir){#65:vendor/mediatek/proprietary/hardware/mtkcam/aaa/source/mt6763/lsc_mgr/LscUtil.h}
01-10 14:12:12.198243   548   878 D SHADING_TRANS_UTIL: [compute_spline] STEP_OK
01-10 14:12:12.198876   548   878 D SHADING_TRANS_UTIL: [compute_spline] STEP_OK
01-10 14:12:12.199036   548   878 D ShadingTrans_core: Less than 1x gain detected in channel 0
01-10 14:12:12.199092   548   878 D ShadingTrans_core: Less than 1x gain detected in channel 1
01-10 14:12:12.199104   548   878 D ShadingTrans_core: Less than 1x gain detected in channel 2
01-10 14:12:12.199115   548   878 D ShadingTrans_core: Less than 1x gain detected in channel 3
01-10 14:12:12.186000   548   548 W HwBinder:548_2: type=1400 audit(0.0:37): avc: denied { add_name } for name="shading_otp" scontext=u:r:mtk_hal_camera:s0 tcontext=u:object_r:system_data_file:s0 tclass=dir permissive=0
01-10 14:12:12.199607   548   878 D SHADING_TRANS_UTIL: [compute_spline] STEP_OK
01-10 14:12:12.199961   548   878 E lsc_mgr_dft: [do_mkdir] fail to mkdir [/sdcard/shading]: 2[No such file or directory] (do_mkdir){#65:vendor/mediatek/proprietary/hardware/mtkcam/aaa/source/mt6763/lsc_mgr/LscUtil.h}
01-10 14:12:12.200857   548   878 D SHADING_TRANS_UTIL: [compute_spline] STEP_OK
01-10 14:12:12.201410   548   878 D SHADING_TRANS_UTIL: [compute_spline] STEP_OK
01-10 14:12:12.201554   548   878 D ShadingTrans_core: Less than 1x gain detected in channel 0
01-10 14:12:12.201618   548   878 D ShadingTrans_core: Less than 1x gain detected in channel 1
01-10 14:12:12.201631   548   878 D ShadingTrans_core: Less than 1x gain detected in channel 2
01-10 14:12:12.201642   548   878 D ShadingTrans_core: Less than 1x gain detected in channel 3
01-10 14:12:12.202088   548   878 D SHADING_TRANS_UTIL: [compute_spline] STEP_OK
01-10 14:12:12.202436   548   878 E lsc_mgr_dft: [do_mkdir] fail to mkdir [/sdcard/shading]: 2[No such file or directory] (do_mkdir){#65:vendor/mediatek/proprietary/hardware/mtkcam/aaa/source/mt6763/lsc_mgr/LscUtil.h}
01-10 14:12:12.203558   548   878 D SHADING_TRANS_UTIL: [compute_spline] STEP_OK
01-10 14:12:12.204126   548   878 D SHADING_TRANS_UTIL: [compute_spline] STEP_OK
01-10 14:12:12.204312   548   878 D ShadingTrans_core: Less than 1x gain detected in channel 0
01-10 14:12:12.204416   548   878 D ShadingTrans_core: Less than 1x gain detected in channel 1
01-10 14:12:12.204429   548   878 D ShadingTrans_core: Less than 1x gain detected in channel 2
01-10 14:12:12.204440   548   878 D ShadingTrans_core: Less than 1x gain detected in channel 3
01-10 14:12:12.204896   548   878 D SHADING_TRANS_UTIL: [compute_spline] STEP_OK
01-10 14:12:12.205279   548   878 E lsc_mgr_dft: [do_mkdir] fail to mkdir [/sdcard/shading]: 2[No such file or directory] (do_mkdir){#65:vendor/mediatek/proprietary/hardware/mtkcam/aaa/source/mt6763/lsc_mgr/LscUtil.h}
01-10 14:12:12.205499   548   878 D AppTsf  : [AppTsf] constructor
01-10 14:12:12.205627   548   878 D tsf_core: [TsfCore] constructor
01-10 14:12:12.207699   484   501 D skia    : SkJpegCodec::onGetPixels + (720, 1280)
01-10 14:12:12.207793   548   878 W aaa_state_mgr: [StateCommon::transitState] StateUninit --> StateInit
01-10 14:12:12.207967   548   884 W nvbuf_util.cpp: [getInstance:397] getInstance, bInit(1)
01-10 14:12:12.208060   548   884 W nvbuf_util.cpp: [getBufAndReadNoLock:709] ramId(7), sensorDev(1), p(0x0), bForceRead(1) +
01-10 14:12:12.208093   548   884 W nvbuf_util.cpp: [readRamVersion:245] nvRamId(7), ver: isp(0),3a(0),sh(0),lens(0),pl(0),stb(0),tsf(0),pdc(0),geo(0),fov(0),feature(0)
01-10 14:12:12.208121   548   884 W NvramDrv: [readDefaultData:779] CAMERA_DATA_PDC_TABLE
01-10 14:12:12.208283   548   884 E MtkCam/BaseHeap: Unvalid Image Size(0x1) (onCreate){#327:vendor/mediatek/proprietary/hardware/mtkcam/utils/imgbuf/BaseImageBufferHeap.cpp}
01-10 14:12:12.208421   548   878 I FlashAlgM: FlashAlgM 2
01-10 14:12:12.211132   548   878 W nvbuf_util.cpp: [getInstance:397] getInstance, bInit(1)
01-10 14:12:12.211308   548   878 W nvbuf_util.cpp: [getBufAndReadNoLock:709] ramId(5), sensorDev(1), p(0x0), bForceRead(0) +
01-10 14:12:12.211338   548   878 W nvbuf_util.cpp: [readRamVersion:245] nvRamId(5), ver: isp(0),3a(0),sh(0),lens(0),pl(0),stb(0),tsf(0),pdc(0),geo(0),fov(0),feature(0)
01-10 14:12:12.211382   548   878 W NvramDrv: [readDefaultData:760] CAMERA_NVRAM_DATA_STROBE cust_fillDefaultStrobeNVRam
01-10 14:12:12.211509   548   878 D flash_custom.cpp: devid main id1
01-10 14:12:12.211946   548   878 I MtkCam/ParamsManager: [Feature::queryCustomFeature] s8Symbol=queryCustCamfeature_SENSOR_DRVNAME_S5K3L8_MIPI_RAW
01-10 14:12:12.215136   548   878 I MtkCam/ParamsManager: [Feature::queryCustomFeature] s8Symbol=queryCustCamfeature_CUSTOM_FLASHLIGHT
01-10 14:12:12.216753   548   878 I MtkCam/ParamsManager: [Feature::queryCustomFeature] s8Symbol=queryCustCamfeature_CUSTOM_AFLAMP
01-10 14:12:12.217818   548   878 I MtkCam/ParamsManager: [Feature::queryCustomFeature] s8Symbol=queryCustCamfeature_CUSTOM_CAMERASHOT
01-10 14:12:12.219498   548   878 I MtkCam/ParamsManager: [Feature::queryCustomFeature] s8Symbol=queryCustCamfeature_CUSTOM_SENINDEPFEATURE
01-10 14:12:12.221258   548   878 I MtkCam/ParamsManager: [Feature::initFeatures_NoWarningCorrection] (fgIsLowMem, memory_total_in_byte, getpagesize)=(0, 2992164864, 4096)
01-10 14:12:12.222775   548   878 I MtkCam/ParamsManager: [updateDefaultParams2_ByQuery] cap(4208,3120),fov(67,49)
01-10 14:12:12.223085   548   878 W nvbuf_util.cpp: [getInstance:397] getInstance, bInit(1)
01-10 14:12:12.223176   548   878 W nvbuf_util.cpp: [getBufAndReadNoLock:709] ramId(1), sensorDev(1), p(0xe671f9d8), bForceRead(0) +
01-10 14:12:12.223192   548   878 W nvbuf_util.cpp: [getInstance:397] getInstance, bInit(1)
01-10 14:12:12.223207   548   878 W nvbuf_util.cpp: [getBufAndReadNoLock:709] ramId(4), sensorDev(1), p(0xe6c19e48), bForceRead(0) +
01-10 14:12:12.223218   548   878 W nvbuf_util.cpp: [getInstance:397] getInstance, bInit(1)
01-10 14:12:12.223232   548   878 W nvbuf_util.cpp: [getBufAndReadNoLock:709] ramId(0), sensorDev(1), p(0xe63257ac), bForceRead(0) +
01-10 14:12:12.223265   548   878 D LensMCU : LensMCU[isSupportLens][CurrSensorDev]0x0001 [CurrSensorId]0x30c8
01-10 14:12:12.223465   484   501 D skia    : SkJpegCodec::onGetPixels -
01-10 14:12:12.224459   548   878 I MtkCam/FrameController: [FrameController][prvcb] - miLogLevel(1), max delay(30000000), max sleep(1000000000 ns), min sleep(200 us), adj sleep(250000 ns)
01-10 14:12:12.229199   527   729 W CameraProviderManager: Camera provider internal/0 says an unknown camera device@1.0/internal/0 now has torch status 0. Curious.
01-10 14:12:12.229626   548   878 I mtkcam-camprovider: [onTorchModeStatusChange] device@1.0/internal/0 TorchModeStatus:0
01-10 14:12:12.229785   548   878 I mtkcam-dev1: 0[CameraDevice1Base::open] Add new cameraId 0 - 0xefab0600
01-10 14:12:12.229899   548   878 I mtkcam-dev1: 0[CameraDevice1Base::open] -
01-10 14:12:12.232107   548   877 I mtkcam-dev1: 0[CameraDevice1Base::close] +
01-10 14:12:12.232759   548   877 I MtkCam/CamClient: (877)[uninit] + getStrongCount(1)
01-10 14:12:12.233879   548   884 I MtkCam/Utils: onCreate#00 pc 00006cc1  /vendor/lib/libmtkcam_stdutils.so (NSCam::Utils::dumpCallStack(char const*)+28)
01-10 14:12:12.234064   548   884 I MtkCam/Utils: onCreate#01 pc 000102dd  /vendor/lib/libmtkcam_imgbuf.so (NSCam::NSImageBufferHeap::BaseImageBufferHeap::onCreate(NSCam::MSize const&, int, unsigned int, int)+188)
01-10 14:12:12.234080   548   884 I MtkCam/Utils: onCreate#02 pc 00015d19  /vendor/lib/libmtkcam_imgbuf.so (NSCam::IIonImageBufferHeap::create(char const*, NSCam::IImageBufferAllocator::ImgParam const&, NSCam::IIonImageBufferHeap::AllocExtraParam const&, int)+56)
01-10 14:12:12.234091   548   884 I MtkCam/Utils: onCreate#03 pc 000f5949  /vendor/lib/libcam.hal3a.v3.so (NSIspTuningv3::ISP_MGR_BNR2::setBPCIBuf(CAMERA_BPCI_STRUCT_t*)+348)
01-10 14:12:12.234098   548   884 I MtkCam/Utils: onCreate#04 pc 0011ec53  /vendor/lib/libcam.hal3a.v3.so (NSIspTuningv3::Paramctrl::sendIspTuningIOCtrl(unsigned int, int, int)+738)
01-10 14:12:12.234109   548   884 I MtkCam/Utils: onCreate#05 pc 00090895  /vendor/lib/libcam.hal3a.v3.so (Hal3ARawImp::ThreadIspSetBpciTable(void*)+304)
01-10 14:12:12.234122   548   884 I MtkCam/Utils: onCreate#06 pc 000475df  /system/lib/libc.so (__pthread_start(void*)+22)
01-10 14:12:12.234132   548   884 I MtkCam/Utils: onCreate#07 pc 0001af55  /system/lib/libc.so (__start_thread+32)
01-10 14:12:12.234159   548   884 E MtkCam/IonHeap: PDC_tbl_1@ onCreate (create){#336:vendor/mediatek/proprietary/hardware/mtkcam/utils/imgbuf/IonImageBufferHeap.cpp}
01-10 14:12:12.234260   548   884 E MtkCam/BaseHeap: Unvalid Image Size(0x1) (onCreate){#327:vendor/mediatek/proprietary/hardware/mtkcam/utils/imgbuf/BaseImageBufferHeap.cpp}
01-10 14:12:12.243339   548   877 W MtkCam/CamClient/FDClient: (877)[stopFaceDetection] FD was not running
01-10 14:12:12.243701   548   877 I MtkCam/CamClient: (877)[uninit] - getStrongCount(1)
01-10 14:12:12.244084   394   414 I vendor.mediatek.hardware.power@1.1-impl: scnDisable hdl:39
01-10 14:12:12.244918   394   413 I libPerfService: 39: legacy set freq: -1 -1 -1 -1
01-10 14:12:12.248906   523   562 D AAL     : 01-10 02:12:12.173 BL= 958,ESS= 256, 01-10 02:12:12.192 BL= 959,ESS= 256, 01-10 02:12:12.211 BL= 960,ESS= 256, 01-10 02:12:12.229 BL= 961,ESS= 256, 01-10 02:12:12.248 BL= 962,ESS= 256, 
01-10 14:12:12.250574   548   884 I MtkCam/Utils: onCreate#00 pc 00006cc1  /vendor/lib/libmtkcam_stdutils.so (NSCam::Utils::dumpCallStack(char const*)+28)
01-10 14:12:12.250727   548   884 I MtkCam/Utils: onCreate#01 pc 000102dd  /vendor/lib/libmtkcam_imgbuf.so (NSCam::NSImageBufferHeap::BaseImageBufferHeap::onCreate(NSCam::MSize const&, int, unsigned int, int)+188)
01-10 14:12:12.250741   548   884 I MtkCam/Utils: onCreate#02 pc 00015d19  /vendor/lib/libmtkcam_imgbuf.so (NSCam::IIonImageBufferHeap::create(char const*, NSCam::IImageBufferAllocator::ImgParam const&, NSCam::IIonImageBufferHeap::AllocExtraParam const&, int)+56)
01-10 14:12:12.250749   548   884 I MtkCam/Utils: onCreate#03 pc 000f5983  /vendor/lib/libcam.hal3a.v3.so (NSIspTuningv3::ISP_MGR_BNR2::setBPCIBuf(CAMERA_BPCI_STRUCT_t*)+406)
01-10 14:12:12.250760   548   884 I MtkCam/Utils: onCreate#04 pc 0011ec53  /vendor/lib/libcam.hal3a.v3.so (NSIspTuningv3::Paramctrl::sendIspTuningIOCtrl(unsigned int, int, int)+738)
01-10 14:12:12.250768   548   884 I MtkCam/Utils: onCreate#05 pc 00090895  /vendor/lib/libcam.hal3a.v3.so (Hal3ARawImp::ThreadIspSetBpciTable(void*)+304)
01-10 14:12:12.250779   548   884 I MtkCam/Utils: onCreate#06 pc 000475df  /system/lib/libc.so (__pthread_start(void*)+22)
01-10 14:12:12.250787   548   884 I MtkCam/Utils: onCreate#07 pc 0001af55  /system/lib/libc.so (__start_thread+32)
