01-10 14:12:11.264337   377   696 D AudioFtmBase: AudioFtmBase()
01-10 14:12:11.264441   377   696 D LoopbackManager: LoopbackManager(), isMD1Supported = 11
01-10 14:12:11.264469   377   696 D LoopbackManager: LoopbackManager(), mWorkingModemIndex = 0
01-10 14:12:11.264484   377   696 D AudioFtm: AudioFtm()
01-10 14:12:11.264523   377   696 D AudioFtm: mMixer = 0xeaddc000
01-10 14:12:11.264536   377   696 D AudioFtm: GetVibSpkCalibrationStatus()
01-10 14:12:11.265704   377   696 D NVRAM   : NVM_GetFileDesc: Open /vendor/nvdata/media/VibSpk_CompFlt,LID:68
01-10 14:12:11.266169   377   696 D NVRAM   : NVM_CmpFileVerNo 68  
01-10 14:12:11.266259   377   696 D NVRAM   : Load File Version: 001, NvRam File Version: 001
01-10 14:12:11.266281   377   696 D NVRAM   : NVM_ProtectDataFile : 68 ++
01-10 14:12:11.266292   377   696 D NVRAM   : iCustomBeginLID = 51
01-10 14:12:11.266315   377   696 D NVRAM   : NVM_CheckFileSize:stat_size:1262,size in table:1260
01-10 14:12:11.267969   563   578 D PQ      : ccorr table index=0
01-10 14:12:11.268065   563   578 D PQTransition: onTransition: TRS: Mode2 (33)
01-10 14:12:11.268158   563   578 D PQTransition: CheckIfFinished: TRS: CheckIfFinished(EN=1)
01-10 14:12:11.268241   563   578 D PQ      : [PQ_SERVICE] setPQParamWithFilter configFlag: 2
01-10 14:12:11.270551   377   696 D NVRAM   : NVM_CheckFile: File is correct!
01-10 14:12:11.270609   377   696 D NVRAM   : NVM_ProtectUserData:Check Success
01-10 14:12:11.270627   377   696 D NVRAM   : NVM_GetFileDesc ProtectDataFile Check Success!!
01-10 14:12:11.272116   377   696 D NVRAM   : NVM_CloseFileDesc: Open by Readonly, no need to check when close
01-10 14:12:11.272164   377   696 D AudioMTKFilterManager: VibSpkReadFrequency:9c
01-10 14:12:11.272244   377   696 D AudioVIBSPKControl: setParameters:bb80 9c f 5
01-10 14:12:11.272303   377   696 D AudioVIBSPKControl: VsgGenInit
01-10 14:12:11.272366   377   696 D MtkAudioBitConverter: +open(), format 0, CH 2, SR 48000
01-10 14:12:11.272541   377   696 D NVRAM   : NVM_GetFileDesc: Open /vendor/nvdata/media/VibSpk_CompFlt,LID:68
01-10 14:12:11.272603   377   696 D NVRAM   : NVM_CmpFileVerNo 68  
01-10 14:12:11.272665   377   696 D NVRAM   : Load File Version: 001, NvRam File Version: 001
01-10 14:12:11.272681   377   696 D NVRAM   : NVM_ProtectDataFile : 68 ++
01-10 14:12:11.272694   377   696 D NVRAM   : iCustomBeginLID = 51
01-10 14:12:11.272723   377   696 D NVRAM   : NVM_CheckFileSize:stat_size:1262,size in table:1260
01-10 14:12:11.274184   377   696 D NVRAM   : NVM_CheckFile: File is correct!
01-10 14:12:11.274213   377   696 D NVRAM   : NVM_ProtectUserData:Check Success
01-10 14:12:11.274230   377   696 D NVRAM   : NVM_GetFileDesc ProtectDataFile Check Success!!
01-10 14:12:11.276401   484   501 D skia    : SkJpegCodec::onGetPixels + (720, 1280)
01-10 14:12:11.282215   377   696 D NVRAM   : NVM_CloseFileDesc: Open by Readonly, no need to check when close
01-10 14:12:11.282300   377   696 D MtkAudioLoud: mIsZeroCoeff 0 mFilterType 3
01-10 14:12:11.282377   377   696 D AudioMTKFilterManager: mFixedParam 0
01-10 14:12:11.282420   377   696 D AudioALSAStreamManager: -openOutputStream(), out = 0xeadfe400, status = 0x0, mStreamOutVector.size() = 1
01-10 14:12:11.283735   524   524 D AudioFlinger_Threads: readOutputParameters_l, mNormalFrameCount 1024
01-10 14:12:11.283830   524   524 I AudioFlinger_Threads: HAL output buffer size 256 frames, normal sink buffer size 1024 frames
01-10 14:12:11.285870   377   696 E EffectsConfig: Failed to parse /vendor/etc/audio_effects.xml: Tinyxml2 error (3): /vendor/etc/audio_effects.xml (null)
01-10 14:12:11.285975   377   696 E EffectsFactoryConfigLoader: Failed to parse XML configuration file
01-10 14:12:11.286015   377   696 W EffectsFactory: Failed to load XML effect configuration, fallback to .conf
01-10 14:12:11.286850   563   578 D PQ      : ccorr table index=0
01-10 14:12:11.286935   563   578 D PQTransition: onTransition: TRS: Mode2 (34)
01-10 14:12:11.287016   563   578 D PQTransition: CheckIfFinished: TRS: CheckIfFinished(EN=1)
01-10 14:12:11.287086   563   578 D PQ      : [PQ_SERVICE] setPQParamWithFilter configFlag: 2
01-10 14:12:11.287459   621   621 D HWUIExtension: 14 Program id 17, key 0x0000081000000000, offset 85432, binaryLength 12020 within 61374ns
01-10 14:12:11.293713   484   501 D skia    : SkJpegCodec::onGetPixels -
01-10 14:12:11.305702   563   578 D PQ      : ccorr table index=0
01-10 14:12:11.305800   563   578 D PQTransition: onTransition: TRS: Mode2 (35)
01-10 14:12:11.305882   563   578 D PQTransition: CheckIfFinished: TRS: CheckIfFinished(EN=1)
01-10 14:12:11.305924   523   562 D AAL     : 01-10 02:12:11.230 BL= 922,ESS= 256, 01-10 02:12:11.249 BL= 921,ESS= 256, 01-10 02:12:11.268 BL= 920,ESS= 256, 01-10 02:12:11.287 BL= 919,ESS= 256, 01-10 02:12:11.305 BL= 918,ESS= 256, 
01-10 14:12:11.305948   563   578 D PQ      : [PQ_SERVICE] setPQParamWithFilter configFlag: 2
01-10 14:12:11.318557   484   501 D skia    : SkJpegCodec::onGetPixels + (720, 1280)
01-10 14:12:11.321251   548   795 I DJobMgr : [watch_dogs_job] start WatchDog@DJobMgr
01-10 14:12:11.323265   548   548 D PQ      : [PQ_PROT] [PQCust] libpq_cust_base.so OK, libpq_cust.so absent
01-10 14:12:11.324562   563   578 D PQ      : ccorr table index=0
01-10 14:12:11.324665   563   578 D PQTransition: onTransition: TRS: Mode2 (36)
01-10 14:12:11.324763   563   578 D PQTransition: CheckIfFinished: TRS: CheckIfFinished(EN=1)
01-10 14:12:11.324830   563   578 D PQ      : [PQ_SERVICE] setPQParamWithFilter configFlag: 2
01-10 14:12:11.336543   484   501 D skia    : SkJpegCodec::onGetPixels -
01-10 14:12:11.343793   563   578 D PQ      : ccorr table index=0
01-10 14:12:11.343905   563   578 D PQTransition: onTransition: TRS: Mode2 (37)
01-10 14:12:11.343991   563   578 D PQTransition: CheckIfFinished: TRS: CheckIfFinished(EN=1)
01-10 14:12:11.344069   563   578 D PQ      : [PQ_SERVICE] setPQParamWithFilter configFlag: 2
01-10 14:12:11.347803   524   524 I BufferProvider: found effect "Multichannel Downmix To Stereo" from The Android Open Source Project
01-10 14:12:11.349713   524   798 I AudioFlinger_Threads: AudioFlinger's thread 0xe9c03980 tid=798 ready to run
01-10 14:12:11.350978   524   798 W AudioFlinger_Threads: no wake lock to update, system not ready yet
01-10 14:12:11.351021   621   621 D HWUIExtension: 15 Program id 18, key 0x0002080800000001, offset 97452, binaryLength 12588 within 63460ns
01-10 14:12:11.351074   524   798 D AudioFlinger_Threads: threadLoop, MtkAudioLoud::initParser()+
01-10 14:12:11.351089   524   798 D NVRAM   : audioComFltCustParamInit + 
01-10 14:12:11.351144   524   798 D NVRAM   : appOpsGetInstance(), init AppOps struct, lib is libaudio_param_parser-sys.so
01-10 14:12:11.351259   524   524 I AudioFlinger: Using module 10 as the primary audio interface
01-10 14:12:11.351652   377   377 W AudioALSAStreamManager: setMode(), mAudioMode: 0 == 0, return
01-10 14:12:11.352087   377   696 D AudioALSAHardware: +getParameters(), key = GetBesLoudnessStatus
01-10 14:12:11.352263   377   696 D AudioALSAHardware: -getParameters(), return "GetBesLoudnessStatus=1"
01-10 14:12:11.352684   377   696 D AudioALSAHardware: +getParameters(), key = GetGainTableSceneCount
01-10 14:12:11.352792   377   696 D AudioALSAHardware: getParameters(), GetGainTableSceneCount, sceneCount = 1
01-10 14:12:11.352868   377   696 D AudioALSAHardware: -getParameters(), return "GetGainTableSceneCount=1"
01-10 14:12:11.353181   377   696 D AudioALSAHardware: +getParameters(), key = GetGainTableSceneTable
01-10 14:12:11.353312   377   696 D AudioALSAHardware: GetAudioData(), par1 = 0x103, len = 14240
01-10 14:12:11.353341   377   696 D AudioALSAHardware: GetAudioCommonData(), par1=0x103, len=14240
01-10 14:12:11.353399   377   696 D AudioALSAHardware: GetAudioEncodedBuffer(), before encode (), sz_in(14244), sz_out(18992)
01-10 14:12:11.353550   377   696 D AudioALSAHardware: GetAudioEncodedBuffer(), after encode (AAAAAP8SAAAAEBIAAAAEEgAAAAAQAAAAAA0AAAAACgAAAAAHAAAAAAQAAAAAAAAAAAAAAAAAAAAAAAAAAAAAAAAAAAAAAAAAAAAAAAAAAAAAAAAA/wAGAABsAAYAAGAABgAAVAAGAABIAAYAADwABgAAMAAGAAAkAAYAAAAAAAAAAAAAAAAAAAAAAAAAAAAAAAAAAAAAAAAAAAAAAAAAAAAAAAD/AAAACVgAAAAJTAAAAAlAAAAACTQAAAAJKAAAAAkcAAAACRAAAAAJAAAAAAAAAAAAAAAAAAAAAAAAAAAAAAAAAAAAAAAAAAAAAAAAAAAAAP8ABgAAbAAGAABgAAYAAFQABgAASAAGAAA8AAYAADAABgAAJAAGAAAAAAAAAAAAAAAAAAAAAAAAAAAAAAAAAAAAAAAAAAAAAAAAAAAAAAAAAAAAAAAAAAAAAAAAAAAAAAAAAAAAAAAAAAAAAAAAAAAAAAAAAAAAAAAAAAAAAAAAAAAAAAAAAAAAAAAAAAAAAAAAAAAAAAAAAAAAAAAAAAD/AAYAAGwABgAAYAAGAABUAAYAAEgABgAAPAAGAAAwAAYAACQABgAAAAAAAAAAAAAAAAAAAAAAAAAAAAAAAAAAAAAAAAAAAAAAAAAAAAAAAP8ABgAAbAAGAABgAAYAAFQABgAASAAGAAA8AAYAADAABgAAJAAGAAAAAAAAAAAAAAAAAAAAAAAAAAAAAAAAAAAAAAAAAAAAAAAAAAAAAAAA/xIAAAAQEgAAAAQSAAAAABAAAAAADQAAAAAKAAAAAAcAAAAABAAAAAAAAAAAAAAAAAAAAAAAAAAAAAAAAAAAAAAAAAAAAAAAAAAAAAAAAAAAAAAAAAAAAAAAAAAAAAAAAAAAAAAAAAAAAAAAAAAAAAAAAAAAAAAAAAAAAAAAAAAAAAAAAAAAAAAAAAAAAAAAAAAAAAAAAAAAAAAAAAAAAAAAAAAAAAAAAAAAAAAA
01-10 14:12:11.353403   377   779 W SpeechMessengerNormal: formatShareMemoryThread(), #2 checkModemReady fail...
01-10 14:12:11.353711   377   696 D AudioALSAHardware: -getParameters(), return "GetGainTableSceneTable=AAAAAP8SAAAAEBIAAAAEEgAAAAAQAAAAAA0AAAAACgAAAAAHAAAAAAQAAAAAAAAAAAAAAAAAAAAAAAAAAAAAAAAAAAAAAAAAAAAAAAAAAAAAAAAA/wAGAABsAAYAAGAABgAAVAAGAABIAAYAADwABgAAMAAGAAAkAAYAAAAAAAAAAAAAAAAAAAAAAAAAAAAAAAAAAAAAAAAAAAAAAAAAAAAAAAD/AAAACVgAAAAJTAAAAAlAAAAACTQAAAAJKAAAAAkcAAAACRAAAAAJAAAAAAAAAAAAAAAAAAAAAAAAAAAAAAAAAAAAAAAAAAAAAAAAAAAAAP8ABgAAbAAGAABgAAYAAFQABgAASAAGAAA8AAYAADAABgAAJAAGAAAAAAAAAAAAAAAAAAAAAAAAAAAAAAAAAAAAAAAAAAAAAAAAAAAAAAAAAAAAAAAAAAAAAAAAAAAAAAAAAAAAAAAAAAAAAAAAAAAAAAAAAAAAAAAAAAAAAAAAAAAAAAAAAAAAAAAAAAAAAAAAAAAAAAAAAAAAAAAAAAD/AAYAAGwABgAAYAAGAABUAAYAAEgABgAAPAAGAAAwAAYAACQABgAAAAAAAAAAAAAAAAAAAAAAAAAAAAAAAAAAAAAAAAAAAAAAAAAAAAAAAP8ABgAAbAAGAABgAAYAAFQABgAASAAGAAA8AAYAADAABgAAJAAGAAAAAAAAAAAAAAAAAAAAAAAAAAAAAAAAAAAAAAAAAAAAAAAAAAAAAAAA/xIAAAAQEgAAAAQSAAAAABAAAAAADQAAAAAKAAAAAAcAAAAABAAAAAAAAAAAAAAAAAAAAAAAAAAAAAAAAAAAAAAAAAAAAAAAAAAAAAAAAAAAAAAAAAAAAAAAAAAAAAAAAAAAAAAAAAAAAAAAAAAAAAAAAAAAAAAAAAAAAAAAAAAAAAAAAAAAAAAAAAAAAAAAAAAAAAAAAAAAAAAAAAAAAAAAAAAAAA
01-10 14:12:11.354479   377   696 D AudioALSAHardware: +getParameters(), key = GetGainTableNonSceneTable
01-10 14:12:11.354620   377   696 D AudioALSAHardware: GetAudioData(), par1 = 0x104, len = 12064
01-10 14:12:11.354651   377   696 D AudioALSAHardware: GetAudioCommonData(), par1=0x104, len=12064
01-10 14:12:11.354695   377   696 D AudioALSAHardware: GetAudioEncodedBuffer(), before encode (), sz_in(12068), sz_out(16092)
01-10 14:12:11.354843   377   696 D AudioALSAHardware: GetAudioEncodedBuffer(), after encode (AAAAAP8SAAAAKBIAAAAcEgAAABASAAAABBIAAAAAEAAAAAAMAAAAAAYAAAAAAAAAAAAAAAAAAAAAAAAAAAAAAAAAAAAAAAAAAAAAAAAAAAAAAAAA/wAGAABsAAYAAGAABgAAVAAGAABIAAYAADwABgAAMAAGAAAkAAYAAAAAAAAAAAAAAAAAAAAAAAAAAAAAAAAAAAAAAAAAAAAAAAAAAAAAAAD/AAAACVwAAAAJTAAAAAk8AAAACSwAAAAJHAAAAAkMAAAACQAAAAAJAAAAAAAAAAAAAAAAAAAAAAAAAAAAAAAAAAAAAAAAAAAAAAAAAAAAAP8ABgAAbAAGAABgAAYAAFQABgAASAAGAAA8AAYAADAABgAAJAAGAAAAAAAAAAAAAAAAAAAAAAAAAAAAAAAAAAAAAAAAAAAAAAAAAAAAAAAAAAAAAAAAAAAAAAAAAAAAAAAAAAAAAAAAAAAAAAAAAAAAAAAAAAAAAAAAAAAAAAAAAAAAAAAAAAAAAAAAAAAAAAAAAAAAAAAAAAAAAAAAAAD/AAYAAGwABgAAYAAGAABUAAYAAEgABgAAPAAGAAAwAAYAACQABgAAAAAAAAAAAAAAAAAAAAAAAAAAAAAAAAAAAAAAAAAAAAAAAAAAAAAAAP8ABgAAbAAGAABgAAYAAFQABgAASAAGAAA8AAYAADAABgAAJAAGAAAAAAAAAAAAAAAAAAAAAAAAAAAAAAAAAAAAAAAAAAAAAAAAAAAAAAAA/xIAAAAoEgAAABwSAAAAEBIAAAAEEgAAAAAQAAAAAAwAAAAABgAAAAAAAAAAAAAAAAAAAAAAAAAAAAAAAAAAAAAAAAAAAAAAAAAAAAAAAAAAAAAAAAAAAAAAAAAAAAAAAAAAAAAAAAAAAAAAAAAAAAAAAAAAAAAAAAAAAAAAAAAAAAAAAAAAAAAAAAAAAAAAAAAAAAAAAAAAAAAAAAAAAP8ABgAAXAAGAABMAAYA
01-10 14:12:11.354958   377   696 D AudioALSAHardware: -getParameters(), return "GetGainTableNonSceneTable=AAAAAP8SAAAAKBIAAAAcEgAAABASAAAABBIAAAAAEAAAAAAMAAAAAAYAAAAAAAAAAAAAAAAAAAAAAAAAAAAAAAAAAAAAAAAAAAAAAAAAAAAAAAAA/wAGAABsAAYAAGAABgAAVAAGAABIAAYAADwABgAAMAAGAAAkAAYAAAAAAAAAAAAAAAAAAAAAAAAAAAAAAAAAAAAAAAAAAAAAAAAAAAAAAAD/AAAACVwAAAAJTAAAAAk8AAAACSwAAAAJHAAAAAkMAAAACQAAAAAJAAAAAAAAAAAAAAAAAAAAAAAAAAAAAAAAAAAAAAAAAAAAAAAAAAAAAP8ABgAAbAAGAABgAAYAAFQABgAASAAGAAA8AAYAADAABgAAJAAGAAAAAAAAAAAAAAAAAAAAAAAAAAAAAAAAAAAAAAAAAAAAAAAAAAAAAAAAAAAAAAAAAAAAAAAAAAAAAAAAAAAAAAAAAAAAAAAAAAAAAAAAAAAAAAAAAAAAAAAAAAAAAAAAAAAAAAAAAAAAAAAAAAAAAAAAAAAAAAAAAAD/AAYAAGwABgAAYAAGAABUAAYAAEgABgAAPAAGAAAwAAYAACQABgAAAAAAAAAAAAAAAAAAAAAAAAAAAAAAAAAAAAAAAAAAAAAAAAAAAAAAAP8ABgAAbAAGAABgAAYAAFQABgAASAAGAAA8AAYAADAABgAAJAAGAAAAAAAAAAAAAAAAAAAAAAAAAAAAAAAAAAAAAAAAAAAAAAAAAAAAAAAA/xIAAAAoEgAAABwSAAAAEBIAAAAEEgAAAAAQAAAAAAwAAAAABgAAAAAAAAAAAAAAAAAAAAAAAAAAAAAAAAAAAAAAAAAAAAAAAAAAAAAAAAAAAAAAAAAAAAAAAAAAAAAAAAAAAAAAAAAAAAAAAAAAAAAAAAAAAAAAAAAAAAAAAAAAAAAAAAAAAAAAAAAAAAAAAAAAAAAAAAAAAAAAAAAAAP8ABgA
01-10 14:12:11.355643   524   524 D AudioPolicyManagerCustomImpl: getGainTable, mGainTableSceneCount 1
01-10 14:12:11.356149   377   696 D AudioALSAHardware: +getParameters(), key = GetGainTableCurrentSceneIndex
01-10 14:12:11.356256   377   696 D AudioMTKGainController: getCurrentSceneIndex(), mSceneIndex = 0
01-10 14:12:11.356339   377   696 D AudioALSAHardware: getParameters(), GetGainTableCurrentSceneIndex, currentSceneIndex = 0
01-10 14:12:11.356404   377   696 D AudioALSAHardware: -getParameters(), return "GetGainTableCurrentSceneIndex=0"
01-10 14:12:11.356628   524   524 D AudioPolicyManagerCustomImpl: Using scene [0]/[1]
01-10 14:12:11.356785   524   700 D AudioSystem: +setParameters(): mono_output=0 
01-10 14:12:11.357000   524   524 W AudioFlinger: moveEffects() bad srcOutput 0
01-10 14:12:11.360405   484   501 D skia    : SkJpegCodec::onGetPixels + (720, 1280)
01-10 14:12:11.362275   563   578 D PQ      : ccorr table index=0
01-10 14:12:11.362357   563   578 D PQTransition: onTransition: TRS: Mode2 (38)
01-10 14:12:11.362489   563   578 D PQTransition: CheckIfFinished: TRS: CheckIfFinished(EN=1)
01-10 14:12:11.362558   563   578 D PQ      : [PQ_SERVICE] setPQParamWithFilter configFlag: 2
01-10 14:12:11.370330   524   798 D AudioParamParser-sys: getDebugLevel(), debug level = -1
01-10 14:12:11.374891   548   548 I mtkcam-devicemgr: [initialize] +
01-10 14:12:11.380464   548   548 I mtkcam-module: [ModuleStore] ctor
01-10 14:12:11.380611   548   548 I mtkcam-module: [dump_module] [registered] module_id:0x0x1 module_factory:0xedd6c2cd register_name:vendor/mediatek/proprietary/hardware/mtkcam/main/core/module/drv/register_HalSensor.cpp
01-10 14:12:11.380629   548   548 I mtkcam-module: [dump_module] [registered] module_id:0x0x2 module_factory:0xedd6e565 register_name:vendor/mediatek/proprietary/hardware/mtkcam/main/core/module/drv/register_HwSyncDrv.cpp
01-10 14:12:11.380645   548   548 I mtkcam-module: [dump_module] [registered] module_id:0x0x3 module_factory:0xed53a8b1 register_name:vendor/mediatek/proprietary/hardware/mtkcam/main/core/module/drv/register_iopipe_CamIO_NormalPipe.cpp
01-10 14:12:11.380659   548   548 I mtkcam-module: [ShowLoading] loading (MODULE_GROUP_ID:0 MODULE_GROUP_COUNT:4 ...
01-10 14:12:11.380866   548   548 I mtkcam-module: [load] MtkCam_getModuleFactory_drv(0xec630e89) @ libmtkcam_modulefactory_drv.so
01-10 14:12:11.380954   548   548 D SeninfDrvImp: [SeninfDrvImp][SeninfDrvImp] 
01-10 14:12:11.381021   548   548 D SeninfDrvImp: [init][init]: Entry count 0 
01-10 14:12:11.381147   563   578 D PQ      : ccorr table index=0
01-10 14:12:11.381215   563   578 D PQTransition: onTransition: TRS: Mode2 (39)
01-10 14:12:11.381294   563   578 D PQTransition: CheckIfFinished: TRS: CheckIfFinished(EN=1)
01-10 14:12:11.381375   563   578 D PQ      : [PQ_SERVICE] setPQParamWithFilter configFlag: 2
01-10 14:12:11.381416   484   501 D skia    : SkJpegCodec::onGetPixels -
01-10 14:12:11.387304   548   548 D SeninfDrvImp: [init]Efuse Data:0x11f1018c= 0x8c631940, 0x11f10190= 0x7c208364, 0x11f101bc= 0x80000000
01-10 14:12:11.387479   548   548 D SeninfDrvImp: [init][init]: Exit count 1 
01-10 14:12:11.387586   548   548 D SeninfDrvImp: [setMclk1IODrivingCurrent]DrivingIdx(3), Reg(0x30000000)
01-10 14:12:11.387615   548   548 D SeninfDrvImp: [setMclk2IODrivingCurrent]DrivingIdx(3), Reg(0x00000003)
01-10 14:12:11.387707   548   548 D SeninfDrvImp: [setMclk1][setTg1Phase]pcEn(1), clkPol(0), mMclk1User(1), TimestampClk(0)
01-10 14:12:11.387759   548   548 D SeninfDrvImp: [setMclk1][setTg1Phase]pcEn(1), clkPol(0), mMclk1User(1), TimestampClk(0), SENINF_TG1_PH_CNT(0x80000001)
01-10 14:12:11.395542   548   548 D SeninfDrvImp: [setMclk2][setTg2Phase]pcEn(1), clkPol(0), mMclk2User(1), TimestampClk(0), SENINF_TG2_PH_CNT(0x0)
01-10 14:12:11.395836   548   548 D ImgSensorDrv: [init][init] imgsensor_drv 1
01-10 14:12:11.395927   548   548 D ImgSensorDrv: [searchSensor]SENSOR search start 
01-10 14:12:11.400218   523   562 D AAL     : 01-10 02:12:11.324 BL= 917,ESS= 256, 01-10 02:12:11.343 BL= 916,ESS= 256, 01-10 02:12:11.362 BL= 915,ESS= 256, 01-10 02:12:11.381 BL= 916,ESS= 256, 01-10 02:12:11.400 BL= 917,ESS= 256, 
01-10 14:12:11.400463   563   578 D PQ      : ccorr table index=0
01-10 14:12:11.400521   563   578 D PQTransition: onTransition: TRS: Mode2 (40)
01-10 14:12:11.400605   563   578 D PQTransition: CheckIfFinished: TRS: CheckIfFinished(EN=1)
01-10 14:12:11.400677   563   578 D PQ      : [PQ_SERVICE] setPQParamWithFilter configFlag: 2
01-10 14:12:11.402368   484   501 D skia    : SkJpegCodec::onGetPixels + (720, 1280)
01-10 14:12:11.414105   621   621 D HWUIExtension: 16 Program id 19, key 0x0002080000d00041, offset 110040, binaryLength 12592 within 63005ns
01-10 14:12:11.419204   563   578 D PQ      : ccorr table index=0
01-10 14:12:11.419301   563   578 D PQTransition: onTransition: TRS: Mode2 (41)
01-10 14:12:11.419372   563   578 D PQTransition: CheckIfFinished: TRS: CheckIfFinished(EN=1)
01-10 14:12:11.419493   563   578 D PQ      : [PQ_SERVICE] setPQParamWithFilter configFlag: 2
01-10 14:12:11.422325   548   548 D ImgSensorDrv: [searchSensor]set sensor driver id =1
01-10 14:12:11.422407   548   548 D ImgSensorDrv: [searchSensor]found <0x30c8/s5k3l8_mipi_raw/SENSOR_DRVNAME_S5K3L8_MIPI_RAW>
01-10 14:12:11.422553   548   548 D ImgSensorDrv: [getInfo2]prv w=0x838,h=0x618
01-10 14:12:11.422581   548   548 D ImgSensorDrv: [getInfo2]cap w=0x1070,h=0xc30
01-10 14:12:11.422592   548   548 D ImgSensorDrv: [getInfo2]vd  w=0x1070,h=0xc30
01-10 14:12:11.422603   548   548 D ImgSensorDrv: [getInfo2]pre GrapX=0x0,GrapY=0x0
01-10 14:12:11.428441   484   501 D skia    : SkJpegCodec::onGetPixels -
01-10 14:12:11.430564   377   781 D SpeechDriverNormal: processModemControlMessage(), MD Alive, id: 0xafa0, param16: 0x0, param32: 0x0
01-10 14:12:11.430720   548   548 W MtkCam/HalSensorList: [impConstructStaticMetadata_by_SymbolName] constructCustStaticMetadata_DEVICE_SCALER_SENSOR_DRVNAME_S5K3L8_MIPI_RAW not found
01-10 14:12:11.431435   548   548 W MtkCam/HalSensorList: [impConstructStaticMetadata_by_SymbolName] constructCustStaticMetadata_DEVICE_SCALER_COMMON not found
01-10 14:12:11.432132   548   548 W MtkCam/HalSensorList: [impConstructStaticMetadata_by_SymbolName] constructCustStaticMetadata_DEVICE_FEATURE_SENSOR_DRVNAME_S5K3L8_MIPI_RAW not found
01-10 14:12:11.432835   521   521 D Zygote  : begin preload
01-10 14:12:11.432899   548   548 W MtkCam/HalSensorList: [impConstructStaticMetadata_by_SymbolName] constructCustStaticMetadata_DEVICE_FEATURE_COMMON not found
01-10 14:12:11.433094   521   521 I Zygote  : Installing ICU cache reference pinning...
01-10 14:12:11.433139   521   521 I Zygote  : Preloading ICU data...
01-10 14:12:11.434221   403   403 D ccci_mdinit: (1):set md status:mtk.md1.status=ready 
01-10 14:12:11.435092   548   548 W MtkCam/HalSensorList: [impConstructStaticMetadata_by_SymbolName] constructCustStaticMetadata_DEVICE_REQUEST_SENSOR_DRVNAME_S5K3L8_MIPI_RAW not found
01-10 14:12:11.435676   377   781 D SpeechDriverNormal: sendSpeechMessageToModem(), send msg done, id: 0x2fa0, param16: 0x0, param32: 0x0
01-10 14:12:11.435827   548   548 W MtkCam/HalSensorList: [impConstructStaticMetadata_by_SymbolName] constructCustStaticMetadata_DEVICE_REQUEST_COMMON not found
01-10 14:12:11.436437   548   548 W MtkCam/HalSensorList: [impConstructStaticMetadata_by_SymbolName] constructCustStaticMetadata_PROJECT_LENS_SENSOR_DRVNAME_S5K3L8_MIPI_RAW not found
01-10 14:12:11.437083   548   548 W MtkCam/HalSensorList: [impConstructStaticMetadata_by_SymbolName] constructCustStaticMetadata_PROJECT_LENS_COMMON not found
01-10 14:12:11.437705   548   548 W MtkCam/HalSensorList: [impConstructStaticMetadata_by_SymbolName] constructCustStaticMetadata_PROJECT_SENSOR_SENSOR_DRVNAME_S5K3L8_MIPI_RAW not found
01-10 14:12:11.437789   563   578 D PQ      : ccorr table index=0
01-10 14:12:11.437862   563   578 D PQTransition: onTransition: TRS: Mode2 (42)
01-10 14:12:11.437937   563   578 D PQTransition: CheckIfFinished: TRS: CheckIfFinished(EN=1)
01-10 14:12:11.438007   563   578 D PQ      : [PQ_SERVICE] setPQParamWithFilter configFlag: 2
01-10 14:12:11.438321   548   548 W MtkCam/HalSensorList: [impConstructStaticMetadata_by_SymbolName] constructCustStaticMetadata_PROJECT_SENSOR_COMMON not found
01-10 14:12:11.438446   403   403 D ccci_mdinit: (1):start all ccci up layer services
01-10 14:12:11.438547   403   403 I ccci_mdinit: (1):start_service init.svc.emdlogger1, but returned 0, maybe has no this property
01-10 14:12:11.438814   548   548 W MtkCam/HalSensorList: [impConstructStaticMetadata_by_SymbolName] constructCustStaticMetadata_PROJECT_TUNING_3A_SENSOR_DRVNAME_S5K3L8_MIPI_RAW not found
01-10 14:12:11.439306   548   548 W MtkCam/HalSensorList: [impConstructStaticMetadata_by_SymbolName] constructCustStaticMetadata_PROJECT_TUNING_3A_COMMON not found
01-10 14:12:11.440010   548   548 W MtkCam/HalSensorList: [impConstructStaticMetadata_by_SymbolName] constructCustStaticMetadata_PROJECT_FLASHLIGHT_SENSOR_DRVNAME_S5K3L8_MIPI_RAW not found
01-10 14:12:11.440575   548   548 W MtkCam/HalSensorList: [impConstructStaticMetadata_by_SymbolName] constructCustStaticMetadata_PROJECT_FLASHLIGHT_COMMON not found
01-10 14:12:11.441074   548   548 W MtkCam/HalSensorList: [impConstructStaticMetadata_by_SymbolName] constructCustStaticMetadata_PROJECT_SCALER_SENSOR_DRVNAME_S5K3L8_MIPI_RAW not found
01-10 14:12:11.441680   548   548 W MtkCam/HalSensorList: [impConstructStaticMetadata_by_SymbolName] constructCustStaticMetadata_PROJECT_SCALER_COMMON not found
01-10 14:12:11.442214   548   548 W MtkCam/HalSensorList: [impConstructStaticMetadata_by_SymbolName] constructCustStaticMetadata_PROJECT_FEATURE_SENSOR_DRVNAME_S5K3L8_MIPI_RAW not found
01-10 14:12:11.442780   548   548 W MtkCam/HalSensorList: [impConstructStaticMetadata_by_SymbolName] constructCustStaticMetadata_PROJECT_FEATURE_COMMON not found
01-10 14:12:11.443485   548   548 W MtkCam/HalSensorList: [impConstructStaticMetadata_by_SymbolName] constructCustStaticMetadata_PROJECT_CAMERA_SENSOR_DRVNAME_S5K3L8_MIPI_RAW not found
01-10 14:12:11.444264   548   548 W MtkCam/HalSensorList: [impConstructStaticMetadata_by_SymbolName] constructCustStaticMetadata_PROJECT_CAMERA_COMMON not found
01-10 14:12:11.444975   548   548 W MtkCam/HalSensorList: [impConstructStaticMetadata_by_SymbolName] constructCustStaticMetadata_PROJECT_REQUEST_SENSOR_DRVNAME_S5K3L8_MIPI_RAW not found
01-10 14:12:11.446319   548   548 W MtkCam/HalSensorList: [impConstructStaticMetadata_by_SymbolName] constructCustStaticMetadata_PROJECT_REQUEST_COMMON not found
01-10 14:12:11.446765   548   548 D ImgSensorDrv: [searchSensor]SENSOR search start 
01-10 14:12:11.449146   484   501 D skia    : SkJpegCodec::onGetPixels + (720, 1280)
01-10 14:12:11.456667   403   403 I ccci_mdinit: (1):wait_for_property:success(init.svc.emdlogger1=running), loop:0
01-10 14:12:11.456789   403   403 D ccci_mdinit: (1):Current muxd: gsm0710muxd, rild:ril-daemon-mtk
01-10 14:12:11.456920   403   403 D ccci_mdinit: (1):system boot Mode: 48
01-10 14:12:11.456988   403   403 I ccci_mdinit: (1):start_service init.svc.gsm0710muxd, but returned 0, maybe has no this property
01-10 14:12:11.457177   563   578 D PQ      : ccorr table index=0
01-10 14:12:11.457251   563   578 D PQTransition: onTransition: TRS: Mode2 (43)
01-10 14:12:11.457284   563   578 D PQTransition: CheckIfFinished: TRS: CheckIfFinished(EN=1)
01-10 14:12:11.457398   563   578 D PQ      : [PQ_SERVICE] setPQParamWithFilter configFlag: 2
01-10 14:12:11.458381   524   798 E AudioParamParser-sys: audioTypeLoadParamUnitHash(), No paramUnit element found!
01-10 14:12:11.469334   484   501 D skia    : SkJpegCodec::onGetPixels -
01-10 14:12:11.471854   377   779 D SpeechMessengerNormal: formatShareMemory(), mShareMemory: 0xec2fe000, ap_flag: 0x1, md_flag: 0x1, struct_checksum: 124
01-10 14:12:11.471976   377   779 D SpeechMessengerNormal: formatShareMemory(), [sph_param] offset: 128, size: 12288, [ap_data] offset: 12416, size: 8192, [md_data] offset: 20608, size: 32608
01-10 14:12:11.471997   377   779 D SpeechMessengerNormal: formatShareMemoryThread(), terminated
01-10 14:12:11.475615   563   578 D PQ      : ccorr table index=0
01-10 14:12:11.475765   563   578 D PQTransition: onTransition: TRS: Mode2 (44)
01-10 14:12:11.475821   563   578 D PQTransition: CheckIfFinished: TRS: CheckIfFinished(EN=1)
01-10 14:12:11.475992   563   578 D PQ      : [PQ_SERVICE] setPQParamWithFilter configFlag: 2
01-10 14:12:11.481055   403   403 I ccci_mdinit: (1):wait_for_property:success(init.svc.gsm0710muxd=running), loop:600
01-10 14:12:11.481144   403   403 D ccci_mdinit: (1):modem boot ready and deamon begin to run!
01-10 14:12:11.481176   403   403 D ccci_mdinit: (1):MD is release version
01-10 14:12:11.490499   484   501 D skia    : SkJpegCodec::onGetPixels + (720, 1280)
01-10 14:12:11.493623   377   696 D vndksupport: Loading /vendor/lib/hw/audio.primary.mt6763.so from current namespace instead of sphal namespace.
01-10 14:12:11.494326   377   696 D mtk_audio_hw_hal: gAudioHALRefCountByClient + 2
01-10 14:12:11.494416   563   578 D PQ      : ccorr table index=0
01-10 14:12:11.494509   563   578 D PQTransition: onTransition: TRS: Mode2 (45)
01-10 14:12:11.494546   563   578 D PQTransition: CheckIfFinished: TRS: CheckIfFinished(EN=1)
01-10 14:12:11.494622   563   578 D PQ      : [PQ_SERVICE] setPQParamWithFilter configFlag: 2
01-10 14:12:11.494639   523   562 D AAL     : 01-10 02:12:11.419 BL= 918,ESS= 256, 01-10 02:12:11.437 BL= 919,ESS= 256, 01-10 02:12:11.457 BL= 920,ESS= 256, 01-10 02:12:11.475 BL= 921,ESS= 256, 01-10 02:12:11.494 BL= 922,ESS= 256, 
01-10 14:12:11.495569   377   696 D AudioALSAHardware: setAudioParameterChangedCallback(), add callback = 0x0xeb4a71c9, cookie = 0x0xead91230, callback size = 0->1
01-10 14:12:11.495992   524   798 D NVRAM   : audioComFltCustParamInit - callbackAudioCompFltCustParamXmlChanged
01-10 14:12:11.496066   524   798 D AudioFlinger_Threads: threadLoop, MtkAudioLoud::initParser()-
01-10 14:12:11.496448   377   696 D AudioALSAHardware: +routing createAudioPatch Mixer->2
01-10 14:12:11.496532   377   696 D AudioALSAStreamManager: +setParameters(), IOport = 13, keyValuePairs = routing=2
01-10 14:12:11.496688   377   696 D         : -updateDeviceInfoForVoiceWakeUp(), mIsUseHeadsetMic = 0, bIsUseHeadsetMic = 0
01-10 14:12:11.496728   377   696 W AudioALSAStreamManager: routingOutputDevice(), flag: 6, mPhoneCallSpeechOpen = 0, output_devices == current_output_devices(0x2), return
01-10 14:12:11.497382   377   696 D AudioALSAStreamOut: standby(), flag 6
01-10 14:12:11.497493   377   696 D AudioALSAStreamOut: standbyStreamOut(), flag 6
01-10 14:12:11.497978   524   798 W AudioFlinger_Threads: no wake lock to update, system not ready yet
01-10 14:12:11.499633   377   696 D AudioALSAHardware: +getParameters(), key = GetSpeakerProtection
01-10 14:12:11.499833   377   696 D AudioALSAHardware: -getParameters(), return "GetSpeakerProtection=0"
01-10 14:12:11.500117   524   524 D AudioPolicyManagerCustomImpl: Not support GetSpeakerProtection
01-10 14:12:11.500264   524   524 I AudioFlinger: openOutput() this 0xea63e000, module 10 Device 2, SamplingRate 48000, Format 0x000003, Channels 3, flags 8
01-10 14:12:11.500472   377   696 D AudioALSAStreamManager: +openOutputStream()
01-10 14:12:11.500581   377   696 D AudioALSAStreamManager: openOutputStream(), devices = 0x2, format = 0x3, channels = 0x3, sampleRate = 48000, status = 0x15
01-10 14:12:11.500610   377   696 D AudioALSAStreamOut: AudioALSAStreamOut()
01-10 14:12:11.500673   377   696 D AudioALSAStreamOut: set(), devices = 0x2, format = 0x3, channels = 0x3, sampleRate = 48000, flags = 0x8
01-10 14:12:11.500704   377   696 D AudioALSASampleRateController: +setPrimaryStreamOutSampleRate(), mPrimaryStreamOutSampleRate: 48000 => 48000
01-10 14:12:11.500754   377   696 W AudioALSASampleRateController: -setPrimaryStreamOutSampleRate(), sample_rate == mPrimaryStreamOutSampleRate, return
01-10 14:12:11.500796   377   696 D AudioALSAStreamOut: reduce hal buffer size 40960 -> 16384
01-10 14:12:11.500840   377   696 D AudioALSAStreamOut: set(), mStreamAttributeSource.latency 128, mStreamAttributeSource.buffer_size =16384, channels 2.
01-10 14:12:11.500879   377   696 D NVRAM   : getPlaybackPostProcessParameterFromXML Type/Name [0]/[PlaybackACF]
01-10 14:12:11.500961   377   696 D NVRAM   : bes_loudness_L_hpf_fc = 300
01-10 14:12:11.500978   377   696 D NVRAM   : bes_loudness_L_hpf_order = 2
01-10 14:12:11.501003   377   696 D NVRAM   : bes_loudness_L_lpf_fc = 10000
01-10 14:12:11.501031   377   696 D NVRAM   : bes_loudness_L_lpf_order = 1
01-10 14:12:11.501051   377   696 D NVRAM   : bes_loudness_R_hpf_fc = 0
01-10 14:12:11.501065   377   696 D NVRAM   : bes_loudness_R_hpf_order = 0
01-10 14:12:11.501078   377   696 D NVRAM   : bes_loudness_R_lpf_fc = 0
01-10 14:12:11.501092   377   696 D NVRAM   : bes_loudness_R_lpf_order = 0
01-10 14:12:11.501109   377   696 D NVRAM   : bes_loudness_Sep_LR_Filter = 0
01-10 14:12:11.501123   377   696 D NVRAM   : bes_loudness_WS_Gain_Max = 0
01-10 14:12:11.501142   377   696 D NVRAM   : bes_loudness_WS_Gain_Min = 0
01-10 14:12:11.501156   377   696 D NVRAM   : bes_loudness_Filter_First = 0
01-10 14:12:11.501170   377   696 D NVRAM   : bes_loudness_Num_Bands = 0
01-10 14:12:11.501183   377   696 D NVRAM   : bes_loudness_Flt_Bank_Order = 0
01-10 14:12:11.501202   377   696 D NVRAM   : DRC_Delay = 0
01-10 14:12:11.501218   377   696 D NVRAM   : Lim_Th = 0
01-10 14:12:11.501228   377   696 D NVRAM   : Lim_Gn = 0
01-10 14:12:11.501239   377   696 D NVRAM   : Lim_Const = 0
01-10 14:12:11.501250   377   696 D NVRAM   : Lim_Delay = 0
01-10 14:12:11.501261   377   696 D NVRAM   : SWIPRev = 0x520
01-10 14:12:11.501277   377   696 D NVRAM   : getPlaybackPostProcessParameterFromXML Parameter 0 returnValue 0
01-10 14:12:11.501319   377   696 D MtkAudioLoud: mIsZeroCoeff 0 mFilterType 0
01-10 14:12:11.501389   377   696 D AudioMTKFilterManager: +Init AudioMTKFilter_VibSpkAddTone
01-10 14:12:11.501442   377   696 D AudioMTKFilterManager: sampleRate [48000] channel [2] format [0x3] bufferSize [16384]
01-10 14:12:11.501466   377   696 D AudioMTKFilterManager: -Init AudioMTKFilter_VibSpkAddTone
01-10 14:12:11.501480   377   696 D AudioVIBSPKControl: getInstance()
01-10 14:12:11.501529   377   696 D AudioFtm: GetVibSpkCalibrationStatus()
01-10 14:12:11.501691   377   696 D NVRAM   : NVM_GetFileDesc: Open /vendor/nvdata/media/VibSpk_CompFlt,LID:68
01-10 14:12:11.501774   377   696 D NVRAM   : NVM_CmpFileVerNo 68  
01-10 14:12:11.501849   377   696 D NVRAM   : Load File Version: 001, NvRam File Version: 001
01-10 14:12:11.501878   377   696 D NVRAM   : NVM_ProtectDataFile : 68 ++
01-10 14:12:11.501893   377   696 D NVRAM   : iCustomBeginLID = 51
01-10 14:12:11.501925   377   696 D NVRAM   : NVM_CheckFileSize:stat_size:1262,size in table:1260
01-10 14:12:11.505527   377   696 D NVRAM   : NVM_CheckFile: File is correct!
01-10 14:12:11.505608   377   696 D NVRAM   : NVM_ProtectUserData:Check Success
01-10 14:12:11.505629   377   696 D NVRAM   : NVM_GetFileDesc ProtectDataFile Check Success!!
01-10 14:12:11.506948   805   805 I [BIP]   :  [BIP TASK] Init start (0)
01-10 14:12:11.507171   805   805 I [BIP]   :  [BIP KAL TIMER] timer init
01-10 14:12:11.507210   805   805 I [BIP]   :  [BIP KAL MSG] msg init, int_num = (20), ext_num = (20), name = (BIP)
01-10 14:12:11.507268   805   805 I [BIP]   :  [BIP TASK] Init end (0)
01-10 14:12:11.507282   805   805 I [BIP]   :  [BIP TASK] Init start (1)
01-10 14:12:11.508512   805   805 I [BIP]   :  [BIP AGENT] can open port, FD = (5)
01-10 14:12:11.508586   805   805 I [BIP]   :  [BIP AGENT] request INFO: ap_seq = 0, address is (0xb4c97100)
01-10 14:12:11.508608   805   805 I [BIP]   :  [BIP AGENT] add header data in current buffer queue: ap_seq = (0), pkt_type = (0xffff0000), data_len = (0)
01-10 14:12:11.508630   805   805 I [BIP]   :  [BIP AGENT] the enqueue info. : need_to_write = (1), num_push = (1), num_pop = (0)
01-10 14:12:11.508646   805   805 I [BIP]   :  [BIP AGENT] start handshake!
01-10 14:12:11.508696   805   805 I [BIP]   :  [BIP AGENT] can write data now, FD = (5), write length = (12)
01-10 14:12:11.508724   805   805 I [BIP]   :  [BIP AGENT] the dequeue info. : ap_seq = (0), push_time = (27027337), pop_time = (27027424), num_push = (1), num_pop = (1)
01-10 14:12:11.509057   377   696 D NVRAM   : NVM_CloseFileDesc: Open by Readonly, no need to check when close
01-10 14:12:11.509119   805   805 I [BIP]   :  [BIP AGENT] can read data now, FD = (5), read length = (26)
01-10 14:12:11.509150   805   805 I [BIP]   :  [BIP AGENT]  1  0 ff ff     4B:pkt_type
01-10 14:12:11.509162   805   805 I [BIP]   :  [BIP AGENT]  0  0  0  0     4B:pkt_num
01-10 14:12:11.509173   805   805 I [BIP]   :  [BIP AGENT]  e  0  0  0     4B:pkt_data_len
01-10 14:12:11.509114   377   696 D AudioMTKFilterManager: VibSpkReadFrequency:9c
01-10 14:12:11.509185   805   805 I [BIP]   :  [BIP AGENT]  0  0  0  0   2B2B:(src_mod, dest_mod)
01-10 14:12:11.509197   805   805 I [BIP]   :  [BIP AGENT]  0  0  0  0   2B2B:(sap_id, msg_id)
01-10 14:12:11.509209   805   805 I [BIP]   :  [BIP AGENT] dc  5  c  0 1B1B2B:(ref_count, lp_reserved, msg_len)
01-10 14:12:11.509192   377   696 D AudioVIBSPKControl: setParameters:bb80 9c f 5
01-10 14:12:11.509221   805   805 I [BIP]   :  [BIP AGENT] 8e  5 3a 73   1B1B:(sim_id, bip_channel_id)
01-10 14:12:11.509239   805   805 I [BIP]   :  [BIP AGENT] 30  0  0  0     4B:bip_info pointer
01-10 14:12:11.509255   805   805 I [BIP]   :  [BIP AGENT] MD W/R buffer size = (1500)
01-10 14:12:11.509246   377   696 D MtkAudioBitConverter: +open(), format 0, CH 2, SR 48000
01-10 14:12:11.509268   805   805 I [BIP]   :  [BIP AGENT] end handshake!
01-10 14:12:11.509425   377   696 D NVRAM   : NVM_GetFileDesc: Open /vendor/nvdata/media/VibSpk_CompFlt,LID:68
01-10 14:12:11.509489   377   696 D NVRAM   : NVM_CmpFileVerNo 68  
01-10 14:12:11.509518   805   805 I [BIP]   :  [BIP TASK] Init end (1)
01-10 14:12:11.509534   805   805 I [BIP]   :  [BIP TASK] Init start (2)
01-10 14:12:11.509564   805   805 I [BIP]   :  [BIP KAL TIMER] create timer info, timer[(0)] = (0xb4cc215c), timer id = (0xb4cc215c), inuse = (0), name = (BIP_NET_DATA)
01-10 14:12:11.509564   377   696 D NVRAM   : Load File Version: 001, NvRam File Version: 001
01-10 14:12:11.509583   377   696 D NVRAM   : NVM_ProtectDataFile : 68 ++
01-10 14:12:11.509597   377   696 D NVRAM   : iCustomBeginLID = 51
01-10 14:12:11.509627   377   696 D NVRAM   : NVM_CheckFileSize:stat_size:1262,size in table:1260
01-10 14:12:11.509772   805   805 I [BIP]   :  [BIP WIFI] Init end
01-10 14:12:11.509796   805   805 I [BIP]   :  [BIP TASK] Init end (2)
01-10 14:12:11.509808   805   805 I [BIP]   :  [BIP TASK] Init start (3)
01-10 14:12:11.509831   805   805 I [BIP]   :  [BIP KAL TIMER] create timer info, timer[(1)] = (0xb4cc21ac), timer id = (0xb4cc21ac), inuse = (0), name = (BIP_UICC_SERVER_DATA)
01-10 14:12:11.510000   805   805 I [BIP]   :  [BIP UICC SERVER] init done
01-10 14:12:11.510020   805   805 I [BIP]   :  [BIP TASK] Init end (3)
01-10 14:12:11.510031   805   805 I [BIP]   :  [BIP TASK] Init start (4)
01-10 14:12:11.510184   805   805 I [BIP]   :  [BIP NL] init the link status of interface wlan0
01-10 14:12:11.510210   805   805 I [BIP]   :  [BIP NL] construct nl msg address ec495560
01-10 14:12:11.510693   805   805 I [BIP]   :  [BIP NL] destroy nl msg address ec495560
01-10 14:12:11.510736   805   805 I [BIP]   :  [BIP NL] init the addr status of interface wlan0
01-10 14:12:11.510752   805   805 I [BIP]   :  [BIP NL] construct nl msg address ec495560
01-10 14:12:11.510844   805   805 I [BIP]   :  [BIP NL] destroy nl msg address ec495560
01-10 14:12:11.510870   805   805 I [BIP]   :  [BIP NL] init the route status of interface wlan0
01-10 14:12:11.510882   805   805 I [BIP]   :  [BIP NL] construct nl msg address ec495560
01-10 14:12:11.510943   805   805 I [BIP]   :  [BIP NL] IPv4: *.*.*.*
01-10 14:12:11.510968   805   805 I chatty  : uid=0(root) /vendor/bin/bip identical 2 lines
01-10 14:12:11.510982   805   805 I [BIP]   :  [BIP NL] IPv4: *.*.*.*
01-10 14:12:11.511015   805   805 I [BIP]   :  [BIP NL] IPv6: *:*:*:*:*:*:*:*
01-10 14:12:11.511030   805   805 I [BIP]   :  [BIP NL] destroy nl msg address ec495560
01-10 14:12:11.511043   805   805 I [BIP]   :  [BIP NL] init the DNS status of interface wlan0
01-10 14:12:11.511170   484   501 D skia    : SkJpegCodec::onGetPixels -
01-10 14:12:11.511299   805   805 E libc    : Access denied finding property "net.dns1"
01-10 14:12:11.511360   805   805 I [BIP]   :  [BIP NL] dns_server: dns type: 0, ipv4=*.*.*.*, ipv6=*:*:*:*:*:*:*:*
01-10 14:12:11.511673   805   805 E libc    : Access denied finding property "net.dns2"
01-10 14:12:11.511774   805   805 I [BIP]   :  [BIP NL] dns_server: dns type: 0, ipv4=*.*.*.*, ipv6=*:*:*:*:*:*:*:*
01-10 14:12:11.512035   805   805 I [BIP]   :  [BIP TASK] Init end (4)
01-10 14:12:11.512090   805   805 I [BIP]   :  [BIP KAL MSG] msg deq, type = (1)
01-10 14:12:11.512105   805   805 I [BIP]   :  [BIP KAL MSG] msg deq, type = (0)
01-10 14:12:11.512115   805   805 I [BIP]   :  [BIP KAL] BIP task suspend
01-10 14:12:11.513267   563   578 D PQ      : ccorr table index=0
01-10 14:12:11.513373   563   578 D PQTransition: onTransition: TRS: Mode2 (46)
01-10 14:12:11.513425   563   578 D PQTransition: CheckIfFinished: TRS: CheckIfFinished(EN=1)
01-10 14:12:11.513568   563   578 D PQ      : [PQ_SERVICE] setPQParamWithFilter configFlag: 2
01-10 14:12:11.514325   377   696 D NVRAM   : NVM_CheckFile: File is correct!
01-10 14:12:11.514392   377   696 D NVRAM   : NVM_ProtectUserData:Check Success
01-10 14:12:11.514412   377   696 D NVRAM   : NVM_GetFileDesc ProtectDataFile Check Success!!
01-10 14:12:11.516382   377   696 D NVRAM   : NVM_CloseFileDesc: Open by Readonly, no need to check when close
01-10 14:12:11.516460   377   696 D MtkAudioLoud: mIsZeroCoeff 0 mFilterType 3
01-10 14:12:11.516555   377   696 D AudioMTKFilterManager: mFixedParam 0
01-10 14:12:11.517084   377   696 D AudioALSAStreamManager: -openOutputStream(), out = 0xeadfe800, status = 0x0, mStreamOutVector.size() = 2
01-10 14:12:11.520474   524   524 I AudioFlinger_Threads: HAL output buffer size 2048 frames, normal sink buffer size 2048 frames
01-10 14:12:11.522132   524   700 D AudioSystem: +setParameters(): mono_output=0 
01-10 14:12:11.523582   805   813 I [BIP]   :  [BIP AGENT] start read() now, FD = (5)
01-10 14:12:11.523815   805   817 I [BIP]   :  [BIP NL] thread start
01-10 14:12:11.525444   621   621 D HWUIExtension: 17 Program id 20, key 0x0002080000900041, offset 122632, binaryLength 12848 within 111133ns
01-10 14:12:11.527204   806   806 I EMDLOGGER1: 2018-03-13 previous mask value is 077
01-10 14:12:11.527383   806   806 D EMDLOGGER1: customized_mode = 0
01-10 14:12:11.527801   806   806 I EMDLOGGER1: PROP_ENABLE_DEBUG_LOG persist.logmuch.detect.mdlogger = 0 mEnableLogPrintTooMuch = 0
01-10 14:12:11.527807   524   818 I AudioFlinger_Threads: AudioFlinger's thread 0xe9691b40 tid=818 ready to run
01-10 14:12:11.528027   524   818 W AudioFlinger_Threads: no wake lock to update, system not ready yet
01-10 14:12:11.528094   524   818 D AudioFlinger_Threads: threadLoop, MtkAudioLoud::initParser()+
01-10 14:12:11.528117   524   818 D AudioFlinger_Threads: threadLoop, MtkAudioLoud::initParser()-
01-10 14:12:11.528491   377   696 D AudioALSAHardware: +routing createAudioPatch Mixer->2
01-10 14:12:11.528624   377   696 D AudioALSAStreamManager: +setParameters(), IOport = 21, keyValuePairs = routing=2
01-10 14:12:11.528724   377   696 D         : -updateDeviceInfoForVoiceWakeUp(), mIsUseHeadsetMic = 0, bIsUseHeadsetMic = 0
01-10 14:12:11.528755   377   696 W AudioALSAStreamManager: routingOutputDevice(), flag: 8, mPhoneCallSpeechOpen = 0, output_devices == current_output_devices(0x2), return
01-10 14:12:11.529342   807   807 D VoLTE IMSM: vold.decrypt = trigger_restart_framework (module/mdagent/volte_imsm_93/src/volte_imsm.c:348)
01-10 14:12:11.529526   807   807 D VoLTE IMSM: ro.vendor.md_prop_ver = 0 version = 0
01-10 14:12:11.529526   807   807 D VoLTE IMSM:  (module/mdagent/volte_imsm_93/src/volte_imsm.c:268)
01-10 14:12:11.529755   377   800 D AudioALSAStreamOut: standby(), flag 8
01-10 14:12:11.529836   377   800 D AudioALSAStreamOut: standbyStreamOut(), flag 8
01-10 14:12:11.529863   807   807 D VoLTE IMSM: service.nvram_init = Ready (module/mdagent/volte_imsm_93/src/volte_imsm.c:277)
01-10 14:12:11.529958   807   807 D VoLTE IMSM: check_user_load, is user (module/mdagent/volte_imsm_93/src/volte_imsm.c:383)
01-10 14:12:11.529974   807   807 D VoLTE IMSM: volte_imsm (module/mdagent/volte_imsm_93/src/volte_imsm.c:97)
01-10 14:12:11.530141   807   807 D VoLTE IMSM: MSGQ_Init : msg_queue = 0xef91a000 (module/mdagent/volte_imsm_93/src/volte_imsm.c:156)
01-10 14:12:11.530212   524   818 W AudioFlinger_Threads: no wake lock to update, system not ready yet
01-10 14:12:11.530295   807   807 D VoLTE IMSM: MSGQ_Init : msg_queue = 0xef91a5a0 (module/mdagent/volte_imsm_93/src/volte_imsm.c:156)
01-10 14:12:11.530374   807   807 D VoLTE IMSM: MSGQ_Init : msg_queue = 0xef91a5c8 (module/mdagent/volte_imsm_93/src/volte_imsm.c:156)
01-10 14:12:11.530438   807   807 D VoLTE IMSM: MSGQ_Init : msg_queue = 0xef91a5f0 (module/mdagent/volte_imsm_93/src/volte_imsm.c:156)
01-10 14:12:11.530723   807   807 E VoLTE IMSM: socket (volte_imsa1) error : Connection refused (111) (module/mdagent/volte_imsm_93/src/os_socket.c:280)
01-10 14:12:11.530808   807   819 D VoLTE IMSM: monitor_wifi_tech: enter (module/mdagent/volte_imsm_93/src/wireless.c:453)
01-10 14:12:11.530907   807   819 D VoLTE IMSM: send CTRL_CMD_GETFAMILY (module/mdagent/volte_imsm_93/src/wireless.c:472)
01-10 14:12:11.531133   807   820 D VoLTE IMSM: sim_id = 0, local sim_id = 0 (module/mdagent/volte_imsm_93/src/imsm_handler.c:5148)
01-10 14:12:11.531161   807   820 D VoLTE IMSM: sim_id = 0 event queue = 0xef91a000 (module/mdagent/volte_imsm_93/src/imsm_handler.c:5153)
01-10 14:12:11.531174   807   820 D VoLTE IMSM: INIT [0][0] (module/mdagent/volte_imsm_93/src/imsm_handler.c:5157)
01-10 14:12:11.531190   807   820 D VoLTE IMSM: INIT [0][1] (module/mdagent/volte_imsm_93/src/imsm_handler.c:5157)
01-10 14:12:11.531202   807   820 D VoLTE IMSM: INIT [0][2] (module/mdagent/volte_imsm_93/src/imsm_handler.c:5157)
01-10 14:12:11.531213   807   820 D VoLTE IMSM: INIT [0][3] (module/mdagent/volte_imsm_93/src/imsm_handler.c:5157)
01-10 14:12:11.531225   807   820 D VoLTE IMSM: INIT [0][4] (module/mdagent/volte_imsm_93/src/imsm_handler.c:5157)
01-10 14:12:11.531235   807   820 D VoLTE IMSM: INIT [0][5] (module/mdagent/volte_imsm_93/src/imsm_handler.c:5157)
01-10 14:12:11.531245   807   820 D VoLTE IMSM: INIT [0][6] (module/mdagent/volte_imsm_93/src/imsm_handler.c:5157)
01-10 14:12:11.531256   807   820 D VoLTE IMSM: INIT [0][7] (module/mdagent/volte_imsm_93/src/imsm_handler.c:5157)
01-10 14:12:11.531267   807   820 D VoLTE IMSM: INIT [0][8] (module/mdagent/volte_imsm_93/src/imsm_handler.c:5157)
01-10 14:12:11.531278   807   820 D VoLTE IMSM: INIT [0][9] (module/mdagent/volte_imsm_93/src/imsm_handler.c:5157)
01-10 14:12:11.531289   807   820 D VoLTE IMSM: INIT [0][10] (module/mdagent/volte_imsm_93/src/imsm_handler.c:5157)
01-10 14:12:11.531301   807   820 D VoLTE IMSM: INIT [0] Dedicated bearer pending (module/mdagent/volte_imsm_93/src/imsm_handler.c:5161)
01-10 14:12:11.531988   563   578 D PQ      : ccorr table index=0
01-10 14:12:11.532190   563   578 D PQTransition: onTransition: TRS: Mode2 (47)
01-10 14:12:11.532379   563   578 D PQTransition: CheckIfFinished: TRS: CheckIfFinished(EN=1)
01-10 14:12:11.532620   563   578 D PQ      : [PQ_SERVICE] setPQParamWithFilter configFlag: 2
01-10 14:12:11.535592   807   821 D VoLTE IMSM: sim_id = 1, local sim_id = 1 (module/mdagent/volte_imsm_93/src/imsm_handler.c:5148)
01-10 14:12:11.535670   807   821 D VoLTE IMSM: sim_id = 1 event queue = 0xef91a5a0 (module/mdagent/volte_imsm_93/src/imsm_handler.c:5153)
01-10 14:12:11.535682   807   821 D VoLTE IMSM: INIT [1][0] (module/mdagent/volte_imsm_93/src/imsm_handler.c:5157)
01-10 14:12:11.535695   807   821 D VoLTE IMSM: INIT [1][1] (module/mdagent/volte_imsm_93/src/imsm_handler.c:5157)
01-10 14:12:11.535707   807   821 D VoLTE IMSM: INIT [1][2] (module/mdagent/volte_imsm_93/src/imsm_handler.c:5157)
01-10 14:12:11.535718   807   821 D VoLTE IMSM: INIT [1][3] (module/mdagent/volte_imsm_93/src/imsm_handler.c:5157)
01-10 14:12:11.535728   807   821 D VoLTE IMSM: INIT [1][4] (module/mdagent/volte_imsm_93/src/imsm_handler.c:5157)
01-10 14:12:11.535739   807   821 D VoLTE IMSM: INIT [1][5] (module/mdagent/volte_imsm_93/src/imsm_handler.c:5157)
01-10 14:12:11.535750   807   821 D VoLTE IMSM: INIT [1][6] (module/mdagent/volte_imsm_93/src/imsm_handler.c:5157)
01-10 14:12:11.535768   807   821 D VoLTE IMSM: INIT [1][7] (module/mdagent/volte_imsm_93/src/imsm_handler.c:5157)
01-10 14:12:11.535779   807   821 D VoLTE IMSM: INIT [1][8] (module/mdagent/volte_imsm_93/src/imsm_handler.c:5157)
01-10 14:12:11.535790   807   821 D VoLTE IMSM: INIT [1][9] (module/mdagent/volte_imsm_93/src/imsm_handler.c:5157)
01-10 14:12:11.535801   807   821 D VoLTE IMSM: INIT [1][10] (module/mdagent/volte_imsm_93/src/imsm_handler.c:5157)
01-10 14:12:11.535815   807   821 D VoLTE IMSM: INIT [1] Dedicated bearer pending (module/mdagent/volte_imsm_93/src/imsm_handler.c:5161)
01-10 14:12:11.535906   807   822 D VoLTE IMSM: sim_id = 2, local sim_id = 2 (module/mdagent/volte_imsm_93/src/imsm_handler.c:5148)
01-10 14:12:11.535923   807   822 D VoLTE IMSM: sim_id = 2 event queue = 0xef91a5c8 (module/mdagent/volte_imsm_93/src/imsm_handler.c:5153)
01-10 14:12:11.535934   807   822 D VoLTE IMSM: INIT [2][0] (module/mdagent/volte_imsm_93/src/imsm_handler.c:5157)
01-10 14:12:11.535945   807   822 D VoLTE IMSM: INIT [2][1] (module/mdagent/volte_imsm_93/src/imsm_handler.c:5157)
01-10 14:12:11.535956   807   822 D VoLTE IMSM: INIT [2][2] (module/mdagent/volte_imsm_93/src/imsm_handler.c:5157)
01-10 14:12:11.535967   807   822 D VoLTE IMSM: INIT [2][3] (module/mdagent/volte_imsm_93/src/imsm_handler.c:5157)
01-10 14:12:11.535976   807   822 D VoLTE IMSM: INIT [2][4] (module/mdagent/volte_imsm_93/src/imsm_handler.c:5157)
01-10 14:12:11.535986   807   822 D VoLTE IMSM: INIT [2][5] (module/mdagent/volte_imsm_93/src/imsm_handler.c:5157)
01-10 14:12:11.535998   807   822 D VoLTE IMSM: INIT [2][6] (module/mdagent/volte_imsm_93/src/imsm_handler.c:5157)
01-10 14:12:11.536009   807   822 D VoLTE IMSM: INIT [2][7] (module/mdagent/volte_imsm_93/src/imsm_handler.c:5157)
01-10 14:12:11.536020   807   822 D VoLTE IMSM: INIT [2][8] (module/mdagent/volte_imsm_93/src/imsm_handler.c:5157)
01-10 14:12:11.536032   807   822 D VoLTE IMSM: INIT [2][9] (module/mdagent/volte_imsm_93/src/imsm_handler.c:5157)
01-10 14:12:11.536043   807   822 D VoLTE IMSM: INIT [2][10] (module/mdagent/volte_imsm_93/src/imsm_handler.c:5157)
01-10 14:12:11.536056   807   822 D VoLTE IMSM: INIT [2] Dedicated bearer pending (module/mdagent/volte_imsm_93/src/imsm_handler.c:5161)
01-10 14:12:11.536111   807   823 D VoLTE IMSM: sim_id = 3, local sim_id = 3 (module/mdagent/volte_imsm_93/src/imsm_handler.c:5148)
01-10 14:12:11.536126   807   823 D VoLTE IMSM: sim_id = 3 event queue = 0xef91a5f0 (module/mdagent/volte_imsm_93/src/imsm_handler.c:5153)
01-10 14:12:11.536138   807   823 D VoLTE IMSM: INIT [3][0] (module/mdagent/volte_imsm_93/src/imsm_handler.c:5157)
01-10 14:12:11.536148   807   823 D VoLTE IMSM: INIT [3][1] (module/mdagent/volte_imsm_93/src/imsm_handler.c:5157)
01-10 14:12:11.536157   807   823 D VoLTE IMSM: INIT [3][2] (module/mdagent/volte_imsm_93/src/imsm_handler.c:5157)
01-10 14:12:11.536169   807   823 D VoLTE IMSM: INIT [3][3] (module/mdagent/volte_imsm_93/src/imsm_handler.c:5157)
01-10 14:12:11.536179   807   823 D VoLTE IMSM: INIT [3][4] (module/mdagent/volte_imsm_93/src/imsm_handler.c:5157)
01-10 14:12:11.536189   807   823 D VoLTE IMSM: INIT [3][5] (module/mdagent/volte_imsm_93/src/imsm_handler.c:5157)
01-10 14:12:11.536200   807   823 D VoLTE IMSM: INIT [3][6] (module/mdagent/volte_imsm_93/src/imsm_handler.c:5157)
01-10 14:12:11.536212   807   823 D VoLTE IMSM: INIT [3][7] (module/mdagent/volte_imsm_93/src/imsm_handler.c:5157)
01-10 14:12:11.536225   807   823 D VoLTE IMSM: INIT [3][8] (module/mdagent/volte_imsm_93/src/imsm_handler.c:5157)
01-10 14:12:11.536236   807   823 D VoLTE IMSM: INIT [3][9] (module/mdagent/volte_imsm_93/src/imsm_handler.c:5157)
01-10 14:12:11.536247   807   823 D VoLTE IMSM: INIT [3][10] (module/mdagent/volte_imsm_93/src/imsm_handler.c:5157)
01-10 14:12:11.536261   807   823 D VoLTE IMSM: INIT [3] Dedicated bearer pending (module/mdagent/volte_imsm_93/src/imsm_handler.c:5161)
01-10 14:12:11.536856   806   806 D EMDLOGGER1: dllopen /system/lib64/libsysenv_system.so ok
01-10 14:12:11.537018   806   806 D         : [SYSENV]sysenv_get_with_area():429 , get env name=md1_ccb_cap_gear
01-10 14:12:11.537034   806   806 D         : [SYSENV]get_env_info():311 , initialize
